[2026-03-25T22:14:32.363+0900][0.005s][info][gc] Using G1
[2026-03-25T22:14:32.364+0900][0.006s][info][gc,init] Version: 17.0.16+0 (release)
[2026-03-25T22:14:32.364+0900][0.006s][info][gc,init] CPUs: 12 total, 12 available
[2026-03-25T22:14:32.364+0900][0.006s][info][gc,init] Memory: 24576M
[2026-03-25T22:14:32.364+0900][0.006s][info][gc,init] Large Page Support: Disabled
[2026-03-25T22:14:32.364+0900][0.006s][info][gc,init] NUMA Support: Disabled
[2026-03-25T22:14:32.364+0900][0.006s][info][gc,init] Compressed Oops: Enabled (Zero based)
[2026-03-25T22:14:32.364+0900][0.006s][info][gc,init] Heap Region Size: 8M
[2026-03-25T22:14:32.364+0900][0.006s][info][gc,init] Heap Min Capacity: 1G
[2026-03-25T22:14:32.364+0900][0.006s][info][gc,init] Heap Initial Capacity: 1G
[2026-03-25T22:14:32.364+0900][0.006s][info][gc,init] Heap Max Capacity: 2G
[2026-03-25T22:14:32.364+0900][0.006s][info][gc,init] Pre-touch: Disabled
[2026-03-25T22:14:32.364+0900][0.006s][info][gc,init] Parallel Workers: 8
[2026-03-25T22:14:32.364+0900][0.006s][info][gc,init] Concurrent Workers: 4
[2026-03-25T22:14:32.364+0900][0.006s][info][gc,init] Concurrent Refinement Workers: 8
[2026-03-25T22:14:32.364+0900][0.006s][info][gc,init] Periodic GC: Disabled
[2026-03-25T22:14:32.366+0900][0.008s][info][gc,metaspace] CDS archive(s) mapped at: [0x0000000300000000-0x0000000300bc0000-0x0000000300bc0000), size 12320768, SharedBaseAddress: 0x0000000300000000, ArchiveRelocationMode: 1.
[2026-03-25T22:14:32.366+0900][0.008s][info][gc,metaspace] Compressed class space mapped at: 0x0000000301000000-0x000000030e000000, reserved size: 218103808
[2026-03-25T22:14:32.366+0900][0.008s][info][gc,metaspace] Narrow klass base: 0x0000000300000000, Narrow klass shift: 0, Narrow klass range: 0x100000000
[2026-03-25T22:14:32.639+0900][0.281s][info][gc,start    ] GC(0) Pause Young (Normal) (G1 Evacuation Pause)
[2026-03-25T22:14:32.639+0900][0.281s][info][gc,task     ] GC(0) Using 8 workers of 8 for evacuation
[2026-03-25T22:14:32.641+0900][0.283s][info][gc,phases   ] GC(0)   Pre Evacuate Collection Set: 0.0ms
[2026-03-25T22:14:32.641+0900][0.283s][info][gc,phases   ] GC(0)   Merge Heap Roots: 0.0ms
[2026-03-25T22:14:32.641+0900][0.283s][info][gc,phases   ] GC(0)   Evacuate Collection Set: 1.8ms
[2026-03-25T22:14:32.641+0900][0.283s][info][gc,phases   ] GC(0)   Post Evacuate Collection Set: 0.2ms
[2026-03-25T22:14:32.641+0900][0.283s][info][gc,phases   ] GC(0)   Other: 0.3ms
[2026-03-25T22:14:32.641+0900][0.283s][info][gc,heap     ] GC(0) Eden regions: 6->0(5)
[2026-03-25T22:14:32.641+0900][0.283s][info][gc,heap     ] GC(0) Survivor regions: 0->1(1)
[2026-03-25T22:14:32.641+0900][0.283s][info][gc,heap     ] GC(0) Old regions: 0->1
[2026-03-25T22:14:32.641+0900][0.283s][info][gc,heap     ] GC(0) Archive regions: 2->2
[2026-03-25T22:14:32.641+0900][0.283s][info][gc,heap     ] GC(0) Humongous regions: 0->0
[2026-03-25T22:14:32.642+0900][0.283s][info][gc,metaspace] GC(0) Metaspace: 10732K(11008K)->10732K(11008K) NonClass: 9251K(9408K)->9251K(9408K) Class: 1480K(1600K)->1480K(1600K)
[2026-03-25T22:14:32.642+0900][0.283s][info][gc          ] GC(0) Pause Young (Normal) (G1 Evacuation Pause) 55M->18M(1040M) 2.387ms
[2026-03-25T22:14:32.642+0900][0.283s][info][gc,cpu      ] GC(0) User=0.01s Sys=0.00s Real=0.01s
[2026-03-25T22:14:32.757+0900][0.399s][info][gc,start    ] GC(1) Pause Young (Normal) (G1 Evacuation Pause)
[2026-03-25T22:14:32.757+0900][0.399s][info][gc,task     ] GC(1) Using 8 workers of 8 for evacuation
[2026-03-25T22:14:32.759+0900][0.401s][info][gc,phases   ] GC(1)   Pre Evacuate Collection Set: 0.0ms
[2026-03-25T22:14:32.759+0900][0.401s][info][gc,phases   ] GC(1)   Merge Heap Roots: 0.0ms
[2026-03-25T22:14:32.759+0900][0.401s][info][gc,phases   ] GC(1)   Evacuate Collection Set: 1.5ms
[2026-03-25T22:14:32.759+0900][0.401s][info][gc,phases   ] GC(1)   Post Evacuate Collection Set: 0.2ms
[2026-03-25T22:14:32.759+0900][0.401s][info][gc,phases   ] GC(1)   Other: 0.1ms
[2026-03-25T22:14:32.759+0900][0.401s][info][gc,heap     ] GC(1) Eden regions: 5->0(5)
[2026-03-25T22:14:32.759+0900][0.401s][info][gc,heap     ] GC(1) Survivor regions: 1->1(1)
[2026-03-25T22:14:32.759+0900][0.401s][info][gc,heap     ] GC(1) Old regions: 1->2
[2026-03-25T22:14:32.759+0900][0.401s][info][gc,heap     ] GC(1) Archive regions: 2->2
[2026-03-25T22:14:32.759+0900][0.401s][info][gc,heap     ] GC(1) Humongous regions: 0->0
[2026-03-25T22:14:32.759+0900][0.401s][info][gc,metaspace] GC(1) Metaspace: 18863K(19136K)->18863K(19136K) NonClass: 16277K(16448K)->16277K(16448K) Class: 2586K(2688K)->2586K(2688K)
[2026-03-25T22:14:32.759+0900][0.401s][info][gc          ] GC(1) Pause Young (Normal) (G1 Evacuation Pause) 58M->22M(1040M) 1.974ms
[2026-03-25T22:14:32.759+0900][0.401s][info][gc,cpu      ] GC(1) User=0.01s Sys=0.00s Real=0.00s
[2026-03-25T22:14:32.907+0900][0.549s][info][gc,start    ] GC(2) Pause Young (Normal) (G1 Evacuation Pause)
[2026-03-25T22:14:32.907+0900][0.549s][info][gc,task     ] GC(2) Using 8 workers of 8 for evacuation
[2026-03-25T22:14:32.908+0900][0.550s][info][gc,phases   ] GC(2)   Pre Evacuate Collection Set: 0.1ms
[2026-03-25T22:14:32.908+0900][0.550s][info][gc,phases   ] GC(2)   Merge Heap Roots: 0.0ms
[2026-03-25T22:14:32.908+0900][0.550s][info][gc,phases   ] GC(2)   Evacuate Collection Set: 1.1ms
[2026-03-25T22:14:32.908+0900][0.550s][info][gc,phases   ] GC(2)   Post Evacuate Collection Set: 0.2ms
[2026-03-25T22:14:32.908+0900][0.550s][info][gc,phases   ] GC(2)   Other: 0.1ms
[2026-03-25T22:14:32.908+0900][0.550s][info][gc,heap     ] GC(2) Eden regions: 5->0(5)
[2026-03-25T22:14:32.908+0900][0.550s][info][gc,heap     ] GC(2) Survivor regions: 1->1(1)
[2026-03-25T22:14:32.908+0900][0.550s][info][gc,heap     ] GC(2) Old regions: 2->2
[2026-03-25T22:14:32.908+0900][0.550s][info][gc,heap     ] GC(2) Archive regions: 2->2
[2026-03-25T22:14:32.908+0900][0.550s][info][gc,heap     ] GC(2) Humongous regions: 0->0
[2026-03-25T22:14:32.908+0900][0.550s][info][gc,metaspace] GC(2) Metaspace: 22179K(22464K)->22179K(22464K) NonClass: 19169K(19328K)->19169K(19328K) Class: 3010K(3136K)->3010K(3136K)
[2026-03-25T22:14:32.908+0900][0.550s][info][gc          ] GC(2) Pause Young (Normal) (G1 Evacuation Pause) 62M->26M(1040M) 1.434ms
[2026-03-25T22:14:32.908+0900][0.550s][info][gc,cpu      ] GC(2) User=0.01s Sys=0.00s Real=0.00s
[2026-03-25T22:14:33.078+0900][0.720s][info][gc,start    ] GC(3) Pause Young (Normal) (G1 Evacuation Pause)
[2026-03-25T22:14:33.078+0900][0.720s][info][gc,task     ] GC(3) Using 8 workers of 8 for evacuation
[2026-03-25T22:14:33.083+0900][0.725s][info][gc,phases   ] GC(3)   Pre Evacuate Collection Set: 0.3ms
[2026-03-25T22:14:33.083+0900][0.725s][info][gc,phases   ] GC(3)   Merge Heap Roots: 0.1ms
[2026-03-25T22:14:33.083+0900][0.725s][info][gc,phases   ] GC(3)   Evacuate Collection Set: 4.2ms
[2026-03-25T22:14:33.083+0900][0.725s][info][gc,phases   ] GC(3)   Post Evacuate Collection Set: 0.6ms
[2026-03-25T22:14:33.083+0900][0.725s][info][gc,phases   ] GC(3)   Other: 0.1ms
[2026-03-25T22:14:33.083+0900][0.725s][info][gc,heap     ] GC(3) Eden regions: 5->0(8)
[2026-03-25T22:14:33.083+0900][0.725s][info][gc,heap     ] GC(3) Survivor regions: 1->1(1)
[2026-03-25T22:14:33.083+0900][0.725s][info][gc,heap     ] GC(3) Old regions: 2->2
[2026-03-25T22:14:33.083+0900][0.725s][info][gc,heap     ] GC(3) Archive regions: 2->2
[2026-03-25T22:14:33.083+0900][0.725s][info][gc,heap     ] GC(3) Humongous regions: 0->0
[2026-03-25T22:14:33.083+0900][0.725s][info][gc,metaspace] GC(3) Metaspace: 25100K(25408K)->25100K(25408K) NonClass: 21662K(21824K)->21662K(21824K) Class: 3437K(3584K)->3437K(3584K)
[2026-03-25T22:14:33.083+0900][0.725s][info][gc          ] GC(3) Pause Young (Normal) (G1 Evacuation Pause) 66M->27M(1040M) 5.323ms
[2026-03-25T22:14:33.083+0900][0.725s][info][gc,cpu      ] GC(3) User=0.01s Sys=0.00s Real=0.01s
[2026-03-25T22:14:33.375+0900][1.016s][info][gc,start    ] GC(4) Pause Young (Normal) (G1 Evacuation Pause)
[2026-03-25T22:14:33.375+0900][1.016s][info][gc,task     ] GC(4) Using 8 workers of 8 for evacuation
[2026-03-25T22:14:33.377+0900][1.018s][info][gc,phases   ] GC(4)   Pre Evacuate Collection Set: 0.0ms
[2026-03-25T22:14:33.377+0900][1.018s][info][gc,phases   ] GC(4)   Merge Heap Roots: 0.0ms
[2026-03-25T22:14:33.377+0900][1.018s][info][gc,phases   ] GC(4)   Evacuate Collection Set: 1.7ms
[2026-03-25T22:14:33.377+0900][1.018s][info][gc,phases   ] GC(4)   Post Evacuate Collection Set: 0.2ms
[2026-03-25T22:14:33.377+0900][1.019s][info][gc,phases   ] GC(4)   Other: 0.1ms
[2026-03-25T22:14:33.377+0900][1.019s][info][gc,heap     ] GC(4) Eden regions: 8->0(25)
[2026-03-25T22:14:33.377+0900][1.019s][info][gc,heap     ] GC(4) Survivor regions: 1->2(2)
[2026-03-25T22:14:33.377+0900][1.019s][info][gc,heap     ] GC(4) Old regions: 2->2
[2026-03-25T22:14:33.377+0900][1.019s][info][gc,heap     ] GC(4) Archive regions: 2->2
[2026-03-25T22:14:33.377+0900][1.019s][info][gc,heap     ] GC(4) Humongous regions: 0->0
[2026-03-25T22:14:33.377+0900][1.019s][info][gc,metaspace] GC(4) Metaspace: 30657K(31104K)->30657K(31104K) NonClass: 26292K(26496K)->26292K(26496K) Class: 4365K(4608K)->4365K(4608K)
[2026-03-25T22:14:33.377+0900][1.019s][info][gc          ] GC(4) Pause Young (Normal) (G1 Evacuation Pause) 91M->31M(1040M) 2.111ms
[2026-03-25T22:14:33.377+0900][1.019s][info][gc,cpu      ] GC(4) User=0.01s Sys=0.00s Real=0.00s
[2026-03-25T22:14:33.945+0900][1.587s][info][gc,start    ] GC(5) Pause Young (Normal) (G1 Evacuation Pause)
[2026-03-25T22:14:33.945+0900][1.587s][info][gc,task     ] GC(5) Using 8 workers of 8 for evacuation
[2026-03-25T22:14:33.949+0900][1.591s][info][gc,phases   ] GC(5)   Pre Evacuate Collection Set: 0.1ms
[2026-03-25T22:14:33.949+0900][1.591s][info][gc,phases   ] GC(5)   Merge Heap Roots: 0.0ms
[2026-03-25T22:14:33.949+0900][1.591s][info][gc,phases   ] GC(5)   Evacuate Collection Set: 3.8ms
[2026-03-25T22:14:33.949+0900][1.591s][info][gc,phases   ] GC(5)   Post Evacuate Collection Set: 0.5ms
[2026-03-25T22:14:33.949+0900][1.591s][info][gc,phases   ] GC(5)   Other: 0.1ms
[2026-03-25T22:14:33.949+0900][1.591s][info][gc,heap     ] GC(5) Eden regions: 25->0(29)
[2026-03-25T22:14:33.949+0900][1.591s][info][gc,heap     ] GC(5) Survivor regions: 2->3(4)
[2026-03-25T22:14:33.949+0900][1.591s][info][gc,heap     ] GC(5) Old regions: 2->2
[2026-03-25T22:14:33.949+0900][1.591s][info][gc,heap     ] GC(5) Archive regions: 2->2
[2026-03-25T22:14:33.949+0900][1.591s][info][gc,heap     ] GC(5) Humongous regions: 0->0
[2026-03-25T22:14:33.949+0900][1.591s][info][gc,metaspace] GC(5) Metaspace: 44041K(44480K)->44041K(44480K) NonClass: 37735K(37952K)->37735K(37952K) Class: 6306K(6528K)->6306K(6528K)
[2026-03-25T22:14:33.949+0900][1.591s][info][gc          ] GC(5) Pause Young (Normal) (G1 Evacuation Pause) 231M->38M(1040M) 4.465ms
[2026-03-25T22:14:33.949+0900][1.591s][info][gc,cpu      ] GC(5) User=0.02s Sys=0.01s Real=0.00s
[2026-03-25T22:14:34.695+0900][2.337s][info][gc,start    ] GC(6) Pause Young (Normal) (G1 Evacuation Pause)
[2026-03-25T22:14:34.695+0900][2.337s][info][gc,task     ] GC(6) Using 8 workers of 8 for evacuation
[2026-03-25T22:14:34.701+0900][2.343s][info][gc,phases   ] GC(6)   Pre Evacuate Collection Set: 0.1ms
[2026-03-25T22:14:34.701+0900][2.343s][info][gc,phases   ] GC(6)   Merge Heap Roots: 0.0ms
[2026-03-25T22:14:34.701+0900][2.343s][info][gc,phases   ] GC(6)   Evacuate Collection Set: 5.4ms
[2026-03-25T22:14:34.701+0900][2.343s][info][gc,phases   ] GC(6)   Post Evacuate Collection Set: 0.5ms
[2026-03-25T22:14:34.701+0900][2.343s][info][gc,phases   ] GC(6)   Other: 0.1ms
[2026-03-25T22:14:34.701+0900][2.343s][info][gc,heap     ] GC(6) Eden regions: 29->0(37)
[2026-03-25T22:14:34.701+0900][2.343s][info][gc,heap     ] GC(6) Survivor regions: 3->3(4)
[2026-03-25T22:14:34.701+0900][2.343s][info][gc,heap     ] GC(6) Old regions: 2->3
[2026-03-25T22:14:34.701+0900][2.343s][info][gc,heap     ] GC(6) Archive regions: 2->2
[2026-03-25T22:14:34.701+0900][2.343s][info][gc,heap     ] GC(6) Humongous regions: 0->0
[2026-03-25T22:14:34.701+0900][2.343s][info][gc,metaspace] GC(6) Metaspace: 73027K(73600K)->73027K(73600K) NonClass: 62468K(62784K)->62468K(62784K) Class: 10558K(10816K)->10558K(10816K)
[2026-03-25T22:14:34.701+0900][2.343s][info][gc          ] GC(6) Pause Young (Normal) (G1 Evacuation Pause) 270M->48M(1040M) 6.175ms
[2026-03-25T22:14:34.701+0900][2.343s][info][gc,cpu      ] GC(6) User=0.03s Sys=0.00s Real=0.01s
[2026-03-25T22:14:35.210+0900][2.852s][info][gc,start    ] GC(7) Pause Young (Normal) (G1 Evacuation Pause)
[2026-03-25T22:14:35.210+0900][2.852s][info][gc,task     ] GC(7) Using 8 workers of 8 for evacuation
[2026-03-25T22:14:35.216+0900][2.858s][info][gc,phases   ] GC(7)   Pre Evacuate Collection Set: 0.0ms
[2026-03-25T22:14:35.217+0900][2.858s][info][gc,phases   ] GC(7)   Merge Heap Roots: 0.1ms
[2026-03-25T22:14:35.217+0900][2.858s][info][gc,phases   ] GC(7)   Evacuate Collection Set: 5.8ms
[2026-03-25T22:14:35.217+0900][2.858s][info][gc,phases   ] GC(7)   Post Evacuate Collection Set: 0.6ms
[2026-03-25T22:14:35.217+0900][2.858s][info][gc,phases   ] GC(7)   Other: 0.1ms
[2026-03-25T22:14:35.217+0900][2.858s][info][gc,heap     ] GC(7) Eden regions: 36->0(72)
[2026-03-25T22:14:35.217+0900][2.858s][info][gc,heap     ] GC(7) Survivor regions: 3->4(5)
[2026-03-25T22:14:35.217+0900][2.858s][info][gc,heap     ] GC(7) Old regions: 3->3
[2026-03-25T22:14:35.217+0900][2.858s][info][gc,heap     ] GC(7) Archive regions: 2->2
[2026-03-25T22:14:35.217+0900][2.858s][info][gc,heap     ] GC(7) Humongous regions: 0->0
[2026-03-25T22:14:35.217+0900][2.858s][info][gc,metaspace] GC(7) Metaspace: 78336K(78976K)->78336K(78976K) NonClass: 66955K(67264K)->66955K(67264K) Class: 11380K(11712K)->11380K(11712K)
[2026-03-25T22:14:35.217+0900][2.858s][info][gc          ] GC(7) Pause Young (Normal) (G1 Evacuation Pause) 336M->56M(1040M) 6.640ms
[2026-03-25T22:14:35.217+0900][2.858s][info][gc,cpu      ] GC(7) User=0.04s Sys=0.00s Real=0.00s
[2026-03-25T22:14:52.126+0900][19.768s][info][gc,start    ] GC(8) Pause Young (Normal) (G1 Evacuation Pause)
[2026-03-25T22:14:52.126+0900][19.768s][info][gc,task     ] GC(8) Using 8 workers of 8 for evacuation
[2026-03-25T22:14:52.138+0900][19.780s][info][gc,phases   ] GC(8)   Pre Evacuate Collection Set: 0.1ms
[2026-03-25T22:14:52.138+0900][19.780s][info][gc,phases   ] GC(8)   Merge Heap Roots: 0.1ms
[2026-03-25T22:14:52.138+0900][19.780s][info][gc,phases   ] GC(8)   Evacuate Collection Set: 10.9ms
[2026-03-25T22:14:52.138+0900][19.780s][info][gc,phases   ] GC(8)   Post Evacuate Collection Set: 1.0ms
[2026-03-25T22:14:52.138+0900][19.780s][info][gc,phases   ] GC(8)   Other: 0.2ms
[2026-03-25T22:14:52.138+0900][19.780s][info][gc,heap     ] GC(8) Eden regions: 72->0(71)
[2026-03-25T22:14:52.138+0900][19.780s][info][gc,heap     ] GC(8) Survivor regions: 4->5(10)
[2026-03-25T22:14:52.138+0900][19.780s][info][gc,heap     ] GC(8) Old regions: 3->3
[2026-03-25T22:14:52.138+0900][19.780s][info][gc,heap     ] GC(8) Archive regions: 2->2
[2026-03-25T22:14:52.138+0900][19.780s][info][gc,heap     ] GC(8) Humongous regions: 1->1
[2026-03-25T22:14:52.138+0900][19.780s][info][gc,metaspace] GC(8) Metaspace: 102539K(103296K)->102539K(103296K) NonClass: 87667K(88064K)->87667K(88064K) Class: 14871K(15232K)->14871K(15232K)
[2026-03-25T22:14:52.138+0900][19.780s][info][gc          ] GC(8) Pause Young (Normal) (G1 Evacuation Pause) 640M->68M(1040M) 12.391ms
[2026-03-25T22:14:52.138+0900][19.780s][info][gc,cpu      ] GC(8) User=0.05s Sys=0.04s Real=0.01s
[2026-03-25T22:15:16.822+0900][44.464s][info][gc,start    ] GC(9) Pause Young (Normal) (G1 Evacuation Pause)
[2026-03-25T22:15:16.822+0900][44.464s][info][gc,task     ] GC(9) Using 8 workers of 8 for evacuation
[2026-03-25T22:15:16.828+0900][44.470s][info][gc,phases   ] GC(9)   Pre Evacuate Collection Set: 0.1ms
[2026-03-25T22:15:16.828+0900][44.470s][info][gc,phases   ] GC(9)   Merge Heap Roots: 0.1ms
[2026-03-25T22:15:16.828+0900][44.470s][info][gc,phases   ] GC(9)   Evacuate Collection Set: 5.2ms
[2026-03-25T22:15:16.828+0900][44.470s][info][gc,phases   ] GC(9)   Post Evacuate Collection Set: 0.6ms
[2026-03-25T22:15:16.828+0900][44.470s][info][gc,phases   ] GC(9)   Other: 0.1ms
[2026-03-25T22:15:16.828+0900][44.470s][info][gc,heap     ] GC(9) Eden regions: 71->0(71)
[2026-03-25T22:15:16.828+0900][44.470s][info][gc,heap     ] GC(9) Survivor regions: 5->5(10)
[2026-03-25T22:15:16.828+0900][44.470s][info][gc,heap     ] GC(9) Old regions: 3->3
[2026-03-25T22:15:16.828+0900][44.470s][info][gc,heap     ] GC(9) Archive regions: 2->2
[2026-03-25T22:15:16.828+0900][44.470s][info][gc,heap     ] GC(9) Humongous regions: 9->9
[2026-03-25T22:15:16.828+0900][44.470s][info][gc,metaspace] GC(9) Metaspace: 103404K(104320K)->103404K(104320K) NonClass: 88384K(88896K)->88384K(88896K) Class: 15020K(15424K)->15020K(15424K)
[2026-03-25T22:15:16.828+0900][44.470s][info][gc          ] GC(9) Pause Young (Normal) (G1 Evacuation Pause) 700M->136M(1040M) 6.079ms
[2026-03-25T22:15:16.828+0900][44.470s][info][gc,cpu      ] GC(9) User=0.04s Sys=0.00s Real=0.00s
[2026-03-25T22:15:29.911+0900][57.552s][info][gc,start    ] GC(10) Pause Young (Normal) (G1 Evacuation Pause)
[2026-03-25T22:15:29.911+0900][57.552s][info][gc,task     ] GC(10) Using 8 workers of 8 for evacuation
[2026-03-25T22:15:29.917+0900][57.559s][info][gc,phases   ] GC(10)   Pre Evacuate Collection Set: 0.0ms
[2026-03-25T22:15:29.917+0900][57.559s][info][gc,phases   ] GC(10)   Merge Heap Roots: 0.0ms
[2026-03-25T22:15:29.917+0900][57.559s][info][gc,phases   ] GC(10)   Evacuate Collection Set: 5.3ms
[2026-03-25T22:15:29.917+0900][57.559s][info][gc,phases   ] GC(10)   Post Evacuate Collection Set: 0.8ms
[2026-03-25T22:15:29.917+0900][57.559s][info][gc,phases   ] GC(10)   Other: 0.1ms
[2026-03-25T22:15:29.917+0900][57.559s][info][gc,heap     ] GC(10) Eden regions: 71->0(71)
[2026-03-25T22:15:29.917+0900][57.559s][info][gc,heap     ] GC(10) Survivor regions: 5->5(10)
[2026-03-25T22:15:29.917+0900][57.559s][info][gc,heap     ] GC(10) Old regions: 3->3
[2026-03-25T22:15:29.917+0900][57.559s][info][gc,heap     ] GC(10) Archive regions: 2->2
[2026-03-25T22:15:29.917+0900][57.559s][info][gc,heap     ] GC(10) Humongous regions: 10->10
[2026-03-25T22:15:29.917+0900][57.559s][info][gc,metaspace] GC(10) Metaspace: 103473K(104384K)->103473K(104384K) NonClass: 88441K(88896K)->88441K(88896K) Class: 15031K(15488K)->15031K(15488K)
[2026-03-25T22:15:29.917+0900][57.559s][info][gc          ] GC(10) Pause Young (Normal) (G1 Evacuation Pause) 712M->144M(1040M) 6.351ms
[2026-03-25T22:15:29.917+0900][57.559s][info][gc,cpu      ] GC(10) User=0.04s Sys=0.01s Real=0.00s
[2026-03-25T22:15:40.222+0900][67.863s][info][gc,start    ] GC(11) Pause Young (Normal) (G1 Evacuation Pause)
[2026-03-25T22:15:40.222+0900][67.863s][info][gc,task     ] GC(11) Using 8 workers of 8 for evacuation
[2026-03-25T22:15:40.227+0900][67.869s][info][gc,phases   ] GC(11)   Pre Evacuate Collection Set: 0.1ms
[2026-03-25T22:15:40.227+0900][67.869s][info][gc,phases   ] GC(11)   Merge Heap Roots: 0.1ms
[2026-03-25T22:15:40.227+0900][67.869s][info][gc,phases   ] GC(11)   Evacuate Collection Set: 4.6ms
[2026-03-25T22:15:40.227+0900][67.869s][info][gc,phases   ] GC(11)   Post Evacuate Collection Set: 0.8ms
[2026-03-25T22:15:40.227+0900][67.869s][info][gc,phases   ] GC(11)   Other: 0.1ms
[2026-03-25T22:15:40.227+0900][67.869s][info][gc,heap     ] GC(11) Eden regions: 71->0(71)
[2026-03-25T22:15:40.227+0900][67.869s][info][gc,heap     ] GC(11) Survivor regions: 5->5(10)
[2026-03-25T22:15:40.227+0900][67.869s][info][gc,heap     ] GC(11) Old regions: 3->3
[2026-03-25T22:15:40.227+0900][67.869s][info][gc,heap     ] GC(11) Archive regions: 2->2
[2026-03-25T22:15:40.227+0900][67.869s][info][gc,heap     ] GC(11) Humongous regions: 11->11
[2026-03-25T22:15:40.227+0900][67.869s][info][gc,metaspace] GC(11) Metaspace: 103473K(104384K)->103473K(104384K) NonClass: 88441K(88896K)->88441K(88896K) Class: 15032K(15488K)->15032K(15488K)
[2026-03-25T22:15:40.227+0900][67.869s][info][gc          ] GC(11) Pause Young (Normal) (G1 Evacuation Pause) 720M->153M(1040M) 5.763ms
[2026-03-25T22:15:40.227+0900][67.869s][info][gc,cpu      ] GC(11) User=0.04s Sys=0.00s Real=0.00s
[2026-03-25T22:15:48.938+0900][76.580s][info][gc,start    ] GC(12) Pause Young (Normal) (G1 Evacuation Pause)
[2026-03-25T22:15:48.938+0900][76.580s][info][gc,task     ] GC(12) Using 8 workers of 8 for evacuation
[2026-03-25T22:15:48.944+0900][76.586s][info][gc,phases   ] GC(12)   Pre Evacuate Collection Set: 0.1ms
[2026-03-25T22:15:48.944+0900][76.586s][info][gc,phases   ] GC(12)   Merge Heap Roots: 0.1ms
[2026-03-25T22:15:48.944+0900][76.586s][info][gc,phases   ] GC(12)   Evacuate Collection Set: 5.0ms
[2026-03-25T22:15:48.944+0900][76.586s][info][gc,phases   ] GC(12)   Post Evacuate Collection Set: 0.8ms
[2026-03-25T22:15:48.944+0900][76.586s][info][gc,phases   ] GC(12)   Other: 0.1ms
[2026-03-25T22:15:48.944+0900][76.586s][info][gc,heap     ] GC(12) Eden regions: 71->0(71)
[2026-03-25T22:15:48.944+0900][76.586s][info][gc,heap     ] GC(12) Survivor regions: 5->5(10)
[2026-03-25T22:15:48.944+0900][76.586s][info][gc,heap     ] GC(12) Old regions: 3->3
[2026-03-25T22:15:48.944+0900][76.586s][info][gc,heap     ] GC(12) Archive regions: 2->2
[2026-03-25T22:15:48.944+0900][76.586s][info][gc,heap     ] GC(12) Humongous regions: 12->12
[2026-03-25T22:15:48.944+0900][76.586s][info][gc,metaspace] GC(12) Metaspace: 103476K(104384K)->103476K(104384K) NonClass: 88444K(88896K)->88444K(88896K) Class: 15032K(15488K)->15032K(15488K)
[2026-03-25T22:15:48.944+0900][76.586s][info][gc          ] GC(12) Pause Young (Normal) (G1 Evacuation Pause) 729M->161M(1040M) 6.065ms
[2026-03-25T22:15:48.944+0900][76.586s][info][gc,cpu      ] GC(12) User=0.04s Sys=0.00s Real=0.01s
[2026-03-25T22:15:56.827+0900][84.468s][info][gc,start    ] GC(13) Pause Young (Normal) (G1 Evacuation Pause)
[2026-03-25T22:15:56.827+0900][84.468s][info][gc,task     ] GC(13) Using 8 workers of 8 for evacuation
[2026-03-25T22:15:56.833+0900][84.474s][info][gc,phases   ] GC(13)   Pre Evacuate Collection Set: 0.1ms
[2026-03-25T22:15:56.833+0900][84.474s][info][gc,phases   ] GC(13)   Merge Heap Roots: 0.0ms
[2026-03-25T22:15:56.833+0900][84.474s][info][gc,phases   ] GC(13)   Evacuate Collection Set: 5.0ms
[2026-03-25T22:15:56.833+0900][84.474s][info][gc,phases   ] GC(13)   Post Evacuate Collection Set: 0.7ms
[2026-03-25T22:15:56.833+0900][84.474s][info][gc,phases   ] GC(13)   Other: 0.1ms
[2026-03-25T22:15:56.833+0900][84.474s][info][gc,heap     ] GC(13) Eden regions: 71->0(71)
[2026-03-25T22:15:56.833+0900][84.474s][info][gc,heap     ] GC(13) Survivor regions: 5->5(10)
[2026-03-25T22:15:56.833+0900][84.474s][info][gc,heap     ] GC(13) Old regions: 3->3
[2026-03-25T22:15:56.833+0900][84.474s][info][gc,heap     ] GC(13) Archive regions: 2->2
[2026-03-25T22:15:56.833+0900][84.474s][info][gc,heap     ] GC(13) Humongous regions: 12->12
[2026-03-25T22:15:56.833+0900][84.474s][info][gc,metaspace] GC(13) Metaspace: 103477K(104384K)->103477K(104384K) NonClass: 88444K(88896K)->88444K(88896K) Class: 15032K(15488K)->15032K(15488K)
[2026-03-25T22:15:56.833+0900][84.474s][info][gc          ] GC(13) Pause Young (Normal) (G1 Evacuation Pause) 729M->162M(1040M) 6.040ms
[2026-03-25T22:15:56.833+0900][84.474s][info][gc,cpu      ] GC(13) User=0.04s Sys=0.00s Real=0.01s
[2026-03-25T22:16:04.014+0900][91.655s][info][gc,start    ] GC(14) Pause Young (Normal) (G1 Evacuation Pause)
[2026-03-25T22:16:04.015+0900][91.656s][info][gc,task     ] GC(14) Using 8 workers of 8 for evacuation
[2026-03-25T22:16:04.021+0900][91.662s][info][gc,phases   ] GC(14)   Pre Evacuate Collection Set: 0.1ms
[2026-03-25T22:16:04.021+0900][91.662s][info][gc,phases   ] GC(14)   Merge Heap Roots: 0.0ms
[2026-03-25T22:16:04.021+0900][91.662s][info][gc,phases   ] GC(14)   Evacuate Collection Set: 5.3ms
[2026-03-25T22:16:04.021+0900][91.662s][info][gc,phases   ] GC(14)   Post Evacuate Collection Set: 0.7ms
[2026-03-25T22:16:04.021+0900][91.662s][info][gc,phases   ] GC(14)   Other: 1.0ms
[2026-03-25T22:16:04.021+0900][91.662s][info][gc,heap     ] GC(14) Eden regions: 71->0(70)
[2026-03-25T22:16:04.021+0900][91.662s][info][gc,heap     ] GC(14) Survivor regions: 5->6(10)
[2026-03-25T22:16:04.021+0900][91.662s][info][gc,heap     ] GC(14) Old regions: 3->3
[2026-03-25T22:16:04.021+0900][91.662s][info][gc,heap     ] GC(14) Archive regions: 2->2
[2026-03-25T22:16:04.021+0900][91.662s][info][gc,heap     ] GC(14) Humongous regions: 12->12
[2026-03-25T22:16:04.021+0900][91.662s][info][gc,metaspace] GC(14) Metaspace: 103477K(104384K)->103477K(104384K) NonClass: 88444K(88896K)->88444K(88896K) Class: 15032K(15488K)->15032K(15488K)
[2026-03-25T22:16:04.021+0900][91.662s][info][gc          ] GC(14) Pause Young (Normal) (G1 Evacuation Pause) 730M->163M(1040M) 7.163ms
[2026-03-25T22:16:04.021+0900][91.662s][info][gc,cpu      ] GC(14) User=0.04s Sys=0.00s Real=0.01s
[2026-03-25T22:16:10.283+0900][97.925s][info][gc,start    ] GC(15) Pause Young (Normal) (G1 Evacuation Pause)
[2026-03-25T22:16:10.284+0900][97.925s][info][gc,task     ] GC(15) Using 8 workers of 8 for evacuation
[2026-03-25T22:16:10.290+0900][97.931s][info][gc,phases   ] GC(15)   Pre Evacuate Collection Set: 0.0ms
[2026-03-25T22:16:10.290+0900][97.931s][info][gc,phases   ] GC(15)   Merge Heap Roots: 0.0ms
[2026-03-25T22:16:10.290+0900][97.931s][info][gc,phases   ] GC(15)   Evacuate Collection Set: 5.3ms
[2026-03-25T22:16:10.290+0900][97.931s][info][gc,phases   ] GC(15)   Post Evacuate Collection Set: 0.9ms
[2026-03-25T22:16:10.290+0900][97.931s][info][gc,phases   ] GC(15)   Other: 0.1ms
[2026-03-25T22:16:10.290+0900][97.931s][info][gc,heap     ] GC(15) Eden regions: 70->0(71)
[2026-03-25T22:16:10.290+0900][97.931s][info][gc,heap     ] GC(15) Survivor regions: 6->5(10)
[2026-03-25T22:16:10.290+0900][97.931s][info][gc,heap     ] GC(15) Old regions: 3->3
[2026-03-25T22:16:10.290+0900][97.931s][info][gc,heap     ] GC(15) Archive regions: 2->2
[2026-03-25T22:16:10.290+0900][97.931s][info][gc,heap     ] GC(15) Humongous regions: 12->12
[2026-03-25T22:16:10.290+0900][97.931s][info][gc,metaspace] GC(15) Metaspace: 103477K(104384K)->103477K(104384K) NonClass: 88444K(88896K)->88444K(88896K) Class: 15032K(15488K)->15032K(15488K)
[2026-03-25T22:16:10.290+0900][97.931s][info][gc          ] GC(15) Pause Young (Normal) (G1 Evacuation Pause) 723M->162M(1040M) 6.438ms
[2026-03-25T22:16:10.290+0900][97.931s][info][gc,cpu      ] GC(15) User=0.04s Sys=0.00s Real=0.01s
[2026-03-25T22:16:16.259+0900][103.900s][info][gc,start    ] GC(16) Pause Young (Normal) (G1 Evacuation Pause)
[2026-03-25T22:16:16.259+0900][103.900s][info][gc,task     ] GC(16) Using 8 workers of 8 for evacuation
[2026-03-25T22:16:16.265+0900][103.906s][info][gc,phases   ] GC(16)   Pre Evacuate Collection Set: 0.1ms
[2026-03-25T22:16:16.265+0900][103.906s][info][gc,phases   ] GC(16)   Merge Heap Roots: 0.1ms
[2026-03-25T22:16:16.265+0900][103.906s][info][gc,phases   ] GC(16)   Evacuate Collection Set: 5.0ms
[2026-03-25T22:16:16.265+0900][103.906s][info][gc,phases   ] GC(16)   Post Evacuate Collection Set: 0.8ms
[2026-03-25T22:16:16.265+0900][103.906s][info][gc,phases   ] GC(16)   Other: 0.3ms
[2026-03-25T22:16:16.265+0900][103.906s][info][gc,heap     ] GC(16) Eden regions: 71->0(70)
[2026-03-25T22:16:16.265+0900][103.906s][info][gc,heap     ] GC(16) Survivor regions: 5->6(10)
[2026-03-25T22:16:16.265+0900][103.906s][info][gc,heap     ] GC(16) Old regions: 3->3
[2026-03-25T22:16:16.265+0900][103.906s][info][gc,heap     ] GC(16) Archive regions: 2->2
[2026-03-25T22:16:16.265+0900][103.906s][info][gc,heap     ] GC(16) Humongous regions: 12->12
[2026-03-25T22:16:16.265+0900][103.906s][info][gc,metaspace] GC(16) Metaspace: 103481K(104384K)->103481K(104384K) NonClass: 88445K(88896K)->88445K(88896K) Class: 15035K(15488K)->15035K(15488K)
[2026-03-25T22:16:16.265+0900][103.906s][info][gc          ] GC(16) Pause Young (Normal) (G1 Evacuation Pause) 730M->163M(1040M) 6.264ms
[2026-03-25T22:16:16.265+0900][103.906s][info][gc,cpu      ] GC(16) User=0.03s Sys=0.00s Real=0.01s
[2026-03-25T22:16:21.593+0900][109.235s][info][gc,start    ] GC(17) Pause Young (Normal) (G1 Evacuation Pause)
[2026-03-25T22:16:21.593+0900][109.235s][info][gc,task     ] GC(17) Using 8 workers of 8 for evacuation
[2026-03-25T22:16:21.599+0900][109.241s][info][gc,phases   ] GC(17)   Pre Evacuate Collection Set: 0.0ms
[2026-03-25T22:16:21.599+0900][109.241s][info][gc,phases   ] GC(17)   Merge Heap Roots: 0.0ms
[2026-03-25T22:16:21.600+0900][109.241s][info][gc,phases   ] GC(17)   Evacuate Collection Set: 5.2ms
[2026-03-25T22:16:21.600+0900][109.241s][info][gc,phases   ] GC(17)   Post Evacuate Collection Set: 0.7ms
[2026-03-25T22:16:21.600+0900][109.241s][info][gc,phases   ] GC(17)   Other: 0.1ms
[2026-03-25T22:16:21.600+0900][109.241s][info][gc,heap     ] GC(17) Eden regions: 70->0(71)
[2026-03-25T22:16:21.600+0900][109.241s][info][gc,heap     ] GC(17) Survivor regions: 6->5(10)
[2026-03-25T22:16:21.600+0900][109.241s][info][gc,heap     ] GC(17) Old regions: 3->3
[2026-03-25T22:16:21.600+0900][109.241s][info][gc,heap     ] GC(17) Archive regions: 2->2
[2026-03-25T22:16:21.600+0900][109.241s][info][gc,heap     ] GC(17) Humongous regions: 12->12
[2026-03-25T22:16:21.600+0900][109.241s][info][gc,metaspace] GC(17) Metaspace: 103481K(104384K)->103481K(104384K) NonClass: 88445K(88896K)->88445K(88896K) Class: 15035K(15488K)->15035K(15488K)
[2026-03-25T22:16:21.600+0900][109.241s][info][gc          ] GC(17) Pause Young (Normal) (G1 Evacuation Pause) 723M->162M(1040M) 6.204ms
[2026-03-25T22:16:21.600+0900][109.241s][info][gc,cpu      ] GC(17) User=0.04s Sys=0.00s Real=0.01s
[2026-03-25T22:16:26.908+0900][114.549s][info][gc,start    ] GC(18) Pause Young (Normal) (G1 Evacuation Pause)
[2026-03-25T22:16:26.908+0900][114.549s][info][gc,task     ] GC(18) Using 8 workers of 8 for evacuation
[2026-03-25T22:16:26.914+0900][114.555s][info][gc,phases   ] GC(18)   Pre Evacuate Collection Set: 0.0ms
[2026-03-25T22:16:26.914+0900][114.555s][info][gc,phases   ] GC(18)   Merge Heap Roots: 0.0ms
[2026-03-25T22:16:26.914+0900][114.555s][info][gc,phases   ] GC(18)   Evacuate Collection Set: 5.2ms
[2026-03-25T22:16:26.914+0900][114.555s][info][gc,phases   ] GC(18)   Post Evacuate Collection Set: 0.9ms
[2026-03-25T22:16:26.914+0900][114.555s][info][gc,phases   ] GC(18)   Other: 0.3ms
[2026-03-25T22:16:26.914+0900][114.555s][info][gc,heap     ] GC(18) Eden regions: 71->0(70)
[2026-03-25T22:16:26.914+0900][114.555s][info][gc,heap     ] GC(18) Survivor regions: 5->6(10)
[2026-03-25T22:16:26.914+0900][114.555s][info][gc,heap     ] GC(18) Old regions: 3->3
[2026-03-25T22:16:26.914+0900][114.555s][info][gc,heap     ] GC(18) Archive regions: 2->2
[2026-03-25T22:16:26.914+0900][114.555s][info][gc,heap     ] GC(18) Humongous regions: 12->12
[2026-03-25T22:16:26.914+0900][114.555s][info][gc,metaspace] GC(18) Metaspace: 103577K(104512K)->103577K(104512K) NonClass: 88516K(89024K)->88516K(89024K) Class: 15060K(15488K)->15060K(15488K)
[2026-03-25T22:16:26.914+0900][114.555s][info][gc          ] GC(18) Pause Young (Normal) (G1 Evacuation Pause) 730M->165M(1040M) 6.584ms
[2026-03-25T22:16:26.914+0900][114.556s][info][gc,cpu      ] GC(18) User=0.04s Sys=0.01s Real=0.01s
[2026-03-25T22:16:31.699+0900][119.340s][info][gc,start    ] GC(19) Pause Young (Normal) (G1 Evacuation Pause)
[2026-03-25T22:16:31.699+0900][119.340s][info][gc,task     ] GC(19) Using 8 workers of 8 for evacuation
[2026-03-25T22:16:31.705+0900][119.346s][info][gc,phases   ] GC(19)   Pre Evacuate Collection Set: 0.0ms
[2026-03-25T22:16:31.705+0900][119.346s][info][gc,phases   ] GC(19)   Merge Heap Roots: 0.0ms
[2026-03-25T22:16:31.705+0900][119.346s][info][gc,phases   ] GC(19)   Evacuate Collection Set: 5.2ms
[2026-03-25T22:16:31.705+0900][119.346s][info][gc,phases   ] GC(19)   Post Evacuate Collection Set: 0.7ms
[2026-03-25T22:16:31.705+0900][119.346s][info][gc,phases   ] GC(19)   Other: 0.1ms
[2026-03-25T22:16:31.705+0900][119.346s][info][gc,heap     ] GC(19) Eden regions: 70->0(71)
[2026-03-25T22:16:31.705+0900][119.346s][info][gc,heap     ] GC(19) Survivor regions: 6->5(10)
[2026-03-25T22:16:31.705+0900][119.346s][info][gc,heap     ] GC(19) Old regions: 3->3
[2026-03-25T22:16:31.705+0900][119.346s][info][gc,heap     ] GC(19) Archive regions: 2->2
[2026-03-25T22:16:31.705+0900][119.346s][info][gc,heap     ] GC(19) Humongous regions: 12->12
[2026-03-25T22:16:31.705+0900][119.346s][info][gc,metaspace] GC(19) Metaspace: 103592K(104512K)->103592K(104512K) NonClass: 88529K(89024K)->88529K(89024K) Class: 15062K(15488K)->15062K(15488K)
[2026-03-25T22:16:31.705+0900][119.346s][info][gc          ] GC(19) Pause Young (Normal) (G1 Evacuation Pause) 725M->165M(1040M) 6.161ms
[2026-03-25T22:16:31.705+0900][119.346s][info][gc,cpu      ] GC(19) User=0.04s Sys=0.01s Real=0.01s
[2026-03-25T22:16:36.269+0900][123.911s][info][gc,start    ] GC(20) Pause Young (Normal) (G1 Evacuation Pause)
[2026-03-25T22:16:36.270+0900][123.911s][info][gc,task     ] GC(20) Using 8 workers of 8 for evacuation
[2026-03-25T22:16:36.275+0900][123.916s][info][gc,phases   ] GC(20)   Pre Evacuate Collection Set: 0.0ms
[2026-03-25T22:16:36.275+0900][123.916s][info][gc,phases   ] GC(20)   Merge Heap Roots: 0.0ms
[2026-03-25T22:16:36.275+0900][123.916s][info][gc,phases   ] GC(20)   Evacuate Collection Set: 4.8ms
[2026-03-25T22:16:36.275+0900][123.916s][info][gc,phases   ] GC(20)   Post Evacuate Collection Set: 0.6ms
[2026-03-25T22:16:36.275+0900][123.916s][info][gc,phases   ] GC(20)   Other: 0.3ms
[2026-03-25T22:16:36.275+0900][123.916s][info][gc,heap     ] GC(20) Eden regions: 71->0(71)
[2026-03-25T22:16:36.275+0900][123.916s][info][gc,heap     ] GC(20) Survivor regions: 5->5(10)
[2026-03-25T22:16:36.275+0900][123.916s][info][gc,heap     ] GC(20) Old regions: 3->4
[2026-03-25T22:16:36.275+0900][123.916s][info][gc,heap     ] GC(20) Archive regions: 2->2
[2026-03-25T22:16:36.275+0900][123.916s][info][gc,heap     ] GC(20) Humongous regions: 12->12
[2026-03-25T22:16:36.275+0900][123.916s][info][gc,metaspace] GC(20) Metaspace: 105102K(105984K)->105102K(105984K) NonClass: 89838K(90304K)->89838K(90304K) Class: 15263K(15680K)->15263K(15680K)
[2026-03-25T22:16:36.275+0900][123.916s][info][gc          ] GC(20) Pause Young (Normal) (G1 Evacuation Pause) 733M->166M(1040M) 5.869ms
[2026-03-25T22:16:36.275+0900][123.916s][info][gc,cpu      ] GC(20) User=0.04s Sys=0.00s Real=0.01s
[2026-03-25T22:16:40.766+0900][128.407s][info][gc,start    ] GC(21) Pause Young (Normal) (G1 Evacuation Pause)
[2026-03-25T22:16:40.766+0900][128.407s][info][gc,task     ] GC(21) Using 8 workers of 8 for evacuation
[2026-03-25T22:16:40.772+0900][128.413s][info][gc,phases   ] GC(21)   Pre Evacuate Collection Set: 0.1ms
[2026-03-25T22:16:40.772+0900][128.413s][info][gc,phases   ] GC(21)   Merge Heap Roots: 0.0ms
[2026-03-25T22:16:40.772+0900][128.413s][info][gc,phases   ] GC(21)   Evacuate Collection Set: 5.5ms
[2026-03-25T22:16:40.772+0900][128.413s][info][gc,phases   ] GC(21)   Post Evacuate Collection Set: 0.7ms
[2026-03-25T22:16:40.772+0900][128.413s][info][gc,phases   ] GC(21)   Other: 0.1ms
[2026-03-25T22:16:40.772+0900][128.413s][info][gc,heap     ] GC(21) Eden regions: 71->0(72)
[2026-03-25T22:16:40.772+0900][128.413s][info][gc,heap     ] GC(21) Survivor regions: 5->4(10)
[2026-03-25T22:16:40.772+0900][128.413s][info][gc,heap     ] GC(21) Old regions: 4->5
[2026-03-25T22:16:40.772+0900][128.413s][info][gc,heap     ] GC(21) Archive regions: 2->2
[2026-03-25T22:16:40.772+0900][128.413s][info][gc,heap     ] GC(21) Humongous regions: 12->12
[2026-03-25T22:16:40.772+0900][128.413s][info][gc,metaspace] GC(21) Metaspace: 105103K(105984K)->105103K(105984K) NonClass: 89839K(90304K)->89839K(90304K) Class: 15264K(15680K)->15264K(15680K)
[2026-03-25T22:16:40.772+0900][128.413s][info][gc          ] GC(21) Pause Young (Normal) (G1 Evacuation Pause) 734M->165M(1040M) 6.562ms
[2026-03-25T22:16:40.772+0900][128.413s][info][gc,cpu      ] GC(21) User=0.03s Sys=0.00s Real=0.01s
[2026-03-25T22:16:45.216+0900][132.857s][info][gc,start    ] GC(22) Pause Young (Normal) (G1 Evacuation Pause)
[2026-03-25T22:16:45.216+0900][132.857s][info][gc,task     ] GC(22) Using 8 workers of 8 for evacuation
[2026-03-25T22:16:45.224+0900][132.865s][info][gc,phases   ] GC(22)   Pre Evacuate Collection Set: 0.1ms
[2026-03-25T22:16:45.224+0900][132.865s][info][gc,phases   ] GC(22)   Merge Heap Roots: 0.1ms
[2026-03-25T22:16:45.224+0900][132.865s][info][gc,phases   ] GC(22)   Evacuate Collection Set: 6.4ms
[2026-03-25T22:16:45.224+0900][132.865s][info][gc,phases   ] GC(22)   Post Evacuate Collection Set: 0.8ms
[2026-03-25T22:16:45.224+0900][132.865s][info][gc,phases   ] GC(22)   Other: 0.4ms
[2026-03-25T22:16:45.224+0900][132.865s][info][gc,heap     ] GC(22) Eden regions: 72->0(73)
[2026-03-25T22:16:45.224+0900][132.865s][info][gc,heap     ] GC(22) Survivor regions: 4->3(10)
[2026-03-25T22:16:45.224+0900][132.865s][info][gc,heap     ] GC(22) Old regions: 5->5
[2026-03-25T22:16:45.224+0900][132.865s][info][gc,heap     ] GC(22) Archive regions: 2->2
[2026-03-25T22:16:45.224+0900][132.865s][info][gc,heap     ] GC(22) Humongous regions: 12->12
[2026-03-25T22:16:45.224+0900][132.865s][info][gc,metaspace] GC(22) Metaspace: 105107K(105984K)->105107K(105984K) NonClass: 89842K(90304K)->89842K(90304K) Class: 15264K(15680K)->15264K(15680K)
[2026-03-25T22:16:45.224+0900][132.865s][info][gc          ] GC(22) Pause Young (Normal) (G1 Evacuation Pause) 741M->165M(1040M) 7.820ms
[2026-03-25T22:16:45.224+0900][132.865s][info][gc,cpu      ] GC(22) User=0.05s Sys=0.00s Real=0.01s
[2026-03-25T22:16:49.535+0900][137.176s][info][gc,start    ] GC(23) Pause Young (Normal) (G1 Evacuation Pause)
[2026-03-25T22:16:49.535+0900][137.176s][info][gc,task     ] GC(23) Using 8 workers of 8 for evacuation
[2026-03-25T22:16:49.541+0900][137.182s][info][gc,phases   ] GC(23)   Pre Evacuate Collection Set: 0.0ms
[2026-03-25T22:16:49.541+0900][137.182s][info][gc,phases   ] GC(23)   Merge Heap Roots: 0.0ms
[2026-03-25T22:16:49.541+0900][137.182s][info][gc,phases   ] GC(23)   Evacuate Collection Set: 4.8ms
[2026-03-25T22:16:49.541+0900][137.182s][info][gc,phases   ] GC(23)   Post Evacuate Collection Set: 0.4ms
[2026-03-25T22:16:49.541+0900][137.182s][info][gc,phases   ] GC(23)   Other: 0.1ms
[2026-03-25T22:16:49.541+0900][137.182s][info][gc,heap     ] GC(23) Eden regions: 73->0(74)
[2026-03-25T22:16:49.541+0900][137.182s][info][gc,heap     ] GC(23) Survivor regions: 3->2(10)
[2026-03-25T22:16:49.541+0900][137.182s][info][gc,heap     ] GC(23) Old regions: 5->7
[2026-03-25T22:16:49.541+0900][137.182s][info][gc,heap     ] GC(23) Archive regions: 2->2
[2026-03-25T22:16:49.541+0900][137.182s][info][gc,heap     ] GC(23) Humongous regions: 12->12
[2026-03-25T22:16:49.541+0900][137.182s][info][gc,metaspace] GC(23) Metaspace: 105117K(106048K)->105117K(106048K) NonClass: 89850K(90368K)->89850K(90368K) Class: 15266K(15680K)->15266K(15680K)
[2026-03-25T22:16:49.541+0900][137.182s][info][gc          ] GC(23) Pause Young (Normal) (G1 Evacuation Pause) 749M->166M(1040M) 5.458ms
[2026-03-25T22:16:49.541+0900][137.182s][info][gc,cpu      ] GC(23) User=0.02s Sys=0.00s Real=0.01s
[2026-03-25T22:16:53.720+0900][141.361s][info][gc,start    ] GC(24) Pause Young (Normal) (G1 Evacuation Pause)
[2026-03-25T22:16:53.720+0900][141.361s][info][gc,task     ] GC(24) Using 8 workers of 8 for evacuation
[2026-03-25T22:16:53.723+0900][141.364s][info][gc,phases   ] GC(24)   Pre Evacuate Collection Set: 0.1ms
[2026-03-25T22:16:53.723+0900][141.364s][info][gc,phases   ] GC(24)   Merge Heap Roots: 0.0ms
[2026-03-25T22:16:53.723+0900][141.364s][info][gc,phases   ] GC(24)   Evacuate Collection Set: 2.4ms
[2026-03-25T22:16:53.723+0900][141.364s][info][gc,phases   ] GC(24)   Post Evacuate Collection Set: 0.4ms
[2026-03-25T22:16:53.723+0900][141.364s][info][gc,phases   ] GC(24)   Other: 0.1ms
[2026-03-25T22:16:53.723+0900][141.364s][info][gc,heap     ] GC(24) Eden regions: 74->0(74)
[2026-03-25T22:16:53.723+0900][141.364s][info][gc,heap     ] GC(24) Survivor regions: 2->2(10)
[2026-03-25T22:16:53.723+0900][141.364s][info][gc,heap     ] GC(24) Old regions: 7->7
[2026-03-25T22:16:53.723+0900][141.364s][info][gc,heap     ] GC(24) Archive regions: 2->2
[2026-03-25T22:16:53.723+0900][141.364s][info][gc,heap     ] GC(24) Humongous regions: 12->12
[2026-03-25T22:16:53.723+0900][141.364s][info][gc,metaspace] GC(24) Metaspace: 105125K(106048K)->105125K(106048K) NonClass: 89857K(90368K)->89857K(90368K) Class: 15268K(15680K)->15268K(15680K)
[2026-03-25T22:16:53.723+0900][141.364s][info][gc          ] GC(24) Pause Young (Normal) (G1 Evacuation Pause) 758M->166M(1040M) 3.031ms
[2026-03-25T22:16:53.723+0900][141.364s][info][gc,cpu      ] GC(24) User=0.01s Sys=0.00s Real=0.00s
[2026-03-25T22:16:57.853+0900][145.494s][info][gc,start    ] GC(25) Pause Young (Normal) (G1 Evacuation Pause)
[2026-03-25T22:16:57.853+0900][145.494s][info][gc,task     ] GC(25) Using 8 workers of 8 for evacuation
[2026-03-25T22:16:57.854+0900][145.495s][info][gc,phases   ] GC(25)   Pre Evacuate Collection Set: 0.0ms
[2026-03-25T22:16:57.854+0900][145.495s][info][gc,phases   ] GC(25)   Merge Heap Roots: 0.0ms
[2026-03-25T22:16:57.854+0900][145.495s][info][gc,phases   ] GC(25)   Evacuate Collection Set: 1.3ms
[2026-03-25T22:16:57.854+0900][145.495s][info][gc,phases   ] GC(25)   Post Evacuate Collection Set: 0.3ms
[2026-03-25T22:16:57.854+0900][145.495s][info][gc,phases   ] GC(25)   Other: 0.1ms
[2026-03-25T22:16:57.854+0900][145.495s][info][gc,heap     ] GC(25) Eden regions: 74->0(75)
[2026-03-25T22:16:57.854+0900][145.495s][info][gc,heap     ] GC(25) Survivor regions: 2->1(10)
[2026-03-25T22:16:57.854+0900][145.495s][info][gc,heap     ] GC(25) Old regions: 7->7
[2026-03-25T22:16:57.854+0900][145.495s][info][gc,heap     ] GC(25) Archive regions: 2->2
[2026-03-25T22:16:57.855+0900][145.495s][info][gc,heap     ] GC(25) Humongous regions: 12->12
[2026-03-25T22:16:57.855+0900][145.495s][info][gc,metaspace] GC(25) Metaspace: 105125K(106048K)->105125K(106048K) NonClass: 89857K(90368K)->89857K(90368K) Class: 15268K(15680K)->15268K(15680K)
[2026-03-25T22:16:57.855+0900][145.495s][info][gc          ] GC(25) Pause Young (Normal) (G1 Evacuation Pause) 758M->167M(1040M) 1.852ms
[2026-03-25T22:16:57.855+0900][145.495s][info][gc,cpu      ] GC(25) User=0.00s Sys=0.00s Real=0.00s
[2026-03-25T22:17:01.981+0900][149.622s][info][gc,start    ] GC(26) Pause Young (Normal) (G1 Evacuation Pause)
[2026-03-25T22:17:01.982+0900][149.622s][info][gc,task     ] GC(26) Using 8 workers of 8 for evacuation
[2026-03-25T22:17:01.983+0900][149.624s][info][gc,phases   ] GC(26)   Pre Evacuate Collection Set: 0.0ms
[2026-03-25T22:17:01.983+0900][149.624s][info][gc,phases   ] GC(26)   Merge Heap Roots: 0.0ms
[2026-03-25T22:17:01.983+0900][149.624s][info][gc,phases   ] GC(26)   Evacuate Collection Set: 1.1ms
[2026-03-25T22:17:01.983+0900][149.624s][info][gc,phases   ] GC(26)   Post Evacuate Collection Set: 0.2ms
[2026-03-25T22:17:01.983+0900][149.624s][info][gc,phases   ] GC(26)   Other: 0.1ms
[2026-03-25T22:17:01.983+0900][149.624s][info][gc,heap     ] GC(26) Eden regions: 75->0(75)
[2026-03-25T22:17:01.983+0900][149.624s][info][gc,heap     ] GC(26) Survivor regions: 1->1(10)
[2026-03-25T22:17:01.983+0900][149.624s][info][gc,heap     ] GC(26) Old regions: 7->8
[2026-03-25T22:17:01.983+0900][149.624s][info][gc,heap     ] GC(26) Archive regions: 2->2
[2026-03-25T22:17:01.983+0900][149.624s][info][gc,heap     ] GC(26) Humongous regions: 12->12
[2026-03-25T22:17:01.983+0900][149.624s][info][gc,metaspace] GC(26) Metaspace: 105125K(106048K)->105125K(106048K) NonClass: 89857K(90368K)->89857K(90368K) Class: 15268K(15680K)->15268K(15680K)
[2026-03-25T22:17:01.983+0900][149.624s][info][gc          ] GC(26) Pause Young (Normal) (G1 Evacuation Pause) 767M->167M(1040M) 1.559ms
[2026-03-25T22:17:01.983+0900][149.624s][info][gc,cpu      ] GC(26) User=0.01s Sys=0.00s Real=0.00s
[2026-03-25T22:17:05.643+0900][153.284s][info][gc,start    ] GC(27) Pause Young (Normal) (G1 Evacuation Pause)
[2026-03-25T22:17:05.643+0900][153.284s][info][gc,task     ] GC(27) Using 8 workers of 8 for evacuation
[2026-03-25T22:17:05.645+0900][153.285s][info][gc,phases   ] GC(27)   Pre Evacuate Collection Set: 0.0ms
[2026-03-25T22:17:05.645+0900][153.286s][info][gc,phases   ] GC(27)   Merge Heap Roots: 0.0ms
[2026-03-25T22:17:05.645+0900][153.286s][info][gc,phases   ] GC(27)   Evacuate Collection Set: 1.0ms
[2026-03-25T22:17:05.645+0900][153.286s][info][gc,phases   ] GC(27)   Post Evacuate Collection Set: 0.2ms
[2026-03-25T22:17:05.645+0900][153.286s][info][gc,phases   ] GC(27)   Other: 0.1ms
[2026-03-25T22:17:05.645+0900][153.286s][info][gc,heap     ] GC(27) Eden regions: 75->0(75)
[2026-03-25T22:17:05.645+0900][153.286s][info][gc,heap     ] GC(27) Survivor regions: 1->1(10)
[2026-03-25T22:17:05.645+0900][153.286s][info][gc,heap     ] GC(27) Old regions: 8->8
[2026-03-25T22:17:05.645+0900][153.286s][info][gc,heap     ] GC(27) Archive regions: 2->2
[2026-03-25T22:17:05.645+0900][153.286s][info][gc,heap     ] GC(27) Humongous regions: 12->12
[2026-03-25T22:17:05.645+0900][153.286s][info][gc,metaspace] GC(27) Metaspace: 105125K(106048K)->105125K(106048K) NonClass: 89857K(90368K)->89857K(90368K) Class: 15268K(15680K)->15268K(15680K)
[2026-03-25T22:17:05.645+0900][153.286s][info][gc          ] GC(27) Pause Young (Normal) (G1 Evacuation Pause) 767M->167M(1040M) 1.423ms
[2026-03-25T22:17:05.645+0900][153.286s][info][gc,cpu      ] GC(27) User=0.01s Sys=0.00s Real=0.00s
[2026-03-25T22:17:09.534+0900][157.175s][info][gc,start    ] GC(28) Pause Young (Normal) (G1 Evacuation Pause)
[2026-03-25T22:17:09.534+0900][157.175s][info][gc,task     ] GC(28) Using 8 workers of 8 for evacuation
[2026-03-25T22:17:09.535+0900][157.176s][info][gc,phases   ] GC(28)   Pre Evacuate Collection Set: 0.1ms
[2026-03-25T22:17:09.535+0900][157.176s][info][gc,phases   ] GC(28)   Merge Heap Roots: 0.1ms
[2026-03-25T22:17:09.535+0900][157.176s][info][gc,phases   ] GC(28)   Evacuate Collection Set: 0.9ms
[2026-03-25T22:17:09.535+0900][157.176s][info][gc,phases   ] GC(28)   Post Evacuate Collection Set: 0.2ms
[2026-03-25T22:17:09.535+0900][157.176s][info][gc,phases   ] GC(28)   Other: 0.3ms
[2026-03-25T22:17:09.535+0900][157.176s][info][gc,heap     ] GC(28) Eden regions: 75->0(75)
[2026-03-25T22:17:09.535+0900][157.176s][info][gc,heap     ] GC(28) Survivor regions: 1->1(10)
[2026-03-25T22:17:09.535+0900][157.176s][info][gc,heap     ] GC(28) Old regions: 8->8
[2026-03-25T22:17:09.535+0900][157.176s][info][gc,heap     ] GC(28) Archive regions: 2->2
[2026-03-25T22:17:09.535+0900][157.176s][info][gc,heap     ] GC(28) Humongous regions: 12->12
[2026-03-25T22:17:09.535+0900][157.176s][info][gc,metaspace] GC(28) Metaspace: 105125K(106048K)->105125K(106048K) NonClass: 89857K(90368K)->89857K(90368K) Class: 15268K(15680K)->15268K(15680K)
[2026-03-25T22:17:09.535+0900][157.176s][info][gc          ] GC(28) Pause Young (Normal) (G1 Evacuation Pause) 767M->167M(1040M) 1.555ms
[2026-03-25T22:17:09.535+0900][157.176s][info][gc,cpu      ] GC(28) User=0.00s Sys=0.00s Real=0.00s
[2026-03-25T22:17:13.261+0900][160.902s][info][gc,start    ] GC(29) Pause Young (Normal) (G1 Evacuation Pause)
[2026-03-25T22:17:13.261+0900][160.902s][info][gc,task     ] GC(29) Using 8 workers of 8 for evacuation
[2026-03-25T22:17:13.262+0900][160.903s][info][gc,phases   ] GC(29)   Pre Evacuate Collection Set: 0.1ms
[2026-03-25T22:17:13.262+0900][160.903s][info][gc,phases   ] GC(29)   Merge Heap Roots: 0.1ms
[2026-03-25T22:17:13.262+0900][160.903s][info][gc,phases   ] GC(29)   Evacuate Collection Set: 0.8ms
[2026-03-25T22:17:13.262+0900][160.903s][info][gc,phases   ] GC(29)   Post Evacuate Collection Set: 0.2ms
[2026-03-25T22:17:13.262+0900][160.903s][info][gc,phases   ] GC(29)   Other: 0.1ms
[2026-03-25T22:17:13.262+0900][160.903s][info][gc,heap     ] GC(29) Eden regions: 75->0(75)
[2026-03-25T22:17:13.262+0900][160.903s][info][gc,heap     ] GC(29) Survivor regions: 1->1(10)
[2026-03-25T22:17:13.262+0900][160.903s][info][gc,heap     ] GC(29) Old regions: 8->8
[2026-03-25T22:17:13.262+0900][160.903s][info][gc,heap     ] GC(29) Archive regions: 2->2
[2026-03-25T22:17:13.262+0900][160.903s][info][gc,heap     ] GC(29) Humongous regions: 12->12
[2026-03-25T22:17:13.262+0900][160.903s][info][gc,metaspace] GC(29) Metaspace: 105125K(106048K)->105125K(106048K) NonClass: 89857K(90368K)->89857K(90368K) Class: 15268K(15680K)->15268K(15680K)
[2026-03-25T22:17:13.262+0900][160.903s][info][gc          ] GC(29) Pause Young (Normal) (G1 Evacuation Pause) 767M->168M(1040M) 1.287ms
[2026-03-25T22:17:13.262+0900][160.903s][info][gc,cpu      ] GC(29) User=0.01s Sys=0.01s Real=0.00s
[2026-03-25T22:17:16.760+0900][164.400s][info][gc,start    ] GC(30) Pause Young (Normal) (G1 Evacuation Pause)
[2026-03-25T22:17:16.760+0900][164.401s][info][gc,task     ] GC(30) Using 8 workers of 8 for evacuation
[2026-03-25T22:17:16.761+0900][164.402s][info][gc,phases   ] GC(30)   Pre Evacuate Collection Set: 0.0ms
[2026-03-25T22:17:16.761+0900][164.402s][info][gc,phases   ] GC(30)   Merge Heap Roots: 0.0ms
[2026-03-25T22:17:16.761+0900][164.402s][info][gc,phases   ] GC(30)   Evacuate Collection Set: 0.8ms
[2026-03-25T22:17:16.761+0900][164.402s][info][gc,phases   ] GC(30)   Post Evacuate Collection Set: 0.2ms
[2026-03-25T22:17:16.761+0900][164.402s][info][gc,phases   ] GC(30)   Other: 0.3ms
[2026-03-25T22:17:16.761+0900][164.402s][info][gc,heap     ] GC(30) Eden regions: 75->0(75)
[2026-03-25T22:17:16.761+0900][164.402s][info][gc,heap     ] GC(30) Survivor regions: 1->1(10)
[2026-03-25T22:17:16.761+0900][164.402s][info][gc,heap     ] GC(30) Old regions: 8->8
[2026-03-25T22:17:16.761+0900][164.402s][info][gc,heap     ] GC(30) Archive regions: 2->2
[2026-03-25T22:17:16.761+0900][164.402s][info][gc,heap     ] GC(30) Humongous regions: 12->12
[2026-03-25T22:17:16.761+0900][164.402s][info][gc,metaspace] GC(30) Metaspace: 105125K(106048K)->105125K(106048K) NonClass: 89857K(90368K)->89857K(90368K) Class: 15268K(15680K)->15268K(15680K)
[2026-03-25T22:17:16.761+0900][164.402s][info][gc          ] GC(30) Pause Young (Normal) (G1 Evacuation Pause) 768M->168M(1040M) 1.428ms
[2026-03-25T22:17:16.761+0900][164.402s][info][gc,cpu      ] GC(30) User=0.00s Sys=0.00s Real=0.00s
[2026-03-25T22:17:20.280+0900][167.921s][info][gc,start    ] GC(31) Pause Young (Normal) (G1 Evacuation Pause)
[2026-03-25T22:17:20.280+0900][167.921s][info][gc,task     ] GC(31) Using 8 workers of 8 for evacuation
[2026-03-25T22:17:20.281+0900][167.922s][info][gc,phases   ] GC(31)   Pre Evacuate Collection Set: 0.0ms
[2026-03-25T22:17:20.281+0900][167.922s][info][gc,phases   ] GC(31)   Merge Heap Roots: 0.0ms
[2026-03-25T22:17:20.281+0900][167.922s][info][gc,phases   ] GC(31)   Evacuate Collection Set: 0.8ms
[2026-03-25T22:17:20.281+0900][167.922s][info][gc,phases   ] GC(31)   Post Evacuate Collection Set: 0.2ms
[2026-03-25T22:17:20.281+0900][167.922s][info][gc,phases   ] GC(31)   Other: 0.1ms
[2026-03-25T22:17:20.281+0900][167.922s][info][gc,heap     ] GC(31) Eden regions: 75->0(75)
[2026-03-25T22:17:20.281+0900][167.922s][info][gc,heap     ] GC(31) Survivor regions: 1->1(10)
[2026-03-25T22:17:20.281+0900][167.922s][info][gc,heap     ] GC(31) Old regions: 8->8
[2026-03-25T22:17:20.281+0900][167.922s][info][gc,heap     ] GC(31) Archive regions: 2->2
[2026-03-25T22:17:20.281+0900][167.922s][info][gc,heap     ] GC(31) Humongous regions: 12->12
[2026-03-25T22:17:20.281+0900][167.922s][info][gc,metaspace] GC(31) Metaspace: 105125K(106048K)->105125K(106048K) NonClass: 89857K(90368K)->89857K(90368K) Class: 15268K(15680K)->15268K(15680K)
[2026-03-25T22:17:20.281+0900][167.922s][info][gc          ] GC(31) Pause Young (Normal) (G1 Evacuation Pause) 768M->168M(1040M) 1.216ms
[2026-03-25T22:17:20.281+0900][167.922s][info][gc,cpu      ] GC(31) User=0.01s Sys=0.00s Real=0.00s
[2026-03-25T22:17:23.825+0900][171.466s][info][gc,start    ] GC(32) Pause Young (Normal) (G1 Evacuation Pause)
[2026-03-25T22:17:23.826+0900][171.466s][info][gc,task     ] GC(32) Using 8 workers of 8 for evacuation
[2026-03-25T22:17:23.827+0900][171.467s][info][gc,phases   ] GC(32)   Pre Evacuate Collection Set: 0.0ms
[2026-03-25T22:17:23.827+0900][171.468s][info][gc,phases   ] GC(32)   Merge Heap Roots: 0.0ms
[2026-03-25T22:17:23.827+0900][171.468s][info][gc,phases   ] GC(32)   Evacuate Collection Set: 0.8ms
[2026-03-25T22:17:23.827+0900][171.468s][info][gc,phases   ] GC(32)   Post Evacuate Collection Set: 0.2ms
[2026-03-25T22:17:23.827+0900][171.468s][info][gc,phases   ] GC(32)   Other: 0.3ms
[2026-03-25T22:17:23.827+0900][171.468s][info][gc,heap     ] GC(32) Eden regions: 75->0(75)
[2026-03-25T22:17:23.827+0900][171.468s][info][gc,heap     ] GC(32) Survivor regions: 1->1(10)
[2026-03-25T22:17:23.827+0900][171.468s][info][gc,heap     ] GC(32) Old regions: 8->8
[2026-03-25T22:17:23.827+0900][171.468s][info][gc,heap     ] GC(32) Archive regions: 2->2
[2026-03-25T22:17:23.827+0900][171.468s][info][gc,heap     ] GC(32) Humongous regions: 12->12
[2026-03-25T22:17:23.827+0900][171.468s][info][gc,metaspace] GC(32) Metaspace: 105125K(106048K)->105125K(106048K) NonClass: 89857K(90368K)->89857K(90368K) Class: 15268K(15680K)->15268K(15680K)
[2026-03-25T22:17:23.827+0900][171.468s][info][gc          ] GC(32) Pause Young (Normal) (G1 Evacuation Pause) 768M->169M(1040M) 1.368ms
[2026-03-25T22:17:23.827+0900][171.468s][info][gc,cpu      ] GC(32) User=0.01s Sys=0.00s Real=0.00s
[2026-03-25T22:17:27.168+0900][174.809s][info][gc,start    ] GC(33) Pause Young (Normal) (G1 Evacuation Pause)
[2026-03-25T22:17:27.168+0900][174.809s][info][gc,task     ] GC(33) Using 8 workers of 8 for evacuation
[2026-03-25T22:17:27.169+0900][174.810s][info][gc,phases   ] GC(33)   Pre Evacuate Collection Set: 0.0ms
[2026-03-25T22:17:27.169+0900][174.810s][info][gc,phases   ] GC(33)   Merge Heap Roots: 0.0ms
[2026-03-25T22:17:27.169+0900][174.810s][info][gc,phases   ] GC(33)   Evacuate Collection Set: 0.8ms
[2026-03-25T22:17:27.170+0900][174.810s][info][gc,phases   ] GC(33)   Post Evacuate Collection Set: 0.2ms
[2026-03-25T22:17:27.170+0900][174.810s][info][gc,phases   ] GC(33)   Other: 0.1ms
[2026-03-25T22:17:27.170+0900][174.810s][info][gc,heap     ] GC(33) Eden regions: 75->0(75)
[2026-03-25T22:17:27.170+0900][174.810s][info][gc,heap     ] GC(33) Survivor regions: 1->1(10)
[2026-03-25T22:17:27.170+0900][174.810s][info][gc,heap     ] GC(33) Old regions: 8->8
[2026-03-25T22:17:27.170+0900][174.810s][info][gc,heap     ] GC(33) Archive regions: 2->2
[2026-03-25T22:17:27.170+0900][174.810s][info][gc,heap     ] GC(33) Humongous regions: 12->12
[2026-03-25T22:17:27.170+0900][174.810s][info][gc,metaspace] GC(33) Metaspace: 105125K(106048K)->105125K(106048K) NonClass: 89857K(90368K)->89857K(90368K) Class: 15268K(15680K)->15268K(15680K)
[2026-03-25T22:17:27.170+0900][174.810s][info][gc          ] GC(33) Pause Young (Normal) (G1 Evacuation Pause) 769M->169M(1040M) 1.206ms
[2026-03-25T22:17:27.170+0900][174.810s][info][gc,cpu      ] GC(33) User=0.01s Sys=0.00s Real=0.01s
[2026-03-25T22:17:30.479+0900][178.119s][info][gc,start    ] GC(34) Pause Young (Normal) (G1 Evacuation Pause)
[2026-03-25T22:17:30.479+0900][178.119s][info][gc,task     ] GC(34) Using 8 workers of 8 for evacuation
[2026-03-25T22:17:30.480+0900][178.121s][info][gc,phases   ] GC(34)   Pre Evacuate Collection Set: 0.1ms
[2026-03-25T22:17:30.480+0900][178.121s][info][gc,phases   ] GC(34)   Merge Heap Roots: 0.0ms
[2026-03-25T22:17:30.480+0900][178.121s][info][gc,phases   ] GC(34)   Evacuate Collection Set: 0.8ms
[2026-03-25T22:17:30.480+0900][178.121s][info][gc,phases   ] GC(34)   Post Evacuate Collection Set: 0.3ms
[2026-03-25T22:17:30.480+0900][178.121s][info][gc,phases   ] GC(34)   Other: 0.1ms
[2026-03-25T22:17:30.480+0900][178.121s][info][gc,heap     ] GC(34) Eden regions: 75->0(75)
[2026-03-25T22:17:30.480+0900][178.121s][info][gc,heap     ] GC(34) Survivor regions: 1->1(10)
[2026-03-25T22:17:30.480+0900][178.121s][info][gc,heap     ] GC(34) Old regions: 8->8
[2026-03-25T22:17:30.480+0900][178.121s][info][gc,heap     ] GC(34) Archive regions: 2->2
[2026-03-25T22:17:30.480+0900][178.121s][info][gc,heap     ] GC(34) Humongous regions: 12->12
[2026-03-25T22:17:30.480+0900][178.121s][info][gc,metaspace] GC(34) Metaspace: 105125K(106048K)->105125K(106048K) NonClass: 89857K(90368K)->89857K(90368K) Class: 15268K(15680K)->15268K(15680K)
[2026-03-25T22:17:30.480+0900][178.121s][info][gc          ] GC(34) Pause Young (Normal) (G1 Evacuation Pause) 769M->169M(1040M) 1.279ms
[2026-03-25T22:17:30.480+0900][178.121s][info][gc,cpu      ] GC(34) User=0.01s Sys=0.00s Real=0.01s
[2026-03-25T22:17:33.721+0900][181.362s][info][gc,start    ] GC(35) Pause Young (Normal) (G1 Evacuation Pause)
[2026-03-25T22:17:33.721+0900][181.362s][info][gc,task     ] GC(35) Using 8 workers of 8 for evacuation
[2026-03-25T22:17:33.723+0900][181.363s][info][gc,phases   ] GC(35)   Pre Evacuate Collection Set: 0.0ms
[2026-03-25T22:17:33.723+0900][181.363s][info][gc,phases   ] GC(35)   Merge Heap Roots: 0.0ms
[2026-03-25T22:17:33.723+0900][181.363s][info][gc,phases   ] GC(35)   Evacuate Collection Set: 0.8ms
[2026-03-25T22:17:33.723+0900][181.363s][info][gc,phases   ] GC(35)   Post Evacuate Collection Set: 0.2ms
[2026-03-25T22:17:33.723+0900][181.363s][info][gc,phases   ] GC(35)   Other: 0.2ms
[2026-03-25T22:17:33.723+0900][181.363s][info][gc,heap     ] GC(35) Eden regions: 75->0(75)
[2026-03-25T22:17:33.723+0900][181.363s][info][gc,heap     ] GC(35) Survivor regions: 1->1(10)
[2026-03-25T22:17:33.723+0900][181.363s][info][gc,heap     ] GC(35) Old regions: 8->8
[2026-03-25T22:17:33.723+0900][181.363s][info][gc,heap     ] GC(35) Archive regions: 2->2
[2026-03-25T22:17:33.723+0900][181.363s][info][gc,heap     ] GC(35) Humongous regions: 12->12
[2026-03-25T22:17:33.723+0900][181.363s][info][gc,metaspace] GC(35) Metaspace: 105125K(106048K)->105125K(106048K) NonClass: 89857K(90368K)->89857K(90368K) Class: 15268K(15680K)->15268K(15680K)
[2026-03-25T22:17:33.723+0900][181.363s][info][gc          ] GC(35) Pause Young (Normal) (G1 Evacuation Pause) 769M->169M(1040M) 1.349ms
[2026-03-25T22:17:33.723+0900][181.363s][info][gc,cpu      ] GC(35) User=0.01s Sys=0.00s Real=0.00s
[2026-03-25T22:17:37.013+0900][184.654s][info][gc,start    ] GC(36) Pause Young (Normal) (G1 Evacuation Pause)
[2026-03-25T22:17:37.013+0900][184.654s][info][gc,task     ] GC(36) Using 8 workers of 8 for evacuation
[2026-03-25T22:17:37.015+0900][184.655s][info][gc,phases   ] GC(36)   Pre Evacuate Collection Set: 0.1ms
[2026-03-25T22:17:37.015+0900][184.655s][info][gc,phases   ] GC(36)   Merge Heap Roots: 0.1ms
[2026-03-25T22:17:37.015+0900][184.655s][info][gc,phases   ] GC(36)   Evacuate Collection Set: 1.2ms
[2026-03-25T22:17:37.015+0900][184.655s][info][gc,phases   ] GC(36)   Post Evacuate Collection Set: 0.3ms
[2026-03-25T22:17:37.015+0900][184.655s][info][gc,phases   ] GC(36)   Other: 0.1ms
[2026-03-25T22:17:37.015+0900][184.655s][info][gc,heap     ] GC(36) Eden regions: 75->0(74)
[2026-03-25T22:17:37.015+0900][184.655s][info][gc,heap     ] GC(36) Survivor regions: 1->2(10)
[2026-03-25T22:17:37.015+0900][184.655s][info][gc,heap     ] GC(36) Old regions: 8->8
[2026-03-25T22:17:37.015+0900][184.655s][info][gc,heap     ] GC(36) Archive regions: 2->2
[2026-03-25T22:17:37.015+0900][184.655s][info][gc,heap     ] GC(36) Humongous regions: 12->12
[2026-03-25T22:17:37.015+0900][184.655s][info][gc,metaspace] GC(36) Metaspace: 105126K(106048K)->105126K(106048K) NonClass: 89857K(90368K)->89857K(90368K) Class: 15268K(15680K)->15268K(15680K)
[2026-03-25T22:17:37.015+0900][184.655s][info][gc          ] GC(36) Pause Young (Normal) (G1 Evacuation Pause) 769M->174M(1040M) 1.880ms
[2026-03-25T22:17:37.015+0900][184.655s][info][gc,cpu      ] GC(36) User=0.01s Sys=0.00s Real=0.00s
[2026-03-25T22:17:40.430+0900][188.071s][info][gc,start    ] GC(37) Pause Young (Normal) (G1 Evacuation Pause)
[2026-03-25T22:17:40.430+0900][188.071s][info][gc,task     ] GC(37) Using 8 workers of 8 for evacuation
[2026-03-25T22:17:40.432+0900][188.072s][info][gc,phases   ] GC(37)   Pre Evacuate Collection Set: 0.0ms
[2026-03-25T22:17:40.432+0900][188.072s][info][gc,phases   ] GC(37)   Merge Heap Roots: 0.0ms
[2026-03-25T22:17:40.432+0900][188.072s][info][gc,phases   ] GC(37)   Evacuate Collection Set: 0.9ms
[2026-03-25T22:17:40.432+0900][188.072s][info][gc,phases   ] GC(37)   Post Evacuate Collection Set: 0.2ms
[2026-03-25T22:17:40.432+0900][188.072s][info][gc,phases   ] GC(37)   Other: 0.1ms
[2026-03-25T22:17:40.432+0900][188.072s][info][gc,heap     ] GC(37) Eden regions: 74->0(74)
[2026-03-25T22:17:40.432+0900][188.072s][info][gc,heap     ] GC(37) Survivor regions: 2->2(10)
[2026-03-25T22:17:40.432+0900][188.072s][info][gc,heap     ] GC(37) Old regions: 8->8
[2026-03-25T22:17:40.432+0900][188.072s][info][gc,heap     ] GC(37) Archive regions: 2->2
[2026-03-25T22:17:40.432+0900][188.072s][info][gc,heap     ] GC(37) Humongous regions: 12->12
[2026-03-25T22:17:40.432+0900][188.072s][info][gc,metaspace] GC(37) Metaspace: 105126K(106048K)->105126K(106048K) NonClass: 89857K(90368K)->89857K(90368K) Class: 15268K(15680K)->15268K(15680K)
[2026-03-25T22:17:40.432+0900][188.072s][info][gc          ] GC(37) Pause Young (Normal) (G1 Evacuation Pause) 766M->180M(1040M) 1.352ms
[2026-03-25T22:17:40.432+0900][188.072s][info][gc,cpu      ] GC(37) User=0.01s Sys=0.00s Real=0.00s
[2026-03-25T22:17:43.464+0900][191.105s][info][gc,start    ] GC(38) Pause Young (Normal) (G1 Evacuation Pause)
[2026-03-25T22:17:43.465+0900][191.105s][info][gc,task     ] GC(38) Using 8 workers of 8 for evacuation
[2026-03-25T22:17:43.466+0900][191.107s][info][gc,phases   ] GC(38)   Pre Evacuate Collection Set: 0.1ms
[2026-03-25T22:17:43.466+0900][191.107s][info][gc,phases   ] GC(38)   Merge Heap Roots: 0.0ms
[2026-03-25T22:17:43.466+0900][191.107s][info][gc,phases   ] GC(38)   Evacuate Collection Set: 1.0ms
[2026-03-25T22:17:43.466+0900][191.107s][info][gc,phases   ] GC(38)   Post Evacuate Collection Set: 0.2ms
[2026-03-25T22:17:43.466+0900][191.107s][info][gc,phases   ] GC(38)   Other: 0.3ms
[2026-03-25T22:17:43.466+0900][191.107s][info][gc,heap     ] GC(38) Eden regions: 74->0(74)
[2026-03-25T22:17:43.466+0900][191.107s][info][gc,heap     ] GC(38) Survivor regions: 2->2(10)
[2026-03-25T22:17:43.466+0900][191.107s][info][gc,heap     ] GC(38) Old regions: 8->8
[2026-03-25T22:17:43.466+0900][191.107s][info][gc,heap     ] GC(38) Archive regions: 2->2
[2026-03-25T22:17:43.466+0900][191.107s][info][gc,heap     ] GC(38) Humongous regions: 12->12
[2026-03-25T22:17:43.466+0900][191.107s][info][gc,metaspace] GC(38) Metaspace: 105126K(106048K)->105126K(106048K) NonClass: 89857K(90368K)->89857K(90368K) Class: 15268K(15680K)->15268K(15680K)
[2026-03-25T22:17:43.466+0900][191.107s][info][gc          ] GC(38) Pause Young (Normal) (G1 Evacuation Pause) 772M->181M(1040M) 1.686ms
[2026-03-25T22:17:43.466+0900][191.107s][info][gc,cpu      ] GC(38) User=0.00s Sys=0.00s Real=0.00s
[2026-03-25T22:17:46.489+0900][194.130s][info][gc,start    ] GC(39) Pause Young (Normal) (G1 Evacuation Pause)
[2026-03-25T22:17:46.489+0900][194.130s][info][gc,task     ] GC(39) Using 8 workers of 8 for evacuation
[2026-03-25T22:17:46.490+0900][194.131s][info][gc,phases   ] GC(39)   Pre Evacuate Collection Set: 0.1ms
[2026-03-25T22:17:46.490+0900][194.131s][info][gc,phases   ] GC(39)   Merge Heap Roots: 0.0ms
[2026-03-25T22:17:46.490+0900][194.131s][info][gc,phases   ] GC(39)   Evacuate Collection Set: 1.0ms
[2026-03-25T22:17:46.490+0900][194.131s][info][gc,phases   ] GC(39)   Post Evacuate Collection Set: 0.3ms
[2026-03-25T22:17:46.490+0900][194.131s][info][gc,phases   ] GC(39)   Other: 0.1ms
[2026-03-25T22:17:46.490+0900][194.131s][info][gc,heap     ] GC(39) Eden regions: 74->0(73)
[2026-03-25T22:17:46.490+0900][194.131s][info][gc,heap     ] GC(39) Survivor regions: 2->3(10)
[2026-03-25T22:17:46.490+0900][194.131s][info][gc,heap     ] GC(39) Old regions: 8->8
[2026-03-25T22:17:46.490+0900][194.131s][info][gc,heap     ] GC(39) Archive regions: 2->2
[2026-03-25T22:17:46.490+0900][194.131s][info][gc,heap     ] GC(39) Humongous regions: 12->12
[2026-03-25T22:17:46.491+0900][194.131s][info][gc,metaspace] GC(39) Metaspace: 105126K(106048K)->105126K(106048K) NonClass: 89857K(90368K)->89857K(90368K) Class: 15268K(15680K)->15268K(15680K)
[2026-03-25T22:17:46.491+0900][194.131s][info][gc          ] GC(39) Pause Young (Normal) (G1 Evacuation Pause) 773M->181M(1040M) 1.549ms
[2026-03-25T22:17:46.491+0900][194.131s][info][gc,cpu      ] GC(39) User=0.01s Sys=0.00s Real=0.01s
[2026-03-25T22:17:49.409+0900][197.050s][info][gc,start    ] GC(40) Pause Young (Normal) (G1 Evacuation Pause)
[2026-03-25T22:17:49.410+0900][197.050s][info][gc,task     ] GC(40) Using 8 workers of 8 for evacuation
[2026-03-25T22:17:49.411+0900][197.051s][info][gc,phases   ] GC(40)   Pre Evacuate Collection Set: 0.1ms
[2026-03-25T22:17:49.411+0900][197.051s][info][gc,phases   ] GC(40)   Merge Heap Roots: 0.0ms
[2026-03-25T22:17:49.411+0900][197.051s][info][gc,phases   ] GC(40)   Evacuate Collection Set: 0.8ms
[2026-03-25T22:17:49.411+0900][197.051s][info][gc,phases   ] GC(40)   Post Evacuate Collection Set: 0.2ms
[2026-03-25T22:17:49.411+0900][197.051s][info][gc,phases   ] GC(40)   Other: 0.1ms
[2026-03-25T22:17:49.411+0900][197.051s][info][gc,heap     ] GC(40) Eden regions: 73->0(74)
[2026-03-25T22:17:49.411+0900][197.051s][info][gc,heap     ] GC(40) Survivor regions: 3->2(10)
[2026-03-25T22:17:49.411+0900][197.051s][info][gc,heap     ] GC(40) Old regions: 8->8
[2026-03-25T22:17:49.411+0900][197.051s][info][gc,heap     ] GC(40) Archive regions: 2->2
[2026-03-25T22:17:49.411+0900][197.051s][info][gc,heap     ] GC(40) Humongous regions: 12->12
[2026-03-25T22:17:49.411+0900][197.051s][info][gc,metaspace] GC(40) Metaspace: 105126K(106048K)->105126K(106048K) NonClass: 89857K(90368K)->89857K(90368K) Class: 15268K(15680K)->15268K(15680K)
[2026-03-25T22:17:49.411+0900][197.051s][info][gc          ] GC(40) Pause Young (Normal) (G1 Evacuation Pause) 765M->181M(1040M) 1.301ms
[2026-03-25T22:17:49.411+0900][197.051s][info][gc,cpu      ] GC(40) User=0.01s Sys=0.00s Real=0.01s
[2026-03-25T22:17:52.334+0900][199.975s][info][gc,start    ] GC(41) Pause Young (Normal) (G1 Evacuation Pause)
[2026-03-25T22:17:52.335+0900][199.975s][info][gc,task     ] GC(41) Using 8 workers of 8 for evacuation
[2026-03-25T22:17:52.336+0900][199.977s][info][gc,phases   ] GC(41)   Pre Evacuate Collection Set: 0.1ms
[2026-03-25T22:17:52.336+0900][199.977s][info][gc,phases   ] GC(41)   Merge Heap Roots: 0.1ms
[2026-03-25T22:17:52.336+0900][199.977s][info][gc,phases   ] GC(41)   Evacuate Collection Set: 0.9ms
[2026-03-25T22:17:52.336+0900][199.977s][info][gc,phases   ] GC(41)   Post Evacuate Collection Set: 0.2ms
[2026-03-25T22:17:52.336+0900][199.977s][info][gc,phases   ] GC(41)   Other: 0.4ms
[2026-03-25T22:17:52.336+0900][199.977s][info][gc,heap     ] GC(41) Eden regions: 74->0(74)
[2026-03-25T22:17:52.336+0900][199.977s][info][gc,heap     ] GC(41) Survivor regions: 2->2(10)
[2026-03-25T22:17:52.336+0900][199.977s][info][gc,heap     ] GC(41) Old regions: 8->8
[2026-03-25T22:17:52.336+0900][199.977s][info][gc,heap     ] GC(41) Archive regions: 2->2
[2026-03-25T22:17:52.336+0900][199.977s][info][gc,heap     ] GC(41) Humongous regions: 12->12
[2026-03-25T22:17:52.336+0900][199.977s][info][gc,metaspace] GC(41) Metaspace: 105129K(106048K)->105129K(106048K) NonClass: 89860K(90368K)->89860K(90368K) Class: 15269K(15680K)->15269K(15680K)
[2026-03-25T22:17:52.336+0900][199.977s][info][gc          ] GC(41) Pause Young (Normal) (G1 Evacuation Pause) 773M->181M(1040M) 1.662ms
[2026-03-25T22:17:52.336+0900][199.977s][info][gc,cpu      ] GC(41) User=0.01s Sys=0.00s Real=0.00s
[2026-03-25T22:17:55.142+0900][202.783s][info][gc,start    ] GC(42) Pause Young (Normal) (G1 Evacuation Pause)
[2026-03-25T22:17:55.142+0900][202.783s][info][gc,task     ] GC(42) Using 8 workers of 8 for evacuation
[2026-03-25T22:17:55.144+0900][202.784s][info][gc,phases   ] GC(42)   Pre Evacuate Collection Set: 0.1ms
[2026-03-25T22:17:55.144+0900][202.784s][info][gc,phases   ] GC(42)   Merge Heap Roots: 0.0ms
[2026-03-25T22:17:55.144+0900][202.784s][info][gc,phases   ] GC(42)   Evacuate Collection Set: 1.0ms
[2026-03-25T22:17:55.144+0900][202.784s][info][gc,phases   ] GC(42)   Post Evacuate Collection Set: 0.3ms
[2026-03-25T22:17:55.144+0900][202.784s][info][gc,phases   ] GC(42)   Other: 0.1ms
[2026-03-25T22:17:55.144+0900][202.784s][info][gc,heap     ] GC(42) Eden regions: 74->0(74)
[2026-03-25T22:17:55.144+0900][202.784s][info][gc,heap     ] GC(42) Survivor regions: 2->2(10)
[2026-03-25T22:17:55.144+0900][202.784s][info][gc,heap     ] GC(42) Old regions: 8->8
[2026-03-25T22:17:55.144+0900][202.784s][info][gc,heap     ] GC(42) Archive regions: 2->2
[2026-03-25T22:17:55.144+0900][202.784s][info][gc,heap     ] GC(42) Humongous regions: 12->12
[2026-03-25T22:17:55.144+0900][202.784s][info][gc,metaspace] GC(42) Metaspace: 105129K(106048K)->105129K(106048K) NonClass: 89860K(90368K)->89860K(90368K) Class: 15269K(15680K)->15269K(15680K)
[2026-03-25T22:17:55.144+0900][202.784s][info][gc          ] GC(42) Pause Young (Normal) (G1 Evacuation Pause) 773M->181M(1040M) 1.528ms
[2026-03-25T22:17:55.144+0900][202.784s][info][gc,cpu      ] GC(42) User=0.01s Sys=0.00s Real=0.00s
[2026-03-25T22:17:58.033+0900][205.674s][info][gc,start    ] GC(43) Pause Young (Normal) (G1 Evacuation Pause)
[2026-03-25T22:17:58.033+0900][205.674s][info][gc,task     ] GC(43) Using 8 workers of 8 for evacuation
[2026-03-25T22:17:58.035+0900][205.675s][info][gc,phases   ] GC(43)   Pre Evacuate Collection Set: 0.1ms
[2026-03-25T22:17:58.035+0900][205.676s][info][gc,phases   ] GC(43)   Merge Heap Roots: 0.1ms
[2026-03-25T22:17:58.035+0900][205.676s][info][gc,phases   ] GC(43)   Evacuate Collection Set: 1.1ms
[2026-03-25T22:17:58.035+0900][205.676s][info][gc,phases   ] GC(43)   Post Evacuate Collection Set: 0.3ms
[2026-03-25T22:17:58.035+0900][205.676s][info][gc,phases   ] GC(43)   Other: 0.1ms
[2026-03-25T22:17:58.035+0900][205.676s][info][gc,heap     ] GC(43) Eden regions: 74->0(74)
[2026-03-25T22:17:58.035+0900][205.676s][info][gc,heap     ] GC(43) Survivor regions: 2->2(10)
[2026-03-25T22:17:58.035+0900][205.676s][info][gc,heap     ] GC(43) Old regions: 8->8
[2026-03-25T22:17:58.035+0900][205.676s][info][gc,heap     ] GC(43) Archive regions: 2->2
[2026-03-25T22:17:58.035+0900][205.676s][info][gc,heap     ] GC(43) Humongous regions: 12->12
[2026-03-25T22:17:58.035+0900][205.676s][info][gc,metaspace] GC(43) Metaspace: 105129K(106048K)->105129K(106048K) NonClass: 89860K(90368K)->89860K(90368K) Class: 15269K(15680K)->15269K(15680K)
[2026-03-25T22:17:58.035+0900][205.676s][info][gc          ] GC(43) Pause Young (Normal) (G1 Evacuation Pause) 773M->181M(1040M) 1.634ms
[2026-03-25T22:17:58.035+0900][205.676s][info][gc,cpu      ] GC(43) User=0.00s Sys=0.00s Real=0.00s
[2026-03-25T22:18:00.526+0900][208.166s][info][gc,start    ] GC(44) Pause Young (Normal) (G1 Evacuation Pause)
[2026-03-25T22:18:00.526+0900][208.166s][info][gc,task     ] GC(44) Using 8 workers of 8 for evacuation
[2026-03-25T22:18:00.527+0900][208.167s][info][gc,phases   ] GC(44)   Pre Evacuate Collection Set: 0.1ms
[2026-03-25T22:18:00.527+0900][208.167s][info][gc,phases   ] GC(44)   Merge Heap Roots: 0.1ms
[2026-03-25T22:18:00.527+0900][208.167s][info][gc,phases   ] GC(44)   Evacuate Collection Set: 1.0ms
[2026-03-25T22:18:00.527+0900][208.167s][info][gc,phases   ] GC(44)   Post Evacuate Collection Set: 0.2ms
[2026-03-25T22:18:00.527+0900][208.167s][info][gc,phases   ] GC(44)   Other: 0.1ms
[2026-03-25T22:18:00.527+0900][208.167s][info][gc,heap     ] GC(44) Eden regions: 74->0(74)
[2026-03-25T22:18:00.527+0900][208.167s][info][gc,heap     ] GC(44) Survivor regions: 2->2(10)
[2026-03-25T22:18:00.527+0900][208.167s][info][gc,heap     ] GC(44) Old regions: 8->8
[2026-03-25T22:18:00.527+0900][208.168s][info][gc,heap     ] GC(44) Archive regions: 2->2
[2026-03-25T22:18:00.527+0900][208.168s][info][gc,heap     ] GC(44) Humongous regions: 12->12
[2026-03-25T22:18:00.527+0900][208.168s][info][gc,metaspace] GC(44) Metaspace: 105129K(106048K)->105129K(106048K) NonClass: 89860K(90368K)->89860K(90368K) Class: 15269K(15680K)->15269K(15680K)
[2026-03-25T22:18:00.527+0900][208.168s][info][gc          ] GC(44) Pause Young (Normal) (G1 Evacuation Pause) 773M->182M(1040M) 1.453ms
[2026-03-25T22:18:00.527+0900][208.168s][info][gc,cpu      ] GC(44) User=0.01s Sys=0.00s Real=0.00s
[2026-03-25T22:18:03.525+0900][211.165s][info][gc,start    ] GC(45) Pause Young (Normal) (G1 Evacuation Pause)
[2026-03-25T22:18:03.525+0900][211.165s][info][gc,task     ] GC(45) Using 8 workers of 8 for evacuation
[2026-03-25T22:18:03.526+0900][211.167s][info][gc,phases   ] GC(45)   Pre Evacuate Collection Set: 0.1ms
[2026-03-25T22:18:03.526+0900][211.167s][info][gc,phases   ] GC(45)   Merge Heap Roots: 0.1ms
[2026-03-25T22:18:03.526+0900][211.167s][info][gc,phases   ] GC(45)   Evacuate Collection Set: 0.8ms
[2026-03-25T22:18:03.526+0900][211.167s][info][gc,phases   ] GC(45)   Post Evacuate Collection Set: 0.2ms
[2026-03-25T22:18:03.526+0900][211.167s][info][gc,phases   ] GC(45)   Other: 0.1ms
[2026-03-25T22:18:03.526+0900][211.167s][info][gc,heap     ] GC(45) Eden regions: 74->0(74)
[2026-03-25T22:18:03.526+0900][211.167s][info][gc,heap     ] GC(45) Survivor regions: 2->2(10)
[2026-03-25T22:18:03.526+0900][211.167s][info][gc,heap     ] GC(45) Old regions: 8->8
[2026-03-25T22:18:03.526+0900][211.167s][info][gc,heap     ] GC(45) Archive regions: 2->2
[2026-03-25T22:18:03.526+0900][211.167s][info][gc,heap     ] GC(45) Humongous regions: 12->12
[2026-03-25T22:18:03.526+0900][211.167s][info][gc,metaspace] GC(45) Metaspace: 105129K(106048K)->105129K(106048K) NonClass: 89860K(90368K)->89860K(90368K) Class: 15269K(15680K)->15269K(15680K)
[2026-03-25T22:18:03.526+0900][211.167s][info][gc          ] GC(45) Pause Young (Normal) (G1 Evacuation Pause) 774M->182M(1040M) 1.344ms
[2026-03-25T22:18:03.526+0900][211.167s][info][gc,cpu      ] GC(45) User=0.00s Sys=0.00s Real=0.00s
[2026-03-25T22:18:05.927+0900][213.567s][info][gc,start    ] GC(46) Pause Young (Normal) (G1 Evacuation Pause)
[2026-03-25T22:18:05.927+0900][213.567s][info][gc,task     ] GC(46) Using 8 workers of 8 for evacuation
[2026-03-25T22:18:05.928+0900][213.569s][info][gc,phases   ] GC(46)   Pre Evacuate Collection Set: 0.0ms
[2026-03-25T22:18:05.928+0900][213.569s][info][gc,phases   ] GC(46)   Merge Heap Roots: 0.1ms
[2026-03-25T22:18:05.928+0900][213.569s][info][gc,phases   ] GC(46)   Evacuate Collection Set: 0.9ms
[2026-03-25T22:18:05.928+0900][213.569s][info][gc,phases   ] GC(46)   Post Evacuate Collection Set: 0.2ms
[2026-03-25T22:18:05.928+0900][213.569s][info][gc,phases   ] GC(46)   Other: 0.1ms
[2026-03-25T22:18:05.928+0900][213.569s][info][gc,heap     ] GC(46) Eden regions: 74->0(74)
[2026-03-25T22:18:05.928+0900][213.569s][info][gc,heap     ] GC(46) Survivor regions: 2->2(10)
[2026-03-25T22:18:05.928+0900][213.569s][info][gc,heap     ] GC(46) Old regions: 8->8
[2026-03-25T22:18:05.928+0900][213.569s][info][gc,heap     ] GC(46) Archive regions: 2->2
[2026-03-25T22:18:05.928+0900][213.569s][info][gc,heap     ] GC(46) Humongous regions: 12->12
[2026-03-25T22:18:05.928+0900][213.569s][info][gc,metaspace] GC(46) Metaspace: 105129K(106048K)->105129K(106048K) NonClass: 89860K(90368K)->89860K(90368K) Class: 15269K(15680K)->15269K(15680K)
[2026-03-25T22:18:05.928+0900][213.569s][info][gc          ] GC(46) Pause Young (Normal) (G1 Evacuation Pause) 774M->182M(1040M) 1.405ms
[2026-03-25T22:18:05.928+0900][213.569s][info][gc,cpu      ] GC(46) User=0.01s Sys=0.00s Real=0.00s
[2026-03-25T22:18:08.714+0900][216.354s][info][gc,start    ] GC(47) Pause Young (Normal) (G1 Evacuation Pause)
[2026-03-25T22:18:08.714+0900][216.354s][info][gc,task     ] GC(47) Using 8 workers of 8 for evacuation
[2026-03-25T22:18:08.715+0900][216.356s][info][gc,phases   ] GC(47)   Pre Evacuate Collection Set: 0.0ms
[2026-03-25T22:18:08.715+0900][216.356s][info][gc,phases   ] GC(47)   Merge Heap Roots: 0.1ms
[2026-03-25T22:18:08.715+0900][216.356s][info][gc,phases   ] GC(47)   Evacuate Collection Set: 1.1ms
[2026-03-25T22:18:08.715+0900][216.356s][info][gc,phases   ] GC(47)   Post Evacuate Collection Set: 0.2ms
[2026-03-25T22:18:08.715+0900][216.356s][info][gc,phases   ] GC(47)   Other: 0.1ms
[2026-03-25T22:18:08.715+0900][216.356s][info][gc,heap     ] GC(47) Eden regions: 74->0(74)
[2026-03-25T22:18:08.715+0900][216.356s][info][gc,heap     ] GC(47) Survivor regions: 2->2(10)
[2026-03-25T22:18:08.715+0900][216.356s][info][gc,heap     ] GC(47) Old regions: 8->8
[2026-03-25T22:18:08.715+0900][216.356s][info][gc,heap     ] GC(47) Archive regions: 2->2
[2026-03-25T22:18:08.715+0900][216.356s][info][gc,heap     ] GC(47) Humongous regions: 12->12
[2026-03-25T22:18:08.715+0900][216.356s][info][gc,metaspace] GC(47) Metaspace: 105129K(106048K)->105129K(106048K) NonClass: 89860K(90368K)->89860K(90368K) Class: 15269K(15680K)->15269K(15680K)
[2026-03-25T22:18:08.715+0900][216.356s][info][gc          ] GC(47) Pause Young (Normal) (G1 Evacuation Pause) 774M->183M(1040M) 1.658ms
[2026-03-25T22:18:08.715+0900][216.356s][info][gc,cpu      ] GC(47) User=0.01s Sys=0.00s Real=0.00s
[2026-03-25T22:18:11.272+0900][218.913s][info][gc,start    ] GC(48) Pause Young (Normal) (G1 Evacuation Pause)
[2026-03-25T22:18:11.272+0900][218.913s][info][gc,task     ] GC(48) Using 8 workers of 8 for evacuation
[2026-03-25T22:18:11.273+0900][218.914s][info][gc,phases   ] GC(48)   Pre Evacuate Collection Set: 0.0ms
[2026-03-25T22:18:11.273+0900][218.914s][info][gc,phases   ] GC(48)   Merge Heap Roots: 0.1ms
[2026-03-25T22:18:11.273+0900][218.914s][info][gc,phases   ] GC(48)   Evacuate Collection Set: 0.9ms
[2026-03-25T22:18:11.273+0900][218.914s][info][gc,phases   ] GC(48)   Post Evacuate Collection Set: 0.2ms
[2026-03-25T22:18:11.273+0900][218.914s][info][gc,phases   ] GC(48)   Other: 0.1ms
[2026-03-25T22:18:11.273+0900][218.914s][info][gc,heap     ] GC(48) Eden regions: 74->0(74)
[2026-03-25T22:18:11.273+0900][218.914s][info][gc,heap     ] GC(48) Survivor regions: 2->2(10)
[2026-03-25T22:18:11.273+0900][218.914s][info][gc,heap     ] GC(48) Old regions: 8->8
[2026-03-25T22:18:11.273+0900][218.914s][info][gc,heap     ] GC(48) Archive regions: 2->2
[2026-03-25T22:18:11.273+0900][218.914s][info][gc,heap     ] GC(48) Humongous regions: 12->12
[2026-03-25T22:18:11.273+0900][218.914s][info][gc,metaspace] GC(48) Metaspace: 105129K(106048K)->105129K(106048K) NonClass: 89860K(90368K)->89860K(90368K) Class: 15269K(15680K)->15269K(15680K)
[2026-03-25T22:18:11.273+0900][218.914s][info][gc          ] GC(48) Pause Young (Normal) (G1 Evacuation Pause) 775M->182M(1040M) 1.370ms
[2026-03-25T22:18:11.274+0900][218.914s][info][gc,cpu      ] GC(48) User=0.01s Sys=0.00s Real=0.00s
[2026-03-25T22:18:13.892+0900][221.532s][info][gc,start    ] GC(49) Pause Young (Normal) (G1 Evacuation Pause)
[2026-03-25T22:18:13.892+0900][221.532s][info][gc,task     ] GC(49) Using 8 workers of 8 for evacuation
[2026-03-25T22:18:13.893+0900][221.534s][info][gc,phases   ] GC(49)   Pre Evacuate Collection Set: 0.1ms
[2026-03-25T22:18:13.893+0900][221.534s][info][gc,phases   ] GC(49)   Merge Heap Roots: 0.1ms
[2026-03-25T22:18:13.893+0900][221.534s][info][gc,phases   ] GC(49)   Evacuate Collection Set: 0.9ms
[2026-03-25T22:18:13.893+0900][221.534s][info][gc,phases   ] GC(49)   Post Evacuate Collection Set: 0.2ms
[2026-03-25T22:18:13.893+0900][221.534s][info][gc,phases   ] GC(49)   Other: 0.1ms
[2026-03-25T22:18:13.893+0900][221.534s][info][gc,heap     ] GC(49) Eden regions: 74->0(74)
[2026-03-25T22:18:13.893+0900][221.534s][info][gc,heap     ] GC(49) Survivor regions: 2->2(10)
[2026-03-25T22:18:13.893+0900][221.534s][info][gc,heap     ] GC(49) Old regions: 8->8
[2026-03-25T22:18:13.893+0900][221.534s][info][gc,heap     ] GC(49) Archive regions: 2->2
[2026-03-25T22:18:13.893+0900][221.534s][info][gc,heap     ] GC(49) Humongous regions: 12->12
[2026-03-25T22:18:13.893+0900][221.534s][info][gc,metaspace] GC(49) Metaspace: 105129K(106048K)->105129K(106048K) NonClass: 89860K(90368K)->89860K(90368K) Class: 15269K(15680K)->15269K(15680K)
[2026-03-25T22:18:13.893+0900][221.534s][info][gc          ] GC(49) Pause Young (Normal) (G1 Evacuation Pause) 774M->182M(1040M) 1.342ms
[2026-03-25T22:18:13.893+0900][221.534s][info][gc,cpu      ] GC(49) User=0.00s Sys=0.00s Real=0.00s
[2026-03-25T22:18:16.526+0900][224.167s][info][gc,start    ] GC(50) Pause Young (Normal) (G1 Evacuation Pause)
[2026-03-25T22:18:16.526+0900][224.167s][info][gc,task     ] GC(50) Using 8 workers of 8 for evacuation
[2026-03-25T22:18:16.527+0900][224.168s][info][gc,phases   ] GC(50)   Pre Evacuate Collection Set: 0.0ms
[2026-03-25T22:18:16.528+0900][224.168s][info][gc,phases   ] GC(50)   Merge Heap Roots: 0.1ms
[2026-03-25T22:18:16.528+0900][224.168s][info][gc,phases   ] GC(50)   Evacuate Collection Set: 0.8ms
[2026-03-25T22:18:16.528+0900][224.168s][info][gc,phases   ] GC(50)   Post Evacuate Collection Set: 0.2ms
[2026-03-25T22:18:16.528+0900][224.168s][info][gc,phases   ] GC(50)   Other: 0.1ms
[2026-03-25T22:18:16.528+0900][224.168s][info][gc,heap     ] GC(50) Eden regions: 74->0(74)
[2026-03-25T22:18:16.528+0900][224.168s][info][gc,heap     ] GC(50) Survivor regions: 2->2(10)
[2026-03-25T22:18:16.528+0900][224.168s][info][gc,heap     ] GC(50) Old regions: 8->8
[2026-03-25T22:18:16.528+0900][224.168s][info][gc,heap     ] GC(50) Archive regions: 2->2
[2026-03-25T22:18:16.528+0900][224.168s][info][gc,heap     ] GC(50) Humongous regions: 12->12
[2026-03-25T22:18:16.528+0900][224.168s][info][gc,metaspace] GC(50) Metaspace: 105129K(106048K)->105129K(106048K) NonClass: 89860K(90368K)->89860K(90368K) Class: 15269K(15680K)->15269K(15680K)
[2026-03-25T22:18:16.528+0900][224.168s][info][gc          ] GC(50) Pause Young (Normal) (G1 Evacuation Pause) 774M->183M(1040M) 1.356ms
[2026-03-25T22:18:16.528+0900][224.168s][info][gc,cpu      ] GC(50) User=0.01s Sys=0.00s Real=0.00s
[2026-03-25T22:18:18.909+0900][226.550s][info][gc,start    ] GC(51) Pause Young (Normal) (G1 Evacuation Pause)
[2026-03-25T22:18:18.909+0900][226.550s][info][gc,task     ] GC(51) Using 8 workers of 8 for evacuation
[2026-03-25T22:18:18.911+0900][226.551s][info][gc,phases   ] GC(51)   Pre Evacuate Collection Set: 0.1ms
[2026-03-25T22:18:18.911+0900][226.551s][info][gc,phases   ] GC(51)   Merge Heap Roots: 0.0ms
[2026-03-25T22:18:18.911+0900][226.551s][info][gc,phases   ] GC(51)   Evacuate Collection Set: 1.3ms
[2026-03-25T22:18:18.911+0900][226.551s][info][gc,phases   ] GC(51)   Post Evacuate Collection Set: 0.2ms
[2026-03-25T22:18:18.911+0900][226.551s][info][gc,phases   ] GC(51)   Other: 0.1ms
[2026-03-25T22:18:18.911+0900][226.551s][info][gc,heap     ] GC(51) Eden regions: 74->0(74)
[2026-03-25T22:18:18.911+0900][226.551s][info][gc,heap     ] GC(51) Survivor regions: 2->2(10)
[2026-03-25T22:18:18.911+0900][226.551s][info][gc,heap     ] GC(51) Old regions: 8->9
[2026-03-25T22:18:18.911+0900][226.551s][info][gc,heap     ] GC(51) Archive regions: 2->2
[2026-03-25T22:18:18.911+0900][226.551s][info][gc,heap     ] GC(51) Humongous regions: 12->12
[2026-03-25T22:18:18.911+0900][226.551s][info][gc,metaspace] GC(51) Metaspace: 105129K(106048K)->105129K(106048K) NonClass: 89860K(90368K)->89860K(90368K) Class: 15269K(15680K)->15269K(15680K)
[2026-03-25T22:18:18.911+0900][226.551s][info][gc          ] GC(51) Pause Young (Normal) (G1 Evacuation Pause) 775M->182M(1040M) 1.799ms
[2026-03-25T22:18:18.911+0900][226.551s][info][gc,cpu      ] GC(51) User=0.01s Sys=0.00s Real=0.01s
[2026-03-25T22:18:21.418+0900][229.058s][info][gc,start    ] GC(52) Pause Young (Normal) (G1 Evacuation Pause)
[2026-03-25T22:18:21.419+0900][229.059s][info][gc,task     ] GC(52) Using 8 workers of 8 for evacuation
[2026-03-25T22:18:21.420+0900][229.061s][info][gc,phases   ] GC(52)   Pre Evacuate Collection Set: 0.1ms
[2026-03-25T22:18:21.420+0900][229.061s][info][gc,phases   ] GC(52)   Merge Heap Roots: 0.1ms
[2026-03-25T22:18:21.420+0900][229.061s][info][gc,phases   ] GC(52)   Evacuate Collection Set: 1.1ms
[2026-03-25T22:18:21.420+0900][229.061s][info][gc,phases   ] GC(52)   Post Evacuate Collection Set: 0.2ms
[2026-03-25T22:18:21.420+0900][229.061s][info][gc,phases   ] GC(52)   Other: 1.0ms
[2026-03-25T22:18:21.420+0900][229.061s][info][gc,heap     ] GC(52) Eden regions: 74->0(75)
[2026-03-25T22:18:21.420+0900][229.061s][info][gc,heap     ] GC(52) Survivor regions: 2->1(10)
[2026-03-25T22:18:21.420+0900][229.061s][info][gc,heap     ] GC(52) Old regions: 9->10
[2026-03-25T22:18:21.420+0900][229.061s][info][gc,heap     ] GC(52) Archive regions: 2->2
[2026-03-25T22:18:21.420+0900][229.061s][info][gc,heap     ] GC(52) Humongous regions: 12->12
[2026-03-25T22:18:21.420+0900][229.061s][info][gc,metaspace] GC(52) Metaspace: 105129K(106048K)->105129K(106048K) NonClass: 89860K(90368K)->89860K(90368K) Class: 15269K(15680K)->15269K(15680K)
[2026-03-25T22:18:21.420+0900][229.061s][info][gc          ] GC(52) Pause Young (Normal) (G1 Evacuation Pause) 774M->182M(1040M) 2.545ms
[2026-03-25T22:18:21.420+0900][229.061s][info][gc,cpu      ] GC(52) User=0.01s Sys=0.00s Real=0.01s
[2026-03-25T22:18:23.928+0900][231.568s][info][gc,start    ] GC(53) Pause Young (Normal) (G1 Evacuation Pause)
[2026-03-25T22:18:23.928+0900][231.568s][info][gc,task     ] GC(53) Using 8 workers of 8 for evacuation
[2026-03-25T22:18:23.929+0900][231.570s][info][gc,phases   ] GC(53)   Pre Evacuate Collection Set: 0.1ms
[2026-03-25T22:18:23.929+0900][231.570s][info][gc,phases   ] GC(53)   Merge Heap Roots: 0.1ms
[2026-03-25T22:18:23.929+0900][231.570s][info][gc,phases   ] GC(53)   Evacuate Collection Set: 1.1ms
[2026-03-25T22:18:23.929+0900][231.570s][info][gc,phases   ] GC(53)   Post Evacuate Collection Set: 0.3ms
[2026-03-25T22:18:23.929+0900][231.570s][info][gc,phases   ] GC(53)   Other: 0.1ms
[2026-03-25T22:18:23.929+0900][231.570s][info][gc,heap     ] GC(53) Eden regions: 75->0(75)
[2026-03-25T22:18:23.929+0900][231.570s][info][gc,heap     ] GC(53) Survivor regions: 1->1(10)
[2026-03-25T22:18:23.929+0900][231.570s][info][gc,heap     ] GC(53) Old regions: 10->10
[2026-03-25T22:18:23.929+0900][231.570s][info][gc,heap     ] GC(53) Archive regions: 2->2
[2026-03-25T22:18:23.929+0900][231.570s][info][gc,heap     ] GC(53) Humongous regions: 12->12
[2026-03-25T22:18:23.929+0900][231.570s][info][gc,metaspace] GC(53) Metaspace: 105129K(106048K)->105129K(106048K) NonClass: 89860K(90368K)->89860K(90368K) Class: 15269K(15680K)->15269K(15680K)
[2026-03-25T22:18:23.929+0900][231.570s][info][gc          ] GC(53) Pause Young (Normal) (G1 Evacuation Pause) 782M->183M(1040M) 1.706ms
[2026-03-25T22:18:23.929+0900][231.570s][info][gc,cpu      ] GC(53) User=0.01s Sys=0.00s Real=0.00s
[2026-03-25T22:18:26.435+0900][234.076s][info][gc,start    ] GC(54) Pause Young (Normal) (G1 Evacuation Pause)
[2026-03-25T22:18:26.435+0900][234.076s][info][gc,task     ] GC(54) Using 8 workers of 8 for evacuation
[2026-03-25T22:18:26.436+0900][234.077s][info][gc,phases   ] GC(54)   Pre Evacuate Collection Set: 0.1ms
[2026-03-25T22:18:26.436+0900][234.077s][info][gc,phases   ] GC(54)   Merge Heap Roots: 0.1ms
[2026-03-25T22:18:26.436+0900][234.077s][info][gc,phases   ] GC(54)   Evacuate Collection Set: 0.6ms
[2026-03-25T22:18:26.436+0900][234.077s][info][gc,phases   ] GC(54)   Post Evacuate Collection Set: 0.2ms
[2026-03-25T22:18:26.436+0900][234.077s][info][gc,phases   ] GC(54)   Other: 0.1ms
[2026-03-25T22:18:26.436+0900][234.077s][info][gc,heap     ] GC(54) Eden regions: 75->0(75)
[2026-03-25T22:18:26.436+0900][234.077s][info][gc,heap     ] GC(54) Survivor regions: 1->1(10)
[2026-03-25T22:18:26.436+0900][234.077s][info][gc,heap     ] GC(54) Old regions: 10->10
[2026-03-25T22:18:26.436+0900][234.077s][info][gc,heap     ] GC(54) Archive regions: 2->2
[2026-03-25T22:18:26.436+0900][234.077s][info][gc,heap     ] GC(54) Humongous regions: 12->12
[2026-03-25T22:18:26.436+0900][234.077s][info][gc,metaspace] GC(54) Metaspace: 105129K(106048K)->105129K(106048K) NonClass: 89860K(90368K)->89860K(90368K) Class: 15269K(15680K)->15269K(15680K)
[2026-03-25T22:18:26.436+0900][234.077s][info][gc          ] GC(54) Pause Young (Normal) (G1 Evacuation Pause) 783M->182M(1040M) 1.145ms
[2026-03-25T22:18:26.436+0900][234.077s][info][gc,cpu      ] GC(54) User=0.00s Sys=0.00s Real=0.00s
[2026-03-25T22:18:28.819+0900][236.460s][info][gc,start    ] GC(55) Pause Young (Normal) (G1 Evacuation Pause)
[2026-03-25T22:18:28.820+0900][236.460s][info][gc,task     ] GC(55) Using 8 workers of 8 for evacuation
[2026-03-25T22:18:28.821+0900][236.461s][info][gc,phases   ] GC(55)   Pre Evacuate Collection Set: 0.1ms
[2026-03-25T22:18:28.821+0900][236.461s][info][gc,phases   ] GC(55)   Merge Heap Roots: 0.1ms
[2026-03-25T22:18:28.821+0900][236.461s][info][gc,phases   ] GC(55)   Evacuate Collection Set: 0.9ms
[2026-03-25T22:18:28.821+0900][236.461s][info][gc,phases   ] GC(55)   Post Evacuate Collection Set: 0.2ms
[2026-03-25T22:18:28.821+0900][236.461s][info][gc,phases   ] GC(55)   Other: 0.1ms
[2026-03-25T22:18:28.821+0900][236.461s][info][gc,heap     ] GC(55) Eden regions: 75->0(75)
[2026-03-25T22:18:28.821+0900][236.461s][info][gc,heap     ] GC(55) Survivor regions: 1->1(10)
[2026-03-25T22:18:28.821+0900][236.461s][info][gc,heap     ] GC(55) Old regions: 10->10
[2026-03-25T22:18:28.821+0900][236.461s][info][gc,heap     ] GC(55) Archive regions: 2->2
[2026-03-25T22:18:28.821+0900][236.461s][info][gc,heap     ] GC(55) Humongous regions: 12->12
[2026-03-25T22:18:28.821+0900][236.461s][info][gc,metaspace] GC(55) Metaspace: 105129K(106048K)->105129K(106048K) NonClass: 89860K(90368K)->89860K(90368K) Class: 15269K(15680K)->15269K(15680K)
[2026-03-25T22:18:28.821+0900][236.461s][info][gc          ] GC(55) Pause Young (Normal) (G1 Evacuation Pause) 782M->183M(1040M) 1.375ms
[2026-03-25T22:18:28.821+0900][236.461s][info][gc,cpu      ] GC(55) User=0.00s Sys=0.00s Real=0.01s
[2026-03-25T22:18:31.446+0900][239.087s][info][gc,start    ] GC(56) Pause Young (Normal) (G1 Evacuation Pause)
[2026-03-25T22:18:31.446+0900][239.087s][info][gc,task     ] GC(56) Using 8 workers of 8 for evacuation
[2026-03-25T22:18:31.448+0900][239.088s][info][gc,phases   ] GC(56)   Pre Evacuate Collection Set: 0.1ms
[2026-03-25T22:18:31.448+0900][239.088s][info][gc,phases   ] GC(56)   Merge Heap Roots: 0.1ms
[2026-03-25T22:18:31.448+0900][239.088s][info][gc,phases   ] GC(56)   Evacuate Collection Set: 0.8ms
[2026-03-25T22:18:31.448+0900][239.088s][info][gc,phases   ] GC(56)   Post Evacuate Collection Set: 0.2ms
[2026-03-25T22:18:31.448+0900][239.088s][info][gc,phases   ] GC(56)   Other: 0.1ms
[2026-03-25T22:18:31.448+0900][239.088s][info][gc,heap     ] GC(56) Eden regions: 75->0(75)
[2026-03-25T22:18:31.448+0900][239.088s][info][gc,heap     ] GC(56) Survivor regions: 1->1(10)
[2026-03-25T22:18:31.448+0900][239.088s][info][gc,heap     ] GC(56) Old regions: 10->10
[2026-03-25T22:18:31.448+0900][239.088s][info][gc,heap     ] GC(56) Archive regions: 2->2
[2026-03-25T22:18:31.448+0900][239.088s][info][gc,heap     ] GC(56) Humongous regions: 12->12
[2026-03-25T22:18:31.448+0900][239.088s][info][gc,metaspace] GC(56) Metaspace: 105129K(106048K)->105129K(106048K) NonClass: 89860K(90368K)->89860K(90368K) Class: 15269K(15680K)->15269K(15680K)
[2026-03-25T22:18:31.448+0900][239.088s][info][gc          ] GC(56) Pause Young (Normal) (G1 Evacuation Pause) 783M->183M(1040M) 1.220ms
[2026-03-25T22:18:31.448+0900][239.088s][info][gc,cpu      ] GC(56) User=0.00s Sys=0.00s Real=0.00s
[2026-03-25T22:18:34.071+0900][241.711s][info][gc,start    ] GC(57) Pause Young (Normal) (G1 Evacuation Pause)
[2026-03-25T22:18:34.071+0900][241.711s][info][gc,task     ] GC(57) Using 8 workers of 8 for evacuation
[2026-03-25T22:18:34.072+0900][241.712s][info][gc,phases   ] GC(57)   Pre Evacuate Collection Set: 0.1ms
[2026-03-25T22:18:34.072+0900][241.712s][info][gc,phases   ] GC(57)   Merge Heap Roots: 0.1ms
[2026-03-25T22:18:34.072+0900][241.712s][info][gc,phases   ] GC(57)   Evacuate Collection Set: 0.7ms
[2026-03-25T22:18:34.072+0900][241.712s][info][gc,phases   ] GC(57)   Post Evacuate Collection Set: 0.2ms
[2026-03-25T22:18:34.072+0900][241.712s][info][gc,phases   ] GC(57)   Other: 0.1ms
[2026-03-25T22:18:34.072+0900][241.712s][info][gc,heap     ] GC(57) Eden regions: 75->0(75)
[2026-03-25T22:18:34.072+0900][241.712s][info][gc,heap     ] GC(57) Survivor regions: 1->1(10)
[2026-03-25T22:18:34.072+0900][241.712s][info][gc,heap     ] GC(57) Old regions: 10->10
[2026-03-25T22:18:34.072+0900][241.712s][info][gc,heap     ] GC(57) Archive regions: 2->2
[2026-03-25T22:18:34.072+0900][241.712s][info][gc,heap     ] GC(57) Humongous regions: 12->12
[2026-03-25T22:18:34.072+0900][241.712s][info][gc,metaspace] GC(57) Metaspace: 105129K(106048K)->105129K(106048K) NonClass: 89860K(90368K)->89860K(90368K) Class: 15269K(15680K)->15269K(15680K)
[2026-03-25T22:18:34.072+0900][241.712s][info][gc          ] GC(57) Pause Young (Normal) (G1 Evacuation Pause) 783M->183M(1040M) 1.204ms
[2026-03-25T22:18:34.072+0900][241.712s][info][gc,cpu      ] GC(57) User=0.01s Sys=0.00s Real=0.00s
[2026-03-25T22:18:36.441+0900][244.082s][info][gc,start    ] GC(58) Pause Young (Normal) (G1 Evacuation Pause)
[2026-03-25T22:18:36.442+0900][244.082s][info][gc,task     ] GC(58) Using 8 workers of 8 for evacuation
[2026-03-25T22:18:36.443+0900][244.083s][info][gc,phases   ] GC(58)   Pre Evacuate Collection Set: 0.0ms
[2026-03-25T22:18:36.443+0900][244.083s][info][gc,phases   ] GC(58)   Merge Heap Roots: 0.1ms
[2026-03-25T22:18:36.443+0900][244.083s][info][gc,phases   ] GC(58)   Evacuate Collection Set: 0.9ms
[2026-03-25T22:18:36.443+0900][244.083s][info][gc,phases   ] GC(58)   Post Evacuate Collection Set: 0.2ms
[2026-03-25T22:18:36.443+0900][244.083s][info][gc,phases   ] GC(58)   Other: 0.3ms
[2026-03-25T22:18:36.443+0900][244.083s][info][gc,heap     ] GC(58) Eden regions: 75->0(75)
[2026-03-25T22:18:36.443+0900][244.083s][info][gc,heap     ] GC(58) Survivor regions: 1->1(10)
[2026-03-25T22:18:36.443+0900][244.083s][info][gc,heap     ] GC(58) Old regions: 10->10
[2026-03-25T22:18:36.443+0900][244.083s][info][gc,heap     ] GC(58) Archive regions: 2->2
[2026-03-25T22:18:36.443+0900][244.083s][info][gc,heap     ] GC(58) Humongous regions: 12->12
[2026-03-25T22:18:36.443+0900][244.083s][info][gc,metaspace] GC(58) Metaspace: 105129K(106048K)->105129K(106048K) NonClass: 89860K(90368K)->89860K(90368K) Class: 15269K(15680K)->15269K(15680K)
[2026-03-25T22:18:36.443+0900][244.083s][info][gc          ] GC(58) Pause Young (Normal) (G1 Evacuation Pause) 783M->184M(1040M) 1.504ms
[2026-03-25T22:18:36.443+0900][244.083s][info][gc,cpu      ] GC(58) User=0.00s Sys=0.00s Real=0.00s
[2026-03-25T22:18:38.903+0900][246.543s][info][gc,start    ] GC(59) Pause Young (Normal) (G1 Evacuation Pause)
[2026-03-25T22:18:38.903+0900][246.543s][info][gc,task     ] GC(59) Using 8 workers of 8 for evacuation
[2026-03-25T22:18:38.904+0900][246.544s][info][gc,phases   ] GC(59)   Pre Evacuate Collection Set: 0.1ms
[2026-03-25T22:18:38.904+0900][246.544s][info][gc,phases   ] GC(59)   Merge Heap Roots: 0.1ms
[2026-03-25T22:18:38.904+0900][246.544s][info][gc,phases   ] GC(59)   Evacuate Collection Set: 0.7ms
[2026-03-25T22:18:38.904+0900][246.544s][info][gc,phases   ] GC(59)   Post Evacuate Collection Set: 0.2ms
[2026-03-25T22:18:38.904+0900][246.544s][info][gc,phases   ] GC(59)   Other: 0.1ms
[2026-03-25T22:18:38.904+0900][246.544s][info][gc,heap     ] GC(59) Eden regions: 75->0(75)
[2026-03-25T22:18:38.904+0900][246.544s][info][gc,heap     ] GC(59) Survivor regions: 1->1(10)
[2026-03-25T22:18:38.904+0900][246.544s][info][gc,heap     ] GC(59) Old regions: 10->10
[2026-03-25T22:18:38.904+0900][246.544s][info][gc,heap     ] GC(59) Archive regions: 2->2
[2026-03-25T22:18:38.904+0900][246.544s][info][gc,heap     ] GC(59) Humongous regions: 12->12
[2026-03-25T22:18:38.904+0900][246.544s][info][gc,metaspace] GC(59) Metaspace: 105129K(106048K)->105129K(106048K) NonClass: 89860K(90368K)->89860K(90368K) Class: 15269K(15680K)->15269K(15680K)
[2026-03-25T22:18:38.904+0900][246.544s][info][gc          ] GC(59) Pause Young (Normal) (G1 Evacuation Pause) 784M->184M(1040M) 1.201ms
[2026-03-25T22:18:38.904+0900][246.544s][info][gc,cpu      ] GC(59) User=0.00s Sys=0.00s Real=0.00s
[2026-03-25T22:18:41.241+0900][248.881s][info][gc,start    ] GC(60) Pause Young (Normal) (G1 Evacuation Pause)
[2026-03-25T22:18:41.241+0900][248.881s][info][gc,task     ] GC(60) Using 8 workers of 8 for evacuation
[2026-03-25T22:18:41.242+0900][248.882s][info][gc,phases   ] GC(60)   Pre Evacuate Collection Set: 0.1ms
[2026-03-25T22:18:41.242+0900][248.882s][info][gc,phases   ] GC(60)   Merge Heap Roots: 0.1ms
[2026-03-25T22:18:41.242+0900][248.882s][info][gc,phases   ] GC(60)   Evacuate Collection Set: 0.8ms
[2026-03-25T22:18:41.242+0900][248.882s][info][gc,phases   ] GC(60)   Post Evacuate Collection Set: 0.2ms
[2026-03-25T22:18:41.242+0900][248.882s][info][gc,phases   ] GC(60)   Other: 0.1ms
[2026-03-25T22:18:41.242+0900][248.882s][info][gc,heap     ] GC(60) Eden regions: 75->0(75)
[2026-03-25T22:18:41.242+0900][248.882s][info][gc,heap     ] GC(60) Survivor regions: 1->1(10)
[2026-03-25T22:18:41.242+0900][248.882s][info][gc,heap     ] GC(60) Old regions: 10->10
[2026-03-25T22:18:41.242+0900][248.882s][info][gc,heap     ] GC(60) Archive regions: 2->2
[2026-03-25T22:18:41.242+0900][248.882s][info][gc,heap     ] GC(60) Humongous regions: 12->12
[2026-03-25T22:18:41.242+0900][248.882s][info][gc,metaspace] GC(60) Metaspace: 105129K(106048K)->105129K(106048K) NonClass: 89860K(90368K)->89860K(90368K) Class: 15269K(15680K)->15269K(15680K)
[2026-03-25T22:18:41.242+0900][248.882s][info][gc          ] GC(60) Pause Young (Normal) (G1 Evacuation Pause) 784M->185M(1040M) 1.341ms
[2026-03-25T22:18:41.242+0900][248.882s][info][gc,cpu      ] GC(60) User=0.00s Sys=0.00s Real=0.00s
[2026-03-25T22:18:43.561+0900][251.201s][info][gc,start    ] GC(61) Pause Young (Normal) (G1 Evacuation Pause)
[2026-03-25T22:18:43.561+0900][251.202s][info][gc,task     ] GC(61) Using 8 workers of 8 for evacuation
[2026-03-25T22:18:43.563+0900][251.203s][info][gc,phases   ] GC(61)   Pre Evacuate Collection Set: 0.1ms
[2026-03-25T22:18:43.563+0900][251.203s][info][gc,phases   ] GC(61)   Merge Heap Roots: 0.1ms
[2026-03-25T22:18:43.563+0900][251.203s][info][gc,phases   ] GC(61)   Evacuate Collection Set: 1.1ms
[2026-03-25T22:18:43.563+0900][251.203s][info][gc,phases   ] GC(61)   Post Evacuate Collection Set: 0.2ms
[2026-03-25T22:18:43.563+0900][251.203s][info][gc,phases   ] GC(61)   Other: 0.8ms
[2026-03-25T22:18:43.563+0900][251.203s][info][gc,heap     ] GC(61) Eden regions: 75->0(75)
[2026-03-25T22:18:43.563+0900][251.203s][info][gc,heap     ] GC(61) Survivor regions: 1->1(10)
[2026-03-25T22:18:43.563+0900][251.203s][info][gc,heap     ] GC(61) Old regions: 10->10
[2026-03-25T22:18:43.563+0900][251.203s][info][gc,heap     ] GC(61) Archive regions: 2->2
[2026-03-25T22:18:43.563+0900][251.203s][info][gc,heap     ] GC(61) Humongous regions: 12->12
[2026-03-25T22:18:43.563+0900][251.203s][info][gc,metaspace] GC(61) Metaspace: 105129K(106048K)->105129K(106048K) NonClass: 89860K(90368K)->89860K(90368K) Class: 15269K(15680K)->15269K(15680K)
[2026-03-25T22:18:43.563+0900][251.203s][info][gc          ] GC(61) Pause Young (Normal) (G1 Evacuation Pause) 785M->186M(1040M) 2.348ms
[2026-03-25T22:18:43.563+0900][251.203s][info][gc,cpu      ] GC(61) User=0.01s Sys=0.00s Real=0.00s
[2026-03-25T22:18:45.678+0900][253.318s][info][gc,start    ] GC(62) Pause Young (Normal) (G1 Evacuation Pause)
[2026-03-25T22:18:45.678+0900][253.319s][info][gc,task     ] GC(62) Using 8 workers of 8 for evacuation
[2026-03-25T22:18:45.679+0900][253.320s][info][gc,phases   ] GC(62)   Pre Evacuate Collection Set: 0.1ms
[2026-03-25T22:18:45.680+0900][253.320s][info][gc,phases   ] GC(62)   Merge Heap Roots: 0.1ms
[2026-03-25T22:18:45.680+0900][253.320s][info][gc,phases   ] GC(62)   Evacuate Collection Set: 0.7ms
[2026-03-25T22:18:45.680+0900][253.320s][info][gc,phases   ] GC(62)   Post Evacuate Collection Set: 0.2ms
[2026-03-25T22:18:45.680+0900][253.320s][info][gc,phases   ] GC(62)   Other: 0.4ms
[2026-03-25T22:18:45.680+0900][253.320s][info][gc,heap     ] GC(62) Eden regions: 75->0(75)
[2026-03-25T22:18:45.680+0900][253.320s][info][gc,heap     ] GC(62) Survivor regions: 1->1(10)
[2026-03-25T22:18:45.680+0900][253.320s][info][gc,heap     ] GC(62) Old regions: 10->10
[2026-03-25T22:18:45.680+0900][253.320s][info][gc,heap     ] GC(62) Archive regions: 2->2
[2026-03-25T22:18:45.680+0900][253.320s][info][gc,heap     ] GC(62) Humongous regions: 12->12
[2026-03-25T22:18:45.680+0900][253.320s][info][gc,metaspace] GC(62) Metaspace: 105129K(106048K)->105129K(106048K) NonClass: 89860K(90368K)->89860K(90368K) Class: 15269K(15680K)->15269K(15680K)
[2026-03-25T22:18:45.680+0900][253.320s][info][gc          ] GC(62) Pause Young (Normal) (G1 Evacuation Pause) 786M->184M(1040M) 1.836ms
[2026-03-25T22:18:45.680+0900][253.320s][info][gc,cpu      ] GC(62) User=0.00s Sys=0.00s Real=0.01s
[2026-03-25T22:18:48.114+0900][255.754s][info][gc,start    ] GC(63) Pause Young (Normal) (G1 Evacuation Pause)
[2026-03-25T22:18:48.114+0900][255.754s][info][gc,task     ] GC(63) Using 8 workers of 8 for evacuation
[2026-03-25T22:18:48.116+0900][255.756s][info][gc,phases   ] GC(63)   Pre Evacuate Collection Set: 0.1ms
[2026-03-25T22:18:48.116+0900][255.756s][info][gc,phases   ] GC(63)   Merge Heap Roots: 0.1ms
[2026-03-25T22:18:48.116+0900][255.756s][info][gc,phases   ] GC(63)   Evacuate Collection Set: 1.2ms
[2026-03-25T22:18:48.116+0900][255.756s][info][gc,phases   ] GC(63)   Post Evacuate Collection Set: 0.2ms
[2026-03-25T22:18:48.116+0900][255.756s][info][gc,phases   ] GC(63)   Other: 0.1ms
[2026-03-25T22:18:48.116+0900][255.756s][info][gc,heap     ] GC(63) Eden regions: 75->0(75)
[2026-03-25T22:18:48.116+0900][255.756s][info][gc,heap     ] GC(63) Survivor regions: 1->1(10)
[2026-03-25T22:18:48.116+0900][255.756s][info][gc,heap     ] GC(63) Old regions: 10->10
[2026-03-25T22:18:48.116+0900][255.756s][info][gc,heap     ] GC(63) Archive regions: 2->2
[2026-03-25T22:18:48.116+0900][255.756s][info][gc,heap     ] GC(63) Humongous regions: 12->12
[2026-03-25T22:18:48.116+0900][255.756s][info][gc,metaspace] GC(63) Metaspace: 105129K(106048K)->105129K(106048K) NonClass: 89860K(90368K)->89860K(90368K) Class: 15269K(15680K)->15269K(15680K)
[2026-03-25T22:18:48.116+0900][255.756s][info][gc          ] GC(63) Pause Young (Normal) (G1 Evacuation Pause) 784M->186M(1040M) 1.722ms
[2026-03-25T22:18:48.116+0900][255.756s][info][gc,cpu      ] GC(63) User=0.01s Sys=0.00s Real=0.00s
[2026-03-25T22:18:50.654+0900][258.294s][info][gc,start    ] GC(64) Pause Young (Normal) (G1 Evacuation Pause)
[2026-03-25T22:18:50.654+0900][258.294s][info][gc,task     ] GC(64) Using 8 workers of 8 for evacuation
[2026-03-25T22:18:50.655+0900][258.295s][info][gc,phases   ] GC(64)   Pre Evacuate Collection Set: 0.1ms
[2026-03-25T22:18:50.655+0900][258.295s][info][gc,phases   ] GC(64)   Merge Heap Roots: 0.1ms
[2026-03-25T22:18:50.655+0900][258.295s][info][gc,phases   ] GC(64)   Evacuate Collection Set: 0.9ms
[2026-03-25T22:18:50.655+0900][258.295s][info][gc,phases   ] GC(64)   Post Evacuate Collection Set: 0.3ms
[2026-03-25T22:18:50.655+0900][258.295s][info][gc,phases   ] GC(64)   Other: 0.1ms
[2026-03-25T22:18:50.655+0900][258.295s][info][gc,heap     ] GC(64) Eden regions: 75->0(75)
[2026-03-25T22:18:50.655+0900][258.295s][info][gc,heap     ] GC(64) Survivor regions: 1->1(10)
[2026-03-25T22:18:50.655+0900][258.295s][info][gc,heap     ] GC(64) Old regions: 10->10
[2026-03-25T22:18:50.655+0900][258.295s][info][gc,heap     ] GC(64) Archive regions: 2->2
[2026-03-25T22:18:50.655+0900][258.295s][info][gc,heap     ] GC(64) Humongous regions: 12->12
[2026-03-25T22:18:50.655+0900][258.295s][info][gc,metaspace] GC(64) Metaspace: 105129K(106048K)->105129K(106048K) NonClass: 89860K(90368K)->89860K(90368K) Class: 15269K(15680K)->15269K(15680K)
[2026-03-25T22:18:50.655+0900][258.295s][info][gc          ] GC(64) Pause Young (Normal) (G1 Evacuation Pause) 786M->185M(1040M) 1.412ms
[2026-03-25T22:18:50.655+0900][258.295s][info][gc,cpu      ] GC(64) User=0.01s Sys=0.00s Real=0.00s
[2026-03-25T22:18:52.900+0900][260.540s][info][gc,start    ] GC(65) Pause Young (Normal) (G1 Evacuation Pause)
[2026-03-25T22:18:52.900+0900][260.541s][info][gc,task     ] GC(65) Using 8 workers of 8 for evacuation
[2026-03-25T22:18:52.902+0900][260.542s][info][gc,phases   ] GC(65)   Pre Evacuate Collection Set: 0.1ms
[2026-03-25T22:18:52.902+0900][260.542s][info][gc,phases   ] GC(65)   Merge Heap Roots: 0.1ms
[2026-03-25T22:18:52.902+0900][260.542s][info][gc,phases   ] GC(65)   Evacuate Collection Set: 0.8ms
[2026-03-25T22:18:52.902+0900][260.542s][info][gc,phases   ] GC(65)   Post Evacuate Collection Set: 0.2ms
[2026-03-25T22:18:52.902+0900][260.542s][info][gc,phases   ] GC(65)   Other: 0.3ms
[2026-03-25T22:18:52.902+0900][260.542s][info][gc,heap     ] GC(65) Eden regions: 75->0(75)
[2026-03-25T22:18:52.902+0900][260.542s][info][gc,heap     ] GC(65) Survivor regions: 1->1(10)
[2026-03-25T22:18:52.902+0900][260.542s][info][gc,heap     ] GC(65) Old regions: 10->10
[2026-03-25T22:18:52.902+0900][260.542s][info][gc,heap     ] GC(65) Archive regions: 2->2
[2026-03-25T22:18:52.902+0900][260.542s][info][gc,heap     ] GC(65) Humongous regions: 12->12
[2026-03-25T22:18:52.902+0900][260.542s][info][gc,metaspace] GC(65) Metaspace: 105129K(106048K)->105129K(106048K) NonClass: 89860K(90368K)->89860K(90368K) Class: 15269K(15680K)->15269K(15680K)
[2026-03-25T22:18:52.902+0900][260.542s][info][gc          ] GC(65) Pause Young (Normal) (G1 Evacuation Pause) 785M->185M(1040M) 1.448ms
[2026-03-25T22:18:52.902+0900][260.542s][info][gc,cpu      ] GC(65) User=0.01s Sys=0.00s Real=0.00s
[2026-03-25T22:18:55.529+0900][263.169s][info][gc,start    ] GC(66) Pause Young (Normal) (G1 Evacuation Pause)
[2026-03-25T22:18:55.529+0900][263.169s][info][gc,task     ] GC(66) Using 8 workers of 8 for evacuation
[2026-03-25T22:18:55.530+0900][263.171s][info][gc,phases   ] GC(66)   Pre Evacuate Collection Set: 0.1ms
[2026-03-25T22:18:55.530+0900][263.171s][info][gc,phases   ] GC(66)   Merge Heap Roots: 0.1ms
[2026-03-25T22:18:55.530+0900][263.171s][info][gc,phases   ] GC(66)   Evacuate Collection Set: 0.6ms
[2026-03-25T22:18:55.530+0900][263.171s][info][gc,phases   ] GC(66)   Post Evacuate Collection Set: 0.2ms
[2026-03-25T22:18:55.530+0900][263.171s][info][gc,phases   ] GC(66)   Other: 0.1ms
[2026-03-25T22:18:55.530+0900][263.171s][info][gc,heap     ] GC(66) Eden regions: 75->0(75)
[2026-03-25T22:18:55.530+0900][263.171s][info][gc,heap     ] GC(66) Survivor regions: 1->1(10)
[2026-03-25T22:18:55.530+0900][263.171s][info][gc,heap     ] GC(66) Old regions: 10->10
[2026-03-25T22:18:55.530+0900][263.171s][info][gc,heap     ] GC(66) Archive regions: 2->2
[2026-03-25T22:18:55.530+0900][263.171s][info][gc,heap     ] GC(66) Humongous regions: 12->12
[2026-03-25T22:18:55.530+0900][263.171s][info][gc,metaspace] GC(66) Metaspace: 105129K(106048K)->105129K(106048K) NonClass: 89860K(90368K)->89860K(90368K) Class: 15269K(15680K)->15269K(15680K)
[2026-03-25T22:18:55.530+0900][263.171s][info][gc          ] GC(66) Pause Young (Normal) (G1 Evacuation Pause) 785M->185M(1040M) 1.135ms
[2026-03-25T22:18:55.530+0900][263.171s][info][gc,cpu      ] GC(66) User=0.01s Sys=0.00s Real=0.01s
[2026-03-25T22:18:58.481+0900][266.121s][info][gc,start    ] GC(67) Pause Young (Normal) (G1 Evacuation Pause)
[2026-03-25T22:18:58.481+0900][266.121s][info][gc,task     ] GC(67) Using 8 workers of 8 for evacuation
[2026-03-25T22:18:58.482+0900][266.122s][info][gc,phases   ] GC(67)   Pre Evacuate Collection Set: 0.1ms
[2026-03-25T22:18:58.482+0900][266.122s][info][gc,phases   ] GC(67)   Merge Heap Roots: 0.1ms
[2026-03-25T22:18:58.482+0900][266.122s][info][gc,phases   ] GC(67)   Evacuate Collection Set: 0.8ms
[2026-03-25T22:18:58.482+0900][266.122s][info][gc,phases   ] GC(67)   Post Evacuate Collection Set: 0.2ms
[2026-03-25T22:18:58.482+0900][266.122s][info][gc,phases   ] GC(67)   Other: 0.2ms
[2026-03-25T22:18:58.482+0900][266.122s][info][gc,heap     ] GC(67) Eden regions: 75->0(75)
[2026-03-25T22:18:58.482+0900][266.122s][info][gc,heap     ] GC(67) Survivor regions: 1->1(10)
[2026-03-25T22:18:58.482+0900][266.122s][info][gc,heap     ] GC(67) Old regions: 10->10
[2026-03-25T22:18:58.482+0900][266.122s][info][gc,heap     ] GC(67) Archive regions: 2->2
[2026-03-25T22:18:58.482+0900][266.122s][info][gc,heap     ] GC(67) Humongous regions: 12->12
[2026-03-25T22:18:58.482+0900][266.122s][info][gc,metaspace] GC(67) Metaspace: 105129K(106048K)->105129K(106048K) NonClass: 89860K(90368K)->89860K(90368K) Class: 15269K(15680K)->15269K(15680K)
[2026-03-25T22:18:58.482+0900][266.122s][info][gc          ] GC(67) Pause Young (Normal) (G1 Evacuation Pause) 785M->185M(1040M) 1.451ms
[2026-03-25T22:18:58.482+0900][266.122s][info][gc,cpu      ] GC(67) User=0.01s Sys=0.00s Real=0.00s
[2026-03-25T22:19:01.603+0900][269.243s][info][gc,start    ] GC(68) Pause Young (Normal) (G1 Evacuation Pause)
[2026-03-25T22:19:01.603+0900][269.243s][info][gc,task     ] GC(68) Using 8 workers of 8 for evacuation
[2026-03-25T22:19:01.604+0900][269.244s][info][gc,phases   ] GC(68)   Pre Evacuate Collection Set: 0.1ms
[2026-03-25T22:19:01.604+0900][269.244s][info][gc,phases   ] GC(68)   Merge Heap Roots: 0.1ms
[2026-03-25T22:19:01.604+0900][269.244s][info][gc,phases   ] GC(68)   Evacuate Collection Set: 0.7ms
[2026-03-25T22:19:01.604+0900][269.244s][info][gc,phases   ] GC(68)   Post Evacuate Collection Set: 0.2ms
[2026-03-25T22:19:01.604+0900][269.244s][info][gc,phases   ] GC(68)   Other: 0.1ms
[2026-03-25T22:19:01.604+0900][269.244s][info][gc,heap     ] GC(68) Eden regions: 75->0(75)
[2026-03-25T22:19:01.604+0900][269.244s][info][gc,heap     ] GC(68) Survivor regions: 1->1(10)
[2026-03-25T22:19:01.604+0900][269.244s][info][gc,heap     ] GC(68) Old regions: 10->10
[2026-03-25T22:19:01.604+0900][269.244s][info][gc,heap     ] GC(68) Archive regions: 2->2
[2026-03-25T22:19:01.604+0900][269.244s][info][gc,heap     ] GC(68) Humongous regions: 12->12
[2026-03-25T22:19:01.604+0900][269.244s][info][gc,metaspace] GC(68) Metaspace: 105129K(106048K)->105129K(106048K) NonClass: 89860K(90368K)->89860K(90368K) Class: 15269K(15680K)->15269K(15680K)
[2026-03-25T22:19:01.604+0900][269.244s][info][gc          ] GC(68) Pause Young (Normal) (G1 Evacuation Pause) 785M->185M(1040M) 1.216ms
[2026-03-25T22:19:01.604+0900][269.244s][info][gc,cpu      ] GC(68) User=0.00s Sys=0.00s Real=0.00s
[2026-03-25T22:19:04.678+0900][272.319s][info][gc,start    ] GC(69) Pause Young (Normal) (G1 Evacuation Pause)
[2026-03-25T22:19:04.678+0900][272.319s][info][gc,task     ] GC(69) Using 8 workers of 8 for evacuation
[2026-03-25T22:19:04.680+0900][272.320s][info][gc,phases   ] GC(69)   Pre Evacuate Collection Set: 0.0ms
[2026-03-25T22:19:04.680+0900][272.320s][info][gc,phases   ] GC(69)   Merge Heap Roots: 0.1ms
[2026-03-25T22:19:04.680+0900][272.320s][info][gc,phases   ] GC(69)   Evacuate Collection Set: 0.7ms
[2026-03-25T22:19:04.680+0900][272.320s][info][gc,phases   ] GC(69)   Post Evacuate Collection Set: 0.2ms
[2026-03-25T22:19:04.680+0900][272.320s][info][gc,phases   ] GC(69)   Other: 0.1ms
[2026-03-25T22:19:04.680+0900][272.320s][info][gc,heap     ] GC(69) Eden regions: 75->0(75)
[2026-03-25T22:19:04.680+0900][272.320s][info][gc,heap     ] GC(69) Survivor regions: 1->1(10)
[2026-03-25T22:19:04.680+0900][272.320s][info][gc,heap     ] GC(69) Old regions: 10->10
[2026-03-25T22:19:04.680+0900][272.320s][info][gc,heap     ] GC(69) Archive regions: 2->2
[2026-03-25T22:19:04.680+0900][272.320s][info][gc,heap     ] GC(69) Humongous regions: 12->12
[2026-03-25T22:19:04.680+0900][272.320s][info][gc,metaspace] GC(69) Metaspace: 105129K(106048K)->105129K(106048K) NonClass: 89860K(90368K)->89860K(90368K) Class: 15269K(15680K)->15269K(15680K)
[2026-03-25T22:19:04.680+0900][272.320s][info][gc          ] GC(69) Pause Young (Normal) (G1 Evacuation Pause) 785M->185M(1040M) 1.229ms
[2026-03-25T22:19:04.680+0900][272.320s][info][gc,cpu      ] GC(69) User=0.01s Sys=0.00s Real=0.01s
[2026-03-25T22:19:07.714+0900][275.355s][info][gc,start    ] GC(70) Pause Young (Normal) (G1 Evacuation Pause)
[2026-03-25T22:19:07.715+0900][275.355s][info][gc,task     ] GC(70) Using 8 workers of 8 for evacuation
[2026-03-25T22:19:07.716+0900][275.356s][info][gc,phases   ] GC(70)   Pre Evacuate Collection Set: 0.1ms
[2026-03-25T22:19:07.716+0900][275.356s][info][gc,phases   ] GC(70)   Merge Heap Roots: 0.1ms
[2026-03-25T22:19:07.716+0900][275.356s][info][gc,phases   ] GC(70)   Evacuate Collection Set: 0.7ms
[2026-03-25T22:19:07.716+0900][275.356s][info][gc,phases   ] GC(70)   Post Evacuate Collection Set: 0.2ms
[2026-03-25T22:19:07.716+0900][275.356s][info][gc,phases   ] GC(70)   Other: 0.3ms
[2026-03-25T22:19:07.716+0900][275.356s][info][gc,heap     ] GC(70) Eden regions: 75->0(75)
[2026-03-25T22:19:07.716+0900][275.356s][info][gc,heap     ] GC(70) Survivor regions: 1->1(10)
[2026-03-25T22:19:07.716+0900][275.356s][info][gc,heap     ] GC(70) Old regions: 10->10
[2026-03-25T22:19:07.716+0900][275.356s][info][gc,heap     ] GC(70) Archive regions: 2->2
[2026-03-25T22:19:07.716+0900][275.356s][info][gc,heap     ] GC(70) Humongous regions: 12->12
[2026-03-25T22:19:07.716+0900][275.356s][info][gc,metaspace] GC(70) Metaspace: 105131K(106048K)->105131K(106048K) NonClass: 89861K(90368K)->89861K(90368K) Class: 15270K(15680K)->15270K(15680K)
[2026-03-25T22:19:07.716+0900][275.356s][info][gc          ] GC(70) Pause Young (Normal) (G1 Evacuation Pause) 785M->185M(1040M) 1.389ms
[2026-03-25T22:19:07.716+0900][275.356s][info][gc,cpu      ] GC(70) User=0.01s Sys=0.00s Real=0.00s
[2026-03-25T22:19:11.410+0900][279.050s][info][gc,start    ] GC(71) Pause Young (Normal) (G1 Evacuation Pause)
[2026-03-25T22:19:11.410+0900][279.050s][info][gc,task     ] GC(71) Using 8 workers of 8 for evacuation
[2026-03-25T22:19:11.411+0900][279.051s][info][gc,phases   ] GC(71)   Pre Evacuate Collection Set: 0.1ms
[2026-03-25T22:19:11.411+0900][279.051s][info][gc,phases   ] GC(71)   Merge Heap Roots: 0.1ms
[2026-03-25T22:19:11.411+0900][279.051s][info][gc,phases   ] GC(71)   Evacuate Collection Set: 0.7ms
[2026-03-25T22:19:11.411+0900][279.051s][info][gc,phases   ] GC(71)   Post Evacuate Collection Set: 0.2ms
[2026-03-25T22:19:11.411+0900][279.051s][info][gc,phases   ] GC(71)   Other: 0.1ms
[2026-03-25T22:19:11.411+0900][279.051s][info][gc,heap     ] GC(71) Eden regions: 75->0(75)
[2026-03-25T22:19:11.411+0900][279.051s][info][gc,heap     ] GC(71) Survivor regions: 1->1(10)
[2026-03-25T22:19:11.411+0900][279.051s][info][gc,heap     ] GC(71) Old regions: 10->10
[2026-03-25T22:19:11.411+0900][279.051s][info][gc,heap     ] GC(71) Archive regions: 2->2
[2026-03-25T22:19:11.411+0900][279.051s][info][gc,heap     ] GC(71) Humongous regions: 12->12
[2026-03-25T22:19:11.411+0900][279.051s][info][gc,metaspace] GC(71) Metaspace: 105131K(106048K)->105131K(106048K) NonClass: 89861K(90368K)->89861K(90368K) Class: 15270K(15680K)->15270K(15680K)
[2026-03-25T22:19:11.411+0900][279.051s][info][gc          ] GC(71) Pause Young (Normal) (G1 Evacuation Pause) 785M->185M(1040M) 1.175ms
[2026-03-25T22:19:11.411+0900][279.051s][info][gc,cpu      ] GC(71) User=0.01s Sys=0.00s Real=0.00s
[2026-03-25T22:19:15.598+0900][283.238s][info][gc,start    ] GC(72) Pause Young (Normal) (G1 Evacuation Pause)
[2026-03-25T22:19:15.598+0900][283.238s][info][gc,task     ] GC(72) Using 8 workers of 8 for evacuation
[2026-03-25T22:19:15.599+0900][283.239s][info][gc,phases   ] GC(72)   Pre Evacuate Collection Set: 0.1ms
[2026-03-25T22:19:15.599+0900][283.239s][info][gc,phases   ] GC(72)   Merge Heap Roots: 0.1ms
[2026-03-25T22:19:15.599+0900][283.239s][info][gc,phases   ] GC(72)   Evacuate Collection Set: 0.7ms
[2026-03-25T22:19:15.599+0900][283.239s][info][gc,phases   ] GC(72)   Post Evacuate Collection Set: 0.2ms
[2026-03-25T22:19:15.599+0900][283.239s][info][gc,phases   ] GC(72)   Other: 0.1ms
[2026-03-25T22:19:15.599+0900][283.239s][info][gc,heap     ] GC(72) Eden regions: 75->0(75)
[2026-03-25T22:19:15.599+0900][283.239s][info][gc,heap     ] GC(72) Survivor regions: 1->1(10)
[2026-03-25T22:19:15.599+0900][283.239s][info][gc,heap     ] GC(72) Old regions: 10->10
[2026-03-25T22:19:15.599+0900][283.239s][info][gc,heap     ] GC(72) Archive regions: 2->2
[2026-03-25T22:19:15.599+0900][283.239s][info][gc,heap     ] GC(72) Humongous regions: 12->12
[2026-03-25T22:19:15.599+0900][283.239s][info][gc,metaspace] GC(72) Metaspace: 105131K(106048K)->105131K(106048K) NonClass: 89861K(90368K)->89861K(90368K) Class: 15270K(15680K)->15270K(15680K)
[2026-03-25T22:19:15.599+0900][283.239s][info][gc          ] GC(72) Pause Young (Normal) (G1 Evacuation Pause) 785M->185M(1040M) 1.246ms
[2026-03-25T22:19:15.599+0900][283.239s][info][gc,cpu      ] GC(72) User=0.01s Sys=0.01s Real=0.00s
[2026-03-25T22:19:20.687+0900][288.327s][info][gc,start    ] GC(73) Pause Young (Normal) (G1 Evacuation Pause)
[2026-03-25T22:19:20.687+0900][288.327s][info][gc,task     ] GC(73) Using 8 workers of 8 for evacuation
[2026-03-25T22:19:20.688+0900][288.328s][info][gc,phases   ] GC(73)   Pre Evacuate Collection Set: 0.0ms
[2026-03-25T22:19:20.688+0900][288.328s][info][gc,phases   ] GC(73)   Merge Heap Roots: 0.1ms
[2026-03-25T22:19:20.688+0900][288.328s][info][gc,phases   ] GC(73)   Evacuate Collection Set: 0.7ms
[2026-03-25T22:19:20.688+0900][288.328s][info][gc,phases   ] GC(73)   Post Evacuate Collection Set: 0.2ms
[2026-03-25T22:19:20.688+0900][288.328s][info][gc,phases   ] GC(73)   Other: 0.4ms
[2026-03-25T22:19:20.688+0900][288.328s][info][gc,heap     ] GC(73) Eden regions: 75->0(75)
[2026-03-25T22:19:20.688+0900][288.328s][info][gc,heap     ] GC(73) Survivor regions: 1->1(10)
[2026-03-25T22:19:20.688+0900][288.328s][info][gc,heap     ] GC(73) Old regions: 10->10
[2026-03-25T22:19:20.688+0900][288.328s][info][gc,heap     ] GC(73) Archive regions: 2->2
[2026-03-25T22:19:20.688+0900][288.328s][info][gc,heap     ] GC(73) Humongous regions: 12->12
[2026-03-25T22:19:20.688+0900][288.328s][info][gc,metaspace] GC(73) Metaspace: 105131K(106048K)->105131K(106048K) NonClass: 89861K(90368K)->89861K(90368K) Class: 15270K(15680K)->15270K(15680K)
[2026-03-25T22:19:20.688+0900][288.328s][info][gc          ] GC(73) Pause Young (Normal) (G1 Evacuation Pause) 785M->185M(1040M) 1.446ms
[2026-03-25T22:19:20.688+0900][288.328s][info][gc,cpu      ] GC(73) User=0.01s Sys=0.00s Real=0.00s
[2026-03-25T22:19:26.861+0900][294.501s][info][gc,start    ] GC(74) Pause Young (Normal) (G1 Evacuation Pause)
[2026-03-25T22:19:26.861+0900][294.501s][info][gc,task     ] GC(74) Using 8 workers of 8 for evacuation
[2026-03-25T22:19:26.862+0900][294.502s][info][gc,phases   ] GC(74)   Pre Evacuate Collection Set: 0.1ms
[2026-03-25T22:19:26.862+0900][294.502s][info][gc,phases   ] GC(74)   Merge Heap Roots: 0.1ms
[2026-03-25T22:19:26.862+0900][294.502s][info][gc,phases   ] GC(74)   Evacuate Collection Set: 0.6ms
[2026-03-25T22:19:26.862+0900][294.502s][info][gc,phases   ] GC(74)   Post Evacuate Collection Set: 0.2ms
[2026-03-25T22:19:26.862+0900][294.502s][info][gc,phases   ] GC(74)   Other: 0.1ms
[2026-03-25T22:19:26.862+0900][294.502s][info][gc,heap     ] GC(74) Eden regions: 75->0(75)
[2026-03-25T22:19:26.862+0900][294.502s][info][gc,heap     ] GC(74) Survivor regions: 1->1(10)
[2026-03-25T22:19:26.862+0900][294.502s][info][gc,heap     ] GC(74) Old regions: 10->10
[2026-03-25T22:19:26.862+0900][294.502s][info][gc,heap     ] GC(74) Archive regions: 2->2
[2026-03-25T22:19:26.862+0900][294.502s][info][gc,heap     ] GC(74) Humongous regions: 12->12
[2026-03-25T22:19:26.862+0900][294.502s][info][gc,metaspace] GC(74) Metaspace: 105131K(106048K)->105131K(106048K) NonClass: 89861K(90368K)->89861K(90368K) Class: 15270K(15680K)->15270K(15680K)
[2026-03-25T22:19:26.862+0900][294.502s][info][gc          ] GC(74) Pause Young (Normal) (G1 Evacuation Pause) 785M->185M(1040M) 1.150ms
[2026-03-25T22:19:26.863+0900][294.503s][info][gc,cpu      ] GC(74) User=0.00s Sys=0.00s Real=0.00s
[2026-03-25T22:19:36.715+0900][304.355s][info][gc,start    ] GC(75) Pause Young (Normal) (G1 Evacuation Pause)
[2026-03-25T22:19:36.716+0900][304.356s][info][gc,task     ] GC(75) Using 8 workers of 8 for evacuation
[2026-03-25T22:19:36.718+0900][304.358s][info][gc,phases   ] GC(75)   Pre Evacuate Collection Set: 0.1ms
[2026-03-25T22:19:36.718+0900][304.358s][info][gc,phases   ] GC(75)   Merge Heap Roots: 0.1ms
[2026-03-25T22:19:36.718+0900][304.358s][info][gc,phases   ] GC(75)   Evacuate Collection Set: 1.8ms
[2026-03-25T22:19:36.718+0900][304.358s][info][gc,phases   ] GC(75)   Post Evacuate Collection Set: 0.4ms
[2026-03-25T22:19:36.718+0900][304.358s][info][gc,phases   ] GC(75)   Other: 0.6ms
[2026-03-25T22:19:36.718+0900][304.358s][info][gc,heap     ] GC(75) Eden regions: 75->0(75)
[2026-03-25T22:19:36.718+0900][304.358s][info][gc,heap     ] GC(75) Survivor regions: 1->1(10)
[2026-03-25T22:19:36.718+0900][304.358s][info][gc,heap     ] GC(75) Old regions: 10->10
[2026-03-25T22:19:36.718+0900][304.358s][info][gc,heap     ] GC(75) Archive regions: 2->2
[2026-03-25T22:19:36.718+0900][304.358s][info][gc,heap     ] GC(75) Humongous regions: 12->12
[2026-03-25T22:19:36.718+0900][304.358s][info][gc,metaspace] GC(75) Metaspace: 105131K(106048K)->105131K(106048K) NonClass: 89861K(90368K)->89861K(90368K) Class: 15270K(15680K)->15270K(15680K)
[2026-03-25T22:19:36.718+0900][304.358s][info][gc          ] GC(75) Pause Young (Normal) (G1 Evacuation Pause) 785M->185M(1040M) 3.105ms
[2026-03-25T22:19:36.718+0900][304.358s][info][gc,cpu      ] GC(75) User=0.01s Sys=0.00s Real=0.00s
[2026-03-25T22:19:54.578+0900][322.217s][info][gc,heap,exit] Heap
[2026-03-25T22:19:54.578+0900][322.217s][info][gc,heap,exit]  garbage-first heap   total 1064960K, used 400959K [0x000000052a800000, 0x00000005aa800000)
[2026-03-25T22:19:54.578+0900][322.217s][info][gc,heap,exit]   region size 8192K, 27 young (221184K), 1 survivors (8192K)
[2026-03-25T22:19:54.578+0900][322.217s][info][gc,heap,exit]  Metaspace       used 105226K, committed 106176K, reserved 344064K
[2026-03-25T22:19:54.578+0900][322.217s][info][gc,heap,exit]   class space    used 15321K, committed 15744K, reserved 212992K
