[2026-03-25T22:08:34.792+0900][0.005s][info][gc] Using G1
[2026-03-25T22:08:34.793+0900][0.005s][info][gc,init] Version: 17.0.16+0 (release)
[2026-03-25T22:08:34.793+0900][0.005s][info][gc,init] CPUs: 12 total, 12 available
[2026-03-25T22:08:34.793+0900][0.005s][info][gc,init] Memory: 24576M
[2026-03-25T22:08:34.793+0900][0.005s][info][gc,init] Large Page Support: Disabled
[2026-03-25T22:08:34.793+0900][0.005s][info][gc,init] NUMA Support: Disabled
[2026-03-25T22:08:34.793+0900][0.005s][info][gc,init] Compressed Oops: Enabled (Zero based)
[2026-03-25T22:08:34.793+0900][0.005s][info][gc,init] Heap Region Size: 4M
[2026-03-25T22:08:34.793+0900][0.005s][info][gc,init] Heap Min Capacity: 8M
[2026-03-25T22:08:34.793+0900][0.005s][info][gc,init] Heap Initial Capacity: 384M
[2026-03-25T22:08:34.793+0900][0.005s][info][gc,init] Heap Max Capacity: 6G
[2026-03-25T22:08:34.793+0900][0.005s][info][gc,init] Pre-touch: Disabled
[2026-03-25T22:08:34.793+0900][0.005s][info][gc,init] Parallel Workers: 10
[2026-03-25T22:08:34.793+0900][0.005s][info][gc,init] Concurrent Workers: 3
[2026-03-25T22:08:34.793+0900][0.005s][info][gc,init] Concurrent Refinement Workers: 10
[2026-03-25T22:08:34.793+0900][0.005s][info][gc,init] Periodic GC: Disabled
[2026-03-25T22:08:34.796+0900][0.008s][info][gc,metaspace] CDS archive(s) mapped at: [0x0000007000000000-0x0000007000bc0000-0x0000007000bc0000), size 12320768, SharedBaseAddress: 0x0000007000000000, ArchiveRelocationMode: 1.
[2026-03-25T22:08:34.796+0900][0.008s][info][gc,metaspace] Compressed class space mapped at: 0x0000007001000000-0x0000007041000000, reserved size: 1073741824
[2026-03-25T22:08:34.796+0900][0.008s][info][gc,metaspace] Narrow klass base: 0x0000007000000000, Narrow klass shift: 0, Narrow klass range: 0x100000000
[2026-03-25T22:08:34.973+0900][0.186s][info][gc,start    ] GC(0) Pause Young (Normal) (G1 Evacuation Pause)
[2026-03-25T22:08:34.973+0900][0.186s][info][gc,task     ] GC(0) Using 9 workers of 10 for evacuation
[2026-03-25T22:08:34.975+0900][0.187s][info][gc,phases   ] GC(0)   Pre Evacuate Collection Set: 0.0ms
[2026-03-25T22:08:34.975+0900][0.187s][info][gc,phases   ] GC(0)   Merge Heap Roots: 0.0ms
[2026-03-25T22:08:34.975+0900][0.187s][info][gc,phases   ] GC(0)   Evacuate Collection Set: 1.5ms
[2026-03-25T22:08:34.975+0900][0.187s][info][gc,phases   ] GC(0)   Post Evacuate Collection Set: 0.1ms
[2026-03-25T22:08:34.975+0900][0.187s][info][gc,phases   ] GC(0)   Other: 0.2ms
[2026-03-25T22:08:34.975+0900][0.187s][info][gc,heap     ] GC(0) Eden regions: 5->0(3)
[2026-03-25T22:08:34.975+0900][0.187s][info][gc,heap     ] GC(0) Survivor regions: 0->1(1)
[2026-03-25T22:08:34.975+0900][0.187s][info][gc,heap     ] GC(0) Old regions: 0->2
[2026-03-25T22:08:34.975+0900][0.187s][info][gc,heap     ] GC(0) Archive regions: 2->2
[2026-03-25T22:08:34.975+0900][0.187s][info][gc,heap     ] GC(0) Humongous regions: 0->0
[2026-03-25T22:08:34.975+0900][0.187s][info][gc,metaspace] GC(0) Metaspace: 5724K(5952K)->5724K(5952K) NonClass: 5024K(5120K)->5024K(5120K) Class: 699K(832K)->699K(832K)
[2026-03-25T22:08:34.975+0900][0.187s][info][gc          ] GC(0) Pause Young (Normal) (G1 Evacuation Pause) 23M->12M(392M) 1.944ms
[2026-03-25T22:08:34.975+0900][0.187s][info][gc,cpu      ] GC(0) User=0.01s Sys=0.00s Real=0.00s
[2026-03-25T22:08:35.036+0900][0.248s][info][gc,start    ] GC(1) Pause Young (Normal) (G1 Evacuation Pause)
[2026-03-25T22:08:35.036+0900][0.249s][info][gc,task     ] GC(1) Using 9 workers of 10 for evacuation
[2026-03-25T22:08:35.037+0900][0.250s][info][gc,phases   ] GC(1)   Pre Evacuate Collection Set: 0.0ms
[2026-03-25T22:08:35.037+0900][0.250s][info][gc,phases   ] GC(1)   Merge Heap Roots: 0.0ms
[2026-03-25T22:08:35.037+0900][0.250s][info][gc,phases   ] GC(1)   Evacuate Collection Set: 0.8ms
[2026-03-25T22:08:35.037+0900][0.250s][info][gc,phases   ] GC(1)   Post Evacuate Collection Set: 0.1ms
[2026-03-25T22:08:35.037+0900][0.250s][info][gc,phases   ] GC(1)   Other: 0.1ms
[2026-03-25T22:08:35.037+0900][0.250s][info][gc,heap     ] GC(1) Eden regions: 3->0(9)
[2026-03-25T22:08:35.037+0900][0.250s][info][gc,heap     ] GC(1) Survivor regions: 1->1(1)
[2026-03-25T22:08:35.037+0900][0.250s][info][gc,heap     ] GC(1) Old regions: 2->3
[2026-03-25T22:08:35.037+0900][0.250s][info][gc,heap     ] GC(1) Archive regions: 2->2
[2026-03-25T22:08:35.037+0900][0.250s][info][gc,heap     ] GC(1) Humongous regions: 0->0
[2026-03-25T22:08:35.037+0900][0.250s][info][gc,metaspace] GC(1) Metaspace: 8518K(8768K)->8518K(8768K) NonClass: 7420K(7552K)->7420K(7552K) Class: 1098K(1216K)->1098K(1216K)
[2026-03-25T22:08:35.037+0900][0.250s][info][gc          ] GC(1) Pause Young (Normal) (G1 Evacuation Pause) 24M->14M(392M) 1.094ms
[2026-03-25T22:08:35.037+0900][0.250s][info][gc,cpu      ] GC(1) User=0.01s Sys=0.00s Real=0.00s
[2026-03-25T22:08:35.179+0900][0.392s][info][gc,start    ] GC(2) Pause Young (Normal) (GCLocker Initiated GC)
[2026-03-25T22:08:35.180+0900][0.392s][info][gc,task     ] GC(2) Using 9 workers of 10 for evacuation
[2026-03-25T22:08:35.181+0900][0.393s][info][gc,phases   ] GC(2)   Pre Evacuate Collection Set: 0.0ms
[2026-03-25T22:08:35.181+0900][0.393s][info][gc,phases   ] GC(2)   Merge Heap Roots: 0.0ms
[2026-03-25T22:08:35.181+0900][0.393s][info][gc,phases   ] GC(2)   Evacuate Collection Set: 0.9ms
[2026-03-25T22:08:35.181+0900][0.393s][info][gc,phases   ] GC(2)   Post Evacuate Collection Set: 0.2ms
[2026-03-25T22:08:35.181+0900][0.393s][info][gc,phases   ] GC(2)   Other: 0.1ms
[2026-03-25T22:08:35.181+0900][0.393s][info][gc,heap     ] GC(2) Eden regions: 9->0(43)
[2026-03-25T22:08:35.181+0900][0.393s][info][gc,heap     ] GC(2) Survivor regions: 1->1(2)
[2026-03-25T22:08:35.181+0900][0.393s][info][gc,heap     ] GC(2) Old regions: 3->3
[2026-03-25T22:08:35.181+0900][0.393s][info][gc,heap     ] GC(2) Archive regions: 2->2
[2026-03-25T22:08:35.181+0900][0.393s][info][gc,heap     ] GC(2) Humongous regions: 0->0
[2026-03-25T22:08:35.181+0900][0.393s][info][gc,metaspace] GC(2) Metaspace: 15807K(16192K)->15807K(16192K) NonClass: 13671K(13888K)->13671K(13888K) Class: 2135K(2304K)->2135K(2304K)
[2026-03-25T22:08:35.181+0900][0.393s][info][gc          ] GC(2) Pause Young (Normal) (GCLocker Initiated GC) 50M->16M(392M) 1.238ms
[2026-03-25T22:08:35.181+0900][0.393s][info][gc,cpu      ] GC(2) User=0.01s Sys=0.00s Real=0.01s
[2026-03-25T22:08:35.298+0900][0.511s][info][gc,start    ] GC(3) Pause Young (Concurrent Start) (Metadata GC Threshold)
[2026-03-25T22:08:35.298+0900][0.511s][info][gc,task     ] GC(3) Using 9 workers of 10 for evacuation
[2026-03-25T22:08:35.300+0900][0.513s][info][gc,phases   ] GC(3)   Pre Evacuate Collection Set: 0.1ms
[2026-03-25T22:08:35.300+0900][0.513s][info][gc,phases   ] GC(3)   Merge Heap Roots: 0.0ms
[2026-03-25T22:08:35.301+0900][0.513s][info][gc,phases   ] GC(3)   Evacuate Collection Set: 1.7ms
[2026-03-25T22:08:35.301+0900][0.513s][info][gc,phases   ] GC(3)   Post Evacuate Collection Set: 0.2ms
[2026-03-25T22:08:35.301+0900][0.513s][info][gc,phases   ] GC(3)   Other: 0.1ms
[2026-03-25T22:08:35.301+0900][0.513s][info][gc,heap     ] GC(3) Eden regions: 10->0(55)
[2026-03-25T22:08:35.301+0900][0.513s][info][gc,heap     ] GC(3) Survivor regions: 1->2(6)
[2026-03-25T22:08:35.301+0900][0.513s][info][gc,heap     ] GC(3) Old regions: 3->3
[2026-03-25T22:08:35.301+0900][0.513s][info][gc,heap     ] GC(3) Archive regions: 2->2
[2026-03-25T22:08:35.301+0900][0.513s][info][gc,heap     ] GC(3) Humongous regions: 0->0
[2026-03-25T22:08:35.301+0900][0.513s][info][gc,metaspace] GC(3) Metaspace: 21268K(21504K)->21268K(21504K) NonClass: 18387K(18496K)->18387K(18496K) Class: 2881K(3008K)->2881K(3008K)
[2026-03-25T22:08:35.301+0900][0.513s][info][gc          ] GC(3) Pause Young (Concurrent Start) (Metadata GC Threshold) 56M->19M(392M) 2.204ms
[2026-03-25T22:08:35.301+0900][0.513s][info][gc,cpu      ] GC(3) User=0.01s Sys=0.01s Real=0.01s
[2026-03-25T22:08:35.301+0900][0.513s][info][gc          ] GC(4) Concurrent Mark Cycle
[2026-03-25T22:08:35.301+0900][0.513s][info][gc,marking  ] GC(4) Concurrent Clear Claimed Marks
[2026-03-25T22:08:35.301+0900][0.513s][info][gc,marking  ] GC(4) Concurrent Clear Claimed Marks 0.015ms
[2026-03-25T22:08:35.301+0900][0.513s][info][gc,marking  ] GC(4) Concurrent Scan Root Regions
[2026-03-25T22:08:35.302+0900][0.514s][info][gc,marking  ] GC(4) Concurrent Scan Root Regions 1.491ms
[2026-03-25T22:08:35.302+0900][0.514s][info][gc,marking  ] GC(4) Concurrent Mark
[2026-03-25T22:08:35.302+0900][0.514s][info][gc,marking  ] GC(4) Concurrent Mark From Roots
[2026-03-25T22:08:35.302+0900][0.514s][info][gc,task     ] GC(4) Using 3 workers of 3 for marking
[2026-03-25T22:08:35.304+0900][0.516s][info][gc,marking  ] GC(4) Concurrent Mark From Roots 1.516ms
[2026-03-25T22:08:35.304+0900][0.516s][info][gc,marking  ] GC(4) Concurrent Preclean
[2026-03-25T22:08:35.304+0900][0.516s][info][gc,marking  ] GC(4) Concurrent Preclean 0.024ms
[2026-03-25T22:08:35.304+0900][0.516s][info][gc,start    ] GC(4) Pause Remark
[2026-03-25T22:08:35.305+0900][0.517s][info][gc          ] GC(4) Pause Remark 22M->22M(108M) 0.844ms
[2026-03-25T22:08:35.305+0900][0.517s][info][gc,cpu      ] GC(4) User=0.00s Sys=0.00s Real=0.00s
[2026-03-25T22:08:35.305+0900][0.517s][info][gc,marking  ] GC(4) Concurrent Mark 2.494ms
[2026-03-25T22:08:35.305+0900][0.517s][info][gc,marking  ] GC(4) Concurrent Rebuild Remembered Sets
[2026-03-25T22:08:35.305+0900][0.518s][info][gc,marking  ] GC(4) Concurrent Rebuild Remembered Sets 0.865ms
[2026-03-25T22:08:35.306+0900][0.518s][info][gc,start    ] GC(4) Pause Cleanup
[2026-03-25T22:08:35.306+0900][0.518s][info][gc          ] GC(4) Pause Cleanup 22M->22M(108M) 0.041ms
[2026-03-25T22:08:35.306+0900][0.518s][info][gc,cpu      ] GC(4) User=0.00s Sys=0.00s Real=0.00s
[2026-03-25T22:08:35.306+0900][0.518s][info][gc,marking  ] GC(4) Concurrent Cleanup for Next Mark
[2026-03-25T22:08:35.306+0900][0.518s][info][gc,marking  ] GC(4) Concurrent Cleanup for Next Mark 0.166ms
[2026-03-25T22:08:35.306+0900][0.518s][info][gc          ] GC(4) Concurrent Mark Cycle 5.217ms
[2026-03-25T22:08:35.607+0900][0.819s][info][gc,start    ] GC(5) Pause Young (Prepare Mixed) (G1 Evacuation Pause)
[2026-03-25T22:08:35.607+0900][0.819s][info][gc,task     ] GC(5) Using 5 workers of 10 for evacuation
[2026-03-25T22:08:35.611+0900][0.823s][info][gc,phases   ] GC(5)   Pre Evacuate Collection Set: 0.0ms
[2026-03-25T22:08:35.611+0900][0.823s][info][gc,phases   ] GC(5)   Merge Heap Roots: 0.0ms
[2026-03-25T22:08:35.611+0900][0.823s][info][gc,phases   ] GC(5)   Evacuate Collection Set: 3.2ms
[2026-03-25T22:08:35.611+0900][0.823s][info][gc,phases   ] GC(5)   Post Evacuate Collection Set: 0.8ms
[2026-03-25T22:08:35.611+0900][0.823s][info][gc,phases   ] GC(5)   Other: 0.1ms
[2026-03-25T22:08:35.611+0900][0.823s][info][gc,heap     ] GC(5) Eden regions: 15->0(1)
[2026-03-25T22:08:35.611+0900][0.823s][info][gc,heap     ] GC(5) Survivor regions: 2->3(3)
[2026-03-25T22:08:35.611+0900][0.823s][info][gc,heap     ] GC(5) Old regions: 3->4
[2026-03-25T22:08:35.611+0900][0.823s][info][gc,heap     ] GC(5) Archive regions: 2->2
[2026-03-25T22:08:35.611+0900][0.823s][info][gc,heap     ] GC(5) Humongous regions: 0->0
[2026-03-25T22:08:35.611+0900][0.823s][info][gc,metaspace] GC(5) Metaspace: 25193K(25600K)->25193K(25600K) NonClass: 21717K(21952K)->21717K(21952K) Class: 3475K(3648K)->3475K(3648K)
[2026-03-25T22:08:35.611+0900][0.823s][info][gc          ] GC(5) Pause Young (Prepare Mixed) (G1 Evacuation Pause) 79M->23M(108M) 4.351ms
[2026-03-25T22:08:35.611+0900][0.823s][info][gc,cpu      ] GC(5) User=0.01s Sys=0.00s Real=0.01s
[2026-03-25T22:08:35.639+0900][0.851s][info][gc,start    ] GC(6) Pause Young (Mixed) (G1 Evacuation Pause)
[2026-03-25T22:08:35.639+0900][0.851s][info][gc,task     ] GC(6) Using 3 workers of 10 for evacuation
[2026-03-25T22:08:35.643+0900][0.855s][info][gc,phases   ] GC(6)   Pre Evacuate Collection Set: 0.0ms
[2026-03-25T22:08:35.643+0900][0.855s][info][gc,phases   ] GC(6)   Merge Heap Roots: 0.0ms
[2026-03-25T22:08:35.643+0900][0.855s][info][gc,phases   ] GC(6)   Evacuate Collection Set: 3.3ms
[2026-03-25T22:08:35.643+0900][0.855s][info][gc,phases   ] GC(6)   Post Evacuate Collection Set: 0.3ms
[2026-03-25T22:08:35.643+0900][0.855s][info][gc,phases   ] GC(6)   Other: 0.1ms
[2026-03-25T22:08:35.643+0900][0.855s][info][gc,heap     ] GC(6) Eden regions: 1->0(11)
[2026-03-25T22:08:35.643+0900][0.855s][info][gc,heap     ] GC(6) Survivor regions: 3->1(1)
[2026-03-25T22:08:35.643+0900][0.855s][info][gc,heap     ] GC(6) Old regions: 4->5
[2026-03-25T22:08:35.643+0900][0.855s][info][gc,heap     ] GC(6) Archive regions: 2->2
[2026-03-25T22:08:35.643+0900][0.855s][info][gc,heap     ] GC(6) Humongous regions: 0->0
[2026-03-25T22:08:35.643+0900][0.855s][info][gc,metaspace] GC(6) Metaspace: 25566K(25984K)->25566K(25984K) NonClass: 22045K(22272K)->22045K(22272K) Class: 3521K(3712K)->3521K(3712K)
[2026-03-25T22:08:35.643+0900][0.855s][info][gc          ] GC(6) Pause Young (Mixed) (G1 Evacuation Pause) 27M->24M(108M) 3.900ms
[2026-03-25T22:08:35.643+0900][0.855s][info][gc,cpu      ] GC(6) User=0.01s Sys=0.00s Real=0.01s
[2026-03-25T22:08:35.890+0900][1.103s][info][gc,start    ] GC(7) Pause Young (Normal) (G1 Evacuation Pause)
[2026-03-25T22:08:35.890+0900][1.103s][info][gc,task     ] GC(7) Using 2 workers of 10 for evacuation
[2026-03-25T22:08:35.893+0900][1.105s][info][gc,phases   ] GC(7)   Pre Evacuate Collection Set: 0.0ms
[2026-03-25T22:08:35.893+0900][1.105s][info][gc,phases   ] GC(7)   Merge Heap Roots: 0.0ms
[2026-03-25T22:08:35.893+0900][1.106s][info][gc,phases   ] GC(7)   Evacuate Collection Set: 2.5ms
[2026-03-25T22:08:35.893+0900][1.106s][info][gc,phases   ] GC(7)   Post Evacuate Collection Set: 0.1ms
[2026-03-25T22:08:35.893+0900][1.106s][info][gc,phases   ] GC(7)   Other: 0.1ms
[2026-03-25T22:08:35.893+0900][1.106s][info][gc,heap     ] GC(7) Eden regions: 11->0(21)
[2026-03-25T22:08:35.893+0900][1.106s][info][gc,heap     ] GC(7) Survivor regions: 1->1(2)
[2026-03-25T22:08:35.893+0900][1.106s][info][gc,heap     ] GC(7) Old regions: 5->5
[2026-03-25T22:08:35.893+0900][1.106s][info][gc,heap     ] GC(7) Archive regions: 2->2
[2026-03-25T22:08:35.893+0900][1.106s][info][gc,heap     ] GC(7) Humongous regions: 0->0
[2026-03-25T22:08:35.893+0900][1.106s][info][gc,metaspace] GC(7) Metaspace: 30335K(30848K)->30335K(30848K) NonClass: 25979K(26240K)->25979K(26240K) Class: 4356K(4608K)->4356K(4608K)
[2026-03-25T22:08:35.893+0900][1.106s][info][gc          ] GC(7) Pause Young (Normal) (G1 Evacuation Pause) 68M->26M(156M) 2.826ms
[2026-03-25T22:08:35.893+0900][1.106s][info][gc,cpu      ] GC(7) User=0.00s Sys=0.00s Real=0.00s
[2026-03-25T22:08:36.081+0900][1.294s][info][gc,start    ] GC(8) Pause Young (Concurrent Start) (Metadata GC Threshold)
[2026-03-25T22:08:36.081+0900][1.294s][info][gc,task     ] GC(8) Using 3 workers of 10 for evacuation
[2026-03-25T22:08:36.084+0900][1.296s][info][gc,phases   ] GC(8)   Pre Evacuate Collection Set: 0.0ms
[2026-03-25T22:08:36.084+0900][1.296s][info][gc,phases   ] GC(8)   Merge Heap Roots: 0.0ms
[2026-03-25T22:08:36.084+0900][1.296s][info][gc,phases   ] GC(8)   Evacuate Collection Set: 2.5ms
[2026-03-25T22:08:36.084+0900][1.296s][info][gc,phases   ] GC(8)   Post Evacuate Collection Set: 0.2ms
[2026-03-25T22:08:36.084+0900][1.296s][info][gc,phases   ] GC(8)   Other: 0.1ms
[2026-03-25T22:08:36.084+0900][1.296s][info][gc,heap     ] GC(8) Eden regions: 15->0(21)
[2026-03-25T22:08:36.084+0900][1.296s][info][gc,heap     ] GC(8) Survivor regions: 1->2(3)
[2026-03-25T22:08:36.084+0900][1.296s][info][gc,heap     ] GC(8) Old regions: 5->5
[2026-03-25T22:08:36.084+0900][1.296s][info][gc,heap     ] GC(8) Archive regions: 2->2
[2026-03-25T22:08:36.084+0900][1.296s][info][gc,heap     ] GC(8) Humongous regions: 0->0
[2026-03-25T22:08:36.084+0900][1.296s][info][gc,metaspace] GC(8) Metaspace: 35569K(35968K)->35569K(35968K) NonClass: 30499K(30720K)->30499K(30720K) Class: 5070K(5248K)->5070K(5248K)
[2026-03-25T22:08:36.084+0900][1.296s][info][gc          ] GC(8) Pause Young (Concurrent Start) (Metadata GC Threshold) 85M->29M(156M) 2.906ms
[2026-03-25T22:08:36.084+0900][1.296s][info][gc,cpu      ] GC(8) User=0.00s Sys=0.01s Real=0.00s
[2026-03-25T22:08:36.084+0900][1.296s][info][gc          ] GC(9) Concurrent Mark Cycle
[2026-03-25T22:08:36.084+0900][1.296s][info][gc,marking  ] GC(9) Concurrent Clear Claimed Marks
[2026-03-25T22:08:36.084+0900][1.296s][info][gc,marking  ] GC(9) Concurrent Clear Claimed Marks 0.023ms
[2026-03-25T22:08:36.084+0900][1.296s][info][gc,marking  ] GC(9) Concurrent Scan Root Regions
[2026-03-25T22:08:36.087+0900][1.299s][info][gc,marking  ] GC(9) Concurrent Scan Root Regions 2.376ms
[2026-03-25T22:08:36.087+0900][1.299s][info][gc,marking  ] GC(9) Concurrent Mark
[2026-03-25T22:08:36.087+0900][1.299s][info][gc,marking  ] GC(9) Concurrent Mark From Roots
[2026-03-25T22:08:36.087+0900][1.299s][info][gc,task     ] GC(9) Using 3 workers of 3 for marking
[2026-03-25T22:08:36.090+0900][1.302s][info][gc,marking  ] GC(9) Concurrent Mark From Roots 3.456ms
[2026-03-25T22:08:36.090+0900][1.302s][info][gc,marking  ] GC(9) Concurrent Preclean
[2026-03-25T22:08:36.090+0900][1.302s][info][gc,marking  ] GC(9) Concurrent Preclean 0.033ms
[2026-03-25T22:08:36.090+0900][1.302s][info][gc,start    ] GC(9) Pause Remark
[2026-03-25T22:08:36.091+0900][1.304s][info][gc          ] GC(9) Pause Remark 32M->32M(136M) 1.119ms
[2026-03-25T22:08:36.091+0900][1.304s][info][gc,cpu      ] GC(9) User=0.00s Sys=0.00s Real=0.00s
[2026-03-25T22:08:36.091+0900][1.304s][info][gc,marking  ] GC(9) Concurrent Mark 4.722ms
[2026-03-25T22:08:36.091+0900][1.304s][info][gc,marking  ] GC(9) Concurrent Rebuild Remembered Sets
[2026-03-25T22:08:36.093+0900][1.306s][info][gc,marking  ] GC(9) Concurrent Rebuild Remembered Sets 2.032ms
[2026-03-25T22:08:36.093+0900][1.306s][info][gc,start    ] GC(9) Pause Cleanup
[2026-03-25T22:08:36.093+0900][1.306s][info][gc          ] GC(9) Pause Cleanup 32M->32M(136M) 0.018ms
[2026-03-25T22:08:36.093+0900][1.306s][info][gc,cpu      ] GC(9) User=0.00s Sys=0.00s Real=0.00s
[2026-03-25T22:08:36.093+0900][1.306s][info][gc,marking  ] GC(9) Concurrent Cleanup for Next Mark
[2026-03-25T22:08:36.093+0900][1.306s][info][gc,marking  ] GC(9) Concurrent Cleanup for Next Mark 0.130ms
[2026-03-25T22:08:36.093+0900][1.306s][info][gc          ] GC(9) Concurrent Mark Cycle 9.369ms
[2026-03-25T22:08:36.289+0900][1.502s][info][gc,start    ] GC(10) Pause Young (Prepare Mixed) (G1 Preventive Collection)
[2026-03-25T22:08:36.290+0900][1.502s][info][gc,task     ] GC(10) Using 3 workers of 10 for evacuation
[2026-03-25T22:08:36.293+0900][1.506s][info][gc,phases   ] GC(10)   Pre Evacuate Collection Set: 0.0ms
[2026-03-25T22:08:36.294+0900][1.506s][info][gc,phases   ] GC(10)   Merge Heap Roots: 0.0ms
[2026-03-25T22:08:36.294+0900][1.506s][info][gc,phases   ] GC(10)   Evacuate Collection Set: 3.7ms
[2026-03-25T22:08:36.294+0900][1.506s][info][gc,phases   ] GC(10)   Post Evacuate Collection Set: 0.2ms
[2026-03-25T22:08:36.294+0900][1.506s][info][gc,phases   ] GC(10)   Other: 0.1ms
[2026-03-25T22:08:36.294+0900][1.506s][info][gc,heap     ] GC(10) Eden regions: 21->0(1)
[2026-03-25T22:08:36.294+0900][1.506s][info][gc,heap     ] GC(10) Survivor regions: 2->3(3)
[2026-03-25T22:08:36.294+0900][1.506s][info][gc,heap     ] GC(10) Old regions: 5->5
[2026-03-25T22:08:36.294+0900][1.506s][info][gc,heap     ] GC(10) Archive regions: 2->2
[2026-03-25T22:08:36.294+0900][1.506s][info][gc,heap     ] GC(10) Humongous regions: 0->0
[2026-03-25T22:08:36.294+0900][1.506s][info][gc,metaspace] GC(10) Metaspace: 38880K(39360K)->38880K(39360K) NonClass: 33336K(33600K)->33336K(33600K) Class: 5544K(5760K)->5544K(5760K)
[2026-03-25T22:08:36.294+0900][1.506s][info][gc          ] GC(10) Pause Young (Prepare Mixed) (G1 Preventive Collection) 113M->32M(136M) 4.072ms
[2026-03-25T22:08:36.294+0900][1.506s][info][gc,cpu      ] GC(10) User=0.01s Sys=0.01s Real=0.01s
[2026-03-25T22:08:36.301+0900][1.514s][info][gc,start    ] GC(11) Pause Young (Mixed) (G1 Evacuation Pause)
[2026-03-25T22:08:36.301+0900][1.514s][info][gc,task     ] GC(11) Using 3 workers of 10 for evacuation
[2026-03-25T22:08:36.305+0900][1.517s][info][gc,phases   ] GC(11)   Pre Evacuate Collection Set: 0.0ms
[2026-03-25T22:08:36.305+0900][1.517s][info][gc,phases   ] GC(11)   Merge Heap Roots: 0.0ms
[2026-03-25T22:08:36.305+0900][1.517s][info][gc,phases   ] GC(11)   Evacuate Collection Set: 3.5ms
[2026-03-25T22:08:36.305+0900][1.518s][info][gc,phases   ] GC(11)   Post Evacuate Collection Set: 0.2ms
[2026-03-25T22:08:36.305+0900][1.518s][info][gc,phases   ] GC(11)   Other: 0.0ms
[2026-03-25T22:08:36.305+0900][1.518s][info][gc,heap     ] GC(11) Eden regions: 1->0(16)
[2026-03-25T22:08:36.305+0900][1.518s][info][gc,heap     ] GC(11) Survivor regions: 3->1(1)
[2026-03-25T22:08:36.305+0900][1.518s][info][gc,heap     ] GC(11) Old regions: 5->7
[2026-03-25T22:08:36.305+0900][1.518s][info][gc,heap     ] GC(11) Archive regions: 2->2
[2026-03-25T22:08:36.305+0900][1.518s][info][gc,heap     ] GC(11) Humongous regions: 0->0
[2026-03-25T22:08:36.305+0900][1.518s][info][gc,metaspace] GC(11) Metaspace: 38903K(39360K)->38903K(39360K) NonClass: 33353K(33600K)->33353K(33600K) Class: 5549K(5760K)->5549K(5760K)
[2026-03-25T22:08:36.305+0900][1.518s][info][gc          ] GC(11) Pause Young (Mixed) (G1 Evacuation Pause) 36M->33M(136M) 3.846ms
[2026-03-25T22:08:36.305+0900][1.518s][info][gc,cpu      ] GC(11) User=0.01s Sys=0.00s Real=0.00s
[2026-03-25T22:08:36.486+0900][1.699s][info][gc,start    ] GC(12) Pause Young (Normal) (G1 Evacuation Pause)
[2026-03-25T22:08:36.486+0900][1.699s][info][gc,task     ] GC(12) Using 3 workers of 10 for evacuation
[2026-03-25T22:08:36.489+0900][1.701s][info][gc,phases   ] GC(12)   Pre Evacuate Collection Set: 0.0ms
[2026-03-25T22:08:36.489+0900][1.701s][info][gc,phases   ] GC(12)   Merge Heap Roots: 0.0ms
[2026-03-25T22:08:36.489+0900][1.701s][info][gc,phases   ] GC(12)   Evacuate Collection Set: 2.0ms
[2026-03-25T22:08:36.489+0900][1.701s][info][gc,phases   ] GC(12)   Post Evacuate Collection Set: 0.1ms
[2026-03-25T22:08:36.489+0900][1.701s][info][gc,phases   ] GC(12)   Other: 0.1ms
[2026-03-25T22:08:36.489+0900][1.701s][info][gc,heap     ] GC(12) Eden regions: 16->0(16)
[2026-03-25T22:08:36.489+0900][1.701s][info][gc,heap     ] GC(12) Survivor regions: 1->1(3)
[2026-03-25T22:08:36.489+0900][1.701s][info][gc,heap     ] GC(12) Old regions: 7->7
[2026-03-25T22:08:36.489+0900][1.701s][info][gc,heap     ] GC(12) Archive regions: 2->2
[2026-03-25T22:08:36.489+0900][1.701s][info][gc,heap     ] GC(12) Humongous regions: 0->0
[2026-03-25T22:08:36.489+0900][1.701s][info][gc,metaspace] GC(12) Metaspace: 43348K(43840K)->43348K(43840K) NonClass: 37118K(37376K)->37118K(37376K) Class: 6230K(6464K)->6230K(6464K)
[2026-03-25T22:08:36.489+0900][1.701s][info][gc          ] GC(12) Pause Young (Normal) (G1 Evacuation Pause) 97M->34M(136M) 2.299ms
[2026-03-25T22:08:36.489+0900][1.701s][info][gc,cpu      ] GC(12) User=0.01s Sys=0.00s Real=0.00s
[2026-03-25T22:08:36.791+0900][2.004s][info][gc,start    ] GC(13) Pause Young (Concurrent Start) (Metadata GC Threshold)
[2026-03-25T22:08:36.792+0900][2.004s][info][gc,task     ] GC(13) Using 3 workers of 10 for evacuation
[2026-03-25T22:08:36.794+0900][2.007s][info][gc,phases   ] GC(13)   Pre Evacuate Collection Set: 0.0ms
[2026-03-25T22:08:36.794+0900][2.007s][info][gc,phases   ] GC(13)   Merge Heap Roots: 0.0ms
[2026-03-25T22:08:36.794+0900][2.007s][info][gc,phases   ] GC(13)   Evacuate Collection Set: 2.3ms
[2026-03-25T22:08:36.794+0900][2.007s][info][gc,phases   ] GC(13)   Post Evacuate Collection Set: 0.3ms
[2026-03-25T22:08:36.794+0900][2.007s][info][gc,phases   ] GC(13)   Other: 0.1ms
[2026-03-25T22:08:36.794+0900][2.007s][info][gc,heap     ] GC(13) Eden regions: 16->0(38)
[2026-03-25T22:08:36.794+0900][2.007s][info][gc,heap     ] GC(13) Survivor regions: 1->2(3)
[2026-03-25T22:08:36.794+0900][2.007s][info][gc,heap     ] GC(13) Old regions: 7->7
[2026-03-25T22:08:36.794+0900][2.007s][info][gc,heap     ] GC(13) Archive regions: 2->2
[2026-03-25T22:08:36.794+0900][2.007s][info][gc,heap     ] GC(13) Humongous regions: 0->0
[2026-03-25T22:08:36.794+0900][2.007s][info][gc,metaspace] GC(13) Metaspace: 59639K(60096K)->59639K(60096K) NonClass: 51176K(51392K)->51176K(51392K) Class: 8462K(8704K)->8462K(8704K)
[2026-03-25T22:08:36.794+0900][2.007s][info][gc          ] GC(13) Pause Young (Concurrent Start) (Metadata GC Threshold) 96M->37M(272M) 2.892ms
[2026-03-25T22:08:36.794+0900][2.007s][info][gc,cpu      ] GC(13) User=0.01s Sys=0.00s Real=0.00s
[2026-03-25T22:08:36.794+0900][2.007s][info][gc          ] GC(14) Concurrent Mark Cycle
[2026-03-25T22:08:36.794+0900][2.007s][info][gc,marking  ] GC(14) Concurrent Clear Claimed Marks
[2026-03-25T22:08:36.794+0900][2.007s][info][gc,marking  ] GC(14) Concurrent Clear Claimed Marks 0.016ms
[2026-03-25T22:08:36.794+0900][2.007s][info][gc,marking  ] GC(14) Concurrent Scan Root Regions
[2026-03-25T22:08:36.796+0900][2.008s][info][gc,marking  ] GC(14) Concurrent Scan Root Regions 1.560ms
[2026-03-25T22:08:36.796+0900][2.008s][info][gc,marking  ] GC(14) Concurrent Mark
[2026-03-25T22:08:36.796+0900][2.008s][info][gc,marking  ] GC(14) Concurrent Mark From Roots
[2026-03-25T22:08:36.796+0900][2.008s][info][gc,task     ] GC(14) Using 3 workers of 3 for marking
[2026-03-25T22:08:36.802+0900][2.014s][info][gc,marking  ] GC(14) Concurrent Mark From Roots 5.826ms
[2026-03-25T22:08:36.802+0900][2.014s][info][gc,marking  ] GC(14) Concurrent Preclean
[2026-03-25T22:08:36.802+0900][2.014s][info][gc,marking  ] GC(14) Concurrent Preclean 0.048ms
[2026-03-25T22:08:36.802+0900][2.014s][info][gc,start    ] GC(14) Pause Remark
[2026-03-25T22:08:36.803+0900][2.016s][info][gc          ] GC(14) Pause Remark 40M->40M(160M) 1.438ms
[2026-03-25T22:08:36.803+0900][2.016s][info][gc,cpu      ] GC(14) User=0.00s Sys=0.00s Real=0.00s
[2026-03-25T22:08:36.803+0900][2.016s][info][gc,marking  ] GC(14) Concurrent Mark 7.442ms
[2026-03-25T22:08:36.803+0900][2.016s][info][gc,marking  ] GC(14) Concurrent Rebuild Remembered Sets
[2026-03-25T22:08:36.803+0900][2.016s][info][gc,marking  ] GC(14) Concurrent Rebuild Remembered Sets 0.004ms
[2026-03-25T22:08:36.803+0900][2.016s][info][gc,start    ] GC(14) Pause Cleanup
[2026-03-25T22:08:36.803+0900][2.016s][info][gc          ] GC(14) Pause Cleanup 40M->40M(160M) 0.008ms
[2026-03-25T22:08:36.803+0900][2.016s][info][gc,cpu      ] GC(14) User=0.00s Sys=0.00s Real=0.00s
[2026-03-25T22:08:36.804+0900][2.016s][info][gc,marking  ] GC(14) Concurrent Cleanup for Next Mark
[2026-03-25T22:08:36.804+0900][2.016s][info][gc,marking  ] GC(14) Concurrent Cleanup for Next Mark 0.185ms
[2026-03-25T22:08:36.804+0900][2.016s][info][gc          ] GC(14) Concurrent Mark Cycle 9.293ms
[2026-03-25T22:08:37.083+0900][2.295s][info][gc,start    ] GC(15) Pause Young (Concurrent Start) (G1 Preventive Collection)
[2026-03-25T22:08:37.083+0900][2.295s][info][gc,task     ] GC(15) Using 3 workers of 10 for evacuation
[2026-03-25T22:08:37.087+0900][2.299s][info][gc,phases   ] GC(15)   Pre Evacuate Collection Set: 0.0ms
[2026-03-25T22:08:37.087+0900][2.299s][info][gc,phases   ] GC(15)   Merge Heap Roots: 0.0ms
[2026-03-25T22:08:37.087+0900][2.299s][info][gc,phases   ] GC(15)   Evacuate Collection Set: 3.6ms
[2026-03-25T22:08:37.087+0900][2.299s][info][gc,phases   ] GC(15)   Post Evacuate Collection Set: 0.2ms
[2026-03-25T22:08:37.087+0900][2.299s][info][gc,phases   ] GC(15)   Other: 0.1ms
[2026-03-25T22:08:37.087+0900][2.299s][info][gc,heap     ] GC(15) Eden regions: 25->0(20)
[2026-03-25T22:08:37.087+0900][2.299s][info][gc,heap     ] GC(15) Survivor regions: 2->3(5)
[2026-03-25T22:08:37.087+0900][2.299s][info][gc,heap     ] GC(15) Old regions: 7->7
[2026-03-25T22:08:37.087+0900][2.299s][info][gc,heap     ] GC(15) Archive regions: 2->2
[2026-03-25T22:08:37.087+0900][2.299s][info][gc,heap     ] GC(15) Humongous regions: 0->0
[2026-03-25T22:08:37.087+0900][2.299s][info][gc,metaspace] GC(15) Metaspace: 68792K(69440K)->68792K(69440K) NonClass: 58804K(59136K)->58804K(59136K) Class: 9987K(10304K)->9987K(10304K)
[2026-03-25T22:08:37.087+0900][2.299s][info][gc          ] GC(15) Pause Young (Concurrent Start) (G1 Preventive Collection) 137M->41M(160M) 3.985ms
[2026-03-25T22:08:37.087+0900][2.299s][info][gc,cpu      ] GC(15) User=0.01s Sys=0.00s Real=0.00s
[2026-03-25T22:08:37.087+0900][2.299s][info][gc          ] GC(16) Concurrent Mark Cycle
[2026-03-25T22:08:37.087+0900][2.299s][info][gc,marking  ] GC(16) Concurrent Clear Claimed Marks
[2026-03-25T22:08:37.087+0900][2.299s][info][gc,marking  ] GC(16) Concurrent Clear Claimed Marks 0.022ms
[2026-03-25T22:08:37.087+0900][2.299s][info][gc,marking  ] GC(16) Concurrent Scan Root Regions
[2026-03-25T22:08:37.089+0900][2.301s][info][gc,marking  ] GC(16) Concurrent Scan Root Regions 1.892ms
[2026-03-25T22:08:37.089+0900][2.301s][info][gc,marking  ] GC(16) Concurrent Mark
[2026-03-25T22:08:37.089+0900][2.301s][info][gc,marking  ] GC(16) Concurrent Mark From Roots
[2026-03-25T22:08:37.089+0900][2.301s][info][gc,task     ] GC(16) Using 3 workers of 3 for marking
[2026-03-25T22:08:37.095+0900][2.307s][info][gc,marking  ] GC(16) Concurrent Mark From Roots 5.771ms
[2026-03-25T22:08:37.095+0900][2.307s][info][gc,marking  ] GC(16) Concurrent Preclean
[2026-03-25T22:08:37.095+0900][2.307s][info][gc,marking  ] GC(16) Concurrent Preclean 0.074ms
[2026-03-25T22:08:37.095+0900][2.308s][info][gc,start    ] GC(16) Pause Remark
[2026-03-25T22:08:37.097+0900][2.309s][info][gc          ] GC(16) Pause Remark 43M->43M(160M) 1.514ms
[2026-03-25T22:08:37.097+0900][2.309s][info][gc,cpu      ] GC(16) User=0.01s Sys=0.00s Real=0.00s
[2026-03-25T22:08:37.097+0900][2.309s][info][gc,marking  ] GC(16) Concurrent Mark 7.938ms
[2026-03-25T22:08:37.097+0900][2.309s][info][gc,marking  ] GC(16) Concurrent Rebuild Remembered Sets
[2026-03-25T22:08:37.097+0900][2.309s][info][gc,marking  ] GC(16) Concurrent Rebuild Remembered Sets 0.003ms
[2026-03-25T22:08:37.097+0900][2.309s][info][gc,start    ] GC(16) Pause Cleanup
[2026-03-25T22:08:37.097+0900][2.309s][info][gc          ] GC(16) Pause Cleanup 43M->43M(160M) 0.007ms
[2026-03-25T22:08:37.097+0900][2.309s][info][gc,cpu      ] GC(16) User=0.00s Sys=0.00s Real=0.00s
[2026-03-25T22:08:37.097+0900][2.309s][info][gc,marking  ] GC(16) Concurrent Cleanup for Next Mark
[2026-03-25T22:08:37.097+0900][2.309s][info][gc,marking  ] GC(16) Concurrent Cleanup for Next Mark 0.098ms
[2026-03-25T22:08:37.097+0900][2.309s][info][gc          ] GC(16) Concurrent Mark Cycle 10.028ms
[2026-03-25T22:08:37.281+0900][2.493s][info][gc,start    ] GC(17) Pause Young (Normal) (G1 Evacuation Pause)
[2026-03-25T22:08:37.281+0900][2.493s][info][gc,task     ] GC(17) Using 8 workers of 10 for evacuation
[2026-03-25T22:08:37.284+0900][2.496s][info][gc,phases   ] GC(17)   Pre Evacuate Collection Set: 0.1ms
[2026-03-25T22:08:37.284+0900][2.496s][info][gc,phases   ] GC(17)   Merge Heap Roots: 0.1ms
[2026-03-25T22:08:37.284+0900][2.496s][info][gc,phases   ] GC(17)   Evacuate Collection Set: 2.1ms
[2026-03-25T22:08:37.284+0900][2.496s][info][gc,phases   ] GC(17)   Post Evacuate Collection Set: 0.2ms
[2026-03-25T22:08:37.284+0900][2.496s][info][gc,phases   ] GC(17)   Other: 0.1ms
[2026-03-25T22:08:37.284+0900][2.496s][info][gc,heap     ] GC(17) Eden regions: 20->0(20)
[2026-03-25T22:08:37.284+0900][2.496s][info][gc,heap     ] GC(17) Survivor regions: 3->2(3)
[2026-03-25T22:08:37.284+0900][2.496s][info][gc,heap     ] GC(17) Old regions: 7->9
[2026-03-25T22:08:37.284+0900][2.496s][info][gc,heap     ] GC(17) Archive regions: 2->2
[2026-03-25T22:08:37.284+0900][2.496s][info][gc,heap     ] GC(17) Humongous regions: 0->0
[2026-03-25T22:08:37.284+0900][2.496s][info][gc,metaspace] GC(17) Metaspace: 72639K(73280K)->72639K(73280K) NonClass: 62041K(62400K)->62041K(62400K) Class: 10597K(10880K)->10597K(10880K)
[2026-03-25T22:08:37.284+0900][2.496s][info][gc          ] GC(17) Pause Young (Normal) (G1 Evacuation Pause) 121M->44M(160M) 2.627ms
[2026-03-25T22:08:37.284+0900][2.496s][info][gc,cpu      ] GC(17) User=0.02s Sys=0.00s Real=0.00s
[2026-03-25T22:08:37.409+0900][2.621s][info][gc,start    ] GC(18) Pause Young (Normal) (G1 Evacuation Pause)
[2026-03-25T22:08:37.409+0900][2.621s][info][gc,task     ] GC(18) Using 8 workers of 10 for evacuation
[2026-03-25T22:08:37.411+0900][2.623s][info][gc,phases   ] GC(18)   Pre Evacuate Collection Set: 0.0ms
[2026-03-25T22:08:37.411+0900][2.623s][info][gc,phases   ] GC(18)   Merge Heap Roots: 0.0ms
[2026-03-25T22:08:37.411+0900][2.623s][info][gc,phases   ] GC(18)   Evacuate Collection Set: 1.4ms
[2026-03-25T22:08:37.411+0900][2.623s][info][gc,phases   ] GC(18)   Post Evacuate Collection Set: 0.2ms
[2026-03-25T22:08:37.411+0900][2.623s][info][gc,phases   ] GC(18)   Other: 0.1ms
[2026-03-25T22:08:37.411+0900][2.623s][info][gc,heap     ] GC(18) Eden regions: 20->0(19)
[2026-03-25T22:08:37.411+0900][2.623s][info][gc,heap     ] GC(18) Survivor regions: 2->2(3)
[2026-03-25T22:08:37.411+0900][2.623s][info][gc,heap     ] GC(18) Old regions: 9->10
[2026-03-25T22:08:37.411+0900][2.623s][info][gc,heap     ] GC(18) Archive regions: 2->2
[2026-03-25T22:08:37.411+0900][2.623s][info][gc,heap     ] GC(18) Humongous regions: 0->0
[2026-03-25T22:08:37.411+0900][2.623s][info][gc,metaspace] GC(18) Metaspace: 74147K(74752K)->74147K(74752K) NonClass: 63315K(63680K)->63315K(63680K) Class: 10832K(11072K)->10832K(11072K)
[2026-03-25T22:08:37.411+0900][2.623s][info][gc          ] GC(18) Pause Young (Normal) (G1 Evacuation Pause) 124M->46M(160M) 1.832ms
[2026-03-25T22:08:37.411+0900][2.623s][info][gc,cpu      ] GC(18) User=0.01s Sys=0.00s Real=0.01s
[2026-03-25T22:08:37.543+0900][2.755s][info][gc,start    ] GC(19) Pause Young (Normal) (G1 Evacuation Pause)
[2026-03-25T22:08:37.543+0900][2.755s][info][gc,task     ] GC(19) Using 8 workers of 10 for evacuation
[2026-03-25T22:08:37.545+0900][2.757s][info][gc,phases   ] GC(19)   Pre Evacuate Collection Set: 0.0ms
[2026-03-25T22:08:37.545+0900][2.757s][info][gc,phases   ] GC(19)   Merge Heap Roots: 0.1ms
[2026-03-25T22:08:37.545+0900][2.757s][info][gc,phases   ] GC(19)   Evacuate Collection Set: 1.9ms
[2026-03-25T22:08:37.545+0900][2.757s][info][gc,phases   ] GC(19)   Post Evacuate Collection Set: 0.2ms
[2026-03-25T22:08:37.545+0900][2.757s][info][gc,phases   ] GC(19)   Other: 0.1ms
[2026-03-25T22:08:37.545+0900][2.757s][info][gc,heap     ] GC(19) Eden regions: 19->0(19)
[2026-03-25T22:08:37.545+0900][2.757s][info][gc,heap     ] GC(19) Survivor regions: 2->2(3)
[2026-03-25T22:08:37.545+0900][2.757s][info][gc,heap     ] GC(19) Old regions: 10->10
[2026-03-25T22:08:37.545+0900][2.757s][info][gc,heap     ] GC(19) Archive regions: 2->2
[2026-03-25T22:08:37.545+0900][2.757s][info][gc,heap     ] GC(19) Humongous regions: 0->0
[2026-03-25T22:08:37.545+0900][2.757s][info][gc,metaspace] GC(19) Metaspace: 75991K(76672K)->75991K(76672K) NonClass: 64866K(65216K)->64866K(65216K) Class: 11124K(11456K)->11124K(11456K)
[2026-03-25T22:08:37.545+0900][2.757s][info][gc          ] GC(19) Pause Young (Normal) (G1 Evacuation Pause) 122M->48M(160M) 2.409ms
[2026-03-25T22:08:37.545+0900][2.758s][info][gc,cpu      ] GC(19) User=0.02s Sys=0.01s Real=0.00s
[2026-03-25T22:08:37.674+0900][2.887s][info][gc,start    ] GC(20) Pause Young (Normal) (G1 Evacuation Pause)
[2026-03-25T22:08:37.675+0900][2.887s][info][gc,task     ] GC(20) Using 8 workers of 10 for evacuation
[2026-03-25T22:08:37.677+0900][2.889s][info][gc,phases   ] GC(20)   Pre Evacuate Collection Set: 0.0ms
[2026-03-25T22:08:37.677+0900][2.889s][info][gc,phases   ] GC(20)   Merge Heap Roots: 0.1ms
[2026-03-25T22:08:37.677+0900][2.889s][info][gc,phases   ] GC(20)   Evacuate Collection Set: 1.7ms
[2026-03-25T22:08:37.677+0900][2.889s][info][gc,phases   ] GC(20)   Post Evacuate Collection Set: 0.3ms
[2026-03-25T22:08:37.677+0900][2.889s][info][gc,phases   ] GC(20)   Other: 0.1ms
[2026-03-25T22:08:37.677+0900][2.889s][info][gc,heap     ] GC(20) Eden regions: 19->0(25)
[2026-03-25T22:08:37.677+0900][2.889s][info][gc,heap     ] GC(20) Survivor regions: 2->2(3)
[2026-03-25T22:08:37.677+0900][2.889s][info][gc,heap     ] GC(20) Old regions: 10->11
[2026-03-25T22:08:37.677+0900][2.889s][info][gc,heap     ] GC(20) Archive regions: 2->2
[2026-03-25T22:08:37.677+0900][2.889s][info][gc,heap     ] GC(20) Humongous regions: 0->0
[2026-03-25T22:08:37.677+0900][2.889s][info][gc,metaspace] GC(20) Metaspace: 77104K(77760K)->77104K(77760K) NonClass: 65816K(66176K)->65816K(66176K) Class: 11287K(11584K)->11287K(11584K)
[2026-03-25T22:08:37.677+0900][2.889s][info][gc          ] GC(20) Pause Young (Normal) (G1 Evacuation Pause) 124M->51M(192M) 2.284ms
[2026-03-25T22:08:37.677+0900][2.889s][info][gc,cpu      ] GC(20) User=0.01s Sys=0.00s Real=0.00s
[2026-03-25T22:08:37.856+0900][3.068s][info][gc,start    ] GC(21) Pause Young (Normal) (G1 Evacuation Pause)
[2026-03-25T22:08:37.856+0900][3.069s][info][gc,task     ] GC(21) Using 8 workers of 10 for evacuation
[2026-03-25T22:08:37.859+0900][3.071s][info][gc,phases   ] GC(21)   Pre Evacuate Collection Set: 0.1ms
[2026-03-25T22:08:37.859+0900][3.071s][info][gc,phases   ] GC(21)   Merge Heap Roots: 0.0ms
[2026-03-25T22:08:37.859+0900][3.071s][info][gc,phases   ] GC(21)   Evacuate Collection Set: 2.3ms
[2026-03-25T22:08:37.859+0900][3.071s][info][gc,phases   ] GC(21)   Post Evacuate Collection Set: 0.3ms
[2026-03-25T22:08:37.859+0900][3.071s][info][gc,phases   ] GC(21)   Other: 0.1ms
[2026-03-25T22:08:37.859+0900][3.071s][info][gc,heap     ] GC(21) Eden regions: 25->0(24)
[2026-03-25T22:08:37.859+0900][3.071s][info][gc,heap     ] GC(21) Survivor regions: 2->3(4)
[2026-03-25T22:08:37.859+0900][3.071s][info][gc,heap     ] GC(21) Old regions: 11->11
[2026-03-25T22:08:37.859+0900][3.071s][info][gc,heap     ] GC(21) Archive regions: 2->2
[2026-03-25T22:08:37.859+0900][3.071s][info][gc,heap     ] GC(21) Humongous regions: 0->0
[2026-03-25T22:08:37.859+0900][3.071s][info][gc,metaspace] GC(21) Metaspace: 78175K(78848K)->78175K(78848K) NonClass: 66708K(67072K)->66708K(67072K) Class: 11467K(11776K)->11467K(11776K)
[2026-03-25T22:08:37.859+0900][3.071s][info][gc          ] GC(21) Pause Young (Normal) (G1 Evacuation Pause) 151M->54M(192M) 2.790ms
[2026-03-25T22:08:37.859+0900][3.071s][info][gc,cpu      ] GC(21) User=0.02s Sys=0.00s Real=0.00s
[2026-03-25T22:08:38.023+0900][3.235s][info][gc,start    ] GC(22) Pause Young (Normal) (G1 Evacuation Pause)
[2026-03-25T22:08:38.023+0900][3.235s][info][gc,task     ] GC(22) Using 8 workers of 10 for evacuation
[2026-03-25T22:08:38.025+0900][3.238s][info][gc,phases   ] GC(22)   Pre Evacuate Collection Set: 0.0ms
[2026-03-25T22:08:38.026+0900][3.238s][info][gc,phases   ] GC(22)   Merge Heap Roots: 0.0ms
[2026-03-25T22:08:38.026+0900][3.238s][info][gc,phases   ] GC(22)   Evacuate Collection Set: 2.5ms
[2026-03-25T22:08:38.026+0900][3.238s][info][gc,phases   ] GC(22)   Post Evacuate Collection Set: 0.3ms
[2026-03-25T22:08:38.026+0900][3.238s][info][gc,phases   ] GC(22)   Other: 0.1ms
[2026-03-25T22:08:38.026+0900][3.238s][info][gc,heap     ] GC(22) Eden regions: 24->0(24)
[2026-03-25T22:08:38.026+0900][3.238s][info][gc,heap     ] GC(22) Survivor regions: 3->3(4)
[2026-03-25T22:08:38.026+0900][3.238s][info][gc,heap     ] GC(22) Old regions: 11->11
[2026-03-25T22:08:38.026+0900][3.238s][info][gc,heap     ] GC(22) Archive regions: 2->2
[2026-03-25T22:08:38.026+0900][3.238s][info][gc,heap     ] GC(22) Humongous regions: 0->0
[2026-03-25T22:08:38.026+0900][3.238s][info][gc,metaspace] GC(22) Metaspace: 79249K(79872K)->79249K(79872K) NonClass: 67586K(67904K)->67586K(67904K) Class: 11663K(11968K)->11663K(11968K)
[2026-03-25T22:08:38.026+0900][3.238s][info][gc          ] GC(22) Pause Young (Normal) (G1 Evacuation Pause) 150M->57M(192M) 2.999ms
[2026-03-25T22:08:38.026+0900][3.238s][info][gc,cpu      ] GC(22) User=0.02s Sys=0.00s Real=0.00s
[2026-03-25T22:08:38.195+0900][3.407s][info][gc,start    ] GC(23) Pause Young (Normal) (G1 Evacuation Pause)
[2026-03-25T22:08:38.195+0900][3.407s][info][gc,task     ] GC(23) Using 8 workers of 10 for evacuation
[2026-03-25T22:08:38.198+0900][3.411s][info][gc,phases   ] GC(23)   Pre Evacuate Collection Set: 0.0ms
[2026-03-25T22:08:38.198+0900][3.411s][info][gc,phases   ] GC(23)   Merge Heap Roots: 0.0ms
[2026-03-25T22:08:38.198+0900][3.411s][info][gc,phases   ] GC(23)   Evacuate Collection Set: 3.2ms
[2026-03-25T22:08:38.198+0900][3.411s][info][gc,phases   ] GC(23)   Post Evacuate Collection Set: 0.3ms
[2026-03-25T22:08:38.198+0900][3.411s][info][gc,phases   ] GC(23)   Other: 0.1ms
[2026-03-25T22:08:38.198+0900][3.411s][info][gc,heap     ] GC(23) Eden regions: 24->0(23)
[2026-03-25T22:08:38.198+0900][3.411s][info][gc,heap     ] GC(23) Survivor regions: 3->3(4)
[2026-03-25T22:08:38.198+0900][3.411s][info][gc,heap     ] GC(23) Old regions: 11->12
[2026-03-25T22:08:38.198+0900][3.411s][info][gc,heap     ] GC(23) Archive regions: 2->2
[2026-03-25T22:08:38.198+0900][3.411s][info][gc,heap     ] GC(23) Humongous regions: 0->0
[2026-03-25T22:08:38.198+0900][3.411s][info][gc,metaspace] GC(23) Metaspace: 80849K(81472K)->80849K(81472K) NonClass: 68988K(69312K)->68988K(69312K) Class: 11861K(12160K)->11861K(12160K)
[2026-03-25T22:08:38.198+0900][3.411s][info][gc          ] GC(23) Pause Young (Normal) (G1 Evacuation Pause) 153M->60M(192M) 3.739ms
[2026-03-25T22:08:38.198+0900][3.411s][info][gc,cpu      ] GC(23) User=0.02s Sys=0.00s Real=0.00s
[2026-03-25T22:08:38.342+0900][3.554s][info][gc,start    ] GC(24) Pause Young (Normal) (G1 Evacuation Pause)
[2026-03-25T22:08:38.342+0900][3.554s][info][gc,task     ] GC(24) Using 8 workers of 10 for evacuation
[2026-03-25T22:08:38.345+0900][3.557s][info][gc,phases   ] GC(24)   Pre Evacuate Collection Set: 0.0ms
[2026-03-25T22:08:38.345+0900][3.557s][info][gc,phases   ] GC(24)   Merge Heap Roots: 0.0ms
[2026-03-25T22:08:38.345+0900][3.557s][info][gc,phases   ] GC(24)   Evacuate Collection Set: 2.5ms
[2026-03-25T22:08:38.345+0900][3.557s][info][gc,phases   ] GC(24)   Post Evacuate Collection Set: 0.3ms
[2026-03-25T22:08:38.345+0900][3.557s][info][gc,phases   ] GC(24)   Other: 0.1ms
[2026-03-25T22:08:38.345+0900][3.557s][info][gc,heap     ] GC(24) Eden regions: 23->0(31)
[2026-03-25T22:08:38.345+0900][3.557s][info][gc,heap     ] GC(24) Survivor regions: 3->3(4)
[2026-03-25T22:08:38.345+0900][3.557s][info][gc,heap     ] GC(24) Old regions: 12->13
[2026-03-25T22:08:38.345+0900][3.557s][info][gc,heap     ] GC(24) Archive regions: 2->2
[2026-03-25T22:08:38.345+0900][3.557s][info][gc,heap     ] GC(24) Humongous regions: 0->0
[2026-03-25T22:08:38.345+0900][3.557s][info][gc,metaspace] GC(24) Metaspace: 81731K(82368K)->81731K(82368K) NonClass: 69732K(70080K)->69732K(70080K) Class: 11999K(12288K)->11999K(12288K)
[2026-03-25T22:08:38.345+0900][3.557s][info][gc          ] GC(24) Pause Young (Normal) (G1 Evacuation Pause) 152M->62M(232M) 3.003ms
[2026-03-25T22:08:38.345+0900][3.557s][info][gc,cpu      ] GC(24) User=0.02s Sys=0.00s Real=0.00s
[2026-03-25T22:08:47.573+0900][12.785s][info][gc,start    ] GC(25) Pause Young (Normal) (G1 Evacuation Pause)
[2026-03-25T22:08:47.573+0900][12.785s][info][gc,task     ] GC(25) Using 8 workers of 10 for evacuation
[2026-03-25T22:08:47.577+0900][12.789s][info][gc,phases   ] GC(25)   Pre Evacuate Collection Set: 0.0ms
[2026-03-25T22:08:47.577+0900][12.789s][info][gc,phases   ] GC(25)   Merge Heap Roots: 0.1ms
[2026-03-25T22:08:47.577+0900][12.789s][info][gc,phases   ] GC(25)   Evacuate Collection Set: 3.0ms
[2026-03-25T22:08:47.577+0900][12.789s][info][gc,phases   ] GC(25)   Post Evacuate Collection Set: 0.3ms
[2026-03-25T22:08:47.577+0900][12.789s][info][gc,phases   ] GC(25)   Other: 0.2ms
[2026-03-25T22:08:47.577+0900][12.789s][info][gc,heap     ] GC(25) Eden regions: 31->0(31)
[2026-03-25T22:08:47.577+0900][12.789s][info][gc,heap     ] GC(25) Survivor regions: 3->3(5)
[2026-03-25T22:08:47.577+0900][12.789s][info][gc,heap     ] GC(25) Old regions: 13->13
[2026-03-25T22:08:47.577+0900][12.789s][info][gc,heap     ] GC(25) Archive regions: 2->2
[2026-03-25T22:08:47.577+0900][12.789s][info][gc,heap     ] GC(25) Humongous regions: 0->0
[2026-03-25T22:08:47.577+0900][12.789s][info][gc,metaspace] GC(25) Metaspace: 92110K(92800K)->92110K(92800K) NonClass: 78558K(78912K)->78558K(78912K) Class: 13552K(13888K)->13552K(13888K)
[2026-03-25T22:08:47.577+0900][12.789s][info][gc          ] GC(25) Pause Young (Normal) (G1 Evacuation Pause) 186M->63M(232M) 3.756ms
[2026-03-25T22:08:47.577+0900][12.789s][info][gc,cpu      ] GC(25) User=0.03s Sys=0.00s Real=0.00s
[2026-03-25T22:08:54.559+0900][19.772s][info][gc,start    ] GC(26) Pause Young (Normal) (G1 Preventive Collection)
[2026-03-25T22:08:54.559+0900][19.772s][info][gc,task     ] GC(26) Using 8 workers of 10 for evacuation
[2026-03-25T22:08:54.563+0900][19.776s][info][gc,phases   ] GC(26)   Pre Evacuate Collection Set: 0.0ms
[2026-03-25T22:08:54.563+0900][19.776s][info][gc,phases   ] GC(26)   Merge Heap Roots: 0.1ms
[2026-03-25T22:08:54.563+0900][19.776s][info][gc,phases   ] GC(26)   Evacuate Collection Set: 3.3ms
[2026-03-25T22:08:54.563+0900][19.776s][info][gc,phases   ] GC(26)   Post Evacuate Collection Set: 0.4ms
[2026-03-25T22:08:54.563+0900][19.776s][info][gc,phases   ] GC(26)   Other: 0.1ms
[2026-03-25T22:08:54.563+0900][19.776s][info][gc,heap     ] GC(26) Eden regions: 30->0(22)
[2026-03-25T22:08:54.563+0900][19.776s][info][gc,heap     ] GC(26) Survivor regions: 3->5(5)
[2026-03-25T22:08:54.563+0900][19.776s][info][gc,heap     ] GC(26) Old regions: 13->13
[2026-03-25T22:08:54.563+0900][19.776s][info][gc,heap     ] GC(26) Archive regions: 2->2
[2026-03-25T22:08:54.563+0900][19.776s][info][gc,heap     ] GC(26) Humongous regions: 6->6
[2026-03-25T22:08:54.563+0900][19.776s][info][gc,metaspace] GC(26) Metaspace: 103854K(104704K)->103854K(104704K) NonClass: 88665K(89088K)->88665K(89088K) Class: 15189K(15616K)->15189K(15616K)
[2026-03-25T22:08:54.563+0900][19.776s][info][gc          ] GC(26) Pause Young (Normal) (G1 Preventive Collection) 207M->93M(236M) 4.054ms
[2026-03-25T22:08:54.563+0900][19.776s][info][gc,cpu      ] GC(26) User=0.03s Sys=0.00s Real=0.01s
[2026-03-25T22:09:00.773+0900][25.986s][info][gc,start    ] GC(27) Pause Young (Normal) (G1 Evacuation Pause)
[2026-03-25T22:09:00.773+0900][25.986s][info][gc,task     ] GC(27) Using 8 workers of 10 for evacuation
[2026-03-25T22:09:00.777+0900][25.989s][info][gc,phases   ] GC(27)   Pre Evacuate Collection Set: 0.1ms
[2026-03-25T22:09:00.777+0900][25.989s][info][gc,phases   ] GC(27)   Merge Heap Roots: 0.1ms
[2026-03-25T22:09:00.777+0900][25.989s][info][gc,phases   ] GC(27)   Evacuate Collection Set: 2.7ms
[2026-03-25T22:09:00.777+0900][25.989s][info][gc,phases   ] GC(27)   Post Evacuate Collection Set: 0.3ms
[2026-03-25T22:09:00.777+0900][25.989s][info][gc,phases   ] GC(27)   Other: 0.1ms
[2026-03-25T22:09:00.777+0900][25.989s][info][gc,heap     ] GC(27) Eden regions: 22->0(23)
[2026-03-25T22:09:00.777+0900][25.989s][info][gc,heap     ] GC(27) Survivor regions: 5->2(4)
[2026-03-25T22:09:00.777+0900][25.989s][info][gc,heap     ] GC(27) Old regions: 13->15
[2026-03-25T22:09:00.777+0900][25.989s][info][gc,heap     ] GC(27) Archive regions: 2->2
[2026-03-25T22:09:00.777+0900][25.989s][info][gc,heap     ] GC(27) Humongous regions: 8->8
[2026-03-25T22:09:00.777+0900][25.989s][info][gc,metaspace] GC(27) Metaspace: 103933K(104832K)->103933K(104832K) NonClass: 88727K(89216K)->88727K(89216K) Class: 15206K(15616K)->15206K(15616K)
[2026-03-25T22:09:00.777+0900][25.989s][info][gc          ] GC(27) Pause Young (Normal) (G1 Evacuation Pause) 189M->102M(236M) 3.304ms
[2026-03-25T22:09:00.777+0900][25.989s][info][gc,cpu      ] GC(27) User=0.02s Sys=0.00s Real=0.00s
[2026-03-25T22:09:04.081+0900][29.293s][info][gc,start    ] GC(28) Pause Young (Concurrent Start) (G1 Humongous Allocation)
[2026-03-25T22:09:04.081+0900][29.293s][info][gc,task     ] GC(28) Using 8 workers of 10 for evacuation
[2026-03-25T22:09:04.082+0900][29.294s][info][gc,phases   ] GC(28)   Pre Evacuate Collection Set: 0.1ms
[2026-03-25T22:09:04.082+0900][29.294s][info][gc,phases   ] GC(28)   Merge Heap Roots: 0.0ms
[2026-03-25T22:09:04.082+0900][29.294s][info][gc,phases   ] GC(28)   Evacuate Collection Set: 1.2ms
[2026-03-25T22:09:04.082+0900][29.294s][info][gc,phases   ] GC(28)   Post Evacuate Collection Set: 0.2ms
[2026-03-25T22:09:04.082+0900][29.294s][info][gc,phases   ] GC(28)   Other: 0.1ms
[2026-03-25T22:09:04.082+0900][29.294s][info][gc,heap     ] GC(28) Eden regions: 18->0(22)
[2026-03-25T22:09:04.082+0900][29.294s][info][gc,heap     ] GC(28) Survivor regions: 2->2(4)
[2026-03-25T22:09:04.082+0900][29.294s][info][gc,heap     ] GC(28) Old regions: 15->15
[2026-03-25T22:09:04.082+0900][29.294s][info][gc,heap     ] GC(28) Archive regions: 2->2
[2026-03-25T22:09:04.082+0900][29.294s][info][gc,heap     ] GC(28) Humongous regions: 10->10
[2026-03-25T22:09:04.082+0900][29.294s][info][gc,metaspace] GC(28) Metaspace: 103958K(104960K)->103958K(104960K) NonClass: 88746K(89280K)->88746K(89280K) Class: 15212K(15680K)->15212K(15680K)
[2026-03-25T22:09:04.082+0900][29.294s][info][gc          ] GC(28) Pause Young (Concurrent Start) (G1 Humongous Allocation) 179M->110M(236M) 1.744ms
[2026-03-25T22:09:04.082+0900][29.294s][info][gc,cpu      ] GC(28) User=0.01s Sys=0.00s Real=0.00s
[2026-03-25T22:09:04.082+0900][29.294s][info][gc          ] GC(29) Concurrent Mark Cycle
[2026-03-25T22:09:04.082+0900][29.294s][info][gc,marking  ] GC(29) Concurrent Clear Claimed Marks
[2026-03-25T22:09:04.082+0900][29.294s][info][gc,marking  ] GC(29) Concurrent Clear Claimed Marks 0.037ms
[2026-03-25T22:09:04.082+0900][29.294s][info][gc,marking  ] GC(29) Concurrent Scan Root Regions
[2026-03-25T22:09:04.084+0900][29.296s][info][gc,marking  ] GC(29) Concurrent Scan Root Regions 1.415ms
[2026-03-25T22:09:04.084+0900][29.296s][info][gc,marking  ] GC(29) Concurrent Mark
[2026-03-25T22:09:04.084+0900][29.296s][info][gc,marking  ] GC(29) Concurrent Mark From Roots
[2026-03-25T22:09:04.084+0900][29.296s][info][gc,task     ] GC(29) Using 3 workers of 3 for marking
[2026-03-25T22:09:04.094+0900][29.306s][info][gc,marking  ] GC(29) Concurrent Mark From Roots 10.307ms
[2026-03-25T22:09:04.094+0900][29.306s][info][gc,marking  ] GC(29) Concurrent Preclean
[2026-03-25T22:09:04.094+0900][29.306s][info][gc,marking  ] GC(29) Concurrent Preclean 0.056ms
[2026-03-25T22:09:04.094+0900][29.306s][info][gc,start    ] GC(29) Pause Remark
[2026-03-25T22:09:04.101+0900][29.313s][info][gc          ] GC(29) Pause Remark 118M->118M(236M) 7.040ms
[2026-03-25T22:09:04.101+0900][29.313s][info][gc,cpu      ] GC(29) User=0.04s Sys=0.00s Real=0.01s
[2026-03-25T22:09:04.101+0900][29.313s][info][gc,marking  ] GC(29) Concurrent Mark 17.555ms
[2026-03-25T22:09:04.101+0900][29.313s][info][gc,marking  ] GC(29) Concurrent Rebuild Remembered Sets
[2026-03-25T22:09:04.110+0900][29.322s][info][gc,marking  ] GC(29) Concurrent Rebuild Remembered Sets 8.318ms
[2026-03-25T22:09:04.113+0900][29.325s][info][gc,start    ] GC(29) Pause Cleanup
[2026-03-25T22:09:04.113+0900][29.326s][info][gc          ] GC(29) Pause Cleanup 119M->119M(236M) 0.091ms
[2026-03-25T22:09:04.113+0900][29.326s][info][gc,cpu      ] GC(29) User=0.00s Sys=0.00s Real=0.00s
[2026-03-25T22:09:04.113+0900][29.326s][info][gc,marking  ] GC(29) Concurrent Cleanup for Next Mark
[2026-03-25T22:09:04.114+0900][29.326s][info][gc,marking  ] GC(29) Concurrent Cleanup for Next Mark 0.165ms
[2026-03-25T22:09:04.114+0900][29.326s][info][gc          ] GC(29) Concurrent Mark Cycle 31.303ms
[2026-03-25T22:09:07.991+0900][33.203s][info][gc,start    ] GC(30) Pause Young (Prepare Mixed) (G1 Evacuation Pause)
[2026-03-25T22:09:07.991+0900][33.203s][info][gc,task     ] GC(30) Using 8 workers of 10 for evacuation
[2026-03-25T22:09:07.998+0900][33.211s][info][gc,phases   ] GC(30)   Pre Evacuate Collection Set: 0.1ms
[2026-03-25T22:09:07.999+0900][33.211s][info][gc,phases   ] GC(30)   Merge Heap Roots: 0.1ms
[2026-03-25T22:09:07.999+0900][33.211s][info][gc,phases   ] GC(30)   Evacuate Collection Set: 6.6ms
[2026-03-25T22:09:07.999+0900][33.211s][info][gc,phases   ] GC(30)   Post Evacuate Collection Set: 0.5ms
[2026-03-25T22:09:07.999+0900][33.211s][info][gc,phases   ] GC(30)   Other: 0.2ms
[2026-03-25T22:09:07.999+0900][33.211s][info][gc,heap     ] GC(30) Eden regions: 22->0(1)
[2026-03-25T22:09:07.999+0900][33.211s][info][gc,heap     ] GC(30) Survivor regions: 2->1(3)
[2026-03-25T22:09:07.999+0900][33.211s][info][gc,heap     ] GC(30) Old regions: 15->17
[2026-03-25T22:09:07.999+0900][33.211s][info][gc,heap     ] GC(30) Archive regions: 2->2
[2026-03-25T22:09:07.999+0900][33.211s][info][gc,heap     ] GC(30) Humongous regions: 12->12
[2026-03-25T22:09:07.999+0900][33.211s][info][gc,metaspace] GC(30) Metaspace: 103977K(104960K)->103977K(104960K) NonClass: 88759K(89280K)->88759K(89280K) Class: 15217K(15680K)->15217K(15680K)
[2026-03-25T22:09:07.999+0900][33.211s][info][gc          ] GC(30) Pause Young (Prepare Mixed) (G1 Evacuation Pause) 206M->118M(236M) 7.686ms
[2026-03-25T22:09:07.999+0900][33.211s][info][gc,cpu      ] GC(30) User=0.02s Sys=0.00s Real=0.00s
[2026-03-25T22:09:08.196+0900][33.408s][info][gc,start    ] GC(31) Pause Young (Mixed) (G1 Evacuation Pause)
[2026-03-25T22:09:08.196+0900][33.408s][info][gc,task     ] GC(31) Using 8 workers of 10 for evacuation
[2026-03-25T22:09:08.198+0900][33.410s][info][gc,phases   ] GC(31)   Pre Evacuate Collection Set: 0.0ms
[2026-03-25T22:09:08.198+0900][33.410s][info][gc,phases   ] GC(31)   Merge Heap Roots: 0.1ms
[2026-03-25T22:09:08.198+0900][33.410s][info][gc,phases   ] GC(31)   Evacuate Collection Set: 1.4ms
[2026-03-25T22:09:08.198+0900][33.410s][info][gc,phases   ] GC(31)   Post Evacuate Collection Set: 0.2ms
[2026-03-25T22:09:08.198+0900][33.410s][info][gc,phases   ] GC(31)   Other: 0.1ms
[2026-03-25T22:09:08.198+0900][33.410s][info][gc,heap     ] GC(31) Eden regions: 1->0(20)
[2026-03-25T22:09:08.198+0900][33.410s][info][gc,heap     ] GC(31) Survivor regions: 1->1(1)
[2026-03-25T22:09:08.198+0900][33.410s][info][gc,heap     ] GC(31) Old regions: 17->16
[2026-03-25T22:09:08.198+0900][33.410s][info][gc,heap     ] GC(31) Archive regions: 2->2
[2026-03-25T22:09:08.198+0900][33.410s][info][gc,heap     ] GC(31) Humongous regions: 12->12
[2026-03-25T22:09:08.198+0900][33.410s][info][gc,metaspace] GC(31) Metaspace: 104004K(104960K)->104004K(104960K) NonClass: 88782K(89280K)->88782K(89280K) Class: 15222K(15680K)->15222K(15680K)
[2026-03-25T22:09:08.198+0900][33.410s][info][gc          ] GC(31) Pause Young (Mixed) (G1 Evacuation Pause) 122M->116M(236M) 1.859ms
[2026-03-25T22:09:08.198+0900][33.410s][info][gc,cpu      ] GC(31) User=0.01s Sys=0.00s Real=0.00s
[2026-03-25T22:09:10.775+0900][35.987s][info][gc,start    ] GC(32) Pause Young (Concurrent Start) (G1 Evacuation Pause)
[2026-03-25T22:09:10.775+0900][35.987s][info][gc,task     ] GC(32) Using 8 workers of 10 for evacuation
[2026-03-25T22:09:10.777+0900][35.989s][info][gc,phases   ] GC(32)   Pre Evacuate Collection Set: 0.1ms
[2026-03-25T22:09:10.777+0900][35.989s][info][gc,phases   ] GC(32)   Merge Heap Roots: 0.0ms
[2026-03-25T22:09:10.777+0900][35.989s][info][gc,phases   ] GC(32)   Evacuate Collection Set: 1.5ms
[2026-03-25T22:09:10.777+0900][35.989s][info][gc,phases   ] GC(32)   Post Evacuate Collection Set: 0.2ms
[2026-03-25T22:09:10.777+0900][35.989s][info][gc,phases   ] GC(32)   Other: 0.1ms
[2026-03-25T22:09:10.777+0900][35.989s][info][gc,heap     ] GC(32) Eden regions: 20->0(20)
[2026-03-25T22:09:10.777+0900][35.989s][info][gc,heap     ] GC(32) Survivor regions: 1->1(3)
[2026-03-25T22:09:10.777+0900][35.989s][info][gc,heap     ] GC(32) Old regions: 16->16
[2026-03-25T22:09:10.777+0900][35.989s][info][gc,heap     ] GC(32) Archive regions: 2->2
[2026-03-25T22:09:10.777+0900][35.989s][info][gc,heap     ] GC(32) Humongous regions: 12->12
[2026-03-25T22:09:10.777+0900][35.989s][info][gc,metaspace] GC(32) Metaspace: 104024K(105024K)->104024K(105024K) NonClass: 88798K(89344K)->88798K(89344K) Class: 15226K(15680K)->15226K(15680K)
[2026-03-25T22:09:10.777+0900][35.989s][info][gc          ] GC(32) Pause Young (Concurrent Start) (G1 Evacuation Pause) 196M->116M(236M) 1.994ms
[2026-03-25T22:09:10.777+0900][35.989s][info][gc,cpu      ] GC(32) User=0.01s Sys=0.00s Real=0.00s
[2026-03-25T22:09:10.777+0900][35.989s][info][gc          ] GC(33) Concurrent Mark Cycle
[2026-03-25T22:09:10.777+0900][35.989s][info][gc,marking  ] GC(33) Concurrent Clear Claimed Marks
[2026-03-25T22:09:10.777+0900][35.989s][info][gc,marking  ] GC(33) Concurrent Clear Claimed Marks 0.017ms
[2026-03-25T22:09:10.777+0900][35.989s][info][gc,marking  ] GC(33) Concurrent Scan Root Regions
[2026-03-25T22:09:10.777+0900][35.990s][info][gc,marking  ] GC(33) Concurrent Scan Root Regions 0.848ms
[2026-03-25T22:09:10.777+0900][35.990s][info][gc,marking  ] GC(33) Concurrent Mark
[2026-03-25T22:09:10.778+0900][35.990s][info][gc,marking  ] GC(33) Concurrent Mark From Roots
[2026-03-25T22:09:10.778+0900][35.990s][info][gc,task     ] GC(33) Using 3 workers of 3 for marking
[2026-03-25T22:09:10.789+0900][36.001s][info][gc,marking  ] GC(33) Concurrent Mark From Roots 11.517ms
[2026-03-25T22:09:10.789+0900][36.001s][info][gc,marking  ] GC(33) Concurrent Preclean
[2026-03-25T22:09:10.789+0900][36.001s][info][gc,marking  ] GC(33) Concurrent Preclean 0.068ms
[2026-03-25T22:09:10.789+0900][36.001s][info][gc,start    ] GC(33) Pause Remark
[2026-03-25T22:09:10.798+0900][36.010s][info][gc          ] GC(33) Pause Remark 118M->118M(236M) 8.733ms
[2026-03-25T22:09:10.800+0900][36.012s][info][gc,cpu      ] GC(33) User=0.05s Sys=0.00s Real=0.02s
[2026-03-25T22:09:10.800+0900][36.012s][info][gc,marking  ] GC(33) Concurrent Mark 22.711ms
[2026-03-25T22:09:10.802+0900][36.014s][info][gc,marking  ] GC(33) Concurrent Rebuild Remembered Sets
[2026-03-25T22:09:10.810+0900][36.022s][info][gc,marking  ] GC(33) Concurrent Rebuild Remembered Sets 8.391ms
[2026-03-25T22:09:10.812+0900][36.024s][info][gc,start    ] GC(33) Pause Cleanup
[2026-03-25T22:09:10.812+0900][36.024s][info][gc          ] GC(33) Pause Cleanup 119M->119M(236M) 0.067ms
[2026-03-25T22:09:10.812+0900][36.024s][info][gc,cpu      ] GC(33) User=0.00s Sys=0.00s Real=0.00s
[2026-03-25T22:09:10.812+0900][36.024s][info][gc,marking  ] GC(33) Concurrent Cleanup for Next Mark
[2026-03-25T22:09:10.812+0900][36.024s][info][gc,marking  ] GC(33) Concurrent Cleanup for Next Mark 0.159ms
[2026-03-25T22:09:10.812+0900][36.025s][info][gc          ] GC(33) Concurrent Mark Cycle 35.803ms
[2026-03-25T22:09:11.192+0900][36.404s][info][gc,start    ] GC(34) Pause Young (Concurrent Start) (G1 Humongous Allocation)
[2026-03-25T22:09:11.192+0900][36.404s][info][gc,task     ] GC(34) Using 8 workers of 10 for evacuation
[2026-03-25T22:09:11.195+0900][36.407s][info][gc,phases   ] GC(34)   Pre Evacuate Collection Set: 0.2ms
[2026-03-25T22:09:11.195+0900][36.407s][info][gc,phases   ] GC(34)   Merge Heap Roots: 0.1ms
[2026-03-25T22:09:11.195+0900][36.407s][info][gc,phases   ] GC(34)   Evacuate Collection Set: 2.4ms
[2026-03-25T22:09:11.195+0900][36.407s][info][gc,phases   ] GC(34)   Post Evacuate Collection Set: 0.3ms
[2026-03-25T22:09:11.195+0900][36.407s][info][gc,phases   ] GC(34)   Other: 0.1ms
[2026-03-25T22:09:11.195+0900][36.408s][info][gc,heap     ] GC(34) Eden regions: 2->0(18)
[2026-03-25T22:09:11.195+0900][36.408s][info][gc,heap     ] GC(34) Survivor regions: 1->1(3)
[2026-03-25T22:09:11.195+0900][36.408s][info][gc,heap     ] GC(34) Old regions: 16->16
[2026-03-25T22:09:11.195+0900][36.408s][info][gc,heap     ] GC(34) Archive regions: 2->2
[2026-03-25T22:09:11.195+0900][36.408s][info][gc,heap     ] GC(34) Humongous regions: 14->14
[2026-03-25T22:09:11.195+0900][36.408s][info][gc,metaspace] GC(34) Metaspace: 104016K(105024K)->104016K(105024K) NonClass: 88792K(89344K)->88792K(89344K) Class: 15224K(15680K)->15224K(15680K)
[2026-03-25T22:09:11.195+0900][36.408s][info][gc          ] GC(34) Pause Young (Concurrent Start) (G1 Humongous Allocation) 130M->125M(236M) 3.205ms
[2026-03-25T22:09:11.195+0900][36.408s][info][gc,cpu      ] GC(34) User=0.01s Sys=0.00s Real=0.00s
[2026-03-25T22:09:11.196+0900][36.408s][info][gc          ] GC(35) Concurrent Undo Cycle
[2026-03-25T22:09:11.196+0900][36.408s][info][gc,marking  ] GC(35) Concurrent Cleanup for Next Mark
[2026-03-25T22:09:11.196+0900][36.408s][info][gc,marking  ] GC(35) Concurrent Cleanup for Next Mark 0.104ms
[2026-03-25T22:09:11.196+0900][36.408s][info][gc          ] GC(35) Concurrent Undo Cycle 0.192ms
[2026-03-25T22:09:13.490+0900][38.702s][info][gc,start    ] GC(36) Pause Young (Normal) (G1 Evacuation Pause)
[2026-03-25T22:09:13.490+0900][38.702s][info][gc,task     ] GC(36) Using 8 workers of 10 for evacuation
[2026-03-25T22:09:13.493+0900][38.705s][info][gc,phases   ] GC(36)   Pre Evacuate Collection Set: 0.1ms
[2026-03-25T22:09:13.493+0900][38.705s][info][gc,phases   ] GC(36)   Merge Heap Roots: 0.1ms
[2026-03-25T22:09:13.493+0900][38.705s][info][gc,phases   ] GC(36)   Evacuate Collection Set: 2.8ms
[2026-03-25T22:09:13.493+0900][38.705s][info][gc,phases   ] GC(36)   Post Evacuate Collection Set: 0.4ms
[2026-03-25T22:09:13.493+0900][38.705s][info][gc,phases   ] GC(36)   Other: 0.2ms
[2026-03-25T22:09:13.493+0900][38.705s][info][gc,heap     ] GC(36) Eden regions: 18->0(16)
[2026-03-25T22:09:13.493+0900][38.705s][info][gc,heap     ] GC(36) Survivor regions: 1->1(3)
[2026-03-25T22:09:13.493+0900][38.705s][info][gc,heap     ] GC(36) Old regions: 16->16
[2026-03-25T22:09:13.493+0900][38.705s][info][gc,heap     ] GC(36) Archive regions: 2->2
[2026-03-25T22:09:13.493+0900][38.705s][info][gc,heap     ] GC(36) Humongous regions: 16->16
[2026-03-25T22:09:13.493+0900][38.705s][info][gc,metaspace] GC(36) Metaspace: 104016K(105024K)->104016K(105024K) NonClass: 88792K(89344K)->88792K(89344K) Class: 15224K(15680K)->15224K(15680K)
[2026-03-25T22:09:13.493+0900][38.705s][info][gc          ] GC(36) Pause Young (Normal) (G1 Evacuation Pause) 205M->133M(236M) 3.783ms
[2026-03-25T22:09:13.493+0900][38.705s][info][gc,cpu      ] GC(36) User=0.01s Sys=0.00s Real=0.00s
[2026-03-25T22:09:15.522+0900][40.734s][info][gc,start    ] GC(37) Pause Young (Normal) (G1 Evacuation Pause)
[2026-03-25T22:09:15.522+0900][40.734s][info][gc,task     ] GC(37) Using 8 workers of 10 for evacuation
[2026-03-25T22:09:15.524+0900][40.736s][info][gc,phases   ] GC(37)   Pre Evacuate Collection Set: 0.1ms
[2026-03-25T22:09:15.524+0900][40.736s][info][gc,phases   ] GC(37)   Merge Heap Roots: 0.0ms
[2026-03-25T22:09:15.524+0900][40.736s][info][gc,phases   ] GC(37)   Evacuate Collection Set: 1.8ms
[2026-03-25T22:09:15.524+0900][40.736s][info][gc,phases   ] GC(37)   Post Evacuate Collection Set: 0.2ms
[2026-03-25T22:09:15.524+0900][40.736s][info][gc,phases   ] GC(37)   Other: 0.1ms
[2026-03-25T22:09:15.524+0900][40.736s][info][gc,heap     ] GC(37) Eden regions: 16->0(17)
[2026-03-25T22:09:15.524+0900][40.736s][info][gc,heap     ] GC(37) Survivor regions: 1->1(3)
[2026-03-25T22:09:15.524+0900][40.736s][info][gc,heap     ] GC(37) Old regions: 16->16
[2026-03-25T22:09:15.524+0900][40.736s][info][gc,heap     ] GC(37) Archive regions: 2->2
[2026-03-25T22:09:15.524+0900][40.736s][info][gc,heap     ] GC(37) Humongous regions: 16->16
[2026-03-25T22:09:15.524+0900][40.736s][info][gc,metaspace] GC(37) Metaspace: 104020K(105024K)->104020K(105024K) NonClass: 88795K(89344K)->88795K(89344K) Class: 15225K(15680K)->15225K(15680K)
[2026-03-25T22:09:15.524+0900][40.736s][info][gc          ] GC(37) Pause Young (Normal) (G1 Evacuation Pause) 197M->133M(236M) 2.279ms
[2026-03-25T22:09:15.524+0900][40.736s][info][gc,cpu      ] GC(37) User=0.00s Sys=0.00s Real=0.00s
[2026-03-25T22:09:17.509+0900][42.721s][info][gc,start    ] GC(38) Pause Young (Normal) (G1 Evacuation Pause)
[2026-03-25T22:09:17.509+0900][42.721s][info][gc,task     ] GC(38) Using 8 workers of 10 for evacuation
[2026-03-25T22:09:17.512+0900][42.724s][info][gc,phases   ] GC(38)   Pre Evacuate Collection Set: 0.1ms
[2026-03-25T22:09:17.512+0900][42.724s][info][gc,phases   ] GC(38)   Merge Heap Roots: 0.0ms
[2026-03-25T22:09:17.512+0900][42.724s][info][gc,phases   ] GC(38)   Evacuate Collection Set: 1.8ms
[2026-03-25T22:09:17.512+0900][42.724s][info][gc,phases   ] GC(38)   Post Evacuate Collection Set: 0.2ms
[2026-03-25T22:09:17.512+0900][42.724s][info][gc,phases   ] GC(38)   Other: 0.3ms
[2026-03-25T22:09:17.512+0900][42.724s][info][gc,heap     ] GC(38) Eden regions: 17->0(17)
[2026-03-25T22:09:17.512+0900][42.724s][info][gc,heap     ] GC(38) Survivor regions: 1->1(3)
[2026-03-25T22:09:17.512+0900][42.724s][info][gc,heap     ] GC(38) Old regions: 16->16
[2026-03-25T22:09:17.512+0900][42.724s][info][gc,heap     ] GC(38) Archive regions: 2->2
[2026-03-25T22:09:17.512+0900][42.724s][info][gc,heap     ] GC(38) Humongous regions: 16->16
[2026-03-25T22:09:17.512+0900][42.724s][info][gc,metaspace] GC(38) Metaspace: 104020K(105024K)->104020K(105024K) NonClass: 88795K(89344K)->88795K(89344K) Class: 15225K(15680K)->15225K(15680K)
[2026-03-25T22:09:17.512+0900][42.724s][info][gc          ] GC(38) Pause Young (Normal) (G1 Evacuation Pause) 201M->133M(236M) 2.414ms
[2026-03-25T22:09:17.512+0900][42.724s][info][gc,cpu      ] GC(38) User=0.01s Sys=0.00s Real=0.01s
[2026-03-25T22:09:19.308+0900][44.520s][info][gc,start    ] GC(39) Pause Young (Normal) (G1 Evacuation Pause)
[2026-03-25T22:09:19.308+0900][44.520s][info][gc,task     ] GC(39) Using 8 workers of 10 for evacuation
[2026-03-25T22:09:19.309+0900][44.521s][info][gc,phases   ] GC(39)   Pre Evacuate Collection Set: 0.0ms
[2026-03-25T22:09:19.309+0900][44.521s][info][gc,phases   ] GC(39)   Merge Heap Roots: 0.0ms
[2026-03-25T22:09:19.309+0900][44.521s][info][gc,phases   ] GC(39)   Evacuate Collection Set: 1.1ms
[2026-03-25T22:09:19.309+0900][44.521s][info][gc,phases   ] GC(39)   Post Evacuate Collection Set: 0.2ms
[2026-03-25T22:09:19.309+0900][44.521s][info][gc,phases   ] GC(39)   Other: 0.1ms
[2026-03-25T22:09:19.309+0900][44.521s][info][gc,heap     ] GC(39) Eden regions: 17->0(17)
[2026-03-25T22:09:19.309+0900][44.521s][info][gc,heap     ] GC(39) Survivor regions: 1->1(3)
[2026-03-25T22:09:19.309+0900][44.521s][info][gc,heap     ] GC(39) Old regions: 16->16
[2026-03-25T22:09:19.309+0900][44.521s][info][gc,heap     ] GC(39) Archive regions: 2->2
[2026-03-25T22:09:19.309+0900][44.521s][info][gc,heap     ] GC(39) Humongous regions: 16->16
[2026-03-25T22:09:19.309+0900][44.521s][info][gc,metaspace] GC(39) Metaspace: 104021K(105024K)->104021K(105024K) NonClass: 88796K(89344K)->88796K(89344K) Class: 15225K(15680K)->15225K(15680K)
[2026-03-25T22:09:19.309+0900][44.521s][info][gc          ] GC(39) Pause Young (Normal) (G1 Evacuation Pause) 201M->133M(236M) 1.544ms
[2026-03-25T22:09:19.309+0900][44.521s][info][gc,cpu      ] GC(39) User=0.00s Sys=0.00s Real=0.00s
[2026-03-25T22:09:21.060+0900][46.272s][info][gc,start    ] GC(40) Pause Young (Normal) (G1 Evacuation Pause)
[2026-03-25T22:09:21.060+0900][46.272s][info][gc,task     ] GC(40) Using 8 workers of 10 for evacuation
[2026-03-25T22:09:21.066+0900][46.278s][info][gc,phases   ] GC(40)   Pre Evacuate Collection Set: 0.1ms
[2026-03-25T22:09:21.066+0900][46.278s][info][gc,phases   ] GC(40)   Merge Heap Roots: 0.1ms
[2026-03-25T22:09:21.066+0900][46.278s][info][gc,phases   ] GC(40)   Evacuate Collection Set: 4.3ms
[2026-03-25T22:09:21.066+0900][46.278s][info][gc,phases   ] GC(40)   Post Evacuate Collection Set: 0.5ms
[2026-03-25T22:09:21.066+0900][46.278s][info][gc,phases   ] GC(40)   Other: 0.2ms
[2026-03-25T22:09:21.066+0900][46.278s][info][gc,heap     ] GC(40) Eden regions: 17->0(17)
[2026-03-25T22:09:21.066+0900][46.278s][info][gc,heap     ] GC(40) Survivor regions: 1->1(3)
[2026-03-25T22:09:21.066+0900][46.278s][info][gc,heap     ] GC(40) Old regions: 16->16
[2026-03-25T22:09:21.066+0900][46.278s][info][gc,heap     ] GC(40) Archive regions: 2->2
[2026-03-25T22:09:21.066+0900][46.278s][info][gc,heap     ] GC(40) Humongous regions: 16->16
[2026-03-25T22:09:21.066+0900][46.278s][info][gc,metaspace] GC(40) Metaspace: 104021K(105024K)->104021K(105024K) NonClass: 88796K(89344K)->88796K(89344K) Class: 15225K(15680K)->15225K(15680K)
[2026-03-25T22:09:21.066+0900][46.278s][info][gc          ] GC(40) Pause Young (Normal) (G1 Evacuation Pause) 201M->133M(236M) 5.410ms
[2026-03-25T22:09:21.066+0900][46.278s][info][gc,cpu      ] GC(40) User=0.01s Sys=0.00s Real=0.00s
[2026-03-25T22:09:22.677+0900][47.889s][info][gc,start    ] GC(41) Pause Young (Normal) (G1 Evacuation Pause)
[2026-03-25T22:09:22.677+0900][47.889s][info][gc,task     ] GC(41) Using 8 workers of 10 for evacuation
[2026-03-25T22:09:22.679+0900][47.891s][info][gc,phases   ] GC(41)   Pre Evacuate Collection Set: 0.1ms
[2026-03-25T22:09:22.679+0900][47.891s][info][gc,phases   ] GC(41)   Merge Heap Roots: 0.1ms
[2026-03-25T22:09:22.679+0900][47.891s][info][gc,phases   ] GC(41)   Evacuate Collection Set: 1.2ms
[2026-03-25T22:09:22.679+0900][47.891s][info][gc,phases   ] GC(41)   Post Evacuate Collection Set: 0.2ms
[2026-03-25T22:09:22.679+0900][47.891s][info][gc,phases   ] GC(41)   Other: 0.1ms
[2026-03-25T22:09:22.679+0900][47.891s][info][gc,heap     ] GC(41) Eden regions: 17->0(17)
[2026-03-25T22:09:22.679+0900][47.891s][info][gc,heap     ] GC(41) Survivor regions: 1->1(3)
[2026-03-25T22:09:22.679+0900][47.891s][info][gc,heap     ] GC(41) Old regions: 16->16
[2026-03-25T22:09:22.679+0900][47.891s][info][gc,heap     ] GC(41) Archive regions: 2->2
[2026-03-25T22:09:22.679+0900][47.891s][info][gc,heap     ] GC(41) Humongous regions: 16->16
[2026-03-25T22:09:22.679+0900][47.891s][info][gc,metaspace] GC(41) Metaspace: 104021K(105024K)->104021K(105024K) NonClass: 88796K(89344K)->88796K(89344K) Class: 15225K(15680K)->15225K(15680K)
[2026-03-25T22:09:22.679+0900][47.891s][info][gc          ] GC(41) Pause Young (Normal) (G1 Evacuation Pause) 201M->133M(236M) 1.614ms
[2026-03-25T22:09:22.679+0900][47.891s][info][gc,cpu      ] GC(41) User=0.00s Sys=0.00s Real=0.00s
[2026-03-25T22:09:24.370+0900][49.582s][info][gc,start    ] GC(42) Pause Young (Normal) (G1 Evacuation Pause)
[2026-03-25T22:09:24.370+0900][49.582s][info][gc,task     ] GC(42) Using 8 workers of 10 for evacuation
[2026-03-25T22:09:24.372+0900][49.584s][info][gc,phases   ] GC(42)   Pre Evacuate Collection Set: 0.0ms
[2026-03-25T22:09:24.372+0900][49.584s][info][gc,phases   ] GC(42)   Merge Heap Roots: 0.0ms
[2026-03-25T22:09:24.372+0900][49.584s][info][gc,phases   ] GC(42)   Evacuate Collection Set: 1.4ms
[2026-03-25T22:09:24.372+0900][49.584s][info][gc,phases   ] GC(42)   Post Evacuate Collection Set: 0.2ms
[2026-03-25T22:09:24.372+0900][49.584s][info][gc,phases   ] GC(42)   Other: 0.1ms
[2026-03-25T22:09:24.372+0900][49.584s][info][gc,heap     ] GC(42) Eden regions: 17->0(17)
[2026-03-25T22:09:24.372+0900][49.584s][info][gc,heap     ] GC(42) Survivor regions: 1->1(3)
[2026-03-25T22:09:24.372+0900][49.584s][info][gc,heap     ] GC(42) Old regions: 16->16
[2026-03-25T22:09:24.372+0900][49.584s][info][gc,heap     ] GC(42) Archive regions: 2->2
[2026-03-25T22:09:24.372+0900][49.584s][info][gc,heap     ] GC(42) Humongous regions: 16->16
[2026-03-25T22:09:24.372+0900][49.584s][info][gc,metaspace] GC(42) Metaspace: 104021K(105024K)->104021K(105024K) NonClass: 88796K(89344K)->88796K(89344K) Class: 15225K(15680K)->15225K(15680K)
[2026-03-25T22:09:24.372+0900][49.584s][info][gc          ] GC(42) Pause Young (Normal) (G1 Evacuation Pause) 201M->133M(236M) 1.824ms
[2026-03-25T22:09:24.372+0900][49.584s][info][gc,cpu      ] GC(42) User=0.00s Sys=0.00s Real=0.00s
[2026-03-25T22:09:25.975+0900][51.187s][info][gc,start    ] GC(43) Pause Young (Normal) (G1 Evacuation Pause)
[2026-03-25T22:09:25.975+0900][51.187s][info][gc,task     ] GC(43) Using 8 workers of 10 for evacuation
[2026-03-25T22:09:25.976+0900][51.188s][info][gc,phases   ] GC(43)   Pre Evacuate Collection Set: 0.1ms
[2026-03-25T22:09:25.976+0900][51.188s][info][gc,phases   ] GC(43)   Merge Heap Roots: 0.0ms
[2026-03-25T22:09:25.976+0900][51.188s][info][gc,phases   ] GC(43)   Evacuate Collection Set: 1.2ms
[2026-03-25T22:09:25.976+0900][51.188s][info][gc,phases   ] GC(43)   Post Evacuate Collection Set: 0.2ms
[2026-03-25T22:09:25.976+0900][51.188s][info][gc,phases   ] GC(43)   Other: 0.1ms
[2026-03-25T22:09:25.976+0900][51.188s][info][gc,heap     ] GC(43) Eden regions: 17->0(15)
[2026-03-25T22:09:25.976+0900][51.188s][info][gc,heap     ] GC(43) Survivor regions: 1->1(3)
[2026-03-25T22:09:25.976+0900][51.188s][info][gc,heap     ] GC(43) Old regions: 16->16
[2026-03-25T22:09:25.976+0900][51.188s][info][gc,heap     ] GC(43) Archive regions: 2->2
[2026-03-25T22:09:25.976+0900][51.188s][info][gc,heap     ] GC(43) Humongous regions: 18->18
[2026-03-25T22:09:25.976+0900][51.188s][info][gc,metaspace] GC(43) Metaspace: 104034K(105024K)->104034K(105024K) NonClass: 88805K(89344K)->88805K(89344K) Class: 15228K(15680K)->15228K(15680K)
[2026-03-25T22:09:25.976+0900][51.188s][info][gc          ] GC(43) Pause Young (Normal) (G1 Evacuation Pause) 209M->142M(236M) 1.688ms
[2026-03-25T22:09:25.976+0900][51.188s][info][gc,cpu      ] GC(43) User=0.01s Sys=0.00s Real=0.00s
[2026-03-25T22:09:27.399+0900][52.611s][info][gc,start    ] GC(44) Pause Young (Concurrent Start) (G1 Evacuation Pause)
[2026-03-25T22:09:27.399+0900][52.611s][info][gc,task     ] GC(44) Using 8 workers of 10 for evacuation
[2026-03-25T22:09:27.402+0900][52.614s][info][gc,phases   ] GC(44)   Pre Evacuate Collection Set: 0.1ms
[2026-03-25T22:09:27.402+0900][52.614s][info][gc,phases   ] GC(44)   Merge Heap Roots: 0.0ms
[2026-03-25T22:09:27.402+0900][52.614s][info][gc,phases   ] GC(44)   Evacuate Collection Set: 2.1ms
[2026-03-25T22:09:27.402+0900][52.614s][info][gc,phases   ] GC(44)   Post Evacuate Collection Set: 0.3ms
[2026-03-25T22:09:27.402+0900][52.614s][info][gc,phases   ] GC(44)   Other: 0.1ms
[2026-03-25T22:09:27.402+0900][52.614s][info][gc,heap     ] GC(44) Eden regions: 15->0(15)
[2026-03-25T22:09:27.402+0900][52.614s][info][gc,heap     ] GC(44) Survivor regions: 1->1(2)
[2026-03-25T22:09:27.402+0900][52.614s][info][gc,heap     ] GC(44) Old regions: 16->16
[2026-03-25T22:09:27.402+0900][52.614s][info][gc,heap     ] GC(44) Archive regions: 2->2
[2026-03-25T22:09:27.402+0900][52.614s][info][gc,heap     ] GC(44) Humongous regions: 18->18
[2026-03-25T22:09:27.402+0900][52.614s][info][gc,metaspace] GC(44) Metaspace: 104064K(105024K)->104064K(105024K) NonClass: 88830K(89344K)->88830K(89344K) Class: 15233K(15680K)->15233K(15680K)
[2026-03-25T22:09:27.402+0900][52.614s][info][gc          ] GC(44) Pause Young (Concurrent Start) (G1 Evacuation Pause) 202M->142M(236M) 2.735ms
[2026-03-25T22:09:27.402+0900][52.614s][info][gc,cpu      ] GC(44) User=0.01s Sys=0.01s Real=0.01s
[2026-03-25T22:09:27.402+0900][52.614s][info][gc          ] GC(45) Concurrent Mark Cycle
[2026-03-25T22:09:27.402+0900][52.614s][info][gc,marking  ] GC(45) Concurrent Clear Claimed Marks
[2026-03-25T22:09:27.402+0900][52.614s][info][gc,marking  ] GC(45) Concurrent Clear Claimed Marks 0.017ms
[2026-03-25T22:09:27.402+0900][52.614s][info][gc,marking  ] GC(45) Concurrent Scan Root Regions
[2026-03-25T22:09:27.403+0900][52.615s][info][gc,marking  ] GC(45) Concurrent Scan Root Regions 1.326ms
[2026-03-25T22:09:27.403+0900][52.615s][info][gc,marking  ] GC(45) Concurrent Mark
[2026-03-25T22:09:27.403+0900][52.615s][info][gc,marking  ] GC(45) Concurrent Mark From Roots
[2026-03-25T22:09:27.403+0900][52.615s][info][gc,task     ] GC(45) Using 3 workers of 3 for marking
[2026-03-25T22:09:27.416+0900][52.628s][info][gc,marking  ] GC(45) Concurrent Mark From Roots 13.141ms
[2026-03-25T22:09:27.416+0900][52.628s][info][gc,marking  ] GC(45) Concurrent Preclean
[2026-03-25T22:09:27.416+0900][52.628s][info][gc,marking  ] GC(45) Concurrent Preclean 0.074ms
[2026-03-25T22:09:27.416+0900][52.628s][info][gc,start    ] GC(45) Pause Remark
[2026-03-25T22:09:27.421+0900][52.633s][info][gc          ] GC(45) Pause Remark 143M->143M(256M) 4.505ms
[2026-03-25T22:09:27.421+0900][52.633s][info][gc,cpu      ] GC(45) User=0.02s Sys=0.00s Real=0.01s
[2026-03-25T22:09:27.421+0900][52.633s][info][gc,marking  ] GC(45) Concurrent Mark 17.920ms
[2026-03-25T22:09:27.421+0900][52.633s][info][gc,marking  ] GC(45) Concurrent Rebuild Remembered Sets
[2026-03-25T22:09:27.430+0900][52.642s][info][gc,marking  ] GC(45) Concurrent Rebuild Remembered Sets 8.986ms
[2026-03-25T22:09:27.430+0900][52.642s][info][gc,start    ] GC(45) Pause Cleanup
[2026-03-25T22:09:27.430+0900][52.642s][info][gc          ] GC(45) Pause Cleanup 143M->143M(256M) 0.088ms
[2026-03-25T22:09:27.430+0900][52.642s][info][gc,cpu      ] GC(45) User=0.00s Sys=0.00s Real=0.00s
[2026-03-25T22:09:27.430+0900][52.642s][info][gc,marking  ] GC(45) Concurrent Cleanup for Next Mark
[2026-03-25T22:09:27.430+0900][52.642s][info][gc,marking  ] GC(45) Concurrent Cleanup for Next Mark 0.133ms
[2026-03-25T22:09:27.430+0900][52.642s][info][gc          ] GC(45) Concurrent Mark Cycle 28.628ms
[2026-03-25T22:09:28.560+0900][53.772s][info][gc,start    ] GC(46) Pause Young (Prepare Mixed) (G1 Evacuation Pause)
[2026-03-25T22:09:28.561+0900][53.773s][info][gc,task     ] GC(46) Using 8 workers of 10 for evacuation
[2026-03-25T22:09:28.562+0900][53.774s][info][gc,phases   ] GC(46)   Pre Evacuate Collection Set: 0.1ms
[2026-03-25T22:09:28.562+0900][53.774s][info][gc,phases   ] GC(46)   Merge Heap Roots: 0.0ms
[2026-03-25T22:09:28.562+0900][53.774s][info][gc,phases   ] GC(46)   Evacuate Collection Set: 1.6ms
[2026-03-25T22:09:28.562+0900][53.774s][info][gc,phases   ] GC(46)   Post Evacuate Collection Set: 0.2ms
[2026-03-25T22:09:28.562+0900][53.774s][info][gc,phases   ] GC(46)   Other: 0.4ms
[2026-03-25T22:09:28.562+0900][53.774s][info][gc,heap     ] GC(46) Eden regions: 14->0(2)
[2026-03-25T22:09:28.562+0900][53.774s][info][gc,heap     ] GC(46) Survivor regions: 1->1(2)
[2026-03-25T22:09:28.562+0900][53.774s][info][gc,heap     ] GC(46) Old regions: 16->16
[2026-03-25T22:09:28.563+0900][53.774s][info][gc,heap     ] GC(46) Archive regions: 2->2
[2026-03-25T22:09:28.563+0900][53.774s][info][gc,heap     ] GC(46) Humongous regions: 18->18
[2026-03-25T22:09:28.563+0900][53.774s][info][gc,metaspace] GC(46) Metaspace: 104066K(105024K)->104066K(105024K) NonClass: 88831K(89344K)->88831K(89344K) Class: 15235K(15680K)->15235K(15680K)
[2026-03-25T22:09:28.563+0900][53.775s][info][gc          ] GC(46) Pause Young (Prepare Mixed) (G1 Evacuation Pause) 198M->142M(256M) 2.285ms
[2026-03-25T22:09:28.563+0900][53.775s][info][gc,cpu      ] GC(46) User=0.00s Sys=0.00s Real=0.00s
[2026-03-25T22:09:28.669+0900][53.881s][info][gc,start    ] GC(47) Pause Young (Mixed) (G1 Evacuation Pause)
[2026-03-25T22:09:28.669+0900][53.881s][info][gc,task     ] GC(47) Using 8 workers of 10 for evacuation
[2026-03-25T22:09:28.672+0900][53.884s][info][gc,phases   ] GC(47)   Pre Evacuate Collection Set: 0.0ms
[2026-03-25T22:09:28.672+0900][53.884s][info][gc,phases   ] GC(47)   Merge Heap Roots: 0.1ms
[2026-03-25T22:09:28.672+0900][53.884s][info][gc,phases   ] GC(47)   Evacuate Collection Set: 2.2ms
[2026-03-25T22:09:28.672+0900][53.884s][info][gc,phases   ] GC(47)   Post Evacuate Collection Set: 0.2ms
[2026-03-25T22:09:28.672+0900][53.884s][info][gc,phases   ] GC(47)   Other: 0.1ms
[2026-03-25T22:09:28.672+0900][53.884s][info][gc,heap     ] GC(47) Eden regions: 2->0(19)
[2026-03-25T22:09:28.672+0900][53.884s][info][gc,heap     ] GC(47) Survivor regions: 1->1(1)
[2026-03-25T22:09:28.672+0900][53.884s][info][gc,heap     ] GC(47) Old regions: 16->16
[2026-03-25T22:09:28.672+0900][53.884s][info][gc,heap     ] GC(47) Archive regions: 2->2
[2026-03-25T22:09:28.672+0900][53.884s][info][gc,heap     ] GC(47) Humongous regions: 18->18
[2026-03-25T22:09:28.672+0900][53.884s][info][gc,metaspace] GC(47) Metaspace: 104066K(105024K)->104066K(105024K) NonClass: 88831K(89344K)->88831K(89344K) Class: 15235K(15680K)->15235K(15680K)
[2026-03-25T22:09:28.672+0900][53.884s][info][gc          ] GC(47) Pause Young (Mixed) (G1 Evacuation Pause) 150M->140M(256M) 2.657ms
[2026-03-25T22:09:28.672+0900][53.884s][info][gc,cpu      ] GC(47) User=0.02s Sys=0.00s Real=0.01s
[2026-03-25T22:09:30.144+0900][55.356s][info][gc,start    ] GC(48) Pause Young (Normal) (G1 Evacuation Pause)
[2026-03-25T22:09:30.144+0900][55.356s][info][gc,task     ] GC(48) Using 8 workers of 10 for evacuation
[2026-03-25T22:09:30.146+0900][55.358s][info][gc,phases   ] GC(48)   Pre Evacuate Collection Set: 0.1ms
[2026-03-25T22:09:30.146+0900][55.358s][info][gc,phases   ] GC(48)   Merge Heap Roots: 0.1ms
[2026-03-25T22:09:30.146+0900][55.358s][info][gc,phases   ] GC(48)   Evacuate Collection Set: 1.3ms
[2026-03-25T22:09:30.146+0900][55.358s][info][gc,phases   ] GC(48)   Post Evacuate Collection Set: 0.3ms
[2026-03-25T22:09:30.146+0900][55.358s][info][gc,phases   ] GC(48)   Other: 0.2ms
[2026-03-25T22:09:30.146+0900][55.358s][info][gc,heap     ] GC(48) Eden regions: 19->0(17)
[2026-03-25T22:09:30.146+0900][55.358s][info][gc,heap     ] GC(48) Survivor regions: 1->1(3)
[2026-03-25T22:09:30.146+0900][55.358s][info][gc,heap     ] GC(48) Old regions: 16->16
[2026-03-25T22:09:30.146+0900][55.358s][info][gc,heap     ] GC(48) Archive regions: 2->2
[2026-03-25T22:09:30.146+0900][55.358s][info][gc,heap     ] GC(48) Humongous regions: 20->20
[2026-03-25T22:09:30.146+0900][55.358s][info][gc,metaspace] GC(48) Metaspace: 104066K(105024K)->104066K(105024K) NonClass: 88831K(89344K)->88831K(89344K) Class: 15235K(15680K)->15235K(15680K)
[2026-03-25T22:09:30.146+0900][55.358s][info][gc          ] GC(48) Pause Young (Normal) (G1 Evacuation Pause) 224M->148M(256M) 2.034ms
[2026-03-25T22:09:30.146+0900][55.358s][info][gc,cpu      ] GC(48) User=0.01s Sys=0.00s Real=0.00s
[2026-03-25T22:09:31.560+0900][56.772s][info][gc,start    ] GC(49) Pause Young (Normal) (G1 Evacuation Pause)
[2026-03-25T22:09:31.560+0900][56.772s][info][gc,task     ] GC(49) Using 8 workers of 10 for evacuation
[2026-03-25T22:09:31.561+0900][56.773s][info][gc,phases   ] GC(49)   Pre Evacuate Collection Set: 0.1ms
[2026-03-25T22:09:31.561+0900][56.773s][info][gc,phases   ] GC(49)   Merge Heap Roots: 0.1ms
[2026-03-25T22:09:31.561+0900][56.773s][info][gc,phases   ] GC(49)   Evacuate Collection Set: 0.8ms
[2026-03-25T22:09:31.561+0900][56.773s][info][gc,phases   ] GC(49)   Post Evacuate Collection Set: 0.2ms
[2026-03-25T22:09:31.561+0900][56.773s][info][gc,phases   ] GC(49)   Other: 0.1ms
[2026-03-25T22:09:31.561+0900][56.773s][info][gc,heap     ] GC(49) Eden regions: 17->0(17)
[2026-03-25T22:09:31.561+0900][56.773s][info][gc,heap     ] GC(49) Survivor regions: 1->1(3)
[2026-03-25T22:09:31.561+0900][56.773s][info][gc,heap     ] GC(49) Old regions: 16->16
[2026-03-25T22:09:31.561+0900][56.773s][info][gc,heap     ] GC(49) Archive regions: 2->2
[2026-03-25T22:09:31.561+0900][56.773s][info][gc,heap     ] GC(49) Humongous regions: 20->20
[2026-03-25T22:09:31.561+0900][56.773s][info][gc,metaspace] GC(49) Metaspace: 104066K(105024K)->104066K(105024K) NonClass: 88831K(89344K)->88831K(89344K) Class: 15235K(15680K)->15235K(15680K)
[2026-03-25T22:09:31.561+0900][56.773s][info][gc          ] GC(49) Pause Young (Normal) (G1 Evacuation Pause) 216M->148M(256M) 1.285ms
[2026-03-25T22:09:31.561+0900][56.773s][info][gc,cpu      ] GC(49) User=0.00s Sys=0.00s Real=0.00s
[2026-03-25T22:09:32.803+0900][58.015s][info][gc,start    ] GC(50) Pause Young (Normal) (G1 Evacuation Pause)
[2026-03-25T22:09:32.803+0900][58.015s][info][gc,task     ] GC(50) Using 8 workers of 10 for evacuation
[2026-03-25T22:09:32.804+0900][58.016s][info][gc,phases   ] GC(50)   Pre Evacuate Collection Set: 0.1ms
[2026-03-25T22:09:32.804+0900][58.016s][info][gc,phases   ] GC(50)   Merge Heap Roots: 0.1ms
[2026-03-25T22:09:32.804+0900][58.016s][info][gc,phases   ] GC(50)   Evacuate Collection Set: 0.7ms
[2026-03-25T22:09:32.804+0900][58.016s][info][gc,phases   ] GC(50)   Post Evacuate Collection Set: 0.2ms
[2026-03-25T22:09:32.804+0900][58.016s][info][gc,phases   ] GC(50)   Other: 0.1ms
[2026-03-25T22:09:32.804+0900][58.016s][info][gc,heap     ] GC(50) Eden regions: 17->0(17)
[2026-03-25T22:09:32.804+0900][58.016s][info][gc,heap     ] GC(50) Survivor regions: 1->1(3)
[2026-03-25T22:09:32.804+0900][58.016s][info][gc,heap     ] GC(50) Old regions: 16->16
[2026-03-25T22:09:32.804+0900][58.016s][info][gc,heap     ] GC(50) Archive regions: 2->2
[2026-03-25T22:09:32.804+0900][58.016s][info][gc,heap     ] GC(50) Humongous regions: 20->20
[2026-03-25T22:09:32.804+0900][58.016s][info][gc,metaspace] GC(50) Metaspace: 104066K(105024K)->104066K(105024K) NonClass: 88831K(89344K)->88831K(89344K) Class: 15235K(15680K)->15235K(15680K)
[2026-03-25T22:09:32.804+0900][58.016s][info][gc          ] GC(50) Pause Young (Normal) (G1 Evacuation Pause) 216M->148M(256M) 1.166ms
[2026-03-25T22:09:32.804+0900][58.016s][info][gc,cpu      ] GC(50) User=0.01s Sys=0.00s Real=0.00s
[2026-03-25T22:09:34.131+0900][59.343s][info][gc,start    ] GC(51) Pause Young (Normal) (G1 Evacuation Pause)
[2026-03-25T22:09:34.131+0900][59.343s][info][gc,task     ] GC(51) Using 8 workers of 10 for evacuation
[2026-03-25T22:09:34.132+0900][59.344s][info][gc,phases   ] GC(51)   Pre Evacuate Collection Set: 0.1ms
[2026-03-25T22:09:34.132+0900][59.344s][info][gc,phases   ] GC(51)   Merge Heap Roots: 0.1ms
[2026-03-25T22:09:34.132+0900][59.344s][info][gc,phases   ] GC(51)   Evacuate Collection Set: 0.6ms
[2026-03-25T22:09:34.132+0900][59.344s][info][gc,phases   ] GC(51)   Post Evacuate Collection Set: 0.2ms
[2026-03-25T22:09:34.132+0900][59.344s][info][gc,phases   ] GC(51)   Other: 0.1ms
[2026-03-25T22:09:34.132+0900][59.344s][info][gc,heap     ] GC(51) Eden regions: 17->0(15)
[2026-03-25T22:09:34.132+0900][59.344s][info][gc,heap     ] GC(51) Survivor regions: 1->1(3)
[2026-03-25T22:09:34.132+0900][59.344s][info][gc,heap     ] GC(51) Old regions: 16->16
[2026-03-25T22:09:34.132+0900][59.344s][info][gc,heap     ] GC(51) Archive regions: 2->2
[2026-03-25T22:09:34.132+0900][59.344s][info][gc,heap     ] GC(51) Humongous regions: 22->22
[2026-03-25T22:09:34.132+0900][59.344s][info][gc,metaspace] GC(51) Metaspace: 104066K(105024K)->104066K(105024K) NonClass: 88831K(89344K)->88831K(89344K) Class: 15235K(15680K)->15235K(15680K)
[2026-03-25T22:09:34.132+0900][59.344s][info][gc          ] GC(51) Pause Young (Normal) (G1 Evacuation Pause) 224M->156M(256M) 1.018ms
[2026-03-25T22:09:34.132+0900][59.344s][info][gc,cpu      ] GC(51) User=0.01s Sys=0.00s Real=0.00s
[2026-03-25T22:09:35.186+0900][60.398s][info][gc,start    ] GC(52) Pause Young (Normal) (G1 Evacuation Pause)
[2026-03-25T22:09:35.186+0900][60.398s][info][gc,task     ] GC(52) Using 8 workers of 10 for evacuation
[2026-03-25T22:09:35.187+0900][60.399s][info][gc,phases   ] GC(52)   Pre Evacuate Collection Set: 0.0ms
[2026-03-25T22:09:35.187+0900][60.399s][info][gc,phases   ] GC(52)   Merge Heap Roots: 0.0ms
[2026-03-25T22:09:35.187+0900][60.399s][info][gc,phases   ] GC(52)   Evacuate Collection Set: 0.6ms
[2026-03-25T22:09:35.187+0900][60.399s][info][gc,phases   ] GC(52)   Post Evacuate Collection Set: 0.1ms
[2026-03-25T22:09:35.187+0900][60.399s][info][gc,phases   ] GC(52)   Other: 0.1ms
[2026-03-25T22:09:35.187+0900][60.399s][info][gc,heap     ] GC(52) Eden regions: 15->0(13)
[2026-03-25T22:09:35.187+0900][60.399s][info][gc,heap     ] GC(52) Survivor regions: 1->1(2)
[2026-03-25T22:09:35.187+0900][60.399s][info][gc,heap     ] GC(52) Old regions: 16->16
[2026-03-25T22:09:35.187+0900][60.399s][info][gc,heap     ] GC(52) Archive regions: 2->2
[2026-03-25T22:09:35.187+0900][60.399s][info][gc,heap     ] GC(52) Humongous regions: 24->24
[2026-03-25T22:09:35.187+0900][60.399s][info][gc,metaspace] GC(52) Metaspace: 104076K(105088K)->104076K(105088K) NonClass: 88839K(89408K)->88839K(89408K) Class: 15236K(15680K)->15236K(15680K)
[2026-03-25T22:09:35.187+0900][60.399s][info][gc          ] GC(52) Pause Young (Normal) (G1 Evacuation Pause) 224M->165M(256M) 1.003ms
[2026-03-25T22:09:35.187+0900][60.399s][info][gc,cpu      ] GC(52) User=0.01s Sys=0.00s Real=0.00s
[2026-03-25T22:09:36.160+0900][61.372s][info][gc,start    ] GC(53) Pause Young (Normal) (G1 Evacuation Pause)
[2026-03-25T22:09:36.160+0900][61.372s][info][gc,task     ] GC(53) Using 8 workers of 10 for evacuation
[2026-03-25T22:09:36.162+0900][61.374s][info][gc,phases   ] GC(53)   Pre Evacuate Collection Set: 0.1ms
[2026-03-25T22:09:36.162+0900][61.374s][info][gc,phases   ] GC(53)   Merge Heap Roots: 0.0ms
[2026-03-25T22:09:36.162+0900][61.374s][info][gc,phases   ] GC(53)   Evacuate Collection Set: 1.4ms
[2026-03-25T22:09:36.162+0900][61.374s][info][gc,phases   ] GC(53)   Post Evacuate Collection Set: 0.3ms
[2026-03-25T22:09:36.162+0900][61.374s][info][gc,phases   ] GC(53)   Other: 0.2ms
[2026-03-25T22:09:36.162+0900][61.374s][info][gc,heap     ] GC(53) Eden regions: 13->0(13)
[2026-03-25T22:09:36.162+0900][61.374s][info][gc,heap     ] GC(53) Survivor regions: 1->1(2)
[2026-03-25T22:09:36.162+0900][61.374s][info][gc,heap     ] GC(53) Old regions: 16->16
[2026-03-25T22:09:36.162+0900][61.374s][info][gc,heap     ] GC(53) Archive regions: 2->2
[2026-03-25T22:09:36.162+0900][61.374s][info][gc,heap     ] GC(53) Humongous regions: 24->24
[2026-03-25T22:09:36.162+0900][61.374s][info][gc,metaspace] GC(53) Metaspace: 104086K(105088K)->104086K(105088K) NonClass: 88850K(89408K)->88850K(89408K) Class: 15236K(15680K)->15236K(15680K)
[2026-03-25T22:09:36.162+0900][61.374s][info][gc          ] GC(53) Pause Young (Normal) (G1 Evacuation Pause) 217M->165M(256M) 2.139ms
[2026-03-25T22:09:36.162+0900][61.374s][info][gc,cpu      ] GC(53) User=0.01s Sys=0.00s Real=0.00s
[2026-03-25T22:09:37.108+0900][62.320s][info][gc,start    ] GC(54) Pause Young (Normal) (G1 Evacuation Pause)
[2026-03-25T22:09:37.108+0900][62.320s][info][gc,task     ] GC(54) Using 8 workers of 10 for evacuation
[2026-03-25T22:09:37.110+0900][62.322s][info][gc,phases   ] GC(54)   Pre Evacuate Collection Set: 0.1ms
[2026-03-25T22:09:37.110+0900][62.322s][info][gc,phases   ] GC(54)   Merge Heap Roots: 0.0ms
[2026-03-25T22:09:37.110+0900][62.322s][info][gc,phases   ] GC(54)   Evacuate Collection Set: 1.2ms
[2026-03-25T22:09:37.110+0900][62.322s][info][gc,phases   ] GC(54)   Post Evacuate Collection Set: 0.1ms
[2026-03-25T22:09:37.110+0900][62.322s][info][gc,phases   ] GC(54)   Other: 0.3ms
[2026-03-25T22:09:37.110+0900][62.322s][info][gc,heap     ] GC(54) Eden regions: 13->0(13)
[2026-03-25T22:09:37.110+0900][62.322s][info][gc,heap     ] GC(54) Survivor regions: 1->1(2)
[2026-03-25T22:09:37.110+0900][62.322s][info][gc,heap     ] GC(54) Old regions: 16->16
[2026-03-25T22:09:37.110+0900][62.322s][info][gc,heap     ] GC(54) Archive regions: 2->2
[2026-03-25T22:09:37.110+0900][62.322s][info][gc,heap     ] GC(54) Humongous regions: 24->24
[2026-03-25T22:09:37.110+0900][62.322s][info][gc,metaspace] GC(54) Metaspace: 104086K(105088K)->104086K(105088K) NonClass: 88850K(89408K)->88850K(89408K) Class: 15236K(15680K)->15236K(15680K)
[2026-03-25T22:09:37.110+0900][62.322s][info][gc          ] GC(54) Pause Young (Normal) (G1 Evacuation Pause) 217M->165M(256M) 1.751ms
[2026-03-25T22:09:37.110+0900][62.322s][info][gc,cpu      ] GC(54) User=0.00s Sys=0.00s Real=0.01s
[2026-03-25T22:09:38.278+0900][63.490s][info][gc,start    ] GC(55) Pause Young (Normal) (G1 Evacuation Pause)
[2026-03-25T22:09:38.278+0900][63.490s][info][gc,task     ] GC(55) Using 8 workers of 10 for evacuation
[2026-03-25T22:09:38.279+0900][63.491s][info][gc,phases   ] GC(55)   Pre Evacuate Collection Set: 0.0ms
[2026-03-25T22:09:38.279+0900][63.491s][info][gc,phases   ] GC(55)   Merge Heap Roots: 0.0ms
[2026-03-25T22:09:38.279+0900][63.491s][info][gc,phases   ] GC(55)   Evacuate Collection Set: 0.5ms
[2026-03-25T22:09:38.279+0900][63.491s][info][gc,phases   ] GC(55)   Post Evacuate Collection Set: 0.2ms
[2026-03-25T22:09:38.279+0900][63.491s][info][gc,phases   ] GC(55)   Other: 0.1ms
[2026-03-25T22:09:38.279+0900][63.491s][info][gc,heap     ] GC(55) Eden regions: 13->0(13)
[2026-03-25T22:09:38.279+0900][63.491s][info][gc,heap     ] GC(55) Survivor regions: 1->1(2)
[2026-03-25T22:09:38.279+0900][63.491s][info][gc,heap     ] GC(55) Old regions: 16->16
[2026-03-25T22:09:38.279+0900][63.491s][info][gc,heap     ] GC(55) Archive regions: 2->2
[2026-03-25T22:09:38.279+0900][63.491s][info][gc,heap     ] GC(55) Humongous regions: 24->24
[2026-03-25T22:09:38.279+0900][63.491s][info][gc,metaspace] GC(55) Metaspace: 104087K(105088K)->104087K(105088K) NonClass: 88850K(89408K)->88850K(89408K) Class: 15237K(15680K)->15237K(15680K)
[2026-03-25T22:09:38.279+0900][63.491s][info][gc          ] GC(55) Pause Young (Normal) (G1 Evacuation Pause) 217M->165M(256M) 0.871ms
[2026-03-25T22:09:38.279+0900][63.491s][info][gc,cpu      ] GC(55) User=0.00s Sys=0.00s Real=0.00s
[2026-03-25T22:09:38.823+0900][64.035s][info][gc,start    ] GC(56) Pause Young (Normal) (G1 Evacuation Pause)
[2026-03-25T22:09:38.823+0900][64.035s][info][gc,task     ] GC(56) Using 8 workers of 10 for evacuation
[2026-03-25T22:09:38.824+0900][64.036s][info][gc,phases   ] GC(56)   Pre Evacuate Collection Set: 0.1ms
[2026-03-25T22:09:38.824+0900][64.036s][info][gc,phases   ] GC(56)   Merge Heap Roots: 0.1ms
[2026-03-25T22:09:38.824+0900][64.036s][info][gc,phases   ] GC(56)   Evacuate Collection Set: 0.5ms
[2026-03-25T22:09:38.824+0900][64.036s][info][gc,phases   ] GC(56)   Post Evacuate Collection Set: 0.2ms
[2026-03-25T22:09:38.824+0900][64.036s][info][gc,phases   ] GC(56)   Other: 0.1ms
[2026-03-25T22:09:38.824+0900][64.036s][info][gc,heap     ] GC(56) Eden regions: 13->0(13)
[2026-03-25T22:09:38.824+0900][64.036s][info][gc,heap     ] GC(56) Survivor regions: 1->1(2)
[2026-03-25T22:09:38.824+0900][64.036s][info][gc,heap     ] GC(56) Old regions: 16->16
[2026-03-25T22:09:38.824+0900][64.036s][info][gc,heap     ] GC(56) Archive regions: 2->2
[2026-03-25T22:09:38.824+0900][64.036s][info][gc,heap     ] GC(56) Humongous regions: 24->24
[2026-03-25T22:09:38.824+0900][64.036s][info][gc,metaspace] GC(56) Metaspace: 104087K(105088K)->104087K(105088K) NonClass: 88850K(89408K)->88850K(89408K) Class: 15237K(15680K)->15237K(15680K)
[2026-03-25T22:09:38.824+0900][64.036s][info][gc          ] GC(56) Pause Young (Normal) (G1 Evacuation Pause) 217M->165M(256M) 0.913ms
[2026-03-25T22:09:38.824+0900][64.036s][info][gc,cpu      ] GC(56) User=0.00s Sys=0.00s Real=0.00s
[2026-03-25T22:09:39.976+0900][65.188s][info][gc,start    ] GC(57) Pause Young (Normal) (G1 Evacuation Pause)
[2026-03-25T22:09:39.976+0900][65.188s][info][gc,task     ] GC(57) Using 8 workers of 10 for evacuation
[2026-03-25T22:09:39.977+0900][65.189s][info][gc,phases   ] GC(57)   Pre Evacuate Collection Set: 0.0ms
[2026-03-25T22:09:39.977+0900][65.189s][info][gc,phases   ] GC(57)   Merge Heap Roots: 0.0ms
[2026-03-25T22:09:39.977+0900][65.189s][info][gc,phases   ] GC(57)   Evacuate Collection Set: 0.5ms
[2026-03-25T22:09:39.977+0900][65.189s][info][gc,phases   ] GC(57)   Post Evacuate Collection Set: 0.1ms
[2026-03-25T22:09:39.977+0900][65.189s][info][gc,phases   ] GC(57)   Other: 0.1ms
[2026-03-25T22:09:39.977+0900][65.189s][info][gc,heap     ] GC(57) Eden regions: 13->0(13)
[2026-03-25T22:09:39.977+0900][65.189s][info][gc,heap     ] GC(57) Survivor regions: 1->1(2)
[2026-03-25T22:09:39.977+0900][65.189s][info][gc,heap     ] GC(57) Old regions: 16->16
[2026-03-25T22:09:39.977+0900][65.189s][info][gc,heap     ] GC(57) Archive regions: 2->2
[2026-03-25T22:09:39.977+0900][65.189s][info][gc,heap     ] GC(57) Humongous regions: 24->24
[2026-03-25T22:09:39.977+0900][65.189s][info][gc,metaspace] GC(57) Metaspace: 104087K(105088K)->104087K(105088K) NonClass: 88850K(89408K)->88850K(89408K) Class: 15237K(15680K)->15237K(15680K)
[2026-03-25T22:09:39.977+0900][65.189s][info][gc          ] GC(57) Pause Young (Normal) (G1 Evacuation Pause) 217M->165M(256M) 0.821ms
[2026-03-25T22:09:39.977+0900][65.189s][info][gc,cpu      ] GC(57) User=0.00s Sys=0.00s Real=0.00s
[2026-03-25T22:09:40.783+0900][65.995s][info][gc,start    ] GC(58) Pause Young (Normal) (G1 Evacuation Pause)
[2026-03-25T22:09:40.783+0900][65.995s][info][gc,task     ] GC(58) Using 8 workers of 10 for evacuation
[2026-03-25T22:09:40.783+0900][65.995s][info][gc,phases   ] GC(58)   Pre Evacuate Collection Set: 0.0ms
[2026-03-25T22:09:40.783+0900][65.995s][info][gc,phases   ] GC(58)   Merge Heap Roots: 0.0ms
[2026-03-25T22:09:40.783+0900][65.995s][info][gc,phases   ] GC(58)   Evacuate Collection Set: 0.5ms
[2026-03-25T22:09:40.783+0900][65.995s][info][gc,phases   ] GC(58)   Post Evacuate Collection Set: 0.2ms
[2026-03-25T22:09:40.783+0900][65.995s][info][gc,phases   ] GC(58)   Other: 0.1ms
[2026-03-25T22:09:40.784+0900][65.995s][info][gc,heap     ] GC(58) Eden regions: 13->0(13)
[2026-03-25T22:09:40.784+0900][65.995s][info][gc,heap     ] GC(58) Survivor regions: 1->1(2)
[2026-03-25T22:09:40.784+0900][65.995s][info][gc,heap     ] GC(58) Old regions: 16->16
[2026-03-25T22:09:40.784+0900][65.995s][info][gc,heap     ] GC(58) Archive regions: 2->2
[2026-03-25T22:09:40.784+0900][65.995s][info][gc,heap     ] GC(58) Humongous regions: 24->24
[2026-03-25T22:09:40.784+0900][65.995s][info][gc,metaspace] GC(58) Metaspace: 104087K(105088K)->104087K(105088K) NonClass: 88850K(89408K)->88850K(89408K) Class: 15237K(15680K)->15237K(15680K)
[2026-03-25T22:09:40.784+0900][65.995s][info][gc          ] GC(58) Pause Young (Normal) (G1 Evacuation Pause) 217M->166M(256M) 0.919ms
[2026-03-25T22:09:40.784+0900][65.995s][info][gc,cpu      ] GC(58) User=0.00s Sys=0.00s Real=0.00s
[2026-03-25T22:09:41.634+0900][66.845s][info][gc,start    ] GC(59) Pause Young (Normal) (G1 Evacuation Pause)
[2026-03-25T22:09:41.634+0900][66.846s][info][gc,task     ] GC(59) Using 8 workers of 10 for evacuation
[2026-03-25T22:09:41.634+0900][66.846s][info][gc,phases   ] GC(59)   Pre Evacuate Collection Set: 0.1ms
[2026-03-25T22:09:41.634+0900][66.846s][info][gc,phases   ] GC(59)   Merge Heap Roots: 0.0ms
[2026-03-25T22:09:41.634+0900][66.846s][info][gc,phases   ] GC(59)   Evacuate Collection Set: 0.5ms
[2026-03-25T22:09:41.634+0900][66.846s][info][gc,phases   ] GC(59)   Post Evacuate Collection Set: 0.2ms
[2026-03-25T22:09:41.634+0900][66.846s][info][gc,phases   ] GC(59)   Other: 0.1ms
[2026-03-25T22:09:41.634+0900][66.846s][info][gc,heap     ] GC(59) Eden regions: 13->0(12)
[2026-03-25T22:09:41.634+0900][66.846s][info][gc,heap     ] GC(59) Survivor regions: 1->1(2)
[2026-03-25T22:09:41.634+0900][66.846s][info][gc,heap     ] GC(59) Old regions: 16->17
[2026-03-25T22:09:41.634+0900][66.846s][info][gc,heap     ] GC(59) Archive regions: 2->2
[2026-03-25T22:09:41.634+0900][66.846s][info][gc,heap     ] GC(59) Humongous regions: 24->24
[2026-03-25T22:09:41.634+0900][66.846s][info][gc,metaspace] GC(59) Metaspace: 104087K(105088K)->104087K(105088K) NonClass: 88850K(89408K)->88850K(89408K) Class: 15237K(15680K)->15237K(15680K)
[2026-03-25T22:09:41.634+0900][66.846s][info][gc          ] GC(59) Pause Young (Normal) (G1 Evacuation Pause) 218M->165M(256M) 0.895ms
[2026-03-25T22:09:41.634+0900][66.846s][info][gc,cpu      ] GC(59) User=0.00s Sys=0.00s Real=0.00s
[2026-03-25T22:09:42.453+0900][67.665s][info][gc,start    ] GC(60) Pause Young (Normal) (G1 Evacuation Pause)
[2026-03-25T22:09:42.453+0900][67.665s][info][gc,task     ] GC(60) Using 8 workers of 10 for evacuation
[2026-03-25T22:09:42.454+0900][67.666s][info][gc,phases   ] GC(60)   Pre Evacuate Collection Set: 0.0ms
[2026-03-25T22:09:42.454+0900][67.666s][info][gc,phases   ] GC(60)   Merge Heap Roots: 0.0ms
[2026-03-25T22:09:42.454+0900][67.666s][info][gc,phases   ] GC(60)   Evacuate Collection Set: 0.5ms
[2026-03-25T22:09:42.454+0900][67.666s][info][gc,phases   ] GC(60)   Post Evacuate Collection Set: 0.1ms
[2026-03-25T22:09:42.454+0900][67.666s][info][gc,phases   ] GC(60)   Other: 0.1ms
[2026-03-25T22:09:42.454+0900][67.666s][info][gc,heap     ] GC(60) Eden regions: 12->0(12)
[2026-03-25T22:09:42.454+0900][67.666s][info][gc,heap     ] GC(60) Survivor regions: 1->1(2)
[2026-03-25T22:09:42.454+0900][67.666s][info][gc,heap     ] GC(60) Old regions: 17->17
[2026-03-25T22:09:42.454+0900][67.666s][info][gc,heap     ] GC(60) Archive regions: 2->2
[2026-03-25T22:09:42.454+0900][67.666s][info][gc,heap     ] GC(60) Humongous regions: 24->24
[2026-03-25T22:09:42.454+0900][67.666s][info][gc,metaspace] GC(60) Metaspace: 104087K(105088K)->104087K(105088K) NonClass: 88850K(89408K)->88850K(89408K) Class: 15237K(15680K)->15237K(15680K)
[2026-03-25T22:09:42.454+0900][67.666s][info][gc          ] GC(60) Pause Young (Normal) (G1 Evacuation Pause) 213M->166M(256M) 0.888ms
[2026-03-25T22:09:42.454+0900][67.666s][info][gc,cpu      ] GC(60) User=0.01s Sys=0.00s Real=0.00s
[2026-03-25T22:09:43.175+0900][68.387s][info][gc,start    ] GC(61) Pause Young (Normal) (G1 Evacuation Pause)
[2026-03-25T22:09:43.176+0900][68.387s][info][gc,task     ] GC(61) Using 8 workers of 10 for evacuation
[2026-03-25T22:09:43.176+0900][68.388s][info][gc,phases   ] GC(61)   Pre Evacuate Collection Set: 0.1ms
[2026-03-25T22:09:43.176+0900][68.388s][info][gc,phases   ] GC(61)   Merge Heap Roots: 0.1ms
[2026-03-25T22:09:43.176+0900][68.388s][info][gc,phases   ] GC(61)   Evacuate Collection Set: 0.5ms
[2026-03-25T22:09:43.176+0900][68.388s][info][gc,phases   ] GC(61)   Post Evacuate Collection Set: 0.1ms
[2026-03-25T22:09:43.176+0900][68.388s][info][gc,phases   ] GC(61)   Other: 0.1ms
[2026-03-25T22:09:43.176+0900][68.388s][info][gc,heap     ] GC(61) Eden regions: 12->0(12)
[2026-03-25T22:09:43.176+0900][68.388s][info][gc,heap     ] GC(61) Survivor regions: 1->1(2)
[2026-03-25T22:09:43.176+0900][68.388s][info][gc,heap     ] GC(61) Old regions: 17->17
[2026-03-25T22:09:43.176+0900][68.388s][info][gc,heap     ] GC(61) Archive regions: 2->2
[2026-03-25T22:09:43.176+0900][68.388s][info][gc,heap     ] GC(61) Humongous regions: 24->24
[2026-03-25T22:09:43.176+0900][68.388s][info][gc,metaspace] GC(61) Metaspace: 104087K(105088K)->104087K(105088K) NonClass: 88850K(89408K)->88850K(89408K) Class: 15237K(15680K)->15237K(15680K)
[2026-03-25T22:09:43.176+0900][68.388s][info][gc          ] GC(61) Pause Young (Normal) (G1 Evacuation Pause) 214M->166M(256M) 0.917ms
[2026-03-25T22:09:43.176+0900][68.388s][info][gc,cpu      ] GC(61) User=0.01s Sys=0.01s Real=0.00s
[2026-03-25T22:09:43.989+0900][69.201s][info][gc,start    ] GC(62) Pause Young (Normal) (G1 Evacuation Pause)
[2026-03-25T22:09:43.989+0900][69.201s][info][gc,task     ] GC(62) Using 8 workers of 10 for evacuation
[2026-03-25T22:09:43.991+0900][69.203s][info][gc,phases   ] GC(62)   Pre Evacuate Collection Set: 0.1ms
[2026-03-25T22:09:43.991+0900][69.203s][info][gc,phases   ] GC(62)   Merge Heap Roots: 0.0ms
[2026-03-25T22:09:43.991+0900][69.203s][info][gc,phases   ] GC(62)   Evacuate Collection Set: 1.1ms
[2026-03-25T22:09:43.991+0900][69.203s][info][gc,phases   ] GC(62)   Post Evacuate Collection Set: 0.2ms
[2026-03-25T22:09:43.991+0900][69.203s][info][gc,phases   ] GC(62)   Other: 0.1ms
[2026-03-25T22:09:43.991+0900][69.203s][info][gc,heap     ] GC(62) Eden regions: 12->0(12)
[2026-03-25T22:09:43.991+0900][69.203s][info][gc,heap     ] GC(62) Survivor regions: 1->1(2)
[2026-03-25T22:09:43.991+0900][69.203s][info][gc,heap     ] GC(62) Old regions: 17->17
[2026-03-25T22:09:43.991+0900][69.203s][info][gc,heap     ] GC(62) Archive regions: 2->2
[2026-03-25T22:09:43.991+0900][69.203s][info][gc,heap     ] GC(62) Humongous regions: 24->24
[2026-03-25T22:09:43.991+0900][69.203s][info][gc,metaspace] GC(62) Metaspace: 104087K(105088K)->104087K(105088K) NonClass: 88850K(89408K)->88850K(89408K) Class: 15237K(15680K)->15237K(15680K)
[2026-03-25T22:09:43.991+0900][69.203s][info][gc          ] GC(62) Pause Young (Normal) (G1 Evacuation Pause) 214M->166M(256M) 1.499ms
[2026-03-25T22:09:43.991+0900][69.203s][info][gc,cpu      ] GC(62) User=0.01s Sys=0.00s Real=0.01s
[2026-03-25T22:09:44.664+0900][69.876s][info][gc,start    ] GC(63) Pause Young (Normal) (G1 Evacuation Pause)
[2026-03-25T22:09:44.664+0900][69.876s][info][gc,task     ] GC(63) Using 8 workers of 10 for evacuation
[2026-03-25T22:09:44.665+0900][69.877s][info][gc,phases   ] GC(63)   Pre Evacuate Collection Set: 0.1ms
[2026-03-25T22:09:44.665+0900][69.877s][info][gc,phases   ] GC(63)   Merge Heap Roots: 0.1ms
[2026-03-25T22:09:44.665+0900][69.877s][info][gc,phases   ] GC(63)   Evacuate Collection Set: 0.4ms
[2026-03-25T22:09:44.665+0900][69.877s][info][gc,phases   ] GC(63)   Post Evacuate Collection Set: 0.1ms
[2026-03-25T22:09:44.665+0900][69.877s][info][gc,phases   ] GC(63)   Other: 0.1ms
[2026-03-25T22:09:44.665+0900][69.877s][info][gc,heap     ] GC(63) Eden regions: 12->0(12)
[2026-03-25T22:09:44.665+0900][69.877s][info][gc,heap     ] GC(63) Survivor regions: 1->1(2)
[2026-03-25T22:09:44.665+0900][69.877s][info][gc,heap     ] GC(63) Old regions: 17->17
[2026-03-25T22:09:44.665+0900][69.877s][info][gc,heap     ] GC(63) Archive regions: 2->2
[2026-03-25T22:09:44.665+0900][69.877s][info][gc,heap     ] GC(63) Humongous regions: 24->24
[2026-03-25T22:09:44.665+0900][69.877s][info][gc,metaspace] GC(63) Metaspace: 104087K(105088K)->104087K(105088K) NonClass: 88850K(89408K)->88850K(89408K) Class: 15237K(15680K)->15237K(15680K)
[2026-03-25T22:09:44.665+0900][69.877s][info][gc          ] GC(63) Pause Young (Normal) (G1 Evacuation Pause) 214M->165M(256M) 0.842ms
[2026-03-25T22:09:44.665+0900][69.877s][info][gc,cpu      ] GC(63) User=0.00s Sys=0.00s Real=0.00s
[2026-03-25T22:09:45.546+0900][70.758s][info][gc,start    ] GC(64) Pause Young (Normal) (G1 Evacuation Pause)
[2026-03-25T22:09:45.546+0900][70.758s][info][gc,task     ] GC(64) Using 8 workers of 10 for evacuation
[2026-03-25T22:09:45.547+0900][70.759s][info][gc,phases   ] GC(64)   Pre Evacuate Collection Set: 0.1ms
[2026-03-25T22:09:45.547+0900][70.759s][info][gc,phases   ] GC(64)   Merge Heap Roots: 0.1ms
[2026-03-25T22:09:45.547+0900][70.759s][info][gc,phases   ] GC(64)   Evacuate Collection Set: 0.5ms
[2026-03-25T22:09:45.547+0900][70.759s][info][gc,phases   ] GC(64)   Post Evacuate Collection Set: 0.2ms
[2026-03-25T22:09:45.547+0900][70.759s][info][gc,phases   ] GC(64)   Other: 0.1ms
[2026-03-25T22:09:45.547+0900][70.759s][info][gc,heap     ] GC(64) Eden regions: 12->0(12)
[2026-03-25T22:09:45.547+0900][70.759s][info][gc,heap     ] GC(64) Survivor regions: 1->1(2)
[2026-03-25T22:09:45.547+0900][70.759s][info][gc,heap     ] GC(64) Old regions: 17->17
[2026-03-25T22:09:45.547+0900][70.759s][info][gc,heap     ] GC(64) Archive regions: 2->2
[2026-03-25T22:09:45.547+0900][70.759s][info][gc,heap     ] GC(64) Humongous regions: 24->24
[2026-03-25T22:09:45.547+0900][70.759s][info][gc,metaspace] GC(64) Metaspace: 104087K(105088K)->104087K(105088K) NonClass: 88850K(89408K)->88850K(89408K) Class: 15237K(15680K)->15237K(15680K)
[2026-03-25T22:09:45.547+0900][70.759s][info][gc          ] GC(64) Pause Young (Normal) (G1 Evacuation Pause) 213M->166M(256M) 0.896ms
[2026-03-25T22:09:45.547+0900][70.759s][info][gc,cpu      ] GC(64) User=0.00s Sys=0.00s Real=0.00s
[2026-03-25T22:09:46.441+0900][71.652s][info][gc,start    ] GC(65) Pause Young (Normal) (G1 Evacuation Pause)
[2026-03-25T22:09:46.441+0900][71.652s][info][gc,task     ] GC(65) Using 8 workers of 10 for evacuation
[2026-03-25T22:09:46.441+0900][71.653s][info][gc,phases   ] GC(65)   Pre Evacuate Collection Set: 0.0ms
[2026-03-25T22:09:46.441+0900][71.653s][info][gc,phases   ] GC(65)   Merge Heap Roots: 0.1ms
[2026-03-25T22:09:46.441+0900][71.653s][info][gc,phases   ] GC(65)   Evacuate Collection Set: 0.5ms
[2026-03-25T22:09:46.441+0900][71.653s][info][gc,phases   ] GC(65)   Post Evacuate Collection Set: 0.2ms
[2026-03-25T22:09:46.441+0900][71.653s][info][gc,phases   ] GC(65)   Other: 0.1ms
[2026-03-25T22:09:46.441+0900][71.653s][info][gc,heap     ] GC(65) Eden regions: 12->0(12)
[2026-03-25T22:09:46.441+0900][71.653s][info][gc,heap     ] GC(65) Survivor regions: 1->1(2)
[2026-03-25T22:09:46.441+0900][71.653s][info][gc,heap     ] GC(65) Old regions: 17->17
[2026-03-25T22:09:46.441+0900][71.653s][info][gc,heap     ] GC(65) Archive regions: 2->2
[2026-03-25T22:09:46.441+0900][71.653s][info][gc,heap     ] GC(65) Humongous regions: 24->24
[2026-03-25T22:09:46.441+0900][71.653s][info][gc,metaspace] GC(65) Metaspace: 104088K(105088K)->104088K(105088K) NonClass: 88851K(89408K)->88851K(89408K) Class: 15237K(15680K)->15237K(15680K)
[2026-03-25T22:09:46.441+0900][71.653s][info][gc          ] GC(65) Pause Young (Normal) (G1 Evacuation Pause) 214M->166M(256M) 0.894ms
[2026-03-25T22:09:46.441+0900][71.653s][info][gc,cpu      ] GC(65) User=0.00s Sys=0.00s Real=0.00s
[2026-03-25T22:09:46.923+0900][72.135s][info][gc,start    ] GC(66) Pause Young (Normal) (G1 Evacuation Pause)
[2026-03-25T22:09:46.923+0900][72.135s][info][gc,task     ] GC(66) Using 8 workers of 10 for evacuation
[2026-03-25T22:09:46.924+0900][72.136s][info][gc,phases   ] GC(66)   Pre Evacuate Collection Set: 0.1ms
[2026-03-25T22:09:46.924+0900][72.136s][info][gc,phases   ] GC(66)   Merge Heap Roots: 0.1ms
[2026-03-25T22:09:46.924+0900][72.136s][info][gc,phases   ] GC(66)   Evacuate Collection Set: 0.4ms
[2026-03-25T22:09:46.924+0900][72.136s][info][gc,phases   ] GC(66)   Post Evacuate Collection Set: 0.1ms
[2026-03-25T22:09:46.924+0900][72.136s][info][gc,phases   ] GC(66)   Other: 0.1ms
[2026-03-25T22:09:46.924+0900][72.136s][info][gc,heap     ] GC(66) Eden regions: 12->0(12)
[2026-03-25T22:09:46.924+0900][72.136s][info][gc,heap     ] GC(66) Survivor regions: 1->1(2)
[2026-03-25T22:09:46.924+0900][72.136s][info][gc,heap     ] GC(66) Old regions: 17->17
[2026-03-25T22:09:46.924+0900][72.136s][info][gc,heap     ] GC(66) Archive regions: 2->2
[2026-03-25T22:09:46.924+0900][72.136s][info][gc,heap     ] GC(66) Humongous regions: 24->24
[2026-03-25T22:09:46.924+0900][72.136s][info][gc,metaspace] GC(66) Metaspace: 104088K(105088K)->104088K(105088K) NonClass: 88851K(89408K)->88851K(89408K) Class: 15237K(15680K)->15237K(15680K)
[2026-03-25T22:09:46.924+0900][72.136s][info][gc          ] GC(66) Pause Young (Normal) (G1 Evacuation Pause) 214M->166M(256M) 0.830ms
[2026-03-25T22:09:46.924+0900][72.136s][info][gc,cpu      ] GC(66) User=0.01s Sys=0.00s Real=0.00s
[2026-03-25T22:09:47.600+0900][72.812s][info][gc,start    ] GC(67) Pause Young (Normal) (G1 Evacuation Pause)
[2026-03-25T22:09:47.600+0900][72.812s][info][gc,task     ] GC(67) Using 8 workers of 10 for evacuation
[2026-03-25T22:09:47.602+0900][72.814s][info][gc,phases   ] GC(67)   Pre Evacuate Collection Set: 0.0ms
[2026-03-25T22:09:47.602+0900][72.814s][info][gc,phases   ] GC(67)   Merge Heap Roots: 0.0ms
[2026-03-25T22:09:47.602+0900][72.814s][info][gc,phases   ] GC(67)   Evacuate Collection Set: 1.1ms
[2026-03-25T22:09:47.602+0900][72.814s][info][gc,phases   ] GC(67)   Post Evacuate Collection Set: 0.2ms
[2026-03-25T22:09:47.602+0900][72.814s][info][gc,phases   ] GC(67)   Other: 0.2ms
[2026-03-25T22:09:47.602+0900][72.814s][info][gc,heap     ] GC(67) Eden regions: 12->0(12)
[2026-03-25T22:09:47.602+0900][72.814s][info][gc,heap     ] GC(67) Survivor regions: 1->1(2)
[2026-03-25T22:09:47.602+0900][72.814s][info][gc,heap     ] GC(67) Old regions: 17->17
[2026-03-25T22:09:47.602+0900][72.814s][info][gc,heap     ] GC(67) Archive regions: 2->2
[2026-03-25T22:09:47.602+0900][72.814s][info][gc,heap     ] GC(67) Humongous regions: 24->24
[2026-03-25T22:09:47.602+0900][72.814s][info][gc,metaspace] GC(67) Metaspace: 104089K(105088K)->104089K(105088K) NonClass: 88851K(89408K)->88851K(89408K) Class: 15237K(15680K)->15237K(15680K)
[2026-03-25T22:09:47.602+0900][72.814s][info][gc          ] GC(67) Pause Young (Normal) (G1 Evacuation Pause) 214M->166M(256M) 1.555ms
[2026-03-25T22:09:47.602+0900][72.814s][info][gc,cpu      ] GC(67) User=0.00s Sys=0.00s Real=0.00s
[2026-03-25T22:09:48.412+0900][73.623s][info][gc,start    ] GC(68) Pause Young (Normal) (G1 Evacuation Pause)
[2026-03-25T22:09:48.412+0900][73.623s][info][gc,task     ] GC(68) Using 8 workers of 10 for evacuation
[2026-03-25T22:09:48.412+0900][73.624s][info][gc,phases   ] GC(68)   Pre Evacuate Collection Set: 0.1ms
[2026-03-25T22:09:48.412+0900][73.624s][info][gc,phases   ] GC(68)   Merge Heap Roots: 0.1ms
[2026-03-25T22:09:48.412+0900][73.624s][info][gc,phases   ] GC(68)   Evacuate Collection Set: 0.4ms
[2026-03-25T22:09:48.412+0900][73.624s][info][gc,phases   ] GC(68)   Post Evacuate Collection Set: 0.2ms
[2026-03-25T22:09:48.412+0900][73.624s][info][gc,phases   ] GC(68)   Other: 0.1ms
[2026-03-25T22:09:48.412+0900][73.624s][info][gc,heap     ] GC(68) Eden regions: 12->0(12)
[2026-03-25T22:09:48.412+0900][73.624s][info][gc,heap     ] GC(68) Survivor regions: 1->1(2)
[2026-03-25T22:09:48.412+0900][73.624s][info][gc,heap     ] GC(68) Old regions: 17->17
[2026-03-25T22:09:48.412+0900][73.624s][info][gc,heap     ] GC(68) Archive regions: 2->2
[2026-03-25T22:09:48.412+0900][73.624s][info][gc,heap     ] GC(68) Humongous regions: 24->24
[2026-03-25T22:09:48.412+0900][73.624s][info][gc,metaspace] GC(68) Metaspace: 104089K(105088K)->104089K(105088K) NonClass: 88851K(89408K)->88851K(89408K) Class: 15237K(15680K)->15237K(15680K)
[2026-03-25T22:09:48.412+0900][73.624s][info][gc          ] GC(68) Pause Young (Normal) (G1 Evacuation Pause) 214M->166M(256M) 0.825ms
[2026-03-25T22:09:48.412+0900][73.624s][info][gc,cpu      ] GC(68) User=0.00s Sys=0.00s Real=0.00s
[2026-03-25T22:09:49.150+0900][74.362s][info][gc,start    ] GC(69) Pause Young (Normal) (G1 Evacuation Pause)
[2026-03-25T22:09:49.150+0900][74.362s][info][gc,task     ] GC(69) Using 8 workers of 10 for evacuation
[2026-03-25T22:09:49.151+0900][74.363s][info][gc,phases   ] GC(69)   Pre Evacuate Collection Set: 0.1ms
[2026-03-25T22:09:49.151+0900][74.363s][info][gc,phases   ] GC(69)   Merge Heap Roots: 0.1ms
[2026-03-25T22:09:49.151+0900][74.363s][info][gc,phases   ] GC(69)   Evacuate Collection Set: 0.4ms
[2026-03-25T22:09:49.151+0900][74.363s][info][gc,phases   ] GC(69)   Post Evacuate Collection Set: 0.2ms
[2026-03-25T22:09:49.151+0900][74.363s][info][gc,phases   ] GC(69)   Other: 0.1ms
[2026-03-25T22:09:49.151+0900][74.363s][info][gc,heap     ] GC(69) Eden regions: 12->0(12)
[2026-03-25T22:09:49.151+0900][74.363s][info][gc,heap     ] GC(69) Survivor regions: 1->1(2)
[2026-03-25T22:09:49.151+0900][74.363s][info][gc,heap     ] GC(69) Old regions: 17->17
[2026-03-25T22:09:49.151+0900][74.363s][info][gc,heap     ] GC(69) Archive regions: 2->2
[2026-03-25T22:09:49.151+0900][74.363s][info][gc,heap     ] GC(69) Humongous regions: 24->24
[2026-03-25T22:09:49.151+0900][74.363s][info][gc,metaspace] GC(69) Metaspace: 104089K(105088K)->104089K(105088K) NonClass: 88851K(89408K)->88851K(89408K) Class: 15237K(15680K)->15237K(15680K)
[2026-03-25T22:09:49.151+0900][74.363s][info][gc          ] GC(69) Pause Young (Normal) (G1 Evacuation Pause) 214M->166M(256M) 0.798ms
[2026-03-25T22:09:49.151+0900][74.363s][info][gc,cpu      ] GC(69) User=0.00s Sys=0.00s Real=0.00s
[2026-03-25T22:09:49.797+0900][75.008s][info][gc,start    ] GC(70) Pause Young (Normal) (G1 Evacuation Pause)
[2026-03-25T22:09:49.797+0900][75.008s][info][gc,task     ] GC(70) Using 8 workers of 10 for evacuation
[2026-03-25T22:09:49.798+0900][75.010s][info][gc,phases   ] GC(70)   Pre Evacuate Collection Set: 0.0ms
[2026-03-25T22:09:49.798+0900][75.010s][info][gc,phases   ] GC(70)   Merge Heap Roots: 0.0ms
[2026-03-25T22:09:49.798+0900][75.010s][info][gc,phases   ] GC(70)   Evacuate Collection Set: 1.1ms
[2026-03-25T22:09:49.798+0900][75.010s][info][gc,phases   ] GC(70)   Post Evacuate Collection Set: 0.2ms
[2026-03-25T22:09:49.798+0900][75.010s][info][gc,phases   ] GC(70)   Other: 0.1ms
[2026-03-25T22:09:49.798+0900][75.010s][info][gc,heap     ] GC(70) Eden regions: 12->0(12)
[2026-03-25T22:09:49.798+0900][75.010s][info][gc,heap     ] GC(70) Survivor regions: 1->1(2)
[2026-03-25T22:09:49.798+0900][75.010s][info][gc,heap     ] GC(70) Old regions: 17->17
[2026-03-25T22:09:49.798+0900][75.010s][info][gc,heap     ] GC(70) Archive regions: 2->2
[2026-03-25T22:09:49.798+0900][75.010s][info][gc,heap     ] GC(70) Humongous regions: 24->24
[2026-03-25T22:09:49.798+0900][75.010s][info][gc,metaspace] GC(70) Metaspace: 104089K(105088K)->104089K(105088K) NonClass: 88851K(89408K)->88851K(89408K) Class: 15237K(15680K)->15237K(15680K)
[2026-03-25T22:09:49.798+0900][75.010s][info][gc          ] GC(70) Pause Young (Normal) (G1 Evacuation Pause) 214M->166M(256M) 1.403ms
[2026-03-25T22:09:49.798+0900][75.010s][info][gc,cpu      ] GC(70) User=0.00s Sys=0.00s Real=0.00s
[2026-03-25T22:09:50.720+0900][75.932s][info][gc,start    ] GC(71) Pause Young (Normal) (G1 Evacuation Pause)
[2026-03-25T22:09:50.720+0900][75.932s][info][gc,task     ] GC(71) Using 8 workers of 10 for evacuation
[2026-03-25T22:09:50.721+0900][75.932s][info][gc,phases   ] GC(71)   Pre Evacuate Collection Set: 0.1ms
[2026-03-25T22:09:50.721+0900][75.932s][info][gc,phases   ] GC(71)   Merge Heap Roots: 0.0ms
[2026-03-25T22:09:50.721+0900][75.932s][info][gc,phases   ] GC(71)   Evacuate Collection Set: 0.4ms
[2026-03-25T22:09:50.721+0900][75.932s][info][gc,phases   ] GC(71)   Post Evacuate Collection Set: 0.2ms
[2026-03-25T22:09:50.721+0900][75.932s][info][gc,phases   ] GC(71)   Other: 0.1ms
[2026-03-25T22:09:50.721+0900][75.932s][info][gc,heap     ] GC(71) Eden regions: 12->0(12)
[2026-03-25T22:09:50.721+0900][75.932s][info][gc,heap     ] GC(71) Survivor regions: 1->1(2)
[2026-03-25T22:09:50.721+0900][75.932s][info][gc,heap     ] GC(71) Old regions: 17->17
[2026-03-25T22:09:50.721+0900][75.932s][info][gc,heap     ] GC(71) Archive regions: 2->2
[2026-03-25T22:09:50.721+0900][75.932s][info][gc,heap     ] GC(71) Humongous regions: 24->24
[2026-03-25T22:09:50.721+0900][75.932s][info][gc,metaspace] GC(71) Metaspace: 104089K(105088K)->104089K(105088K) NonClass: 88851K(89408K)->88851K(89408K) Class: 15237K(15680K)->15237K(15680K)
[2026-03-25T22:09:50.721+0900][75.932s][info][gc          ] GC(71) Pause Young (Normal) (G1 Evacuation Pause) 214M->166M(256M) 0.871ms
[2026-03-25T22:09:50.721+0900][75.932s][info][gc,cpu      ] GC(71) User=0.00s Sys=0.00s Real=0.00s
[2026-03-25T22:09:51.327+0900][76.539s][info][gc,start    ] GC(72) Pause Young (Normal) (G1 Evacuation Pause)
[2026-03-25T22:09:51.327+0900][76.539s][info][gc,task     ] GC(72) Using 8 workers of 10 for evacuation
[2026-03-25T22:09:51.328+0900][76.539s][info][gc,phases   ] GC(72)   Pre Evacuate Collection Set: 0.1ms
[2026-03-25T22:09:51.328+0900][76.539s][info][gc,phases   ] GC(72)   Merge Heap Roots: 0.1ms
[2026-03-25T22:09:51.328+0900][76.539s][info][gc,phases   ] GC(72)   Evacuate Collection Set: 0.4ms
[2026-03-25T22:09:51.328+0900][76.539s][info][gc,phases   ] GC(72)   Post Evacuate Collection Set: 0.1ms
[2026-03-25T22:09:51.328+0900][76.539s][info][gc,phases   ] GC(72)   Other: 0.1ms
[2026-03-25T22:09:51.328+0900][76.539s][info][gc,heap     ] GC(72) Eden regions: 12->0(12)
[2026-03-25T22:09:51.328+0900][76.539s][info][gc,heap     ] GC(72) Survivor regions: 1->1(2)
[2026-03-25T22:09:51.328+0900][76.539s][info][gc,heap     ] GC(72) Old regions: 17->17
[2026-03-25T22:09:51.328+0900][76.539s][info][gc,heap     ] GC(72) Archive regions: 2->2
[2026-03-25T22:09:51.328+0900][76.540s][info][gc,heap     ] GC(72) Humongous regions: 24->24
[2026-03-25T22:09:51.328+0900][76.540s][info][gc,metaspace] GC(72) Metaspace: 104090K(105088K)->104090K(105088K) NonClass: 88852K(89408K)->88852K(89408K) Class: 15237K(15680K)->15237K(15680K)
[2026-03-25T22:09:51.328+0900][76.540s][info][gc          ] GC(72) Pause Young (Normal) (G1 Evacuation Pause) 214M->166M(256M) 0.782ms
[2026-03-25T22:09:51.328+0900][76.540s][info][gc,cpu      ] GC(72) User=0.00s Sys=0.00s Real=0.00s
[2026-03-25T22:09:51.820+0900][77.032s][info][gc,start    ] GC(73) Pause Young (Normal) (G1 Evacuation Pause)
[2026-03-25T22:09:51.820+0900][77.032s][info][gc,task     ] GC(73) Using 8 workers of 10 for evacuation
[2026-03-25T22:09:51.821+0900][77.033s][info][gc,phases   ] GC(73)   Pre Evacuate Collection Set: 0.1ms
[2026-03-25T22:09:51.821+0900][77.033s][info][gc,phases   ] GC(73)   Merge Heap Roots: 0.0ms
[2026-03-25T22:09:51.821+0900][77.033s][info][gc,phases   ] GC(73)   Evacuate Collection Set: 0.4ms
[2026-03-25T22:09:51.821+0900][77.033s][info][gc,phases   ] GC(73)   Post Evacuate Collection Set: 0.2ms
[2026-03-25T22:09:51.821+0900][77.033s][info][gc,phases   ] GC(73)   Other: 0.1ms
[2026-03-25T22:09:51.821+0900][77.033s][info][gc,heap     ] GC(73) Eden regions: 12->0(12)
[2026-03-25T22:09:51.821+0900][77.033s][info][gc,heap     ] GC(73) Survivor regions: 1->1(2)
[2026-03-25T22:09:51.821+0900][77.033s][info][gc,heap     ] GC(73) Old regions: 17->17
[2026-03-25T22:09:51.821+0900][77.033s][info][gc,heap     ] GC(73) Archive regions: 2->2
[2026-03-25T22:09:51.821+0900][77.033s][info][gc,heap     ] GC(73) Humongous regions: 24->24
[2026-03-25T22:09:51.821+0900][77.033s][info][gc,metaspace] GC(73) Metaspace: 104090K(105088K)->104090K(105088K) NonClass: 88852K(89408K)->88852K(89408K) Class: 15237K(15680K)->15237K(15680K)
[2026-03-25T22:09:51.821+0900][77.033s][info][gc          ] GC(73) Pause Young (Normal) (G1 Evacuation Pause) 214M->166M(256M) 0.794ms
[2026-03-25T22:09:51.821+0900][77.033s][info][gc,cpu      ] GC(73) User=0.00s Sys=0.00s Real=0.00s
[2026-03-25T22:09:52.460+0900][77.672s][info][gc,start    ] GC(74) Pause Young (Normal) (G1 Evacuation Pause)
[2026-03-25T22:09:52.460+0900][77.672s][info][gc,task     ] GC(74) Using 8 workers of 10 for evacuation
[2026-03-25T22:09:52.461+0900][77.673s][info][gc,phases   ] GC(74)   Pre Evacuate Collection Set: 0.1ms
[2026-03-25T22:09:52.461+0900][77.673s][info][gc,phases   ] GC(74)   Merge Heap Roots: 0.1ms
[2026-03-25T22:09:52.461+0900][77.673s][info][gc,phases   ] GC(74)   Evacuate Collection Set: 0.4ms
[2026-03-25T22:09:52.461+0900][77.673s][info][gc,phases   ] GC(74)   Post Evacuate Collection Set: 0.2ms
[2026-03-25T22:09:52.461+0900][77.673s][info][gc,phases   ] GC(74)   Other: 0.1ms
[2026-03-25T22:09:52.461+0900][77.673s][info][gc,heap     ] GC(74) Eden regions: 12->0(12)
[2026-03-25T22:09:52.461+0900][77.673s][info][gc,heap     ] GC(74) Survivor regions: 1->1(2)
[2026-03-25T22:09:52.461+0900][77.673s][info][gc,heap     ] GC(74) Old regions: 17->17
[2026-03-25T22:09:52.461+0900][77.673s][info][gc,heap     ] GC(74) Archive regions: 2->2
[2026-03-25T22:09:52.461+0900][77.673s][info][gc,heap     ] GC(74) Humongous regions: 24->24
[2026-03-25T22:09:52.461+0900][77.673s][info][gc,metaspace] GC(74) Metaspace: 104090K(105088K)->104090K(105088K) NonClass: 88852K(89408K)->88852K(89408K) Class: 15237K(15680K)->15237K(15680K)
[2026-03-25T22:09:52.461+0900][77.673s][info][gc          ] GC(74) Pause Young (Normal) (G1 Evacuation Pause) 214M->166M(256M) 0.838ms
[2026-03-25T22:09:52.461+0900][77.673s][info][gc,cpu      ] GC(74) User=0.01s Sys=0.00s Real=0.00s
[2026-03-25T22:09:53.310+0900][78.522s][info][gc,start    ] GC(75) Pause Young (Normal) (G1 Evacuation Pause)
[2026-03-25T22:09:53.310+0900][78.522s][info][gc,task     ] GC(75) Using 8 workers of 10 for evacuation
[2026-03-25T22:09:53.311+0900][78.523s][info][gc,phases   ] GC(75)   Pre Evacuate Collection Set: 0.1ms
[2026-03-25T22:09:53.311+0900][78.523s][info][gc,phases   ] GC(75)   Merge Heap Roots: 0.0ms
[2026-03-25T22:09:53.311+0900][78.523s][info][gc,phases   ] GC(75)   Evacuate Collection Set: 1.0ms
[2026-03-25T22:09:53.311+0900][78.523s][info][gc,phases   ] GC(75)   Post Evacuate Collection Set: 0.2ms
[2026-03-25T22:09:53.311+0900][78.523s][info][gc,phases   ] GC(75)   Other: 0.1ms
[2026-03-25T22:09:53.311+0900][78.523s][info][gc,heap     ] GC(75) Eden regions: 12->0(12)
[2026-03-25T22:09:53.311+0900][78.523s][info][gc,heap     ] GC(75) Survivor regions: 1->1(2)
[2026-03-25T22:09:53.311+0900][78.523s][info][gc,heap     ] GC(75) Old regions: 17->17
[2026-03-25T22:09:53.311+0900][78.523s][info][gc,heap     ] GC(75) Archive regions: 2->2
[2026-03-25T22:09:53.311+0900][78.523s][info][gc,heap     ] GC(75) Humongous regions: 24->24
[2026-03-25T22:09:53.311+0900][78.523s][info][gc,metaspace] GC(75) Metaspace: 104090K(105088K)->104090K(105088K) NonClass: 88853K(89408K)->88853K(89408K) Class: 15237K(15680K)->15237K(15680K)
[2026-03-25T22:09:53.311+0900][78.523s][info][gc          ] GC(75) Pause Young (Normal) (G1 Evacuation Pause) 214M->166M(256M) 1.388ms
[2026-03-25T22:09:53.311+0900][78.523s][info][gc,cpu      ] GC(75) User=0.00s Sys=0.00s Real=0.00s
[2026-03-25T22:09:53.881+0900][79.093s][info][gc,start    ] GC(76) Pause Young (Normal) (G1 Evacuation Pause)
[2026-03-25T22:09:53.881+0900][79.093s][info][gc,task     ] GC(76) Using 8 workers of 10 for evacuation
[2026-03-25T22:09:53.882+0900][79.094s][info][gc,phases   ] GC(76)   Pre Evacuate Collection Set: 0.0ms
[2026-03-25T22:09:53.882+0900][79.094s][info][gc,phases   ] GC(76)   Merge Heap Roots: 0.0ms
[2026-03-25T22:09:53.882+0900][79.094s][info][gc,phases   ] GC(76)   Evacuate Collection Set: 0.4ms
[2026-03-25T22:09:53.882+0900][79.094s][info][gc,phases   ] GC(76)   Post Evacuate Collection Set: 0.2ms
[2026-03-25T22:09:53.882+0900][79.094s][info][gc,phases   ] GC(76)   Other: 0.1ms
[2026-03-25T22:09:53.882+0900][79.094s][info][gc,heap     ] GC(76) Eden regions: 12->0(12)
[2026-03-25T22:09:53.882+0900][79.094s][info][gc,heap     ] GC(76) Survivor regions: 1->1(2)
[2026-03-25T22:09:53.882+0900][79.094s][info][gc,heap     ] GC(76) Old regions: 17->17
[2026-03-25T22:09:53.882+0900][79.094s][info][gc,heap     ] GC(76) Archive regions: 2->2
[2026-03-25T22:09:53.882+0900][79.094s][info][gc,heap     ] GC(76) Humongous regions: 24->24
[2026-03-25T22:09:53.882+0900][79.094s][info][gc,metaspace] GC(76) Metaspace: 104090K(105088K)->104090K(105088K) NonClass: 88853K(89408K)->88853K(89408K) Class: 15237K(15680K)->15237K(15680K)
[2026-03-25T22:09:53.882+0900][79.094s][info][gc          ] GC(76) Pause Young (Normal) (G1 Evacuation Pause) 214M->166M(256M) 0.745ms
[2026-03-25T22:09:53.882+0900][79.094s][info][gc,cpu      ] GC(76) User=0.00s Sys=0.00s Real=0.00s
[2026-03-25T22:09:54.452+0900][79.663s][info][gc,start    ] GC(77) Pause Young (Normal) (G1 Evacuation Pause)
[2026-03-25T22:09:54.452+0900][79.663s][info][gc,task     ] GC(77) Using 8 workers of 10 for evacuation
[2026-03-25T22:09:54.452+0900][79.664s][info][gc,phases   ] GC(77)   Pre Evacuate Collection Set: 0.1ms
[2026-03-25T22:09:54.452+0900][79.664s][info][gc,phases   ] GC(77)   Merge Heap Roots: 0.1ms
[2026-03-25T22:09:54.452+0900][79.664s][info][gc,phases   ] GC(77)   Evacuate Collection Set: 0.4ms
[2026-03-25T22:09:54.452+0900][79.664s][info][gc,phases   ] GC(77)   Post Evacuate Collection Set: 0.2ms
[2026-03-25T22:09:54.452+0900][79.664s][info][gc,phases   ] GC(77)   Other: 0.1ms
[2026-03-25T22:09:54.452+0900][79.664s][info][gc,heap     ] GC(77) Eden regions: 12->0(12)
[2026-03-25T22:09:54.452+0900][79.664s][info][gc,heap     ] GC(77) Survivor regions: 1->1(2)
[2026-03-25T22:09:54.452+0900][79.664s][info][gc,heap     ] GC(77) Old regions: 17->17
[2026-03-25T22:09:54.452+0900][79.664s][info][gc,heap     ] GC(77) Archive regions: 2->2
[2026-03-25T22:09:54.452+0900][79.664s][info][gc,heap     ] GC(77) Humongous regions: 24->24
[2026-03-25T22:09:54.452+0900][79.664s][info][gc,metaspace] GC(77) Metaspace: 104090K(105088K)->104090K(105088K) NonClass: 88853K(89408K)->88853K(89408K) Class: 15237K(15680K)->15237K(15680K)
[2026-03-25T22:09:54.452+0900][79.664s][info][gc          ] GC(77) Pause Young (Normal) (G1 Evacuation Pause) 214M->166M(256M) 0.791ms
[2026-03-25T22:09:54.452+0900][79.664s][info][gc,cpu      ] GC(77) User=0.01s Sys=0.00s Real=0.00s
[2026-03-25T22:09:55.035+0900][80.247s][info][gc,start    ] GC(78) Pause Young (Normal) (G1 Evacuation Pause)
[2026-03-25T22:09:55.035+0900][80.247s][info][gc,task     ] GC(78) Using 8 workers of 10 for evacuation
[2026-03-25T22:09:55.036+0900][80.248s][info][gc,phases   ] GC(78)   Pre Evacuate Collection Set: 0.0ms
[2026-03-25T22:09:55.036+0900][80.248s][info][gc,phases   ] GC(78)   Merge Heap Roots: 0.1ms
[2026-03-25T22:09:55.036+0900][80.248s][info][gc,phases   ] GC(78)   Evacuate Collection Set: 0.4ms
[2026-03-25T22:09:55.036+0900][80.248s][info][gc,phases   ] GC(78)   Post Evacuate Collection Set: 0.2ms
[2026-03-25T22:09:55.036+0900][80.248s][info][gc,phases   ] GC(78)   Other: 0.1ms
[2026-03-25T22:09:55.036+0900][80.248s][info][gc,heap     ] GC(78) Eden regions: 12->0(12)
[2026-03-25T22:09:55.036+0900][80.248s][info][gc,heap     ] GC(78) Survivor regions: 1->1(2)
[2026-03-25T22:09:55.036+0900][80.248s][info][gc,heap     ] GC(78) Old regions: 17->17
[2026-03-25T22:09:55.036+0900][80.248s][info][gc,heap     ] GC(78) Archive regions: 2->2
[2026-03-25T22:09:55.036+0900][80.248s][info][gc,heap     ] GC(78) Humongous regions: 24->24
[2026-03-25T22:09:55.036+0900][80.248s][info][gc,metaspace] GC(78) Metaspace: 104090K(105088K)->104090K(105088K) NonClass: 88853K(89408K)->88853K(89408K) Class: 15237K(15680K)->15237K(15680K)
[2026-03-25T22:09:55.036+0900][80.248s][info][gc          ] GC(78) Pause Young (Normal) (G1 Evacuation Pause) 214M->166M(256M) 0.757ms
[2026-03-25T22:09:55.036+0900][80.248s][info][gc,cpu      ] GC(78) User=0.00s Sys=0.00s Real=0.00s
[2026-03-25T22:09:55.612+0900][80.824s][info][gc,start    ] GC(79) Pause Young (Normal) (G1 Evacuation Pause)
[2026-03-25T22:09:55.612+0900][80.824s][info][gc,task     ] GC(79) Using 8 workers of 10 for evacuation
[2026-03-25T22:09:55.613+0900][80.825s][info][gc,phases   ] GC(79)   Pre Evacuate Collection Set: 0.0ms
[2026-03-25T22:09:55.613+0900][80.825s][info][gc,phases   ] GC(79)   Merge Heap Roots: 0.0ms
[2026-03-25T22:09:55.613+0900][80.825s][info][gc,phases   ] GC(79)   Evacuate Collection Set: 0.4ms
[2026-03-25T22:09:55.613+0900][80.825s][info][gc,phases   ] GC(79)   Post Evacuate Collection Set: 0.2ms
[2026-03-25T22:09:55.613+0900][80.825s][info][gc,phases   ] GC(79)   Other: 0.1ms
[2026-03-25T22:09:55.613+0900][80.825s][info][gc,heap     ] GC(79) Eden regions: 12->0(12)
[2026-03-25T22:09:55.613+0900][80.825s][info][gc,heap     ] GC(79) Survivor regions: 1->1(2)
[2026-03-25T22:09:55.613+0900][80.825s][info][gc,heap     ] GC(79) Old regions: 17->17
[2026-03-25T22:09:55.613+0900][80.825s][info][gc,heap     ] GC(79) Archive regions: 2->2
[2026-03-25T22:09:55.613+0900][80.825s][info][gc,heap     ] GC(79) Humongous regions: 24->24
[2026-03-25T22:09:55.613+0900][80.825s][info][gc,metaspace] GC(79) Metaspace: 104090K(105088K)->104090K(105088K) NonClass: 88853K(89408K)->88853K(89408K) Class: 15237K(15680K)->15237K(15680K)
[2026-03-25T22:09:55.613+0900][80.825s][info][gc          ] GC(79) Pause Young (Normal) (G1 Evacuation Pause) 214M->166M(256M) 0.784ms
[2026-03-25T22:09:55.613+0900][80.825s][info][gc,cpu      ] GC(79) User=0.00s Sys=0.00s Real=0.00s
[2026-03-25T22:09:56.464+0900][81.676s][info][gc,start    ] GC(80) Pause Young (Normal) (G1 Evacuation Pause)
[2026-03-25T22:09:56.464+0900][81.676s][info][gc,task     ] GC(80) Using 8 workers of 10 for evacuation
[2026-03-25T22:09:56.465+0900][81.677s][info][gc,phases   ] GC(80)   Pre Evacuate Collection Set: 0.1ms
[2026-03-25T22:09:56.465+0900][81.677s][info][gc,phases   ] GC(80)   Merge Heap Roots: 0.0ms
[2026-03-25T22:09:56.465+0900][81.677s][info][gc,phases   ] GC(80)   Evacuate Collection Set: 0.8ms
[2026-03-25T22:09:56.465+0900][81.677s][info][gc,phases   ] GC(80)   Post Evacuate Collection Set: 0.2ms
[2026-03-25T22:09:56.465+0900][81.677s][info][gc,phases   ] GC(80)   Other: 0.1ms
[2026-03-25T22:09:56.465+0900][81.677s][info][gc,heap     ] GC(80) Eden regions: 12->0(12)
[2026-03-25T22:09:56.465+0900][81.677s][info][gc,heap     ] GC(80) Survivor regions: 1->1(2)
[2026-03-25T22:09:56.465+0900][81.677s][info][gc,heap     ] GC(80) Old regions: 17->17
[2026-03-25T22:09:56.465+0900][81.677s][info][gc,heap     ] GC(80) Archive regions: 2->2
[2026-03-25T22:09:56.465+0900][81.677s][info][gc,heap     ] GC(80) Humongous regions: 24->24
[2026-03-25T22:09:56.465+0900][81.677s][info][gc,metaspace] GC(80) Metaspace: 104090K(105088K)->104090K(105088K) NonClass: 88853K(89408K)->88853K(89408K) Class: 15237K(15680K)->15237K(15680K)
[2026-03-25T22:09:56.465+0900][81.677s][info][gc          ] GC(80) Pause Young (Normal) (G1 Evacuation Pause) 214M->166M(256M) 1.185ms
[2026-03-25T22:09:56.465+0900][81.677s][info][gc,cpu      ] GC(80) User=0.00s Sys=0.00s Real=0.00s
[2026-03-25T22:09:56.920+0900][82.132s][info][gc,start    ] GC(81) Pause Young (Normal) (G1 Evacuation Pause)
[2026-03-25T22:09:56.920+0900][82.132s][info][gc,task     ] GC(81) Using 8 workers of 10 for evacuation
[2026-03-25T22:09:56.921+0900][82.133s][info][gc,phases   ] GC(81)   Pre Evacuate Collection Set: 0.0ms
[2026-03-25T22:09:56.921+0900][82.133s][info][gc,phases   ] GC(81)   Merge Heap Roots: 0.0ms
[2026-03-25T22:09:56.921+0900][82.133s][info][gc,phases   ] GC(81)   Evacuate Collection Set: 0.4ms
[2026-03-25T22:09:56.921+0900][82.133s][info][gc,phases   ] GC(81)   Post Evacuate Collection Set: 0.2ms
[2026-03-25T22:09:56.921+0900][82.133s][info][gc,phases   ] GC(81)   Other: 0.1ms
[2026-03-25T22:09:56.921+0900][82.133s][info][gc,heap     ] GC(81) Eden regions: 12->0(12)
[2026-03-25T22:09:56.921+0900][82.133s][info][gc,heap     ] GC(81) Survivor regions: 1->1(2)
[2026-03-25T22:09:56.921+0900][82.133s][info][gc,heap     ] GC(81) Old regions: 17->17
[2026-03-25T22:09:56.921+0900][82.133s][info][gc,heap     ] GC(81) Archive regions: 2->2
[2026-03-25T22:09:56.921+0900][82.133s][info][gc,heap     ] GC(81) Humongous regions: 24->24
[2026-03-25T22:09:56.921+0900][82.133s][info][gc,metaspace] GC(81) Metaspace: 104091K(105088K)->104091K(105088K) NonClass: 88853K(89408K)->88853K(89408K) Class: 15237K(15680K)->15237K(15680K)
[2026-03-25T22:09:56.921+0900][82.133s][info][gc          ] GC(81) Pause Young (Normal) (G1 Evacuation Pause) 214M->166M(256M) 0.780ms
[2026-03-25T22:09:56.921+0900][82.133s][info][gc,cpu      ] GC(81) User=0.00s Sys=0.00s Real=0.00s
[2026-03-25T22:09:57.587+0900][82.799s][info][gc,start    ] GC(82) Pause Young (Normal) (G1 Evacuation Pause)
[2026-03-25T22:09:57.587+0900][82.799s][info][gc,task     ] GC(82) Using 8 workers of 10 for evacuation
[2026-03-25T22:09:57.588+0900][82.800s][info][gc,phases   ] GC(82)   Pre Evacuate Collection Set: 0.1ms
[2026-03-25T22:09:57.588+0900][82.800s][info][gc,phases   ] GC(82)   Merge Heap Roots: 0.1ms
[2026-03-25T22:09:57.588+0900][82.800s][info][gc,phases   ] GC(82)   Evacuate Collection Set: 0.4ms
[2026-03-25T22:09:57.588+0900][82.800s][info][gc,phases   ] GC(82)   Post Evacuate Collection Set: 0.2ms
[2026-03-25T22:09:57.588+0900][82.800s][info][gc,phases   ] GC(82)   Other: 0.1ms
[2026-03-25T22:09:57.588+0900][82.800s][info][gc,heap     ] GC(82) Eden regions: 12->0(12)
[2026-03-25T22:09:57.588+0900][82.800s][info][gc,heap     ] GC(82) Survivor regions: 1->1(2)
[2026-03-25T22:09:57.588+0900][82.800s][info][gc,heap     ] GC(82) Old regions: 17->17
[2026-03-25T22:09:57.588+0900][82.800s][info][gc,heap     ] GC(82) Archive regions: 2->2
[2026-03-25T22:09:57.588+0900][82.800s][info][gc,heap     ] GC(82) Humongous regions: 24->24
[2026-03-25T22:09:57.588+0900][82.800s][info][gc,metaspace] GC(82) Metaspace: 104091K(105088K)->104091K(105088K) NonClass: 88853K(89408K)->88853K(89408K) Class: 15237K(15680K)->15237K(15680K)
[2026-03-25T22:09:57.588+0900][82.800s][info][gc          ] GC(82) Pause Young (Normal) (G1 Evacuation Pause) 214M->166M(256M) 0.847ms
[2026-03-25T22:09:57.588+0900][82.800s][info][gc,cpu      ] GC(82) User=0.00s Sys=0.00s Real=0.00s
[2026-03-25T22:09:58.251+0900][83.463s][info][gc,start    ] GC(83) Pause Young (Normal) (G1 Evacuation Pause)
[2026-03-25T22:09:58.251+0900][83.463s][info][gc,task     ] GC(83) Using 8 workers of 10 for evacuation
[2026-03-25T22:09:58.252+0900][83.464s][info][gc,phases   ] GC(83)   Pre Evacuate Collection Set: 0.1ms
[2026-03-25T22:09:58.252+0900][83.464s][info][gc,phases   ] GC(83)   Merge Heap Roots: 0.0ms
[2026-03-25T22:09:58.252+0900][83.464s][info][gc,phases   ] GC(83)   Evacuate Collection Set: 0.8ms
[2026-03-25T22:09:58.252+0900][83.464s][info][gc,phases   ] GC(83)   Post Evacuate Collection Set: 0.2ms
[2026-03-25T22:09:58.252+0900][83.464s][info][gc,phases   ] GC(83)   Other: 0.1ms
[2026-03-25T22:09:58.252+0900][83.464s][info][gc,heap     ] GC(83) Eden regions: 12->0(12)
[2026-03-25T22:09:58.252+0900][83.464s][info][gc,heap     ] GC(83) Survivor regions: 1->1(2)
[2026-03-25T22:09:58.252+0900][83.464s][info][gc,heap     ] GC(83) Old regions: 17->17
[2026-03-25T22:09:58.252+0900][83.464s][info][gc,heap     ] GC(83) Archive regions: 2->2
[2026-03-25T22:09:58.252+0900][83.464s][info][gc,heap     ] GC(83) Humongous regions: 24->24
[2026-03-25T22:09:58.252+0900][83.464s][info][gc,metaspace] GC(83) Metaspace: 104091K(105088K)->104091K(105088K) NonClass: 88853K(89408K)->88853K(89408K) Class: 15237K(15680K)->15237K(15680K)
[2026-03-25T22:09:58.252+0900][83.464s][info][gc          ] GC(83) Pause Young (Normal) (G1 Evacuation Pause) 214M->166M(256M) 1.215ms
[2026-03-25T22:09:58.252+0900][83.464s][info][gc,cpu      ] GC(83) User=0.00s Sys=0.00s Real=0.00s
[2026-03-25T22:09:58.961+0900][84.173s][info][gc,start    ] GC(84) Pause Young (Normal) (G1 Evacuation Pause)
[2026-03-25T22:09:58.961+0900][84.173s][info][gc,task     ] GC(84) Using 8 workers of 10 for evacuation
[2026-03-25T22:09:58.962+0900][84.174s][info][gc,phases   ] GC(84)   Pre Evacuate Collection Set: 0.1ms
[2026-03-25T22:09:58.962+0900][84.174s][info][gc,phases   ] GC(84)   Merge Heap Roots: 0.0ms
[2026-03-25T22:09:58.962+0900][84.174s][info][gc,phases   ] GC(84)   Evacuate Collection Set: 1.1ms
[2026-03-25T22:09:58.962+0900][84.174s][info][gc,phases   ] GC(84)   Post Evacuate Collection Set: 0.2ms
[2026-03-25T22:09:58.962+0900][84.174s][info][gc,phases   ] GC(84)   Other: 0.1ms
[2026-03-25T22:09:58.962+0900][84.174s][info][gc,heap     ] GC(84) Eden regions: 12->0(12)
[2026-03-25T22:09:58.962+0900][84.174s][info][gc,heap     ] GC(84) Survivor regions: 1->1(2)
[2026-03-25T22:09:58.962+0900][84.174s][info][gc,heap     ] GC(84) Old regions: 17->17
[2026-03-25T22:09:58.962+0900][84.174s][info][gc,heap     ] GC(84) Archive regions: 2->2
[2026-03-25T22:09:58.962+0900][84.174s][info][gc,heap     ] GC(84) Humongous regions: 24->24
[2026-03-25T22:09:58.962+0900][84.174s][info][gc,metaspace] GC(84) Metaspace: 104091K(105088K)->104091K(105088K) NonClass: 88853K(89408K)->88853K(89408K) Class: 15237K(15680K)->15237K(15680K)
[2026-03-25T22:09:58.962+0900][84.174s][info][gc          ] GC(84) Pause Young (Normal) (G1 Evacuation Pause) 214M->166M(256M) 1.473ms
[2026-03-25T22:09:58.962+0900][84.174s][info][gc,cpu      ] GC(84) User=0.01s Sys=0.00s Real=0.00s
[2026-03-25T22:09:59.459+0900][84.670s][info][gc,start    ] GC(85) Pause Young (Normal) (G1 Evacuation Pause)
[2026-03-25T22:09:59.459+0900][84.670s][info][gc,task     ] GC(85) Using 8 workers of 10 for evacuation
[2026-03-25T22:09:59.459+0900][84.671s][info][gc,phases   ] GC(85)   Pre Evacuate Collection Set: 0.1ms
[2026-03-25T22:09:59.459+0900][84.671s][info][gc,phases   ] GC(85)   Merge Heap Roots: 0.0ms
[2026-03-25T22:09:59.459+0900][84.671s][info][gc,phases   ] GC(85)   Evacuate Collection Set: 0.6ms
[2026-03-25T22:09:59.459+0900][84.671s][info][gc,phases   ] GC(85)   Post Evacuate Collection Set: 0.2ms
[2026-03-25T22:09:59.459+0900][84.671s][info][gc,phases   ] GC(85)   Other: 0.1ms
[2026-03-25T22:09:59.459+0900][84.671s][info][gc,heap     ] GC(85) Eden regions: 12->0(12)
[2026-03-25T22:09:59.459+0900][84.671s][info][gc,heap     ] GC(85) Survivor regions: 1->1(2)
[2026-03-25T22:09:59.459+0900][84.671s][info][gc,heap     ] GC(85) Old regions: 17->17
[2026-03-25T22:09:59.459+0900][84.671s][info][gc,heap     ] GC(85) Archive regions: 2->2
[2026-03-25T22:09:59.459+0900][84.671s][info][gc,heap     ] GC(85) Humongous regions: 24->24
[2026-03-25T22:09:59.459+0900][84.671s][info][gc,metaspace] GC(85) Metaspace: 104091K(105088K)->104091K(105088K) NonClass: 88853K(89408K)->88853K(89408K) Class: 15237K(15680K)->15237K(15680K)
[2026-03-25T22:09:59.459+0900][84.671s][info][gc          ] GC(85) Pause Young (Normal) (G1 Evacuation Pause) 214M->166M(256M) 0.946ms
[2026-03-25T22:09:59.459+0900][84.671s][info][gc,cpu      ] GC(85) User=0.00s Sys=0.00s Real=0.00s
[2026-03-25T22:09:59.945+0900][85.157s][info][gc,start    ] GC(86) Pause Young (Normal) (G1 Evacuation Pause)
[2026-03-25T22:09:59.945+0900][85.157s][info][gc,task     ] GC(86) Using 8 workers of 10 for evacuation
[2026-03-25T22:09:59.946+0900][85.158s][info][gc,phases   ] GC(86)   Pre Evacuate Collection Set: 0.1ms
[2026-03-25T22:09:59.946+0900][85.158s][info][gc,phases   ] GC(86)   Merge Heap Roots: 0.1ms
[2026-03-25T22:09:59.946+0900][85.158s][info][gc,phases   ] GC(86)   Evacuate Collection Set: 0.4ms
[2026-03-25T22:09:59.946+0900][85.158s][info][gc,phases   ] GC(86)   Post Evacuate Collection Set: 0.1ms
[2026-03-25T22:09:59.946+0900][85.158s][info][gc,phases   ] GC(86)   Other: 0.1ms
[2026-03-25T22:09:59.946+0900][85.158s][info][gc,heap     ] GC(86) Eden regions: 12->0(12)
[2026-03-25T22:09:59.946+0900][85.158s][info][gc,heap     ] GC(86) Survivor regions: 1->1(2)
[2026-03-25T22:09:59.946+0900][85.158s][info][gc,heap     ] GC(86) Old regions: 17->17
[2026-03-25T22:09:59.946+0900][85.158s][info][gc,heap     ] GC(86) Archive regions: 2->2
[2026-03-25T22:09:59.946+0900][85.158s][info][gc,heap     ] GC(86) Humongous regions: 24->24
[2026-03-25T22:09:59.946+0900][85.158s][info][gc,metaspace] GC(86) Metaspace: 104091K(105088K)->104091K(105088K) NonClass: 88853K(89408K)->88853K(89408K) Class: 15237K(15680K)->15237K(15680K)
[2026-03-25T22:09:59.946+0900][85.158s][info][gc          ] GC(86) Pause Young (Normal) (G1 Evacuation Pause) 214M->166M(256M) 0.730ms
[2026-03-25T22:09:59.946+0900][85.158s][info][gc,cpu      ] GC(86) User=0.01s Sys=0.00s Real=0.00s
[2026-03-25T22:10:00.676+0900][85.888s][info][gc,start    ] GC(87) Pause Young (Normal) (G1 Evacuation Pause)
[2026-03-25T22:10:00.676+0900][85.888s][info][gc,task     ] GC(87) Using 8 workers of 10 for evacuation
[2026-03-25T22:10:00.677+0900][85.889s][info][gc,phases   ] GC(87)   Pre Evacuate Collection Set: 0.1ms
[2026-03-25T22:10:00.677+0900][85.889s][info][gc,phases   ] GC(87)   Merge Heap Roots: 0.0ms
[2026-03-25T22:10:00.677+0900][85.889s][info][gc,phases   ] GC(87)   Evacuate Collection Set: 1.0ms
[2026-03-25T22:10:00.677+0900][85.889s][info][gc,phases   ] GC(87)   Post Evacuate Collection Set: 0.2ms
[2026-03-25T22:10:00.677+0900][85.889s][info][gc,phases   ] GC(87)   Other: 0.1ms
[2026-03-25T22:10:00.677+0900][85.889s][info][gc,heap     ] GC(87) Eden regions: 12->0(12)
[2026-03-25T22:10:00.677+0900][85.889s][info][gc,heap     ] GC(87) Survivor regions: 1->1(2)
[2026-03-25T22:10:00.677+0900][85.889s][info][gc,heap     ] GC(87) Old regions: 17->17
[2026-03-25T22:10:00.677+0900][85.889s][info][gc,heap     ] GC(87) Archive regions: 2->2
[2026-03-25T22:10:00.677+0900][85.889s][info][gc,heap     ] GC(87) Humongous regions: 24->24
[2026-03-25T22:10:00.677+0900][85.889s][info][gc,metaspace] GC(87) Metaspace: 104091K(105088K)->104091K(105088K) NonClass: 88853K(89408K)->88853K(89408K) Class: 15237K(15680K)->15237K(15680K)
[2026-03-25T22:10:00.677+0900][85.889s][info][gc          ] GC(87) Pause Young (Normal) (G1 Evacuation Pause) 214M->166M(256M) 1.384ms
[2026-03-25T22:10:00.677+0900][85.889s][info][gc,cpu      ] GC(87) User=0.01s Sys=0.00s Real=0.00s
[2026-03-25T22:10:01.265+0900][86.477s][info][gc,start    ] GC(88) Pause Young (Normal) (G1 Evacuation Pause)
[2026-03-25T22:10:01.265+0900][86.477s][info][gc,task     ] GC(88) Using 8 workers of 10 for evacuation
[2026-03-25T22:10:01.266+0900][86.477s][info][gc,phases   ] GC(88)   Pre Evacuate Collection Set: 0.0ms
[2026-03-25T22:10:01.266+0900][86.477s][info][gc,phases   ] GC(88)   Merge Heap Roots: 0.1ms
[2026-03-25T22:10:01.266+0900][86.477s][info][gc,phases   ] GC(88)   Evacuate Collection Set: 0.4ms
[2026-03-25T22:10:01.266+0900][86.477s][info][gc,phases   ] GC(88)   Post Evacuate Collection Set: 0.2ms
[2026-03-25T22:10:01.266+0900][86.477s][info][gc,phases   ] GC(88)   Other: 0.1ms
[2026-03-25T22:10:01.266+0900][86.477s][info][gc,heap     ] GC(88) Eden regions: 12->0(12)
[2026-03-25T22:10:01.266+0900][86.477s][info][gc,heap     ] GC(88) Survivor regions: 1->1(2)
[2026-03-25T22:10:01.266+0900][86.477s][info][gc,heap     ] GC(88) Old regions: 17->17
[2026-03-25T22:10:01.266+0900][86.477s][info][gc,heap     ] GC(88) Archive regions: 2->2
[2026-03-25T22:10:01.266+0900][86.477s][info][gc,heap     ] GC(88) Humongous regions: 24->24
[2026-03-25T22:10:01.266+0900][86.477s][info][gc,metaspace] GC(88) Metaspace: 104091K(105088K)->104091K(105088K) NonClass: 88853K(89408K)->88853K(89408K) Class: 15237K(15680K)->15237K(15680K)
[2026-03-25T22:10:01.266+0900][86.477s][info][gc          ] GC(88) Pause Young (Normal) (G1 Evacuation Pause) 214M->167M(256M) 0.767ms
[2026-03-25T22:10:01.266+0900][86.477s][info][gc,cpu      ] GC(88) User=0.01s Sys=0.00s Real=0.00s
[2026-03-25T22:10:01.908+0900][87.120s][info][gc,start    ] GC(89) Pause Young (Normal) (G1 Evacuation Pause)
[2026-03-25T22:10:01.908+0900][87.120s][info][gc,task     ] GC(89) Using 8 workers of 10 for evacuation
[2026-03-25T22:10:01.908+0900][87.120s][info][gc,phases   ] GC(89)   Pre Evacuate Collection Set: 0.1ms
[2026-03-25T22:10:01.908+0900][87.120s][info][gc,phases   ] GC(89)   Merge Heap Roots: 0.1ms
[2026-03-25T22:10:01.909+0900][87.120s][info][gc,phases   ] GC(89)   Evacuate Collection Set: 0.4ms
[2026-03-25T22:10:01.909+0900][87.120s][info][gc,phases   ] GC(89)   Post Evacuate Collection Set: 0.2ms
[2026-03-25T22:10:01.909+0900][87.120s][info][gc,phases   ] GC(89)   Other: 0.1ms
[2026-03-25T22:10:01.909+0900][87.120s][info][gc,heap     ] GC(89) Eden regions: 12->0(12)
[2026-03-25T22:10:01.909+0900][87.120s][info][gc,heap     ] GC(89) Survivor regions: 1->1(2)
[2026-03-25T22:10:01.909+0900][87.120s][info][gc,heap     ] GC(89) Old regions: 17->17
[2026-03-25T22:10:01.909+0900][87.120s][info][gc,heap     ] GC(89) Archive regions: 2->2
[2026-03-25T22:10:01.909+0900][87.120s][info][gc,heap     ] GC(89) Humongous regions: 24->24
[2026-03-25T22:10:01.909+0900][87.120s][info][gc,metaspace] GC(89) Metaspace: 104091K(105088K)->104091K(105088K) NonClass: 88853K(89408K)->88853K(89408K) Class: 15237K(15680K)->15237K(15680K)
[2026-03-25T22:10:01.909+0900][87.120s][info][gc          ] GC(89) Pause Young (Normal) (G1 Evacuation Pause) 215M->167M(256M) 0.757ms
[2026-03-25T22:10:01.909+0900][87.120s][info][gc,cpu      ] GC(89) User=0.00s Sys=0.00s Real=0.00s
[2026-03-25T22:10:02.311+0900][87.523s][info][gc,start    ] GC(90) Pause Young (Normal) (G1 Evacuation Pause)
[2026-03-25T22:10:02.311+0900][87.523s][info][gc,task     ] GC(90) Using 8 workers of 10 for evacuation
[2026-03-25T22:10:02.312+0900][87.524s][info][gc,phases   ] GC(90)   Pre Evacuate Collection Set: 0.1ms
[2026-03-25T22:10:02.312+0900][87.524s][info][gc,phases   ] GC(90)   Merge Heap Roots: 0.1ms
[2026-03-25T22:10:02.312+0900][87.524s][info][gc,phases   ] GC(90)   Evacuate Collection Set: 0.4ms
[2026-03-25T22:10:02.312+0900][87.524s][info][gc,phases   ] GC(90)   Post Evacuate Collection Set: 0.1ms
[2026-03-25T22:10:02.312+0900][87.524s][info][gc,phases   ] GC(90)   Other: 0.1ms
[2026-03-25T22:10:02.312+0900][87.524s][info][gc,heap     ] GC(90) Eden regions: 12->0(12)
[2026-03-25T22:10:02.312+0900][87.524s][info][gc,heap     ] GC(90) Survivor regions: 1->1(2)
[2026-03-25T22:10:02.312+0900][87.524s][info][gc,heap     ] GC(90) Old regions: 17->17
[2026-03-25T22:10:02.312+0900][87.524s][info][gc,heap     ] GC(90) Archive regions: 2->2
[2026-03-25T22:10:02.312+0900][87.524s][info][gc,heap     ] GC(90) Humongous regions: 24->24
[2026-03-25T22:10:02.312+0900][87.524s][info][gc,metaspace] GC(90) Metaspace: 104091K(105088K)->104091K(105088K) NonClass: 88853K(89408K)->88853K(89408K) Class: 15237K(15680K)->15237K(15680K)
[2026-03-25T22:10:02.312+0900][87.524s][info][gc          ] GC(90) Pause Young (Normal) (G1 Evacuation Pause) 215M->167M(256M) 0.738ms
[2026-03-25T22:10:02.312+0900][87.524s][info][gc,cpu      ] GC(90) User=0.00s Sys=0.00s Real=0.00s
[2026-03-25T22:10:02.972+0900][88.183s][info][gc,start    ] GC(91) Pause Young (Normal) (G1 Evacuation Pause)
[2026-03-25T22:10:02.972+0900][88.183s][info][gc,task     ] GC(91) Using 8 workers of 10 for evacuation
[2026-03-25T22:10:02.973+0900][88.185s][info][gc,phases   ] GC(91)   Pre Evacuate Collection Set: 0.1ms
[2026-03-25T22:10:02.973+0900][88.185s][info][gc,phases   ] GC(91)   Merge Heap Roots: 0.0ms
[2026-03-25T22:10:02.973+0900][88.185s][info][gc,phases   ] GC(91)   Evacuate Collection Set: 1.1ms
[2026-03-25T22:10:02.973+0900][88.185s][info][gc,phases   ] GC(91)   Post Evacuate Collection Set: 0.2ms
[2026-03-25T22:10:02.973+0900][88.185s][info][gc,phases   ] GC(91)   Other: 0.1ms
[2026-03-25T22:10:02.973+0900][88.185s][info][gc,heap     ] GC(91) Eden regions: 12->0(12)
[2026-03-25T22:10:02.973+0900][88.185s][info][gc,heap     ] GC(91) Survivor regions: 1->1(2)
[2026-03-25T22:10:02.973+0900][88.185s][info][gc,heap     ] GC(91) Old regions: 17->17
[2026-03-25T22:10:02.973+0900][88.185s][info][gc,heap     ] GC(91) Archive regions: 2->2
[2026-03-25T22:10:02.973+0900][88.185s][info][gc,heap     ] GC(91) Humongous regions: 24->24
[2026-03-25T22:10:02.973+0900][88.185s][info][gc,metaspace] GC(91) Metaspace: 104091K(105088K)->104091K(105088K) NonClass: 88853K(89408K)->88853K(89408K) Class: 15237K(15680K)->15237K(15680K)
[2026-03-25T22:10:02.973+0900][88.185s][info][gc          ] GC(91) Pause Young (Normal) (G1 Evacuation Pause) 215M->166M(256M) 1.466ms
[2026-03-25T22:10:02.973+0900][88.185s][info][gc,cpu      ] GC(91) User=0.00s Sys=0.00s Real=0.00s
[2026-03-25T22:10:03.535+0900][88.747s][info][gc,start    ] GC(92) Pause Young (Normal) (G1 Evacuation Pause)
[2026-03-25T22:10:03.535+0900][88.747s][info][gc,task     ] GC(92) Using 8 workers of 10 for evacuation
[2026-03-25T22:10:03.536+0900][88.747s][info][gc,phases   ] GC(92)   Pre Evacuate Collection Set: 0.1ms
[2026-03-25T22:10:03.536+0900][88.747s][info][gc,phases   ] GC(92)   Merge Heap Roots: 0.1ms
[2026-03-25T22:10:03.536+0900][88.747s][info][gc,phases   ] GC(92)   Evacuate Collection Set: 0.4ms
[2026-03-25T22:10:03.536+0900][88.747s][info][gc,phases   ] GC(92)   Post Evacuate Collection Set: 0.2ms
[2026-03-25T22:10:03.536+0900][88.747s][info][gc,phases   ] GC(92)   Other: 0.1ms
[2026-03-25T22:10:03.536+0900][88.747s][info][gc,heap     ] GC(92) Eden regions: 12->0(12)
[2026-03-25T22:10:03.536+0900][88.747s][info][gc,heap     ] GC(92) Survivor regions: 1->1(2)
[2026-03-25T22:10:03.536+0900][88.747s][info][gc,heap     ] GC(92) Old regions: 17->17
[2026-03-25T22:10:03.536+0900][88.747s][info][gc,heap     ] GC(92) Archive regions: 2->2
[2026-03-25T22:10:03.536+0900][88.747s][info][gc,heap     ] GC(92) Humongous regions: 24->24
[2026-03-25T22:10:03.536+0900][88.747s][info][gc,metaspace] GC(92) Metaspace: 104091K(105088K)->104091K(105088K) NonClass: 88853K(89408K)->88853K(89408K) Class: 15237K(15680K)->15237K(15680K)
[2026-03-25T22:10:03.536+0900][88.747s][info][gc          ] GC(92) Pause Young (Normal) (G1 Evacuation Pause) 214M->167M(256M) 0.737ms
[2026-03-25T22:10:03.536+0900][88.747s][info][gc,cpu      ] GC(92) User=0.00s Sys=0.00s Real=0.00s
[2026-03-25T22:10:04.141+0900][89.352s][info][gc,start    ] GC(93) Pause Young (Normal) (G1 Evacuation Pause)
[2026-03-25T22:10:04.141+0900][89.352s][info][gc,task     ] GC(93) Using 8 workers of 10 for evacuation
[2026-03-25T22:10:04.142+0900][89.354s][info][gc,phases   ] GC(93)   Pre Evacuate Collection Set: 0.1ms
[2026-03-25T22:10:04.142+0900][89.354s][info][gc,phases   ] GC(93)   Merge Heap Roots: 0.0ms
[2026-03-25T22:10:04.142+0900][89.354s][info][gc,phases   ] GC(93)   Evacuate Collection Set: 1.1ms
[2026-03-25T22:10:04.142+0900][89.354s][info][gc,phases   ] GC(93)   Post Evacuate Collection Set: 0.2ms
[2026-03-25T22:10:04.142+0900][89.354s][info][gc,phases   ] GC(93)   Other: 0.1ms
[2026-03-25T22:10:04.142+0900][89.354s][info][gc,heap     ] GC(93) Eden regions: 12->0(12)
[2026-03-25T22:10:04.142+0900][89.354s][info][gc,heap     ] GC(93) Survivor regions: 1->1(2)
[2026-03-25T22:10:04.142+0900][89.354s][info][gc,heap     ] GC(93) Old regions: 17->17
[2026-03-25T22:10:04.142+0900][89.354s][info][gc,heap     ] GC(93) Archive regions: 2->2
[2026-03-25T22:10:04.142+0900][89.354s][info][gc,heap     ] GC(93) Humongous regions: 24->24
[2026-03-25T22:10:04.142+0900][89.354s][info][gc,metaspace] GC(93) Metaspace: 104091K(105088K)->104091K(105088K) NonClass: 88853K(89408K)->88853K(89408K) Class: 15237K(15680K)->15237K(15680K)
[2026-03-25T22:10:04.142+0900][89.354s][info][gc          ] GC(93) Pause Young (Normal) (G1 Evacuation Pause) 215M->167M(256M) 1.484ms
[2026-03-25T22:10:04.142+0900][89.354s][info][gc,cpu      ] GC(93) User=0.01s Sys=0.00s Real=0.00s
[2026-03-25T22:10:04.688+0900][89.900s][info][gc,start    ] GC(94) Pause Young (Normal) (G1 Evacuation Pause)
[2026-03-25T22:10:04.688+0900][89.900s][info][gc,task     ] GC(94) Using 8 workers of 10 for evacuation
[2026-03-25T22:10:04.689+0900][89.900s][info][gc,phases   ] GC(94)   Pre Evacuate Collection Set: 0.0ms
[2026-03-25T22:10:04.689+0900][89.900s][info][gc,phases   ] GC(94)   Merge Heap Roots: 0.0ms
[2026-03-25T22:10:04.689+0900][89.900s][info][gc,phases   ] GC(94)   Evacuate Collection Set: 0.4ms
[2026-03-25T22:10:04.689+0900][89.900s][info][gc,phases   ] GC(94)   Post Evacuate Collection Set: 0.1ms
[2026-03-25T22:10:04.689+0900][89.900s][info][gc,phases   ] GC(94)   Other: 0.1ms
[2026-03-25T22:10:04.689+0900][89.900s][info][gc,heap     ] GC(94) Eden regions: 12->0(12)
[2026-03-25T22:10:04.689+0900][89.900s][info][gc,heap     ] GC(94) Survivor regions: 1->1(2)
[2026-03-25T22:10:04.689+0900][89.900s][info][gc,heap     ] GC(94) Old regions: 17->17
[2026-03-25T22:10:04.689+0900][89.900s][info][gc,heap     ] GC(94) Archive regions: 2->2
[2026-03-25T22:10:04.689+0900][89.900s][info][gc,heap     ] GC(94) Humongous regions: 24->24
[2026-03-25T22:10:04.689+0900][89.900s][info][gc,metaspace] GC(94) Metaspace: 104091K(105088K)->104091K(105088K) NonClass: 88853K(89408K)->88853K(89408K) Class: 15237K(15680K)->15237K(15680K)
[2026-03-25T22:10:04.689+0900][89.900s][info][gc          ] GC(94) Pause Young (Normal) (G1 Evacuation Pause) 215M->167M(256M) 0.722ms
[2026-03-25T22:10:04.689+0900][89.900s][info][gc,cpu      ] GC(94) User=0.00s Sys=0.00s Real=0.00s
[2026-03-25T22:10:05.180+0900][90.392s][info][gc,start    ] GC(95) Pause Young (Normal) (G1 Evacuation Pause)
[2026-03-25T22:10:05.181+0900][90.392s][info][gc,task     ] GC(95) Using 8 workers of 10 for evacuation
[2026-03-25T22:10:05.181+0900][90.393s][info][gc,phases   ] GC(95)   Pre Evacuate Collection Set: 0.0ms
[2026-03-25T22:10:05.181+0900][90.393s][info][gc,phases   ] GC(95)   Merge Heap Roots: 0.1ms
[2026-03-25T22:10:05.181+0900][90.393s][info][gc,phases   ] GC(95)   Evacuate Collection Set: 0.4ms
[2026-03-25T22:10:05.181+0900][90.393s][info][gc,phases   ] GC(95)   Post Evacuate Collection Set: 0.2ms
[2026-03-25T22:10:05.181+0900][90.393s][info][gc,phases   ] GC(95)   Other: 0.1ms
[2026-03-25T22:10:05.181+0900][90.393s][info][gc,heap     ] GC(95) Eden regions: 12->0(12)
[2026-03-25T22:10:05.181+0900][90.393s][info][gc,heap     ] GC(95) Survivor regions: 1->1(2)
[2026-03-25T22:10:05.181+0900][90.393s][info][gc,heap     ] GC(95) Old regions: 17->17
[2026-03-25T22:10:05.181+0900][90.393s][info][gc,heap     ] GC(95) Archive regions: 2->2
[2026-03-25T22:10:05.181+0900][90.393s][info][gc,heap     ] GC(95) Humongous regions: 24->24
[2026-03-25T22:10:05.181+0900][90.393s][info][gc,metaspace] GC(95) Metaspace: 104091K(105088K)->104091K(105088K) NonClass: 88853K(89408K)->88853K(89408K) Class: 15237K(15680K)->15237K(15680K)
[2026-03-25T22:10:05.181+0900][90.393s][info][gc          ] GC(95) Pause Young (Normal) (G1 Evacuation Pause) 215M->167M(256M) 0.742ms
[2026-03-25T22:10:05.181+0900][90.393s][info][gc,cpu      ] GC(95) User=0.00s Sys=0.00s Real=0.00s
[2026-03-25T22:10:05.816+0900][91.028s][info][gc,start    ] GC(96) Pause Young (Normal) (G1 Evacuation Pause)
[2026-03-25T22:10:05.816+0900][91.028s][info][gc,task     ] GC(96) Using 8 workers of 10 for evacuation
[2026-03-25T22:10:05.818+0900][91.029s][info][gc,phases   ] GC(96)   Pre Evacuate Collection Set: 0.0ms
[2026-03-25T22:10:05.818+0900][91.029s][info][gc,phases   ] GC(96)   Merge Heap Roots: 0.0ms
[2026-03-25T22:10:05.818+0900][91.029s][info][gc,phases   ] GC(96)   Evacuate Collection Set: 1.1ms
[2026-03-25T22:10:05.818+0900][91.029s][info][gc,phases   ] GC(96)   Post Evacuate Collection Set: 0.2ms
[2026-03-25T22:10:05.818+0900][91.029s][info][gc,phases   ] GC(96)   Other: 0.1ms
[2026-03-25T22:10:05.818+0900][91.029s][info][gc,heap     ] GC(96) Eden regions: 12->0(12)
[2026-03-25T22:10:05.818+0900][91.029s][info][gc,heap     ] GC(96) Survivor regions: 1->1(2)
[2026-03-25T22:10:05.818+0900][91.029s][info][gc,heap     ] GC(96) Old regions: 17->17
[2026-03-25T22:10:05.818+0900][91.029s][info][gc,heap     ] GC(96) Archive regions: 2->2
[2026-03-25T22:10:05.818+0900][91.029s][info][gc,heap     ] GC(96) Humongous regions: 24->24
[2026-03-25T22:10:05.818+0900][91.029s][info][gc,metaspace] GC(96) Metaspace: 104091K(105088K)->104091K(105088K) NonClass: 88853K(89408K)->88853K(89408K) Class: 15237K(15680K)->15237K(15680K)
[2026-03-25T22:10:05.818+0900][91.029s][info][gc          ] GC(96) Pause Young (Normal) (G1 Evacuation Pause) 215M->167M(256M) 1.468ms
[2026-03-25T22:10:05.818+0900][91.029s][info][gc,cpu      ] GC(96) User=0.01s Sys=0.00s Real=0.00s
[2026-03-25T22:10:06.412+0900][91.624s][info][gc,start    ] GC(97) Pause Young (Normal) (G1 Evacuation Pause)
[2026-03-25T22:10:06.412+0900][91.624s][info][gc,task     ] GC(97) Using 8 workers of 10 for evacuation
[2026-03-25T22:10:06.414+0900][91.625s][info][gc,phases   ] GC(97)   Pre Evacuate Collection Set: 0.0ms
[2026-03-25T22:10:06.414+0900][91.625s][info][gc,phases   ] GC(97)   Merge Heap Roots: 0.0ms
[2026-03-25T22:10:06.414+0900][91.625s][info][gc,phases   ] GC(97)   Evacuate Collection Set: 0.9ms
[2026-03-25T22:10:06.414+0900][91.625s][info][gc,phases   ] GC(97)   Post Evacuate Collection Set: 0.2ms
[2026-03-25T22:10:06.414+0900][91.625s][info][gc,phases   ] GC(97)   Other: 0.1ms
[2026-03-25T22:10:06.414+0900][91.625s][info][gc,heap     ] GC(97) Eden regions: 12->0(12)
[2026-03-25T22:10:06.414+0900][91.625s][info][gc,heap     ] GC(97) Survivor regions: 1->1(2)
[2026-03-25T22:10:06.414+0900][91.625s][info][gc,heap     ] GC(97) Old regions: 17->17
[2026-03-25T22:10:06.414+0900][91.625s][info][gc,heap     ] GC(97) Archive regions: 2->2
[2026-03-25T22:10:06.414+0900][91.625s][info][gc,heap     ] GC(97) Humongous regions: 24->24
[2026-03-25T22:10:06.414+0900][91.625s][info][gc,metaspace] GC(97) Metaspace: 104091K(105088K)->104091K(105088K) NonClass: 88853K(89408K)->88853K(89408K) Class: 15237K(15680K)->15237K(15680K)
[2026-03-25T22:10:06.414+0900][91.625s][info][gc          ] GC(97) Pause Young (Normal) (G1 Evacuation Pause) 215M->167M(256M) 1.255ms
[2026-03-25T22:10:06.414+0900][91.625s][info][gc,cpu      ] GC(97) User=0.01s Sys=0.00s Real=0.00s
[2026-03-25T22:10:06.987+0900][92.198s][info][gc,start    ] GC(98) Pause Young (Normal) (G1 Evacuation Pause)
[2026-03-25T22:10:06.987+0900][92.198s][info][gc,task     ] GC(98) Using 8 workers of 10 for evacuation
[2026-03-25T22:10:06.988+0900][92.200s][info][gc,phases   ] GC(98)   Pre Evacuate Collection Set: 0.1ms
[2026-03-25T22:10:06.988+0900][92.200s][info][gc,phases   ] GC(98)   Merge Heap Roots: 0.0ms
[2026-03-25T22:10:06.988+0900][92.200s][info][gc,phases   ] GC(98)   Evacuate Collection Set: 0.9ms
[2026-03-25T22:10:06.988+0900][92.200s][info][gc,phases   ] GC(98)   Post Evacuate Collection Set: 0.2ms
[2026-03-25T22:10:06.988+0900][92.200s][info][gc,phases   ] GC(98)   Other: 0.1ms
[2026-03-25T22:10:06.988+0900][92.200s][info][gc,heap     ] GC(98) Eden regions: 12->0(12)
[2026-03-25T22:10:06.988+0900][92.200s][info][gc,heap     ] GC(98) Survivor regions: 1->1(2)
[2026-03-25T22:10:06.988+0900][92.200s][info][gc,heap     ] GC(98) Old regions: 17->17
[2026-03-25T22:10:06.988+0900][92.200s][info][gc,heap     ] GC(98) Archive regions: 2->2
[2026-03-25T22:10:06.988+0900][92.200s][info][gc,heap     ] GC(98) Humongous regions: 24->24
[2026-03-25T22:10:06.988+0900][92.200s][info][gc,metaspace] GC(98) Metaspace: 104091K(105088K)->104091K(105088K) NonClass: 88853K(89408K)->88853K(89408K) Class: 15237K(15680K)->15237K(15680K)
[2026-03-25T22:10:06.988+0900][92.200s][info][gc          ] GC(98) Pause Young (Normal) (G1 Evacuation Pause) 215M->167M(256M) 1.189ms
[2026-03-25T22:10:06.988+0900][92.200s][info][gc,cpu      ] GC(98) User=0.01s Sys=0.00s Real=0.00s
[2026-03-25T22:10:07.467+0900][92.679s][info][gc,start    ] GC(99) Pause Young (Normal) (G1 Evacuation Pause)
[2026-03-25T22:10:07.467+0900][92.679s][info][gc,task     ] GC(99) Using 8 workers of 10 for evacuation
[2026-03-25T22:10:07.468+0900][92.680s][info][gc,phases   ] GC(99)   Pre Evacuate Collection Set: 0.0ms
[2026-03-25T22:10:07.468+0900][92.680s][info][gc,phases   ] GC(99)   Merge Heap Roots: 0.0ms
[2026-03-25T22:10:07.468+0900][92.680s][info][gc,phases   ] GC(99)   Evacuate Collection Set: 0.4ms
[2026-03-25T22:10:07.468+0900][92.680s][info][gc,phases   ] GC(99)   Post Evacuate Collection Set: 0.2ms
[2026-03-25T22:10:07.468+0900][92.680s][info][gc,phases   ] GC(99)   Other: 0.1ms
[2026-03-25T22:10:07.468+0900][92.680s][info][gc,heap     ] GC(99) Eden regions: 12->0(12)
[2026-03-25T22:10:07.468+0900][92.680s][info][gc,heap     ] GC(99) Survivor regions: 1->1(2)
[2026-03-25T22:10:07.468+0900][92.680s][info][gc,heap     ] GC(99) Old regions: 17->17
[2026-03-25T22:10:07.468+0900][92.680s][info][gc,heap     ] GC(99) Archive regions: 2->2
[2026-03-25T22:10:07.468+0900][92.680s][info][gc,heap     ] GC(99) Humongous regions: 24->24
[2026-03-25T22:10:07.468+0900][92.680s][info][gc,metaspace] GC(99) Metaspace: 104091K(105088K)->104091K(105088K) NonClass: 88853K(89408K)->88853K(89408K) Class: 15237K(15680K)->15237K(15680K)
[2026-03-25T22:10:07.468+0900][92.680s][info][gc          ] GC(99) Pause Young (Normal) (G1 Evacuation Pause) 215M->167M(256M) 0.714ms
[2026-03-25T22:10:07.468+0900][92.680s][info][gc,cpu      ] GC(99) User=0.01s Sys=0.00s Real=0.00s
[2026-03-25T22:10:07.976+0900][93.188s][info][gc,start    ] GC(100) Pause Young (Normal) (G1 Evacuation Pause)
[2026-03-25T22:10:07.976+0900][93.188s][info][gc,task     ] GC(100) Using 8 workers of 10 for evacuation
[2026-03-25T22:10:07.977+0900][93.189s][info][gc,phases   ] GC(100)   Pre Evacuate Collection Set: 0.0ms
[2026-03-25T22:10:07.977+0900][93.189s][info][gc,phases   ] GC(100)   Merge Heap Roots: 0.0ms
[2026-03-25T22:10:07.977+0900][93.189s][info][gc,phases   ] GC(100)   Evacuate Collection Set: 0.4ms
[2026-03-25T22:10:07.977+0900][93.189s][info][gc,phases   ] GC(100)   Post Evacuate Collection Set: 0.1ms
[2026-03-25T22:10:07.977+0900][93.189s][info][gc,phases   ] GC(100)   Other: 0.1ms
[2026-03-25T22:10:07.977+0900][93.189s][info][gc,heap     ] GC(100) Eden regions: 12->0(12)
[2026-03-25T22:10:07.977+0900][93.189s][info][gc,heap     ] GC(100) Survivor regions: 1->1(2)
[2026-03-25T22:10:07.977+0900][93.189s][info][gc,heap     ] GC(100) Old regions: 17->17
[2026-03-25T22:10:07.977+0900][93.189s][info][gc,heap     ] GC(100) Archive regions: 2->2
[2026-03-25T22:10:07.977+0900][93.189s][info][gc,heap     ] GC(100) Humongous regions: 24->24
[2026-03-25T22:10:07.977+0900][93.189s][info][gc,metaspace] GC(100) Metaspace: 104091K(105088K)->104091K(105088K) NonClass: 88853K(89408K)->88853K(89408K) Class: 15237K(15680K)->15237K(15680K)
[2026-03-25T22:10:07.977+0900][93.189s][info][gc          ] GC(100) Pause Young (Normal) (G1 Evacuation Pause) 215M->167M(256M) 0.704ms
[2026-03-25T22:10:07.977+0900][93.189s][info][gc,cpu      ] GC(100) User=0.00s Sys=0.00s Real=0.00s
[2026-03-25T22:10:08.486+0900][93.698s][info][gc,start    ] GC(101) Pause Young (Normal) (G1 Evacuation Pause)
[2026-03-25T22:10:08.486+0900][93.698s][info][gc,task     ] GC(101) Using 8 workers of 10 for evacuation
[2026-03-25T22:10:08.487+0900][93.698s][info][gc,phases   ] GC(101)   Pre Evacuate Collection Set: 0.0ms
[2026-03-25T22:10:08.487+0900][93.698s][info][gc,phases   ] GC(101)   Merge Heap Roots: 0.0ms
[2026-03-25T22:10:08.487+0900][93.698s][info][gc,phases   ] GC(101)   Evacuate Collection Set: 0.5ms
[2026-03-25T22:10:08.487+0900][93.698s][info][gc,phases   ] GC(101)   Post Evacuate Collection Set: 0.2ms
[2026-03-25T22:10:08.487+0900][93.698s][info][gc,phases   ] GC(101)   Other: 0.1ms
[2026-03-25T22:10:08.487+0900][93.698s][info][gc,heap     ] GC(101) Eden regions: 12->0(12)
[2026-03-25T22:10:08.487+0900][93.698s][info][gc,heap     ] GC(101) Survivor regions: 1->1(2)
[2026-03-25T22:10:08.487+0900][93.698s][info][gc,heap     ] GC(101) Old regions: 17->17
[2026-03-25T22:10:08.487+0900][93.698s][info][gc,heap     ] GC(101) Archive regions: 2->2
[2026-03-25T22:10:08.487+0900][93.699s][info][gc,heap     ] GC(101) Humongous regions: 24->24
[2026-03-25T22:10:08.487+0900][93.699s][info][gc,metaspace] GC(101) Metaspace: 104091K(105088K)->104091K(105088K) NonClass: 88853K(89408K)->88853K(89408K) Class: 15237K(15680K)->15237K(15680K)
[2026-03-25T22:10:08.487+0900][93.699s][info][gc          ] GC(101) Pause Young (Normal) (G1 Evacuation Pause) 215M->167M(256M) 0.856ms
[2026-03-25T22:10:08.487+0900][93.699s][info][gc,cpu      ] GC(101) User=0.00s Sys=0.00s Real=0.00s
[2026-03-25T22:10:09.098+0900][94.310s][info][gc,start    ] GC(102) Pause Young (Normal) (G1 Evacuation Pause)
[2026-03-25T22:10:09.098+0900][94.310s][info][gc,task     ] GC(102) Using 8 workers of 10 for evacuation
[2026-03-25T22:10:09.099+0900][94.310s][info][gc,phases   ] GC(102)   Pre Evacuate Collection Set: 0.1ms
[2026-03-25T22:10:09.099+0900][94.310s][info][gc,phases   ] GC(102)   Merge Heap Roots: 0.1ms
[2026-03-25T22:10:09.099+0900][94.310s][info][gc,phases   ] GC(102)   Evacuate Collection Set: 0.4ms
[2026-03-25T22:10:09.099+0900][94.310s][info][gc,phases   ] GC(102)   Post Evacuate Collection Set: 0.1ms
[2026-03-25T22:10:09.099+0900][94.310s][info][gc,phases   ] GC(102)   Other: 0.1ms
[2026-03-25T22:10:09.099+0900][94.310s][info][gc,heap     ] GC(102) Eden regions: 12->0(12)
[2026-03-25T22:10:09.099+0900][94.310s][info][gc,heap     ] GC(102) Survivor regions: 1->1(2)
[2026-03-25T22:10:09.099+0900][94.310s][info][gc,heap     ] GC(102) Old regions: 17->17
[2026-03-25T22:10:09.099+0900][94.310s][info][gc,heap     ] GC(102) Archive regions: 2->2
[2026-03-25T22:10:09.099+0900][94.310s][info][gc,heap     ] GC(102) Humongous regions: 24->24
[2026-03-25T22:10:09.099+0900][94.310s][info][gc,metaspace] GC(102) Metaspace: 104091K(105088K)->104091K(105088K) NonClass: 88853K(89408K)->88853K(89408K) Class: 15237K(15680K)->15237K(15680K)
[2026-03-25T22:10:09.099+0900][94.310s][info][gc          ] GC(102) Pause Young (Normal) (G1 Evacuation Pause) 215M->167M(256M) 0.751ms
[2026-03-25T22:10:09.099+0900][94.310s][info][gc,cpu      ] GC(102) User=0.00s Sys=0.00s Real=0.00s
[2026-03-25T22:10:09.577+0900][94.789s][info][gc,start    ] GC(103) Pause Young (Normal) (G1 Evacuation Pause)
[2026-03-25T22:10:09.577+0900][94.789s][info][gc,task     ] GC(103) Using 8 workers of 10 for evacuation
[2026-03-25T22:10:09.578+0900][94.790s][info][gc,phases   ] GC(103)   Pre Evacuate Collection Set: 0.1ms
[2026-03-25T22:10:09.578+0900][94.790s][info][gc,phases   ] GC(103)   Merge Heap Roots: 0.1ms
[2026-03-25T22:10:09.578+0900][94.790s][info][gc,phases   ] GC(103)   Evacuate Collection Set: 0.4ms
[2026-03-25T22:10:09.578+0900][94.790s][info][gc,phases   ] GC(103)   Post Evacuate Collection Set: 0.2ms
[2026-03-25T22:10:09.578+0900][94.790s][info][gc,phases   ] GC(103)   Other: 0.1ms
[2026-03-25T22:10:09.578+0900][94.790s][info][gc,heap     ] GC(103) Eden regions: 12->0(12)
[2026-03-25T22:10:09.578+0900][94.790s][info][gc,heap     ] GC(103) Survivor regions: 1->1(2)
[2026-03-25T22:10:09.578+0900][94.790s][info][gc,heap     ] GC(103) Old regions: 17->17
[2026-03-25T22:10:09.578+0900][94.790s][info][gc,heap     ] GC(103) Archive regions: 2->2
[2026-03-25T22:10:09.578+0900][94.790s][info][gc,heap     ] GC(103) Humongous regions: 24->24
[2026-03-25T22:10:09.578+0900][94.790s][info][gc,metaspace] GC(103) Metaspace: 104091K(105088K)->104091K(105088K) NonClass: 88853K(89408K)->88853K(89408K) Class: 15237K(15680K)->15237K(15680K)
[2026-03-25T22:10:09.578+0900][94.790s][info][gc          ] GC(103) Pause Young (Normal) (G1 Evacuation Pause) 215M->167M(256M) 0.787ms
[2026-03-25T22:10:09.578+0900][94.790s][info][gc,cpu      ] GC(103) User=0.00s Sys=0.00s Real=0.00s
[2026-03-25T22:10:10.213+0900][95.425s][info][gc,start    ] GC(104) Pause Young (Normal) (G1 Evacuation Pause)
[2026-03-25T22:10:10.213+0900][95.425s][info][gc,task     ] GC(104) Using 8 workers of 10 for evacuation
[2026-03-25T22:10:10.214+0900][95.426s][info][gc,phases   ] GC(104)   Pre Evacuate Collection Set: 0.1ms
[2026-03-25T22:10:10.214+0900][95.426s][info][gc,phases   ] GC(104)   Merge Heap Roots: 0.1ms
[2026-03-25T22:10:10.214+0900][95.426s][info][gc,phases   ] GC(104)   Evacuate Collection Set: 0.5ms
[2026-03-25T22:10:10.214+0900][95.426s][info][gc,phases   ] GC(104)   Post Evacuate Collection Set: 0.2ms
[2026-03-25T22:10:10.214+0900][95.426s][info][gc,phases   ] GC(104)   Other: 0.1ms
[2026-03-25T22:10:10.214+0900][95.426s][info][gc,heap     ] GC(104) Eden regions: 12->0(12)
[2026-03-25T22:10:10.214+0900][95.426s][info][gc,heap     ] GC(104) Survivor regions: 1->1(2)
[2026-03-25T22:10:10.214+0900][95.426s][info][gc,heap     ] GC(104) Old regions: 17->17
[2026-03-25T22:10:10.214+0900][95.426s][info][gc,heap     ] GC(104) Archive regions: 2->2
[2026-03-25T22:10:10.214+0900][95.426s][info][gc,heap     ] GC(104) Humongous regions: 24->24
[2026-03-25T22:10:10.214+0900][95.426s][info][gc,metaspace] GC(104) Metaspace: 104091K(105088K)->104091K(105088K) NonClass: 88853K(89408K)->88853K(89408K) Class: 15237K(15680K)->15237K(15680K)
[2026-03-25T22:10:10.214+0900][95.426s][info][gc          ] GC(104) Pause Young (Normal) (G1 Evacuation Pause) 215M->168M(256M) 0.906ms
[2026-03-25T22:10:10.214+0900][95.426s][info][gc,cpu      ] GC(104) User=0.01s Sys=0.00s Real=0.00s
[2026-03-25T22:10:10.655+0900][95.867s][info][gc,start    ] GC(105) Pause Young (Normal) (G1 Evacuation Pause)
[2026-03-25T22:10:10.655+0900][95.867s][info][gc,task     ] GC(105) Using 8 workers of 10 for evacuation
[2026-03-25T22:10:10.656+0900][95.868s][info][gc,phases   ] GC(105)   Pre Evacuate Collection Set: 0.0ms
[2026-03-25T22:10:10.656+0900][95.868s][info][gc,phases   ] GC(105)   Merge Heap Roots: 0.0ms
[2026-03-25T22:10:10.656+0900][95.868s][info][gc,phases   ] GC(105)   Evacuate Collection Set: 0.4ms
[2026-03-25T22:10:10.656+0900][95.868s][info][gc,phases   ] GC(105)   Post Evacuate Collection Set: 0.2ms
[2026-03-25T22:10:10.656+0900][95.868s][info][gc,phases   ] GC(105)   Other: 0.1ms
[2026-03-25T22:10:10.656+0900][95.868s][info][gc,heap     ] GC(105) Eden regions: 12->0(12)
[2026-03-25T22:10:10.656+0900][95.868s][info][gc,heap     ] GC(105) Survivor regions: 1->1(2)
[2026-03-25T22:10:10.656+0900][95.868s][info][gc,heap     ] GC(105) Old regions: 17->17
[2026-03-25T22:10:10.656+0900][95.868s][info][gc,heap     ] GC(105) Archive regions: 2->2
[2026-03-25T22:10:10.656+0900][95.868s][info][gc,heap     ] GC(105) Humongous regions: 24->24
[2026-03-25T22:10:10.656+0900][95.868s][info][gc,metaspace] GC(105) Metaspace: 104091K(105088K)->104091K(105088K) NonClass: 88853K(89408K)->88853K(89408K) Class: 15237K(15680K)->15237K(15680K)
[2026-03-25T22:10:10.656+0900][95.868s][info][gc          ] GC(105) Pause Young (Normal) (G1 Evacuation Pause) 216M->168M(256M) 0.702ms
[2026-03-25T22:10:10.656+0900][95.868s][info][gc,cpu      ] GC(105) User=0.01s Sys=0.00s Real=0.00s
[2026-03-25T22:10:11.136+0900][96.347s][info][gc,start    ] GC(106) Pause Young (Normal) (G1 Evacuation Pause)
[2026-03-25T22:10:11.136+0900][96.347s][info][gc,task     ] GC(106) Using 8 workers of 10 for evacuation
[2026-03-25T22:10:11.136+0900][96.348s][info][gc,phases   ] GC(106)   Pre Evacuate Collection Set: 0.0ms
[2026-03-25T22:10:11.136+0900][96.348s][info][gc,phases   ] GC(106)   Merge Heap Roots: 0.1ms
[2026-03-25T22:10:11.136+0900][96.348s][info][gc,phases   ] GC(106)   Evacuate Collection Set: 0.4ms
[2026-03-25T22:10:11.136+0900][96.348s][info][gc,phases   ] GC(106)   Post Evacuate Collection Set: 0.2ms
[2026-03-25T22:10:11.136+0900][96.348s][info][gc,phases   ] GC(106)   Other: 0.1ms
[2026-03-25T22:10:11.136+0900][96.348s][info][gc,heap     ] GC(106) Eden regions: 12->0(12)
[2026-03-25T22:10:11.136+0900][96.348s][info][gc,heap     ] GC(106) Survivor regions: 1->1(2)
[2026-03-25T22:10:11.136+0900][96.348s][info][gc,heap     ] GC(106) Old regions: 17->17
[2026-03-25T22:10:11.136+0900][96.348s][info][gc,heap     ] GC(106) Archive regions: 2->2
[2026-03-25T22:10:11.136+0900][96.348s][info][gc,heap     ] GC(106) Humongous regions: 24->24
[2026-03-25T22:10:11.136+0900][96.348s][info][gc,metaspace] GC(106) Metaspace: 104091K(105088K)->104091K(105088K) NonClass: 88853K(89408K)->88853K(89408K) Class: 15237K(15680K)->15237K(15680K)
[2026-03-25T22:10:11.136+0900][96.348s][info][gc          ] GC(106) Pause Young (Normal) (G1 Evacuation Pause) 216M->167M(256M) 0.742ms
[2026-03-25T22:10:11.136+0900][96.348s][info][gc,cpu      ] GC(106) User=0.00s Sys=0.00s Real=0.00s
[2026-03-25T22:10:11.702+0900][96.914s][info][gc,start    ] GC(107) Pause Young (Normal) (G1 Evacuation Pause)
[2026-03-25T22:10:11.702+0900][96.914s][info][gc,task     ] GC(107) Using 8 workers of 10 for evacuation
[2026-03-25T22:10:11.703+0900][96.914s][info][gc,phases   ] GC(107)   Pre Evacuate Collection Set: 0.1ms
[2026-03-25T22:10:11.703+0900][96.914s][info][gc,phases   ] GC(107)   Merge Heap Roots: 0.1ms
[2026-03-25T22:10:11.703+0900][96.914s][info][gc,phases   ] GC(107)   Evacuate Collection Set: 0.4ms
[2026-03-25T22:10:11.703+0900][96.914s][info][gc,phases   ] GC(107)   Post Evacuate Collection Set: 0.2ms
[2026-03-25T22:10:11.703+0900][96.914s][info][gc,phases   ] GC(107)   Other: 0.1ms
[2026-03-25T22:10:11.703+0900][96.914s][info][gc,heap     ] GC(107) Eden regions: 12->0(12)
[2026-03-25T22:10:11.703+0900][96.914s][info][gc,heap     ] GC(107) Survivor regions: 1->1(2)
[2026-03-25T22:10:11.703+0900][96.914s][info][gc,heap     ] GC(107) Old regions: 17->17
[2026-03-25T22:10:11.703+0900][96.914s][info][gc,heap     ] GC(107) Archive regions: 2->2
[2026-03-25T22:10:11.703+0900][96.914s][info][gc,heap     ] GC(107) Humongous regions: 24->24
[2026-03-25T22:10:11.703+0900][96.914s][info][gc,metaspace] GC(107) Metaspace: 104091K(105088K)->104091K(105088K) NonClass: 88854K(89408K)->88854K(89408K) Class: 15237K(15680K)->15237K(15680K)
[2026-03-25T22:10:11.703+0900][96.914s][info][gc          ] GC(107) Pause Young (Normal) (G1 Evacuation Pause) 215M->168M(256M) 0.797ms
[2026-03-25T22:10:11.703+0900][96.914s][info][gc,cpu      ] GC(107) User=0.00s Sys=0.00s Real=0.00s
[2026-03-25T22:10:12.190+0900][97.402s][info][gc,start    ] GC(108) Pause Young (Normal) (G1 Evacuation Pause)
[2026-03-25T22:10:12.190+0900][97.402s][info][gc,task     ] GC(108) Using 8 workers of 10 for evacuation
[2026-03-25T22:10:12.191+0900][97.402s][info][gc,phases   ] GC(108)   Pre Evacuate Collection Set: 0.0ms
[2026-03-25T22:10:12.191+0900][97.402s][info][gc,phases   ] GC(108)   Merge Heap Roots: 0.0ms
[2026-03-25T22:10:12.191+0900][97.402s][info][gc,phases   ] GC(108)   Evacuate Collection Set: 0.4ms
[2026-03-25T22:10:12.191+0900][97.402s][info][gc,phases   ] GC(108)   Post Evacuate Collection Set: 0.1ms
[2026-03-25T22:10:12.191+0900][97.402s][info][gc,phases   ] GC(108)   Other: 0.1ms
[2026-03-25T22:10:12.191+0900][97.402s][info][gc,heap     ] GC(108) Eden regions: 12->0(12)
[2026-03-25T22:10:12.191+0900][97.402s][info][gc,heap     ] GC(108) Survivor regions: 1->1(2)
[2026-03-25T22:10:12.191+0900][97.402s][info][gc,heap     ] GC(108) Old regions: 17->17
[2026-03-25T22:10:12.191+0900][97.402s][info][gc,heap     ] GC(108) Archive regions: 2->2
[2026-03-25T22:10:12.191+0900][97.402s][info][gc,heap     ] GC(108) Humongous regions: 24->24
[2026-03-25T22:10:12.191+0900][97.402s][info][gc,metaspace] GC(108) Metaspace: 104091K(105088K)->104091K(105088K) NonClass: 88854K(89408K)->88854K(89408K) Class: 15237K(15680K)->15237K(15680K)
[2026-03-25T22:10:12.191+0900][97.402s][info][gc          ] GC(108) Pause Young (Normal) (G1 Evacuation Pause) 216M->168M(256M) 0.752ms
[2026-03-25T22:10:12.191+0900][97.402s][info][gc,cpu      ] GC(108) User=0.00s Sys=0.00s Real=0.00s
[2026-03-25T22:10:12.728+0900][97.940s][info][gc,start    ] GC(109) Pause Young (Normal) (G1 Evacuation Pause)
[2026-03-25T22:10:12.728+0900][97.940s][info][gc,task     ] GC(109) Using 8 workers of 10 for evacuation
[2026-03-25T22:10:12.729+0900][97.941s][info][gc,phases   ] GC(109)   Pre Evacuate Collection Set: 0.0ms
[2026-03-25T22:10:12.729+0900][97.941s][info][gc,phases   ] GC(109)   Merge Heap Roots: 0.0ms
[2026-03-25T22:10:12.729+0900][97.941s][info][gc,phases   ] GC(109)   Evacuate Collection Set: 0.4ms
[2026-03-25T22:10:12.729+0900][97.941s][info][gc,phases   ] GC(109)   Post Evacuate Collection Set: 0.2ms
[2026-03-25T22:10:12.729+0900][97.941s][info][gc,phases   ] GC(109)   Other: 0.1ms
[2026-03-25T22:10:12.729+0900][97.941s][info][gc,heap     ] GC(109) Eden regions: 12->0(12)
[2026-03-25T22:10:12.729+0900][97.941s][info][gc,heap     ] GC(109) Survivor regions: 1->1(2)
[2026-03-25T22:10:12.729+0900][97.941s][info][gc,heap     ] GC(109) Old regions: 17->17
[2026-03-25T22:10:12.729+0900][97.941s][info][gc,heap     ] GC(109) Archive regions: 2->2
[2026-03-25T22:10:12.729+0900][97.941s][info][gc,heap     ] GC(109) Humongous regions: 24->24
[2026-03-25T22:10:12.729+0900][97.941s][info][gc,metaspace] GC(109) Metaspace: 104091K(105088K)->104091K(105088K) NonClass: 88854K(89408K)->88854K(89408K) Class: 15237K(15680K)->15237K(15680K)
[2026-03-25T22:10:12.729+0900][97.941s][info][gc          ] GC(109) Pause Young (Normal) (G1 Evacuation Pause) 216M->168M(256M) 0.701ms
[2026-03-25T22:10:12.729+0900][97.941s][info][gc,cpu      ] GC(109) User=0.00s Sys=0.00s Real=0.00s
[2026-03-25T22:10:13.241+0900][98.453s][info][gc,start    ] GC(110) Pause Young (Normal) (G1 Evacuation Pause)
[2026-03-25T22:10:13.241+0900][98.453s][info][gc,task     ] GC(110) Using 8 workers of 10 for evacuation
[2026-03-25T22:10:13.242+0900][98.454s][info][gc,phases   ] GC(110)   Pre Evacuate Collection Set: 0.1ms
[2026-03-25T22:10:13.242+0900][98.454s][info][gc,phases   ] GC(110)   Merge Heap Roots: 0.0ms
[2026-03-25T22:10:13.242+0900][98.454s][info][gc,phases   ] GC(110)   Evacuate Collection Set: 0.8ms
[2026-03-25T22:10:13.242+0900][98.454s][info][gc,phases   ] GC(110)   Post Evacuate Collection Set: 0.2ms
[2026-03-25T22:10:13.242+0900][98.454s][info][gc,phases   ] GC(110)   Other: 0.1ms
[2026-03-25T22:10:13.242+0900][98.454s][info][gc,heap     ] GC(110) Eden regions: 12->0(12)
[2026-03-25T22:10:13.242+0900][98.454s][info][gc,heap     ] GC(110) Survivor regions: 1->1(2)
[2026-03-25T22:10:13.242+0900][98.454s][info][gc,heap     ] GC(110) Old regions: 17->17
[2026-03-25T22:10:13.242+0900][98.454s][info][gc,heap     ] GC(110) Archive regions: 2->2
[2026-03-25T22:10:13.242+0900][98.454s][info][gc,heap     ] GC(110) Humongous regions: 24->24
[2026-03-25T22:10:13.242+0900][98.454s][info][gc,metaspace] GC(110) Metaspace: 104091K(105088K)->104091K(105088K) NonClass: 88854K(89408K)->88854K(89408K) Class: 15237K(15680K)->15237K(15680K)
[2026-03-25T22:10:13.242+0900][98.454s][info][gc          ] GC(110) Pause Young (Normal) (G1 Evacuation Pause) 216M->168M(256M) 1.169ms
[2026-03-25T22:10:13.242+0900][98.454s][info][gc,cpu      ] GC(110) User=0.01s Sys=0.00s Real=0.00s
[2026-03-25T22:10:13.733+0900][98.945s][info][gc,start    ] GC(111) Pause Young (Normal) (G1 Evacuation Pause)
[2026-03-25T22:10:13.733+0900][98.945s][info][gc,task     ] GC(111) Using 8 workers of 10 for evacuation
[2026-03-25T22:10:13.734+0900][98.945s][info][gc,phases   ] GC(111)   Pre Evacuate Collection Set: 0.0ms
[2026-03-25T22:10:13.734+0900][98.945s][info][gc,phases   ] GC(111)   Merge Heap Roots: 0.0ms
[2026-03-25T22:10:13.734+0900][98.945s][info][gc,phases   ] GC(111)   Evacuate Collection Set: 0.4ms
[2026-03-25T22:10:13.734+0900][98.945s][info][gc,phases   ] GC(111)   Post Evacuate Collection Set: 0.1ms
[2026-03-25T22:10:13.734+0900][98.945s][info][gc,phases   ] GC(111)   Other: 0.1ms
[2026-03-25T22:10:13.734+0900][98.945s][info][gc,heap     ] GC(111) Eden regions: 12->0(12)
[2026-03-25T22:10:13.734+0900][98.945s][info][gc,heap     ] GC(111) Survivor regions: 1->1(2)
[2026-03-25T22:10:13.734+0900][98.945s][info][gc,heap     ] GC(111) Old regions: 17->17
[2026-03-25T22:10:13.734+0900][98.945s][info][gc,heap     ] GC(111) Archive regions: 2->2
[2026-03-25T22:10:13.734+0900][98.945s][info][gc,heap     ] GC(111) Humongous regions: 24->24
[2026-03-25T22:10:13.734+0900][98.945s][info][gc,metaspace] GC(111) Metaspace: 104091K(105088K)->104091K(105088K) NonClass: 88854K(89408K)->88854K(89408K) Class: 15237K(15680K)->15237K(15680K)
[2026-03-25T22:10:13.734+0900][98.945s][info][gc          ] GC(111) Pause Young (Normal) (G1 Evacuation Pause) 216M->168M(256M) 0.704ms
[2026-03-25T22:10:13.734+0900][98.945s][info][gc,cpu      ] GC(111) User=0.00s Sys=0.00s Real=0.00s
[2026-03-25T22:10:14.231+0900][99.443s][info][gc,start    ] GC(112) Pause Young (Normal) (G1 Evacuation Pause)
[2026-03-25T22:10:14.231+0900][99.443s][info][gc,task     ] GC(112) Using 8 workers of 10 for evacuation
[2026-03-25T22:10:14.232+0900][99.443s][info][gc,phases   ] GC(112)   Pre Evacuate Collection Set: 0.1ms
[2026-03-25T22:10:14.232+0900][99.443s][info][gc,phases   ] GC(112)   Merge Heap Roots: 0.1ms
[2026-03-25T22:10:14.232+0900][99.443s][info][gc,phases   ] GC(112)   Evacuate Collection Set: 0.3ms
[2026-03-25T22:10:14.232+0900][99.443s][info][gc,phases   ] GC(112)   Post Evacuate Collection Set: 0.1ms
[2026-03-25T22:10:14.232+0900][99.443s][info][gc,phases   ] GC(112)   Other: 0.1ms
[2026-03-25T22:10:14.232+0900][99.443s][info][gc,heap     ] GC(112) Eden regions: 12->0(12)
[2026-03-25T22:10:14.232+0900][99.443s][info][gc,heap     ] GC(112) Survivor regions: 1->1(2)
[2026-03-25T22:10:14.232+0900][99.443s][info][gc,heap     ] GC(112) Old regions: 17->17
[2026-03-25T22:10:14.232+0900][99.443s][info][gc,heap     ] GC(112) Archive regions: 2->2
[2026-03-25T22:10:14.232+0900][99.443s][info][gc,heap     ] GC(112) Humongous regions: 24->24
[2026-03-25T22:10:14.232+0900][99.443s][info][gc,metaspace] GC(112) Metaspace: 104091K(105088K)->104091K(105088K) NonClass: 88854K(89408K)->88854K(89408K) Class: 15237K(15680K)->15237K(15680K)
[2026-03-25T22:10:14.232+0900][99.443s][info][gc          ] GC(112) Pause Young (Normal) (G1 Evacuation Pause) 216M->168M(256M) 0.701ms
[2026-03-25T22:10:14.232+0900][99.443s][info][gc,cpu      ] GC(112) User=0.01s Sys=0.00s Real=0.00s
[2026-03-25T22:10:14.669+0900][99.881s][info][gc,start    ] GC(113) Pause Young (Normal) (G1 Evacuation Pause)
[2026-03-25T22:10:14.669+0900][99.881s][info][gc,task     ] GC(113) Using 8 workers of 10 for evacuation
[2026-03-25T22:10:14.670+0900][99.881s][info][gc,phases   ] GC(113)   Pre Evacuate Collection Set: 0.1ms
[2026-03-25T22:10:14.670+0900][99.881s][info][gc,phases   ] GC(113)   Merge Heap Roots: 0.1ms
[2026-03-25T22:10:14.670+0900][99.881s][info][gc,phases   ] GC(113)   Evacuate Collection Set: 0.3ms
[2026-03-25T22:10:14.670+0900][99.881s][info][gc,phases   ] GC(113)   Post Evacuate Collection Set: 0.1ms
[2026-03-25T22:10:14.670+0900][99.881s][info][gc,phases   ] GC(113)   Other: 0.1ms
[2026-03-25T22:10:14.670+0900][99.881s][info][gc,heap     ] GC(113) Eden regions: 12->0(12)
[2026-03-25T22:10:14.670+0900][99.881s][info][gc,heap     ] GC(113) Survivor regions: 1->1(2)
[2026-03-25T22:10:14.670+0900][99.881s][info][gc,heap     ] GC(113) Old regions: 17->17
[2026-03-25T22:10:14.670+0900][99.881s][info][gc,heap     ] GC(113) Archive regions: 2->2
[2026-03-25T22:10:14.670+0900][99.881s][info][gc,heap     ] GC(113) Humongous regions: 24->24
[2026-03-25T22:10:14.670+0900][99.881s][info][gc,metaspace] GC(113) Metaspace: 104091K(105088K)->104091K(105088K) NonClass: 88854K(89408K)->88854K(89408K) Class: 15237K(15680K)->15237K(15680K)
[2026-03-25T22:10:14.670+0900][99.881s][info][gc          ] GC(113) Pause Young (Normal) (G1 Evacuation Pause) 216M->168M(256M) 0.729ms
[2026-03-25T22:10:14.670+0900][99.881s][info][gc,cpu      ] GC(113) User=0.00s Sys=0.00s Real=0.01s
[2026-03-25T22:10:15.174+0900][100.385s][info][gc,start    ] GC(114) Pause Young (Normal) (G1 Evacuation Pause)
[2026-03-25T22:10:15.174+0900][100.385s][info][gc,task     ] GC(114) Using 8 workers of 10 for evacuation
[2026-03-25T22:10:15.174+0900][100.386s][info][gc,phases   ] GC(114)   Pre Evacuate Collection Set: 0.1ms
[2026-03-25T22:10:15.174+0900][100.386s][info][gc,phases   ] GC(114)   Merge Heap Roots: 0.1ms
[2026-03-25T22:10:15.174+0900][100.386s][info][gc,phases   ] GC(114)   Evacuate Collection Set: 0.4ms
[2026-03-25T22:10:15.174+0900][100.386s][info][gc,phases   ] GC(114)   Post Evacuate Collection Set: 0.1ms
[2026-03-25T22:10:15.174+0900][100.386s][info][gc,phases   ] GC(114)   Other: 0.1ms
[2026-03-25T22:10:15.174+0900][100.386s][info][gc,heap     ] GC(114) Eden regions: 12->0(12)
[2026-03-25T22:10:15.174+0900][100.386s][info][gc,heap     ] GC(114) Survivor regions: 1->1(2)
[2026-03-25T22:10:15.174+0900][100.386s][info][gc,heap     ] GC(114) Old regions: 17->17
[2026-03-25T22:10:15.174+0900][100.386s][info][gc,heap     ] GC(114) Archive regions: 2->2
[2026-03-25T22:10:15.174+0900][100.386s][info][gc,heap     ] GC(114) Humongous regions: 24->24
[2026-03-25T22:10:15.174+0900][100.386s][info][gc,metaspace] GC(114) Metaspace: 104095K(105088K)->104095K(105088K) NonClass: 88854K(89408K)->88854K(89408K) Class: 15241K(15680K)->15241K(15680K)
[2026-03-25T22:10:15.174+0900][100.386s][info][gc          ] GC(114) Pause Young (Normal) (G1 Evacuation Pause) 216M->168M(256M) 0.757ms
[2026-03-25T22:10:15.174+0900][100.386s][info][gc,cpu      ] GC(114) User=0.00s Sys=0.00s Real=0.00s
[2026-03-25T22:10:15.714+0900][100.925s][info][gc,start    ] GC(115) Pause Young (Normal) (G1 Evacuation Pause)
[2026-03-25T22:10:15.714+0900][100.925s][info][gc,task     ] GC(115) Using 8 workers of 10 for evacuation
[2026-03-25T22:10:15.714+0900][100.926s][info][gc,phases   ] GC(115)   Pre Evacuate Collection Set: 0.0ms
[2026-03-25T22:10:15.714+0900][100.926s][info][gc,phases   ] GC(115)   Merge Heap Roots: 0.0ms
[2026-03-25T22:10:15.714+0900][100.926s][info][gc,phases   ] GC(115)   Evacuate Collection Set: 0.4ms
[2026-03-25T22:10:15.714+0900][100.926s][info][gc,phases   ] GC(115)   Post Evacuate Collection Set: 0.2ms
[2026-03-25T22:10:15.714+0900][100.926s][info][gc,phases   ] GC(115)   Other: 0.1ms
[2026-03-25T22:10:15.714+0900][100.926s][info][gc,heap     ] GC(115) Eden regions: 12->0(12)
[2026-03-25T22:10:15.714+0900][100.926s][info][gc,heap     ] GC(115) Survivor regions: 1->1(2)
[2026-03-25T22:10:15.714+0900][100.926s][info][gc,heap     ] GC(115) Old regions: 17->17
[2026-03-25T22:10:15.714+0900][100.926s][info][gc,heap     ] GC(115) Archive regions: 2->2
[2026-03-25T22:10:15.714+0900][100.926s][info][gc,heap     ] GC(115) Humongous regions: 24->24
[2026-03-25T22:10:15.714+0900][100.926s][info][gc,metaspace] GC(115) Metaspace: 104095K(105088K)->104095K(105088K) NonClass: 88854K(89408K)->88854K(89408K) Class: 15241K(15680K)->15241K(15680K)
[2026-03-25T22:10:15.714+0900][100.926s][info][gc          ] GC(115) Pause Young (Normal) (G1 Evacuation Pause) 216M->168M(256M) 0.749ms
[2026-03-25T22:10:15.714+0900][100.926s][info][gc,cpu      ] GC(115) User=0.01s Sys=0.00s Real=0.00s
[2026-03-25T22:10:16.300+0900][101.511s][info][gc,start    ] GC(116) Pause Young (Normal) (G1 Evacuation Pause)
[2026-03-25T22:10:16.300+0900][101.511s][info][gc,task     ] GC(116) Using 8 workers of 10 for evacuation
[2026-03-25T22:10:16.300+0900][101.512s][info][gc,phases   ] GC(116)   Pre Evacuate Collection Set: 0.0ms
[2026-03-25T22:10:16.300+0900][101.512s][info][gc,phases   ] GC(116)   Merge Heap Roots: 0.0ms
[2026-03-25T22:10:16.300+0900][101.512s][info][gc,phases   ] GC(116)   Evacuate Collection Set: 0.4ms
[2026-03-25T22:10:16.300+0900][101.512s][info][gc,phases   ] GC(116)   Post Evacuate Collection Set: 0.1ms
[2026-03-25T22:10:16.300+0900][101.512s][info][gc,phases   ] GC(116)   Other: 0.1ms
[2026-03-25T22:10:16.300+0900][101.512s][info][gc,heap     ] GC(116) Eden regions: 12->0(12)
[2026-03-25T22:10:16.300+0900][101.512s][info][gc,heap     ] GC(116) Survivor regions: 1->1(2)
[2026-03-25T22:10:16.300+0900][101.512s][info][gc,heap     ] GC(116) Old regions: 17->17
[2026-03-25T22:10:16.300+0900][101.512s][info][gc,heap     ] GC(116) Archive regions: 2->2
[2026-03-25T22:10:16.300+0900][101.512s][info][gc,heap     ] GC(116) Humongous regions: 24->24
[2026-03-25T22:10:16.300+0900][101.512s][info][gc,metaspace] GC(116) Metaspace: 104095K(105088K)->104095K(105088K) NonClass: 88854K(89408K)->88854K(89408K) Class: 15241K(15680K)->15241K(15680K)
[2026-03-25T22:10:16.300+0900][101.512s][info][gc          ] GC(116) Pause Young (Normal) (G1 Evacuation Pause) 216M->168M(256M) 0.747ms
[2026-03-25T22:10:16.300+0900][101.512s][info][gc,cpu      ] GC(116) User=0.00s Sys=0.00s Real=0.00s
[2026-03-25T22:10:16.779+0900][101.991s][info][gc,start    ] GC(117) Pause Young (Normal) (G1 Evacuation Pause)
[2026-03-25T22:10:16.779+0900][101.991s][info][gc,task     ] GC(117) Using 8 workers of 10 for evacuation
[2026-03-25T22:10:16.780+0900][101.992s][info][gc,phases   ] GC(117)   Pre Evacuate Collection Set: 0.0ms
[2026-03-25T22:10:16.780+0900][101.992s][info][gc,phases   ] GC(117)   Merge Heap Roots: 0.0ms
[2026-03-25T22:10:16.780+0900][101.992s][info][gc,phases   ] GC(117)   Evacuate Collection Set: 0.4ms
[2026-03-25T22:10:16.780+0900][101.992s][info][gc,phases   ] GC(117)   Post Evacuate Collection Set: 0.1ms
[2026-03-25T22:10:16.780+0900][101.992s][info][gc,phases   ] GC(117)   Other: 0.1ms
[2026-03-25T22:10:16.780+0900][101.992s][info][gc,heap     ] GC(117) Eden regions: 12->0(12)
[2026-03-25T22:10:16.780+0900][101.992s][info][gc,heap     ] GC(117) Survivor regions: 1->1(2)
[2026-03-25T22:10:16.780+0900][101.992s][info][gc,heap     ] GC(117) Old regions: 17->17
[2026-03-25T22:10:16.780+0900][101.992s][info][gc,heap     ] GC(117) Archive regions: 2->2
[2026-03-25T22:10:16.780+0900][101.992s][info][gc,heap     ] GC(117) Humongous regions: 24->24
[2026-03-25T22:10:16.780+0900][101.992s][info][gc,metaspace] GC(117) Metaspace: 104095K(105088K)->104095K(105088K) NonClass: 88854K(89408K)->88854K(89408K) Class: 15241K(15680K)->15241K(15680K)
[2026-03-25T22:10:16.780+0900][101.992s][info][gc          ] GC(117) Pause Young (Normal) (G1 Evacuation Pause) 216M->168M(256M) 0.740ms
[2026-03-25T22:10:16.780+0900][101.992s][info][gc,cpu      ] GC(117) User=0.00s Sys=0.01s Real=0.01s
[2026-03-25T22:10:17.307+0900][102.519s][info][gc,start    ] GC(118) Pause Young (Normal) (G1 Evacuation Pause)
[2026-03-25T22:10:17.307+0900][102.519s][info][gc,task     ] GC(118) Using 8 workers of 10 for evacuation
[2026-03-25T22:10:17.309+0900][102.520s][info][gc,phases   ] GC(118)   Pre Evacuate Collection Set: 0.0ms
[2026-03-25T22:10:17.309+0900][102.520s][info][gc,phases   ] GC(118)   Merge Heap Roots: 0.0ms
[2026-03-25T22:10:17.309+0900][102.520s][info][gc,phases   ] GC(118)   Evacuate Collection Set: 1.1ms
[2026-03-25T22:10:17.309+0900][102.520s][info][gc,phases   ] GC(118)   Post Evacuate Collection Set: 0.1ms
[2026-03-25T22:10:17.309+0900][102.520s][info][gc,phases   ] GC(118)   Other: 0.1ms
[2026-03-25T22:10:17.309+0900][102.520s][info][gc,heap     ] GC(118) Eden regions: 12->0(12)
[2026-03-25T22:10:17.309+0900][102.520s][info][gc,heap     ] GC(118) Survivor regions: 1->1(2)
[2026-03-25T22:10:17.309+0900][102.520s][info][gc,heap     ] GC(118) Old regions: 17->17
[2026-03-25T22:10:17.309+0900][102.520s][info][gc,heap     ] GC(118) Archive regions: 2->2
[2026-03-25T22:10:17.309+0900][102.520s][info][gc,heap     ] GC(118) Humongous regions: 24->24
[2026-03-25T22:10:17.309+0900][102.520s][info][gc,metaspace] GC(118) Metaspace: 104095K(105088K)->104095K(105088K) NonClass: 88854K(89408K)->88854K(89408K) Class: 15241K(15680K)->15241K(15680K)
[2026-03-25T22:10:17.309+0900][102.520s][info][gc          ] GC(118) Pause Young (Normal) (G1 Evacuation Pause) 216M->168M(256M) 1.416ms
[2026-03-25T22:10:17.309+0900][102.520s][info][gc,cpu      ] GC(118) User=0.00s Sys=0.00s Real=0.00s
[2026-03-25T22:10:17.696+0900][102.908s][info][gc,start    ] GC(119) Pause Young (Normal) (G1 Evacuation Pause)
[2026-03-25T22:10:17.696+0900][102.908s][info][gc,task     ] GC(119) Using 8 workers of 10 for evacuation
[2026-03-25T22:10:17.697+0900][102.908s][info][gc,phases   ] GC(119)   Pre Evacuate Collection Set: 0.1ms
[2026-03-25T22:10:17.697+0900][102.908s][info][gc,phases   ] GC(119)   Merge Heap Roots: 0.1ms
[2026-03-25T22:10:17.697+0900][102.908s][info][gc,phases   ] GC(119)   Evacuate Collection Set: 0.4ms
[2026-03-25T22:10:17.697+0900][102.908s][info][gc,phases   ] GC(119)   Post Evacuate Collection Set: 0.1ms
[2026-03-25T22:10:17.697+0900][102.908s][info][gc,phases   ] GC(119)   Other: 0.1ms
[2026-03-25T22:10:17.697+0900][102.908s][info][gc,heap     ] GC(119) Eden regions: 12->0(12)
[2026-03-25T22:10:17.697+0900][102.908s][info][gc,heap     ] GC(119) Survivor regions: 1->1(2)
[2026-03-25T22:10:17.697+0900][102.908s][info][gc,heap     ] GC(119) Old regions: 17->17
[2026-03-25T22:10:17.697+0900][102.908s][info][gc,heap     ] GC(119) Archive regions: 2->2
[2026-03-25T22:10:17.697+0900][102.908s][info][gc,heap     ] GC(119) Humongous regions: 24->24
[2026-03-25T22:10:17.697+0900][102.908s][info][gc,metaspace] GC(119) Metaspace: 104095K(105088K)->104095K(105088K) NonClass: 88854K(89408K)->88854K(89408K) Class: 15241K(15680K)->15241K(15680K)
[2026-03-25T22:10:17.697+0900][102.908s][info][gc          ] GC(119) Pause Young (Normal) (G1 Evacuation Pause) 216M->168M(256M) 0.747ms
[2026-03-25T22:10:17.697+0900][102.908s][info][gc,cpu      ] GC(119) User=0.00s Sys=0.00s Real=0.00s
[2026-03-25T22:10:18.271+0900][103.483s][info][gc,start    ] GC(120) Pause Young (Normal) (G1 Evacuation Pause)
[2026-03-25T22:10:18.271+0900][103.483s][info][gc,task     ] GC(120) Using 8 workers of 10 for evacuation
[2026-03-25T22:10:18.272+0900][103.484s][info][gc,phases   ] GC(120)   Pre Evacuate Collection Set: 0.1ms
[2026-03-25T22:10:18.272+0900][103.484s][info][gc,phases   ] GC(120)   Merge Heap Roots: 0.1ms
[2026-03-25T22:10:18.272+0900][103.484s][info][gc,phases   ] GC(120)   Evacuate Collection Set: 0.4ms
[2026-03-25T22:10:18.272+0900][103.484s][info][gc,phases   ] GC(120)   Post Evacuate Collection Set: 0.2ms
[2026-03-25T22:10:18.272+0900][103.484s][info][gc,phases   ] GC(120)   Other: 0.1ms
[2026-03-25T22:10:18.272+0900][103.484s][info][gc,heap     ] GC(120) Eden regions: 12->0(12)
[2026-03-25T22:10:18.272+0900][103.484s][info][gc,heap     ] GC(120) Survivor regions: 1->1(2)
[2026-03-25T22:10:18.272+0900][103.484s][info][gc,heap     ] GC(120) Old regions: 17->17
[2026-03-25T22:10:18.272+0900][103.484s][info][gc,heap     ] GC(120) Archive regions: 2->2
[2026-03-25T22:10:18.272+0900][103.484s][info][gc,heap     ] GC(120) Humongous regions: 24->24
[2026-03-25T22:10:18.272+0900][103.484s][info][gc,metaspace] GC(120) Metaspace: 104095K(105088K)->104095K(105088K) NonClass: 88854K(89408K)->88854K(89408K) Class: 15241K(15680K)->15241K(15680K)
[2026-03-25T22:10:18.272+0900][103.484s][info][gc          ] GC(120) Pause Young (Normal) (G1 Evacuation Pause) 216M->168M(256M) 0.781ms
[2026-03-25T22:10:18.272+0900][103.484s][info][gc,cpu      ] GC(120) User=0.00s Sys=0.00s Real=0.00s
[2026-03-25T22:10:18.760+0900][103.972s][info][gc,start    ] GC(121) Pause Young (Normal) (G1 Evacuation Pause)
[2026-03-25T22:10:18.760+0900][103.972s][info][gc,task     ] GC(121) Using 8 workers of 10 for evacuation
[2026-03-25T22:10:18.761+0900][103.973s][info][gc,phases   ] GC(121)   Pre Evacuate Collection Set: 0.1ms
[2026-03-25T22:10:18.761+0900][103.973s][info][gc,phases   ] GC(121)   Merge Heap Roots: 0.0ms
[2026-03-25T22:10:18.761+0900][103.973s][info][gc,phases   ] GC(121)   Evacuate Collection Set: 0.4ms
[2026-03-25T22:10:18.761+0900][103.973s][info][gc,phases   ] GC(121)   Post Evacuate Collection Set: 0.2ms
[2026-03-25T22:10:18.761+0900][103.973s][info][gc,phases   ] GC(121)   Other: 0.1ms
[2026-03-25T22:10:18.761+0900][103.973s][info][gc,heap     ] GC(121) Eden regions: 12->0(12)
[2026-03-25T22:10:18.761+0900][103.973s][info][gc,heap     ] GC(121) Survivor regions: 1->1(2)
[2026-03-25T22:10:18.761+0900][103.973s][info][gc,heap     ] GC(121) Old regions: 17->17
[2026-03-25T22:10:18.761+0900][103.973s][info][gc,heap     ] GC(121) Archive regions: 2->2
[2026-03-25T22:10:18.761+0900][103.973s][info][gc,heap     ] GC(121) Humongous regions: 24->24
[2026-03-25T22:10:18.761+0900][103.973s][info][gc,metaspace] GC(121) Metaspace: 104095K(105088K)->104095K(105088K) NonClass: 88854K(89408K)->88854K(89408K) Class: 15241K(15680K)->15241K(15680K)
[2026-03-25T22:10:18.761+0900][103.973s][info][gc          ] GC(121) Pause Young (Normal) (G1 Evacuation Pause) 216M->168M(256M) 0.762ms
[2026-03-25T22:10:18.761+0900][103.973s][info][gc,cpu      ] GC(121) User=0.01s Sys=0.00s Real=0.00s
[2026-03-25T22:10:19.115+0900][104.327s][info][gc,start    ] GC(122) Pause Young (Normal) (G1 Evacuation Pause)
[2026-03-25T22:10:19.115+0900][104.327s][info][gc,task     ] GC(122) Using 8 workers of 10 for evacuation
[2026-03-25T22:10:19.116+0900][104.328s][info][gc,phases   ] GC(122)   Pre Evacuate Collection Set: 0.0ms
[2026-03-25T22:10:19.116+0900][104.328s][info][gc,phases   ] GC(122)   Merge Heap Roots: 0.0ms
[2026-03-25T22:10:19.116+0900][104.328s][info][gc,phases   ] GC(122)   Evacuate Collection Set: 0.3ms
[2026-03-25T22:10:19.116+0900][104.328s][info][gc,phases   ] GC(122)   Post Evacuate Collection Set: 0.2ms
[2026-03-25T22:10:19.116+0900][104.328s][info][gc,phases   ] GC(122)   Other: 0.1ms
[2026-03-25T22:10:19.116+0900][104.328s][info][gc,heap     ] GC(122) Eden regions: 12->0(12)
[2026-03-25T22:10:19.116+0900][104.328s][info][gc,heap     ] GC(122) Survivor regions: 1->1(2)
[2026-03-25T22:10:19.116+0900][104.328s][info][gc,heap     ] GC(122) Old regions: 17->17
[2026-03-25T22:10:19.116+0900][104.328s][info][gc,heap     ] GC(122) Archive regions: 2->2
[2026-03-25T22:10:19.116+0900][104.328s][info][gc,heap     ] GC(122) Humongous regions: 24->24
[2026-03-25T22:10:19.116+0900][104.328s][info][gc,metaspace] GC(122) Metaspace: 104095K(105088K)->104095K(105088K) NonClass: 88854K(89408K)->88854K(89408K) Class: 15241K(15680K)->15241K(15680K)
[2026-03-25T22:10:19.116+0900][104.328s][info][gc          ] GC(122) Pause Young (Normal) (G1 Evacuation Pause) 216M->168M(256M) 0.706ms
[2026-03-25T22:10:19.116+0900][104.328s][info][gc,cpu      ] GC(122) User=0.00s Sys=0.00s Real=0.00s
[2026-03-25T22:10:19.813+0900][105.025s][info][gc,start    ] GC(123) Pause Young (Normal) (G1 Evacuation Pause)
[2026-03-25T22:10:19.813+0900][105.025s][info][gc,task     ] GC(123) Using 8 workers of 10 for evacuation
[2026-03-25T22:10:19.814+0900][105.025s][info][gc,phases   ] GC(123)   Pre Evacuate Collection Set: 0.0ms
[2026-03-25T22:10:19.814+0900][105.025s][info][gc,phases   ] GC(123)   Merge Heap Roots: 0.0ms
[2026-03-25T22:10:19.814+0900][105.025s][info][gc,phases   ] GC(123)   Evacuate Collection Set: 0.4ms
[2026-03-25T22:10:19.814+0900][105.025s][info][gc,phases   ] GC(123)   Post Evacuate Collection Set: 0.1ms
[2026-03-25T22:10:19.814+0900][105.025s][info][gc,phases   ] GC(123)   Other: 0.1ms
[2026-03-25T22:10:19.814+0900][105.025s][info][gc,heap     ] GC(123) Eden regions: 12->0(12)
[2026-03-25T22:10:19.814+0900][105.025s][info][gc,heap     ] GC(123) Survivor regions: 1->1(2)
[2026-03-25T22:10:19.814+0900][105.025s][info][gc,heap     ] GC(123) Old regions: 17->17
[2026-03-25T22:10:19.814+0900][105.025s][info][gc,heap     ] GC(123) Archive regions: 2->2
[2026-03-25T22:10:19.814+0900][105.025s][info][gc,heap     ] GC(123) Humongous regions: 24->24
[2026-03-25T22:10:19.814+0900][105.025s][info][gc,metaspace] GC(123) Metaspace: 104176K(105152K)->104176K(105152K) NonClass: 88909K(89408K)->88909K(89408K) Class: 15266K(15744K)->15266K(15744K)
[2026-03-25T22:10:19.814+0900][105.025s][info][gc          ] GC(123) Pause Young (Normal) (G1 Evacuation Pause) 216M->169M(256M) 0.764ms
[2026-03-25T22:10:19.814+0900][105.025s][info][gc,cpu      ] GC(123) User=0.00s Sys=0.00s Real=0.00s
[2026-03-25T22:10:20.073+0900][105.284s][info][gc,start    ] GC(124) Pause Young (Normal) (G1 Evacuation Pause)
[2026-03-25T22:10:20.073+0900][105.284s][info][gc,task     ] GC(124) Using 8 workers of 10 for evacuation
[2026-03-25T22:10:20.073+0900][105.285s][info][gc,phases   ] GC(124)   Pre Evacuate Collection Set: 0.1ms
[2026-03-25T22:10:20.073+0900][105.285s][info][gc,phases   ] GC(124)   Merge Heap Roots: 0.0ms
[2026-03-25T22:10:20.073+0900][105.285s][info][gc,phases   ] GC(124)   Evacuate Collection Set: 0.4ms
[2026-03-25T22:10:20.073+0900][105.285s][info][gc,phases   ] GC(124)   Post Evacuate Collection Set: 0.1ms
[2026-03-25T22:10:20.073+0900][105.285s][info][gc,phases   ] GC(124)   Other: 0.2ms
[2026-03-25T22:10:20.073+0900][105.285s][info][gc,heap     ] GC(124) Eden regions: 12->0(11)
[2026-03-25T22:10:20.073+0900][105.285s][info][gc,heap     ] GC(124) Survivor regions: 1->1(2)
[2026-03-25T22:10:20.073+0900][105.285s][info][gc,heap     ] GC(124) Old regions: 17->18
[2026-03-25T22:10:20.073+0900][105.285s][info][gc,heap     ] GC(124) Archive regions: 2->2
[2026-03-25T22:10:20.073+0900][105.285s][info][gc,heap     ] GC(124) Humongous regions: 24->24
[2026-03-25T22:10:20.073+0900][105.285s][info][gc,metaspace] GC(124) Metaspace: 104176K(105152K)->104176K(105152K) NonClass: 88909K(89408K)->88909K(89408K) Class: 15266K(15744K)->15266K(15744K)
[2026-03-25T22:10:20.073+0900][105.285s][info][gc          ] GC(124) Pause Young (Normal) (G1 Evacuation Pause) 217M->168M(256M) 0.833ms
[2026-03-25T22:10:20.073+0900][105.285s][info][gc,cpu      ] GC(124) User=0.01s Sys=0.00s Real=0.00s
[2026-03-25T22:10:20.481+0900][105.693s][info][gc,start    ] GC(125) Pause Young (Normal) (G1 Evacuation Pause)
[2026-03-25T22:10:20.481+0900][105.693s][info][gc,task     ] GC(125) Using 8 workers of 10 for evacuation
[2026-03-25T22:10:20.482+0900][105.693s][info][gc,phases   ] GC(125)   Pre Evacuate Collection Set: 0.0ms
[2026-03-25T22:10:20.482+0900][105.693s][info][gc,phases   ] GC(125)   Merge Heap Roots: 0.0ms
[2026-03-25T22:10:20.482+0900][105.693s][info][gc,phases   ] GC(125)   Evacuate Collection Set: 0.4ms
[2026-03-25T22:10:20.482+0900][105.693s][info][gc,phases   ] GC(125)   Post Evacuate Collection Set: 0.1ms
[2026-03-25T22:10:20.482+0900][105.693s][info][gc,phases   ] GC(125)   Other: 0.1ms
[2026-03-25T22:10:20.482+0900][105.693s][info][gc,heap     ] GC(125) Eden regions: 11->0(11)
[2026-03-25T22:10:20.482+0900][105.693s][info][gc,heap     ] GC(125) Survivor regions: 1->1(2)
[2026-03-25T22:10:20.482+0900][105.693s][info][gc,heap     ] GC(125) Old regions: 18->18
[2026-03-25T22:10:20.482+0900][105.693s][info][gc,heap     ] GC(125) Archive regions: 2->2
[2026-03-25T22:10:20.482+0900][105.693s][info][gc,heap     ] GC(125) Humongous regions: 24->24
[2026-03-25T22:10:20.482+0900][105.693s][info][gc,metaspace] GC(125) Metaspace: 104177K(105152K)->104177K(105152K) NonClass: 88910K(89408K)->88910K(89408K) Class: 15266K(15744K)->15266K(15744K)
[2026-03-25T22:10:20.482+0900][105.694s][info][gc          ] GC(125) Pause Young (Normal) (G1 Evacuation Pause) 212M->169M(256M) 0.750ms
[2026-03-25T22:10:20.482+0900][105.694s][info][gc,cpu      ] GC(125) User=0.00s Sys=0.00s Real=0.00s
[2026-03-25T22:10:20.959+0900][106.171s][info][gc,start    ] GC(126) Pause Young (Normal) (G1 Evacuation Pause)
[2026-03-25T22:10:20.959+0900][106.171s][info][gc,task     ] GC(126) Using 8 workers of 10 for evacuation
[2026-03-25T22:10:20.960+0900][106.172s][info][gc,phases   ] GC(126)   Pre Evacuate Collection Set: 0.0ms
[2026-03-25T22:10:20.960+0900][106.172s][info][gc,phases   ] GC(126)   Merge Heap Roots: 0.0ms
[2026-03-25T22:10:20.960+0900][106.172s][info][gc,phases   ] GC(126)   Evacuate Collection Set: 0.4ms
[2026-03-25T22:10:20.960+0900][106.172s][info][gc,phases   ] GC(126)   Post Evacuate Collection Set: 0.2ms
[2026-03-25T22:10:20.960+0900][106.172s][info][gc,phases   ] GC(126)   Other: 0.1ms
[2026-03-25T22:10:20.960+0900][106.172s][info][gc,heap     ] GC(126) Eden regions: 11->0(11)
[2026-03-25T22:10:20.960+0900][106.172s][info][gc,heap     ] GC(126) Survivor regions: 1->1(2)
[2026-03-25T22:10:20.960+0900][106.172s][info][gc,heap     ] GC(126) Old regions: 18->18
[2026-03-25T22:10:20.960+0900][106.172s][info][gc,heap     ] GC(126) Archive regions: 2->2
[2026-03-25T22:10:20.960+0900][106.172s][info][gc,heap     ] GC(126) Humongous regions: 24->24
[2026-03-25T22:10:20.960+0900][106.172s][info][gc,metaspace] GC(126) Metaspace: 104177K(105152K)->104177K(105152K) NonClass: 88910K(89408K)->88910K(89408K) Class: 15266K(15744K)->15266K(15744K)
[2026-03-25T22:10:20.960+0900][106.172s][info][gc          ] GC(126) Pause Young (Normal) (G1 Evacuation Pause) 213M->169M(256M) 0.792ms
[2026-03-25T22:10:20.960+0900][106.172s][info][gc,cpu      ] GC(126) User=0.00s Sys=0.00s Real=0.01s
[2026-03-25T22:10:21.338+0900][106.550s][info][gc,start    ] GC(127) Pause Young (Normal) (G1 Evacuation Pause)
[2026-03-25T22:10:21.338+0900][106.550s][info][gc,task     ] GC(127) Using 8 workers of 10 for evacuation
[2026-03-25T22:10:21.339+0900][106.550s][info][gc,phases   ] GC(127)   Pre Evacuate Collection Set: 0.1ms
[2026-03-25T22:10:21.339+0900][106.550s][info][gc,phases   ] GC(127)   Merge Heap Roots: 0.0ms
[2026-03-25T22:10:21.339+0900][106.550s][info][gc,phases   ] GC(127)   Evacuate Collection Set: 0.4ms
[2026-03-25T22:10:21.339+0900][106.550s][info][gc,phases   ] GC(127)   Post Evacuate Collection Set: 0.1ms
[2026-03-25T22:10:21.339+0900][106.550s][info][gc,phases   ] GC(127)   Other: 0.1ms
[2026-03-25T22:10:21.339+0900][106.550s][info][gc,heap     ] GC(127) Eden regions: 11->0(11)
[2026-03-25T22:10:21.339+0900][106.550s][info][gc,heap     ] GC(127) Survivor regions: 1->1(2)
[2026-03-25T22:10:21.339+0900][106.550s][info][gc,heap     ] GC(127) Old regions: 18->18
[2026-03-25T22:10:21.339+0900][106.550s][info][gc,heap     ] GC(127) Archive regions: 2->2
[2026-03-25T22:10:21.339+0900][106.550s][info][gc,heap     ] GC(127) Humongous regions: 24->24
[2026-03-25T22:10:21.339+0900][106.550s][info][gc,metaspace] GC(127) Metaspace: 104177K(105152K)->104177K(105152K) NonClass: 88910K(89408K)->88910K(89408K) Class: 15266K(15744K)->15266K(15744K)
[2026-03-25T22:10:21.339+0900][106.550s][info][gc          ] GC(127) Pause Young (Normal) (G1 Evacuation Pause) 213M->168M(256M) 0.729ms
[2026-03-25T22:10:21.339+0900][106.550s][info][gc,cpu      ] GC(127) User=0.00s Sys=0.00s Real=0.00s
[2026-03-25T22:10:21.665+0900][106.877s][info][gc,start    ] GC(128) Pause Young (Normal) (G1 Evacuation Pause)
[2026-03-25T22:10:21.665+0900][106.877s][info][gc,task     ] GC(128) Using 8 workers of 10 for evacuation
[2026-03-25T22:10:21.666+0900][106.877s][info][gc,phases   ] GC(128)   Pre Evacuate Collection Set: 0.0ms
[2026-03-25T22:10:21.666+0900][106.877s][info][gc,phases   ] GC(128)   Merge Heap Roots: 0.0ms
[2026-03-25T22:10:21.666+0900][106.877s][info][gc,phases   ] GC(128)   Evacuate Collection Set: 0.4ms
[2026-03-25T22:10:21.666+0900][106.877s][info][gc,phases   ] GC(128)   Post Evacuate Collection Set: 0.1ms
[2026-03-25T22:10:21.666+0900][106.877s][info][gc,phases   ] GC(128)   Other: 0.1ms
[2026-03-25T22:10:21.666+0900][106.877s][info][gc,heap     ] GC(128) Eden regions: 11->0(11)
[2026-03-25T22:10:21.666+0900][106.877s][info][gc,heap     ] GC(128) Survivor regions: 1->1(2)
[2026-03-25T22:10:21.666+0900][106.877s][info][gc,heap     ] GC(128) Old regions: 18->18
[2026-03-25T22:10:21.666+0900][106.877s][info][gc,heap     ] GC(128) Archive regions: 2->2
[2026-03-25T22:10:21.666+0900][106.877s][info][gc,heap     ] GC(128) Humongous regions: 24->24
[2026-03-25T22:10:21.666+0900][106.877s][info][gc,metaspace] GC(128) Metaspace: 104177K(105152K)->104177K(105152K) NonClass: 88910K(89408K)->88910K(89408K) Class: 15266K(15744K)->15266K(15744K)
[2026-03-25T22:10:21.666+0900][106.877s][info][gc          ] GC(128) Pause Young (Normal) (G1 Evacuation Pause) 212M->169M(256M) 0.728ms
[2026-03-25T22:10:21.666+0900][106.877s][info][gc,cpu      ] GC(128) User=0.01s Sys=0.00s Real=0.00s
[2026-03-25T22:10:22.191+0900][107.403s][info][gc,start    ] GC(129) Pause Young (Normal) (G1 Evacuation Pause)
[2026-03-25T22:10:22.191+0900][107.403s][info][gc,task     ] GC(129) Using 8 workers of 10 for evacuation
[2026-03-25T22:10:22.193+0900][107.404s][info][gc,phases   ] GC(129)   Pre Evacuate Collection Set: 0.1ms
[2026-03-25T22:10:22.193+0900][107.404s][info][gc,phases   ] GC(129)   Merge Heap Roots: 0.0ms
[2026-03-25T22:10:22.193+0900][107.404s][info][gc,phases   ] GC(129)   Evacuate Collection Set: 1.1ms
[2026-03-25T22:10:22.193+0900][107.404s][info][gc,phases   ] GC(129)   Post Evacuate Collection Set: 0.2ms
[2026-03-25T22:10:22.193+0900][107.404s][info][gc,phases   ] GC(129)   Other: 0.1ms
[2026-03-25T22:10:22.193+0900][107.404s][info][gc,heap     ] GC(129) Eden regions: 11->0(11)
[2026-03-25T22:10:22.193+0900][107.404s][info][gc,heap     ] GC(129) Survivor regions: 1->1(2)
[2026-03-25T22:10:22.193+0900][107.404s][info][gc,heap     ] GC(129) Old regions: 18->18
[2026-03-25T22:10:22.193+0900][107.404s][info][gc,heap     ] GC(129) Archive regions: 2->2
[2026-03-25T22:10:22.193+0900][107.404s][info][gc,heap     ] GC(129) Humongous regions: 24->24
[2026-03-25T22:10:22.193+0900][107.404s][info][gc,metaspace] GC(129) Metaspace: 104177K(105152K)->104177K(105152K) NonClass: 88910K(89408K)->88910K(89408K) Class: 15266K(15744K)->15266K(15744K)
[2026-03-25T22:10:22.193+0900][107.404s][info][gc          ] GC(129) Pause Young (Normal) (G1 Evacuation Pause) 213M->169M(256M) 1.529ms
[2026-03-25T22:10:22.193+0900][107.404s][info][gc,cpu      ] GC(129) User=0.01s Sys=0.00s Real=0.00s
[2026-03-25T22:10:22.690+0900][107.902s][info][gc,start    ] GC(130) Pause Young (Normal) (G1 Evacuation Pause)
[2026-03-25T22:10:22.690+0900][107.902s][info][gc,task     ] GC(130) Using 8 workers of 10 for evacuation
[2026-03-25T22:10:22.691+0900][107.903s][info][gc,phases   ] GC(130)   Pre Evacuate Collection Set: 0.0ms
[2026-03-25T22:10:22.691+0900][107.903s][info][gc,phases   ] GC(130)   Merge Heap Roots: 0.0ms
[2026-03-25T22:10:22.691+0900][107.903s][info][gc,phases   ] GC(130)   Evacuate Collection Set: 0.4ms
[2026-03-25T22:10:22.691+0900][107.903s][info][gc,phases   ] GC(130)   Post Evacuate Collection Set: 0.1ms
[2026-03-25T22:10:22.691+0900][107.903s][info][gc,phases   ] GC(130)   Other: 0.1ms
[2026-03-25T22:10:22.691+0900][107.903s][info][gc,heap     ] GC(130) Eden regions: 11->0(11)
[2026-03-25T22:10:22.691+0900][107.903s][info][gc,heap     ] GC(130) Survivor regions: 1->1(2)
[2026-03-25T22:10:22.691+0900][107.903s][info][gc,heap     ] GC(130) Old regions: 18->18
[2026-03-25T22:10:22.691+0900][107.903s][info][gc,heap     ] GC(130) Archive regions: 2->2
[2026-03-25T22:10:22.691+0900][107.903s][info][gc,heap     ] GC(130) Humongous regions: 24->24
[2026-03-25T22:10:22.691+0900][107.903s][info][gc,metaspace] GC(130) Metaspace: 104177K(105152K)->104177K(105152K) NonClass: 88910K(89408K)->88910K(89408K) Class: 15266K(15744K)->15266K(15744K)
[2026-03-25T22:10:22.691+0900][107.903s][info][gc          ] GC(130) Pause Young (Normal) (G1 Evacuation Pause) 213M->169M(256M) 0.715ms
[2026-03-25T22:10:22.691+0900][107.903s][info][gc,cpu      ] GC(130) User=0.00s Sys=0.00s Real=0.00s
[2026-03-25T22:10:23.073+0900][108.285s][info][gc,start    ] GC(131) Pause Young (Normal) (G1 Evacuation Pause)
[2026-03-25T22:10:23.073+0900][108.285s][info][gc,task     ] GC(131) Using 8 workers of 10 for evacuation
[2026-03-25T22:10:23.074+0900][108.286s][info][gc,phases   ] GC(131)   Pre Evacuate Collection Set: 0.1ms
[2026-03-25T22:10:23.074+0900][108.286s][info][gc,phases   ] GC(131)   Merge Heap Roots: 0.1ms
[2026-03-25T22:10:23.074+0900][108.286s][info][gc,phases   ] GC(131)   Evacuate Collection Set: 0.4ms
[2026-03-25T22:10:23.074+0900][108.286s][info][gc,phases   ] GC(131)   Post Evacuate Collection Set: 0.1ms
[2026-03-25T22:10:23.074+0900][108.286s][info][gc,phases   ] GC(131)   Other: 0.1ms
[2026-03-25T22:10:23.074+0900][108.286s][info][gc,heap     ] GC(131) Eden regions: 11->0(11)
[2026-03-25T22:10:23.074+0900][108.286s][info][gc,heap     ] GC(131) Survivor regions: 1->1(2)
[2026-03-25T22:10:23.074+0900][108.286s][info][gc,heap     ] GC(131) Old regions: 18->18
[2026-03-25T22:10:23.074+0900][108.286s][info][gc,heap     ] GC(131) Archive regions: 2->2
[2026-03-25T22:10:23.074+0900][108.286s][info][gc,heap     ] GC(131) Humongous regions: 24->24
[2026-03-25T22:10:23.074+0900][108.286s][info][gc,metaspace] GC(131) Metaspace: 104177K(105152K)->104177K(105152K) NonClass: 88910K(89408K)->88910K(89408K) Class: 15266K(15744K)->15266K(15744K)
[2026-03-25T22:10:23.074+0900][108.286s][info][gc          ] GC(131) Pause Young (Normal) (G1 Evacuation Pause) 213M->169M(256M) 0.763ms
[2026-03-25T22:10:23.074+0900][108.286s][info][gc,cpu      ] GC(131) User=0.00s Sys=0.00s Real=0.00s
[2026-03-25T22:10:23.488+0900][108.700s][info][gc,start    ] GC(132) Pause Young (Normal) (G1 Evacuation Pause)
[2026-03-25T22:10:23.488+0900][108.700s][info][gc,task     ] GC(132) Using 8 workers of 10 for evacuation
[2026-03-25T22:10:23.489+0900][108.701s][info][gc,phases   ] GC(132)   Pre Evacuate Collection Set: 0.1ms
[2026-03-25T22:10:23.489+0900][108.701s][info][gc,phases   ] GC(132)   Merge Heap Roots: 0.1ms
[2026-03-25T22:10:23.489+0900][108.701s][info][gc,phases   ] GC(132)   Evacuate Collection Set: 0.4ms
[2026-03-25T22:10:23.489+0900][108.701s][info][gc,phases   ] GC(132)   Post Evacuate Collection Set: 0.2ms
[2026-03-25T22:10:23.489+0900][108.701s][info][gc,phases   ] GC(132)   Other: 0.1ms
[2026-03-25T22:10:23.489+0900][108.701s][info][gc,heap     ] GC(132) Eden regions: 11->0(11)
[2026-03-25T22:10:23.489+0900][108.701s][info][gc,heap     ] GC(132) Survivor regions: 1->1(2)
[2026-03-25T22:10:23.489+0900][108.701s][info][gc,heap     ] GC(132) Old regions: 18->18
[2026-03-25T22:10:23.489+0900][108.701s][info][gc,heap     ] GC(132) Archive regions: 2->2
[2026-03-25T22:10:23.489+0900][108.701s][info][gc,heap     ] GC(132) Humongous regions: 24->24
[2026-03-25T22:10:23.489+0900][108.701s][info][gc,metaspace] GC(132) Metaspace: 104177K(105152K)->104177K(105152K) NonClass: 88910K(89408K)->88910K(89408K) Class: 15266K(15744K)->15266K(15744K)
[2026-03-25T22:10:23.489+0900][108.701s][info][gc          ] GC(132) Pause Young (Normal) (G1 Evacuation Pause) 213M->169M(256M) 0.906ms
[2026-03-25T22:10:23.489+0900][108.701s][info][gc,cpu      ] GC(132) User=0.00s Sys=0.00s Real=0.00s
[2026-03-25T22:10:23.994+0900][109.206s][info][gc,start    ] GC(133) Pause Young (Normal) (G1 Evacuation Pause)
[2026-03-25T22:10:23.994+0900][109.206s][info][gc,task     ] GC(133) Using 8 workers of 10 for evacuation
[2026-03-25T22:10:23.995+0900][109.207s][info][gc,phases   ] GC(133)   Pre Evacuate Collection Set: 0.0ms
[2026-03-25T22:10:23.995+0900][109.207s][info][gc,phases   ] GC(133)   Merge Heap Roots: 0.0ms
[2026-03-25T22:10:23.995+0900][109.207s][info][gc,phases   ] GC(133)   Evacuate Collection Set: 0.4ms
[2026-03-25T22:10:23.995+0900][109.207s][info][gc,phases   ] GC(133)   Post Evacuate Collection Set: 0.1ms
[2026-03-25T22:10:23.995+0900][109.207s][info][gc,phases   ] GC(133)   Other: 0.1ms
[2026-03-25T22:10:23.995+0900][109.207s][info][gc,heap     ] GC(133) Eden regions: 11->0(11)
[2026-03-25T22:10:23.995+0900][109.207s][info][gc,heap     ] GC(133) Survivor regions: 1->1(2)
[2026-03-25T22:10:23.995+0900][109.207s][info][gc,heap     ] GC(133) Old regions: 18->18
[2026-03-25T22:10:23.995+0900][109.207s][info][gc,heap     ] GC(133) Archive regions: 2->2
[2026-03-25T22:10:23.995+0900][109.207s][info][gc,heap     ] GC(133) Humongous regions: 24->24
[2026-03-25T22:10:23.995+0900][109.207s][info][gc,metaspace] GC(133) Metaspace: 104179K(105152K)->104179K(105152K) NonClass: 88913K(89408K)->88913K(89408K) Class: 15266K(15744K)->15266K(15744K)
[2026-03-25T22:10:23.995+0900][109.207s][info][gc          ] GC(133) Pause Young (Normal) (G1 Evacuation Pause) 213M->169M(256M) 0.697ms
[2026-03-25T22:10:23.995+0900][109.207s][info][gc,cpu      ] GC(133) User=0.00s Sys=0.00s Real=0.00s
[2026-03-25T22:10:24.260+0900][109.472s][info][gc,start    ] GC(134) Pause Young (Normal) (G1 Evacuation Pause)
[2026-03-25T22:10:24.260+0900][109.472s][info][gc,task     ] GC(134) Using 8 workers of 10 for evacuation
[2026-03-25T22:10:24.261+0900][109.472s][info][gc,phases   ] GC(134)   Pre Evacuate Collection Set: 0.0ms
[2026-03-25T22:10:24.261+0900][109.472s][info][gc,phases   ] GC(134)   Merge Heap Roots: 0.1ms
[2026-03-25T22:10:24.261+0900][109.472s][info][gc,phases   ] GC(134)   Evacuate Collection Set: 0.3ms
[2026-03-25T22:10:24.261+0900][109.472s][info][gc,phases   ] GC(134)   Post Evacuate Collection Set: 0.2ms
[2026-03-25T22:10:24.261+0900][109.472s][info][gc,phases   ] GC(134)   Other: 0.1ms
[2026-03-25T22:10:24.261+0900][109.472s][info][gc,heap     ] GC(134) Eden regions: 11->0(11)
[2026-03-25T22:10:24.261+0900][109.472s][info][gc,heap     ] GC(134) Survivor regions: 1->1(2)
[2026-03-25T22:10:24.261+0900][109.472s][info][gc,heap     ] GC(134) Old regions: 18->18
[2026-03-25T22:10:24.261+0900][109.472s][info][gc,heap     ] GC(134) Archive regions: 2->2
[2026-03-25T22:10:24.261+0900][109.472s][info][gc,heap     ] GC(134) Humongous regions: 24->24
[2026-03-25T22:10:24.261+0900][109.472s][info][gc,metaspace] GC(134) Metaspace: 104179K(105152K)->104179K(105152K) NonClass: 88913K(89408K)->88913K(89408K) Class: 15266K(15744K)->15266K(15744K)
[2026-03-25T22:10:24.261+0900][109.472s][info][gc          ] GC(134) Pause Young (Normal) (G1 Evacuation Pause) 213M->169M(256M) 0.722ms
[2026-03-25T22:10:24.261+0900][109.472s][info][gc,cpu      ] GC(134) User=0.01s Sys=0.00s Real=0.00s
[2026-03-25T22:10:24.726+0900][109.938s][info][gc,start    ] GC(135) Pause Young (Normal) (G1 Evacuation Pause)
[2026-03-25T22:10:24.726+0900][109.938s][info][gc,task     ] GC(135) Using 8 workers of 10 for evacuation
[2026-03-25T22:10:24.727+0900][109.939s][info][gc,phases   ] GC(135)   Pre Evacuate Collection Set: 0.0ms
[2026-03-25T22:10:24.727+0900][109.939s][info][gc,phases   ] GC(135)   Merge Heap Roots: 0.0ms
[2026-03-25T22:10:24.727+0900][109.939s][info][gc,phases   ] GC(135)   Evacuate Collection Set: 0.4ms
[2026-03-25T22:10:24.727+0900][109.939s][info][gc,phases   ] GC(135)   Post Evacuate Collection Set: 0.1ms
[2026-03-25T22:10:24.727+0900][109.939s][info][gc,phases   ] GC(135)   Other: 0.1ms
[2026-03-25T22:10:24.727+0900][109.939s][info][gc,heap     ] GC(135) Eden regions: 11->0(11)
[2026-03-25T22:10:24.727+0900][109.939s][info][gc,heap     ] GC(135) Survivor regions: 1->1(2)
[2026-03-25T22:10:24.727+0900][109.939s][info][gc,heap     ] GC(135) Old regions: 18->18
[2026-03-25T22:10:24.727+0900][109.939s][info][gc,heap     ] GC(135) Archive regions: 2->2
[2026-03-25T22:10:24.727+0900][109.939s][info][gc,heap     ] GC(135) Humongous regions: 24->24
[2026-03-25T22:10:24.727+0900][109.939s][info][gc,metaspace] GC(135) Metaspace: 104179K(105152K)->104179K(105152K) NonClass: 88913K(89408K)->88913K(89408K) Class: 15266K(15744K)->15266K(15744K)
[2026-03-25T22:10:24.727+0900][109.939s][info][gc          ] GC(135) Pause Young (Normal) (G1 Evacuation Pause) 213M->169M(256M) 0.778ms
[2026-03-25T22:10:24.727+0900][109.939s][info][gc,cpu      ] GC(135) User=0.00s Sys=0.00s Real=0.00s
[2026-03-25T22:10:25.118+0900][110.329s][info][gc,start    ] GC(136) Pause Young (Normal) (G1 Evacuation Pause)
[2026-03-25T22:10:25.118+0900][110.329s][info][gc,task     ] GC(136) Using 8 workers of 10 for evacuation
[2026-03-25T22:10:25.118+0900][110.330s][info][gc,phases   ] GC(136)   Pre Evacuate Collection Set: 0.0ms
[2026-03-25T22:10:25.118+0900][110.330s][info][gc,phases   ] GC(136)   Merge Heap Roots: 0.0ms
[2026-03-25T22:10:25.118+0900][110.330s][info][gc,phases   ] GC(136)   Evacuate Collection Set: 0.5ms
[2026-03-25T22:10:25.118+0900][110.330s][info][gc,phases   ] GC(136)   Post Evacuate Collection Set: 0.1ms
[2026-03-25T22:10:25.118+0900][110.330s][info][gc,phases   ] GC(136)   Other: 0.1ms
[2026-03-25T22:10:25.118+0900][110.330s][info][gc,heap     ] GC(136) Eden regions: 11->0(11)
[2026-03-25T22:10:25.118+0900][110.330s][info][gc,heap     ] GC(136) Survivor regions: 1->1(2)
[2026-03-25T22:10:25.118+0900][110.330s][info][gc,heap     ] GC(136) Old regions: 18->18
[2026-03-25T22:10:25.118+0900][110.330s][info][gc,heap     ] GC(136) Archive regions: 2->2
[2026-03-25T22:10:25.118+0900][110.330s][info][gc,heap     ] GC(136) Humongous regions: 24->24
[2026-03-25T22:10:25.118+0900][110.330s][info][gc,metaspace] GC(136) Metaspace: 104179K(105152K)->104179K(105152K) NonClass: 88913K(89408K)->88913K(89408K) Class: 15266K(15744K)->15266K(15744K)
[2026-03-25T22:10:25.118+0900][110.330s][info][gc          ] GC(136) Pause Young (Normal) (G1 Evacuation Pause) 213M->169M(256M) 0.820ms
[2026-03-25T22:10:25.118+0900][110.330s][info][gc,cpu      ] GC(136) User=0.00s Sys=0.00s Real=0.00s
[2026-03-25T22:10:25.494+0900][110.705s][info][gc,start    ] GC(137) Pause Young (Normal) (G1 Evacuation Pause)
[2026-03-25T22:10:25.494+0900][110.705s][info][gc,task     ] GC(137) Using 8 workers of 10 for evacuation
[2026-03-25T22:10:25.494+0900][110.706s][info][gc,phases   ] GC(137)   Pre Evacuate Collection Set: 0.0ms
[2026-03-25T22:10:25.494+0900][110.706s][info][gc,phases   ] GC(137)   Merge Heap Roots: 0.0ms
[2026-03-25T22:10:25.494+0900][110.706s][info][gc,phases   ] GC(137)   Evacuate Collection Set: 0.3ms
[2026-03-25T22:10:25.494+0900][110.706s][info][gc,phases   ] GC(137)   Post Evacuate Collection Set: 0.2ms
[2026-03-25T22:10:25.494+0900][110.706s][info][gc,phases   ] GC(137)   Other: 0.1ms
[2026-03-25T22:10:25.494+0900][110.706s][info][gc,heap     ] GC(137) Eden regions: 11->0(11)
[2026-03-25T22:10:25.494+0900][110.706s][info][gc,heap     ] GC(137) Survivor regions: 1->1(2)
[2026-03-25T22:10:25.494+0900][110.706s][info][gc,heap     ] GC(137) Old regions: 18->18
[2026-03-25T22:10:25.494+0900][110.706s][info][gc,heap     ] GC(137) Archive regions: 2->2
[2026-03-25T22:10:25.494+0900][110.706s][info][gc,heap     ] GC(137) Humongous regions: 24->24
[2026-03-25T22:10:25.494+0900][110.706s][info][gc,metaspace] GC(137) Metaspace: 104179K(105152K)->104179K(105152K) NonClass: 88913K(89408K)->88913K(89408K) Class: 15266K(15744K)->15266K(15744K)
[2026-03-25T22:10:25.494+0900][110.706s][info][gc          ] GC(137) Pause Young (Normal) (G1 Evacuation Pause) 213M->169M(256M) 0.708ms
[2026-03-25T22:10:25.494+0900][110.706s][info][gc,cpu      ] GC(137) User=0.00s Sys=0.00s Real=0.00s
[2026-03-25T22:10:25.799+0900][111.011s][info][gc,start    ] GC(138) Pause Young (Normal) (G1 Evacuation Pause)
[2026-03-25T22:10:25.799+0900][111.011s][info][gc,task     ] GC(138) Using 8 workers of 10 for evacuation
[2026-03-25T22:10:25.800+0900][111.012s][info][gc,phases   ] GC(138)   Pre Evacuate Collection Set: 0.0ms
[2026-03-25T22:10:25.800+0900][111.012s][info][gc,phases   ] GC(138)   Merge Heap Roots: 0.0ms
[2026-03-25T22:10:25.800+0900][111.012s][info][gc,phases   ] GC(138)   Evacuate Collection Set: 0.4ms
[2026-03-25T22:10:25.800+0900][111.012s][info][gc,phases   ] GC(138)   Post Evacuate Collection Set: 0.1ms
[2026-03-25T22:10:25.800+0900][111.012s][info][gc,phases   ] GC(138)   Other: 0.1ms
[2026-03-25T22:10:25.800+0900][111.012s][info][gc,heap     ] GC(138) Eden regions: 11->0(11)
[2026-03-25T22:10:25.800+0900][111.012s][info][gc,heap     ] GC(138) Survivor regions: 1->1(2)
[2026-03-25T22:10:25.800+0900][111.012s][info][gc,heap     ] GC(138) Old regions: 18->18
[2026-03-25T22:10:25.800+0900][111.012s][info][gc,heap     ] GC(138) Archive regions: 2->2
[2026-03-25T22:10:25.800+0900][111.012s][info][gc,heap     ] GC(138) Humongous regions: 24->24
[2026-03-25T22:10:25.800+0900][111.012s][info][gc,metaspace] GC(138) Metaspace: 104179K(105152K)->104179K(105152K) NonClass: 88913K(89408K)->88913K(89408K) Class: 15266K(15744K)->15266K(15744K)
[2026-03-25T22:10:25.800+0900][111.012s][info][gc          ] GC(138) Pause Young (Normal) (G1 Evacuation Pause) 213M->169M(256M) 0.737ms
[2026-03-25T22:10:25.800+0900][111.012s][info][gc,cpu      ] GC(138) User=0.01s Sys=0.00s Real=0.01s
[2026-03-25T22:10:26.244+0900][111.456s][info][gc,start    ] GC(139) Pause Young (Normal) (G1 Evacuation Pause)
[2026-03-25T22:10:26.244+0900][111.456s][info][gc,task     ] GC(139) Using 8 workers of 10 for evacuation
[2026-03-25T22:10:26.245+0900][111.456s][info][gc,phases   ] GC(139)   Pre Evacuate Collection Set: 0.0ms
[2026-03-25T22:10:26.245+0900][111.456s][info][gc,phases   ] GC(139)   Merge Heap Roots: 0.0ms
[2026-03-25T22:10:26.245+0900][111.456s][info][gc,phases   ] GC(139)   Evacuate Collection Set: 0.4ms
[2026-03-25T22:10:26.245+0900][111.456s][info][gc,phases   ] GC(139)   Post Evacuate Collection Set: 0.2ms
[2026-03-25T22:10:26.245+0900][111.456s][info][gc,phases   ] GC(139)   Other: 0.1ms
[2026-03-25T22:10:26.245+0900][111.456s][info][gc,heap     ] GC(139) Eden regions: 11->0(11)
[2026-03-25T22:10:26.245+0900][111.456s][info][gc,heap     ] GC(139) Survivor regions: 1->1(2)
[2026-03-25T22:10:26.245+0900][111.456s][info][gc,heap     ] GC(139) Old regions: 18->18
[2026-03-25T22:10:26.245+0900][111.456s][info][gc,heap     ] GC(139) Archive regions: 2->2
[2026-03-25T22:10:26.245+0900][111.456s][info][gc,heap     ] GC(139) Humongous regions: 24->24
[2026-03-25T22:10:26.245+0900][111.456s][info][gc,metaspace] GC(139) Metaspace: 104179K(105152K)->104179K(105152K) NonClass: 88913K(89408K)->88913K(89408K) Class: 15266K(15744K)->15266K(15744K)
[2026-03-25T22:10:26.245+0900][111.456s][info][gc          ] GC(139) Pause Young (Normal) (G1 Evacuation Pause) 213M->169M(256M) 0.724ms
[2026-03-25T22:10:26.245+0900][111.456s][info][gc,cpu      ] GC(139) User=0.00s Sys=0.00s Real=0.00s
[2026-03-25T22:10:26.605+0900][111.817s][info][gc,start    ] GC(140) Pause Young (Normal) (G1 Evacuation Pause)
[2026-03-25T22:10:26.605+0900][111.817s][info][gc,task     ] GC(140) Using 8 workers of 10 for evacuation
[2026-03-25T22:10:26.606+0900][111.817s][info][gc,phases   ] GC(140)   Pre Evacuate Collection Set: 0.0ms
[2026-03-25T22:10:26.606+0900][111.817s][info][gc,phases   ] GC(140)   Merge Heap Roots: 0.0ms
[2026-03-25T22:10:26.606+0900][111.817s][info][gc,phases   ] GC(140)   Evacuate Collection Set: 0.4ms
[2026-03-25T22:10:26.606+0900][111.817s][info][gc,phases   ] GC(140)   Post Evacuate Collection Set: 0.1ms
[2026-03-25T22:10:26.606+0900][111.817s][info][gc,phases   ] GC(140)   Other: 0.1ms
[2026-03-25T22:10:26.606+0900][111.817s][info][gc,heap     ] GC(140) Eden regions: 11->0(11)
[2026-03-25T22:10:26.606+0900][111.817s][info][gc,heap     ] GC(140) Survivor regions: 1->1(2)
[2026-03-25T22:10:26.606+0900][111.817s][info][gc,heap     ] GC(140) Old regions: 18->18
[2026-03-25T22:10:26.606+0900][111.817s][info][gc,heap     ] GC(140) Archive regions: 2->2
[2026-03-25T22:10:26.606+0900][111.817s][info][gc,heap     ] GC(140) Humongous regions: 24->24
[2026-03-25T22:10:26.606+0900][111.817s][info][gc,metaspace] GC(140) Metaspace: 104179K(105152K)->104179K(105152K) NonClass: 88913K(89408K)->88913K(89408K) Class: 15266K(15744K)->15266K(15744K)
[2026-03-25T22:10:26.606+0900][111.817s][info][gc          ] GC(140) Pause Young (Normal) (G1 Evacuation Pause) 213M->169M(256M) 0.714ms
[2026-03-25T22:10:26.606+0900][111.817s][info][gc,cpu      ] GC(140) User=0.00s Sys=0.00s Real=0.00s
[2026-03-25T22:10:27.026+0900][112.237s][info][gc,start    ] GC(141) Pause Young (Normal) (G1 Evacuation Pause)
[2026-03-25T22:10:27.026+0900][112.237s][info][gc,task     ] GC(141) Using 8 workers of 10 for evacuation
[2026-03-25T22:10:27.026+0900][112.238s][info][gc,phases   ] GC(141)   Pre Evacuate Collection Set: 0.1ms
[2026-03-25T22:10:27.026+0900][112.238s][info][gc,phases   ] GC(141)   Merge Heap Roots: 0.0ms
[2026-03-25T22:10:27.026+0900][112.238s][info][gc,phases   ] GC(141)   Evacuate Collection Set: 0.4ms
[2026-03-25T22:10:27.026+0900][112.238s][info][gc,phases   ] GC(141)   Post Evacuate Collection Set: 0.2ms
[2026-03-25T22:10:27.026+0900][112.238s][info][gc,phases   ] GC(141)   Other: 0.1ms
[2026-03-25T22:10:27.026+0900][112.238s][info][gc,heap     ] GC(141) Eden regions: 11->0(11)
[2026-03-25T22:10:27.026+0900][112.238s][info][gc,heap     ] GC(141) Survivor regions: 1->1(2)
[2026-03-25T22:10:27.026+0900][112.238s][info][gc,heap     ] GC(141) Old regions: 18->18
[2026-03-25T22:10:27.026+0900][112.238s][info][gc,heap     ] GC(141) Archive regions: 2->2
[2026-03-25T22:10:27.026+0900][112.238s][info][gc,heap     ] GC(141) Humongous regions: 24->24
[2026-03-25T22:10:27.026+0900][112.238s][info][gc,metaspace] GC(141) Metaspace: 104194K(105216K)->104194K(105216K) NonClass: 88925K(89472K)->88925K(89472K) Class: 15268K(15744K)->15268K(15744K)
[2026-03-25T22:10:27.026+0900][112.238s][info][gc          ] GC(141) Pause Young (Normal) (G1 Evacuation Pause) 213M->169M(256M) 0.777ms
[2026-03-25T22:10:27.026+0900][112.238s][info][gc,cpu      ] GC(141) User=0.00s Sys=0.00s Real=0.00s
[2026-03-25T22:10:27.368+0900][112.580s][info][gc,start    ] GC(142) Pause Young (Normal) (G1 Evacuation Pause)
[2026-03-25T22:10:27.369+0900][112.580s][info][gc,task     ] GC(142) Using 8 workers of 10 for evacuation
[2026-03-25T22:10:27.369+0900][112.581s][info][gc,phases   ] GC(142)   Pre Evacuate Collection Set: 0.0ms
[2026-03-25T22:10:27.369+0900][112.581s][info][gc,phases   ] GC(142)   Merge Heap Roots: 0.0ms
[2026-03-25T22:10:27.369+0900][112.581s][info][gc,phases   ] GC(142)   Evacuate Collection Set: 0.4ms
[2026-03-25T22:10:27.369+0900][112.581s][info][gc,phases   ] GC(142)   Post Evacuate Collection Set: 0.1ms
[2026-03-25T22:10:27.369+0900][112.581s][info][gc,phases   ] GC(142)   Other: 0.1ms
[2026-03-25T22:10:27.369+0900][112.581s][info][gc,heap     ] GC(142) Eden regions: 11->0(11)
[2026-03-25T22:10:27.369+0900][112.581s][info][gc,heap     ] GC(142) Survivor regions: 1->1(2)
[2026-03-25T22:10:27.369+0900][112.581s][info][gc,heap     ] GC(142) Old regions: 18->18
[2026-03-25T22:10:27.369+0900][112.581s][info][gc,heap     ] GC(142) Archive regions: 2->2
[2026-03-25T22:10:27.369+0900][112.581s][info][gc,heap     ] GC(142) Humongous regions: 24->24
[2026-03-25T22:10:27.369+0900][112.581s][info][gc,metaspace] GC(142) Metaspace: 104194K(105216K)->104194K(105216K) NonClass: 88925K(89472K)->88925K(89472K) Class: 15268K(15744K)->15268K(15744K)
[2026-03-25T22:10:27.369+0900][112.581s][info][gc          ] GC(142) Pause Young (Normal) (G1 Evacuation Pause) 213M->169M(256M) 0.747ms
[2026-03-25T22:10:27.369+0900][112.581s][info][gc,cpu      ] GC(142) User=0.01s Sys=0.00s Real=0.00s
[2026-03-25T22:10:27.756+0900][112.968s][info][gc,start    ] GC(143) Pause Young (Normal) (G1 Evacuation Pause)
[2026-03-25T22:10:27.757+0900][112.968s][info][gc,task     ] GC(143) Using 8 workers of 10 for evacuation
[2026-03-25T22:10:27.757+0900][112.969s][info][gc,phases   ] GC(143)   Pre Evacuate Collection Set: 0.0ms
[2026-03-25T22:10:27.757+0900][112.969s][info][gc,phases   ] GC(143)   Merge Heap Roots: 0.0ms
[2026-03-25T22:10:27.757+0900][112.969s][info][gc,phases   ] GC(143)   Evacuate Collection Set: 0.4ms
[2026-03-25T22:10:27.757+0900][112.969s][info][gc,phases   ] GC(143)   Post Evacuate Collection Set: 0.2ms
[2026-03-25T22:10:27.757+0900][112.969s][info][gc,phases   ] GC(143)   Other: 0.1ms
[2026-03-25T22:10:27.757+0900][112.969s][info][gc,heap     ] GC(143) Eden regions: 11->0(11)
[2026-03-25T22:10:27.757+0900][112.969s][info][gc,heap     ] GC(143) Survivor regions: 1->1(2)
[2026-03-25T22:10:27.757+0900][112.969s][info][gc,heap     ] GC(143) Old regions: 18->18
[2026-03-25T22:10:27.757+0900][112.969s][info][gc,heap     ] GC(143) Archive regions: 2->2
[2026-03-25T22:10:27.757+0900][112.969s][info][gc,heap     ] GC(143) Humongous regions: 24->24
[2026-03-25T22:10:27.757+0900][112.969s][info][gc,metaspace] GC(143) Metaspace: 104194K(105216K)->104194K(105216K) NonClass: 88925K(89472K)->88925K(89472K) Class: 15268K(15744K)->15268K(15744K)
[2026-03-25T22:10:27.757+0900][112.969s][info][gc          ] GC(143) Pause Young (Normal) (G1 Evacuation Pause) 213M->169M(256M) 0.800ms
[2026-03-25T22:10:27.757+0900][112.969s][info][gc,cpu      ] GC(143) User=0.01s Sys=0.00s Real=0.00s
[2026-03-25T22:10:28.248+0900][113.460s][info][gc,start    ] GC(144) Pause Young (Normal) (G1 Evacuation Pause)
[2026-03-25T22:10:28.248+0900][113.460s][info][gc,task     ] GC(144) Using 8 workers of 10 for evacuation
[2026-03-25T22:10:28.249+0900][113.461s][info][gc,phases   ] GC(144)   Pre Evacuate Collection Set: 0.0ms
[2026-03-25T22:10:28.249+0900][113.461s][info][gc,phases   ] GC(144)   Merge Heap Roots: 0.0ms
[2026-03-25T22:10:28.249+0900][113.461s][info][gc,phases   ] GC(144)   Evacuate Collection Set: 0.4ms
[2026-03-25T22:10:28.249+0900][113.461s][info][gc,phases   ] GC(144)   Post Evacuate Collection Set: 0.1ms
[2026-03-25T22:10:28.249+0900][113.461s][info][gc,phases   ] GC(144)   Other: 0.1ms
[2026-03-25T22:10:28.249+0900][113.461s][info][gc,heap     ] GC(144) Eden regions: 11->0(11)
[2026-03-25T22:10:28.249+0900][113.461s][info][gc,heap     ] GC(144) Survivor regions: 1->1(2)
[2026-03-25T22:10:28.249+0900][113.461s][info][gc,heap     ] GC(144) Old regions: 18->18
[2026-03-25T22:10:28.249+0900][113.461s][info][gc,heap     ] GC(144) Archive regions: 2->2
[2026-03-25T22:10:28.249+0900][113.461s][info][gc,heap     ] GC(144) Humongous regions: 24->24
[2026-03-25T22:10:28.249+0900][113.461s][info][gc,metaspace] GC(144) Metaspace: 104194K(105216K)->104194K(105216K) NonClass: 88925K(89472K)->88925K(89472K) Class: 15268K(15744K)->15268K(15744K)
[2026-03-25T22:10:28.249+0900][113.461s][info][gc          ] GC(144) Pause Young (Normal) (G1 Evacuation Pause) 213M->169M(256M) 0.732ms
[2026-03-25T22:10:28.249+0900][113.461s][info][gc,cpu      ] GC(144) User=0.01s Sys=0.00s Real=0.00s
[2026-03-25T22:10:28.742+0900][113.953s][info][gc,start    ] GC(145) Pause Young (Normal) (G1 Evacuation Pause)
[2026-03-25T22:10:28.742+0900][113.953s][info][gc,task     ] GC(145) Using 8 workers of 10 for evacuation
[2026-03-25T22:10:28.742+0900][113.954s][info][gc,phases   ] GC(145)   Pre Evacuate Collection Set: 0.0ms
[2026-03-25T22:10:28.742+0900][113.954s][info][gc,phases   ] GC(145)   Merge Heap Roots: 0.0ms
[2026-03-25T22:10:28.742+0900][113.954s][info][gc,phases   ] GC(145)   Evacuate Collection Set: 0.4ms
[2026-03-25T22:10:28.742+0900][113.954s][info][gc,phases   ] GC(145)   Post Evacuate Collection Set: 0.1ms
[2026-03-25T22:10:28.742+0900][113.954s][info][gc,phases   ] GC(145)   Other: 0.2ms
[2026-03-25T22:10:28.742+0900][113.954s][info][gc,heap     ] GC(145) Eden regions: 11->0(11)
[2026-03-25T22:10:28.742+0900][113.954s][info][gc,heap     ] GC(145) Survivor regions: 1->1(2)
[2026-03-25T22:10:28.742+0900][113.954s][info][gc,heap     ] GC(145) Old regions: 18->18
[2026-03-25T22:10:28.742+0900][113.954s][info][gc,heap     ] GC(145) Archive regions: 2->2
[2026-03-25T22:10:28.742+0900][113.954s][info][gc,heap     ] GC(145) Humongous regions: 24->24
[2026-03-25T22:10:28.742+0900][113.954s][info][gc,metaspace] GC(145) Metaspace: 104194K(105216K)->104194K(105216K) NonClass: 88925K(89472K)->88925K(89472K) Class: 15268K(15744K)->15268K(15744K)
[2026-03-25T22:10:28.742+0900][113.954s][info][gc          ] GC(145) Pause Young (Normal) (G1 Evacuation Pause) 213M->169M(256M) 0.801ms
[2026-03-25T22:10:28.742+0900][113.954s][info][gc,cpu      ] GC(145) User=0.00s Sys=0.00s Real=0.00s
[2026-03-25T22:10:29.005+0900][114.217s][info][gc,start    ] GC(146) Pause Young (Normal) (G1 Evacuation Pause)
[2026-03-25T22:10:29.005+0900][114.217s][info][gc,task     ] GC(146) Using 8 workers of 10 for evacuation
[2026-03-25T22:10:29.006+0900][114.218s][info][gc,phases   ] GC(146)   Pre Evacuate Collection Set: 0.1ms
[2026-03-25T22:10:29.006+0900][114.218s][info][gc,phases   ] GC(146)   Merge Heap Roots: 0.1ms
[2026-03-25T22:10:29.006+0900][114.218s][info][gc,phases   ] GC(146)   Evacuate Collection Set: 0.4ms
[2026-03-25T22:10:29.006+0900][114.218s][info][gc,phases   ] GC(146)   Post Evacuate Collection Set: 0.2ms
[2026-03-25T22:10:29.006+0900][114.218s][info][gc,phases   ] GC(146)   Other: 0.1ms
[2026-03-25T22:10:29.006+0900][114.218s][info][gc,heap     ] GC(146) Eden regions: 11->0(11)
[2026-03-25T22:10:29.006+0900][114.218s][info][gc,heap     ] GC(146) Survivor regions: 1->1(2)
[2026-03-25T22:10:29.006+0900][114.218s][info][gc,heap     ] GC(146) Old regions: 18->18
[2026-03-25T22:10:29.006+0900][114.218s][info][gc,heap     ] GC(146) Archive regions: 2->2
[2026-03-25T22:10:29.006+0900][114.218s][info][gc,heap     ] GC(146) Humongous regions: 24->24
[2026-03-25T22:10:29.006+0900][114.218s][info][gc,metaspace] GC(146) Metaspace: 104194K(105216K)->104194K(105216K) NonClass: 88925K(89472K)->88925K(89472K) Class: 15268K(15744K)->15268K(15744K)
[2026-03-25T22:10:29.006+0900][114.218s][info][gc          ] GC(146) Pause Young (Normal) (G1 Evacuation Pause) 213M->169M(256M) 0.794ms
[2026-03-25T22:10:29.006+0900][114.218s][info][gc,cpu      ] GC(146) User=0.01s Sys=0.01s Real=0.00s
[2026-03-25T22:10:29.384+0900][114.595s][info][gc,start    ] GC(147) Pause Young (Normal) (G1 Evacuation Pause)
[2026-03-25T22:10:29.384+0900][114.595s][info][gc,task     ] GC(147) Using 8 workers of 10 for evacuation
[2026-03-25T22:10:29.384+0900][114.596s][info][gc,phases   ] GC(147)   Pre Evacuate Collection Set: 0.0ms
[2026-03-25T22:10:29.384+0900][114.596s][info][gc,phases   ] GC(147)   Merge Heap Roots: 0.0ms
[2026-03-25T22:10:29.384+0900][114.596s][info][gc,phases   ] GC(147)   Evacuate Collection Set: 0.4ms
[2026-03-25T22:10:29.384+0900][114.596s][info][gc,phases   ] GC(147)   Post Evacuate Collection Set: 0.1ms
[2026-03-25T22:10:29.384+0900][114.596s][info][gc,phases   ] GC(147)   Other: 0.1ms
[2026-03-25T22:10:29.384+0900][114.596s][info][gc,heap     ] GC(147) Eden regions: 11->0(11)
[2026-03-25T22:10:29.384+0900][114.596s][info][gc,heap     ] GC(147) Survivor regions: 1->1(2)
[2026-03-25T22:10:29.384+0900][114.596s][info][gc,heap     ] GC(147) Old regions: 18->18
[2026-03-25T22:10:29.384+0900][114.596s][info][gc,heap     ] GC(147) Archive regions: 2->2
[2026-03-25T22:10:29.384+0900][114.596s][info][gc,heap     ] GC(147) Humongous regions: 24->24
[2026-03-25T22:10:29.384+0900][114.596s][info][gc,metaspace] GC(147) Metaspace: 104194K(105216K)->104194K(105216K) NonClass: 88925K(89472K)->88925K(89472K) Class: 15268K(15744K)->15268K(15744K)
[2026-03-25T22:10:29.384+0900][114.596s][info][gc          ] GC(147) Pause Young (Normal) (G1 Evacuation Pause) 213M->169M(256M) 0.679ms
[2026-03-25T22:10:29.384+0900][114.596s][info][gc,cpu      ] GC(147) User=0.01s Sys=0.00s Real=0.00s
[2026-03-25T22:10:29.875+0900][115.086s][info][gc,start    ] GC(148) Pause Young (Normal) (G1 Evacuation Pause)
[2026-03-25T22:10:29.875+0900][115.086s][info][gc,task     ] GC(148) Using 8 workers of 10 for evacuation
[2026-03-25T22:10:29.875+0900][115.087s][info][gc,phases   ] GC(148)   Pre Evacuate Collection Set: 0.0ms
[2026-03-25T22:10:29.875+0900][115.087s][info][gc,phases   ] GC(148)   Merge Heap Roots: 0.0ms
[2026-03-25T22:10:29.875+0900][115.087s][info][gc,phases   ] GC(148)   Evacuate Collection Set: 0.4ms
[2026-03-25T22:10:29.875+0900][115.087s][info][gc,phases   ] GC(148)   Post Evacuate Collection Set: 0.1ms
[2026-03-25T22:10:29.875+0900][115.087s][info][gc,phases   ] GC(148)   Other: 0.1ms
[2026-03-25T22:10:29.875+0900][115.087s][info][gc,heap     ] GC(148) Eden regions: 11->0(11)
[2026-03-25T22:10:29.875+0900][115.087s][info][gc,heap     ] GC(148) Survivor regions: 1->1(2)
[2026-03-25T22:10:29.875+0900][115.087s][info][gc,heap     ] GC(148) Old regions: 18->18
[2026-03-25T22:10:29.875+0900][115.087s][info][gc,heap     ] GC(148) Archive regions: 2->2
[2026-03-25T22:10:29.875+0900][115.087s][info][gc,heap     ] GC(148) Humongous regions: 24->24
[2026-03-25T22:10:29.875+0900][115.087s][info][gc,metaspace] GC(148) Metaspace: 104194K(105216K)->104194K(105216K) NonClass: 88925K(89472K)->88925K(89472K) Class: 15268K(15744K)->15268K(15744K)
[2026-03-25T22:10:29.875+0900][115.087s][info][gc          ] GC(148) Pause Young (Normal) (G1 Evacuation Pause) 213M->169M(256M) 0.692ms
[2026-03-25T22:10:29.875+0900][115.087s][info][gc,cpu      ] GC(148) User=0.00s Sys=0.00s Real=0.00s
[2026-03-25T22:10:30.225+0900][115.437s][info][gc,start    ] GC(149) Pause Young (Normal) (G1 Evacuation Pause)
[2026-03-25T22:10:30.225+0900][115.437s][info][gc,task     ] GC(149) Using 8 workers of 10 for evacuation
[2026-03-25T22:10:30.226+0900][115.437s][info][gc,phases   ] GC(149)   Pre Evacuate Collection Set: 0.1ms
[2026-03-25T22:10:30.226+0900][115.437s][info][gc,phases   ] GC(149)   Merge Heap Roots: 0.0ms
[2026-03-25T22:10:30.226+0900][115.437s][info][gc,phases   ] GC(149)   Evacuate Collection Set: 0.3ms
[2026-03-25T22:10:30.226+0900][115.437s][info][gc,phases   ] GC(149)   Post Evacuate Collection Set: 0.1ms
[2026-03-25T22:10:30.226+0900][115.437s][info][gc,phases   ] GC(149)   Other: 0.1ms
[2026-03-25T22:10:30.226+0900][115.437s][info][gc,heap     ] GC(149) Eden regions: 11->0(11)
[2026-03-25T22:10:30.226+0900][115.437s][info][gc,heap     ] GC(149) Survivor regions: 1->1(2)
[2026-03-25T22:10:30.226+0900][115.437s][info][gc,heap     ] GC(149) Old regions: 18->18
[2026-03-25T22:10:30.226+0900][115.437s][info][gc,heap     ] GC(149) Archive regions: 2->2
[2026-03-25T22:10:30.226+0900][115.437s][info][gc,heap     ] GC(149) Humongous regions: 24->24
[2026-03-25T22:10:30.226+0900][115.437s][info][gc,metaspace] GC(149) Metaspace: 104194K(105216K)->104194K(105216K) NonClass: 88925K(89472K)->88925K(89472K) Class: 15268K(15744K)->15268K(15744K)
[2026-03-25T22:10:30.226+0900][115.437s][info][gc          ] GC(149) Pause Young (Normal) (G1 Evacuation Pause) 213M->169M(256M) 0.738ms
[2026-03-25T22:10:30.226+0900][115.437s][info][gc,cpu      ] GC(149) User=0.00s Sys=0.00s Real=0.00s
[2026-03-25T22:10:30.489+0900][115.701s][info][gc,start    ] GC(150) Pause Young (Normal) (G1 Evacuation Pause)
[2026-03-25T22:10:30.489+0900][115.701s][info][gc,task     ] GC(150) Using 8 workers of 10 for evacuation
[2026-03-25T22:10:30.490+0900][115.701s][info][gc,phases   ] GC(150)   Pre Evacuate Collection Set: 0.0ms
[2026-03-25T22:10:30.490+0900][115.701s][info][gc,phases   ] GC(150)   Merge Heap Roots: 0.0ms
[2026-03-25T22:10:30.490+0900][115.701s][info][gc,phases   ] GC(150)   Evacuate Collection Set: 0.4ms
[2026-03-25T22:10:30.490+0900][115.701s][info][gc,phases   ] GC(150)   Post Evacuate Collection Set: 0.2ms
[2026-03-25T22:10:30.490+0900][115.701s][info][gc,phases   ] GC(150)   Other: 0.1ms
[2026-03-25T22:10:30.490+0900][115.701s][info][gc,heap     ] GC(150) Eden regions: 11->0(11)
[2026-03-25T22:10:30.490+0900][115.701s][info][gc,heap     ] GC(150) Survivor regions: 1->1(2)
[2026-03-25T22:10:30.490+0900][115.701s][info][gc,heap     ] GC(150) Old regions: 18->18
[2026-03-25T22:10:30.490+0900][115.701s][info][gc,heap     ] GC(150) Archive regions: 2->2
[2026-03-25T22:10:30.490+0900][115.702s][info][gc,heap     ] GC(150) Humongous regions: 24->24
[2026-03-25T22:10:30.490+0900][115.702s][info][gc,metaspace] GC(150) Metaspace: 104194K(105216K)->104194K(105216K) NonClass: 88925K(89472K)->88925K(89472K) Class: 15268K(15744K)->15268K(15744K)
[2026-03-25T22:10:30.490+0900][115.702s][info][gc          ] GC(150) Pause Young (Normal) (G1 Evacuation Pause) 213M->169M(256M) 0.802ms
[2026-03-25T22:10:30.490+0900][115.702s][info][gc,cpu      ] GC(150) User=0.00s Sys=0.00s Real=0.01s
[2026-03-25T22:10:30.909+0900][116.121s][info][gc,start    ] GC(151) Pause Young (Normal) (G1 Evacuation Pause)
[2026-03-25T22:10:30.909+0900][116.121s][info][gc,task     ] GC(151) Using 8 workers of 10 for evacuation
[2026-03-25T22:10:30.910+0900][116.121s][info][gc,phases   ] GC(151)   Pre Evacuate Collection Set: 0.0ms
[2026-03-25T22:10:30.910+0900][116.121s][info][gc,phases   ] GC(151)   Merge Heap Roots: 0.0ms
[2026-03-25T22:10:30.910+0900][116.121s][info][gc,phases   ] GC(151)   Evacuate Collection Set: 0.3ms
[2026-03-25T22:10:30.910+0900][116.121s][info][gc,phases   ] GC(151)   Post Evacuate Collection Set: 0.2ms
[2026-03-25T22:10:30.910+0900][116.121s][info][gc,phases   ] GC(151)   Other: 0.1ms
[2026-03-25T22:10:30.910+0900][116.121s][info][gc,heap     ] GC(151) Eden regions: 11->0(11)
[2026-03-25T22:10:30.910+0900][116.121s][info][gc,heap     ] GC(151) Survivor regions: 1->1(2)
[2026-03-25T22:10:30.910+0900][116.121s][info][gc,heap     ] GC(151) Old regions: 18->18
[2026-03-25T22:10:30.910+0900][116.121s][info][gc,heap     ] GC(151) Archive regions: 2->2
[2026-03-25T22:10:30.910+0900][116.121s][info][gc,heap     ] GC(151) Humongous regions: 24->24
[2026-03-25T22:10:30.910+0900][116.121s][info][gc,metaspace] GC(151) Metaspace: 104194K(105216K)->104194K(105216K) NonClass: 88925K(89472K)->88925K(89472K) Class: 15268K(15744K)->15268K(15744K)
[2026-03-25T22:10:30.910+0900][116.121s][info][gc          ] GC(151) Pause Young (Normal) (G1 Evacuation Pause) 213M->169M(256M) 0.682ms
[2026-03-25T22:10:30.910+0900][116.121s][info][gc,cpu      ] GC(151) User=0.01s Sys=0.00s Real=0.01s
[2026-03-25T22:10:31.299+0900][116.510s][info][gc,start    ] GC(152) Pause Young (Normal) (G1 Evacuation Pause)
[2026-03-25T22:10:31.299+0900][116.510s][info][gc,task     ] GC(152) Using 8 workers of 10 for evacuation
[2026-03-25T22:10:31.299+0900][116.511s][info][gc,phases   ] GC(152)   Pre Evacuate Collection Set: 0.1ms
[2026-03-25T22:10:31.299+0900][116.511s][info][gc,phases   ] GC(152)   Merge Heap Roots: 0.1ms
[2026-03-25T22:10:31.299+0900][116.511s][info][gc,phases   ] GC(152)   Evacuate Collection Set: 0.3ms
[2026-03-25T22:10:31.299+0900][116.511s][info][gc,phases   ] GC(152)   Post Evacuate Collection Set: 0.1ms
[2026-03-25T22:10:31.299+0900][116.511s][info][gc,phases   ] GC(152)   Other: 0.1ms
[2026-03-25T22:10:31.299+0900][116.511s][info][gc,heap     ] GC(152) Eden regions: 11->0(11)
[2026-03-25T22:10:31.299+0900][116.511s][info][gc,heap     ] GC(152) Survivor regions: 1->1(2)
[2026-03-25T22:10:31.299+0900][116.511s][info][gc,heap     ] GC(152) Old regions: 18->18
[2026-03-25T22:10:31.299+0900][116.511s][info][gc,heap     ] GC(152) Archive regions: 2->2
[2026-03-25T22:10:31.299+0900][116.511s][info][gc,heap     ] GC(152) Humongous regions: 24->24
[2026-03-25T22:10:31.299+0900][116.511s][info][gc,metaspace] GC(152) Metaspace: 104194K(105216K)->104194K(105216K) NonClass: 88925K(89472K)->88925K(89472K) Class: 15268K(15744K)->15268K(15744K)
[2026-03-25T22:10:31.299+0900][116.511s][info][gc          ] GC(152) Pause Young (Normal) (G1 Evacuation Pause) 213M->169M(256M) 0.704ms
[2026-03-25T22:10:31.299+0900][116.511s][info][gc,cpu      ] GC(152) User=0.00s Sys=0.00s Real=0.00s
[2026-03-25T22:10:31.623+0900][116.834s][info][gc,start    ] GC(153) Pause Young (Normal) (G1 Evacuation Pause)
[2026-03-25T22:10:31.623+0900][116.834s][info][gc,task     ] GC(153) Using 8 workers of 10 for evacuation
[2026-03-25T22:10:31.624+0900][116.835s][info][gc,phases   ] GC(153)   Pre Evacuate Collection Set: 0.0ms
[2026-03-25T22:10:31.624+0900][116.835s][info][gc,phases   ] GC(153)   Merge Heap Roots: 0.0ms
[2026-03-25T22:10:31.624+0900][116.835s][info][gc,phases   ] GC(153)   Evacuate Collection Set: 0.4ms
[2026-03-25T22:10:31.624+0900][116.835s][info][gc,phases   ] GC(153)   Post Evacuate Collection Set: 0.1ms
[2026-03-25T22:10:31.624+0900][116.835s][info][gc,phases   ] GC(153)   Other: 0.1ms
[2026-03-25T22:10:31.624+0900][116.835s][info][gc,heap     ] GC(153) Eden regions: 11->0(11)
[2026-03-25T22:10:31.624+0900][116.835s][info][gc,heap     ] GC(153) Survivor regions: 1->1(2)
[2026-03-25T22:10:31.624+0900][116.835s][info][gc,heap     ] GC(153) Old regions: 18->18
[2026-03-25T22:10:31.624+0900][116.835s][info][gc,heap     ] GC(153) Archive regions: 2->2
[2026-03-25T22:10:31.624+0900][116.835s][info][gc,heap     ] GC(153) Humongous regions: 24->24
[2026-03-25T22:10:31.624+0900][116.835s][info][gc,metaspace] GC(153) Metaspace: 104194K(105216K)->104194K(105216K) NonClass: 88925K(89472K)->88925K(89472K) Class: 15268K(15744K)->15268K(15744K)
[2026-03-25T22:10:31.624+0900][116.835s][info][gc          ] GC(153) Pause Young (Normal) (G1 Evacuation Pause) 213M->169M(256M) 0.696ms
[2026-03-25T22:10:31.624+0900][116.835s][info][gc,cpu      ] GC(153) User=0.01s Sys=0.00s Real=0.00s
[2026-03-25T22:10:31.902+0900][117.114s][info][gc,start    ] GC(154) Pause Young (Normal) (G1 Evacuation Pause)
[2026-03-25T22:10:31.903+0900][117.114s][info][gc,task     ] GC(154) Using 8 workers of 10 for evacuation
[2026-03-25T22:10:31.903+0900][117.115s][info][gc,phases   ] GC(154)   Pre Evacuate Collection Set: 0.1ms
[2026-03-25T22:10:31.903+0900][117.115s][info][gc,phases   ] GC(154)   Merge Heap Roots: 0.1ms
[2026-03-25T22:10:31.903+0900][117.115s][info][gc,phases   ] GC(154)   Evacuate Collection Set: 0.3ms
[2026-03-25T22:10:31.903+0900][117.115s][info][gc,phases   ] GC(154)   Post Evacuate Collection Set: 0.1ms
[2026-03-25T22:10:31.903+0900][117.115s][info][gc,phases   ] GC(154)   Other: 0.1ms
[2026-03-25T22:10:31.903+0900][117.115s][info][gc,heap     ] GC(154) Eden regions: 11->0(11)
[2026-03-25T22:10:31.903+0900][117.115s][info][gc,heap     ] GC(154) Survivor regions: 1->1(2)
[2026-03-25T22:10:31.903+0900][117.115s][info][gc,heap     ] GC(154) Old regions: 18->18
[2026-03-25T22:10:31.903+0900][117.115s][info][gc,heap     ] GC(154) Archive regions: 2->2
[2026-03-25T22:10:31.903+0900][117.115s][info][gc,heap     ] GC(154) Humongous regions: 24->24
[2026-03-25T22:10:31.903+0900][117.115s][info][gc,metaspace] GC(154) Metaspace: 104194K(105216K)->104194K(105216K) NonClass: 88925K(89472K)->88925K(89472K) Class: 15268K(15744K)->15268K(15744K)
[2026-03-25T22:10:31.903+0900][117.115s][info][gc          ] GC(154) Pause Young (Normal) (G1 Evacuation Pause) 213M->169M(256M) 0.697ms
[2026-03-25T22:10:31.903+0900][117.115s][info][gc,cpu      ] GC(154) User=0.00s Sys=0.00s Real=0.00s
[2026-03-25T22:10:32.380+0900][117.591s][info][gc,start    ] GC(155) Pause Young (Normal) (G1 Evacuation Pause)
[2026-03-25T22:10:32.380+0900][117.591s][info][gc,task     ] GC(155) Using 8 workers of 10 for evacuation
[2026-03-25T22:10:32.380+0900][117.592s][info][gc,phases   ] GC(155)   Pre Evacuate Collection Set: 0.0ms
[2026-03-25T22:10:32.380+0900][117.592s][info][gc,phases   ] GC(155)   Merge Heap Roots: 0.0ms
[2026-03-25T22:10:32.380+0900][117.592s][info][gc,phases   ] GC(155)   Evacuate Collection Set: 0.4ms
[2026-03-25T22:10:32.380+0900][117.592s][info][gc,phases   ] GC(155)   Post Evacuate Collection Set: 0.1ms
[2026-03-25T22:10:32.380+0900][117.592s][info][gc,phases   ] GC(155)   Other: 0.1ms
[2026-03-25T22:10:32.380+0900][117.592s][info][gc,heap     ] GC(155) Eden regions: 11->0(11)
[2026-03-25T22:10:32.380+0900][117.592s][info][gc,heap     ] GC(155) Survivor regions: 1->1(2)
[2026-03-25T22:10:32.380+0900][117.592s][info][gc,heap     ] GC(155) Old regions: 18->18
[2026-03-25T22:10:32.380+0900][117.592s][info][gc,heap     ] GC(155) Archive regions: 2->2
[2026-03-25T22:10:32.380+0900][117.592s][info][gc,heap     ] GC(155) Humongous regions: 24->24
[2026-03-25T22:10:32.380+0900][117.592s][info][gc,metaspace] GC(155) Metaspace: 104194K(105216K)->104194K(105216K) NonClass: 88925K(89472K)->88925K(89472K) Class: 15268K(15744K)->15268K(15744K)
[2026-03-25T22:10:32.380+0900][117.592s][info][gc          ] GC(155) Pause Young (Normal) (G1 Evacuation Pause) 213M->170M(256M) 0.726ms
[2026-03-25T22:10:32.380+0900][117.592s][info][gc,cpu      ] GC(155) User=0.01s Sys=0.00s Real=0.00s
[2026-03-25T22:10:32.880+0900][118.092s][info][gc,start    ] GC(156) Pause Young (Normal) (G1 Evacuation Pause)
[2026-03-25T22:10:32.880+0900][118.092s][info][gc,task     ] GC(156) Using 8 workers of 10 for evacuation
[2026-03-25T22:10:32.881+0900][118.092s][info][gc,phases   ] GC(156)   Pre Evacuate Collection Set: 0.0ms
[2026-03-25T22:10:32.881+0900][118.092s][info][gc,phases   ] GC(156)   Merge Heap Roots: 0.0ms
[2026-03-25T22:10:32.881+0900][118.093s][info][gc,phases   ] GC(156)   Evacuate Collection Set: 0.4ms
[2026-03-25T22:10:32.881+0900][118.093s][info][gc,phases   ] GC(156)   Post Evacuate Collection Set: 0.1ms
[2026-03-25T22:10:32.881+0900][118.093s][info][gc,phases   ] GC(156)   Other: 0.1ms
[2026-03-25T22:10:32.881+0900][118.093s][info][gc,heap     ] GC(156) Eden regions: 11->0(11)
[2026-03-25T22:10:32.881+0900][118.093s][info][gc,heap     ] GC(156) Survivor regions: 1->1(2)
[2026-03-25T22:10:32.881+0900][118.093s][info][gc,heap     ] GC(156) Old regions: 18->18
[2026-03-25T22:10:32.881+0900][118.093s][info][gc,heap     ] GC(156) Archive regions: 2->2
[2026-03-25T22:10:32.881+0900][118.093s][info][gc,heap     ] GC(156) Humongous regions: 24->24
[2026-03-25T22:10:32.881+0900][118.093s][info][gc,metaspace] GC(156) Metaspace: 104194K(105216K)->104194K(105216K) NonClass: 88925K(89472K)->88925K(89472K) Class: 15268K(15744K)->15268K(15744K)
[2026-03-25T22:10:32.881+0900][118.093s][info][gc          ] GC(156) Pause Young (Normal) (G1 Evacuation Pause) 214M->170M(256M) 0.697ms
[2026-03-25T22:10:32.881+0900][118.093s][info][gc,cpu      ] GC(156) User=0.01s Sys=0.00s Real=0.00s
[2026-03-25T22:10:33.052+0900][118.264s][info][gc,start    ] GC(157) Pause Young (Normal) (G1 Evacuation Pause)
[2026-03-25T22:10:33.052+0900][118.264s][info][gc,task     ] GC(157) Using 8 workers of 10 for evacuation
[2026-03-25T22:10:33.053+0900][118.264s][info][gc,phases   ] GC(157)   Pre Evacuate Collection Set: 0.0ms
[2026-03-25T22:10:33.053+0900][118.264s][info][gc,phases   ] GC(157)   Merge Heap Roots: 0.0ms
[2026-03-25T22:10:33.053+0900][118.264s][info][gc,phases   ] GC(157)   Evacuate Collection Set: 0.3ms
[2026-03-25T22:10:33.053+0900][118.264s][info][gc,phases   ] GC(157)   Post Evacuate Collection Set: 0.1ms
[2026-03-25T22:10:33.053+0900][118.264s][info][gc,phases   ] GC(157)   Other: 0.1ms
[2026-03-25T22:10:33.053+0900][118.264s][info][gc,heap     ] GC(157) Eden regions: 11->0(11)
[2026-03-25T22:10:33.053+0900][118.264s][info][gc,heap     ] GC(157) Survivor regions: 1->1(2)
[2026-03-25T22:10:33.053+0900][118.264s][info][gc,heap     ] GC(157) Old regions: 18->18
[2026-03-25T22:10:33.053+0900][118.264s][info][gc,heap     ] GC(157) Archive regions: 2->2
[2026-03-25T22:10:33.053+0900][118.264s][info][gc,heap     ] GC(157) Humongous regions: 24->24
[2026-03-25T22:10:33.053+0900][118.264s][info][gc,metaspace] GC(157) Metaspace: 104194K(105216K)->104194K(105216K) NonClass: 88925K(89472K)->88925K(89472K) Class: 15268K(15744K)->15268K(15744K)
[2026-03-25T22:10:33.053+0900][118.264s][info][gc          ] GC(157) Pause Young (Normal) (G1 Evacuation Pause) 214M->170M(256M) 0.679ms
[2026-03-25T22:10:33.053+0900][118.264s][info][gc,cpu      ] GC(157) User=0.00s Sys=0.00s Real=0.00s
[2026-03-25T22:10:33.457+0900][118.668s][info][gc,start    ] GC(158) Pause Young (Normal) (G1 Evacuation Pause)
[2026-03-25T22:10:33.457+0900][118.668s][info][gc,task     ] GC(158) Using 8 workers of 10 for evacuation
[2026-03-25T22:10:33.457+0900][118.669s][info][gc,phases   ] GC(158)   Pre Evacuate Collection Set: 0.0ms
[2026-03-25T22:10:33.457+0900][118.669s][info][gc,phases   ] GC(158)   Merge Heap Roots: 0.0ms
[2026-03-25T22:10:33.457+0900][118.669s][info][gc,phases   ] GC(158)   Evacuate Collection Set: 0.4ms
[2026-03-25T22:10:33.457+0900][118.669s][info][gc,phases   ] GC(158)   Post Evacuate Collection Set: 0.2ms
[2026-03-25T22:10:33.457+0900][118.669s][info][gc,phases   ] GC(158)   Other: 0.1ms
[2026-03-25T22:10:33.457+0900][118.669s][info][gc,heap     ] GC(158) Eden regions: 11->0(11)
[2026-03-25T22:10:33.457+0900][118.669s][info][gc,heap     ] GC(158) Survivor regions: 1->1(2)
[2026-03-25T22:10:33.457+0900][118.669s][info][gc,heap     ] GC(158) Old regions: 18->18
[2026-03-25T22:10:33.457+0900][118.669s][info][gc,heap     ] GC(158) Archive regions: 2->2
[2026-03-25T22:10:33.457+0900][118.669s][info][gc,heap     ] GC(158) Humongous regions: 24->24
[2026-03-25T22:10:33.457+0900][118.669s][info][gc,metaspace] GC(158) Metaspace: 104194K(105216K)->104194K(105216K) NonClass: 88925K(89472K)->88925K(89472K) Class: 15268K(15744K)->15268K(15744K)
[2026-03-25T22:10:33.457+0900][118.669s][info][gc          ] GC(158) Pause Young (Normal) (G1 Evacuation Pause) 214M->170M(256M) 0.721ms
[2026-03-25T22:10:33.457+0900][118.669s][info][gc,cpu      ] GC(158) User=0.01s Sys=0.00s Real=0.00s
[2026-03-25T22:10:33.947+0900][119.158s][info][gc,start    ] GC(159) Pause Young (Normal) (G1 Evacuation Pause)
[2026-03-25T22:10:33.947+0900][119.158s][info][gc,task     ] GC(159) Using 8 workers of 10 for evacuation
[2026-03-25T22:10:33.947+0900][119.159s][info][gc,phases   ] GC(159)   Pre Evacuate Collection Set: 0.1ms
[2026-03-25T22:10:33.947+0900][119.159s][info][gc,phases   ] GC(159)   Merge Heap Roots: 0.0ms
[2026-03-25T22:10:33.947+0900][119.159s][info][gc,phases   ] GC(159)   Evacuate Collection Set: 0.4ms
[2026-03-25T22:10:33.947+0900][119.159s][info][gc,phases   ] GC(159)   Post Evacuate Collection Set: 0.1ms
[2026-03-25T22:10:33.947+0900][119.159s][info][gc,phases   ] GC(159)   Other: 0.1ms
[2026-03-25T22:10:33.947+0900][119.159s][info][gc,heap     ] GC(159) Eden regions: 11->0(11)
[2026-03-25T22:10:33.947+0900][119.159s][info][gc,heap     ] GC(159) Survivor regions: 1->1(2)
[2026-03-25T22:10:33.947+0900][119.159s][info][gc,heap     ] GC(159) Old regions: 18->18
[2026-03-25T22:10:33.947+0900][119.159s][info][gc,heap     ] GC(159) Archive regions: 2->2
[2026-03-25T22:10:33.947+0900][119.159s][info][gc,heap     ] GC(159) Humongous regions: 24->24
[2026-03-25T22:10:33.947+0900][119.159s][info][gc,metaspace] GC(159) Metaspace: 104194K(105216K)->104194K(105216K) NonClass: 88925K(89472K)->88925K(89472K) Class: 15268K(15744K)->15268K(15744K)
[2026-03-25T22:10:33.947+0900][119.159s][info][gc          ] GC(159) Pause Young (Normal) (G1 Evacuation Pause) 214M->170M(256M) 0.725ms
[2026-03-25T22:10:33.947+0900][119.159s][info][gc,cpu      ] GC(159) User=0.00s Sys=0.00s Real=0.00s
[2026-03-25T22:10:34.259+0900][119.470s][info][gc,start    ] GC(160) Pause Young (Normal) (G1 Evacuation Pause)
[2026-03-25T22:10:34.259+0900][119.470s][info][gc,task     ] GC(160) Using 8 workers of 10 for evacuation
[2026-03-25T22:10:34.259+0900][119.471s][info][gc,phases   ] GC(160)   Pre Evacuate Collection Set: 0.0ms
[2026-03-25T22:10:34.259+0900][119.471s][info][gc,phases   ] GC(160)   Merge Heap Roots: 0.0ms
[2026-03-25T22:10:34.259+0900][119.471s][info][gc,phases   ] GC(160)   Evacuate Collection Set: 0.3ms
[2026-03-25T22:10:34.259+0900][119.471s][info][gc,phases   ] GC(160)   Post Evacuate Collection Set: 0.1ms
[2026-03-25T22:10:34.259+0900][119.471s][info][gc,phases   ] GC(160)   Other: 0.1ms
[2026-03-25T22:10:34.259+0900][119.471s][info][gc,heap     ] GC(160) Eden regions: 11->0(11)
[2026-03-25T22:10:34.259+0900][119.471s][info][gc,heap     ] GC(160) Survivor regions: 1->1(2)
[2026-03-25T22:10:34.259+0900][119.471s][info][gc,heap     ] GC(160) Old regions: 18->18
[2026-03-25T22:10:34.259+0900][119.471s][info][gc,heap     ] GC(160) Archive regions: 2->2
[2026-03-25T22:10:34.259+0900][119.471s][info][gc,heap     ] GC(160) Humongous regions: 24->24
[2026-03-25T22:10:34.259+0900][119.471s][info][gc,metaspace] GC(160) Metaspace: 104194K(105216K)->104194K(105216K) NonClass: 88925K(89472K)->88925K(89472K) Class: 15268K(15744K)->15268K(15744K)
[2026-03-25T22:10:34.259+0900][119.471s][info][gc          ] GC(160) Pause Young (Normal) (G1 Evacuation Pause) 214M->169M(256M) 0.653ms
[2026-03-25T22:10:34.259+0900][119.471s][info][gc,cpu      ] GC(160) User=0.00s Sys=0.00s Real=0.00s
[2026-03-25T22:10:34.644+0900][119.855s][info][gc,start    ] GC(161) Pause Young (Normal) (G1 Evacuation Pause)
[2026-03-25T22:10:34.644+0900][119.855s][info][gc,task     ] GC(161) Using 8 workers of 10 for evacuation
[2026-03-25T22:10:34.644+0900][119.856s][info][gc,phases   ] GC(161)   Pre Evacuate Collection Set: 0.1ms
[2026-03-25T22:10:34.644+0900][119.856s][info][gc,phases   ] GC(161)   Merge Heap Roots: 0.1ms
[2026-03-25T22:10:34.644+0900][119.856s][info][gc,phases   ] GC(161)   Evacuate Collection Set: 0.3ms
[2026-03-25T22:10:34.644+0900][119.856s][info][gc,phases   ] GC(161)   Post Evacuate Collection Set: 0.1ms
[2026-03-25T22:10:34.644+0900][119.856s][info][gc,phases   ] GC(161)   Other: 0.1ms
[2026-03-25T22:10:34.644+0900][119.856s][info][gc,heap     ] GC(161) Eden regions: 11->0(11)
[2026-03-25T22:10:34.644+0900][119.856s][info][gc,heap     ] GC(161) Survivor regions: 1->1(2)
[2026-03-25T22:10:34.644+0900][119.856s][info][gc,heap     ] GC(161) Old regions: 18->18
[2026-03-25T22:10:34.644+0900][119.856s][info][gc,heap     ] GC(161) Archive regions: 2->2
[2026-03-25T22:10:34.644+0900][119.856s][info][gc,heap     ] GC(161) Humongous regions: 24->24
[2026-03-25T22:10:34.644+0900][119.856s][info][gc,metaspace] GC(161) Metaspace: 104194K(105216K)->104194K(105216K) NonClass: 88925K(89472K)->88925K(89472K) Class: 15268K(15744K)->15268K(15744K)
[2026-03-25T22:10:34.645+0900][119.856s][info][gc          ] GC(161) Pause Young (Normal) (G1 Evacuation Pause) 213M->169M(256M) 0.728ms
[2026-03-25T22:10:34.645+0900][119.856s][info][gc,cpu      ] GC(161) User=0.01s Sys=0.01s Real=0.00s
[2026-03-25T22:10:35.067+0900][120.278s][info][gc,start    ] GC(162) Pause Young (Normal) (G1 Evacuation Pause)
[2026-03-25T22:10:35.067+0900][120.278s][info][gc,task     ] GC(162) Using 8 workers of 10 for evacuation
[2026-03-25T22:10:35.067+0900][120.279s][info][gc,phases   ] GC(162)   Pre Evacuate Collection Set: 0.0ms
[2026-03-25T22:10:35.067+0900][120.279s][info][gc,phases   ] GC(162)   Merge Heap Roots: 0.0ms
[2026-03-25T22:10:35.067+0900][120.279s][info][gc,phases   ] GC(162)   Evacuate Collection Set: 0.4ms
[2026-03-25T22:10:35.067+0900][120.279s][info][gc,phases   ] GC(162)   Post Evacuate Collection Set: 0.1ms
[2026-03-25T22:10:35.067+0900][120.279s][info][gc,phases   ] GC(162)   Other: 0.1ms
[2026-03-25T22:10:35.067+0900][120.279s][info][gc,heap     ] GC(162) Eden regions: 11->0(11)
[2026-03-25T22:10:35.067+0900][120.279s][info][gc,heap     ] GC(162) Survivor regions: 1->1(2)
[2026-03-25T22:10:35.067+0900][120.279s][info][gc,heap     ] GC(162) Old regions: 18->18
[2026-03-25T22:10:35.067+0900][120.279s][info][gc,heap     ] GC(162) Archive regions: 2->2
[2026-03-25T22:10:35.067+0900][120.279s][info][gc,heap     ] GC(162) Humongous regions: 24->24
[2026-03-25T22:10:35.067+0900][120.279s][info][gc,metaspace] GC(162) Metaspace: 104194K(105216K)->104194K(105216K) NonClass: 88925K(89472K)->88925K(89472K) Class: 15268K(15744K)->15268K(15744K)
[2026-03-25T22:10:35.067+0900][120.279s][info][gc          ] GC(162) Pause Young (Normal) (G1 Evacuation Pause) 213M->170M(256M) 0.716ms
[2026-03-25T22:10:35.067+0900][120.279s][info][gc,cpu      ] GC(162) User=0.01s Sys=0.00s Real=0.00s
[2026-03-25T22:10:35.465+0900][120.677s][info][gc,start    ] GC(163) Pause Young (Normal) (G1 Evacuation Pause)
[2026-03-25T22:10:35.465+0900][120.677s][info][gc,task     ] GC(163) Using 8 workers of 10 for evacuation
[2026-03-25T22:10:35.466+0900][120.678s][info][gc,phases   ] GC(163)   Pre Evacuate Collection Set: 0.0ms
[2026-03-25T22:10:35.466+0900][120.678s][info][gc,phases   ] GC(163)   Merge Heap Roots: 0.0ms
[2026-03-25T22:10:35.466+0900][120.678s][info][gc,phases   ] GC(163)   Evacuate Collection Set: 0.4ms
[2026-03-25T22:10:35.466+0900][120.678s][info][gc,phases   ] GC(163)   Post Evacuate Collection Set: 0.1ms
[2026-03-25T22:10:35.466+0900][120.678s][info][gc,phases   ] GC(163)   Other: 0.1ms
[2026-03-25T22:10:35.466+0900][120.678s][info][gc,heap     ] GC(163) Eden regions: 11->0(11)
[2026-03-25T22:10:35.466+0900][120.678s][info][gc,heap     ] GC(163) Survivor regions: 1->1(2)
[2026-03-25T22:10:35.466+0900][120.678s][info][gc,heap     ] GC(163) Old regions: 18->18
[2026-03-25T22:10:35.466+0900][120.678s][info][gc,heap     ] GC(163) Archive regions: 2->2
[2026-03-25T22:10:35.466+0900][120.678s][info][gc,heap     ] GC(163) Humongous regions: 24->24
[2026-03-25T22:10:35.466+0900][120.678s][info][gc,metaspace] GC(163) Metaspace: 104194K(105216K)->104194K(105216K) NonClass: 88925K(89472K)->88925K(89472K) Class: 15268K(15744K)->15268K(15744K)
[2026-03-25T22:10:35.466+0900][120.678s][info][gc          ] GC(163) Pause Young (Normal) (G1 Evacuation Pause) 214M->170M(256M) 0.711ms
[2026-03-25T22:10:35.466+0900][120.678s][info][gc,cpu      ] GC(163) User=0.00s Sys=0.00s Real=0.00s
[2026-03-25T22:10:35.672+0900][120.883s][info][gc,start    ] GC(164) Pause Young (Normal) (G1 Evacuation Pause)
[2026-03-25T22:10:35.672+0900][120.883s][info][gc,task     ] GC(164) Using 8 workers of 10 for evacuation
[2026-03-25T22:10:35.672+0900][120.884s][info][gc,phases   ] GC(164)   Pre Evacuate Collection Set: 0.0ms
[2026-03-25T22:10:35.672+0900][120.884s][info][gc,phases   ] GC(164)   Merge Heap Roots: 0.0ms
[2026-03-25T22:10:35.672+0900][120.884s][info][gc,phases   ] GC(164)   Evacuate Collection Set: 0.3ms
[2026-03-25T22:10:35.672+0900][120.884s][info][gc,phases   ] GC(164)   Post Evacuate Collection Set: 0.2ms
[2026-03-25T22:10:35.672+0900][120.884s][info][gc,phases   ] GC(164)   Other: 0.1ms
[2026-03-25T22:10:35.672+0900][120.884s][info][gc,heap     ] GC(164) Eden regions: 11->0(11)
[2026-03-25T22:10:35.672+0900][120.884s][info][gc,heap     ] GC(164) Survivor regions: 1->1(2)
[2026-03-25T22:10:35.672+0900][120.884s][info][gc,heap     ] GC(164) Old regions: 18->18
[2026-03-25T22:10:35.672+0900][120.884s][info][gc,heap     ] GC(164) Archive regions: 2->2
[2026-03-25T22:10:35.672+0900][120.884s][info][gc,heap     ] GC(164) Humongous regions: 24->24
[2026-03-25T22:10:35.672+0900][120.884s][info][gc,metaspace] GC(164) Metaspace: 104194K(105216K)->104194K(105216K) NonClass: 88925K(89472K)->88925K(89472K) Class: 15268K(15744K)->15268K(15744K)
[2026-03-25T22:10:35.672+0900][120.884s][info][gc          ] GC(164) Pause Young (Normal) (G1 Evacuation Pause) 214M->170M(256M) 0.709ms
[2026-03-25T22:10:35.672+0900][120.884s][info][gc,cpu      ] GC(164) User=0.01s Sys=0.00s Real=0.00s
[2026-03-25T22:10:35.995+0900][121.207s][info][gc,start    ] GC(165) Pause Young (Normal) (G1 Evacuation Pause)
[2026-03-25T22:10:35.995+0900][121.207s][info][gc,task     ] GC(165) Using 8 workers of 10 for evacuation
[2026-03-25T22:10:35.996+0900][121.207s][info][gc,phases   ] GC(165)   Pre Evacuate Collection Set: 0.1ms
[2026-03-25T22:10:35.996+0900][121.207s][info][gc,phases   ] GC(165)   Merge Heap Roots: 0.0ms
[2026-03-25T22:10:35.996+0900][121.207s][info][gc,phases   ] GC(165)   Evacuate Collection Set: 0.3ms
[2026-03-25T22:10:35.996+0900][121.207s][info][gc,phases   ] GC(165)   Post Evacuate Collection Set: 0.1ms
[2026-03-25T22:10:35.996+0900][121.207s][info][gc,phases   ] GC(165)   Other: 0.1ms
[2026-03-25T22:10:35.996+0900][121.207s][info][gc,heap     ] GC(165) Eden regions: 11->0(11)
[2026-03-25T22:10:35.996+0900][121.207s][info][gc,heap     ] GC(165) Survivor regions: 1->1(2)
[2026-03-25T22:10:35.996+0900][121.207s][info][gc,heap     ] GC(165) Old regions: 18->18
[2026-03-25T22:10:35.996+0900][121.207s][info][gc,heap     ] GC(165) Archive regions: 2->2
[2026-03-25T22:10:35.996+0900][121.207s][info][gc,heap     ] GC(165) Humongous regions: 24->24
[2026-03-25T22:10:35.996+0900][121.207s][info][gc,metaspace] GC(165) Metaspace: 104194K(105216K)->104194K(105216K) NonClass: 88925K(89472K)->88925K(89472K) Class: 15268K(15744K)->15268K(15744K)
[2026-03-25T22:10:35.996+0900][121.207s][info][gc          ] GC(165) Pause Young (Normal) (G1 Evacuation Pause) 214M->170M(256M) 0.667ms
[2026-03-25T22:10:35.996+0900][121.207s][info][gc,cpu      ] GC(165) User=0.00s Sys=0.00s Real=0.00s
[2026-03-25T22:10:36.442+0900][121.654s][info][gc,start    ] GC(166) Pause Young (Normal) (G1 Evacuation Pause)
[2026-03-25T22:10:36.442+0900][121.654s][info][gc,task     ] GC(166) Using 8 workers of 10 for evacuation
[2026-03-25T22:10:36.443+0900][121.654s][info][gc,phases   ] GC(166)   Pre Evacuate Collection Set: 0.1ms
[2026-03-25T22:10:36.443+0900][121.654s][info][gc,phases   ] GC(166)   Merge Heap Roots: 0.1ms
[2026-03-25T22:10:36.443+0900][121.654s][info][gc,phases   ] GC(166)   Evacuate Collection Set: 0.4ms
[2026-03-25T22:10:36.443+0900][121.654s][info][gc,phases   ] GC(166)   Post Evacuate Collection Set: 0.1ms
[2026-03-25T22:10:36.443+0900][121.654s][info][gc,phases   ] GC(166)   Other: 0.1ms
[2026-03-25T22:10:36.443+0900][121.654s][info][gc,heap     ] GC(166) Eden regions: 11->0(11)
[2026-03-25T22:10:36.443+0900][121.654s][info][gc,heap     ] GC(166) Survivor regions: 1->1(2)
[2026-03-25T22:10:36.443+0900][121.654s][info][gc,heap     ] GC(166) Old regions: 18->18
[2026-03-25T22:10:36.443+0900][121.654s][info][gc,heap     ] GC(166) Archive regions: 2->2
[2026-03-25T22:10:36.443+0900][121.654s][info][gc,heap     ] GC(166) Humongous regions: 24->24
[2026-03-25T22:10:36.443+0900][121.654s][info][gc,metaspace] GC(166) Metaspace: 104194K(105216K)->104194K(105216K) NonClass: 88925K(89472K)->88925K(89472K) Class: 15268K(15744K)->15268K(15744K)
[2026-03-25T22:10:36.443+0900][121.654s][info][gc          ] GC(166) Pause Young (Normal) (G1 Evacuation Pause) 214M->170M(256M) 0.763ms
[2026-03-25T22:10:36.443+0900][121.654s][info][gc,cpu      ] GC(166) User=0.00s Sys=0.00s Real=0.00s
[2026-03-25T22:10:36.740+0900][121.951s][info][gc,start    ] GC(167) Pause Young (Normal) (G1 Evacuation Pause)
[2026-03-25T22:10:36.740+0900][121.951s][info][gc,task     ] GC(167) Using 8 workers of 10 for evacuation
[2026-03-25T22:10:36.740+0900][121.952s][info][gc,phases   ] GC(167)   Pre Evacuate Collection Set: 0.1ms
[2026-03-25T22:10:36.740+0900][121.952s][info][gc,phases   ] GC(167)   Merge Heap Roots: 0.1ms
[2026-03-25T22:10:36.740+0900][121.952s][info][gc,phases   ] GC(167)   Evacuate Collection Set: 0.3ms
[2026-03-25T22:10:36.740+0900][121.952s][info][gc,phases   ] GC(167)   Post Evacuate Collection Set: 0.2ms
[2026-03-25T22:10:36.740+0900][121.952s][info][gc,phases   ] GC(167)   Other: 0.1ms
[2026-03-25T22:10:36.740+0900][121.952s][info][gc,heap     ] GC(167) Eden regions: 11->0(11)
[2026-03-25T22:10:36.740+0900][121.952s][info][gc,heap     ] GC(167) Survivor regions: 1->1(2)
[2026-03-25T22:10:36.740+0900][121.952s][info][gc,heap     ] GC(167) Old regions: 18->18
[2026-03-25T22:10:36.740+0900][121.952s][info][gc,heap     ] GC(167) Archive regions: 2->2
[2026-03-25T22:10:36.740+0900][121.952s][info][gc,heap     ] GC(167) Humongous regions: 24->24
[2026-03-25T22:10:36.740+0900][121.952s][info][gc,metaspace] GC(167) Metaspace: 104194K(105216K)->104194K(105216K) NonClass: 88925K(89472K)->88925K(89472K) Class: 15268K(15744K)->15268K(15744K)
[2026-03-25T22:10:36.740+0900][121.952s][info][gc          ] GC(167) Pause Young (Normal) (G1 Evacuation Pause) 214M->170M(256M) 0.751ms
[2026-03-25T22:10:36.740+0900][121.952s][info][gc,cpu      ] GC(167) User=0.01s Sys=0.00s Real=0.00s
[2026-03-25T22:10:37.117+0900][122.328s][info][gc,start    ] GC(168) Pause Young (Normal) (G1 Evacuation Pause)
[2026-03-25T22:10:37.117+0900][122.328s][info][gc,task     ] GC(168) Using 8 workers of 10 for evacuation
[2026-03-25T22:10:37.118+0900][122.329s][info][gc,phases   ] GC(168)   Pre Evacuate Collection Set: 0.0ms
[2026-03-25T22:10:37.118+0900][122.329s][info][gc,phases   ] GC(168)   Merge Heap Roots: 0.0ms
[2026-03-25T22:10:37.118+0900][122.329s][info][gc,phases   ] GC(168)   Evacuate Collection Set: 0.4ms
[2026-03-25T22:10:37.118+0900][122.329s][info][gc,phases   ] GC(168)   Post Evacuate Collection Set: 0.1ms
[2026-03-25T22:10:37.118+0900][122.329s][info][gc,phases   ] GC(168)   Other: 0.1ms
[2026-03-25T22:10:37.118+0900][122.329s][info][gc,heap     ] GC(168) Eden regions: 11->0(11)
[2026-03-25T22:10:37.118+0900][122.329s][info][gc,heap     ] GC(168) Survivor regions: 1->1(2)
[2026-03-25T22:10:37.118+0900][122.329s][info][gc,heap     ] GC(168) Old regions: 18->18
[2026-03-25T22:10:37.118+0900][122.329s][info][gc,heap     ] GC(168) Archive regions: 2->2
[2026-03-25T22:10:37.118+0900][122.329s][info][gc,heap     ] GC(168) Humongous regions: 24->24
[2026-03-25T22:10:37.118+0900][122.329s][info][gc,metaspace] GC(168) Metaspace: 104194K(105216K)->104194K(105216K) NonClass: 88925K(89472K)->88925K(89472K) Class: 15268K(15744K)->15268K(15744K)
[2026-03-25T22:10:37.118+0900][122.329s][info][gc          ] GC(168) Pause Young (Normal) (G1 Evacuation Pause) 214M->170M(256M) 0.753ms
[2026-03-25T22:10:37.118+0900][122.329s][info][gc,cpu      ] GC(168) User=0.00s Sys=0.00s Real=0.00s
[2026-03-25T22:10:37.342+0900][122.553s][info][gc,start    ] GC(169) Pause Young (Normal) (G1 Evacuation Pause)
[2026-03-25T22:10:37.342+0900][122.553s][info][gc,task     ] GC(169) Using 8 workers of 10 for evacuation
[2026-03-25T22:10:37.342+0900][122.554s][info][gc,phases   ] GC(169)   Pre Evacuate Collection Set: 0.1ms
[2026-03-25T22:10:37.342+0900][122.554s][info][gc,phases   ] GC(169)   Merge Heap Roots: 0.1ms
[2026-03-25T22:10:37.342+0900][122.554s][info][gc,phases   ] GC(169)   Evacuate Collection Set: 0.4ms
[2026-03-25T22:10:37.342+0900][122.554s][info][gc,phases   ] GC(169)   Post Evacuate Collection Set: 0.1ms
[2026-03-25T22:10:37.342+0900][122.554s][info][gc,phases   ] GC(169)   Other: 0.1ms
[2026-03-25T22:10:37.342+0900][122.554s][info][gc,heap     ] GC(169) Eden regions: 11->0(11)
[2026-03-25T22:10:37.342+0900][122.554s][info][gc,heap     ] GC(169) Survivor regions: 1->1(2)
[2026-03-25T22:10:37.342+0900][122.554s][info][gc,heap     ] GC(169) Old regions: 18->18
[2026-03-25T22:10:37.342+0900][122.554s][info][gc,heap     ] GC(169) Archive regions: 2->2
[2026-03-25T22:10:37.342+0900][122.554s][info][gc,heap     ] GC(169) Humongous regions: 24->24
[2026-03-25T22:10:37.342+0900][122.554s][info][gc,metaspace] GC(169) Metaspace: 104194K(105216K)->104194K(105216K) NonClass: 88925K(89472K)->88925K(89472K) Class: 15268K(15744K)->15268K(15744K)
[2026-03-25T22:10:37.342+0900][122.554s][info][gc          ] GC(169) Pause Young (Normal) (G1 Evacuation Pause) 214M->170M(256M) 0.716ms
[2026-03-25T22:10:37.342+0900][122.554s][info][gc,cpu      ] GC(169) User=0.01s Sys=0.00s Real=0.00s
[2026-03-25T22:10:37.780+0900][122.991s][info][gc,start    ] GC(170) Pause Young (Normal) (G1 Evacuation Pause)
[2026-03-25T22:10:37.780+0900][122.991s][info][gc,task     ] GC(170) Using 8 workers of 10 for evacuation
[2026-03-25T22:10:37.780+0900][122.992s][info][gc,phases   ] GC(170)   Pre Evacuate Collection Set: 0.0ms
[2026-03-25T22:10:37.780+0900][122.992s][info][gc,phases   ] GC(170)   Merge Heap Roots: 0.0ms
[2026-03-25T22:10:37.780+0900][122.992s][info][gc,phases   ] GC(170)   Evacuate Collection Set: 0.4ms
[2026-03-25T22:10:37.780+0900][122.992s][info][gc,phases   ] GC(170)   Post Evacuate Collection Set: 0.1ms
[2026-03-25T22:10:37.780+0900][122.992s][info][gc,phases   ] GC(170)   Other: 0.1ms
[2026-03-25T22:10:37.780+0900][122.992s][info][gc,heap     ] GC(170) Eden regions: 11->0(11)
[2026-03-25T22:10:37.780+0900][122.992s][info][gc,heap     ] GC(170) Survivor regions: 1->1(2)
[2026-03-25T22:10:37.780+0900][122.992s][info][gc,heap     ] GC(170) Old regions: 18->18
[2026-03-25T22:10:37.780+0900][122.992s][info][gc,heap     ] GC(170) Archive regions: 2->2
[2026-03-25T22:10:37.780+0900][122.992s][info][gc,heap     ] GC(170) Humongous regions: 24->24
[2026-03-25T22:10:37.780+0900][122.992s][info][gc,metaspace] GC(170) Metaspace: 104194K(105216K)->104194K(105216K) NonClass: 88926K(89472K)->88926K(89472K) Class: 15268K(15744K)->15268K(15744K)
[2026-03-25T22:10:37.780+0900][122.992s][info][gc          ] GC(170) Pause Young (Normal) (G1 Evacuation Pause) 214M->170M(256M) 0.784ms
[2026-03-25T22:10:37.780+0900][122.992s][info][gc,cpu      ] GC(170) User=0.01s Sys=0.00s Real=0.00s
[2026-03-25T22:10:38.193+0900][123.405s][info][gc,start    ] GC(171) Pause Young (Normal) (G1 Evacuation Pause)
[2026-03-25T22:10:38.193+0900][123.405s][info][gc,task     ] GC(171) Using 8 workers of 10 for evacuation
[2026-03-25T22:10:38.194+0900][123.406s][info][gc,phases   ] GC(171)   Pre Evacuate Collection Set: 0.0ms
[2026-03-25T22:10:38.194+0900][123.406s][info][gc,phases   ] GC(171)   Merge Heap Roots: 0.1ms
[2026-03-25T22:10:38.194+0900][123.406s][info][gc,phases   ] GC(171)   Evacuate Collection Set: 0.4ms
[2026-03-25T22:10:38.194+0900][123.406s][info][gc,phases   ] GC(171)   Post Evacuate Collection Set: 0.1ms
[2026-03-25T22:10:38.194+0900][123.406s][info][gc,phases   ] GC(171)   Other: 0.1ms
[2026-03-25T22:10:38.194+0900][123.406s][info][gc,heap     ] GC(171) Eden regions: 11->0(11)
[2026-03-25T22:10:38.194+0900][123.406s][info][gc,heap     ] GC(171) Survivor regions: 1->1(2)
[2026-03-25T22:10:38.194+0900][123.406s][info][gc,heap     ] GC(171) Old regions: 18->18
[2026-03-25T22:10:38.194+0900][123.406s][info][gc,heap     ] GC(171) Archive regions: 2->2
[2026-03-25T22:10:38.194+0900][123.406s][info][gc,heap     ] GC(171) Humongous regions: 24->24
[2026-03-25T22:10:38.194+0900][123.406s][info][gc,metaspace] GC(171) Metaspace: 104194K(105216K)->104194K(105216K) NonClass: 88926K(89472K)->88926K(89472K) Class: 15268K(15744K)->15268K(15744K)
[2026-03-25T22:10:38.194+0900][123.406s][info][gc          ] GC(171) Pause Young (Normal) (G1 Evacuation Pause) 214M->170M(256M) 0.763ms
[2026-03-25T22:10:38.194+0900][123.406s][info][gc,cpu      ] GC(171) User=0.00s Sys=0.00s Real=0.00s
[2026-03-25T22:10:38.422+0900][123.634s][info][gc,start    ] GC(172) Pause Young (Normal) (G1 Evacuation Pause)
[2026-03-25T22:10:38.422+0900][123.634s][info][gc,task     ] GC(172) Using 8 workers of 10 for evacuation
[2026-03-25T22:10:38.423+0900][123.634s][info][gc,phases   ] GC(172)   Pre Evacuate Collection Set: 0.0ms
[2026-03-25T22:10:38.423+0900][123.634s][info][gc,phases   ] GC(172)   Merge Heap Roots: 0.0ms
[2026-03-25T22:10:38.423+0900][123.634s][info][gc,phases   ] GC(172)   Evacuate Collection Set: 0.4ms
[2026-03-25T22:10:38.423+0900][123.634s][info][gc,phases   ] GC(172)   Post Evacuate Collection Set: 0.1ms
[2026-03-25T22:10:38.423+0900][123.634s][info][gc,phases   ] GC(172)   Other: 0.1ms
[2026-03-25T22:10:38.423+0900][123.634s][info][gc,heap     ] GC(172) Eden regions: 11->0(11)
[2026-03-25T22:10:38.423+0900][123.634s][info][gc,heap     ] GC(172) Survivor regions: 1->1(2)
[2026-03-25T22:10:38.423+0900][123.634s][info][gc,heap     ] GC(172) Old regions: 18->18
[2026-03-25T22:10:38.423+0900][123.634s][info][gc,heap     ] GC(172) Archive regions: 2->2
[2026-03-25T22:10:38.423+0900][123.634s][info][gc,heap     ] GC(172) Humongous regions: 24->24
[2026-03-25T22:10:38.423+0900][123.634s][info][gc,metaspace] GC(172) Metaspace: 104194K(105216K)->104194K(105216K) NonClass: 88926K(89472K)->88926K(89472K) Class: 15268K(15744K)->15268K(15744K)
[2026-03-25T22:10:38.423+0900][123.634s][info][gc          ] GC(172) Pause Young (Normal) (G1 Evacuation Pause) 214M->170M(256M) 0.717ms
[2026-03-25T22:10:38.423+0900][123.634s][info][gc,cpu      ] GC(172) User=0.01s Sys=0.00s Real=0.00s
[2026-03-25T22:10:38.880+0900][124.092s][info][gc,start    ] GC(173) Pause Young (Normal) (G1 Evacuation Pause)
[2026-03-25T22:10:38.881+0900][124.092s][info][gc,task     ] GC(173) Using 8 workers of 10 for evacuation
[2026-03-25T22:10:38.881+0900][124.093s][info][gc,phases   ] GC(173)   Pre Evacuate Collection Set: 0.1ms
[2026-03-25T22:10:38.881+0900][124.093s][info][gc,phases   ] GC(173)   Merge Heap Roots: 0.0ms
[2026-03-25T22:10:38.881+0900][124.093s][info][gc,phases   ] GC(173)   Evacuate Collection Set: 0.4ms
[2026-03-25T22:10:38.881+0900][124.093s][info][gc,phases   ] GC(173)   Post Evacuate Collection Set: 0.2ms
[2026-03-25T22:10:38.881+0900][124.093s][info][gc,phases   ] GC(173)   Other: 0.1ms
[2026-03-25T22:10:38.881+0900][124.093s][info][gc,heap     ] GC(173) Eden regions: 11->0(11)
[2026-03-25T22:10:38.881+0900][124.093s][info][gc,heap     ] GC(173) Survivor regions: 1->1(2)
[2026-03-25T22:10:38.881+0900][124.093s][info][gc,heap     ] GC(173) Old regions: 18->18
[2026-03-25T22:10:38.881+0900][124.093s][info][gc,heap     ] GC(173) Archive regions: 2->2
[2026-03-25T22:10:38.881+0900][124.093s][info][gc,heap     ] GC(173) Humongous regions: 24->24
[2026-03-25T22:10:38.881+0900][124.093s][info][gc,metaspace] GC(173) Metaspace: 104194K(105216K)->104194K(105216K) NonClass: 88926K(89472K)->88926K(89472K) Class: 15268K(15744K)->15268K(15744K)
[2026-03-25T22:10:38.881+0900][124.093s][info][gc          ] GC(173) Pause Young (Normal) (G1 Evacuation Pause) 214M->170M(256M) 0.747ms
[2026-03-25T22:10:38.881+0900][124.093s][info][gc,cpu      ] GC(173) User=0.01s Sys=0.00s Real=0.00s
[2026-03-25T22:10:39.311+0900][124.522s][info][gc,start    ] GC(174) Pause Young (Normal) (G1 Evacuation Pause)
[2026-03-25T22:10:39.311+0900][124.522s][info][gc,task     ] GC(174) Using 8 workers of 10 for evacuation
[2026-03-25T22:10:39.312+0900][124.523s][info][gc,phases   ] GC(174)   Pre Evacuate Collection Set: 0.0ms
[2026-03-25T22:10:39.312+0900][124.523s][info][gc,phases   ] GC(174)   Merge Heap Roots: 0.0ms
[2026-03-25T22:10:39.312+0900][124.523s][info][gc,phases   ] GC(174)   Evacuate Collection Set: 0.4ms
[2026-03-25T22:10:39.312+0900][124.523s][info][gc,phases   ] GC(174)   Post Evacuate Collection Set: 0.1ms
[2026-03-25T22:10:39.312+0900][124.523s][info][gc,phases   ] GC(174)   Other: 0.1ms
[2026-03-25T22:10:39.312+0900][124.523s][info][gc,heap     ] GC(174) Eden regions: 11->0(11)
[2026-03-25T22:10:39.312+0900][124.523s][info][gc,heap     ] GC(174) Survivor regions: 1->1(2)
[2026-03-25T22:10:39.312+0900][124.523s][info][gc,heap     ] GC(174) Old regions: 18->18
[2026-03-25T22:10:39.312+0900][124.523s][info][gc,heap     ] GC(174) Archive regions: 2->2
[2026-03-25T22:10:39.312+0900][124.523s][info][gc,heap     ] GC(174) Humongous regions: 24->24
[2026-03-25T22:10:39.312+0900][124.523s][info][gc,metaspace] GC(174) Metaspace: 104194K(105216K)->104194K(105216K) NonClass: 88926K(89472K)->88926K(89472K) Class: 15268K(15744K)->15268K(15744K)
[2026-03-25T22:10:39.312+0900][124.523s][info][gc          ] GC(174) Pause Young (Normal) (G1 Evacuation Pause) 214M->171M(256M) 0.765ms
[2026-03-25T22:10:39.312+0900][124.523s][info][gc,cpu      ] GC(174) User=0.00s Sys=0.00s Real=0.00s
[2026-03-25T22:10:39.678+0900][124.890s][info][gc,start    ] GC(175) Pause Young (Normal) (G1 Evacuation Pause)
[2026-03-25T22:10:39.679+0900][124.890s][info][gc,task     ] GC(175) Using 8 workers of 10 for evacuation
[2026-03-25T22:10:39.679+0900][124.891s][info][gc,phases   ] GC(175)   Pre Evacuate Collection Set: 0.0ms
[2026-03-25T22:10:39.679+0900][124.891s][info][gc,phases   ] GC(175)   Merge Heap Roots: 0.0ms
[2026-03-25T22:10:39.679+0900][124.891s][info][gc,phases   ] GC(175)   Evacuate Collection Set: 0.4ms
[2026-03-25T22:10:39.679+0900][124.891s][info][gc,phases   ] GC(175)   Post Evacuate Collection Set: 0.2ms
[2026-03-25T22:10:39.679+0900][124.891s][info][gc,phases   ] GC(175)   Other: 0.1ms
[2026-03-25T22:10:39.679+0900][124.891s][info][gc,heap     ] GC(175) Eden regions: 11->0(11)
[2026-03-25T22:10:39.679+0900][124.891s][info][gc,heap     ] GC(175) Survivor regions: 1->1(2)
[2026-03-25T22:10:39.679+0900][124.891s][info][gc,heap     ] GC(175) Old regions: 18->18
[2026-03-25T22:10:39.679+0900][124.891s][info][gc,heap     ] GC(175) Archive regions: 2->2
[2026-03-25T22:10:39.679+0900][124.891s][info][gc,heap     ] GC(175) Humongous regions: 24->24
[2026-03-25T22:10:39.679+0900][124.891s][info][gc,metaspace] GC(175) Metaspace: 104194K(105216K)->104194K(105216K) NonClass: 88926K(89472K)->88926K(89472K) Class: 15268K(15744K)->15268K(15744K)
[2026-03-25T22:10:39.679+0900][124.891s][info][gc          ] GC(175) Pause Young (Normal) (G1 Evacuation Pause) 215M->171M(256M) 0.745ms
[2026-03-25T22:10:39.679+0900][124.891s][info][gc,cpu      ] GC(175) User=0.00s Sys=0.00s Real=0.00s
[2026-03-25T22:10:39.984+0900][125.195s][info][gc,start    ] GC(176) Pause Young (Normal) (G1 Evacuation Pause)
[2026-03-25T22:10:39.984+0900][125.196s][info][gc,task     ] GC(176) Using 8 workers of 10 for evacuation
[2026-03-25T22:10:39.985+0900][125.196s][info][gc,phases   ] GC(176)   Pre Evacuate Collection Set: 0.0ms
[2026-03-25T22:10:39.985+0900][125.196s][info][gc,phases   ] GC(176)   Merge Heap Roots: 0.0ms
[2026-03-25T22:10:39.985+0900][125.196s][info][gc,phases   ] GC(176)   Evacuate Collection Set: 0.4ms
[2026-03-25T22:10:39.985+0900][125.196s][info][gc,phases   ] GC(176)   Post Evacuate Collection Set: 0.1ms
[2026-03-25T22:10:39.985+0900][125.196s][info][gc,phases   ] GC(176)   Other: 0.1ms
[2026-03-25T22:10:39.985+0900][125.196s][info][gc,heap     ] GC(176) Eden regions: 11->0(11)
[2026-03-25T22:10:39.985+0900][125.196s][info][gc,heap     ] GC(176) Survivor regions: 1->1(2)
[2026-03-25T22:10:39.985+0900][125.196s][info][gc,heap     ] GC(176) Old regions: 18->18
[2026-03-25T22:10:39.985+0900][125.196s][info][gc,heap     ] GC(176) Archive regions: 2->2
[2026-03-25T22:10:39.985+0900][125.196s][info][gc,heap     ] GC(176) Humongous regions: 24->24
[2026-03-25T22:10:39.985+0900][125.196s][info][gc,metaspace] GC(176) Metaspace: 104194K(105216K)->104194K(105216K) NonClass: 88926K(89472K)->88926K(89472K) Class: 15268K(15744K)->15268K(15744K)
[2026-03-25T22:10:39.985+0900][125.196s][info][gc          ] GC(176) Pause Young (Normal) (G1 Evacuation Pause) 215M->170M(256M) 0.710ms
[2026-03-25T22:10:39.985+0900][125.196s][info][gc,cpu      ] GC(176) User=0.01s Sys=0.00s Real=0.00s
[2026-03-25T22:10:40.325+0900][125.537s][info][gc,start    ] GC(177) Pause Young (Normal) (G1 Evacuation Pause)
[2026-03-25T22:10:40.325+0900][125.537s][info][gc,task     ] GC(177) Using 8 workers of 10 for evacuation
[2026-03-25T22:10:40.326+0900][125.538s][info][gc,phases   ] GC(177)   Pre Evacuate Collection Set: 0.0ms
[2026-03-25T22:10:40.326+0900][125.538s][info][gc,phases   ] GC(177)   Merge Heap Roots: 0.0ms
[2026-03-25T22:10:40.326+0900][125.538s][info][gc,phases   ] GC(177)   Evacuate Collection Set: 0.3ms
[2026-03-25T22:10:40.326+0900][125.538s][info][gc,phases   ] GC(177)   Post Evacuate Collection Set: 0.2ms
[2026-03-25T22:10:40.326+0900][125.538s][info][gc,phases   ] GC(177)   Other: 0.1ms
[2026-03-25T22:10:40.326+0900][125.538s][info][gc,heap     ] GC(177) Eden regions: 11->0(11)
[2026-03-25T22:10:40.326+0900][125.538s][info][gc,heap     ] GC(177) Survivor regions: 1->1(2)
[2026-03-25T22:10:40.326+0900][125.538s][info][gc,heap     ] GC(177) Old regions: 18->18
[2026-03-25T22:10:40.326+0900][125.538s][info][gc,heap     ] GC(177) Archive regions: 2->2
[2026-03-25T22:10:40.326+0900][125.538s][info][gc,heap     ] GC(177) Humongous regions: 24->24
[2026-03-25T22:10:40.326+0900][125.538s][info][gc,metaspace] GC(177) Metaspace: 104194K(105216K)->104194K(105216K) NonClass: 88926K(89472K)->88926K(89472K) Class: 15268K(15744K)->15268K(15744K)
[2026-03-25T22:10:40.326+0900][125.538s][info][gc          ] GC(177) Pause Young (Normal) (G1 Evacuation Pause) 214M->170M(256M) 0.723ms
[2026-03-25T22:10:40.326+0900][125.538s][info][gc,cpu      ] GC(177) User=0.01s Sys=0.00s Real=0.00s
[2026-03-25T22:10:40.718+0900][125.930s][info][gc,start    ] GC(178) Pause Young (Normal) (G1 Evacuation Pause)
[2026-03-25T22:10:40.719+0900][125.930s][info][gc,task     ] GC(178) Using 8 workers of 10 for evacuation
[2026-03-25T22:10:40.719+0900][125.931s][info][gc,phases   ] GC(178)   Pre Evacuate Collection Set: 0.0ms
[2026-03-25T22:10:40.719+0900][125.931s][info][gc,phases   ] GC(178)   Merge Heap Roots: 0.0ms
[2026-03-25T22:10:40.719+0900][125.931s][info][gc,phases   ] GC(178)   Evacuate Collection Set: 0.5ms
[2026-03-25T22:10:40.719+0900][125.931s][info][gc,phases   ] GC(178)   Post Evacuate Collection Set: 0.1ms
[2026-03-25T22:10:40.719+0900][125.931s][info][gc,phases   ] GC(178)   Other: 0.1ms
[2026-03-25T22:10:40.719+0900][125.931s][info][gc,heap     ] GC(178) Eden regions: 11->0(11)
[2026-03-25T22:10:40.719+0900][125.931s][info][gc,heap     ] GC(178) Survivor regions: 1->1(2)
[2026-03-25T22:10:40.719+0900][125.931s][info][gc,heap     ] GC(178) Old regions: 18->18
[2026-03-25T22:10:40.719+0900][125.931s][info][gc,heap     ] GC(178) Archive regions: 2->2
[2026-03-25T22:10:40.719+0900][125.931s][info][gc,heap     ] GC(178) Humongous regions: 24->24
[2026-03-25T22:10:40.719+0900][125.931s][info][gc,metaspace] GC(178) Metaspace: 104194K(105216K)->104194K(105216K) NonClass: 88926K(89472K)->88926K(89472K) Class: 15268K(15744K)->15268K(15744K)
[2026-03-25T22:10:40.719+0900][125.931s][info][gc          ] GC(178) Pause Young (Normal) (G1 Evacuation Pause) 214M->171M(256M) 0.845ms
[2026-03-25T22:10:40.719+0900][125.931s][info][gc,cpu      ] GC(178) User=0.01s Sys=0.00s Real=0.00s
[2026-03-25T22:10:40.928+0900][126.140s][info][gc,start    ] GC(179) Pause Young (Normal) (G1 Evacuation Pause)
[2026-03-25T22:10:40.928+0900][126.140s][info][gc,task     ] GC(179) Using 8 workers of 10 for evacuation
[2026-03-25T22:10:40.929+0900][126.140s][info][gc,phases   ] GC(179)   Pre Evacuate Collection Set: 0.0ms
[2026-03-25T22:10:40.929+0900][126.140s][info][gc,phases   ] GC(179)   Merge Heap Roots: 0.0ms
[2026-03-25T22:10:40.929+0900][126.140s][info][gc,phases   ] GC(179)   Evacuate Collection Set: 0.4ms
[2026-03-25T22:10:40.929+0900][126.140s][info][gc,phases   ] GC(179)   Post Evacuate Collection Set: 0.1ms
[2026-03-25T22:10:40.929+0900][126.140s][info][gc,phases   ] GC(179)   Other: 0.1ms
[2026-03-25T22:10:40.929+0900][126.140s][info][gc,heap     ] GC(179) Eden regions: 11->0(11)
[2026-03-25T22:10:40.929+0900][126.140s][info][gc,heap     ] GC(179) Survivor regions: 1->1(2)
[2026-03-25T22:10:40.929+0900][126.140s][info][gc,heap     ] GC(179) Old regions: 18->18
[2026-03-25T22:10:40.929+0900][126.140s][info][gc,heap     ] GC(179) Archive regions: 2->2
[2026-03-25T22:10:40.929+0900][126.140s][info][gc,heap     ] GC(179) Humongous regions: 24->24
[2026-03-25T22:10:40.929+0900][126.140s][info][gc,metaspace] GC(179) Metaspace: 104194K(105216K)->104194K(105216K) NonClass: 88926K(89472K)->88926K(89472K) Class: 15268K(15744K)->15268K(15744K)
[2026-03-25T22:10:40.929+0900][126.141s][info][gc          ] GC(179) Pause Young (Normal) (G1 Evacuation Pause) 215M->172M(256M) 0.773ms
[2026-03-25T22:10:40.929+0900][126.141s][info][gc,cpu      ] GC(179) User=0.00s Sys=0.00s Real=0.00s
[2026-03-25T22:10:41.274+0900][126.485s][info][gc,start    ] GC(180) Pause Young (Normal) (G1 Evacuation Pause)
[2026-03-25T22:10:41.274+0900][126.485s][info][gc,task     ] GC(180) Using 8 workers of 10 for evacuation
[2026-03-25T22:10:41.275+0900][126.486s][info][gc,phases   ] GC(180)   Pre Evacuate Collection Set: 0.0ms
[2026-03-25T22:10:41.275+0900][126.486s][info][gc,phases   ] GC(180)   Merge Heap Roots: 0.0ms
[2026-03-25T22:10:41.275+0900][126.486s][info][gc,phases   ] GC(180)   Evacuate Collection Set: 0.6ms
[2026-03-25T22:10:41.275+0900][126.486s][info][gc,phases   ] GC(180)   Post Evacuate Collection Set: 0.2ms
[2026-03-25T22:10:41.275+0900][126.486s][info][gc,phases   ] GC(180)   Other: 0.1ms
[2026-03-25T22:10:41.275+0900][126.486s][info][gc,heap     ] GC(180) Eden regions: 11->0(11)
[2026-03-25T22:10:41.275+0900][126.486s][info][gc,heap     ] GC(180) Survivor regions: 1->1(2)
[2026-03-25T22:10:41.275+0900][126.486s][info][gc,heap     ] GC(180) Old regions: 18->18
[2026-03-25T22:10:41.275+0900][126.486s][info][gc,heap     ] GC(180) Archive regions: 2->2
[2026-03-25T22:10:41.275+0900][126.486s][info][gc,heap     ] GC(180) Humongous regions: 24->24
[2026-03-25T22:10:41.275+0900][126.486s][info][gc,metaspace] GC(180) Metaspace: 104194K(105216K)->104194K(105216K) NonClass: 88926K(89472K)->88926K(89472K) Class: 15268K(15744K)->15268K(15744K)
[2026-03-25T22:10:41.275+0900][126.486s][info][gc          ] GC(180) Pause Young (Normal) (G1 Evacuation Pause) 216M->172M(256M) 0.919ms
[2026-03-25T22:10:41.275+0900][126.486s][info][gc,cpu      ] GC(180) User=0.00s Sys=0.00s Real=0.00s
[2026-03-25T22:10:41.612+0900][126.823s][info][gc,start    ] GC(181) Pause Young (Normal) (G1 Evacuation Pause)
[2026-03-25T22:10:41.612+0900][126.823s][info][gc,task     ] GC(181) Using 8 workers of 10 for evacuation
[2026-03-25T22:10:41.612+0900][126.824s][info][gc,phases   ] GC(181)   Pre Evacuate Collection Set: 0.1ms
[2026-03-25T22:10:41.612+0900][126.824s][info][gc,phases   ] GC(181)   Merge Heap Roots: 0.1ms
[2026-03-25T22:10:41.612+0900][126.824s][info][gc,phases   ] GC(181)   Evacuate Collection Set: 0.4ms
[2026-03-25T22:10:41.612+0900][126.824s][info][gc,phases   ] GC(181)   Post Evacuate Collection Set: 0.2ms
[2026-03-25T22:10:41.612+0900][126.824s][info][gc,phases   ] GC(181)   Other: 0.1ms
[2026-03-25T22:10:41.612+0900][126.824s][info][gc,heap     ] GC(181) Eden regions: 11->0(11)
[2026-03-25T22:10:41.612+0900][126.824s][info][gc,heap     ] GC(181) Survivor regions: 1->1(2)
[2026-03-25T22:10:41.612+0900][126.824s][info][gc,heap     ] GC(181) Old regions: 18->18
[2026-03-25T22:10:41.612+0900][126.824s][info][gc,heap     ] GC(181) Archive regions: 2->2
[2026-03-25T22:10:41.612+0900][126.824s][info][gc,heap     ] GC(181) Humongous regions: 24->24
[2026-03-25T22:10:41.612+0900][126.824s][info][gc,metaspace] GC(181) Metaspace: 104194K(105216K)->104194K(105216K) NonClass: 88926K(89472K)->88926K(89472K) Class: 15268K(15744K)->15268K(15744K)
[2026-03-25T22:10:41.612+0900][126.824s][info][gc          ] GC(181) Pause Young (Normal) (G1 Evacuation Pause) 216M->172M(256M) 0.752ms
[2026-03-25T22:10:41.612+0900][126.824s][info][gc,cpu      ] GC(181) User=0.00s Sys=0.00s Real=0.00s
[2026-03-25T22:10:41.938+0900][127.150s][info][gc,start    ] GC(182) Pause Young (Normal) (G1 Evacuation Pause)
[2026-03-25T22:10:41.938+0900][127.150s][info][gc,task     ] GC(182) Using 8 workers of 10 for evacuation
[2026-03-25T22:10:41.939+0900][127.151s][info][gc,phases   ] GC(182)   Pre Evacuate Collection Set: 0.1ms
[2026-03-25T22:10:41.939+0900][127.151s][info][gc,phases   ] GC(182)   Merge Heap Roots: 0.1ms
[2026-03-25T22:10:41.939+0900][127.151s][info][gc,phases   ] GC(182)   Evacuate Collection Set: 0.4ms
[2026-03-25T22:10:41.939+0900][127.151s][info][gc,phases   ] GC(182)   Post Evacuate Collection Set: 0.2ms
[2026-03-25T22:10:41.939+0900][127.151s][info][gc,phases   ] GC(182)   Other: 0.1ms
[2026-03-25T22:10:41.939+0900][127.151s][info][gc,heap     ] GC(182) Eden regions: 11->0(11)
[2026-03-25T22:10:41.939+0900][127.151s][info][gc,heap     ] GC(182) Survivor regions: 1->1(2)
[2026-03-25T22:10:41.939+0900][127.151s][info][gc,heap     ] GC(182) Old regions: 18->18
[2026-03-25T22:10:41.939+0900][127.151s][info][gc,heap     ] GC(182) Archive regions: 2->2
[2026-03-25T22:10:41.939+0900][127.151s][info][gc,heap     ] GC(182) Humongous regions: 24->24
[2026-03-25T22:10:41.939+0900][127.151s][info][gc,metaspace] GC(182) Metaspace: 104194K(105216K)->104194K(105216K) NonClass: 88926K(89472K)->88926K(89472K) Class: 15268K(15744K)->15268K(15744K)
[2026-03-25T22:10:41.939+0900][127.151s][info][gc          ] GC(182) Pause Young (Normal) (G1 Evacuation Pause) 216M->172M(256M) 0.787ms
[2026-03-25T22:10:41.939+0900][127.151s][info][gc,cpu      ] GC(182) User=0.00s Sys=0.00s Real=0.00s
[2026-03-25T22:10:42.376+0900][127.587s][info][gc,start    ] GC(183) Pause Young (Normal) (G1 Evacuation Pause)
[2026-03-25T22:10:42.376+0900][127.587s][info][gc,task     ] GC(183) Using 8 workers of 10 for evacuation
[2026-03-25T22:10:42.377+0900][127.588s][info][gc,phases   ] GC(183)   Pre Evacuate Collection Set: 0.0ms
[2026-03-25T22:10:42.377+0900][127.588s][info][gc,phases   ] GC(183)   Merge Heap Roots: 0.0ms
[2026-03-25T22:10:42.377+0900][127.588s][info][gc,phases   ] GC(183)   Evacuate Collection Set: 0.5ms
[2026-03-25T22:10:42.377+0900][127.588s][info][gc,phases   ] GC(183)   Post Evacuate Collection Set: 0.2ms
[2026-03-25T22:10:42.377+0900][127.588s][info][gc,phases   ] GC(183)   Other: 0.1ms
[2026-03-25T22:10:42.377+0900][127.588s][info][gc,heap     ] GC(183) Eden regions: 11->0(11)
[2026-03-25T22:10:42.377+0900][127.588s][info][gc,heap     ] GC(183) Survivor regions: 1->1(2)
[2026-03-25T22:10:42.377+0900][127.588s][info][gc,heap     ] GC(183) Old regions: 18->18
[2026-03-25T22:10:42.377+0900][127.588s][info][gc,heap     ] GC(183) Archive regions: 2->2
[2026-03-25T22:10:42.377+0900][127.588s][info][gc,heap     ] GC(183) Humongous regions: 24->24
[2026-03-25T22:10:42.377+0900][127.588s][info][gc,metaspace] GC(183) Metaspace: 104194K(105216K)->104194K(105216K) NonClass: 88926K(89472K)->88926K(89472K) Class: 15268K(15744K)->15268K(15744K)
[2026-03-25T22:10:42.377+0900][127.588s][info][gc          ] GC(183) Pause Young (Normal) (G1 Evacuation Pause) 216M->172M(256M) 0.802ms
[2026-03-25T22:10:42.377+0900][127.588s][info][gc,cpu      ] GC(183) User=0.00s Sys=0.00s Real=0.00s
[2026-03-25T22:10:42.607+0900][127.819s][info][gc,start    ] GC(184) Pause Young (Normal) (G1 Evacuation Pause)
[2026-03-25T22:10:42.607+0900][127.819s][info][gc,task     ] GC(184) Using 8 workers of 10 for evacuation
[2026-03-25T22:10:42.608+0900][127.820s][info][gc,phases   ] GC(184)   Pre Evacuate Collection Set: 0.1ms
[2026-03-25T22:10:42.608+0900][127.820s][info][gc,phases   ] GC(184)   Merge Heap Roots: 0.1ms
[2026-03-25T22:10:42.608+0900][127.820s][info][gc,phases   ] GC(184)   Evacuate Collection Set: 0.4ms
[2026-03-25T22:10:42.608+0900][127.820s][info][gc,phases   ] GC(184)   Post Evacuate Collection Set: 0.2ms
[2026-03-25T22:10:42.608+0900][127.820s][info][gc,phases   ] GC(184)   Other: 0.1ms
[2026-03-25T22:10:42.608+0900][127.820s][info][gc,heap     ] GC(184) Eden regions: 11->0(11)
[2026-03-25T22:10:42.608+0900][127.820s][info][gc,heap     ] GC(184) Survivor regions: 1->1(2)
[2026-03-25T22:10:42.608+0900][127.820s][info][gc,heap     ] GC(184) Old regions: 18->18
[2026-03-25T22:10:42.608+0900][127.820s][info][gc,heap     ] GC(184) Archive regions: 2->2
[2026-03-25T22:10:42.608+0900][127.820s][info][gc,heap     ] GC(184) Humongous regions: 24->24
[2026-03-25T22:10:42.608+0900][127.820s][info][gc,metaspace] GC(184) Metaspace: 104194K(105216K)->104194K(105216K) NonClass: 88926K(89472K)->88926K(89472K) Class: 15268K(15744K)->15268K(15744K)
[2026-03-25T22:10:42.608+0900][127.820s][info][gc          ] GC(184) Pause Young (Normal) (G1 Evacuation Pause) 216M->172M(256M) 0.837ms
[2026-03-25T22:10:42.608+0900][127.820s][info][gc,cpu      ] GC(184) User=0.00s Sys=0.00s Real=0.00s
[2026-03-25T22:10:42.919+0900][128.130s][info][gc,start    ] GC(185) Pause Young (Normal) (G1 Evacuation Pause)
[2026-03-25T22:10:42.919+0900][128.130s][info][gc,task     ] GC(185) Using 8 workers of 10 for evacuation
[2026-03-25T22:10:42.919+0900][128.131s][info][gc,phases   ] GC(185)   Pre Evacuate Collection Set: 0.1ms
[2026-03-25T22:10:42.919+0900][128.131s][info][gc,phases   ] GC(185)   Merge Heap Roots: 0.1ms
[2026-03-25T22:10:42.919+0900][128.131s][info][gc,phases   ] GC(185)   Evacuate Collection Set: 0.4ms
[2026-03-25T22:10:42.919+0900][128.131s][info][gc,phases   ] GC(185)   Post Evacuate Collection Set: 0.2ms
[2026-03-25T22:10:42.919+0900][128.131s][info][gc,phases   ] GC(185)   Other: 0.1ms
[2026-03-25T22:10:42.919+0900][128.131s][info][gc,heap     ] GC(185) Eden regions: 11->0(11)
[2026-03-25T22:10:42.919+0900][128.131s][info][gc,heap     ] GC(185) Survivor regions: 1->1(2)
[2026-03-25T22:10:42.919+0900][128.131s][info][gc,heap     ] GC(185) Old regions: 18->18
[2026-03-25T22:10:42.919+0900][128.131s][info][gc,heap     ] GC(185) Archive regions: 2->2
[2026-03-25T22:10:42.919+0900][128.131s][info][gc,heap     ] GC(185) Humongous regions: 24->24
[2026-03-25T22:10:42.919+0900][128.131s][info][gc,metaspace] GC(185) Metaspace: 104194K(105216K)->104194K(105216K) NonClass: 88926K(89472K)->88926K(89472K) Class: 15268K(15744K)->15268K(15744K)
[2026-03-25T22:10:42.919+0900][128.131s][info][gc          ] GC(185) Pause Young (Normal) (G1 Evacuation Pause) 216M->172M(256M) 0.789ms
[2026-03-25T22:10:42.919+0900][128.131s][info][gc,cpu      ] GC(185) User=0.00s Sys=0.00s Real=0.00s
[2026-03-25T22:10:43.393+0900][128.605s][info][gc,start    ] GC(186) Pause Young (Normal) (G1 Evacuation Pause)
[2026-03-25T22:10:43.393+0900][128.605s][info][gc,task     ] GC(186) Using 8 workers of 10 for evacuation
[2026-03-25T22:10:43.394+0900][128.605s][info][gc,phases   ] GC(186)   Pre Evacuate Collection Set: 0.1ms
[2026-03-25T22:10:43.394+0900][128.605s][info][gc,phases   ] GC(186)   Merge Heap Roots: 0.1ms
[2026-03-25T22:10:43.394+0900][128.605s][info][gc,phases   ] GC(186)   Evacuate Collection Set: 0.4ms
[2026-03-25T22:10:43.394+0900][128.605s][info][gc,phases   ] GC(186)   Post Evacuate Collection Set: 0.2ms
[2026-03-25T22:10:43.394+0900][128.605s][info][gc,phases   ] GC(186)   Other: 0.1ms
[2026-03-25T22:10:43.394+0900][128.605s][info][gc,heap     ] GC(186) Eden regions: 11->0(11)
[2026-03-25T22:10:43.394+0900][128.605s][info][gc,heap     ] GC(186) Survivor regions: 1->1(2)
[2026-03-25T22:10:43.394+0900][128.605s][info][gc,heap     ] GC(186) Old regions: 18->18
[2026-03-25T22:10:43.394+0900][128.605s][info][gc,heap     ] GC(186) Archive regions: 2->2
[2026-03-25T22:10:43.394+0900][128.605s][info][gc,heap     ] GC(186) Humongous regions: 24->24
[2026-03-25T22:10:43.394+0900][128.605s][info][gc,metaspace] GC(186) Metaspace: 104194K(105216K)->104194K(105216K) NonClass: 88926K(89472K)->88926K(89472K) Class: 15268K(15744K)->15268K(15744K)
[2026-03-25T22:10:43.394+0900][128.605s][info][gc          ] GC(186) Pause Young (Normal) (G1 Evacuation Pause) 216M->172M(256M) 0.826ms
[2026-03-25T22:10:43.394+0900][128.605s][info][gc,cpu      ] GC(186) User=0.00s Sys=0.00s Real=0.00s
[2026-03-25T22:10:43.801+0900][129.012s][info][gc,start    ] GC(187) Pause Young (Normal) (G1 Evacuation Pause)
[2026-03-25T22:10:43.801+0900][129.012s][info][gc,task     ] GC(187) Using 8 workers of 10 for evacuation
[2026-03-25T22:10:43.802+0900][129.014s][info][gc,phases   ] GC(187)   Pre Evacuate Collection Set: 0.1ms
[2026-03-25T22:10:43.802+0900][129.014s][info][gc,phases   ] GC(187)   Merge Heap Roots: 0.0ms
[2026-03-25T22:10:43.802+0900][129.014s][info][gc,phases   ] GC(187)   Evacuate Collection Set: 1.1ms
[2026-03-25T22:10:43.802+0900][129.014s][info][gc,phases   ] GC(187)   Post Evacuate Collection Set: 0.2ms
[2026-03-25T22:10:43.802+0900][129.014s][info][gc,phases   ] GC(187)   Other: 0.1ms
[2026-03-25T22:10:43.802+0900][129.014s][info][gc,heap     ] GC(187) Eden regions: 11->0(11)
[2026-03-25T22:10:43.802+0900][129.014s][info][gc,heap     ] GC(187) Survivor regions: 1->1(2)
[2026-03-25T22:10:43.802+0900][129.014s][info][gc,heap     ] GC(187) Old regions: 18->18
[2026-03-25T22:10:43.802+0900][129.014s][info][gc,heap     ] GC(187) Archive regions: 2->2
[2026-03-25T22:10:43.802+0900][129.014s][info][gc,heap     ] GC(187) Humongous regions: 24->24
[2026-03-25T22:10:43.802+0900][129.014s][info][gc,metaspace] GC(187) Metaspace: 104194K(105216K)->104194K(105216K) NonClass: 88926K(89472K)->88926K(89472K) Class: 15268K(15744K)->15268K(15744K)
[2026-03-25T22:10:43.802+0900][129.014s][info][gc          ] GC(187) Pause Young (Normal) (G1 Evacuation Pause) 216M->172M(256M) 1.661ms
[2026-03-25T22:10:43.802+0900][129.014s][info][gc,cpu      ] GC(187) User=0.00s Sys=0.00s Real=0.00s
[2026-03-25T22:10:44.029+0900][129.241s][info][gc,start    ] GC(188) Pause Young (Normal) (G1 Evacuation Pause)
[2026-03-25T22:10:44.029+0900][129.241s][info][gc,task     ] GC(188) Using 8 workers of 10 for evacuation
[2026-03-25T22:10:44.030+0900][129.241s][info][gc,phases   ] GC(188)   Pre Evacuate Collection Set: 0.1ms
[2026-03-25T22:10:44.030+0900][129.241s][info][gc,phases   ] GC(188)   Merge Heap Roots: 0.0ms
[2026-03-25T22:10:44.030+0900][129.241s][info][gc,phases   ] GC(188)   Evacuate Collection Set: 0.4ms
[2026-03-25T22:10:44.030+0900][129.241s][info][gc,phases   ] GC(188)   Post Evacuate Collection Set: 0.2ms
[2026-03-25T22:10:44.030+0900][129.241s][info][gc,phases   ] GC(188)   Other: 0.1ms
[2026-03-25T22:10:44.030+0900][129.241s][info][gc,heap     ] GC(188) Eden regions: 11->0(11)
[2026-03-25T22:10:44.030+0900][129.241s][info][gc,heap     ] GC(188) Survivor regions: 1->1(2)
[2026-03-25T22:10:44.030+0900][129.241s][info][gc,heap     ] GC(188) Old regions: 18->18
[2026-03-25T22:10:44.030+0900][129.241s][info][gc,heap     ] GC(188) Archive regions: 2->2
[2026-03-25T22:10:44.030+0900][129.241s][info][gc,heap     ] GC(188) Humongous regions: 24->24
[2026-03-25T22:10:44.030+0900][129.241s][info][gc,metaspace] GC(188) Metaspace: 104194K(105216K)->104194K(105216K) NonClass: 88926K(89472K)->88926K(89472K) Class: 15268K(15744K)->15268K(15744K)
[2026-03-25T22:10:44.030+0900][129.241s][info][gc          ] GC(188) Pause Young (Normal) (G1 Evacuation Pause) 216M->172M(256M) 0.713ms
[2026-03-25T22:10:44.030+0900][129.241s][info][gc,cpu      ] GC(188) User=0.00s Sys=0.00s Real=0.01s
[2026-03-25T22:10:44.394+0900][129.606s][info][gc,start    ] GC(189) Pause Young (Normal) (G1 Evacuation Pause)
[2026-03-25T22:10:44.395+0900][129.606s][info][gc,task     ] GC(189) Using 8 workers of 10 for evacuation
[2026-03-25T22:10:44.395+0900][129.607s][info][gc,phases   ] GC(189)   Pre Evacuate Collection Set: 0.0ms
[2026-03-25T22:10:44.395+0900][129.607s][info][gc,phases   ] GC(189)   Merge Heap Roots: 0.0ms
[2026-03-25T22:10:44.395+0900][129.607s][info][gc,phases   ] GC(189)   Evacuate Collection Set: 0.4ms
[2026-03-25T22:10:44.395+0900][129.607s][info][gc,phases   ] GC(189)   Post Evacuate Collection Set: 0.1ms
[2026-03-25T22:10:44.395+0900][129.607s][info][gc,phases   ] GC(189)   Other: 0.1ms
[2026-03-25T22:10:44.395+0900][129.607s][info][gc,heap     ] GC(189) Eden regions: 11->0(11)
[2026-03-25T22:10:44.395+0900][129.607s][info][gc,heap     ] GC(189) Survivor regions: 1->1(2)
[2026-03-25T22:10:44.395+0900][129.607s][info][gc,heap     ] GC(189) Old regions: 18->18
[2026-03-25T22:10:44.395+0900][129.607s][info][gc,heap     ] GC(189) Archive regions: 2->2
[2026-03-25T22:10:44.395+0900][129.607s][info][gc,heap     ] GC(189) Humongous regions: 24->24
[2026-03-25T22:10:44.395+0900][129.607s][info][gc,metaspace] GC(189) Metaspace: 104194K(105216K)->104194K(105216K) NonClass: 88926K(89472K)->88926K(89472K) Class: 15268K(15744K)->15268K(15744K)
[2026-03-25T22:10:44.395+0900][129.607s][info][gc          ] GC(189) Pause Young (Normal) (G1 Evacuation Pause) 216M->172M(256M) 0.683ms
[2026-03-25T22:10:44.395+0900][129.607s][info][gc,cpu      ] GC(189) User=0.01s Sys=0.00s Real=0.00s
[2026-03-25T22:10:44.858+0900][130.069s][info][gc,start    ] GC(190) Pause Young (Normal) (G1 Evacuation Pause)
[2026-03-25T22:10:44.858+0900][130.069s][info][gc,task     ] GC(190) Using 8 workers of 10 for evacuation
[2026-03-25T22:10:44.859+0900][130.070s][info][gc,phases   ] GC(190)   Pre Evacuate Collection Set: 0.0ms
[2026-03-25T22:10:44.859+0900][130.070s][info][gc,phases   ] GC(190)   Merge Heap Roots: 0.0ms
[2026-03-25T22:10:44.859+0900][130.070s][info][gc,phases   ] GC(190)   Evacuate Collection Set: 0.4ms
[2026-03-25T22:10:44.859+0900][130.070s][info][gc,phases   ] GC(190)   Post Evacuate Collection Set: 0.1ms
[2026-03-25T22:10:44.859+0900][130.070s][info][gc,phases   ] GC(190)   Other: 0.1ms
[2026-03-25T22:10:44.859+0900][130.070s][info][gc,heap     ] GC(190) Eden regions: 11->0(11)
[2026-03-25T22:10:44.859+0900][130.070s][info][gc,heap     ] GC(190) Survivor regions: 1->1(2)
[2026-03-25T22:10:44.859+0900][130.070s][info][gc,heap     ] GC(190) Old regions: 18->18
[2026-03-25T22:10:44.859+0900][130.070s][info][gc,heap     ] GC(190) Archive regions: 2->2
[2026-03-25T22:10:44.859+0900][130.070s][info][gc,heap     ] GC(190) Humongous regions: 24->24
[2026-03-25T22:10:44.859+0900][130.070s][info][gc,metaspace] GC(190) Metaspace: 104194K(105216K)->104194K(105216K) NonClass: 88926K(89472K)->88926K(89472K) Class: 15268K(15744K)->15268K(15744K)
[2026-03-25T22:10:44.859+0900][130.070s][info][gc          ] GC(190) Pause Young (Normal) (G1 Evacuation Pause) 216M->172M(256M) 0.770ms
[2026-03-25T22:10:44.859+0900][130.070s][info][gc,cpu      ] GC(190) User=0.00s Sys=0.00s Real=0.00s
[2026-03-25T22:10:45.003+0900][130.214s][info][gc,start    ] GC(191) Pause Young (Normal) (G1 Evacuation Pause)
[2026-03-25T22:10:45.003+0900][130.214s][info][gc,task     ] GC(191) Using 8 workers of 10 for evacuation
[2026-03-25T22:10:45.003+0900][130.215s][info][gc,phases   ] GC(191)   Pre Evacuate Collection Set: 0.0ms
[2026-03-25T22:10:45.003+0900][130.215s][info][gc,phases   ] GC(191)   Merge Heap Roots: 0.0ms
[2026-03-25T22:10:45.003+0900][130.215s][info][gc,phases   ] GC(191)   Evacuate Collection Set: 0.4ms
[2026-03-25T22:10:45.003+0900][130.215s][info][gc,phases   ] GC(191)   Post Evacuate Collection Set: 0.1ms
[2026-03-25T22:10:45.003+0900][130.215s][info][gc,phases   ] GC(191)   Other: 0.1ms
[2026-03-25T22:10:45.003+0900][130.215s][info][gc,heap     ] GC(191) Eden regions: 11->0(11)
[2026-03-25T22:10:45.003+0900][130.215s][info][gc,heap     ] GC(191) Survivor regions: 1->1(2)
[2026-03-25T22:10:45.003+0900][130.215s][info][gc,heap     ] GC(191) Old regions: 18->18
[2026-03-25T22:10:45.003+0900][130.215s][info][gc,heap     ] GC(191) Archive regions: 2->2
[2026-03-25T22:10:45.003+0900][130.215s][info][gc,heap     ] GC(191) Humongous regions: 24->24
[2026-03-25T22:10:45.003+0900][130.215s][info][gc,metaspace] GC(191) Metaspace: 104194K(105216K)->104194K(105216K) NonClass: 88926K(89472K)->88926K(89472K) Class: 15268K(15744K)->15268K(15744K)
[2026-03-25T22:10:45.003+0900][130.215s][info][gc          ] GC(191) Pause Young (Normal) (G1 Evacuation Pause) 216M->172M(256M) 0.712ms
[2026-03-25T22:10:45.003+0900][130.215s][info][gc,cpu      ] GC(191) User=0.00s Sys=0.01s Real=0.00s
[2026-03-25T22:10:45.449+0900][130.661s][info][gc,start    ] GC(192) Pause Young (Normal) (G1 Evacuation Pause)
[2026-03-25T22:10:45.449+0900][130.661s][info][gc,task     ] GC(192) Using 8 workers of 10 for evacuation
[2026-03-25T22:10:45.450+0900][130.662s][info][gc,phases   ] GC(192)   Pre Evacuate Collection Set: 0.0ms
[2026-03-25T22:10:45.450+0900][130.662s][info][gc,phases   ] GC(192)   Merge Heap Roots: 0.0ms
[2026-03-25T22:10:45.450+0900][130.662s][info][gc,phases   ] GC(192)   Evacuate Collection Set: 0.5ms
[2026-03-25T22:10:45.450+0900][130.662s][info][gc,phases   ] GC(192)   Post Evacuate Collection Set: 0.2ms
[2026-03-25T22:10:45.450+0900][130.662s][info][gc,phases   ] GC(192)   Other: 0.1ms
[2026-03-25T22:10:45.450+0900][130.662s][info][gc,heap     ] GC(192) Eden regions: 11->0(11)
[2026-03-25T22:10:45.450+0900][130.662s][info][gc,heap     ] GC(192) Survivor regions: 1->1(2)
[2026-03-25T22:10:45.450+0900][130.662s][info][gc,heap     ] GC(192) Old regions: 18->18
[2026-03-25T22:10:45.450+0900][130.662s][info][gc,heap     ] GC(192) Archive regions: 2->2
[2026-03-25T22:10:45.450+0900][130.662s][info][gc,heap     ] GC(192) Humongous regions: 24->24
[2026-03-25T22:10:45.450+0900][130.662s][info][gc,metaspace] GC(192) Metaspace: 104194K(105216K)->104194K(105216K) NonClass: 88926K(89472K)->88926K(89472K) Class: 15268K(15744K)->15268K(15744K)
[2026-03-25T22:10:45.450+0900][130.662s][info][gc          ] GC(192) Pause Young (Normal) (G1 Evacuation Pause) 216M->172M(256M) 0.824ms
[2026-03-25T22:10:45.450+0900][130.662s][info][gc,cpu      ] GC(192) User=0.00s Sys=0.00s Real=0.01s
[2026-03-25T22:10:45.820+0900][131.032s][info][gc,start    ] GC(193) Pause Young (Normal) (G1 Evacuation Pause)
[2026-03-25T22:10:45.820+0900][131.032s][info][gc,task     ] GC(193) Using 8 workers of 10 for evacuation
[2026-03-25T22:10:45.821+0900][131.032s][info][gc,phases   ] GC(193)   Pre Evacuate Collection Set: 0.1ms
[2026-03-25T22:10:45.821+0900][131.032s][info][gc,phases   ] GC(193)   Merge Heap Roots: 0.0ms
[2026-03-25T22:10:45.821+0900][131.032s][info][gc,phases   ] GC(193)   Evacuate Collection Set: 0.4ms
[2026-03-25T22:10:45.821+0900][131.032s][info][gc,phases   ] GC(193)   Post Evacuate Collection Set: 0.2ms
[2026-03-25T22:10:45.821+0900][131.032s][info][gc,phases   ] GC(193)   Other: 0.1ms
[2026-03-25T22:10:45.821+0900][131.032s][info][gc,heap     ] GC(193) Eden regions: 11->0(11)
[2026-03-25T22:10:45.821+0900][131.032s][info][gc,heap     ] GC(193) Survivor regions: 1->1(2)
[2026-03-25T22:10:45.821+0900][131.032s][info][gc,heap     ] GC(193) Old regions: 18->18
[2026-03-25T22:10:45.821+0900][131.032s][info][gc,heap     ] GC(193) Archive regions: 2->2
[2026-03-25T22:10:45.821+0900][131.032s][info][gc,heap     ] GC(193) Humongous regions: 24->24
[2026-03-25T22:10:45.821+0900][131.032s][info][gc,metaspace] GC(193) Metaspace: 104194K(105216K)->104194K(105216K) NonClass: 88926K(89472K)->88926K(89472K) Class: 15268K(15744K)->15268K(15744K)
[2026-03-25T22:10:45.821+0900][131.032s][info][gc          ] GC(193) Pause Young (Normal) (G1 Evacuation Pause) 216M->172M(256M) 0.806ms
[2026-03-25T22:10:45.821+0900][131.032s][info][gc,cpu      ] GC(193) User=0.00s Sys=0.00s Real=0.00s
[2026-03-25T22:10:46.069+0900][131.280s][info][gc,start    ] GC(194) Pause Young (Normal) (G1 Evacuation Pause)
[2026-03-25T22:10:46.069+0900][131.280s][info][gc,task     ] GC(194) Using 8 workers of 10 for evacuation
[2026-03-25T22:10:46.069+0900][131.281s][info][gc,phases   ] GC(194)   Pre Evacuate Collection Set: 0.0ms
[2026-03-25T22:10:46.069+0900][131.281s][info][gc,phases   ] GC(194)   Merge Heap Roots: 0.0ms
[2026-03-25T22:10:46.069+0900][131.281s][info][gc,phases   ] GC(194)   Evacuate Collection Set: 0.4ms
[2026-03-25T22:10:46.069+0900][131.281s][info][gc,phases   ] GC(194)   Post Evacuate Collection Set: 0.2ms
[2026-03-25T22:10:46.069+0900][131.281s][info][gc,phases   ] GC(194)   Other: 0.1ms
[2026-03-25T22:10:46.069+0900][131.281s][info][gc,heap     ] GC(194) Eden regions: 11->0(11)
[2026-03-25T22:10:46.069+0900][131.281s][info][gc,heap     ] GC(194) Survivor regions: 1->1(2)
[2026-03-25T22:10:46.069+0900][131.281s][info][gc,heap     ] GC(194) Old regions: 18->18
[2026-03-25T22:10:46.069+0900][131.281s][info][gc,heap     ] GC(194) Archive regions: 2->2
[2026-03-25T22:10:46.069+0900][131.281s][info][gc,heap     ] GC(194) Humongous regions: 24->24
[2026-03-25T22:10:46.069+0900][131.281s][info][gc,metaspace] GC(194) Metaspace: 104194K(105216K)->104194K(105216K) NonClass: 88926K(89472K)->88926K(89472K) Class: 15268K(15744K)->15268K(15744K)
[2026-03-25T22:10:46.069+0900][131.281s][info][gc          ] GC(194) Pause Young (Normal) (G1 Evacuation Pause) 216M->172M(256M) 0.790ms
[2026-03-25T22:10:46.069+0900][131.281s][info][gc,cpu      ] GC(194) User=0.00s Sys=0.00s Real=0.00s
[2026-03-25T22:10:46.273+0900][131.484s][info][gc,start    ] GC(195) Pause Young (Normal) (G1 Evacuation Pause)
[2026-03-25T22:10:46.273+0900][131.484s][info][gc,task     ] GC(195) Using 8 workers of 10 for evacuation
[2026-03-25T22:10:46.273+0900][131.485s][info][gc,phases   ] GC(195)   Pre Evacuate Collection Set: 0.0ms
[2026-03-25T22:10:46.273+0900][131.485s][info][gc,phases   ] GC(195)   Merge Heap Roots: 0.0ms
[2026-03-25T22:10:46.273+0900][131.485s][info][gc,phases   ] GC(195)   Evacuate Collection Set: 0.4ms
[2026-03-25T22:10:46.273+0900][131.485s][info][gc,phases   ] GC(195)   Post Evacuate Collection Set: 0.1ms
[2026-03-25T22:10:46.273+0900][131.485s][info][gc,phases   ] GC(195)   Other: 0.1ms
[2026-03-25T22:10:46.273+0900][131.485s][info][gc,heap     ] GC(195) Eden regions: 11->0(10)
[2026-03-25T22:10:46.273+0900][131.485s][info][gc,heap     ] GC(195) Survivor regions: 1->1(2)
[2026-03-25T22:10:46.273+0900][131.485s][info][gc,heap     ] GC(195) Old regions: 18->19
[2026-03-25T22:10:46.273+0900][131.485s][info][gc,heap     ] GC(195) Archive regions: 2->2
[2026-03-25T22:10:46.273+0900][131.485s][info][gc,heap     ] GC(195) Humongous regions: 24->24
[2026-03-25T22:10:46.273+0900][131.485s][info][gc,metaspace] GC(195) Metaspace: 104194K(105216K)->104194K(105216K) NonClass: 88926K(89472K)->88926K(89472K) Class: 15268K(15744K)->15268K(15744K)
[2026-03-25T22:10:46.273+0900][131.485s][info][gc          ] GC(195) Pause Young (Normal) (G1 Evacuation Pause) 216M->172M(256M) 0.746ms
[2026-03-25T22:10:46.273+0900][131.485s][info][gc,cpu      ] GC(195) User=0.00s Sys=0.00s Real=0.00s
[2026-03-25T22:10:46.543+0900][131.755s][info][gc,start    ] GC(196) Pause Young (Normal) (G1 Evacuation Pause)
[2026-03-25T22:10:46.543+0900][131.755s][info][gc,task     ] GC(196) Using 8 workers of 10 for evacuation
[2026-03-25T22:10:46.544+0900][131.755s][info][gc,phases   ] GC(196)   Pre Evacuate Collection Set: 0.0ms
[2026-03-25T22:10:46.544+0900][131.755s][info][gc,phases   ] GC(196)   Merge Heap Roots: 0.0ms
[2026-03-25T22:10:46.544+0900][131.755s][info][gc,phases   ] GC(196)   Evacuate Collection Set: 0.5ms
[2026-03-25T22:10:46.544+0900][131.755s][info][gc,phases   ] GC(196)   Post Evacuate Collection Set: 0.1ms
[2026-03-25T22:10:46.544+0900][131.755s][info][gc,phases   ] GC(196)   Other: 0.1ms
[2026-03-25T22:10:46.544+0900][131.755s][info][gc,heap     ] GC(196) Eden regions: 10->0(10)
[2026-03-25T22:10:46.544+0900][131.755s][info][gc,heap     ] GC(196) Survivor regions: 1->1(2)
[2026-03-25T22:10:46.544+0900][131.755s][info][gc,heap     ] GC(196) Old regions: 19->19
[2026-03-25T22:10:46.544+0900][131.755s][info][gc,heap     ] GC(196) Archive regions: 2->2
[2026-03-25T22:10:46.544+0900][131.755s][info][gc,heap     ] GC(196) Humongous regions: 24->24
[2026-03-25T22:10:46.544+0900][131.755s][info][gc,metaspace] GC(196) Metaspace: 104194K(105216K)->104194K(105216K) NonClass: 88926K(89472K)->88926K(89472K) Class: 15268K(15744K)->15268K(15744K)
[2026-03-25T22:10:46.544+0900][131.755s][info][gc          ] GC(196) Pause Young (Normal) (G1 Evacuation Pause) 212M->173M(256M) 0.809ms
[2026-03-25T22:10:46.544+0900][131.755s][info][gc,cpu      ] GC(196) User=0.00s Sys=0.00s Real=0.00s
[2026-03-25T22:10:46.827+0900][132.039s][info][gc,start    ] GC(197) Pause Young (Normal) (G1 Evacuation Pause)
[2026-03-25T22:10:46.827+0900][132.039s][info][gc,task     ] GC(197) Using 8 workers of 10 for evacuation
[2026-03-25T22:10:46.828+0900][132.039s][info][gc,phases   ] GC(197)   Pre Evacuate Collection Set: 0.1ms
[2026-03-25T22:10:46.828+0900][132.039s][info][gc,phases   ] GC(197)   Merge Heap Roots: 0.1ms
[2026-03-25T22:10:46.828+0900][132.039s][info][gc,phases   ] GC(197)   Evacuate Collection Set: 0.4ms
[2026-03-25T22:10:46.828+0900][132.039s][info][gc,phases   ] GC(197)   Post Evacuate Collection Set: 0.1ms
[2026-03-25T22:10:46.828+0900][132.039s][info][gc,phases   ] GC(197)   Other: 0.1ms
[2026-03-25T22:10:46.828+0900][132.039s][info][gc,heap     ] GC(197) Eden regions: 10->0(10)
[2026-03-25T22:10:46.828+0900][132.039s][info][gc,heap     ] GC(197) Survivor regions: 1->1(2)
[2026-03-25T22:10:46.828+0900][132.039s][info][gc,heap     ] GC(197) Old regions: 19->19
[2026-03-25T22:10:46.828+0900][132.039s][info][gc,heap     ] GC(197) Archive regions: 2->2
[2026-03-25T22:10:46.828+0900][132.039s][info][gc,heap     ] GC(197) Humongous regions: 24->24
[2026-03-25T22:10:46.828+0900][132.039s][info][gc,metaspace] GC(197) Metaspace: 104194K(105216K)->104194K(105216K) NonClass: 88926K(89472K)->88926K(89472K) Class: 15268K(15744K)->15268K(15744K)
[2026-03-25T22:10:46.828+0900][132.039s][info][gc          ] GC(197) Pause Young (Normal) (G1 Evacuation Pause) 213M->172M(256M) 0.776ms
[2026-03-25T22:10:46.828+0900][132.039s][info][gc,cpu      ] GC(197) User=0.00s Sys=0.00s Real=0.00s
[2026-03-25T22:10:47.194+0900][132.406s][info][gc,start    ] GC(198) Pause Young (Normal) (G1 Evacuation Pause)
[2026-03-25T22:10:47.194+0900][132.406s][info][gc,task     ] GC(198) Using 8 workers of 10 for evacuation
[2026-03-25T22:10:47.195+0900][132.406s][info][gc,phases   ] GC(198)   Pre Evacuate Collection Set: 0.1ms
[2026-03-25T22:10:47.195+0900][132.406s][info][gc,phases   ] GC(198)   Merge Heap Roots: 0.1ms
[2026-03-25T22:10:47.195+0900][132.406s][info][gc,phases   ] GC(198)   Evacuate Collection Set: 0.4ms
[2026-03-25T22:10:47.195+0900][132.406s][info][gc,phases   ] GC(198)   Post Evacuate Collection Set: 0.1ms
[2026-03-25T22:10:47.195+0900][132.406s][info][gc,phases   ] GC(198)   Other: 0.1ms
[2026-03-25T22:10:47.195+0900][132.406s][info][gc,heap     ] GC(198) Eden regions: 10->0(10)
[2026-03-25T22:10:47.195+0900][132.406s][info][gc,heap     ] GC(198) Survivor regions: 1->1(2)
[2026-03-25T22:10:47.195+0900][132.406s][info][gc,heap     ] GC(198) Old regions: 19->19
[2026-03-25T22:10:47.195+0900][132.406s][info][gc,heap     ] GC(198) Archive regions: 2->2
[2026-03-25T22:10:47.195+0900][132.406s][info][gc,heap     ] GC(198) Humongous regions: 24->24
[2026-03-25T22:10:47.195+0900][132.406s][info][gc,metaspace] GC(198) Metaspace: 104194K(105216K)->104194K(105216K) NonClass: 88926K(89472K)->88926K(89472K) Class: 15268K(15744K)->15268K(15744K)
[2026-03-25T22:10:47.195+0900][132.406s][info][gc          ] GC(198) Pause Young (Normal) (G1 Evacuation Pause) 212M->172M(256M) 0.743ms
[2026-03-25T22:10:47.195+0900][132.406s][info][gc,cpu      ] GC(198) User=0.01s Sys=0.01s Real=0.00s
[2026-03-25T22:10:47.573+0900][132.784s][info][gc,start    ] GC(199) Pause Young (Normal) (G1 Evacuation Pause)
[2026-03-25T22:10:47.573+0900][132.784s][info][gc,task     ] GC(199) Using 8 workers of 10 for evacuation
[2026-03-25T22:10:47.573+0900][132.785s][info][gc,phases   ] GC(199)   Pre Evacuate Collection Set: 0.0ms
[2026-03-25T22:10:47.573+0900][132.785s][info][gc,phases   ] GC(199)   Merge Heap Roots: 0.0ms
[2026-03-25T22:10:47.574+0900][132.785s][info][gc,phases   ] GC(199)   Evacuate Collection Set: 0.4ms
[2026-03-25T22:10:47.574+0900][132.785s][info][gc,phases   ] GC(199)   Post Evacuate Collection Set: 0.2ms
[2026-03-25T22:10:47.574+0900][132.785s][info][gc,phases   ] GC(199)   Other: 0.1ms
[2026-03-25T22:10:47.574+0900][132.785s][info][gc,heap     ] GC(199) Eden regions: 10->0(10)
[2026-03-25T22:10:47.574+0900][132.785s][info][gc,heap     ] GC(199) Survivor regions: 1->1(2)
[2026-03-25T22:10:47.574+0900][132.785s][info][gc,heap     ] GC(199) Old regions: 19->19
[2026-03-25T22:10:47.574+0900][132.785s][info][gc,heap     ] GC(199) Archive regions: 2->2
[2026-03-25T22:10:47.574+0900][132.785s][info][gc,heap     ] GC(199) Humongous regions: 24->24
[2026-03-25T22:10:47.574+0900][132.785s][info][gc,metaspace] GC(199) Metaspace: 104194K(105216K)->104194K(105216K) NonClass: 88926K(89472K)->88926K(89472K) Class: 15268K(15744K)->15268K(15744K)
[2026-03-25T22:10:47.574+0900][132.785s][info][gc          ] GC(199) Pause Young (Normal) (G1 Evacuation Pause) 212M->172M(256M) 0.823ms
[2026-03-25T22:10:47.574+0900][132.785s][info][gc,cpu      ] GC(199) User=0.00s Sys=0.01s Real=0.00s
[2026-03-25T22:10:47.739+0900][132.950s][info][gc,start    ] GC(200) Pause Young (Normal) (G1 Evacuation Pause)
[2026-03-25T22:10:47.739+0900][132.951s][info][gc,task     ] GC(200) Using 8 workers of 10 for evacuation
[2026-03-25T22:10:47.740+0900][132.951s][info][gc,phases   ] GC(200)   Pre Evacuate Collection Set: 0.0ms
[2026-03-25T22:10:47.740+0900][132.951s][info][gc,phases   ] GC(200)   Merge Heap Roots: 0.0ms
[2026-03-25T22:10:47.740+0900][132.951s][info][gc,phases   ] GC(200)   Evacuate Collection Set: 0.4ms
[2026-03-25T22:10:47.740+0900][132.951s][info][gc,phases   ] GC(200)   Post Evacuate Collection Set: 0.1ms
[2026-03-25T22:10:47.740+0900][132.951s][info][gc,phases   ] GC(200)   Other: 0.1ms
[2026-03-25T22:10:47.740+0900][132.951s][info][gc,heap     ] GC(200) Eden regions: 10->0(10)
[2026-03-25T22:10:47.740+0900][132.951s][info][gc,heap     ] GC(200) Survivor regions: 1->1(2)
[2026-03-25T22:10:47.740+0900][132.951s][info][gc,heap     ] GC(200) Old regions: 19->19
[2026-03-25T22:10:47.740+0900][132.951s][info][gc,heap     ] GC(200) Archive regions: 2->2
[2026-03-25T22:10:47.740+0900][132.951s][info][gc,heap     ] GC(200) Humongous regions: 24->24
[2026-03-25T22:10:47.740+0900][132.951s][info][gc,metaspace] GC(200) Metaspace: 104194K(105216K)->104194K(105216K) NonClass: 88926K(89472K)->88926K(89472K) Class: 15268K(15744K)->15268K(15744K)
[2026-03-25T22:10:47.740+0900][132.951s][info][gc          ] GC(200) Pause Young (Normal) (G1 Evacuation Pause) 212M->173M(256M) 0.762ms
[2026-03-25T22:10:47.740+0900][132.951s][info][gc,cpu      ] GC(200) User=0.00s Sys=0.00s Real=0.01s
[2026-03-25T22:10:48.057+0900][133.269s][info][gc,start    ] GC(201) Pause Young (Normal) (G1 Evacuation Pause)
[2026-03-25T22:10:48.057+0900][133.269s][info][gc,task     ] GC(201) Using 8 workers of 10 for evacuation
[2026-03-25T22:10:48.058+0900][133.270s][info][gc,phases   ] GC(201)   Pre Evacuate Collection Set: 0.0ms
[2026-03-25T22:10:48.058+0900][133.270s][info][gc,phases   ] GC(201)   Merge Heap Roots: 0.0ms
[2026-03-25T22:10:48.058+0900][133.270s][info][gc,phases   ] GC(201)   Evacuate Collection Set: 0.5ms
[2026-03-25T22:10:48.058+0900][133.270s][info][gc,phases   ] GC(201)   Post Evacuate Collection Set: 0.2ms
[2026-03-25T22:10:48.058+0900][133.270s][info][gc,phases   ] GC(201)   Other: 0.1ms
[2026-03-25T22:10:48.058+0900][133.270s][info][gc,heap     ] GC(201) Eden regions: 10->0(10)
[2026-03-25T22:10:48.058+0900][133.270s][info][gc,heap     ] GC(201) Survivor regions: 1->1(2)
[2026-03-25T22:10:48.058+0900][133.270s][info][gc,heap     ] GC(201) Old regions: 19->19
[2026-03-25T22:10:48.058+0900][133.270s][info][gc,heap     ] GC(201) Archive regions: 2->2
[2026-03-25T22:10:48.058+0900][133.270s][info][gc,heap     ] GC(201) Humongous regions: 24->24
[2026-03-25T22:10:48.058+0900][133.270s][info][gc,metaspace] GC(201) Metaspace: 104194K(105216K)->104194K(105216K) NonClass: 88926K(89472K)->88926K(89472K) Class: 15268K(15744K)->15268K(15744K)
[2026-03-25T22:10:48.058+0900][133.270s][info][gc          ] GC(201) Pause Young (Normal) (G1 Evacuation Pause) 213M->173M(256M) 0.861ms
[2026-03-25T22:10:48.058+0900][133.270s][info][gc,cpu      ] GC(201) User=0.00s Sys=0.00s Real=0.00s
[2026-03-25T22:10:48.347+0900][133.558s][info][gc,start    ] GC(202) Pause Young (Normal) (G1 Evacuation Pause)
[2026-03-25T22:10:48.347+0900][133.558s][info][gc,task     ] GC(202) Using 8 workers of 10 for evacuation
[2026-03-25T22:10:48.347+0900][133.559s][info][gc,phases   ] GC(202)   Pre Evacuate Collection Set: 0.0ms
[2026-03-25T22:10:48.347+0900][133.559s][info][gc,phases   ] GC(202)   Merge Heap Roots: 0.0ms
[2026-03-25T22:10:48.347+0900][133.559s][info][gc,phases   ] GC(202)   Evacuate Collection Set: 0.4ms
[2026-03-25T22:10:48.347+0900][133.559s][info][gc,phases   ] GC(202)   Post Evacuate Collection Set: 0.2ms
[2026-03-25T22:10:48.347+0900][133.559s][info][gc,phases   ] GC(202)   Other: 0.1ms
[2026-03-25T22:10:48.347+0900][133.559s][info][gc,heap     ] GC(202) Eden regions: 10->0(10)
[2026-03-25T22:10:48.347+0900][133.559s][info][gc,heap     ] GC(202) Survivor regions: 1->1(2)
[2026-03-25T22:10:48.347+0900][133.559s][info][gc,heap     ] GC(202) Old regions: 19->19
[2026-03-25T22:10:48.347+0900][133.559s][info][gc,heap     ] GC(202) Archive regions: 2->2
[2026-03-25T22:10:48.347+0900][133.559s][info][gc,heap     ] GC(202) Humongous regions: 24->24
[2026-03-25T22:10:48.348+0900][133.559s][info][gc,metaspace] GC(202) Metaspace: 104194K(105216K)->104194K(105216K) NonClass: 88926K(89472K)->88926K(89472K) Class: 15268K(15744K)->15268K(15744K)
[2026-03-25T22:10:48.348+0900][133.559s][info][gc          ] GC(202) Pause Young (Normal) (G1 Evacuation Pause) 213M->173M(256M) 0.824ms
[2026-03-25T22:10:48.348+0900][133.559s][info][gc,cpu      ] GC(202) User=0.01s Sys=0.00s Real=0.00s
[2026-03-25T22:10:48.700+0900][133.912s][info][gc,start    ] GC(203) Pause Young (Normal) (G1 Evacuation Pause)
[2026-03-25T22:10:48.700+0900][133.912s][info][gc,task     ] GC(203) Using 8 workers of 10 for evacuation
[2026-03-25T22:10:48.701+0900][133.912s][info][gc,phases   ] GC(203)   Pre Evacuate Collection Set: 0.0ms
[2026-03-25T22:10:48.701+0900][133.912s][info][gc,phases   ] GC(203)   Merge Heap Roots: 0.0ms
[2026-03-25T22:10:48.701+0900][133.912s][info][gc,phases   ] GC(203)   Evacuate Collection Set: 0.4ms
[2026-03-25T22:10:48.701+0900][133.912s][info][gc,phases   ] GC(203)   Post Evacuate Collection Set: 0.1ms
[2026-03-25T22:10:48.701+0900][133.912s][info][gc,phases   ] GC(203)   Other: 0.1ms
[2026-03-25T22:10:48.701+0900][133.912s][info][gc,heap     ] GC(203) Eden regions: 10->0(10)
[2026-03-25T22:10:48.701+0900][133.912s][info][gc,heap     ] GC(203) Survivor regions: 1->1(2)
[2026-03-25T22:10:48.701+0900][133.912s][info][gc,heap     ] GC(203) Old regions: 19->19
[2026-03-25T22:10:48.701+0900][133.912s][info][gc,heap     ] GC(203) Archive regions: 2->2
[2026-03-25T22:10:48.701+0900][133.912s][info][gc,heap     ] GC(203) Humongous regions: 24->24
[2026-03-25T22:10:48.701+0900][133.912s][info][gc,metaspace] GC(203) Metaspace: 104194K(105216K)->104194K(105216K) NonClass: 88926K(89472K)->88926K(89472K) Class: 15268K(15744K)->15268K(15744K)
[2026-03-25T22:10:48.701+0900][133.912s][info][gc          ] GC(203) Pause Young (Normal) (G1 Evacuation Pause) 213M->173M(256M) 0.700ms
[2026-03-25T22:10:48.701+0900][133.912s][info][gc,cpu      ] GC(203) User=0.00s Sys=0.00s Real=0.00s
[2026-03-25T22:10:49.086+0900][134.297s][info][gc,start    ] GC(204) Pause Young (Normal) (G1 Evacuation Pause)
[2026-03-25T22:10:49.086+0900][134.297s][info][gc,task     ] GC(204) Using 8 workers of 10 for evacuation
[2026-03-25T22:10:49.086+0900][134.298s][info][gc,phases   ] GC(204)   Pre Evacuate Collection Set: 0.0ms
[2026-03-25T22:10:49.086+0900][134.298s][info][gc,phases   ] GC(204)   Merge Heap Roots: 0.0ms
[2026-03-25T22:10:49.086+0900][134.298s][info][gc,phases   ] GC(204)   Evacuate Collection Set: 0.4ms
[2026-03-25T22:10:49.086+0900][134.298s][info][gc,phases   ] GC(204)   Post Evacuate Collection Set: 0.2ms
[2026-03-25T22:10:49.086+0900][134.298s][info][gc,phases   ] GC(204)   Other: 0.1ms
[2026-03-25T22:10:49.086+0900][134.298s][info][gc,heap     ] GC(204) Eden regions: 10->0(10)
[2026-03-25T22:10:49.086+0900][134.298s][info][gc,heap     ] GC(204) Survivor regions: 1->1(2)
[2026-03-25T22:10:49.086+0900][134.298s][info][gc,heap     ] GC(204) Old regions: 19->19
[2026-03-25T22:10:49.086+0900][134.298s][info][gc,heap     ] GC(204) Archive regions: 2->2
[2026-03-25T22:10:49.086+0900][134.298s][info][gc,heap     ] GC(204) Humongous regions: 24->24
[2026-03-25T22:10:49.086+0900][134.298s][info][gc,metaspace] GC(204) Metaspace: 104194K(105216K)->104194K(105216K) NonClass: 88926K(89472K)->88926K(89472K) Class: 15268K(15744K)->15268K(15744K)
[2026-03-25T22:10:49.086+0900][134.298s][info][gc          ] GC(204) Pause Young (Normal) (G1 Evacuation Pause) 213M->173M(256M) 0.835ms
[2026-03-25T22:10:49.086+0900][134.298s][info][gc,cpu      ] GC(204) User=0.00s Sys=0.00s Real=0.00s
[2026-03-25T22:10:49.296+0900][134.508s][info][gc,start    ] GC(205) Pause Young (Normal) (G1 Evacuation Pause)
[2026-03-25T22:10:49.296+0900][134.508s][info][gc,task     ] GC(205) Using 8 workers of 10 for evacuation
[2026-03-25T22:10:49.297+0900][134.509s][info][gc,phases   ] GC(205)   Pre Evacuate Collection Set: 0.0ms
[2026-03-25T22:10:49.297+0900][134.509s][info][gc,phases   ] GC(205)   Merge Heap Roots: 0.0ms
[2026-03-25T22:10:49.297+0900][134.509s][info][gc,phases   ] GC(205)   Evacuate Collection Set: 0.4ms
[2026-03-25T22:10:49.297+0900][134.509s][info][gc,phases   ] GC(205)   Post Evacuate Collection Set: 0.2ms
[2026-03-25T22:10:49.297+0900][134.509s][info][gc,phases   ] GC(205)   Other: 0.1ms
[2026-03-25T22:10:49.297+0900][134.509s][info][gc,heap     ] GC(205) Eden regions: 10->0(10)
[2026-03-25T22:10:49.297+0900][134.509s][info][gc,heap     ] GC(205) Survivor regions: 1->1(2)
[2026-03-25T22:10:49.297+0900][134.509s][info][gc,heap     ] GC(205) Old regions: 19->19
[2026-03-25T22:10:49.297+0900][134.509s][info][gc,heap     ] GC(205) Archive regions: 2->2
[2026-03-25T22:10:49.297+0900][134.509s][info][gc,heap     ] GC(205) Humongous regions: 24->24
[2026-03-25T22:10:49.297+0900][134.509s][info][gc,metaspace] GC(205) Metaspace: 104194K(105216K)->104194K(105216K) NonClass: 88926K(89472K)->88926K(89472K) Class: 15268K(15744K)->15268K(15744K)
[2026-03-25T22:10:49.297+0900][134.509s][info][gc          ] GC(205) Pause Young (Normal) (G1 Evacuation Pause) 213M->173M(256M) 0.812ms
[2026-03-25T22:10:49.297+0900][134.509s][info][gc,cpu      ] GC(205) User=0.00s Sys=0.00s Real=0.00s
[2026-03-25T22:10:49.618+0900][134.830s][info][gc,start    ] GC(206) Pause Young (Normal) (G1 Evacuation Pause)
[2026-03-25T22:10:49.618+0900][134.830s][info][gc,task     ] GC(206) Using 8 workers of 10 for evacuation
[2026-03-25T22:10:49.619+0900][134.830s][info][gc,phases   ] GC(206)   Pre Evacuate Collection Set: 0.0ms
[2026-03-25T22:10:49.619+0900][134.830s][info][gc,phases   ] GC(206)   Merge Heap Roots: 0.0ms
[2026-03-25T22:10:49.619+0900][134.830s][info][gc,phases   ] GC(206)   Evacuate Collection Set: 0.4ms
[2026-03-25T22:10:49.619+0900][134.830s][info][gc,phases   ] GC(206)   Post Evacuate Collection Set: 0.2ms
[2026-03-25T22:10:49.619+0900][134.830s][info][gc,phases   ] GC(206)   Other: 0.1ms
[2026-03-25T22:10:49.619+0900][134.830s][info][gc,heap     ] GC(206) Eden regions: 10->0(10)
[2026-03-25T22:10:49.619+0900][134.830s][info][gc,heap     ] GC(206) Survivor regions: 1->1(2)
[2026-03-25T22:10:49.619+0900][134.830s][info][gc,heap     ] GC(206) Old regions: 19->19
[2026-03-25T22:10:49.619+0900][134.830s][info][gc,heap     ] GC(206) Archive regions: 2->2
[2026-03-25T22:10:49.619+0900][134.830s][info][gc,heap     ] GC(206) Humongous regions: 24->24
[2026-03-25T22:10:49.619+0900][134.830s][info][gc,metaspace] GC(206) Metaspace: 104194K(105216K)->104194K(105216K) NonClass: 88926K(89472K)->88926K(89472K) Class: 15268K(15744K)->15268K(15744K)
[2026-03-25T22:10:49.619+0900][134.830s][info][gc          ] GC(206) Pause Young (Normal) (G1 Evacuation Pause) 213M->173M(256M) 0.764ms
[2026-03-25T22:10:49.619+0900][134.830s][info][gc,cpu      ] GC(206) User=0.00s Sys=0.00s Real=0.00s
[2026-03-25T22:10:49.857+0900][135.069s][info][gc,start    ] GC(207) Pause Young (Normal) (G1 Evacuation Pause)
[2026-03-25T22:10:49.857+0900][135.069s][info][gc,task     ] GC(207) Using 8 workers of 10 for evacuation
[2026-03-25T22:10:49.858+0900][135.069s][info][gc,phases   ] GC(207)   Pre Evacuate Collection Set: 0.1ms
[2026-03-25T22:10:49.858+0900][135.069s][info][gc,phases   ] GC(207)   Merge Heap Roots: 0.0ms
[2026-03-25T22:10:49.858+0900][135.069s][info][gc,phases   ] GC(207)   Evacuate Collection Set: 0.4ms
[2026-03-25T22:10:49.858+0900][135.069s][info][gc,phases   ] GC(207)   Post Evacuate Collection Set: 0.2ms
[2026-03-25T22:10:49.858+0900][135.069s][info][gc,phases   ] GC(207)   Other: 0.1ms
[2026-03-25T22:10:49.858+0900][135.069s][info][gc,heap     ] GC(207) Eden regions: 10->0(10)
[2026-03-25T22:10:49.858+0900][135.069s][info][gc,heap     ] GC(207) Survivor regions: 1->1(2)
[2026-03-25T22:10:49.858+0900][135.069s][info][gc,heap     ] GC(207) Old regions: 19->19
[2026-03-25T22:10:49.858+0900][135.069s][info][gc,heap     ] GC(207) Archive regions: 2->2
[2026-03-25T22:10:49.858+0900][135.069s][info][gc,heap     ] GC(207) Humongous regions: 24->24
[2026-03-25T22:10:49.858+0900][135.069s][info][gc,metaspace] GC(207) Metaspace: 104194K(105216K)->104194K(105216K) NonClass: 88926K(89472K)->88926K(89472K) Class: 15268K(15744K)->15268K(15744K)
[2026-03-25T22:10:49.858+0900][135.069s][info][gc          ] GC(207) Pause Young (Normal) (G1 Evacuation Pause) 213M->173M(256M) 0.784ms
[2026-03-25T22:10:49.858+0900][135.069s][info][gc,cpu      ] GC(207) User=0.00s Sys=0.00s Real=0.00s
[2026-03-25T22:10:50.199+0900][135.410s][info][gc,start    ] GC(208) Pause Young (Normal) (G1 Evacuation Pause)
[2026-03-25T22:10:50.199+0900][135.410s][info][gc,task     ] GC(208) Using 8 workers of 10 for evacuation
[2026-03-25T22:10:50.199+0900][135.411s][info][gc,phases   ] GC(208)   Pre Evacuate Collection Set: 0.0ms
[2026-03-25T22:10:50.199+0900][135.411s][info][gc,phases   ] GC(208)   Merge Heap Roots: 0.0ms
[2026-03-25T22:10:50.199+0900][135.411s][info][gc,phases   ] GC(208)   Evacuate Collection Set: 0.4ms
[2026-03-25T22:10:50.199+0900][135.411s][info][gc,phases   ] GC(208)   Post Evacuate Collection Set: 0.2ms
[2026-03-25T22:10:50.199+0900][135.411s][info][gc,phases   ] GC(208)   Other: 0.1ms
[2026-03-25T22:10:50.199+0900][135.411s][info][gc,heap     ] GC(208) Eden regions: 10->0(10)
[2026-03-25T22:10:50.199+0900][135.411s][info][gc,heap     ] GC(208) Survivor regions: 1->1(2)
[2026-03-25T22:10:50.199+0900][135.411s][info][gc,heap     ] GC(208) Old regions: 19->19
[2026-03-25T22:10:50.199+0900][135.411s][info][gc,heap     ] GC(208) Archive regions: 2->2
[2026-03-25T22:10:50.199+0900][135.411s][info][gc,heap     ] GC(208) Humongous regions: 24->24
[2026-03-25T22:10:50.199+0900][135.411s][info][gc,metaspace] GC(208) Metaspace: 104194K(105216K)->104194K(105216K) NonClass: 88926K(89472K)->88926K(89472K) Class: 15268K(15744K)->15268K(15744K)
[2026-03-25T22:10:50.199+0900][135.411s][info][gc          ] GC(208) Pause Young (Normal) (G1 Evacuation Pause) 213M->173M(256M) 0.730ms
[2026-03-25T22:10:50.199+0900][135.411s][info][gc,cpu      ] GC(208) User=0.01s Sys=0.00s Real=0.00s
[2026-03-25T22:10:50.467+0900][135.678s][info][gc,start    ] GC(209) Pause Young (Normal) (G1 Evacuation Pause)
[2026-03-25T22:10:50.467+0900][135.678s][info][gc,task     ] GC(209) Using 8 workers of 10 for evacuation
[2026-03-25T22:10:50.467+0900][135.679s][info][gc,phases   ] GC(209)   Pre Evacuate Collection Set: 0.0ms
[2026-03-25T22:10:50.467+0900][135.679s][info][gc,phases   ] GC(209)   Merge Heap Roots: 0.0ms
[2026-03-25T22:10:50.467+0900][135.679s][info][gc,phases   ] GC(209)   Evacuate Collection Set: 0.4ms
[2026-03-25T22:10:50.467+0900][135.679s][info][gc,phases   ] GC(209)   Post Evacuate Collection Set: 0.2ms
[2026-03-25T22:10:50.467+0900][135.679s][info][gc,phases   ] GC(209)   Other: 0.1ms
[2026-03-25T22:10:50.467+0900][135.679s][info][gc,heap     ] GC(209) Eden regions: 10->0(10)
[2026-03-25T22:10:50.467+0900][135.679s][info][gc,heap     ] GC(209) Survivor regions: 1->1(2)
[2026-03-25T22:10:50.467+0900][135.679s][info][gc,heap     ] GC(209) Old regions: 19->19
[2026-03-25T22:10:50.467+0900][135.679s][info][gc,heap     ] GC(209) Archive regions: 2->2
[2026-03-25T22:10:50.467+0900][135.679s][info][gc,heap     ] GC(209) Humongous regions: 24->24
[2026-03-25T22:10:50.467+0900][135.679s][info][gc,metaspace] GC(209) Metaspace: 104194K(105216K)->104194K(105216K) NonClass: 88926K(89472K)->88926K(89472K) Class: 15268K(15744K)->15268K(15744K)
[2026-03-25T22:10:50.467+0900][135.679s][info][gc          ] GC(209) Pause Young (Normal) (G1 Evacuation Pause) 213M->173M(256M) 0.717ms
[2026-03-25T22:10:50.468+0900][135.679s][info][gc,cpu      ] GC(209) User=0.00s Sys=0.00s Real=0.00s
[2026-03-25T22:10:50.720+0900][135.932s][info][gc,start    ] GC(210) Pause Young (Normal) (G1 Evacuation Pause)
[2026-03-25T22:10:50.720+0900][135.932s][info][gc,task     ] GC(210) Using 8 workers of 10 for evacuation
[2026-03-25T22:10:50.721+0900][135.932s][info][gc,phases   ] GC(210)   Pre Evacuate Collection Set: 0.0ms
[2026-03-25T22:10:50.721+0900][135.932s][info][gc,phases   ] GC(210)   Merge Heap Roots: 0.0ms
[2026-03-25T22:10:50.721+0900][135.932s][info][gc,phases   ] GC(210)   Evacuate Collection Set: 0.4ms
[2026-03-25T22:10:50.721+0900][135.932s][info][gc,phases   ] GC(210)   Post Evacuate Collection Set: 0.1ms
[2026-03-25T22:10:50.721+0900][135.932s][info][gc,phases   ] GC(210)   Other: 0.1ms
[2026-03-25T22:10:50.721+0900][135.932s][info][gc,heap     ] GC(210) Eden regions: 10->0(10)
[2026-03-25T22:10:50.721+0900][135.932s][info][gc,heap     ] GC(210) Survivor regions: 1->1(2)
[2026-03-25T22:10:50.721+0900][135.932s][info][gc,heap     ] GC(210) Old regions: 19->19
[2026-03-25T22:10:50.721+0900][135.932s][info][gc,heap     ] GC(210) Archive regions: 2->2
[2026-03-25T22:10:50.721+0900][135.932s][info][gc,heap     ] GC(210) Humongous regions: 24->24
[2026-03-25T22:10:50.721+0900][135.932s][info][gc,metaspace] GC(210) Metaspace: 104194K(105216K)->104194K(105216K) NonClass: 88926K(89472K)->88926K(89472K) Class: 15268K(15744K)->15268K(15744K)
[2026-03-25T22:10:50.721+0900][135.932s][info][gc          ] GC(210) Pause Young (Normal) (G1 Evacuation Pause) 213M->173M(256M) 0.783ms
[2026-03-25T22:10:50.721+0900][135.932s][info][gc,cpu      ] GC(210) User=0.00s Sys=0.00s Real=0.00s
[2026-03-25T22:10:50.999+0900][136.211s][info][gc,start    ] GC(211) Pause Young (Normal) (G1 Evacuation Pause)
[2026-03-25T22:10:50.999+0900][136.211s][info][gc,task     ] GC(211) Using 8 workers of 10 for evacuation
[2026-03-25T22:10:51.000+0900][136.211s][info][gc,phases   ] GC(211)   Pre Evacuate Collection Set: 0.0ms
[2026-03-25T22:10:51.000+0900][136.211s][info][gc,phases   ] GC(211)   Merge Heap Roots: 0.0ms
[2026-03-25T22:10:51.000+0900][136.211s][info][gc,phases   ] GC(211)   Evacuate Collection Set: 0.5ms
[2026-03-25T22:10:51.000+0900][136.211s][info][gc,phases   ] GC(211)   Post Evacuate Collection Set: 0.1ms
[2026-03-25T22:10:51.000+0900][136.211s][info][gc,phases   ] GC(211)   Other: 0.1ms
[2026-03-25T22:10:51.000+0900][136.211s][info][gc,heap     ] GC(211) Eden regions: 10->0(10)
[2026-03-25T22:10:51.000+0900][136.211s][info][gc,heap     ] GC(211) Survivor regions: 1->1(2)
[2026-03-25T22:10:51.000+0900][136.211s][info][gc,heap     ] GC(211) Old regions: 19->19
[2026-03-25T22:10:51.000+0900][136.211s][info][gc,heap     ] GC(211) Archive regions: 2->2
[2026-03-25T22:10:51.000+0900][136.211s][info][gc,heap     ] GC(211) Humongous regions: 24->24
[2026-03-25T22:10:51.000+0900][136.211s][info][gc,metaspace] GC(211) Metaspace: 104194K(105216K)->104194K(105216K) NonClass: 88926K(89472K)->88926K(89472K) Class: 15268K(15744K)->15268K(15744K)
[2026-03-25T22:10:51.000+0900][136.211s][info][gc          ] GC(211) Pause Young (Normal) (G1 Evacuation Pause) 213M->173M(256M) 0.782ms
[2026-03-25T22:10:51.000+0900][136.211s][info][gc,cpu      ] GC(211) User=0.01s Sys=0.00s Real=0.01s
[2026-03-25T22:10:51.298+0900][136.510s][info][gc,start    ] GC(212) Pause Young (Normal) (G1 Evacuation Pause)
[2026-03-25T22:10:51.298+0900][136.510s][info][gc,task     ] GC(212) Using 8 workers of 10 for evacuation
[2026-03-25T22:10:51.299+0900][136.510s][info][gc,phases   ] GC(212)   Pre Evacuate Collection Set: 0.1ms
[2026-03-25T22:10:51.299+0900][136.510s][info][gc,phases   ] GC(212)   Merge Heap Roots: 0.0ms
[2026-03-25T22:10:51.299+0900][136.510s][info][gc,phases   ] GC(212)   Evacuate Collection Set: 0.5ms
[2026-03-25T22:10:51.299+0900][136.510s][info][gc,phases   ] GC(212)   Post Evacuate Collection Set: 0.2ms
[2026-03-25T22:10:51.299+0900][136.510s][info][gc,phases   ] GC(212)   Other: 0.1ms
[2026-03-25T22:10:51.299+0900][136.510s][info][gc,heap     ] GC(212) Eden regions: 10->0(10)
[2026-03-25T22:10:51.299+0900][136.510s][info][gc,heap     ] GC(212) Survivor regions: 1->1(2)
[2026-03-25T22:10:51.299+0900][136.510s][info][gc,heap     ] GC(212) Old regions: 19->19
[2026-03-25T22:10:51.299+0900][136.510s][info][gc,heap     ] GC(212) Archive regions: 2->2
[2026-03-25T22:10:51.299+0900][136.510s][info][gc,heap     ] GC(212) Humongous regions: 24->24
[2026-03-25T22:10:51.299+0900][136.510s][info][gc,metaspace] GC(212) Metaspace: 104194K(105216K)->104194K(105216K) NonClass: 88926K(89472K)->88926K(89472K) Class: 15268K(15744K)->15268K(15744K)
[2026-03-25T22:10:51.299+0900][136.510s][info][gc          ] GC(212) Pause Young (Normal) (G1 Evacuation Pause) 213M->173M(256M) 0.846ms
[2026-03-25T22:10:51.299+0900][136.510s][info][gc,cpu      ] GC(212) User=0.01s Sys=0.00s Real=0.00s
[2026-03-25T22:10:51.541+0900][136.752s][info][gc,start    ] GC(213) Pause Young (Normal) (G1 Evacuation Pause)
[2026-03-25T22:10:51.541+0900][136.752s][info][gc,task     ] GC(213) Using 8 workers of 10 for evacuation
[2026-03-25T22:10:51.541+0900][136.753s][info][gc,phases   ] GC(213)   Pre Evacuate Collection Set: 0.0ms
[2026-03-25T22:10:51.541+0900][136.753s][info][gc,phases   ] GC(213)   Merge Heap Roots: 0.0ms
[2026-03-25T22:10:51.541+0900][136.753s][info][gc,phases   ] GC(213)   Evacuate Collection Set: 0.4ms
[2026-03-25T22:10:51.541+0900][136.753s][info][gc,phases   ] GC(213)   Post Evacuate Collection Set: 0.2ms
[2026-03-25T22:10:51.541+0900][136.753s][info][gc,phases   ] GC(213)   Other: 0.1ms
[2026-03-25T22:10:51.541+0900][136.753s][info][gc,heap     ] GC(213) Eden regions: 10->0(10)
[2026-03-25T22:10:51.541+0900][136.753s][info][gc,heap     ] GC(213) Survivor regions: 1->1(2)
[2026-03-25T22:10:51.541+0900][136.753s][info][gc,heap     ] GC(213) Old regions: 19->19
[2026-03-25T22:10:51.541+0900][136.753s][info][gc,heap     ] GC(213) Archive regions: 2->2
[2026-03-25T22:10:51.541+0900][136.753s][info][gc,heap     ] GC(213) Humongous regions: 24->24
[2026-03-25T22:10:51.541+0900][136.753s][info][gc,metaspace] GC(213) Metaspace: 104194K(105216K)->104194K(105216K) NonClass: 88926K(89472K)->88926K(89472K) Class: 15268K(15744K)->15268K(15744K)
[2026-03-25T22:10:51.541+0900][136.753s][info][gc          ] GC(213) Pause Young (Normal) (G1 Evacuation Pause) 213M->173M(256M) 0.787ms
[2026-03-25T22:10:51.541+0900][136.753s][info][gc,cpu      ] GC(213) User=0.00s Sys=0.00s Real=0.00s
[2026-03-25T22:10:51.791+0900][137.003s][info][gc,start    ] GC(214) Pause Young (Normal) (G1 Evacuation Pause)
[2026-03-25T22:10:51.791+0900][137.003s][info][gc,task     ] GC(214) Using 8 workers of 10 for evacuation
[2026-03-25T22:10:51.792+0900][137.003s][info][gc,phases   ] GC(214)   Pre Evacuate Collection Set: 0.0ms
[2026-03-25T22:10:51.792+0900][137.003s][info][gc,phases   ] GC(214)   Merge Heap Roots: 0.0ms
[2026-03-25T22:10:51.792+0900][137.003s][info][gc,phases   ] GC(214)   Evacuate Collection Set: 0.5ms
[2026-03-25T22:10:51.792+0900][137.003s][info][gc,phases   ] GC(214)   Post Evacuate Collection Set: 0.2ms
[2026-03-25T22:10:51.792+0900][137.003s][info][gc,phases   ] GC(214)   Other: 0.1ms
[2026-03-25T22:10:51.792+0900][137.003s][info][gc,heap     ] GC(214) Eden regions: 10->0(10)
[2026-03-25T22:10:51.792+0900][137.003s][info][gc,heap     ] GC(214) Survivor regions: 1->1(2)
[2026-03-25T22:10:51.792+0900][137.003s][info][gc,heap     ] GC(214) Old regions: 19->19
[2026-03-25T22:10:51.792+0900][137.003s][info][gc,heap     ] GC(214) Archive regions: 2->2
[2026-03-25T22:10:51.792+0900][137.003s][info][gc,heap     ] GC(214) Humongous regions: 24->24
[2026-03-25T22:10:51.792+0900][137.004s][info][gc,metaspace] GC(214) Metaspace: 104194K(105216K)->104194K(105216K) NonClass: 88926K(89472K)->88926K(89472K) Class: 15268K(15744K)->15268K(15744K)
[2026-03-25T22:10:51.792+0900][137.004s][info][gc          ] GC(214) Pause Young (Normal) (G1 Evacuation Pause) 213M->173M(256M) 0.892ms
[2026-03-25T22:10:51.792+0900][137.004s][info][gc,cpu      ] GC(214) User=0.00s Sys=0.00s Real=0.00s
[2026-03-25T22:10:52.069+0900][137.280s][info][gc,start    ] GC(215) Pause Young (Normal) (G1 Evacuation Pause)
[2026-03-25T22:10:52.069+0900][137.280s][info][gc,task     ] GC(215) Using 8 workers of 10 for evacuation
[2026-03-25T22:10:52.069+0900][137.281s][info][gc,phases   ] GC(215)   Pre Evacuate Collection Set: 0.0ms
[2026-03-25T22:10:52.069+0900][137.281s][info][gc,phases   ] GC(215)   Merge Heap Roots: 0.0ms
[2026-03-25T22:10:52.069+0900][137.281s][info][gc,phases   ] GC(215)   Evacuate Collection Set: 0.4ms
[2026-03-25T22:10:52.069+0900][137.281s][info][gc,phases   ] GC(215)   Post Evacuate Collection Set: 0.2ms
[2026-03-25T22:10:52.069+0900][137.281s][info][gc,phases   ] GC(215)   Other: 0.1ms
[2026-03-25T22:10:52.069+0900][137.281s][info][gc,heap     ] GC(215) Eden regions: 10->0(10)
[2026-03-25T22:10:52.069+0900][137.281s][info][gc,heap     ] GC(215) Survivor regions: 1->1(2)
[2026-03-25T22:10:52.069+0900][137.281s][info][gc,heap     ] GC(215) Old regions: 19->19
[2026-03-25T22:10:52.069+0900][137.281s][info][gc,heap     ] GC(215) Archive regions: 2->2
[2026-03-25T22:10:52.069+0900][137.281s][info][gc,heap     ] GC(215) Humongous regions: 24->24
[2026-03-25T22:10:52.069+0900][137.281s][info][gc,metaspace] GC(215) Metaspace: 104194K(105216K)->104194K(105216K) NonClass: 88926K(89472K)->88926K(89472K) Class: 15268K(15744K)->15268K(15744K)
[2026-03-25T22:10:52.069+0900][137.281s][info][gc          ] GC(215) Pause Young (Normal) (G1 Evacuation Pause) 213M->173M(256M) 0.729ms
[2026-03-25T22:10:52.069+0900][137.281s][info][gc,cpu      ] GC(215) User=0.01s Sys=0.00s Real=0.00s
[2026-03-25T22:10:52.360+0900][137.572s][info][gc,start    ] GC(216) Pause Young (Normal) (G1 Evacuation Pause)
[2026-03-25T22:10:52.360+0900][137.572s][info][gc,task     ] GC(216) Using 8 workers of 10 for evacuation
[2026-03-25T22:10:52.361+0900][137.572s][info][gc,phases   ] GC(216)   Pre Evacuate Collection Set: 0.0ms
[2026-03-25T22:10:52.361+0900][137.572s][info][gc,phases   ] GC(216)   Merge Heap Roots: 0.0ms
[2026-03-25T22:10:52.361+0900][137.572s][info][gc,phases   ] GC(216)   Evacuate Collection Set: 0.3ms
[2026-03-25T22:10:52.361+0900][137.572s][info][gc,phases   ] GC(216)   Post Evacuate Collection Set: 0.2ms
[2026-03-25T22:10:52.361+0900][137.572s][info][gc,phases   ] GC(216)   Other: 0.1ms
[2026-03-25T22:10:52.361+0900][137.572s][info][gc,heap     ] GC(216) Eden regions: 10->0(10)
[2026-03-25T22:10:52.361+0900][137.572s][info][gc,heap     ] GC(216) Survivor regions: 1->1(2)
[2026-03-25T22:10:52.361+0900][137.572s][info][gc,heap     ] GC(216) Old regions: 19->19
[2026-03-25T22:10:52.361+0900][137.572s][info][gc,heap     ] GC(216) Archive regions: 2->2
[2026-03-25T22:10:52.361+0900][137.572s][info][gc,heap     ] GC(216) Humongous regions: 24->24
[2026-03-25T22:10:52.361+0900][137.572s][info][gc,metaspace] GC(216) Metaspace: 104194K(105216K)->104194K(105216K) NonClass: 88926K(89472K)->88926K(89472K) Class: 15268K(15744K)->15268K(15744K)
[2026-03-25T22:10:52.361+0900][137.572s][info][gc          ] GC(216) Pause Young (Normal) (G1 Evacuation Pause) 213M->173M(256M) 0.733ms
[2026-03-25T22:10:52.361+0900][137.572s][info][gc,cpu      ] GC(216) User=0.00s Sys=0.00s Real=0.00s
[2026-03-25T22:10:52.704+0900][137.916s][info][gc,start    ] GC(217) Pause Young (Normal) (G1 Evacuation Pause)
[2026-03-25T22:10:52.704+0900][137.916s][info][gc,task     ] GC(217) Using 8 workers of 10 for evacuation
[2026-03-25T22:10:52.705+0900][137.916s][info][gc,phases   ] GC(217)   Pre Evacuate Collection Set: 0.0ms
[2026-03-25T22:10:52.705+0900][137.916s][info][gc,phases   ] GC(217)   Merge Heap Roots: 0.0ms
[2026-03-25T22:10:52.705+0900][137.916s][info][gc,phases   ] GC(217)   Evacuate Collection Set: 0.4ms
[2026-03-25T22:10:52.705+0900][137.916s][info][gc,phases   ] GC(217)   Post Evacuate Collection Set: 0.1ms
[2026-03-25T22:10:52.705+0900][137.916s][info][gc,phases   ] GC(217)   Other: 0.1ms
[2026-03-25T22:10:52.705+0900][137.916s][info][gc,heap     ] GC(217) Eden regions: 10->0(10)
[2026-03-25T22:10:52.705+0900][137.916s][info][gc,heap     ] GC(217) Survivor regions: 1->1(2)
[2026-03-25T22:10:52.705+0900][137.916s][info][gc,heap     ] GC(217) Old regions: 19->19
[2026-03-25T22:10:52.705+0900][137.916s][info][gc,heap     ] GC(217) Archive regions: 2->2
[2026-03-25T22:10:52.705+0900][137.916s][info][gc,heap     ] GC(217) Humongous regions: 24->24
[2026-03-25T22:10:52.705+0900][137.916s][info][gc,metaspace] GC(217) Metaspace: 104194K(105216K)->104194K(105216K) NonClass: 88926K(89472K)->88926K(89472K) Class: 15268K(15744K)->15268K(15744K)
[2026-03-25T22:10:52.705+0900][137.916s][info][gc          ] GC(217) Pause Young (Normal) (G1 Evacuation Pause) 213M->173M(256M) 0.780ms
[2026-03-25T22:10:52.705+0900][137.916s][info][gc,cpu      ] GC(217) User=0.00s Sys=0.00s Real=0.00s
[2026-03-25T22:10:52.995+0900][138.206s][info][gc,start    ] GC(218) Pause Young (Normal) (G1 Evacuation Pause)
[2026-03-25T22:10:52.995+0900][138.206s][info][gc,task     ] GC(218) Using 8 workers of 10 for evacuation
[2026-03-25T22:10:52.996+0900][138.207s][info][gc,phases   ] GC(218)   Pre Evacuate Collection Set: 0.0ms
[2026-03-25T22:10:52.996+0900][138.207s][info][gc,phases   ] GC(218)   Merge Heap Roots: 0.0ms
[2026-03-25T22:10:52.996+0900][138.207s][info][gc,phases   ] GC(218)   Evacuate Collection Set: 0.4ms
[2026-03-25T22:10:52.996+0900][138.207s][info][gc,phases   ] GC(218)   Post Evacuate Collection Set: 0.1ms
[2026-03-25T22:10:52.996+0900][138.207s][info][gc,phases   ] GC(218)   Other: 0.1ms
[2026-03-25T22:10:52.996+0900][138.207s][info][gc,heap     ] GC(218) Eden regions: 10->0(10)
[2026-03-25T22:10:52.996+0900][138.207s][info][gc,heap     ] GC(218) Survivor regions: 1->1(2)
[2026-03-25T22:10:52.996+0900][138.207s][info][gc,heap     ] GC(218) Old regions: 19->19
[2026-03-25T22:10:52.996+0900][138.207s][info][gc,heap     ] GC(218) Archive regions: 2->2
[2026-03-25T22:10:52.996+0900][138.207s][info][gc,heap     ] GC(218) Humongous regions: 24->24
[2026-03-25T22:10:52.996+0900][138.207s][info][gc,metaspace] GC(218) Metaspace: 104194K(105216K)->104194K(105216K) NonClass: 88926K(89472K)->88926K(89472K) Class: 15268K(15744K)->15268K(15744K)
[2026-03-25T22:10:52.996+0900][138.207s][info][gc          ] GC(218) Pause Young (Normal) (G1 Evacuation Pause) 213M->173M(256M) 0.782ms
[2026-03-25T22:10:52.996+0900][138.207s][info][gc,cpu      ] GC(218) User=0.00s Sys=0.00s Real=0.00s
[2026-03-25T22:10:53.238+0900][138.449s][info][gc,start    ] GC(219) Pause Young (Normal) (G1 Evacuation Pause)
[2026-03-25T22:10:53.238+0900][138.449s][info][gc,task     ] GC(219) Using 8 workers of 10 for evacuation
[2026-03-25T22:10:53.239+0900][138.450s][info][gc,phases   ] GC(219)   Pre Evacuate Collection Set: 0.0ms
[2026-03-25T22:10:53.239+0900][138.450s][info][gc,phases   ] GC(219)   Merge Heap Roots: 0.0ms
[2026-03-25T22:10:53.239+0900][138.450s][info][gc,phases   ] GC(219)   Evacuate Collection Set: 0.4ms
[2026-03-25T22:10:53.239+0900][138.450s][info][gc,phases   ] GC(219)   Post Evacuate Collection Set: 0.2ms
[2026-03-25T22:10:53.239+0900][138.450s][info][gc,phases   ] GC(219)   Other: 0.1ms
[2026-03-25T22:10:53.239+0900][138.450s][info][gc,heap     ] GC(219) Eden regions: 10->0(10)
[2026-03-25T22:10:53.239+0900][138.450s][info][gc,heap     ] GC(219) Survivor regions: 1->1(2)
[2026-03-25T22:10:53.239+0900][138.450s][info][gc,heap     ] GC(219) Old regions: 19->19
[2026-03-25T22:10:53.239+0900][138.450s][info][gc,heap     ] GC(219) Archive regions: 2->2
[2026-03-25T22:10:53.239+0900][138.450s][info][gc,heap     ] GC(219) Humongous regions: 24->24
[2026-03-25T22:10:53.239+0900][138.450s][info][gc,metaspace] GC(219) Metaspace: 104194K(105216K)->104194K(105216K) NonClass: 88926K(89472K)->88926K(89472K) Class: 15268K(15744K)->15268K(15744K)
[2026-03-25T22:10:53.239+0900][138.450s][info][gc          ] GC(219) Pause Young (Normal) (G1 Evacuation Pause) 213M->173M(256M) 0.777ms
[2026-03-25T22:10:53.239+0900][138.450s][info][gc,cpu      ] GC(219) User=0.01s Sys=0.00s Real=0.00s
[2026-03-25T22:10:53.614+0900][138.825s][info][gc,start    ] GC(220) Pause Young (Normal) (G1 Evacuation Pause)
[2026-03-25T22:10:53.614+0900][138.825s][info][gc,task     ] GC(220) Using 8 workers of 10 for evacuation
[2026-03-25T22:10:53.614+0900][138.826s][info][gc,phases   ] GC(220)   Pre Evacuate Collection Set: 0.1ms
[2026-03-25T22:10:53.614+0900][138.826s][info][gc,phases   ] GC(220)   Merge Heap Roots: 0.0ms
[2026-03-25T22:10:53.614+0900][138.826s][info][gc,phases   ] GC(220)   Evacuate Collection Set: 0.4ms
[2026-03-25T22:10:53.614+0900][138.826s][info][gc,phases   ] GC(220)   Post Evacuate Collection Set: 0.1ms
[2026-03-25T22:10:53.614+0900][138.826s][info][gc,phases   ] GC(220)   Other: 0.1ms
[2026-03-25T22:10:53.614+0900][138.826s][info][gc,heap     ] GC(220) Eden regions: 10->0(10)
[2026-03-25T22:10:53.614+0900][138.826s][info][gc,heap     ] GC(220) Survivor regions: 1->1(2)
[2026-03-25T22:10:53.614+0900][138.826s][info][gc,heap     ] GC(220) Old regions: 19->19
[2026-03-25T22:10:53.614+0900][138.826s][info][gc,heap     ] GC(220) Archive regions: 2->2
[2026-03-25T22:10:53.614+0900][138.826s][info][gc,heap     ] GC(220) Humongous regions: 24->24
[2026-03-25T22:10:53.614+0900][138.826s][info][gc,metaspace] GC(220) Metaspace: 104194K(105216K)->104194K(105216K) NonClass: 88926K(89472K)->88926K(89472K) Class: 15268K(15744K)->15268K(15744K)
[2026-03-25T22:10:53.614+0900][138.826s][info][gc          ] GC(220) Pause Young (Normal) (G1 Evacuation Pause) 213M->173M(256M) 0.773ms
[2026-03-25T22:10:53.614+0900][138.826s][info][gc,cpu      ] GC(220) User=0.00s Sys=0.00s Real=0.00s
[2026-03-25T22:10:53.840+0900][139.052s][info][gc,start    ] GC(221) Pause Young (Normal) (G1 Evacuation Pause)
[2026-03-25T22:10:53.840+0900][139.052s][info][gc,task     ] GC(221) Using 8 workers of 10 for evacuation
[2026-03-25T22:10:53.841+0900][139.053s][info][gc,phases   ] GC(221)   Pre Evacuate Collection Set: 0.0ms
[2026-03-25T22:10:53.841+0900][139.053s][info][gc,phases   ] GC(221)   Merge Heap Roots: 0.0ms
[2026-03-25T22:10:53.841+0900][139.053s][info][gc,phases   ] GC(221)   Evacuate Collection Set: 0.4ms
[2026-03-25T22:10:53.841+0900][139.053s][info][gc,phases   ] GC(221)   Post Evacuate Collection Set: 0.2ms
[2026-03-25T22:10:53.841+0900][139.053s][info][gc,phases   ] GC(221)   Other: 0.1ms
[2026-03-25T22:10:53.841+0900][139.053s][info][gc,heap     ] GC(221) Eden regions: 10->0(10)
[2026-03-25T22:10:53.841+0900][139.053s][info][gc,heap     ] GC(221) Survivor regions: 1->1(2)
[2026-03-25T22:10:53.841+0900][139.053s][info][gc,heap     ] GC(221) Old regions: 19->19
[2026-03-25T22:10:53.841+0900][139.053s][info][gc,heap     ] GC(221) Archive regions: 2->2
[2026-03-25T22:10:53.841+0900][139.053s][info][gc,heap     ] GC(221) Humongous regions: 24->24
[2026-03-25T22:10:53.841+0900][139.053s][info][gc,metaspace] GC(221) Metaspace: 104194K(105216K)->104194K(105216K) NonClass: 88926K(89472K)->88926K(89472K) Class: 15268K(15744K)->15268K(15744K)
[2026-03-25T22:10:53.841+0900][139.053s][info][gc          ] GC(221) Pause Young (Normal) (G1 Evacuation Pause) 213M->173M(256M) 0.807ms
[2026-03-25T22:10:53.841+0900][139.053s][info][gc,cpu      ] GC(221) User=0.00s Sys=0.00s Real=0.00s
[2026-03-25T22:10:54.082+0900][139.294s][info][gc,start    ] GC(222) Pause Young (Normal) (G1 Evacuation Pause)
[2026-03-25T22:10:54.082+0900][139.294s][info][gc,task     ] GC(222) Using 8 workers of 10 for evacuation
[2026-03-25T22:10:54.083+0900][139.294s][info][gc,phases   ] GC(222)   Pre Evacuate Collection Set: 0.0ms
[2026-03-25T22:10:54.083+0900][139.295s][info][gc,phases   ] GC(222)   Merge Heap Roots: 0.0ms
[2026-03-25T22:10:54.083+0900][139.295s][info][gc,phases   ] GC(222)   Evacuate Collection Set: 0.4ms
[2026-03-25T22:10:54.083+0900][139.295s][info][gc,phases   ] GC(222)   Post Evacuate Collection Set: 0.2ms
[2026-03-25T22:10:54.083+0900][139.295s][info][gc,phases   ] GC(222)   Other: 0.1ms
[2026-03-25T22:10:54.083+0900][139.295s][info][gc,heap     ] GC(222) Eden regions: 10->0(10)
[2026-03-25T22:10:54.083+0900][139.295s][info][gc,heap     ] GC(222) Survivor regions: 1->1(2)
[2026-03-25T22:10:54.083+0900][139.295s][info][gc,heap     ] GC(222) Old regions: 19->19
[2026-03-25T22:10:54.083+0900][139.295s][info][gc,heap     ] GC(222) Archive regions: 2->2
[2026-03-25T22:10:54.083+0900][139.295s][info][gc,heap     ] GC(222) Humongous regions: 24->24
[2026-03-25T22:10:54.083+0900][139.295s][info][gc,metaspace] GC(222) Metaspace: 104194K(105216K)->104194K(105216K) NonClass: 88926K(89472K)->88926K(89472K) Class: 15268K(15744K)->15268K(15744K)
[2026-03-25T22:10:54.083+0900][139.295s][info][gc          ] GC(222) Pause Young (Normal) (G1 Evacuation Pause) 213M->173M(256M) 0.793ms
[2026-03-25T22:10:54.083+0900][139.295s][info][gc,cpu      ] GC(222) User=0.00s Sys=0.00s Real=0.00s
[2026-03-25T22:10:54.404+0900][139.615s][info][gc,start    ] GC(223) Pause Young (Normal) (G1 Evacuation Pause)
[2026-03-25T22:10:54.404+0900][139.615s][info][gc,task     ] GC(223) Using 8 workers of 10 for evacuation
[2026-03-25T22:10:54.404+0900][139.616s][info][gc,phases   ] GC(223)   Pre Evacuate Collection Set: 0.1ms
[2026-03-25T22:10:54.405+0900][139.616s][info][gc,phases   ] GC(223)   Merge Heap Roots: 0.0ms
[2026-03-25T22:10:54.405+0900][139.616s][info][gc,phases   ] GC(223)   Evacuate Collection Set: 0.4ms
[2026-03-25T22:10:54.405+0900][139.616s][info][gc,phases   ] GC(223)   Post Evacuate Collection Set: 0.1ms
[2026-03-25T22:10:54.405+0900][139.616s][info][gc,phases   ] GC(223)   Other: 0.1ms
[2026-03-25T22:10:54.405+0900][139.616s][info][gc,heap     ] GC(223) Eden regions: 10->0(10)
[2026-03-25T22:10:54.405+0900][139.616s][info][gc,heap     ] GC(223) Survivor regions: 1->1(2)
[2026-03-25T22:10:54.405+0900][139.616s][info][gc,heap     ] GC(223) Old regions: 19->19
[2026-03-25T22:10:54.405+0900][139.616s][info][gc,heap     ] GC(223) Archive regions: 2->2
[2026-03-25T22:10:54.405+0900][139.616s][info][gc,heap     ] GC(223) Humongous regions: 24->24
[2026-03-25T22:10:54.405+0900][139.616s][info][gc,metaspace] GC(223) Metaspace: 104194K(105216K)->104194K(105216K) NonClass: 88926K(89472K)->88926K(89472K) Class: 15268K(15744K)->15268K(15744K)
[2026-03-25T22:10:54.405+0900][139.616s][info][gc          ] GC(223) Pause Young (Normal) (G1 Evacuation Pause) 213M->173M(256M) 0.822ms
[2026-03-25T22:10:54.405+0900][139.616s][info][gc,cpu      ] GC(223) User=0.00s Sys=0.00s Real=0.00s
[2026-03-25T22:10:54.805+0900][140.017s][info][gc,start    ] GC(224) Pause Young (Normal) (G1 Evacuation Pause)
[2026-03-25T22:10:54.806+0900][140.017s][info][gc,task     ] GC(224) Using 8 workers of 10 for evacuation
[2026-03-25T22:10:54.806+0900][140.018s][info][gc,phases   ] GC(224)   Pre Evacuate Collection Set: 0.0ms
[2026-03-25T22:10:54.806+0900][140.018s][info][gc,phases   ] GC(224)   Merge Heap Roots: 0.0ms
[2026-03-25T22:10:54.806+0900][140.018s][info][gc,phases   ] GC(224)   Evacuate Collection Set: 0.4ms
[2026-03-25T22:10:54.806+0900][140.018s][info][gc,phases   ] GC(224)   Post Evacuate Collection Set: 0.1ms
[2026-03-25T22:10:54.806+0900][140.018s][info][gc,phases   ] GC(224)   Other: 0.1ms
[2026-03-25T22:10:54.806+0900][140.018s][info][gc,heap     ] GC(224) Eden regions: 10->0(10)
[2026-03-25T22:10:54.806+0900][140.018s][info][gc,heap     ] GC(224) Survivor regions: 1->1(2)
[2026-03-25T22:10:54.806+0900][140.018s][info][gc,heap     ] GC(224) Old regions: 19->19
[2026-03-25T22:10:54.806+0900][140.018s][info][gc,heap     ] GC(224) Archive regions: 2->2
[2026-03-25T22:10:54.806+0900][140.018s][info][gc,heap     ] GC(224) Humongous regions: 24->24
[2026-03-25T22:10:54.806+0900][140.018s][info][gc,metaspace] GC(224) Metaspace: 104194K(105216K)->104194K(105216K) NonClass: 88926K(89472K)->88926K(89472K) Class: 15268K(15744K)->15268K(15744K)
[2026-03-25T22:10:54.806+0900][140.018s][info][gc          ] GC(224) Pause Young (Normal) (G1 Evacuation Pause) 213M->173M(256M) 0.739ms
[2026-03-25T22:10:54.806+0900][140.018s][info][gc,cpu      ] GC(224) User=0.00s Sys=0.00s Real=0.00s
[2026-03-25T22:10:54.944+0900][140.155s][info][gc,start    ] GC(225) Pause Young (Normal) (G1 Evacuation Pause)
[2026-03-25T22:10:54.944+0900][140.155s][info][gc,task     ] GC(225) Using 8 workers of 10 for evacuation
[2026-03-25T22:10:54.945+0900][140.156s][info][gc,phases   ] GC(225)   Pre Evacuate Collection Set: 0.0ms
[2026-03-25T22:10:54.945+0900][140.156s][info][gc,phases   ] GC(225)   Merge Heap Roots: 0.0ms
[2026-03-25T22:10:54.945+0900][140.156s][info][gc,phases   ] GC(225)   Evacuate Collection Set: 0.5ms
[2026-03-25T22:10:54.945+0900][140.156s][info][gc,phases   ] GC(225)   Post Evacuate Collection Set: 0.2ms
[2026-03-25T22:10:54.945+0900][140.156s][info][gc,phases   ] GC(225)   Other: 0.1ms
[2026-03-25T22:10:54.945+0900][140.156s][info][gc,heap     ] GC(225) Eden regions: 10->0(10)
[2026-03-25T22:10:54.945+0900][140.156s][info][gc,heap     ] GC(225) Survivor regions: 1->1(2)
[2026-03-25T22:10:54.945+0900][140.156s][info][gc,heap     ] GC(225) Old regions: 19->19
[2026-03-25T22:10:54.945+0900][140.156s][info][gc,heap     ] GC(225) Archive regions: 2->2
[2026-03-25T22:10:54.945+0900][140.156s][info][gc,heap     ] GC(225) Humongous regions: 24->24
[2026-03-25T22:10:54.945+0900][140.156s][info][gc,metaspace] GC(225) Metaspace: 104194K(105216K)->104194K(105216K) NonClass: 88926K(89472K)->88926K(89472K) Class: 15268K(15744K)->15268K(15744K)
[2026-03-25T22:10:54.945+0900][140.156s][info][gc          ] GC(225) Pause Young (Normal) (G1 Evacuation Pause) 213M->174M(256M) 0.821ms
[2026-03-25T22:10:54.945+0900][140.156s][info][gc,cpu      ] GC(225) User=0.00s Sys=0.00s Real=0.00s
[2026-03-25T22:10:55.162+0900][140.373s][info][gc,start    ] GC(226) Pause Young (Normal) (G1 Evacuation Pause)
[2026-03-25T22:10:55.162+0900][140.373s][info][gc,task     ] GC(226) Using 8 workers of 10 for evacuation
[2026-03-25T22:10:55.162+0900][140.374s][info][gc,phases   ] GC(226)   Pre Evacuate Collection Set: 0.0ms
[2026-03-25T22:10:55.162+0900][140.374s][info][gc,phases   ] GC(226)   Merge Heap Roots: 0.0ms
[2026-03-25T22:10:55.162+0900][140.374s][info][gc,phases   ] GC(226)   Evacuate Collection Set: 0.4ms
[2026-03-25T22:10:55.162+0900][140.374s][info][gc,phases   ] GC(226)   Post Evacuate Collection Set: 0.1ms
[2026-03-25T22:10:55.162+0900][140.374s][info][gc,phases   ] GC(226)   Other: 0.1ms
[2026-03-25T22:10:55.162+0900][140.374s][info][gc,heap     ] GC(226) Eden regions: 10->0(10)
[2026-03-25T22:10:55.162+0900][140.374s][info][gc,heap     ] GC(226) Survivor regions: 1->1(2)
[2026-03-25T22:10:55.162+0900][140.374s][info][gc,heap     ] GC(226) Old regions: 19->19
[2026-03-25T22:10:55.162+0900][140.374s][info][gc,heap     ] GC(226) Archive regions: 2->2
[2026-03-25T22:10:55.162+0900][140.374s][info][gc,heap     ] GC(226) Humongous regions: 24->24
[2026-03-25T22:10:55.162+0900][140.374s][info][gc,metaspace] GC(226) Metaspace: 104194K(105216K)->104194K(105216K) NonClass: 88926K(89472K)->88926K(89472K) Class: 15268K(15744K)->15268K(15744K)
[2026-03-25T22:10:55.162+0900][140.374s][info][gc          ] GC(226) Pause Young (Normal) (G1 Evacuation Pause) 214M->174M(256M) 0.762ms
[2026-03-25T22:10:55.162+0900][140.374s][info][gc,cpu      ] GC(226) User=0.01s Sys=0.00s Real=0.00s
[2026-03-25T22:10:55.502+0900][140.713s][info][gc,start    ] GC(227) Pause Young (Normal) (G1 Evacuation Pause)
[2026-03-25T22:10:55.502+0900][140.713s][info][gc,task     ] GC(227) Using 8 workers of 10 for evacuation
[2026-03-25T22:10:55.502+0900][140.714s][info][gc,phases   ] GC(227)   Pre Evacuate Collection Set: 0.0ms
[2026-03-25T22:10:55.502+0900][140.714s][info][gc,phases   ] GC(227)   Merge Heap Roots: 0.0ms
[2026-03-25T22:10:55.502+0900][140.714s][info][gc,phases   ] GC(227)   Evacuate Collection Set: 0.4ms
[2026-03-25T22:10:55.502+0900][140.714s][info][gc,phases   ] GC(227)   Post Evacuate Collection Set: 0.1ms
[2026-03-25T22:10:55.502+0900][140.714s][info][gc,phases   ] GC(227)   Other: 0.1ms
[2026-03-25T22:10:55.502+0900][140.714s][info][gc,heap     ] GC(227) Eden regions: 10->0(10)
[2026-03-25T22:10:55.502+0900][140.714s][info][gc,heap     ] GC(227) Survivor regions: 1->1(2)
[2026-03-25T22:10:55.502+0900][140.714s][info][gc,heap     ] GC(227) Old regions: 19->19
[2026-03-25T22:10:55.502+0900][140.714s][info][gc,heap     ] GC(227) Archive regions: 2->2
[2026-03-25T22:10:55.502+0900][140.714s][info][gc,heap     ] GC(227) Humongous regions: 24->24
[2026-03-25T22:10:55.502+0900][140.714s][info][gc,metaspace] GC(227) Metaspace: 104194K(105216K)->104194K(105216K) NonClass: 88926K(89472K)->88926K(89472K) Class: 15268K(15744K)->15268K(15744K)
[2026-03-25T22:10:55.502+0900][140.714s][info][gc          ] GC(227) Pause Young (Normal) (G1 Evacuation Pause) 214M->174M(256M) 0.783ms
[2026-03-25T22:10:55.502+0900][140.714s][info][gc,cpu      ] GC(227) User=0.00s Sys=0.00s Real=0.00s
[2026-03-25T22:10:55.795+0900][141.006s][info][gc,start    ] GC(228) Pause Young (Normal) (G1 Evacuation Pause)
[2026-03-25T22:10:55.795+0900][141.006s][info][gc,task     ] GC(228) Using 8 workers of 10 for evacuation
[2026-03-25T22:10:55.795+0900][141.007s][info][gc,phases   ] GC(228)   Pre Evacuate Collection Set: 0.1ms
[2026-03-25T22:10:55.796+0900][141.007s][info][gc,phases   ] GC(228)   Merge Heap Roots: 0.0ms
[2026-03-25T22:10:55.796+0900][141.007s][info][gc,phases   ] GC(228)   Evacuate Collection Set: 0.4ms
[2026-03-25T22:10:55.796+0900][141.007s][info][gc,phases   ] GC(228)   Post Evacuate Collection Set: 0.2ms
[2026-03-25T22:10:55.796+0900][141.007s][info][gc,phases   ] GC(228)   Other: 0.1ms
[2026-03-25T22:10:55.796+0900][141.007s][info][gc,heap     ] GC(228) Eden regions: 10->0(10)
[2026-03-25T22:10:55.796+0900][141.007s][info][gc,heap     ] GC(228) Survivor regions: 1->1(2)
[2026-03-25T22:10:55.796+0900][141.007s][info][gc,heap     ] GC(228) Old regions: 19->19
[2026-03-25T22:10:55.796+0900][141.007s][info][gc,heap     ] GC(228) Archive regions: 2->2
[2026-03-25T22:10:55.796+0900][141.007s][info][gc,heap     ] GC(228) Humongous regions: 24->24
[2026-03-25T22:10:55.796+0900][141.007s][info][gc,metaspace] GC(228) Metaspace: 104194K(105216K)->104194K(105216K) NonClass: 88926K(89472K)->88926K(89472K) Class: 15268K(15744K)->15268K(15744K)
[2026-03-25T22:10:55.796+0900][141.007s][info][gc          ] GC(228) Pause Young (Normal) (G1 Evacuation Pause) 214M->174M(256M) 0.846ms
[2026-03-25T22:10:55.796+0900][141.007s][info][gc,cpu      ] GC(228) User=0.00s Sys=0.01s Real=0.00s
[2026-03-25T22:10:56.060+0900][141.271s][info][gc,start    ] GC(229) Pause Young (Normal) (G1 Evacuation Pause)
[2026-03-25T22:10:56.060+0900][141.271s][info][gc,task     ] GC(229) Using 8 workers of 10 for evacuation
[2026-03-25T22:10:56.060+0900][141.272s][info][gc,phases   ] GC(229)   Pre Evacuate Collection Set: 0.0ms
[2026-03-25T22:10:56.061+0900][141.272s][info][gc,phases   ] GC(229)   Merge Heap Roots: 0.0ms
[2026-03-25T22:10:56.061+0900][141.272s][info][gc,phases   ] GC(229)   Evacuate Collection Set: 0.4ms
[2026-03-25T22:10:56.061+0900][141.272s][info][gc,phases   ] GC(229)   Post Evacuate Collection Set: 0.1ms
[2026-03-25T22:10:56.061+0900][141.272s][info][gc,phases   ] GC(229)   Other: 0.1ms
[2026-03-25T22:10:56.061+0900][141.272s][info][gc,heap     ] GC(229) Eden regions: 10->0(10)
[2026-03-25T22:10:56.061+0900][141.272s][info][gc,heap     ] GC(229) Survivor regions: 1->1(2)
[2026-03-25T22:10:56.061+0900][141.272s][info][gc,heap     ] GC(229) Old regions: 19->19
[2026-03-25T22:10:56.061+0900][141.272s][info][gc,heap     ] GC(229) Archive regions: 2->2
[2026-03-25T22:10:56.061+0900][141.272s][info][gc,heap     ] GC(229) Humongous regions: 24->24
[2026-03-25T22:10:56.061+0900][141.272s][info][gc,metaspace] GC(229) Metaspace: 104194K(105216K)->104194K(105216K) NonClass: 88926K(89472K)->88926K(89472K) Class: 15268K(15744K)->15268K(15744K)
[2026-03-25T22:10:56.061+0900][141.272s][info][gc          ] GC(229) Pause Young (Normal) (G1 Evacuation Pause) 214M->174M(256M) 0.776ms
[2026-03-25T22:10:56.061+0900][141.272s][info][gc,cpu      ] GC(229) User=0.00s Sys=0.00s Real=0.00s
[2026-03-25T22:10:56.394+0900][141.605s][info][gc,start    ] GC(230) Pause Young (Normal) (G1 Evacuation Pause)
[2026-03-25T22:10:56.394+0900][141.605s][info][gc,task     ] GC(230) Using 8 workers of 10 for evacuation
[2026-03-25T22:10:56.394+0900][141.606s][info][gc,phases   ] GC(230)   Pre Evacuate Collection Set: 0.0ms
[2026-03-25T22:10:56.394+0900][141.606s][info][gc,phases   ] GC(230)   Merge Heap Roots: 0.0ms
[2026-03-25T22:10:56.394+0900][141.606s][info][gc,phases   ] GC(230)   Evacuate Collection Set: 0.4ms
[2026-03-25T22:10:56.394+0900][141.606s][info][gc,phases   ] GC(230)   Post Evacuate Collection Set: 0.1ms
[2026-03-25T22:10:56.394+0900][141.606s][info][gc,phases   ] GC(230)   Other: 0.1ms
[2026-03-25T22:10:56.394+0900][141.606s][info][gc,heap     ] GC(230) Eden regions: 10->0(10)
[2026-03-25T22:10:56.394+0900][141.606s][info][gc,heap     ] GC(230) Survivor regions: 1->1(2)
[2026-03-25T22:10:56.394+0900][141.606s][info][gc,heap     ] GC(230) Old regions: 19->19
[2026-03-25T22:10:56.394+0900][141.606s][info][gc,heap     ] GC(230) Archive regions: 2->2
[2026-03-25T22:10:56.394+0900][141.606s][info][gc,heap     ] GC(230) Humongous regions: 24->24
[2026-03-25T22:10:56.394+0900][141.606s][info][gc,metaspace] GC(230) Metaspace: 104194K(105216K)->104194K(105216K) NonClass: 88926K(89472K)->88926K(89472K) Class: 15268K(15744K)->15268K(15744K)
[2026-03-25T22:10:56.394+0900][141.606s][info][gc          ] GC(230) Pause Young (Normal) (G1 Evacuation Pause) 214M->174M(256M) 0.718ms
[2026-03-25T22:10:56.394+0900][141.606s][info][gc,cpu      ] GC(230) User=0.00s Sys=0.00s Real=0.00s
[2026-03-25T22:10:56.623+0900][141.834s][info][gc,start    ] GC(231) Pause Young (Normal) (G1 Evacuation Pause)
[2026-03-25T22:10:56.623+0900][141.834s][info][gc,task     ] GC(231) Using 8 workers of 10 for evacuation
[2026-03-25T22:10:56.623+0900][141.835s][info][gc,phases   ] GC(231)   Pre Evacuate Collection Set: 0.1ms
[2026-03-25T22:10:56.623+0900][141.835s][info][gc,phases   ] GC(231)   Merge Heap Roots: 0.0ms
[2026-03-25T22:10:56.623+0900][141.835s][info][gc,phases   ] GC(231)   Evacuate Collection Set: 0.4ms
[2026-03-25T22:10:56.623+0900][141.835s][info][gc,phases   ] GC(231)   Post Evacuate Collection Set: 0.1ms
[2026-03-25T22:10:56.623+0900][141.835s][info][gc,phases   ] GC(231)   Other: 0.1ms
[2026-03-25T22:10:56.623+0900][141.835s][info][gc,heap     ] GC(231) Eden regions: 10->0(10)
[2026-03-25T22:10:56.623+0900][141.835s][info][gc,heap     ] GC(231) Survivor regions: 1->1(2)
[2026-03-25T22:10:56.623+0900][141.835s][info][gc,heap     ] GC(231) Old regions: 19->19
[2026-03-25T22:10:56.623+0900][141.835s][info][gc,heap     ] GC(231) Archive regions: 2->2
[2026-03-25T22:10:56.623+0900][141.835s][info][gc,heap     ] GC(231) Humongous regions: 24->24
[2026-03-25T22:10:56.623+0900][141.835s][info][gc,metaspace] GC(231) Metaspace: 104194K(105216K)->104194K(105216K) NonClass: 88926K(89472K)->88926K(89472K) Class: 15268K(15744K)->15268K(15744K)
[2026-03-25T22:10:56.623+0900][141.835s][info][gc          ] GC(231) Pause Young (Normal) (G1 Evacuation Pause) 214M->174M(256M) 0.759ms
[2026-03-25T22:10:56.623+0900][141.835s][info][gc,cpu      ] GC(231) User=0.01s Sys=0.00s Real=0.00s
[2026-03-25T22:10:56.908+0900][142.120s][info][gc,start    ] GC(232) Pause Young (Normal) (G1 Evacuation Pause)
[2026-03-25T22:10:56.908+0900][142.120s][info][gc,task     ] GC(232) Using 8 workers of 10 for evacuation
[2026-03-25T22:10:56.909+0900][142.120s][info][gc,phases   ] GC(232)   Pre Evacuate Collection Set: 0.0ms
[2026-03-25T22:10:56.909+0900][142.120s][info][gc,phases   ] GC(232)   Merge Heap Roots: 0.0ms
[2026-03-25T22:10:56.909+0900][142.120s][info][gc,phases   ] GC(232)   Evacuate Collection Set: 0.5ms
[2026-03-25T22:10:56.909+0900][142.120s][info][gc,phases   ] GC(232)   Post Evacuate Collection Set: 0.2ms
[2026-03-25T22:10:56.909+0900][142.120s][info][gc,phases   ] GC(232)   Other: 0.1ms
[2026-03-25T22:10:56.909+0900][142.120s][info][gc,heap     ] GC(232) Eden regions: 10->0(10)
[2026-03-25T22:10:56.909+0900][142.120s][info][gc,heap     ] GC(232) Survivor regions: 1->1(2)
[2026-03-25T22:10:56.909+0900][142.120s][info][gc,heap     ] GC(232) Old regions: 19->19
[2026-03-25T22:10:56.909+0900][142.120s][info][gc,heap     ] GC(232) Archive regions: 2->2
[2026-03-25T22:10:56.909+0900][142.120s][info][gc,heap     ] GC(232) Humongous regions: 24->24
[2026-03-25T22:10:56.909+0900][142.120s][info][gc,metaspace] GC(232) Metaspace: 104194K(105216K)->104194K(105216K) NonClass: 88926K(89472K)->88926K(89472K) Class: 15268K(15744K)->15268K(15744K)
[2026-03-25T22:10:56.909+0900][142.121s][info][gc          ] GC(232) Pause Young (Normal) (G1 Evacuation Pause) 214M->174M(256M) 0.945ms
[2026-03-25T22:10:56.909+0900][142.121s][info][gc,cpu      ] GC(232) User=0.00s Sys=0.00s Real=0.00s
[2026-03-25T22:10:57.179+0900][142.391s][info][gc,start    ] GC(233) Pause Young (Normal) (G1 Evacuation Pause)
[2026-03-25T22:10:57.180+0900][142.391s][info][gc,task     ] GC(233) Using 8 workers of 10 for evacuation
[2026-03-25T22:10:57.180+0900][142.392s][info][gc,phases   ] GC(233)   Pre Evacuate Collection Set: 0.0ms
[2026-03-25T22:10:57.180+0900][142.392s][info][gc,phases   ] GC(233)   Merge Heap Roots: 0.0ms
[2026-03-25T22:10:57.180+0900][142.392s][info][gc,phases   ] GC(233)   Evacuate Collection Set: 0.5ms
[2026-03-25T22:10:57.180+0900][142.392s][info][gc,phases   ] GC(233)   Post Evacuate Collection Set: 0.2ms
[2026-03-25T22:10:57.180+0900][142.392s][info][gc,phases   ] GC(233)   Other: 0.1ms
[2026-03-25T22:10:57.180+0900][142.392s][info][gc,heap     ] GC(233) Eden regions: 10->0(10)
[2026-03-25T22:10:57.180+0900][142.392s][info][gc,heap     ] GC(233) Survivor regions: 1->1(2)
[2026-03-25T22:10:57.180+0900][142.392s][info][gc,heap     ] GC(233) Old regions: 19->19
[2026-03-25T22:10:57.180+0900][142.392s][info][gc,heap     ] GC(233) Archive regions: 2->2
[2026-03-25T22:10:57.180+0900][142.392s][info][gc,heap     ] GC(233) Humongous regions: 24->24
[2026-03-25T22:10:57.180+0900][142.392s][info][gc,metaspace] GC(233) Metaspace: 104194K(105216K)->104194K(105216K) NonClass: 88926K(89472K)->88926K(89472K) Class: 15268K(15744K)->15268K(15744K)
[2026-03-25T22:10:57.180+0900][142.392s][info][gc          ] GC(233) Pause Young (Normal) (G1 Evacuation Pause) 214M->174M(256M) 0.856ms
[2026-03-25T22:10:57.180+0900][142.392s][info][gc,cpu      ] GC(233) User=0.00s Sys=0.00s Real=0.01s
[2026-03-25T22:10:57.432+0900][142.643s][info][gc,start    ] GC(234) Pause Young (Normal) (G1 Evacuation Pause)
[2026-03-25T22:10:57.432+0900][142.643s][info][gc,task     ] GC(234) Using 8 workers of 10 for evacuation
[2026-03-25T22:10:57.433+0900][142.644s][info][gc,phases   ] GC(234)   Pre Evacuate Collection Set: 0.0ms
[2026-03-25T22:10:57.433+0900][142.644s][info][gc,phases   ] GC(234)   Merge Heap Roots: 0.0ms
[2026-03-25T22:10:57.433+0900][142.644s][info][gc,phases   ] GC(234)   Evacuate Collection Set: 0.4ms
[2026-03-25T22:10:57.433+0900][142.644s][info][gc,phases   ] GC(234)   Post Evacuate Collection Set: 0.2ms
[2026-03-25T22:10:57.433+0900][142.644s][info][gc,phases   ] GC(234)   Other: 0.1ms
[2026-03-25T22:10:57.433+0900][142.644s][info][gc,heap     ] GC(234) Eden regions: 10->0(10)
[2026-03-25T22:10:57.433+0900][142.644s][info][gc,heap     ] GC(234) Survivor regions: 1->1(2)
[2026-03-25T22:10:57.433+0900][142.644s][info][gc,heap     ] GC(234) Old regions: 19->19
[2026-03-25T22:10:57.433+0900][142.644s][info][gc,heap     ] GC(234) Archive regions: 2->2
[2026-03-25T22:10:57.433+0900][142.644s][info][gc,heap     ] GC(234) Humongous regions: 24->24
[2026-03-25T22:10:57.433+0900][142.644s][info][gc,metaspace] GC(234) Metaspace: 104194K(105216K)->104194K(105216K) NonClass: 88926K(89472K)->88926K(89472K) Class: 15268K(15744K)->15268K(15744K)
[2026-03-25T22:10:57.433+0900][142.644s][info][gc          ] GC(234) Pause Young (Normal) (G1 Evacuation Pause) 214M->174M(256M) 0.796ms
[2026-03-25T22:10:57.433+0900][142.644s][info][gc,cpu      ] GC(234) User=0.01s Sys=0.00s Real=0.00s
[2026-03-25T22:10:57.785+0900][142.996s][info][gc,start    ] GC(235) Pause Young (Normal) (G1 Evacuation Pause)
[2026-03-25T22:10:57.785+0900][142.996s][info][gc,task     ] GC(235) Using 8 workers of 10 for evacuation
[2026-03-25T22:10:57.785+0900][142.997s][info][gc,phases   ] GC(235)   Pre Evacuate Collection Set: 0.1ms
[2026-03-25T22:10:57.785+0900][142.997s][info][gc,phases   ] GC(235)   Merge Heap Roots: 0.0ms
[2026-03-25T22:10:57.785+0900][142.997s][info][gc,phases   ] GC(235)   Evacuate Collection Set: 0.4ms
[2026-03-25T22:10:57.785+0900][142.997s][info][gc,phases   ] GC(235)   Post Evacuate Collection Set: 0.2ms
[2026-03-25T22:10:57.785+0900][142.997s][info][gc,phases   ] GC(235)   Other: 0.1ms
[2026-03-25T22:10:57.785+0900][142.997s][info][gc,heap     ] GC(235) Eden regions: 10->0(10)
[2026-03-25T22:10:57.785+0900][142.997s][info][gc,heap     ] GC(235) Survivor regions: 1->1(2)
[2026-03-25T22:10:57.785+0900][142.997s][info][gc,heap     ] GC(235) Old regions: 19->19
[2026-03-25T22:10:57.785+0900][142.997s][info][gc,heap     ] GC(235) Archive regions: 2->2
[2026-03-25T22:10:57.785+0900][142.997s][info][gc,heap     ] GC(235) Humongous regions: 24->24
[2026-03-25T22:10:57.785+0900][142.997s][info][gc,metaspace] GC(235) Metaspace: 104194K(105216K)->104194K(105216K) NonClass: 88926K(89472K)->88926K(89472K) Class: 15268K(15744K)->15268K(15744K)
[2026-03-25T22:10:57.785+0900][142.997s][info][gc          ] GC(235) Pause Young (Normal) (G1 Evacuation Pause) 214M->174M(256M) 0.798ms
[2026-03-25T22:10:57.785+0900][142.997s][info][gc,cpu      ] GC(235) User=0.01s Sys=0.00s Real=0.00s
[2026-03-25T22:10:58.031+0900][143.242s][info][gc,start    ] GC(236) Pause Young (Normal) (G1 Evacuation Pause)
[2026-03-25T22:10:58.031+0900][143.243s][info][gc,task     ] GC(236) Using 8 workers of 10 for evacuation
[2026-03-25T22:10:58.032+0900][143.243s][info][gc,phases   ] GC(236)   Pre Evacuate Collection Set: 0.0ms
[2026-03-25T22:10:58.032+0900][143.243s][info][gc,phases   ] GC(236)   Merge Heap Roots: 0.0ms
[2026-03-25T22:10:58.032+0900][143.243s][info][gc,phases   ] GC(236)   Evacuate Collection Set: 0.5ms
[2026-03-25T22:10:58.032+0900][143.243s][info][gc,phases   ] GC(236)   Post Evacuate Collection Set: 0.2ms
[2026-03-25T22:10:58.032+0900][143.243s][info][gc,phases   ] GC(236)   Other: 0.1ms
[2026-03-25T22:10:58.032+0900][143.243s][info][gc,heap     ] GC(236) Eden regions: 10->0(10)
[2026-03-25T22:10:58.032+0900][143.243s][info][gc,heap     ] GC(236) Survivor regions: 1->1(2)
[2026-03-25T22:10:58.032+0900][143.243s][info][gc,heap     ] GC(236) Old regions: 19->19
[2026-03-25T22:10:58.032+0900][143.243s][info][gc,heap     ] GC(236) Archive regions: 2->2
[2026-03-25T22:10:58.032+0900][143.243s][info][gc,heap     ] GC(236) Humongous regions: 24->24
[2026-03-25T22:10:58.032+0900][143.243s][info][gc,metaspace] GC(236) Metaspace: 104194K(105216K)->104194K(105216K) NonClass: 88926K(89472K)->88926K(89472K) Class: 15268K(15744K)->15268K(15744K)
[2026-03-25T22:10:58.032+0900][143.243s][info][gc          ] GC(236) Pause Young (Normal) (G1 Evacuation Pause) 214M->175M(256M) 0.848ms
[2026-03-25T22:10:58.032+0900][143.243s][info][gc,cpu      ] GC(236) User=0.00s Sys=0.00s Real=0.00s
[2026-03-25T22:10:58.233+0900][143.444s][info][gc,start    ] GC(237) Pause Young (Normal) (G1 Evacuation Pause)
[2026-03-25T22:10:58.233+0900][143.445s][info][gc,task     ] GC(237) Using 8 workers of 10 for evacuation
[2026-03-25T22:10:58.234+0900][143.445s][info][gc,phases   ] GC(237)   Pre Evacuate Collection Set: 0.0ms
[2026-03-25T22:10:58.234+0900][143.445s][info][gc,phases   ] GC(237)   Merge Heap Roots: 0.1ms
[2026-03-25T22:10:58.234+0900][143.445s][info][gc,phases   ] GC(237)   Evacuate Collection Set: 0.5ms
[2026-03-25T22:10:58.234+0900][143.445s][info][gc,phases   ] GC(237)   Post Evacuate Collection Set: 0.2ms
[2026-03-25T22:10:58.234+0900][143.445s][info][gc,phases   ] GC(237)   Other: 0.1ms
[2026-03-25T22:10:58.234+0900][143.445s][info][gc,heap     ] GC(237) Eden regions: 10->0(10)
[2026-03-25T22:10:58.234+0900][143.445s][info][gc,heap     ] GC(237) Survivor regions: 1->1(2)
[2026-03-25T22:10:58.234+0900][143.445s][info][gc,heap     ] GC(237) Old regions: 19->19
[2026-03-25T22:10:58.234+0900][143.445s][info][gc,heap     ] GC(237) Archive regions: 2->2
[2026-03-25T22:10:58.234+0900][143.445s][info][gc,heap     ] GC(237) Humongous regions: 24->24
[2026-03-25T22:10:58.234+0900][143.445s][info][gc,metaspace] GC(237) Metaspace: 104194K(105216K)->104194K(105216K) NonClass: 88926K(89472K)->88926K(89472K) Class: 15268K(15744K)->15268K(15744K)
[2026-03-25T22:10:58.234+0900][143.445s][info][gc          ] GC(237) Pause Young (Normal) (G1 Evacuation Pause) 215M->174M(256M) 0.877ms
[2026-03-25T22:10:58.234+0900][143.445s][info][gc,cpu      ] GC(237) User=0.00s Sys=0.00s Real=0.00s
[2026-03-25T22:10:58.478+0900][143.689s][info][gc,start    ] GC(238) Pause Young (Normal) (G1 Evacuation Pause)
[2026-03-25T22:10:58.478+0900][143.689s][info][gc,task     ] GC(238) Using 8 workers of 10 for evacuation
[2026-03-25T22:10:58.479+0900][143.690s][info][gc,phases   ] GC(238)   Pre Evacuate Collection Set: 0.1ms
[2026-03-25T22:10:58.479+0900][143.690s][info][gc,phases   ] GC(238)   Merge Heap Roots: 0.0ms
[2026-03-25T22:10:58.479+0900][143.690s][info][gc,phases   ] GC(238)   Evacuate Collection Set: 0.4ms
[2026-03-25T22:10:58.479+0900][143.690s][info][gc,phases   ] GC(238)   Post Evacuate Collection Set: 0.2ms
[2026-03-25T22:10:58.479+0900][143.690s][info][gc,phases   ] GC(238)   Other: 0.1ms
[2026-03-25T22:10:58.479+0900][143.690s][info][gc,heap     ] GC(238) Eden regions: 10->0(10)
[2026-03-25T22:10:58.479+0900][143.690s][info][gc,heap     ] GC(238) Survivor regions: 1->1(2)
[2026-03-25T22:10:58.479+0900][143.690s][info][gc,heap     ] GC(238) Old regions: 19->19
[2026-03-25T22:10:58.479+0900][143.690s][info][gc,heap     ] GC(238) Archive regions: 2->2
[2026-03-25T22:10:58.479+0900][143.690s][info][gc,heap     ] GC(238) Humongous regions: 24->24
[2026-03-25T22:10:58.479+0900][143.690s][info][gc,metaspace] GC(238) Metaspace: 104194K(105216K)->104194K(105216K) NonClass: 88926K(89472K)->88926K(89472K) Class: 15268K(15744K)->15268K(15744K)
[2026-03-25T22:10:58.479+0900][143.690s][info][gc          ] GC(238) Pause Young (Normal) (G1 Evacuation Pause) 214M->174M(256M) 0.841ms
[2026-03-25T22:10:58.479+0900][143.690s][info][gc,cpu      ] GC(238) User=0.00s Sys=0.00s Real=0.00s
[2026-03-25T22:10:58.725+0900][143.937s][info][gc,start    ] GC(239) Pause Young (Normal) (G1 Evacuation Pause)
[2026-03-25T22:10:58.725+0900][143.937s][info][gc,task     ] GC(239) Using 8 workers of 10 for evacuation
[2026-03-25T22:10:58.726+0900][143.937s][info][gc,phases   ] GC(239)   Pre Evacuate Collection Set: 0.1ms
[2026-03-25T22:10:58.726+0900][143.937s][info][gc,phases   ] GC(239)   Merge Heap Roots: 0.1ms
[2026-03-25T22:10:58.726+0900][143.937s][info][gc,phases   ] GC(239)   Evacuate Collection Set: 0.4ms
[2026-03-25T22:10:58.726+0900][143.937s][info][gc,phases   ] GC(239)   Post Evacuate Collection Set: 0.2ms
[2026-03-25T22:10:58.726+0900][143.937s][info][gc,phases   ] GC(239)   Other: 0.1ms
[2026-03-25T22:10:58.726+0900][143.937s][info][gc,heap     ] GC(239) Eden regions: 10->0(10)
[2026-03-25T22:10:58.726+0900][143.937s][info][gc,heap     ] GC(239) Survivor regions: 1->1(2)
[2026-03-25T22:10:58.726+0900][143.937s][info][gc,heap     ] GC(239) Old regions: 19->19
[2026-03-25T22:10:58.726+0900][143.937s][info][gc,heap     ] GC(239) Archive regions: 2->2
[2026-03-25T22:10:58.726+0900][143.937s][info][gc,heap     ] GC(239) Humongous regions: 24->24
[2026-03-25T22:10:58.726+0900][143.938s][info][gc,metaspace] GC(239) Metaspace: 104194K(105216K)->104194K(105216K) NonClass: 88926K(89472K)->88926K(89472K) Class: 15268K(15744K)->15268K(15744K)
[2026-03-25T22:10:58.726+0900][143.938s][info][gc          ] GC(239) Pause Young (Normal) (G1 Evacuation Pause) 214M->174M(256M) 0.812ms
[2026-03-25T22:10:58.726+0900][143.938s][info][gc,cpu      ] GC(239) User=0.01s Sys=0.00s Real=0.00s
[2026-03-25T22:10:59.068+0900][144.279s][info][gc,start    ] GC(240) Pause Young (Normal) (G1 Evacuation Pause)
[2026-03-25T22:10:59.068+0900][144.279s][info][gc,task     ] GC(240) Using 8 workers of 10 for evacuation
[2026-03-25T22:10:59.068+0900][144.280s][info][gc,phases   ] GC(240)   Pre Evacuate Collection Set: 0.0ms
[2026-03-25T22:10:59.068+0900][144.280s][info][gc,phases   ] GC(240)   Merge Heap Roots: 0.0ms
[2026-03-25T22:10:59.068+0900][144.280s][info][gc,phases   ] GC(240)   Evacuate Collection Set: 0.5ms
[2026-03-25T22:10:59.068+0900][144.280s][info][gc,phases   ] GC(240)   Post Evacuate Collection Set: 0.2ms
[2026-03-25T22:10:59.068+0900][144.280s][info][gc,phases   ] GC(240)   Other: 0.1ms
[2026-03-25T22:10:59.068+0900][144.280s][info][gc,heap     ] GC(240) Eden regions: 10->0(10)
[2026-03-25T22:10:59.068+0900][144.280s][info][gc,heap     ] GC(240) Survivor regions: 1->1(2)
[2026-03-25T22:10:59.068+0900][144.280s][info][gc,heap     ] GC(240) Old regions: 19->19
[2026-03-25T22:10:59.068+0900][144.280s][info][gc,heap     ] GC(240) Archive regions: 2->2
[2026-03-25T22:10:59.068+0900][144.280s][info][gc,heap     ] GC(240) Humongous regions: 24->24
[2026-03-25T22:10:59.068+0900][144.280s][info][gc,metaspace] GC(240) Metaspace: 104194K(105216K)->104194K(105216K) NonClass: 88926K(89472K)->88926K(89472K) Class: 15268K(15744K)->15268K(15744K)
[2026-03-25T22:10:59.068+0900][144.280s][info][gc          ] GC(240) Pause Young (Normal) (G1 Evacuation Pause) 214M->174M(256M) 0.820ms
[2026-03-25T22:10:59.068+0900][144.280s][info][gc,cpu      ] GC(240) User=0.00s Sys=0.00s Real=0.00s
[2026-03-25T22:10:59.277+0900][144.488s][info][gc,start    ] GC(241) Pause Young (Normal) (G1 Evacuation Pause)
[2026-03-25T22:10:59.277+0900][144.488s][info][gc,task     ] GC(241) Using 8 workers of 10 for evacuation
[2026-03-25T22:10:59.278+0900][144.489s][info][gc,phases   ] GC(241)   Pre Evacuate Collection Set: 0.0ms
[2026-03-25T22:10:59.278+0900][144.489s][info][gc,phases   ] GC(241)   Merge Heap Roots: 0.0ms
[2026-03-25T22:10:59.278+0900][144.489s][info][gc,phases   ] GC(241)   Evacuate Collection Set: 0.3ms
[2026-03-25T22:10:59.278+0900][144.489s][info][gc,phases   ] GC(241)   Post Evacuate Collection Set: 0.1ms
[2026-03-25T22:10:59.278+0900][144.489s][info][gc,phases   ] GC(241)   Other: 0.1ms
[2026-03-25T22:10:59.278+0900][144.489s][info][gc,heap     ] GC(241) Eden regions: 10->0(10)
[2026-03-25T22:10:59.278+0900][144.489s][info][gc,heap     ] GC(241) Survivor regions: 1->1(2)
[2026-03-25T22:10:59.278+0900][144.489s][info][gc,heap     ] GC(241) Old regions: 19->19
[2026-03-25T22:10:59.278+0900][144.489s][info][gc,heap     ] GC(241) Archive regions: 2->2
[2026-03-25T22:10:59.278+0900][144.489s][info][gc,heap     ] GC(241) Humongous regions: 24->24
[2026-03-25T22:10:59.278+0900][144.489s][info][gc,metaspace] GC(241) Metaspace: 104194K(105216K)->104194K(105216K) NonClass: 88926K(89472K)->88926K(89472K) Class: 15268K(15744K)->15268K(15744K)
[2026-03-25T22:10:59.278+0900][144.489s][info][gc          ] GC(241) Pause Young (Normal) (G1 Evacuation Pause) 214M->174M(256M) 0.690ms
[2026-03-25T22:10:59.278+0900][144.489s][info][gc,cpu      ] GC(241) User=0.00s Sys=0.00s Real=0.00s
[2026-03-25T22:10:59.590+0900][144.801s][info][gc,start    ] GC(242) Pause Young (Normal) (G1 Evacuation Pause)
[2026-03-25T22:10:59.590+0900][144.801s][info][gc,task     ] GC(242) Using 8 workers of 10 for evacuation
[2026-03-25T22:10:59.590+0900][144.802s][info][gc,phases   ] GC(242)   Pre Evacuate Collection Set: 0.1ms
[2026-03-25T22:10:59.590+0900][144.802s][info][gc,phases   ] GC(242)   Merge Heap Roots: 0.0ms
[2026-03-25T22:10:59.590+0900][144.802s][info][gc,phases   ] GC(242)   Evacuate Collection Set: 0.4ms
[2026-03-25T22:10:59.590+0900][144.802s][info][gc,phases   ] GC(242)   Post Evacuate Collection Set: 0.2ms
[2026-03-25T22:10:59.590+0900][144.802s][info][gc,phases   ] GC(242)   Other: 0.1ms
[2026-03-25T22:10:59.590+0900][144.802s][info][gc,heap     ] GC(242) Eden regions: 10->0(10)
[2026-03-25T22:10:59.590+0900][144.802s][info][gc,heap     ] GC(242) Survivor regions: 1->1(2)
[2026-03-25T22:10:59.590+0900][144.802s][info][gc,heap     ] GC(242) Old regions: 19->19
[2026-03-25T22:10:59.590+0900][144.802s][info][gc,heap     ] GC(242) Archive regions: 2->2
[2026-03-25T22:10:59.590+0900][144.802s][info][gc,heap     ] GC(242) Humongous regions: 24->24
[2026-03-25T22:10:59.590+0900][144.802s][info][gc,metaspace] GC(242) Metaspace: 104194K(105216K)->104194K(105216K) NonClass: 88926K(89472K)->88926K(89472K) Class: 15268K(15744K)->15268K(15744K)
[2026-03-25T22:10:59.591+0900][144.802s][info][gc          ] GC(242) Pause Young (Normal) (G1 Evacuation Pause) 214M->174M(256M) 0.834ms
[2026-03-25T22:10:59.591+0900][144.802s][info][gc,cpu      ] GC(242) User=0.00s Sys=0.00s Real=0.00s
[2026-03-25T22:10:59.839+0900][145.050s][info][gc,start    ] GC(243) Pause Young (Normal) (G1 Evacuation Pause)
[2026-03-25T22:10:59.839+0900][145.050s][info][gc,task     ] GC(243) Using 8 workers of 10 for evacuation
[2026-03-25T22:10:59.839+0900][145.051s][info][gc,phases   ] GC(243)   Pre Evacuate Collection Set: 0.1ms
[2026-03-25T22:10:59.839+0900][145.051s][info][gc,phases   ] GC(243)   Merge Heap Roots: 0.0ms
[2026-03-25T22:10:59.839+0900][145.051s][info][gc,phases   ] GC(243)   Evacuate Collection Set: 0.5ms
[2026-03-25T22:10:59.839+0900][145.051s][info][gc,phases   ] GC(243)   Post Evacuate Collection Set: 0.1ms
[2026-03-25T22:10:59.839+0900][145.051s][info][gc,phases   ] GC(243)   Other: 0.1ms
[2026-03-25T22:10:59.839+0900][145.051s][info][gc,heap     ] GC(243) Eden regions: 10->0(10)
[2026-03-25T22:10:59.839+0900][145.051s][info][gc,heap     ] GC(243) Survivor regions: 1->1(2)
[2026-03-25T22:10:59.839+0900][145.051s][info][gc,heap     ] GC(243) Old regions: 19->19
[2026-03-25T22:10:59.839+0900][145.051s][info][gc,heap     ] GC(243) Archive regions: 2->2
[2026-03-25T22:10:59.839+0900][145.051s][info][gc,heap     ] GC(243) Humongous regions: 24->24
[2026-03-25T22:10:59.839+0900][145.051s][info][gc,metaspace] GC(243) Metaspace: 104194K(105216K)->104194K(105216K) NonClass: 88926K(89472K)->88926K(89472K) Class: 15268K(15744K)->15268K(15744K)
[2026-03-25T22:10:59.839+0900][145.051s][info][gc          ] GC(243) Pause Young (Normal) (G1 Evacuation Pause) 214M->174M(256M) 0.908ms
[2026-03-25T22:10:59.839+0900][145.051s][info][gc,cpu      ] GC(243) User=0.00s Sys=0.00s Real=0.00s
[2026-03-25T22:11:00.145+0900][145.357s][info][gc,start    ] GC(244) Pause Young (Normal) (G1 Evacuation Pause)
[2026-03-25T22:11:00.145+0900][145.357s][info][gc,task     ] GC(244) Using 8 workers of 10 for evacuation
[2026-03-25T22:11:00.146+0900][145.358s][info][gc,phases   ] GC(244)   Pre Evacuate Collection Set: 0.0ms
[2026-03-25T22:11:00.146+0900][145.358s][info][gc,phases   ] GC(244)   Merge Heap Roots: 0.0ms
[2026-03-25T22:11:00.146+0900][145.358s][info][gc,phases   ] GC(244)   Evacuate Collection Set: 0.5ms
[2026-03-25T22:11:00.146+0900][145.358s][info][gc,phases   ] GC(244)   Post Evacuate Collection Set: 0.2ms
[2026-03-25T22:11:00.146+0900][145.358s][info][gc,phases   ] GC(244)   Other: 0.1ms
[2026-03-25T22:11:00.146+0900][145.358s][info][gc,heap     ] GC(244) Eden regions: 10->0(10)
[2026-03-25T22:11:00.146+0900][145.358s][info][gc,heap     ] GC(244) Survivor regions: 1->1(2)
[2026-03-25T22:11:00.146+0900][145.358s][info][gc,heap     ] GC(244) Old regions: 19->19
[2026-03-25T22:11:00.146+0900][145.358s][info][gc,heap     ] GC(244) Archive regions: 2->2
[2026-03-25T22:11:00.146+0900][145.358s][info][gc,heap     ] GC(244) Humongous regions: 24->24
[2026-03-25T22:11:00.146+0900][145.358s][info][gc,metaspace] GC(244) Metaspace: 104194K(105216K)->104194K(105216K) NonClass: 88926K(89472K)->88926K(89472K) Class: 15268K(15744K)->15268K(15744K)
[2026-03-25T22:11:00.146+0900][145.358s][info][gc          ] GC(244) Pause Young (Normal) (G1 Evacuation Pause) 214M->174M(256M) 0.888ms
[2026-03-25T22:11:00.146+0900][145.358s][info][gc,cpu      ] GC(244) User=0.00s Sys=0.00s Real=0.00s
[2026-03-25T22:11:00.386+0900][145.598s][info][gc,start    ] GC(245) Pause Young (Normal) (G1 Evacuation Pause)
[2026-03-25T22:11:00.386+0900][145.598s][info][gc,task     ] GC(245) Using 8 workers of 10 for evacuation
[2026-03-25T22:11:00.387+0900][145.599s][info][gc,phases   ] GC(245)   Pre Evacuate Collection Set: 0.1ms
[2026-03-25T22:11:00.387+0900][145.599s][info][gc,phases   ] GC(245)   Merge Heap Roots: 0.1ms
[2026-03-25T22:11:00.387+0900][145.599s][info][gc,phases   ] GC(245)   Evacuate Collection Set: 0.3ms
[2026-03-25T22:11:00.387+0900][145.599s][info][gc,phases   ] GC(245)   Post Evacuate Collection Set: 0.1ms
[2026-03-25T22:11:00.387+0900][145.599s][info][gc,phases   ] GC(245)   Other: 0.1ms
[2026-03-25T22:11:00.387+0900][145.599s][info][gc,heap     ] GC(245) Eden regions: 10->0(10)
[2026-03-25T22:11:00.387+0900][145.599s][info][gc,heap     ] GC(245) Survivor regions: 1->1(2)
[2026-03-25T22:11:00.387+0900][145.599s][info][gc,heap     ] GC(245) Old regions: 19->19
[2026-03-25T22:11:00.387+0900][145.599s][info][gc,heap     ] GC(245) Archive regions: 2->2
[2026-03-25T22:11:00.387+0900][145.599s][info][gc,heap     ] GC(245) Humongous regions: 24->24
[2026-03-25T22:11:00.387+0900][145.599s][info][gc,metaspace] GC(245) Metaspace: 104194K(105216K)->104194K(105216K) NonClass: 88926K(89472K)->88926K(89472K) Class: 15268K(15744K)->15268K(15744K)
[2026-03-25T22:11:00.387+0900][145.599s][info][gc          ] GC(245) Pause Young (Normal) (G1 Evacuation Pause) 214M->174M(256M) 0.763ms
[2026-03-25T22:11:00.387+0900][145.599s][info][gc,cpu      ] GC(245) User=0.00s Sys=0.00s Real=0.00s
[2026-03-25T22:11:00.670+0900][145.881s][info][gc,start    ] GC(246) Pause Young (Normal) (G1 Evacuation Pause)
[2026-03-25T22:11:00.670+0900][145.881s][info][gc,task     ] GC(246) Using 8 workers of 10 for evacuation
[2026-03-25T22:11:00.670+0900][145.882s][info][gc,phases   ] GC(246)   Pre Evacuate Collection Set: 0.1ms
[2026-03-25T22:11:00.670+0900][145.882s][info][gc,phases   ] GC(246)   Merge Heap Roots: 0.0ms
[2026-03-25T22:11:00.670+0900][145.882s][info][gc,phases   ] GC(246)   Evacuate Collection Set: 0.4ms
[2026-03-25T22:11:00.670+0900][145.882s][info][gc,phases   ] GC(246)   Post Evacuate Collection Set: 0.2ms
[2026-03-25T22:11:00.670+0900][145.882s][info][gc,phases   ] GC(246)   Other: 0.1ms
[2026-03-25T22:11:00.670+0900][145.882s][info][gc,heap     ] GC(246) Eden regions: 10->0(10)
[2026-03-25T22:11:00.670+0900][145.882s][info][gc,heap     ] GC(246) Survivor regions: 1->1(2)
[2026-03-25T22:11:00.670+0900][145.882s][info][gc,heap     ] GC(246) Old regions: 19->19
[2026-03-25T22:11:00.670+0900][145.882s][info][gc,heap     ] GC(246) Archive regions: 2->2
[2026-03-25T22:11:00.670+0900][145.882s][info][gc,heap     ] GC(246) Humongous regions: 24->24
[2026-03-25T22:11:00.670+0900][145.882s][info][gc,metaspace] GC(246) Metaspace: 104194K(105216K)->104194K(105216K) NonClass: 88926K(89472K)->88926K(89472K) Class: 15268K(15744K)->15268K(15744K)
[2026-03-25T22:11:00.670+0900][145.882s][info][gc          ] GC(246) Pause Young (Normal) (G1 Evacuation Pause) 214M->174M(256M) 0.820ms
[2026-03-25T22:11:00.670+0900][145.882s][info][gc,cpu      ] GC(246) User=0.00s Sys=0.00s Real=0.00s
[2026-03-25T22:11:00.960+0900][146.171s][info][gc,start    ] GC(247) Pause Young (Normal) (G1 Evacuation Pause)
[2026-03-25T22:11:00.960+0900][146.171s][info][gc,task     ] GC(247) Using 8 workers of 10 for evacuation
[2026-03-25T22:11:00.960+0900][146.172s][info][gc,phases   ] GC(247)   Pre Evacuate Collection Set: 0.0ms
[2026-03-25T22:11:00.960+0900][146.172s][info][gc,phases   ] GC(247)   Merge Heap Roots: 0.0ms
[2026-03-25T22:11:00.960+0900][146.172s][info][gc,phases   ] GC(247)   Evacuate Collection Set: 0.4ms
[2026-03-25T22:11:00.960+0900][146.172s][info][gc,phases   ] GC(247)   Post Evacuate Collection Set: 0.2ms
[2026-03-25T22:11:00.960+0900][146.172s][info][gc,phases   ] GC(247)   Other: 0.1ms
[2026-03-25T22:11:00.960+0900][146.172s][info][gc,heap     ] GC(247) Eden regions: 10->0(10)
[2026-03-25T22:11:00.960+0900][146.172s][info][gc,heap     ] GC(247) Survivor regions: 1->1(2)
[2026-03-25T22:11:00.960+0900][146.172s][info][gc,heap     ] GC(247) Old regions: 19->19
[2026-03-25T22:11:00.960+0900][146.172s][info][gc,heap     ] GC(247) Archive regions: 2->2
[2026-03-25T22:11:00.960+0900][146.172s][info][gc,heap     ] GC(247) Humongous regions: 24->24
[2026-03-25T22:11:00.960+0900][146.172s][info][gc,metaspace] GC(247) Metaspace: 104194K(105216K)->104194K(105216K) NonClass: 88926K(89472K)->88926K(89472K) Class: 15268K(15744K)->15268K(15744K)
[2026-03-25T22:11:00.960+0900][146.172s][info][gc          ] GC(247) Pause Young (Normal) (G1 Evacuation Pause) 214M->174M(256M) 0.732ms
[2026-03-25T22:11:00.960+0900][146.172s][info][gc,cpu      ] GC(247) User=0.00s Sys=0.00s Real=0.00s
[2026-03-25T22:11:01.256+0900][146.467s][info][gc,start    ] GC(248) Pause Young (Normal) (G1 Evacuation Pause)
[2026-03-25T22:11:01.256+0900][146.468s][info][gc,task     ] GC(248) Using 8 workers of 10 for evacuation
[2026-03-25T22:11:01.257+0900][146.468s][info][gc,phases   ] GC(248)   Pre Evacuate Collection Set: 0.0ms
[2026-03-25T22:11:01.257+0900][146.468s][info][gc,phases   ] GC(248)   Merge Heap Roots: 0.0ms
[2026-03-25T22:11:01.257+0900][146.468s][info][gc,phases   ] GC(248)   Evacuate Collection Set: 0.4ms
[2026-03-25T22:11:01.257+0900][146.468s][info][gc,phases   ] GC(248)   Post Evacuate Collection Set: 0.1ms
[2026-03-25T22:11:01.257+0900][146.468s][info][gc,phases   ] GC(248)   Other: 0.1ms
[2026-03-25T22:11:01.257+0900][146.468s][info][gc,heap     ] GC(248) Eden regions: 10->0(10)
[2026-03-25T22:11:01.257+0900][146.468s][info][gc,heap     ] GC(248) Survivor regions: 1->1(2)
[2026-03-25T22:11:01.257+0900][146.468s][info][gc,heap     ] GC(248) Old regions: 19->19
[2026-03-25T22:11:01.257+0900][146.468s][info][gc,heap     ] GC(248) Archive regions: 2->2
[2026-03-25T22:11:01.257+0900][146.468s][info][gc,heap     ] GC(248) Humongous regions: 24->24
[2026-03-25T22:11:01.257+0900][146.468s][info][gc,metaspace] GC(248) Metaspace: 104194K(105216K)->104194K(105216K) NonClass: 88926K(89472K)->88926K(89472K) Class: 15268K(15744K)->15268K(15744K)
[2026-03-25T22:11:01.257+0900][146.468s][info][gc          ] GC(248) Pause Young (Normal) (G1 Evacuation Pause) 214M->175M(256M) 0.884ms
[2026-03-25T22:11:01.257+0900][146.468s][info][gc,cpu      ] GC(248) User=0.01s Sys=0.00s Real=0.00s
[2026-03-25T22:11:01.598+0900][146.810s][info][gc,start    ] GC(249) Pause Young (Normal) (G1 Evacuation Pause)
[2026-03-25T22:11:01.598+0900][146.810s][info][gc,task     ] GC(249) Using 8 workers of 10 for evacuation
[2026-03-25T22:11:01.599+0900][146.810s][info][gc,phases   ] GC(249)   Pre Evacuate Collection Set: 0.0ms
[2026-03-25T22:11:01.599+0900][146.810s][info][gc,phases   ] GC(249)   Merge Heap Roots: 0.0ms
[2026-03-25T22:11:01.599+0900][146.810s][info][gc,phases   ] GC(249)   Evacuate Collection Set: 0.4ms
[2026-03-25T22:11:01.599+0900][146.811s][info][gc,phases   ] GC(249)   Post Evacuate Collection Set: 0.2ms
[2026-03-25T22:11:01.599+0900][146.811s][info][gc,phases   ] GC(249)   Other: 0.1ms
[2026-03-25T22:11:01.599+0900][146.811s][info][gc,heap     ] GC(249) Eden regions: 10->0(10)
[2026-03-25T22:11:01.599+0900][146.811s][info][gc,heap     ] GC(249) Survivor regions: 1->1(2)
[2026-03-25T22:11:01.599+0900][146.811s][info][gc,heap     ] GC(249) Old regions: 19->19
[2026-03-25T22:11:01.599+0900][146.811s][info][gc,heap     ] GC(249) Archive regions: 2->2
[2026-03-25T22:11:01.599+0900][146.811s][info][gc,heap     ] GC(249) Humongous regions: 24->24
[2026-03-25T22:11:01.599+0900][146.811s][info][gc,metaspace] GC(249) Metaspace: 104194K(105216K)->104194K(105216K) NonClass: 88926K(89472K)->88926K(89472K) Class: 15268K(15744K)->15268K(15744K)
[2026-03-25T22:11:01.599+0900][146.811s][info][gc          ] GC(249) Pause Young (Normal) (G1 Evacuation Pause) 215M->174M(256M) 0.857ms
[2026-03-25T22:11:01.599+0900][146.811s][info][gc,cpu      ] GC(249) User=0.00s Sys=0.00s Real=0.00s
[2026-03-25T22:11:01.830+0900][147.042s][info][gc,start    ] GC(250) Pause Young (Normal) (G1 Evacuation Pause)
[2026-03-25T22:11:01.830+0900][147.042s][info][gc,task     ] GC(250) Using 8 workers of 10 for evacuation
[2026-03-25T22:11:01.831+0900][147.042s][info][gc,phases   ] GC(250)   Pre Evacuate Collection Set: 0.1ms
[2026-03-25T22:11:01.831+0900][147.042s][info][gc,phases   ] GC(250)   Merge Heap Roots: 0.0ms
[2026-03-25T22:11:01.831+0900][147.042s][info][gc,phases   ] GC(250)   Evacuate Collection Set: 0.4ms
[2026-03-25T22:11:01.831+0900][147.042s][info][gc,phases   ] GC(250)   Post Evacuate Collection Set: 0.1ms
[2026-03-25T22:11:01.831+0900][147.042s][info][gc,phases   ] GC(250)   Other: 0.1ms
[2026-03-25T22:11:01.831+0900][147.042s][info][gc,heap     ] GC(250) Eden regions: 10->0(10)
[2026-03-25T22:11:01.831+0900][147.042s][info][gc,heap     ] GC(250) Survivor regions: 1->1(2)
[2026-03-25T22:11:01.831+0900][147.042s][info][gc,heap     ] GC(250) Old regions: 19->19
[2026-03-25T22:11:01.831+0900][147.042s][info][gc,heap     ] GC(250) Archive regions: 2->2
[2026-03-25T22:11:01.831+0900][147.042s][info][gc,heap     ] GC(250) Humongous regions: 24->24
[2026-03-25T22:11:01.831+0900][147.042s][info][gc,metaspace] GC(250) Metaspace: 104194K(105216K)->104194K(105216K) NonClass: 88926K(89472K)->88926K(89472K) Class: 15268K(15744K)->15268K(15744K)
[2026-03-25T22:11:01.831+0900][147.042s][info][gc          ] GC(250) Pause Young (Normal) (G1 Evacuation Pause) 214M->174M(256M) 0.759ms
[2026-03-25T22:11:01.831+0900][147.042s][info][gc,cpu      ] GC(250) User=0.00s Sys=0.00s Real=0.00s
[2026-03-25T22:11:02.108+0900][147.320s][info][gc,start    ] GC(251) Pause Young (Normal) (G1 Evacuation Pause)
[2026-03-25T22:11:02.108+0900][147.320s][info][gc,task     ] GC(251) Using 8 workers of 10 for evacuation
[2026-03-25T22:11:02.109+0900][147.320s][info][gc,phases   ] GC(251)   Pre Evacuate Collection Set: 0.0ms
[2026-03-25T22:11:02.109+0900][147.320s][info][gc,phases   ] GC(251)   Merge Heap Roots: 0.0ms
[2026-03-25T22:11:02.109+0900][147.320s][info][gc,phases   ] GC(251)   Evacuate Collection Set: 0.4ms
[2026-03-25T22:11:02.109+0900][147.320s][info][gc,phases   ] GC(251)   Post Evacuate Collection Set: 0.1ms
[2026-03-25T22:11:02.109+0900][147.320s][info][gc,phases   ] GC(251)   Other: 0.1ms
[2026-03-25T22:11:02.109+0900][147.320s][info][gc,heap     ] GC(251) Eden regions: 10->0(10)
[2026-03-25T22:11:02.109+0900][147.320s][info][gc,heap     ] GC(251) Survivor regions: 1->1(2)
[2026-03-25T22:11:02.109+0900][147.320s][info][gc,heap     ] GC(251) Old regions: 19->19
[2026-03-25T22:11:02.109+0900][147.320s][info][gc,heap     ] GC(251) Archive regions: 2->2
[2026-03-25T22:11:02.109+0900][147.320s][info][gc,heap     ] GC(251) Humongous regions: 24->24
[2026-03-25T22:11:02.109+0900][147.320s][info][gc,metaspace] GC(251) Metaspace: 104194K(105216K)->104194K(105216K) NonClass: 88926K(89472K)->88926K(89472K) Class: 15268K(15744K)->15268K(15744K)
[2026-03-25T22:11:02.109+0900][147.320s][info][gc          ] GC(251) Pause Young (Normal) (G1 Evacuation Pause) 214M->174M(256M) 0.723ms
[2026-03-25T22:11:02.109+0900][147.320s][info][gc,cpu      ] GC(251) User=0.00s Sys=0.00s Real=0.00s
[2026-03-25T22:11:02.265+0900][147.477s][info][gc,start    ] GC(252) Pause Young (Normal) (G1 Evacuation Pause)
[2026-03-25T22:11:02.265+0900][147.477s][info][gc,task     ] GC(252) Using 8 workers of 10 for evacuation
[2026-03-25T22:11:02.266+0900][147.477s][info][gc,phases   ] GC(252)   Pre Evacuate Collection Set: 0.0ms
[2026-03-25T22:11:02.266+0900][147.477s][info][gc,phases   ] GC(252)   Merge Heap Roots: 0.0ms
[2026-03-25T22:11:02.266+0900][147.477s][info][gc,phases   ] GC(252)   Evacuate Collection Set: 0.4ms
[2026-03-25T22:11:02.266+0900][147.477s][info][gc,phases   ] GC(252)   Post Evacuate Collection Set: 0.1ms
[2026-03-25T22:11:02.266+0900][147.477s][info][gc,phases   ] GC(252)   Other: 0.1ms
[2026-03-25T22:11:02.266+0900][147.477s][info][gc,heap     ] GC(252) Eden regions: 10->0(10)
[2026-03-25T22:11:02.266+0900][147.477s][info][gc,heap     ] GC(252) Survivor regions: 1->1(2)
[2026-03-25T22:11:02.266+0900][147.477s][info][gc,heap     ] GC(252) Old regions: 19->19
[2026-03-25T22:11:02.266+0900][147.477s][info][gc,heap     ] GC(252) Archive regions: 2->2
[2026-03-25T22:11:02.266+0900][147.477s][info][gc,heap     ] GC(252) Humongous regions: 24->24
[2026-03-25T22:11:02.266+0900][147.477s][info][gc,metaspace] GC(252) Metaspace: 104194K(105216K)->104194K(105216K) NonClass: 88926K(89472K)->88926K(89472K) Class: 15268K(15744K)->15268K(15744K)
[2026-03-25T22:11:02.266+0900][147.477s][info][gc          ] GC(252) Pause Young (Normal) (G1 Evacuation Pause) 214M->174M(256M) 0.733ms
[2026-03-25T22:11:02.266+0900][147.477s][info][gc,cpu      ] GC(252) User=0.00s Sys=0.00s Real=0.00s
[2026-03-25T22:11:02.554+0900][147.765s][info][gc,start    ] GC(253) Pause Young (Normal) (G1 Evacuation Pause)
[2026-03-25T22:11:02.554+0900][147.766s][info][gc,task     ] GC(253) Using 8 workers of 10 for evacuation
[2026-03-25T22:11:02.555+0900][147.766s][info][gc,phases   ] GC(253)   Pre Evacuate Collection Set: 0.1ms
[2026-03-25T22:11:02.555+0900][147.766s][info][gc,phases   ] GC(253)   Merge Heap Roots: 0.0ms
[2026-03-25T22:11:02.555+0900][147.766s][info][gc,phases   ] GC(253)   Evacuate Collection Set: 0.3ms
[2026-03-25T22:11:02.555+0900][147.766s][info][gc,phases   ] GC(253)   Post Evacuate Collection Set: 0.1ms
[2026-03-25T22:11:02.555+0900][147.766s][info][gc,phases   ] GC(253)   Other: 0.1ms
[2026-03-25T22:11:02.555+0900][147.766s][info][gc,heap     ] GC(253) Eden regions: 10->0(10)
[2026-03-25T22:11:02.555+0900][147.766s][info][gc,heap     ] GC(253) Survivor regions: 1->1(2)
[2026-03-25T22:11:02.555+0900][147.766s][info][gc,heap     ] GC(253) Old regions: 19->19
[2026-03-25T22:11:02.555+0900][147.766s][info][gc,heap     ] GC(253) Archive regions: 2->2
[2026-03-25T22:11:02.555+0900][147.766s][info][gc,heap     ] GC(253) Humongous regions: 24->24
[2026-03-25T22:11:02.555+0900][147.766s][info][gc,metaspace] GC(253) Metaspace: 104194K(105216K)->104194K(105216K) NonClass: 88926K(89472K)->88926K(89472K) Class: 15268K(15744K)->15268K(15744K)
[2026-03-25T22:11:02.555+0900][147.766s][info][gc          ] GC(253) Pause Young (Normal) (G1 Evacuation Pause) 214M->174M(256M) 0.708ms
[2026-03-25T22:11:02.555+0900][147.766s][info][gc,cpu      ] GC(253) User=0.01s Sys=0.00s Real=0.00s
[2026-03-25T22:11:02.823+0900][148.034s][info][gc,start    ] GC(254) Pause Young (Normal) (G1 Evacuation Pause)
[2026-03-25T22:11:02.823+0900][148.034s][info][gc,task     ] GC(254) Using 8 workers of 10 for evacuation
[2026-03-25T22:11:02.823+0900][148.035s][info][gc,phases   ] GC(254)   Pre Evacuate Collection Set: 0.0ms
[2026-03-25T22:11:02.823+0900][148.035s][info][gc,phases   ] GC(254)   Merge Heap Roots: 0.0ms
[2026-03-25T22:11:02.823+0900][148.035s][info][gc,phases   ] GC(254)   Evacuate Collection Set: 0.4ms
[2026-03-25T22:11:02.823+0900][148.035s][info][gc,phases   ] GC(254)   Post Evacuate Collection Set: 0.2ms
[2026-03-25T22:11:02.823+0900][148.035s][info][gc,phases   ] GC(254)   Other: 0.1ms
[2026-03-25T22:11:02.823+0900][148.035s][info][gc,heap     ] GC(254) Eden regions: 10->0(10)
[2026-03-25T22:11:02.823+0900][148.035s][info][gc,heap     ] GC(254) Survivor regions: 1->1(2)
[2026-03-25T22:11:02.823+0900][148.035s][info][gc,heap     ] GC(254) Old regions: 19->19
[2026-03-25T22:11:02.823+0900][148.035s][info][gc,heap     ] GC(254) Archive regions: 2->2
[2026-03-25T22:11:02.823+0900][148.035s][info][gc,heap     ] GC(254) Humongous regions: 24->24
[2026-03-25T22:11:02.823+0900][148.035s][info][gc,metaspace] GC(254) Metaspace: 104194K(105216K)->104194K(105216K) NonClass: 88926K(89472K)->88926K(89472K) Class: 15268K(15744K)->15268K(15744K)
[2026-03-25T22:11:02.823+0900][148.035s][info][gc          ] GC(254) Pause Young (Normal) (G1 Evacuation Pause) 214M->174M(256M) 0.739ms
[2026-03-25T22:11:02.823+0900][148.035s][info][gc,cpu      ] GC(254) User=0.01s Sys=0.00s Real=0.00s
[2026-03-25T22:11:03.165+0900][148.377s][info][gc,start    ] GC(255) Pause Young (Normal) (G1 Evacuation Pause)
[2026-03-25T22:11:03.165+0900][148.377s][info][gc,task     ] GC(255) Using 8 workers of 10 for evacuation
[2026-03-25T22:11:03.166+0900][148.378s][info][gc,phases   ] GC(255)   Pre Evacuate Collection Set: 0.1ms
[2026-03-25T22:11:03.166+0900][148.378s][info][gc,phases   ] GC(255)   Merge Heap Roots: 0.0ms
[2026-03-25T22:11:03.166+0900][148.378s][info][gc,phases   ] GC(255)   Evacuate Collection Set: 0.8ms
[2026-03-25T22:11:03.166+0900][148.378s][info][gc,phases   ] GC(255)   Post Evacuate Collection Set: 0.2ms
[2026-03-25T22:11:03.166+0900][148.378s][info][gc,phases   ] GC(255)   Other: 0.1ms
[2026-03-25T22:11:03.166+0900][148.378s][info][gc,heap     ] GC(255) Eden regions: 10->0(10)
[2026-03-25T22:11:03.166+0900][148.378s][info][gc,heap     ] GC(255) Survivor regions: 1->1(2)
[2026-03-25T22:11:03.166+0900][148.378s][info][gc,heap     ] GC(255) Old regions: 19->19
[2026-03-25T22:11:03.167+0900][148.378s][info][gc,heap     ] GC(255) Archive regions: 2->2
[2026-03-25T22:11:03.167+0900][148.378s][info][gc,heap     ] GC(255) Humongous regions: 24->24
[2026-03-25T22:11:03.167+0900][148.378s][info][gc,metaspace] GC(255) Metaspace: 104194K(105216K)->104194K(105216K) NonClass: 88926K(89472K)->88926K(89472K) Class: 15268K(15744K)->15268K(15744K)
[2026-03-25T22:11:03.167+0900][148.378s][info][gc          ] GC(255) Pause Young (Normal) (G1 Evacuation Pause) 214M->174M(256M) 1.159ms
[2026-03-25T22:11:03.167+0900][148.378s][info][gc,cpu      ] GC(255) User=0.01s Sys=0.00s Real=0.00s
[2026-03-25T22:11:03.311+0900][148.522s][info][gc,start    ] GC(256) Pause Young (Normal) (G1 Evacuation Pause)
[2026-03-25T22:11:03.311+0900][148.522s][info][gc,task     ] GC(256) Using 8 workers of 10 for evacuation
[2026-03-25T22:11:03.311+0900][148.523s][info][gc,phases   ] GC(256)   Pre Evacuate Collection Set: 0.0ms
[2026-03-25T22:11:03.311+0900][148.523s][info][gc,phases   ] GC(256)   Merge Heap Roots: 0.0ms
[2026-03-25T22:11:03.311+0900][148.523s][info][gc,phases   ] GC(256)   Evacuate Collection Set: 0.4ms
[2026-03-25T22:11:03.311+0900][148.523s][info][gc,phases   ] GC(256)   Post Evacuate Collection Set: 0.1ms
[2026-03-25T22:11:03.311+0900][148.523s][info][gc,phases   ] GC(256)   Other: 0.1ms
[2026-03-25T22:11:03.311+0900][148.523s][info][gc,heap     ] GC(256) Eden regions: 10->0(10)
[2026-03-25T22:11:03.311+0900][148.523s][info][gc,heap     ] GC(256) Survivor regions: 1->1(2)
[2026-03-25T22:11:03.311+0900][148.523s][info][gc,heap     ] GC(256) Old regions: 19->19
[2026-03-25T22:11:03.311+0900][148.523s][info][gc,heap     ] GC(256) Archive regions: 2->2
[2026-03-25T22:11:03.311+0900][148.523s][info][gc,heap     ] GC(256) Humongous regions: 24->24
[2026-03-25T22:11:03.311+0900][148.523s][info][gc,metaspace] GC(256) Metaspace: 104194K(105216K)->104194K(105216K) NonClass: 88926K(89472K)->88926K(89472K) Class: 15268K(15744K)->15268K(15744K)
[2026-03-25T22:11:03.311+0900][148.523s][info][gc          ] GC(256) Pause Young (Normal) (G1 Evacuation Pause) 214M->174M(256M) 0.687ms
[2026-03-25T22:11:03.311+0900][148.523s][info][gc,cpu      ] GC(256) User=0.01s Sys=0.00s Real=0.00s
[2026-03-25T22:11:03.577+0900][148.788s][info][gc,start    ] GC(257) Pause Young (Normal) (G1 Evacuation Pause)
[2026-03-25T22:11:03.577+0900][148.788s][info][gc,task     ] GC(257) Using 8 workers of 10 for evacuation
[2026-03-25T22:11:03.577+0900][148.789s][info][gc,phases   ] GC(257)   Pre Evacuate Collection Set: 0.0ms
[2026-03-25T22:11:03.577+0900][148.789s][info][gc,phases   ] GC(257)   Merge Heap Roots: 0.0ms
[2026-03-25T22:11:03.577+0900][148.789s][info][gc,phases   ] GC(257)   Evacuate Collection Set: 0.4ms
[2026-03-25T22:11:03.577+0900][148.789s][info][gc,phases   ] GC(257)   Post Evacuate Collection Set: 0.1ms
[2026-03-25T22:11:03.577+0900][148.789s][info][gc,phases   ] GC(257)   Other: 0.1ms
[2026-03-25T22:11:03.577+0900][148.789s][info][gc,heap     ] GC(257) Eden regions: 10->0(10)
[2026-03-25T22:11:03.577+0900][148.789s][info][gc,heap     ] GC(257) Survivor regions: 1->1(2)
[2026-03-25T22:11:03.577+0900][148.789s][info][gc,heap     ] GC(257) Old regions: 19->19
[2026-03-25T22:11:03.577+0900][148.789s][info][gc,heap     ] GC(257) Archive regions: 2->2
[2026-03-25T22:11:03.577+0900][148.789s][info][gc,heap     ] GC(257) Humongous regions: 24->24
[2026-03-25T22:11:03.577+0900][148.789s][info][gc,metaspace] GC(257) Metaspace: 104194K(105216K)->104194K(105216K) NonClass: 88926K(89472K)->88926K(89472K) Class: 15268K(15744K)->15268K(15744K)
[2026-03-25T22:11:03.577+0900][148.789s][info][gc          ] GC(257) Pause Young (Normal) (G1 Evacuation Pause) 214M->174M(256M) 0.717ms
[2026-03-25T22:11:03.577+0900][148.789s][info][gc,cpu      ] GC(257) User=0.00s Sys=0.00s Real=0.00s
[2026-03-25T22:11:03.818+0900][149.029s][info][gc,start    ] GC(258) Pause Young (Normal) (G1 Evacuation Pause)
[2026-03-25T22:11:03.818+0900][149.029s][info][gc,task     ] GC(258) Using 8 workers of 10 for evacuation
[2026-03-25T22:11:03.819+0900][149.030s][info][gc,phases   ] GC(258)   Pre Evacuate Collection Set: 0.1ms
[2026-03-25T22:11:03.819+0900][149.030s][info][gc,phases   ] GC(258)   Merge Heap Roots: 0.0ms
[2026-03-25T22:11:03.819+0900][149.030s][info][gc,phases   ] GC(258)   Evacuate Collection Set: 0.3ms
[2026-03-25T22:11:03.819+0900][149.030s][info][gc,phases   ] GC(258)   Post Evacuate Collection Set: 0.1ms
[2026-03-25T22:11:03.819+0900][149.030s][info][gc,phases   ] GC(258)   Other: 0.1ms
[2026-03-25T22:11:03.819+0900][149.030s][info][gc,heap     ] GC(258) Eden regions: 10->0(10)
[2026-03-25T22:11:03.819+0900][149.030s][info][gc,heap     ] GC(258) Survivor regions: 1->1(2)
[2026-03-25T22:11:03.819+0900][149.030s][info][gc,heap     ] GC(258) Old regions: 19->19
[2026-03-25T22:11:03.819+0900][149.030s][info][gc,heap     ] GC(258) Archive regions: 2->2
[2026-03-25T22:11:03.819+0900][149.030s][info][gc,heap     ] GC(258) Humongous regions: 24->24
[2026-03-25T22:11:03.819+0900][149.030s][info][gc,metaspace] GC(258) Metaspace: 104194K(105216K)->104194K(105216K) NonClass: 88926K(89472K)->88926K(89472K) Class: 15268K(15744K)->15268K(15744K)
[2026-03-25T22:11:03.819+0900][149.030s][info][gc          ] GC(258) Pause Young (Normal) (G1 Evacuation Pause) 214M->175M(256M) 0.705ms
[2026-03-25T22:11:03.819+0900][149.030s][info][gc,cpu      ] GC(258) User=0.01s Sys=0.00s Real=0.00s
[2026-03-25T22:11:04.055+0900][149.267s][info][gc,start    ] GC(259) Pause Young (Normal) (G1 Evacuation Pause)
[2026-03-25T22:11:04.055+0900][149.267s][info][gc,task     ] GC(259) Using 8 workers of 10 for evacuation
[2026-03-25T22:11:04.056+0900][149.267s][info][gc,phases   ] GC(259)   Pre Evacuate Collection Set: 0.0ms
[2026-03-25T22:11:04.056+0900][149.268s][info][gc,phases   ] GC(259)   Merge Heap Roots: 0.0ms
[2026-03-25T22:11:04.056+0900][149.268s][info][gc,phases   ] GC(259)   Evacuate Collection Set: 0.4ms
[2026-03-25T22:11:04.056+0900][149.268s][info][gc,phases   ] GC(259)   Post Evacuate Collection Set: 0.1ms
[2026-03-25T22:11:04.056+0900][149.268s][info][gc,phases   ] GC(259)   Other: 0.1ms
[2026-03-25T22:11:04.056+0900][149.268s][info][gc,heap     ] GC(259) Eden regions: 10->0(10)
[2026-03-25T22:11:04.056+0900][149.268s][info][gc,heap     ] GC(259) Survivor regions: 1->1(2)
[2026-03-25T22:11:04.056+0900][149.268s][info][gc,heap     ] GC(259) Old regions: 19->19
[2026-03-25T22:11:04.056+0900][149.268s][info][gc,heap     ] GC(259) Archive regions: 2->2
[2026-03-25T22:11:04.056+0900][149.268s][info][gc,heap     ] GC(259) Humongous regions: 24->24
[2026-03-25T22:11:04.056+0900][149.268s][info][gc,metaspace] GC(259) Metaspace: 104194K(105216K)->104194K(105216K) NonClass: 88926K(89472K)->88926K(89472K) Class: 15268K(15744K)->15268K(15744K)
[2026-03-25T22:11:04.056+0900][149.268s][info][gc          ] GC(259) Pause Young (Normal) (G1 Evacuation Pause) 215M->175M(256M) 0.730ms
[2026-03-25T22:11:04.056+0900][149.268s][info][gc,cpu      ] GC(259) User=0.01s Sys=0.00s Real=0.00s
[2026-03-25T22:11:04.317+0900][149.529s][info][gc,start    ] GC(260) Pause Young (Normal) (G1 Evacuation Pause)
[2026-03-25T22:11:04.317+0900][149.529s][info][gc,task     ] GC(260) Using 8 workers of 10 for evacuation
[2026-03-25T22:11:04.318+0900][149.529s][info][gc,phases   ] GC(260)   Pre Evacuate Collection Set: 0.0ms
[2026-03-25T22:11:04.318+0900][149.529s][info][gc,phases   ] GC(260)   Merge Heap Roots: 0.0ms
[2026-03-25T22:11:04.318+0900][149.529s][info][gc,phases   ] GC(260)   Evacuate Collection Set: 0.4ms
[2026-03-25T22:11:04.318+0900][149.529s][info][gc,phases   ] GC(260)   Post Evacuate Collection Set: 0.1ms
[2026-03-25T22:11:04.318+0900][149.529s][info][gc,phases   ] GC(260)   Other: 0.1ms
[2026-03-25T22:11:04.318+0900][149.529s][info][gc,heap     ] GC(260) Eden regions: 10->0(10)
[2026-03-25T22:11:04.318+0900][149.529s][info][gc,heap     ] GC(260) Survivor regions: 1->1(2)
[2026-03-25T22:11:04.318+0900][149.529s][info][gc,heap     ] GC(260) Old regions: 19->19
[2026-03-25T22:11:04.318+0900][149.529s][info][gc,heap     ] GC(260) Archive regions: 2->2
[2026-03-25T22:11:04.318+0900][149.529s][info][gc,heap     ] GC(260) Humongous regions: 24->24
[2026-03-25T22:11:04.318+0900][149.529s][info][gc,metaspace] GC(260) Metaspace: 104194K(105216K)->104194K(105216K) NonClass: 88926K(89472K)->88926K(89472K) Class: 15268K(15744K)->15268K(15744K)
[2026-03-25T22:11:04.318+0900][149.530s][info][gc          ] GC(260) Pause Young (Normal) (G1 Evacuation Pause) 215M->175M(256M) 0.721ms
[2026-03-25T22:11:04.318+0900][149.530s][info][gc,cpu      ] GC(260) User=0.00s Sys=0.00s Real=0.00s
[2026-03-25T22:11:04.613+0900][149.824s][info][gc,start    ] GC(261) Pause Young (Normal) (G1 Evacuation Pause)
[2026-03-25T22:11:04.613+0900][149.824s][info][gc,task     ] GC(261) Using 8 workers of 10 for evacuation
[2026-03-25T22:11:04.613+0900][149.825s][info][gc,phases   ] GC(261)   Pre Evacuate Collection Set: 0.0ms
[2026-03-25T22:11:04.613+0900][149.825s][info][gc,phases   ] GC(261)   Merge Heap Roots: 0.0ms
[2026-03-25T22:11:04.613+0900][149.825s][info][gc,phases   ] GC(261)   Evacuate Collection Set: 0.4ms
[2026-03-25T22:11:04.614+0900][149.825s][info][gc,phases   ] GC(261)   Post Evacuate Collection Set: 0.1ms
[2026-03-25T22:11:04.614+0900][149.825s][info][gc,phases   ] GC(261)   Other: 0.1ms
[2026-03-25T22:11:04.614+0900][149.825s][info][gc,heap     ] GC(261) Eden regions: 10->0(10)
[2026-03-25T22:11:04.614+0900][149.825s][info][gc,heap     ] GC(261) Survivor regions: 1->1(2)
[2026-03-25T22:11:04.614+0900][149.825s][info][gc,heap     ] GC(261) Old regions: 19->19
[2026-03-25T22:11:04.614+0900][149.825s][info][gc,heap     ] GC(261) Archive regions: 2->2
[2026-03-25T22:11:04.614+0900][149.825s][info][gc,heap     ] GC(261) Humongous regions: 24->24
[2026-03-25T22:11:04.614+0900][149.825s][info][gc,metaspace] GC(261) Metaspace: 104194K(105216K)->104194K(105216K) NonClass: 88926K(89472K)->88926K(89472K) Class: 15268K(15744K)->15268K(15744K)
[2026-03-25T22:11:04.614+0900][149.825s][info][gc          ] GC(261) Pause Young (Normal) (G1 Evacuation Pause) 215M->175M(256M) 0.723ms
[2026-03-25T22:11:04.614+0900][149.825s][info][gc,cpu      ] GC(261) User=0.00s Sys=0.01s Real=0.00s
[2026-03-25T22:11:04.800+0900][150.011s][info][gc,start    ] GC(262) Pause Young (Normal) (G1 Evacuation Pause)
[2026-03-25T22:11:04.800+0900][150.011s][info][gc,task     ] GC(262) Using 8 workers of 10 for evacuation
[2026-03-25T22:11:04.801+0900][150.012s][info][gc,phases   ] GC(262)   Pre Evacuate Collection Set: 0.0ms
[2026-03-25T22:11:04.801+0900][150.012s][info][gc,phases   ] GC(262)   Merge Heap Roots: 0.0ms
[2026-03-25T22:11:04.801+0900][150.012s][info][gc,phases   ] GC(262)   Evacuate Collection Set: 0.4ms
[2026-03-25T22:11:04.801+0900][150.012s][info][gc,phases   ] GC(262)   Post Evacuate Collection Set: 0.2ms
[2026-03-25T22:11:04.801+0900][150.012s][info][gc,phases   ] GC(262)   Other: 0.1ms
[2026-03-25T22:11:04.801+0900][150.012s][info][gc,heap     ] GC(262) Eden regions: 10->0(10)
[2026-03-25T22:11:04.801+0900][150.012s][info][gc,heap     ] GC(262) Survivor regions: 1->1(2)
[2026-03-25T22:11:04.801+0900][150.012s][info][gc,heap     ] GC(262) Old regions: 19->19
[2026-03-25T22:11:04.801+0900][150.012s][info][gc,heap     ] GC(262) Archive regions: 2->2
[2026-03-25T22:11:04.801+0900][150.012s][info][gc,heap     ] GC(262) Humongous regions: 24->24
[2026-03-25T22:11:04.801+0900][150.012s][info][gc,metaspace] GC(262) Metaspace: 104194K(105216K)->104194K(105216K) NonClass: 88926K(89472K)->88926K(89472K) Class: 15268K(15744K)->15268K(15744K)
[2026-03-25T22:11:04.801+0900][150.012s][info][gc          ] GC(262) Pause Young (Normal) (G1 Evacuation Pause) 215M->175M(256M) 0.762ms
[2026-03-25T22:11:04.801+0900][150.012s][info][gc,cpu      ] GC(262) User=0.00s Sys=0.00s Real=0.00s
[2026-03-25T22:11:05.022+0900][150.234s][info][gc,start    ] GC(263) Pause Young (Normal) (G1 Evacuation Pause)
[2026-03-25T22:11:05.022+0900][150.234s][info][gc,task     ] GC(263) Using 8 workers of 10 for evacuation
[2026-03-25T22:11:05.023+0900][150.234s][info][gc,phases   ] GC(263)   Pre Evacuate Collection Set: 0.0ms
[2026-03-25T22:11:05.023+0900][150.234s][info][gc,phases   ] GC(263)   Merge Heap Roots: 0.1ms
[2026-03-25T22:11:05.023+0900][150.234s][info][gc,phases   ] GC(263)   Evacuate Collection Set: 0.4ms
[2026-03-25T22:11:05.023+0900][150.234s][info][gc,phases   ] GC(263)   Post Evacuate Collection Set: 0.1ms
[2026-03-25T22:11:05.023+0900][150.234s][info][gc,phases   ] GC(263)   Other: 0.1ms
[2026-03-25T22:11:05.023+0900][150.234s][info][gc,heap     ] GC(263) Eden regions: 10->0(10)
[2026-03-25T22:11:05.023+0900][150.234s][info][gc,heap     ] GC(263) Survivor regions: 1->1(2)
[2026-03-25T22:11:05.023+0900][150.234s][info][gc,heap     ] GC(263) Old regions: 19->19
[2026-03-25T22:11:05.023+0900][150.234s][info][gc,heap     ] GC(263) Archive regions: 2->2
[2026-03-25T22:11:05.023+0900][150.234s][info][gc,heap     ] GC(263) Humongous regions: 24->24
[2026-03-25T22:11:05.023+0900][150.234s][info][gc,metaspace] GC(263) Metaspace: 104194K(105216K)->104194K(105216K) NonClass: 88926K(89472K)->88926K(89472K) Class: 15268K(15744K)->15268K(15744K)
[2026-03-25T22:11:05.023+0900][150.234s][info][gc          ] GC(263) Pause Young (Normal) (G1 Evacuation Pause) 215M->175M(256M) 0.725ms
[2026-03-25T22:11:05.023+0900][150.234s][info][gc,cpu      ] GC(263) User=0.00s Sys=0.00s Real=0.00s
[2026-03-25T22:11:05.393+0900][150.605s][info][gc,start    ] GC(264) Pause Young (Normal) (G1 Evacuation Pause)
[2026-03-25T22:11:05.393+0900][150.605s][info][gc,task     ] GC(264) Using 8 workers of 10 for evacuation
[2026-03-25T22:11:05.394+0900][150.605s][info][gc,phases   ] GC(264)   Pre Evacuate Collection Set: 0.0ms
[2026-03-25T22:11:05.394+0900][150.605s][info][gc,phases   ] GC(264)   Merge Heap Roots: 0.0ms
[2026-03-25T22:11:05.394+0900][150.605s][info][gc,phases   ] GC(264)   Evacuate Collection Set: 0.4ms
[2026-03-25T22:11:05.394+0900][150.605s][info][gc,phases   ] GC(264)   Post Evacuate Collection Set: 0.1ms
[2026-03-25T22:11:05.394+0900][150.605s][info][gc,phases   ] GC(264)   Other: 0.1ms
[2026-03-25T22:11:05.394+0900][150.605s][info][gc,heap     ] GC(264) Eden regions: 10->0(10)
[2026-03-25T22:11:05.394+0900][150.605s][info][gc,heap     ] GC(264) Survivor regions: 1->1(2)
[2026-03-25T22:11:05.394+0900][150.605s][info][gc,heap     ] GC(264) Old regions: 19->19
[2026-03-25T22:11:05.394+0900][150.605s][info][gc,heap     ] GC(264) Archive regions: 2->2
[2026-03-25T22:11:05.394+0900][150.605s][info][gc,heap     ] GC(264) Humongous regions: 24->24
[2026-03-25T22:11:05.394+0900][150.605s][info][gc,metaspace] GC(264) Metaspace: 104194K(105216K)->104194K(105216K) NonClass: 88926K(89472K)->88926K(89472K) Class: 15268K(15744K)->15268K(15744K)
[2026-03-25T22:11:05.394+0900][150.605s][info][gc          ] GC(264) Pause Young (Normal) (G1 Evacuation Pause) 215M->175M(256M) 0.733ms
[2026-03-25T22:11:05.394+0900][150.605s][info][gc,cpu      ] GC(264) User=0.01s Sys=0.01s Real=0.00s
[2026-03-25T22:11:05.702+0900][150.914s][info][gc,start    ] GC(265) Pause Young (Normal) (G1 Evacuation Pause)
[2026-03-25T22:11:05.702+0900][150.914s][info][gc,task     ] GC(265) Using 8 workers of 10 for evacuation
[2026-03-25T22:11:05.703+0900][150.914s][info][gc,phases   ] GC(265)   Pre Evacuate Collection Set: 0.0ms
[2026-03-25T22:11:05.703+0900][150.914s][info][gc,phases   ] GC(265)   Merge Heap Roots: 0.0ms
[2026-03-25T22:11:05.703+0900][150.915s][info][gc,phases   ] GC(265)   Evacuate Collection Set: 0.4ms
[2026-03-25T22:11:05.703+0900][150.915s][info][gc,phases   ] GC(265)   Post Evacuate Collection Set: 0.1ms
[2026-03-25T22:11:05.703+0900][150.915s][info][gc,phases   ] GC(265)   Other: 0.1ms
[2026-03-25T22:11:05.703+0900][150.915s][info][gc,heap     ] GC(265) Eden regions: 10->0(10)
[2026-03-25T22:11:05.703+0900][150.915s][info][gc,heap     ] GC(265) Survivor regions: 1->1(2)
[2026-03-25T22:11:05.703+0900][150.915s][info][gc,heap     ] GC(265) Old regions: 19->19
[2026-03-25T22:11:05.703+0900][150.915s][info][gc,heap     ] GC(265) Archive regions: 2->2
[2026-03-25T22:11:05.703+0900][150.915s][info][gc,heap     ] GC(265) Humongous regions: 24->24
[2026-03-25T22:11:05.703+0900][150.915s][info][gc,metaspace] GC(265) Metaspace: 104194K(105216K)->104194K(105216K) NonClass: 88926K(89472K)->88926K(89472K) Class: 15268K(15744K)->15268K(15744K)
[2026-03-25T22:11:05.703+0900][150.915s][info][gc          ] GC(265) Pause Young (Normal) (G1 Evacuation Pause) 215M->175M(256M) 0.758ms
[2026-03-25T22:11:05.703+0900][150.915s][info][gc,cpu      ] GC(265) User=0.00s Sys=0.00s Real=0.00s
[2026-03-25T22:11:05.886+0900][151.097s][info][gc,start    ] GC(266) Pause Young (Normal) (G1 Evacuation Pause)
[2026-03-25T22:11:05.886+0900][151.097s][info][gc,task     ] GC(266) Using 8 workers of 10 for evacuation
[2026-03-25T22:11:05.886+0900][151.098s][info][gc,phases   ] GC(266)   Pre Evacuate Collection Set: 0.0ms
[2026-03-25T22:11:05.886+0900][151.098s][info][gc,phases   ] GC(266)   Merge Heap Roots: 0.0ms
[2026-03-25T22:11:05.887+0900][151.098s][info][gc,phases   ] GC(266)   Evacuate Collection Set: 0.4ms
[2026-03-25T22:11:05.887+0900][151.098s][info][gc,phases   ] GC(266)   Post Evacuate Collection Set: 0.1ms
[2026-03-25T22:11:05.887+0900][151.098s][info][gc,phases   ] GC(266)   Other: 0.1ms
[2026-03-25T22:11:05.887+0900][151.098s][info][gc,heap     ] GC(266) Eden regions: 10->0(10)
[2026-03-25T22:11:05.887+0900][151.098s][info][gc,heap     ] GC(266) Survivor regions: 1->1(2)
[2026-03-25T22:11:05.887+0900][151.098s][info][gc,heap     ] GC(266) Old regions: 19->19
[2026-03-25T22:11:05.887+0900][151.098s][info][gc,heap     ] GC(266) Archive regions: 2->2
[2026-03-25T22:11:05.887+0900][151.098s][info][gc,heap     ] GC(266) Humongous regions: 24->24
[2026-03-25T22:11:05.887+0900][151.098s][info][gc,metaspace] GC(266) Metaspace: 104194K(105216K)->104194K(105216K) NonClass: 88926K(89472K)->88926K(89472K) Class: 15268K(15744K)->15268K(15744K)
[2026-03-25T22:11:05.887+0900][151.098s][info][gc          ] GC(266) Pause Young (Normal) (G1 Evacuation Pause) 215M->175M(256M) 0.788ms
[2026-03-25T22:11:05.887+0900][151.098s][info][gc,cpu      ] GC(266) User=0.00s Sys=0.00s Real=0.00s
[2026-03-25T22:11:06.274+0900][151.485s][info][gc,start    ] GC(267) Pause Young (Normal) (G1 Evacuation Pause)
[2026-03-25T22:11:06.274+0900][151.485s][info][gc,task     ] GC(267) Using 8 workers of 10 for evacuation
[2026-03-25T22:11:06.275+0900][151.486s][info][gc,phases   ] GC(267)   Pre Evacuate Collection Set: 0.0ms
[2026-03-25T22:11:06.275+0900][151.486s][info][gc,phases   ] GC(267)   Merge Heap Roots: 0.0ms
[2026-03-25T22:11:06.275+0900][151.486s][info][gc,phases   ] GC(267)   Evacuate Collection Set: 0.4ms
[2026-03-25T22:11:06.275+0900][151.486s][info][gc,phases   ] GC(267)   Post Evacuate Collection Set: 0.2ms
[2026-03-25T22:11:06.275+0900][151.486s][info][gc,phases   ] GC(267)   Other: 0.1ms
[2026-03-25T22:11:06.275+0900][151.486s][info][gc,heap     ] GC(267) Eden regions: 10->0(10)
[2026-03-25T22:11:06.275+0900][151.486s][info][gc,heap     ] GC(267) Survivor regions: 1->1(2)
[2026-03-25T22:11:06.275+0900][151.486s][info][gc,heap     ] GC(267) Old regions: 19->19
[2026-03-25T22:11:06.275+0900][151.486s][info][gc,heap     ] GC(267) Archive regions: 2->2
[2026-03-25T22:11:06.275+0900][151.486s][info][gc,heap     ] GC(267) Humongous regions: 24->24
[2026-03-25T22:11:06.275+0900][151.486s][info][gc,metaspace] GC(267) Metaspace: 104194K(105216K)->104194K(105216K) NonClass: 88926K(89472K)->88926K(89472K) Class: 15268K(15744K)->15268K(15744K)
[2026-03-25T22:11:06.275+0900][151.486s][info][gc          ] GC(267) Pause Young (Normal) (G1 Evacuation Pause) 215M->175M(256M) 0.731ms
[2026-03-25T22:11:06.275+0900][151.486s][info][gc,cpu      ] GC(267) User=0.00s Sys=0.00s Real=0.00s
[2026-03-25T22:11:06.416+0900][151.627s][info][gc,start    ] GC(268) Pause Young (Normal) (G1 Evacuation Pause)
[2026-03-25T22:11:06.416+0900][151.627s][info][gc,task     ] GC(268) Using 8 workers of 10 for evacuation
[2026-03-25T22:11:06.416+0900][151.628s][info][gc,phases   ] GC(268)   Pre Evacuate Collection Set: 0.0ms
[2026-03-25T22:11:06.416+0900][151.628s][info][gc,phases   ] GC(268)   Merge Heap Roots: 0.0ms
[2026-03-25T22:11:06.416+0900][151.628s][info][gc,phases   ] GC(268)   Evacuate Collection Set: 0.4ms
[2026-03-25T22:11:06.416+0900][151.628s][info][gc,phases   ] GC(268)   Post Evacuate Collection Set: 0.1ms
[2026-03-25T22:11:06.416+0900][151.628s][info][gc,phases   ] GC(268)   Other: 0.1ms
[2026-03-25T22:11:06.416+0900][151.628s][info][gc,heap     ] GC(268) Eden regions: 10->0(10)
[2026-03-25T22:11:06.416+0900][151.628s][info][gc,heap     ] GC(268) Survivor regions: 1->1(2)
[2026-03-25T22:11:06.416+0900][151.628s][info][gc,heap     ] GC(268) Old regions: 19->19
[2026-03-25T22:11:06.416+0900][151.628s][info][gc,heap     ] GC(268) Archive regions: 2->2
[2026-03-25T22:11:06.416+0900][151.628s][info][gc,heap     ] GC(268) Humongous regions: 24->24
[2026-03-25T22:11:06.416+0900][151.628s][info][gc,metaspace] GC(268) Metaspace: 104194K(105216K)->104194K(105216K) NonClass: 88926K(89472K)->88926K(89472K) Class: 15268K(15744K)->15268K(15744K)
[2026-03-25T22:11:06.416+0900][151.628s][info][gc          ] GC(268) Pause Young (Normal) (G1 Evacuation Pause) 215M->175M(256M) 0.736ms
[2026-03-25T22:11:06.416+0900][151.628s][info][gc,cpu      ] GC(268) User=0.01s Sys=0.00s Real=0.00s
[2026-03-25T22:11:06.794+0900][152.005s][info][gc,start    ] GC(269) Pause Young (Normal) (G1 Evacuation Pause)
[2026-03-25T22:11:06.794+0900][152.005s][info][gc,task     ] GC(269) Using 8 workers of 10 for evacuation
[2026-03-25T22:11:06.795+0900][152.006s][info][gc,phases   ] GC(269)   Pre Evacuate Collection Set: 0.1ms
[2026-03-25T22:11:06.795+0900][152.006s][info][gc,phases   ] GC(269)   Merge Heap Roots: 0.0ms
[2026-03-25T22:11:06.795+0900][152.006s][info][gc,phases   ] GC(269)   Evacuate Collection Set: 0.9ms
[2026-03-25T22:11:06.795+0900][152.006s][info][gc,phases   ] GC(269)   Post Evacuate Collection Set: 0.2ms
[2026-03-25T22:11:06.795+0900][152.006s][info][gc,phases   ] GC(269)   Other: 0.1ms
[2026-03-25T22:11:06.795+0900][152.006s][info][gc,heap     ] GC(269) Eden regions: 10->0(10)
[2026-03-25T22:11:06.795+0900][152.006s][info][gc,heap     ] GC(269) Survivor regions: 1->1(2)
[2026-03-25T22:11:06.795+0900][152.006s][info][gc,heap     ] GC(269) Old regions: 19->19
[2026-03-25T22:11:06.795+0900][152.006s][info][gc,heap     ] GC(269) Archive regions: 2->2
[2026-03-25T22:11:06.795+0900][152.006s][info][gc,heap     ] GC(269) Humongous regions: 24->24
[2026-03-25T22:11:06.795+0900][152.006s][info][gc,metaspace] GC(269) Metaspace: 104194K(105216K)->104194K(105216K) NonClass: 88926K(89472K)->88926K(89472K) Class: 15268K(15744K)->15268K(15744K)
[2026-03-25T22:11:06.795+0900][152.006s][info][gc          ] GC(269) Pause Young (Normal) (G1 Evacuation Pause) 215M->175M(256M) 1.292ms
[2026-03-25T22:11:06.795+0900][152.006s][info][gc,cpu      ] GC(269) User=0.01s Sys=0.00s Real=0.00s
[2026-03-25T22:11:06.970+0900][152.181s][info][gc,start    ] GC(270) Pause Young (Normal) (G1 Evacuation Pause)
[2026-03-25T22:11:06.970+0900][152.181s][info][gc,task     ] GC(270) Using 8 workers of 10 for evacuation
[2026-03-25T22:11:06.970+0900][152.182s][info][gc,phases   ] GC(270)   Pre Evacuate Collection Set: 0.0ms
[2026-03-25T22:11:06.970+0900][152.182s][info][gc,phases   ] GC(270)   Merge Heap Roots: 0.0ms
[2026-03-25T22:11:06.971+0900][152.182s][info][gc,phases   ] GC(270)   Evacuate Collection Set: 0.4ms
[2026-03-25T22:11:06.971+0900][152.182s][info][gc,phases   ] GC(270)   Post Evacuate Collection Set: 0.2ms
[2026-03-25T22:11:06.971+0900][152.182s][info][gc,phases   ] GC(270)   Other: 0.1ms
[2026-03-25T22:11:06.971+0900][152.182s][info][gc,heap     ] GC(270) Eden regions: 10->0(10)
[2026-03-25T22:11:06.971+0900][152.182s][info][gc,heap     ] GC(270) Survivor regions: 1->1(2)
[2026-03-25T22:11:06.971+0900][152.182s][info][gc,heap     ] GC(270) Old regions: 19->19
[2026-03-25T22:11:06.971+0900][152.182s][info][gc,heap     ] GC(270) Archive regions: 2->2
[2026-03-25T22:11:06.971+0900][152.182s][info][gc,heap     ] GC(270) Humongous regions: 24->24
[2026-03-25T22:11:06.971+0900][152.182s][info][gc,metaspace] GC(270) Metaspace: 104194K(105216K)->104194K(105216K) NonClass: 88926K(89472K)->88926K(89472K) Class: 15268K(15744K)->15268K(15744K)
[2026-03-25T22:11:06.971+0900][152.182s][info][gc          ] GC(270) Pause Young (Normal) (G1 Evacuation Pause) 215M->175M(256M) 0.736ms
[2026-03-25T22:11:06.971+0900][152.182s][info][gc,cpu      ] GC(270) User=0.00s Sys=0.00s Real=0.00s
[2026-03-25T22:11:07.247+0900][152.458s][info][gc,start    ] GC(271) Pause Young (Normal) (G1 Evacuation Pause)
[2026-03-25T22:11:07.247+0900][152.458s][info][gc,task     ] GC(271) Using 8 workers of 10 for evacuation
[2026-03-25T22:11:07.248+0900][152.459s][info][gc,phases   ] GC(271)   Pre Evacuate Collection Set: 0.0ms
[2026-03-25T22:11:07.248+0900][152.459s][info][gc,phases   ] GC(271)   Merge Heap Roots: 0.1ms
[2026-03-25T22:11:07.248+0900][152.459s][info][gc,phases   ] GC(271)   Evacuate Collection Set: 0.3ms
[2026-03-25T22:11:07.248+0900][152.459s][info][gc,phases   ] GC(271)   Post Evacuate Collection Set: 0.1ms
[2026-03-25T22:11:07.248+0900][152.459s][info][gc,phases   ] GC(271)   Other: 0.1ms
[2026-03-25T22:11:07.248+0900][152.459s][info][gc,heap     ] GC(271) Eden regions: 10->0(10)
[2026-03-25T22:11:07.248+0900][152.459s][info][gc,heap     ] GC(271) Survivor regions: 1->1(2)
[2026-03-25T22:11:07.248+0900][152.459s][info][gc,heap     ] GC(271) Old regions: 19->19
[2026-03-25T22:11:07.248+0900][152.459s][info][gc,heap     ] GC(271) Archive regions: 2->2
[2026-03-25T22:11:07.248+0900][152.459s][info][gc,heap     ] GC(271) Humongous regions: 24->24
[2026-03-25T22:11:07.248+0900][152.459s][info][gc,metaspace] GC(271) Metaspace: 104194K(105216K)->104194K(105216K) NonClass: 88926K(89472K)->88926K(89472K) Class: 15268K(15744K)->15268K(15744K)
[2026-03-25T22:11:07.248+0900][152.459s][info][gc          ] GC(271) Pause Young (Normal) (G1 Evacuation Pause) 215M->175M(256M) 0.690ms
[2026-03-25T22:11:07.248+0900][152.459s][info][gc,cpu      ] GC(271) User=0.00s Sys=0.00s Real=0.00s
[2026-03-25T22:11:07.461+0900][152.673s][info][gc,start    ] GC(272) Pause Young (Normal) (G1 Evacuation Pause)
[2026-03-25T22:11:07.461+0900][152.673s][info][gc,task     ] GC(272) Using 8 workers of 10 for evacuation
[2026-03-25T22:11:07.462+0900][152.673s][info][gc,phases   ] GC(272)   Pre Evacuate Collection Set: 0.0ms
[2026-03-25T22:11:07.462+0900][152.673s][info][gc,phases   ] GC(272)   Merge Heap Roots: 0.0ms
[2026-03-25T22:11:07.462+0900][152.673s][info][gc,phases   ] GC(272)   Evacuate Collection Set: 0.4ms
[2026-03-25T22:11:07.462+0900][152.673s][info][gc,phases   ] GC(272)   Post Evacuate Collection Set: 0.1ms
[2026-03-25T22:11:07.462+0900][152.673s][info][gc,phases   ] GC(272)   Other: 0.1ms
[2026-03-25T22:11:07.462+0900][152.673s][info][gc,heap     ] GC(272) Eden regions: 10->0(10)
[2026-03-25T22:11:07.462+0900][152.673s][info][gc,heap     ] GC(272) Survivor regions: 1->1(2)
[2026-03-25T22:11:07.462+0900][152.673s][info][gc,heap     ] GC(272) Old regions: 19->19
[2026-03-25T22:11:07.462+0900][152.673s][info][gc,heap     ] GC(272) Archive regions: 2->2
[2026-03-25T22:11:07.462+0900][152.673s][info][gc,heap     ] GC(272) Humongous regions: 24->24
[2026-03-25T22:11:07.462+0900][152.673s][info][gc,metaspace] GC(272) Metaspace: 104194K(105216K)->104194K(105216K) NonClass: 88926K(89472K)->88926K(89472K) Class: 15268K(15744K)->15268K(15744K)
[2026-03-25T22:11:07.462+0900][152.673s][info][gc          ] GC(272) Pause Young (Normal) (G1 Evacuation Pause) 215M->175M(256M) 0.754ms
[2026-03-25T22:11:07.462+0900][152.673s][info][gc,cpu      ] GC(272) User=0.01s Sys=0.00s Real=0.00s
[2026-03-25T22:11:07.778+0900][152.989s][info][gc,start    ] GC(273) Pause Young (Normal) (G1 Evacuation Pause)
[2026-03-25T22:11:07.778+0900][152.989s][info][gc,task     ] GC(273) Using 8 workers of 10 for evacuation
[2026-03-25T22:11:07.779+0900][152.990s][info][gc,phases   ] GC(273)   Pre Evacuate Collection Set: 0.1ms
[2026-03-25T22:11:07.779+0900][152.990s][info][gc,phases   ] GC(273)   Merge Heap Roots: 0.1ms
[2026-03-25T22:11:07.779+0900][152.990s][info][gc,phases   ] GC(273)   Evacuate Collection Set: 0.4ms
[2026-03-25T22:11:07.779+0900][152.990s][info][gc,phases   ] GC(273)   Post Evacuate Collection Set: 0.1ms
[2026-03-25T22:11:07.779+0900][152.990s][info][gc,phases   ] GC(273)   Other: 0.1ms
[2026-03-25T22:11:07.779+0900][152.990s][info][gc,heap     ] GC(273) Eden regions: 10->0(10)
[2026-03-25T22:11:07.779+0900][152.990s][info][gc,heap     ] GC(273) Survivor regions: 1->1(2)
[2026-03-25T22:11:07.779+0900][152.990s][info][gc,heap     ] GC(273) Old regions: 19->19
[2026-03-25T22:11:07.779+0900][152.990s][info][gc,heap     ] GC(273) Archive regions: 2->2
[2026-03-25T22:11:07.779+0900][152.990s][info][gc,heap     ] GC(273) Humongous regions: 24->24
[2026-03-25T22:11:07.779+0900][152.990s][info][gc,metaspace] GC(273) Metaspace: 104194K(105216K)->104194K(105216K) NonClass: 88926K(89472K)->88926K(89472K) Class: 15268K(15744K)->15268K(15744K)
[2026-03-25T22:11:07.779+0900][152.990s][info][gc          ] GC(273) Pause Young (Normal) (G1 Evacuation Pause) 215M->175M(256M) 0.771ms
[2026-03-25T22:11:07.779+0900][152.990s][info][gc,cpu      ] GC(273) User=0.00s Sys=0.00s Real=0.00s
[2026-03-25T22:11:07.997+0900][153.208s][info][gc,start    ] GC(274) Pause Young (Normal) (G1 Evacuation Pause)
[2026-03-25T22:11:07.997+0900][153.208s][info][gc,task     ] GC(274) Using 8 workers of 10 for evacuation
[2026-03-25T22:11:07.997+0900][153.209s][info][gc,phases   ] GC(274)   Pre Evacuate Collection Set: 0.0ms
[2026-03-25T22:11:07.997+0900][153.209s][info][gc,phases   ] GC(274)   Merge Heap Roots: 0.0ms
[2026-03-25T22:11:07.997+0900][153.209s][info][gc,phases   ] GC(274)   Evacuate Collection Set: 0.4ms
[2026-03-25T22:11:07.997+0900][153.209s][info][gc,phases   ] GC(274)   Post Evacuate Collection Set: 0.2ms
[2026-03-25T22:11:07.997+0900][153.209s][info][gc,phases   ] GC(274)   Other: 0.1ms
[2026-03-25T22:11:07.997+0900][153.209s][info][gc,heap     ] GC(274) Eden regions: 10->0(10)
[2026-03-25T22:11:07.997+0900][153.209s][info][gc,heap     ] GC(274) Survivor regions: 1->1(2)
[2026-03-25T22:11:07.997+0900][153.209s][info][gc,heap     ] GC(274) Old regions: 19->19
[2026-03-25T22:11:07.997+0900][153.209s][info][gc,heap     ] GC(274) Archive regions: 2->2
[2026-03-25T22:11:07.997+0900][153.209s][info][gc,heap     ] GC(274) Humongous regions: 24->24
[2026-03-25T22:11:07.997+0900][153.209s][info][gc,metaspace] GC(274) Metaspace: 104194K(105216K)->104194K(105216K) NonClass: 88926K(89472K)->88926K(89472K) Class: 15268K(15744K)->15268K(15744K)
[2026-03-25T22:11:07.997+0900][153.209s][info][gc          ] GC(274) Pause Young (Normal) (G1 Evacuation Pause) 215M->175M(256M) 0.747ms
[2026-03-25T22:11:07.997+0900][153.209s][info][gc,cpu      ] GC(274) User=0.01s Sys=0.00s Real=0.00s
[2026-03-25T22:11:08.270+0900][153.482s][info][gc,start    ] GC(275) Pause Young (Normal) (G1 Evacuation Pause)
[2026-03-25T22:11:08.270+0900][153.482s][info][gc,task     ] GC(275) Using 8 workers of 10 for evacuation
[2026-03-25T22:11:08.271+0900][153.482s][info][gc,phases   ] GC(275)   Pre Evacuate Collection Set: 0.0ms
[2026-03-25T22:11:08.271+0900][153.482s][info][gc,phases   ] GC(275)   Merge Heap Roots: 0.0ms
[2026-03-25T22:11:08.271+0900][153.482s][info][gc,phases   ] GC(275)   Evacuate Collection Set: 0.3ms
[2026-03-25T22:11:08.271+0900][153.482s][info][gc,phases   ] GC(275)   Post Evacuate Collection Set: 0.1ms
[2026-03-25T22:11:08.271+0900][153.482s][info][gc,phases   ] GC(275)   Other: 0.1ms
[2026-03-25T22:11:08.271+0900][153.482s][info][gc,heap     ] GC(275) Eden regions: 10->0(10)
[2026-03-25T22:11:08.271+0900][153.482s][info][gc,heap     ] GC(275) Survivor regions: 1->1(2)
[2026-03-25T22:11:08.271+0900][153.482s][info][gc,heap     ] GC(275) Old regions: 19->19
[2026-03-25T22:11:08.271+0900][153.482s][info][gc,heap     ] GC(275) Archive regions: 2->2
[2026-03-25T22:11:08.271+0900][153.482s][info][gc,heap     ] GC(275) Humongous regions: 24->24
[2026-03-25T22:11:08.271+0900][153.482s][info][gc,metaspace] GC(275) Metaspace: 104194K(105216K)->104194K(105216K) NonClass: 88926K(89472K)->88926K(89472K) Class: 15268K(15744K)->15268K(15744K)
[2026-03-25T22:11:08.271+0900][153.482s][info][gc          ] GC(275) Pause Young (Normal) (G1 Evacuation Pause) 215M->175M(256M) 0.694ms
[2026-03-25T22:11:08.271+0900][153.482s][info][gc,cpu      ] GC(275) User=0.00s Sys=0.00s Real=0.00s
[2026-03-25T22:11:08.487+0900][153.699s][info][gc,start    ] GC(276) Pause Young (Normal) (G1 Evacuation Pause)
[2026-03-25T22:11:08.487+0900][153.699s][info][gc,task     ] GC(276) Using 8 workers of 10 for evacuation
[2026-03-25T22:11:08.488+0900][153.699s][info][gc,phases   ] GC(276)   Pre Evacuate Collection Set: 0.0ms
[2026-03-25T22:11:08.488+0900][153.699s][info][gc,phases   ] GC(276)   Merge Heap Roots: 0.0ms
[2026-03-25T22:11:08.488+0900][153.699s][info][gc,phases   ] GC(276)   Evacuate Collection Set: 0.4ms
[2026-03-25T22:11:08.488+0900][153.699s][info][gc,phases   ] GC(276)   Post Evacuate Collection Set: 0.1ms
[2026-03-25T22:11:08.488+0900][153.699s][info][gc,phases   ] GC(276)   Other: 0.1ms
[2026-03-25T22:11:08.488+0900][153.699s][info][gc,heap     ] GC(276) Eden regions: 10->0(10)
[2026-03-25T22:11:08.488+0900][153.699s][info][gc,heap     ] GC(276) Survivor regions: 1->1(2)
[2026-03-25T22:11:08.488+0900][153.699s][info][gc,heap     ] GC(276) Old regions: 19->19
[2026-03-25T22:11:08.488+0900][153.699s][info][gc,heap     ] GC(276) Archive regions: 2->2
[2026-03-25T22:11:08.488+0900][153.699s][info][gc,heap     ] GC(276) Humongous regions: 24->24
[2026-03-25T22:11:08.488+0900][153.699s][info][gc,metaspace] GC(276) Metaspace: 104194K(105216K)->104194K(105216K) NonClass: 88926K(89472K)->88926K(89472K) Class: 15268K(15744K)->15268K(15744K)
[2026-03-25T22:11:08.488+0900][153.699s][info][gc          ] GC(276) Pause Young (Normal) (G1 Evacuation Pause) 215M->175M(256M) 0.704ms
[2026-03-25T22:11:08.488+0900][153.699s][info][gc,cpu      ] GC(276) User=0.01s Sys=0.00s Real=0.00s
[2026-03-25T22:11:08.647+0900][153.858s][info][gc,start    ] GC(277) Pause Young (Normal) (G1 Evacuation Pause)
[2026-03-25T22:11:08.647+0900][153.858s][info][gc,task     ] GC(277) Using 8 workers of 10 for evacuation
[2026-03-25T22:11:08.647+0900][153.859s][info][gc,phases   ] GC(277)   Pre Evacuate Collection Set: 0.0ms
[2026-03-25T22:11:08.647+0900][153.859s][info][gc,phases   ] GC(277)   Merge Heap Roots: 0.0ms
[2026-03-25T22:11:08.647+0900][153.859s][info][gc,phases   ] GC(277)   Evacuate Collection Set: 0.4ms
[2026-03-25T22:11:08.647+0900][153.859s][info][gc,phases   ] GC(277)   Post Evacuate Collection Set: 0.1ms
[2026-03-25T22:11:08.647+0900][153.859s][info][gc,phases   ] GC(277)   Other: 0.1ms
[2026-03-25T22:11:08.647+0900][153.859s][info][gc,heap     ] GC(277) Eden regions: 10->0(10)
[2026-03-25T22:11:08.647+0900][153.859s][info][gc,heap     ] GC(277) Survivor regions: 1->1(2)
[2026-03-25T22:11:08.647+0900][153.859s][info][gc,heap     ] GC(277) Old regions: 19->19
[2026-03-25T22:11:08.647+0900][153.859s][info][gc,heap     ] GC(277) Archive regions: 2->2
[2026-03-25T22:11:08.647+0900][153.859s][info][gc,heap     ] GC(277) Humongous regions: 24->24
[2026-03-25T22:11:08.647+0900][153.859s][info][gc,metaspace] GC(277) Metaspace: 104194K(105216K)->104194K(105216K) NonClass: 88926K(89472K)->88926K(89472K) Class: 15268K(15744K)->15268K(15744K)
[2026-03-25T22:11:08.647+0900][153.859s][info][gc          ] GC(277) Pause Young (Normal) (G1 Evacuation Pause) 215M->175M(256M) 0.682ms
[2026-03-25T22:11:08.647+0900][153.859s][info][gc,cpu      ] GC(277) User=0.00s Sys=0.00s Real=0.00s
[2026-03-25T22:11:08.916+0900][154.128s][info][gc,start    ] GC(278) Pause Young (Normal) (G1 Evacuation Pause)
[2026-03-25T22:11:08.916+0900][154.128s][info][gc,task     ] GC(278) Using 8 workers of 10 for evacuation
[2026-03-25T22:11:08.917+0900][154.128s][info][gc,phases   ] GC(278)   Pre Evacuate Collection Set: 0.0ms
[2026-03-25T22:11:08.917+0900][154.128s][info][gc,phases   ] GC(278)   Merge Heap Roots: 0.0ms
[2026-03-25T22:11:08.917+0900][154.128s][info][gc,phases   ] GC(278)   Evacuate Collection Set: 0.4ms
[2026-03-25T22:11:08.917+0900][154.128s][info][gc,phases   ] GC(278)   Post Evacuate Collection Set: 0.1ms
[2026-03-25T22:11:08.917+0900][154.128s][info][gc,phases   ] GC(278)   Other: 0.1ms
[2026-03-25T22:11:08.917+0900][154.128s][info][gc,heap     ] GC(278) Eden regions: 10->0(10)
[2026-03-25T22:11:08.917+0900][154.128s][info][gc,heap     ] GC(278) Survivor regions: 1->1(2)
[2026-03-25T22:11:08.917+0900][154.128s][info][gc,heap     ] GC(278) Old regions: 19->19
[2026-03-25T22:11:08.917+0900][154.128s][info][gc,heap     ] GC(278) Archive regions: 2->2
[2026-03-25T22:11:08.917+0900][154.128s][info][gc,heap     ] GC(278) Humongous regions: 24->24
[2026-03-25T22:11:08.917+0900][154.128s][info][gc,metaspace] GC(278) Metaspace: 104194K(105216K)->104194K(105216K) NonClass: 88926K(89472K)->88926K(89472K) Class: 15268K(15744K)->15268K(15744K)
[2026-03-25T22:11:08.917+0900][154.128s][info][gc          ] GC(278) Pause Young (Normal) (G1 Evacuation Pause) 215M->175M(256M) 0.706ms
[2026-03-25T22:11:08.917+0900][154.128s][info][gc,cpu      ] GC(278) User=0.00s Sys=0.00s Real=0.00s
[2026-03-25T22:11:09.147+0900][154.359s][info][gc,start    ] GC(279) Pause Young (Normal) (G1 Evacuation Pause)
[2026-03-25T22:11:09.148+0900][154.359s][info][gc,task     ] GC(279) Using 8 workers of 10 for evacuation
[2026-03-25T22:11:09.148+0900][154.360s][info][gc,phases   ] GC(279)   Pre Evacuate Collection Set: 0.0ms
[2026-03-25T22:11:09.148+0900][154.360s][info][gc,phases   ] GC(279)   Merge Heap Roots: 0.1ms
[2026-03-25T22:11:09.148+0900][154.360s][info][gc,phases   ] GC(279)   Evacuate Collection Set: 0.4ms
[2026-03-25T22:11:09.148+0900][154.360s][info][gc,phases   ] GC(279)   Post Evacuate Collection Set: 0.1ms
[2026-03-25T22:11:09.148+0900][154.360s][info][gc,phases   ] GC(279)   Other: 0.1ms
[2026-03-25T22:11:09.148+0900][154.360s][info][gc,heap     ] GC(279) Eden regions: 10->0(10)
[2026-03-25T22:11:09.148+0900][154.360s][info][gc,heap     ] GC(279) Survivor regions: 1->1(2)
[2026-03-25T22:11:09.148+0900][154.360s][info][gc,heap     ] GC(279) Old regions: 19->19
[2026-03-25T22:11:09.148+0900][154.360s][info][gc,heap     ] GC(279) Archive regions: 2->2
[2026-03-25T22:11:09.148+0900][154.360s][info][gc,heap     ] GC(279) Humongous regions: 24->24
[2026-03-25T22:11:09.148+0900][154.360s][info][gc,metaspace] GC(279) Metaspace: 104194K(105216K)->104194K(105216K) NonClass: 88926K(89472K)->88926K(89472K) Class: 15268K(15744K)->15268K(15744K)
[2026-03-25T22:11:09.148+0900][154.360s][info][gc          ] GC(279) Pause Young (Normal) (G1 Evacuation Pause) 215M->175M(256M) 0.769ms
[2026-03-25T22:11:09.148+0900][154.360s][info][gc,cpu      ] GC(279) User=0.00s Sys=0.00s Real=0.00s
[2026-03-25T22:11:09.458+0900][154.670s][info][gc,start    ] GC(280) Pause Young (Normal) (G1 Evacuation Pause)
[2026-03-25T22:11:09.458+0900][154.670s][info][gc,task     ] GC(280) Using 8 workers of 10 for evacuation
[2026-03-25T22:11:09.459+0900][154.670s][info][gc,phases   ] GC(280)   Pre Evacuate Collection Set: 0.0ms
[2026-03-25T22:11:09.459+0900][154.670s][info][gc,phases   ] GC(280)   Merge Heap Roots: 0.0ms
[2026-03-25T22:11:09.459+0900][154.670s][info][gc,phases   ] GC(280)   Evacuate Collection Set: 0.4ms
[2026-03-25T22:11:09.459+0900][154.670s][info][gc,phases   ] GC(280)   Post Evacuate Collection Set: 0.1ms
[2026-03-25T22:11:09.459+0900][154.670s][info][gc,phases   ] GC(280)   Other: 0.1ms
[2026-03-25T22:11:09.459+0900][154.670s][info][gc,heap     ] GC(280) Eden regions: 10->0(10)
[2026-03-25T22:11:09.459+0900][154.670s][info][gc,heap     ] GC(280) Survivor regions: 1->1(2)
[2026-03-25T22:11:09.459+0900][154.670s][info][gc,heap     ] GC(280) Old regions: 19->19
[2026-03-25T22:11:09.459+0900][154.670s][info][gc,heap     ] GC(280) Archive regions: 2->2
[2026-03-25T22:11:09.459+0900][154.670s][info][gc,heap     ] GC(280) Humongous regions: 24->24
[2026-03-25T22:11:09.459+0900][154.670s][info][gc,metaspace] GC(280) Metaspace: 104194K(105216K)->104194K(105216K) NonClass: 88926K(89472K)->88926K(89472K) Class: 15268K(15744K)->15268K(15744K)
[2026-03-25T22:11:09.459+0900][154.670s][info][gc          ] GC(280) Pause Young (Normal) (G1 Evacuation Pause) 215M->175M(256M) 0.722ms
[2026-03-25T22:11:09.459+0900][154.670s][info][gc,cpu      ] GC(280) User=0.00s Sys=0.00s Real=0.00s
[2026-03-25T22:11:09.824+0900][155.035s][info][gc,start    ] GC(281) Pause Young (Normal) (G1 Evacuation Pause)
[2026-03-25T22:11:09.824+0900][155.035s][info][gc,task     ] GC(281) Using 8 workers of 10 for evacuation
[2026-03-25T22:11:09.824+0900][155.036s][info][gc,phases   ] GC(281)   Pre Evacuate Collection Set: 0.0ms
[2026-03-25T22:11:09.824+0900][155.036s][info][gc,phases   ] GC(281)   Merge Heap Roots: 0.0ms
[2026-03-25T22:11:09.824+0900][155.036s][info][gc,phases   ] GC(281)   Evacuate Collection Set: 0.4ms
[2026-03-25T22:11:09.824+0900][155.036s][info][gc,phases   ] GC(281)   Post Evacuate Collection Set: 0.1ms
[2026-03-25T22:11:09.824+0900][155.036s][info][gc,phases   ] GC(281)   Other: 0.1ms
[2026-03-25T22:11:09.824+0900][155.036s][info][gc,heap     ] GC(281) Eden regions: 10->0(10)
[2026-03-25T22:11:09.824+0900][155.036s][info][gc,heap     ] GC(281) Survivor regions: 1->1(2)
[2026-03-25T22:11:09.824+0900][155.036s][info][gc,heap     ] GC(281) Old regions: 19->19
[2026-03-25T22:11:09.824+0900][155.036s][info][gc,heap     ] GC(281) Archive regions: 2->2
[2026-03-25T22:11:09.824+0900][155.036s][info][gc,heap     ] GC(281) Humongous regions: 24->24
[2026-03-25T22:11:09.824+0900][155.036s][info][gc,metaspace] GC(281) Metaspace: 104194K(105216K)->104194K(105216K) NonClass: 88926K(89472K)->88926K(89472K) Class: 15268K(15744K)->15268K(15744K)
[2026-03-25T22:11:09.824+0900][155.036s][info][gc          ] GC(281) Pause Young (Normal) (G1 Evacuation Pause) 215M->175M(256M) 0.716ms
[2026-03-25T22:11:09.824+0900][155.036s][info][gc,cpu      ] GC(281) User=0.00s Sys=0.00s Real=0.00s
[2026-03-25T22:11:10.000+0900][155.211s][info][gc,start    ] GC(282) Pause Young (Normal) (G1 Evacuation Pause)
[2026-03-25T22:11:10.000+0900][155.211s][info][gc,task     ] GC(282) Using 8 workers of 10 for evacuation
[2026-03-25T22:11:10.001+0900][155.212s][info][gc,phases   ] GC(282)   Pre Evacuate Collection Set: 0.0ms
[2026-03-25T22:11:10.001+0900][155.212s][info][gc,phases   ] GC(282)   Merge Heap Roots: 0.0ms
[2026-03-25T22:11:10.001+0900][155.212s][info][gc,phases   ] GC(282)   Evacuate Collection Set: 0.5ms
[2026-03-25T22:11:10.001+0900][155.212s][info][gc,phases   ] GC(282)   Post Evacuate Collection Set: 0.1ms
[2026-03-25T22:11:10.001+0900][155.212s][info][gc,phases   ] GC(282)   Other: 0.1ms
[2026-03-25T22:11:10.001+0900][155.212s][info][gc,heap     ] GC(282) Eden regions: 10->0(10)
[2026-03-25T22:11:10.001+0900][155.212s][info][gc,heap     ] GC(282) Survivor regions: 1->1(2)
[2026-03-25T22:11:10.001+0900][155.212s][info][gc,heap     ] GC(282) Old regions: 19->19
[2026-03-25T22:11:10.001+0900][155.212s][info][gc,heap     ] GC(282) Archive regions: 2->2
[2026-03-25T22:11:10.001+0900][155.212s][info][gc,heap     ] GC(282) Humongous regions: 24->24
[2026-03-25T22:11:10.001+0900][155.212s][info][gc,metaspace] GC(282) Metaspace: 104194K(105216K)->104194K(105216K) NonClass: 88926K(89472K)->88926K(89472K) Class: 15268K(15744K)->15268K(15744K)
[2026-03-25T22:11:10.001+0900][155.212s][info][gc          ] GC(282) Pause Young (Normal) (G1 Evacuation Pause) 215M->176M(256M) 0.757ms
[2026-03-25T22:11:10.001+0900][155.212s][info][gc,cpu      ] GC(282) User=0.00s Sys=0.00s Real=0.00s
[2026-03-25T22:11:10.137+0900][155.349s][info][gc,start    ] GC(283) Pause Young (Normal) (G1 Evacuation Pause)
[2026-03-25T22:11:10.137+0900][155.349s][info][gc,task     ] GC(283) Using 8 workers of 10 for evacuation
[2026-03-25T22:11:10.138+0900][155.349s][info][gc,phases   ] GC(283)   Pre Evacuate Collection Set: 0.1ms
[2026-03-25T22:11:10.138+0900][155.349s][info][gc,phases   ] GC(283)   Merge Heap Roots: 0.0ms
[2026-03-25T22:11:10.138+0900][155.349s][info][gc,phases   ] GC(283)   Evacuate Collection Set: 0.6ms
[2026-03-25T22:11:10.138+0900][155.349s][info][gc,phases   ] GC(283)   Post Evacuate Collection Set: 0.1ms
[2026-03-25T22:11:10.138+0900][155.349s][info][gc,phases   ] GC(283)   Other: 0.1ms
[2026-03-25T22:11:10.138+0900][155.349s][info][gc,heap     ] GC(283) Eden regions: 10->0(10)
[2026-03-25T22:11:10.138+0900][155.349s][info][gc,heap     ] GC(283) Survivor regions: 1->1(2)
[2026-03-25T22:11:10.138+0900][155.349s][info][gc,heap     ] GC(283) Old regions: 19->19
[2026-03-25T22:11:10.138+0900][155.349s][info][gc,heap     ] GC(283) Archive regions: 2->2
[2026-03-25T22:11:10.138+0900][155.349s][info][gc,heap     ] GC(283) Humongous regions: 24->24
[2026-03-25T22:11:10.138+0900][155.349s][info][gc,metaspace] GC(283) Metaspace: 104194K(105216K)->104194K(105216K) NonClass: 88926K(89472K)->88926K(89472K) Class: 15268K(15744K)->15268K(15744K)
[2026-03-25T22:11:10.138+0900][155.349s][info][gc          ] GC(283) Pause Young (Normal) (G1 Evacuation Pause) 216M->177M(256M) 0.969ms
[2026-03-25T22:11:10.138+0900][155.349s][info][gc,cpu      ] GC(283) User=0.00s Sys=0.00s Real=0.00s
[2026-03-25T22:11:10.403+0900][155.614s][info][gc,start    ] GC(284) Pause Young (Normal) (G1 Evacuation Pause)
[2026-03-25T22:11:10.403+0900][155.614s][info][gc,task     ] GC(284) Using 8 workers of 10 for evacuation
[2026-03-25T22:11:10.403+0900][155.615s][info][gc,phases   ] GC(284)   Pre Evacuate Collection Set: 0.0ms
[2026-03-25T22:11:10.403+0900][155.615s][info][gc,phases   ] GC(284)   Merge Heap Roots: 0.0ms
[2026-03-25T22:11:10.403+0900][155.615s][info][gc,phases   ] GC(284)   Evacuate Collection Set: 0.4ms
[2026-03-25T22:11:10.403+0900][155.615s][info][gc,phases   ] GC(284)   Post Evacuate Collection Set: 0.2ms
[2026-03-25T22:11:10.403+0900][155.615s][info][gc,phases   ] GC(284)   Other: 0.1ms
[2026-03-25T22:11:10.403+0900][155.615s][info][gc,heap     ] GC(284) Eden regions: 10->0(10)
[2026-03-25T22:11:10.403+0900][155.615s][info][gc,heap     ] GC(284) Survivor regions: 1->1(2)
[2026-03-25T22:11:10.403+0900][155.615s][info][gc,heap     ] GC(284) Old regions: 19->19
[2026-03-25T22:11:10.403+0900][155.615s][info][gc,heap     ] GC(284) Archive regions: 2->2
[2026-03-25T22:11:10.403+0900][155.615s][info][gc,heap     ] GC(284) Humongous regions: 24->24
[2026-03-25T22:11:10.403+0900][155.615s][info][gc,metaspace] GC(284) Metaspace: 104194K(105216K)->104194K(105216K) NonClass: 88926K(89472K)->88926K(89472K) Class: 15268K(15744K)->15268K(15744K)
[2026-03-25T22:11:10.403+0900][155.615s][info][gc          ] GC(284) Pause Young (Normal) (G1 Evacuation Pause) 217M->177M(256M) 0.795ms
[2026-03-25T22:11:10.403+0900][155.615s][info][gc,cpu      ] GC(284) User=0.00s Sys=0.00s Real=0.00s
[2026-03-25T22:11:10.635+0900][155.847s][info][gc,start    ] GC(285) Pause Young (Normal) (G1 Evacuation Pause)
[2026-03-25T22:11:10.635+0900][155.847s][info][gc,task     ] GC(285) Using 8 workers of 10 for evacuation
[2026-03-25T22:11:10.636+0900][155.847s][info][gc,phases   ] GC(285)   Pre Evacuate Collection Set: 0.0ms
[2026-03-25T22:11:10.636+0900][155.847s][info][gc,phases   ] GC(285)   Merge Heap Roots: 0.0ms
[2026-03-25T22:11:10.636+0900][155.847s][info][gc,phases   ] GC(285)   Evacuate Collection Set: 0.4ms
[2026-03-25T22:11:10.636+0900][155.847s][info][gc,phases   ] GC(285)   Post Evacuate Collection Set: 0.2ms
[2026-03-25T22:11:10.636+0900][155.847s][info][gc,phases   ] GC(285)   Other: 0.1ms
[2026-03-25T22:11:10.636+0900][155.847s][info][gc,heap     ] GC(285) Eden regions: 10->0(10)
[2026-03-25T22:11:10.636+0900][155.847s][info][gc,heap     ] GC(285) Survivor regions: 1->1(2)
[2026-03-25T22:11:10.636+0900][155.847s][info][gc,heap     ] GC(285) Old regions: 19->19
[2026-03-25T22:11:10.636+0900][155.847s][info][gc,heap     ] GC(285) Archive regions: 2->2
[2026-03-25T22:11:10.636+0900][155.847s][info][gc,heap     ] GC(285) Humongous regions: 24->24
[2026-03-25T22:11:10.636+0900][155.847s][info][gc,metaspace] GC(285) Metaspace: 104194K(105216K)->104194K(105216K) NonClass: 88926K(89472K)->88926K(89472K) Class: 15268K(15744K)->15268K(15744K)
[2026-03-25T22:11:10.636+0900][155.847s][info][gc          ] GC(285) Pause Young (Normal) (G1 Evacuation Pause) 217M->177M(256M) 0.798ms
[2026-03-25T22:11:10.636+0900][155.847s][info][gc,cpu      ] GC(285) User=0.01s Sys=0.00s Real=0.00s
[2026-03-25T22:11:10.955+0900][156.167s][info][gc,start    ] GC(286) Pause Young (Normal) (G1 Evacuation Pause)
[2026-03-25T22:11:10.955+0900][156.167s][info][gc,task     ] GC(286) Using 8 workers of 10 for evacuation
[2026-03-25T22:11:10.956+0900][156.167s][info][gc,phases   ] GC(286)   Pre Evacuate Collection Set: 0.0ms
[2026-03-25T22:11:10.956+0900][156.167s][info][gc,phases   ] GC(286)   Merge Heap Roots: 0.0ms
[2026-03-25T22:11:10.956+0900][156.167s][info][gc,phases   ] GC(286)   Evacuate Collection Set: 0.5ms
[2026-03-25T22:11:10.956+0900][156.167s][info][gc,phases   ] GC(286)   Post Evacuate Collection Set: 0.2ms
[2026-03-25T22:11:10.956+0900][156.167s][info][gc,phases   ] GC(286)   Other: 0.1ms
[2026-03-25T22:11:10.956+0900][156.167s][info][gc,heap     ] GC(286) Eden regions: 10->0(10)
[2026-03-25T22:11:10.956+0900][156.167s][info][gc,heap     ] GC(286) Survivor regions: 1->1(2)
[2026-03-25T22:11:10.956+0900][156.167s][info][gc,heap     ] GC(286) Old regions: 19->19
[2026-03-25T22:11:10.956+0900][156.167s][info][gc,heap     ] GC(286) Archive regions: 2->2
[2026-03-25T22:11:10.956+0900][156.167s][info][gc,heap     ] GC(286) Humongous regions: 24->24
[2026-03-25T22:11:10.956+0900][156.167s][info][gc,metaspace] GC(286) Metaspace: 104194K(105216K)->104194K(105216K) NonClass: 88926K(89472K)->88926K(89472K) Class: 15268K(15744K)->15268K(15744K)
[2026-03-25T22:11:10.956+0900][156.167s][info][gc          ] GC(286) Pause Young (Normal) (G1 Evacuation Pause) 217M->177M(256M) 0.861ms
[2026-03-25T22:11:10.956+0900][156.167s][info][gc,cpu      ] GC(286) User=0.00s Sys=0.00s Real=0.00s
[2026-03-25T22:11:11.207+0900][156.419s][info][gc,start    ] GC(287) Pause Young (Normal) (G1 Evacuation Pause)
[2026-03-25T22:11:11.207+0900][156.419s][info][gc,task     ] GC(287) Using 8 workers of 10 for evacuation
[2026-03-25T22:11:11.208+0900][156.419s][info][gc,phases   ] GC(287)   Pre Evacuate Collection Set: 0.1ms
[2026-03-25T22:11:11.208+0900][156.420s][info][gc,phases   ] GC(287)   Merge Heap Roots: 0.1ms
[2026-03-25T22:11:11.208+0900][156.420s][info][gc,phases   ] GC(287)   Evacuate Collection Set: 0.4ms
[2026-03-25T22:11:11.208+0900][156.420s][info][gc,phases   ] GC(287)   Post Evacuate Collection Set: 0.2ms
[2026-03-25T22:11:11.208+0900][156.420s][info][gc,phases   ] GC(287)   Other: 0.1ms
[2026-03-25T22:11:11.208+0900][156.420s][info][gc,heap     ] GC(287) Eden regions: 10->0(10)
[2026-03-25T22:11:11.208+0900][156.420s][info][gc,heap     ] GC(287) Survivor regions: 1->1(2)
[2026-03-25T22:11:11.208+0900][156.420s][info][gc,heap     ] GC(287) Old regions: 19->19
[2026-03-25T22:11:11.208+0900][156.420s][info][gc,heap     ] GC(287) Archive regions: 2->2
[2026-03-25T22:11:11.208+0900][156.420s][info][gc,heap     ] GC(287) Humongous regions: 24->24
[2026-03-25T22:11:11.208+0900][156.420s][info][gc,metaspace] GC(287) Metaspace: 104194K(105216K)->104194K(105216K) NonClass: 88926K(89472K)->88926K(89472K) Class: 15268K(15744K)->15268K(15744K)
[2026-03-25T22:11:11.208+0900][156.420s][info][gc          ] GC(287) Pause Young (Normal) (G1 Evacuation Pause) 217M->177M(256M) 0.843ms
[2026-03-25T22:11:11.208+0900][156.420s][info][gc,cpu      ] GC(287) User=0.01s Sys=0.00s Real=0.00s
[2026-03-25T22:11:11.480+0900][156.691s][info][gc,start    ] GC(288) Pause Young (Normal) (G1 Evacuation Pause)
[2026-03-25T22:11:11.480+0900][156.691s][info][gc,task     ] GC(288) Using 8 workers of 10 for evacuation
[2026-03-25T22:11:11.481+0900][156.692s][info][gc,phases   ] GC(288)   Pre Evacuate Collection Set: 0.0ms
[2026-03-25T22:11:11.481+0900][156.692s][info][gc,phases   ] GC(288)   Merge Heap Roots: 0.0ms
[2026-03-25T22:11:11.481+0900][156.692s][info][gc,phases   ] GC(288)   Evacuate Collection Set: 0.5ms
[2026-03-25T22:11:11.481+0900][156.692s][info][gc,phases   ] GC(288)   Post Evacuate Collection Set: 0.2ms
[2026-03-25T22:11:11.481+0900][156.692s][info][gc,phases   ] GC(288)   Other: 0.3ms
[2026-03-25T22:11:11.481+0900][156.692s][info][gc,heap     ] GC(288) Eden regions: 10->0(10)
[2026-03-25T22:11:11.481+0900][156.692s][info][gc,heap     ] GC(288) Survivor regions: 1->1(2)
[2026-03-25T22:11:11.481+0900][156.692s][info][gc,heap     ] GC(288) Old regions: 19->19
[2026-03-25T22:11:11.481+0900][156.692s][info][gc,heap     ] GC(288) Archive regions: 2->2
[2026-03-25T22:11:11.481+0900][156.692s][info][gc,heap     ] GC(288) Humongous regions: 24->24
[2026-03-25T22:11:11.481+0900][156.692s][info][gc,metaspace] GC(288) Metaspace: 104194K(105216K)->104194K(105216K) NonClass: 88926K(89472K)->88926K(89472K) Class: 15268K(15744K)->15268K(15744K)
[2026-03-25T22:11:11.481+0900][156.692s][info][gc          ] GC(288) Pause Young (Normal) (G1 Evacuation Pause) 217M->177M(256M) 1.055ms
[2026-03-25T22:11:11.481+0900][156.692s][info][gc,cpu      ] GC(288) User=0.01s Sys=0.00s Real=0.00s
[2026-03-25T22:11:11.681+0900][156.892s][info][gc,start    ] GC(289) Pause Young (Normal) (G1 Evacuation Pause)
[2026-03-25T22:11:11.681+0900][156.892s][info][gc,task     ] GC(289) Using 8 workers of 10 for evacuation
[2026-03-25T22:11:11.682+0900][156.893s][info][gc,phases   ] GC(289)   Pre Evacuate Collection Set: 0.0ms
[2026-03-25T22:11:11.682+0900][156.893s][info][gc,phases   ] GC(289)   Merge Heap Roots: 0.0ms
[2026-03-25T22:11:11.682+0900][156.893s][info][gc,phases   ] GC(289)   Evacuate Collection Set: 0.4ms
[2026-03-25T22:11:11.682+0900][156.893s][info][gc,phases   ] GC(289)   Post Evacuate Collection Set: 0.1ms
[2026-03-25T22:11:11.682+0900][156.893s][info][gc,phases   ] GC(289)   Other: 0.1ms
[2026-03-25T22:11:11.682+0900][156.893s][info][gc,heap     ] GC(289) Eden regions: 10->0(10)
[2026-03-25T22:11:11.682+0900][156.893s][info][gc,heap     ] GC(289) Survivor regions: 1->1(2)
[2026-03-25T22:11:11.682+0900][156.893s][info][gc,heap     ] GC(289) Old regions: 19->19
[2026-03-25T22:11:11.682+0900][156.893s][info][gc,heap     ] GC(289) Archive regions: 2->2
[2026-03-25T22:11:11.682+0900][156.893s][info][gc,heap     ] GC(289) Humongous regions: 24->24
[2026-03-25T22:11:11.682+0900][156.893s][info][gc,metaspace] GC(289) Metaspace: 104194K(105216K)->104194K(105216K) NonClass: 88926K(89472K)->88926K(89472K) Class: 15268K(15744K)->15268K(15744K)
[2026-03-25T22:11:11.682+0900][156.893s][info][gc          ] GC(289) Pause Young (Normal) (G1 Evacuation Pause) 217M->177M(256M) 0.747ms
[2026-03-25T22:11:11.682+0900][156.893s][info][gc,cpu      ] GC(289) User=0.01s Sys=0.00s Real=0.00s
[2026-03-25T22:11:11.973+0900][157.185s][info][gc,start    ] GC(290) Pause Young (Normal) (G1 Evacuation Pause)
[2026-03-25T22:11:11.973+0900][157.185s][info][gc,task     ] GC(290) Using 8 workers of 10 for evacuation
[2026-03-25T22:11:11.974+0900][157.185s][info][gc,phases   ] GC(290)   Pre Evacuate Collection Set: 0.0ms
[2026-03-25T22:11:11.974+0900][157.185s][info][gc,phases   ] GC(290)   Merge Heap Roots: 0.0ms
[2026-03-25T22:11:11.974+0900][157.185s][info][gc,phases   ] GC(290)   Evacuate Collection Set: 0.5ms
[2026-03-25T22:11:11.974+0900][157.185s][info][gc,phases   ] GC(290)   Post Evacuate Collection Set: 0.2ms
[2026-03-25T22:11:11.974+0900][157.186s][info][gc,phases   ] GC(290)   Other: 0.1ms
[2026-03-25T22:11:11.974+0900][157.186s][info][gc,heap     ] GC(290) Eden regions: 10->0(10)
[2026-03-25T22:11:11.974+0900][157.186s][info][gc,heap     ] GC(290) Survivor regions: 1->1(2)
[2026-03-25T22:11:11.974+0900][157.186s][info][gc,heap     ] GC(290) Old regions: 19->19
[2026-03-25T22:11:11.974+0900][157.186s][info][gc,heap     ] GC(290) Archive regions: 2->2
[2026-03-25T22:11:11.974+0900][157.186s][info][gc,heap     ] GC(290) Humongous regions: 24->24
[2026-03-25T22:11:11.974+0900][157.186s][info][gc,metaspace] GC(290) Metaspace: 104194K(105216K)->104194K(105216K) NonClass: 88926K(89472K)->88926K(89472K) Class: 15268K(15744K)->15268K(15744K)
[2026-03-25T22:11:11.974+0900][157.186s][info][gc          ] GC(290) Pause Young (Normal) (G1 Evacuation Pause) 217M->177M(256M) 0.818ms
[2026-03-25T22:11:11.974+0900][157.186s][info][gc,cpu      ] GC(290) User=0.01s Sys=0.00s Real=0.00s
[2026-03-25T22:11:12.290+0900][157.502s][info][gc,start    ] GC(291) Pause Young (Normal) (G1 Evacuation Pause)
[2026-03-25T22:11:12.290+0900][157.502s][info][gc,task     ] GC(291) Using 8 workers of 10 for evacuation
[2026-03-25T22:11:12.291+0900][157.502s][info][gc,phases   ] GC(291)   Pre Evacuate Collection Set: 0.0ms
[2026-03-25T22:11:12.291+0900][157.502s][info][gc,phases   ] GC(291)   Merge Heap Roots: 0.0ms
[2026-03-25T22:11:12.291+0900][157.502s][info][gc,phases   ] GC(291)   Evacuate Collection Set: 0.4ms
[2026-03-25T22:11:12.291+0900][157.502s][info][gc,phases   ] GC(291)   Post Evacuate Collection Set: 0.1ms
[2026-03-25T22:11:12.291+0900][157.502s][info][gc,phases   ] GC(291)   Other: 0.1ms
[2026-03-25T22:11:12.291+0900][157.502s][info][gc,heap     ] GC(291) Eden regions: 10->0(10)
[2026-03-25T22:11:12.291+0900][157.502s][info][gc,heap     ] GC(291) Survivor regions: 1->1(2)
[2026-03-25T22:11:12.291+0900][157.502s][info][gc,heap     ] GC(291) Old regions: 19->19
[2026-03-25T22:11:12.291+0900][157.502s][info][gc,heap     ] GC(291) Archive regions: 2->2
[2026-03-25T22:11:12.291+0900][157.502s][info][gc,heap     ] GC(291) Humongous regions: 24->24
[2026-03-25T22:11:12.291+0900][157.502s][info][gc,metaspace] GC(291) Metaspace: 104194K(105216K)->104194K(105216K) NonClass: 88926K(89472K)->88926K(89472K) Class: 15268K(15744K)->15268K(15744K)
[2026-03-25T22:11:12.291+0900][157.502s][info][gc          ] GC(291) Pause Young (Normal) (G1 Evacuation Pause) 217M->177M(256M) 0.739ms
[2026-03-25T22:11:12.291+0900][157.502s][info][gc,cpu      ] GC(291) User=0.01s Sys=0.00s Real=0.00s
[2026-03-25T22:11:12.518+0900][157.729s][info][gc,start    ] GC(292) Pause Young (Normal) (G1 Evacuation Pause)
[2026-03-25T22:11:12.518+0900][157.729s][info][gc,task     ] GC(292) Using 8 workers of 10 for evacuation
[2026-03-25T22:11:12.519+0900][157.730s][info][gc,phases   ] GC(292)   Pre Evacuate Collection Set: 0.1ms
[2026-03-25T22:11:12.519+0900][157.730s][info][gc,phases   ] GC(292)   Merge Heap Roots: 0.1ms
[2026-03-25T22:11:12.519+0900][157.730s][info][gc,phases   ] GC(292)   Evacuate Collection Set: 0.5ms
[2026-03-25T22:11:12.519+0900][157.730s][info][gc,phases   ] GC(292)   Post Evacuate Collection Set: 0.1ms
[2026-03-25T22:11:12.519+0900][157.730s][info][gc,phases   ] GC(292)   Other: 0.1ms
[2026-03-25T22:11:12.519+0900][157.730s][info][gc,heap     ] GC(292) Eden regions: 10->0(10)
[2026-03-25T22:11:12.519+0900][157.730s][info][gc,heap     ] GC(292) Survivor regions: 1->1(2)
[2026-03-25T22:11:12.519+0900][157.730s][info][gc,heap     ] GC(292) Old regions: 19->19
[2026-03-25T22:11:12.519+0900][157.730s][info][gc,heap     ] GC(292) Archive regions: 2->2
[2026-03-25T22:11:12.519+0900][157.730s][info][gc,heap     ] GC(292) Humongous regions: 24->24
[2026-03-25T22:11:12.519+0900][157.730s][info][gc,metaspace] GC(292) Metaspace: 104194K(105216K)->104194K(105216K) NonClass: 88926K(89472K)->88926K(89472K) Class: 15268K(15744K)->15268K(15744K)
[2026-03-25T22:11:12.519+0900][157.730s][info][gc          ] GC(292) Pause Young (Normal) (G1 Evacuation Pause) 217M->177M(256M) 0.876ms
[2026-03-25T22:11:12.519+0900][157.730s][info][gc,cpu      ] GC(292) User=0.00s Sys=0.00s Real=0.00s
[2026-03-25T22:11:12.809+0900][158.021s][info][gc,start    ] GC(293) Pause Young (Normal) (G1 Evacuation Pause)
[2026-03-25T22:11:12.809+0900][158.021s][info][gc,task     ] GC(293) Using 8 workers of 10 for evacuation
[2026-03-25T22:11:12.810+0900][158.021s][info][gc,phases   ] GC(293)   Pre Evacuate Collection Set: 0.0ms
[2026-03-25T22:11:12.810+0900][158.021s][info][gc,phases   ] GC(293)   Merge Heap Roots: 0.0ms
[2026-03-25T22:11:12.810+0900][158.021s][info][gc,phases   ] GC(293)   Evacuate Collection Set: 0.5ms
[2026-03-25T22:11:12.810+0900][158.021s][info][gc,phases   ] GC(293)   Post Evacuate Collection Set: 0.1ms
[2026-03-25T22:11:12.810+0900][158.021s][info][gc,phases   ] GC(293)   Other: 0.1ms
[2026-03-25T22:11:12.810+0900][158.021s][info][gc,heap     ] GC(293) Eden regions: 10->0(10)
[2026-03-25T22:11:12.810+0900][158.021s][info][gc,heap     ] GC(293) Survivor regions: 1->1(2)
[2026-03-25T22:11:12.810+0900][158.021s][info][gc,heap     ] GC(293) Old regions: 19->19
[2026-03-25T22:11:12.810+0900][158.021s][info][gc,heap     ] GC(293) Archive regions: 2->2
[2026-03-25T22:11:12.810+0900][158.021s][info][gc,heap     ] GC(293) Humongous regions: 24->24
[2026-03-25T22:11:12.810+0900][158.021s][info][gc,metaspace] GC(293) Metaspace: 104194K(105216K)->104194K(105216K) NonClass: 88926K(89472K)->88926K(89472K) Class: 15268K(15744K)->15268K(15744K)
[2026-03-25T22:11:12.810+0900][158.021s][info][gc          ] GC(293) Pause Young (Normal) (G1 Evacuation Pause) 217M->177M(256M) 0.814ms
[2026-03-25T22:11:12.810+0900][158.021s][info][gc,cpu      ] GC(293) User=0.01s Sys=0.00s Real=0.01s
[2026-03-25T22:11:12.998+0900][158.209s][info][gc,start    ] GC(294) Pause Young (Normal) (G1 Evacuation Pause)
[2026-03-25T22:11:12.998+0900][158.209s][info][gc,task     ] GC(294) Using 8 workers of 10 for evacuation
[2026-03-25T22:11:12.998+0900][158.210s][info][gc,phases   ] GC(294)   Pre Evacuate Collection Set: 0.0ms
[2026-03-25T22:11:12.998+0900][158.210s][info][gc,phases   ] GC(294)   Merge Heap Roots: 0.0ms
[2026-03-25T22:11:12.998+0900][158.210s][info][gc,phases   ] GC(294)   Evacuate Collection Set: 0.4ms
[2026-03-25T22:11:12.998+0900][158.210s][info][gc,phases   ] GC(294)   Post Evacuate Collection Set: 0.1ms
[2026-03-25T22:11:12.998+0900][158.210s][info][gc,phases   ] GC(294)   Other: 0.1ms
[2026-03-25T22:11:12.998+0900][158.210s][info][gc,heap     ] GC(294) Eden regions: 10->0(10)
[2026-03-25T22:11:12.998+0900][158.210s][info][gc,heap     ] GC(294) Survivor regions: 1->1(2)
[2026-03-25T22:11:12.998+0900][158.210s][info][gc,heap     ] GC(294) Old regions: 19->19
[2026-03-25T22:11:12.998+0900][158.210s][info][gc,heap     ] GC(294) Archive regions: 2->2
[2026-03-25T22:11:12.998+0900][158.210s][info][gc,heap     ] GC(294) Humongous regions: 24->24
[2026-03-25T22:11:12.998+0900][158.210s][info][gc,metaspace] GC(294) Metaspace: 104194K(105216K)->104194K(105216K) NonClass: 88926K(89472K)->88926K(89472K) Class: 15268K(15744K)->15268K(15744K)
[2026-03-25T22:11:12.998+0900][158.210s][info][gc          ] GC(294) Pause Young (Normal) (G1 Evacuation Pause) 217M->177M(256M) 0.759ms
[2026-03-25T22:11:12.998+0900][158.210s][info][gc,cpu      ] GC(294) User=0.00s Sys=0.00s Real=0.00s
[2026-03-25T22:11:13.203+0900][158.414s][info][gc,start    ] GC(295) Pause Young (Normal) (G1 Evacuation Pause)
[2026-03-25T22:11:13.203+0900][158.414s][info][gc,task     ] GC(295) Using 8 workers of 10 for evacuation
[2026-03-25T22:11:13.203+0900][158.415s][info][gc,phases   ] GC(295)   Pre Evacuate Collection Set: 0.0ms
[2026-03-25T22:11:13.204+0900][158.415s][info][gc,phases   ] GC(295)   Merge Heap Roots: 0.1ms
[2026-03-25T22:11:13.204+0900][158.415s][info][gc,phases   ] GC(295)   Evacuate Collection Set: 0.4ms
[2026-03-25T22:11:13.204+0900][158.415s][info][gc,phases   ] GC(295)   Post Evacuate Collection Set: 0.1ms
[2026-03-25T22:11:13.204+0900][158.415s][info][gc,phases   ] GC(295)   Other: 0.1ms
[2026-03-25T22:11:13.204+0900][158.415s][info][gc,heap     ] GC(295) Eden regions: 10->0(10)
[2026-03-25T22:11:13.204+0900][158.415s][info][gc,heap     ] GC(295) Survivor regions: 1->1(2)
[2026-03-25T22:11:13.204+0900][158.415s][info][gc,heap     ] GC(295) Old regions: 19->19
[2026-03-25T22:11:13.204+0900][158.415s][info][gc,heap     ] GC(295) Archive regions: 2->2
[2026-03-25T22:11:13.204+0900][158.415s][info][gc,heap     ] GC(295) Humongous regions: 24->24
[2026-03-25T22:11:13.204+0900][158.415s][info][gc,metaspace] GC(295) Metaspace: 104194K(105216K)->104194K(105216K) NonClass: 88926K(89472K)->88926K(89472K) Class: 15268K(15744K)->15268K(15744K)
[2026-03-25T22:11:13.204+0900][158.415s][info][gc          ] GC(295) Pause Young (Normal) (G1 Evacuation Pause) 217M->177M(256M) 0.796ms
[2026-03-25T22:11:13.204+0900][158.415s][info][gc,cpu      ] GC(295) User=0.01s Sys=0.00s Real=0.00s
[2026-03-25T22:11:13.425+0900][158.636s][info][gc,start    ] GC(296) Pause Young (Normal) (G1 Evacuation Pause)
[2026-03-25T22:11:13.425+0900][158.636s][info][gc,task     ] GC(296) Using 8 workers of 10 for evacuation
[2026-03-25T22:11:13.425+0900][158.637s][info][gc,phases   ] GC(296)   Pre Evacuate Collection Set: 0.1ms
[2026-03-25T22:11:13.425+0900][158.637s][info][gc,phases   ] GC(296)   Merge Heap Roots: 0.1ms
[2026-03-25T22:11:13.425+0900][158.637s][info][gc,phases   ] GC(296)   Evacuate Collection Set: 0.4ms
[2026-03-25T22:11:13.425+0900][158.637s][info][gc,phases   ] GC(296)   Post Evacuate Collection Set: 0.1ms
[2026-03-25T22:11:13.425+0900][158.637s][info][gc,phases   ] GC(296)   Other: 0.1ms
[2026-03-25T22:11:13.425+0900][158.637s][info][gc,heap     ] GC(296) Eden regions: 10->0(10)
[2026-03-25T22:11:13.425+0900][158.637s][info][gc,heap     ] GC(296) Survivor regions: 1->1(2)
[2026-03-25T22:11:13.425+0900][158.637s][info][gc,heap     ] GC(296) Old regions: 19->19
[2026-03-25T22:11:13.425+0900][158.637s][info][gc,heap     ] GC(296) Archive regions: 2->2
[2026-03-25T22:11:13.425+0900][158.637s][info][gc,heap     ] GC(296) Humongous regions: 24->24
[2026-03-25T22:11:13.425+0900][158.637s][info][gc,metaspace] GC(296) Metaspace: 104194K(105216K)->104194K(105216K) NonClass: 88926K(89472K)->88926K(89472K) Class: 15268K(15744K)->15268K(15744K)
[2026-03-25T22:11:13.425+0900][158.637s][info][gc          ] GC(296) Pause Young (Normal) (G1 Evacuation Pause) 217M->177M(256M) 0.779ms
[2026-03-25T22:11:13.425+0900][158.637s][info][gc,cpu      ] GC(296) User=0.00s Sys=0.00s Real=0.00s
[2026-03-25T22:11:13.824+0900][159.035s][info][gc,start    ] GC(297) Pause Young (Normal) (G1 Evacuation Pause)
[2026-03-25T22:11:13.824+0900][159.035s][info][gc,task     ] GC(297) Using 8 workers of 10 for evacuation
[2026-03-25T22:11:13.824+0900][159.036s][info][gc,phases   ] GC(297)   Pre Evacuate Collection Set: 0.1ms
[2026-03-25T22:11:13.824+0900][159.036s][info][gc,phases   ] GC(297)   Merge Heap Roots: 0.0ms
[2026-03-25T22:11:13.824+0900][159.036s][info][gc,phases   ] GC(297)   Evacuate Collection Set: 0.4ms
[2026-03-25T22:11:13.824+0900][159.036s][info][gc,phases   ] GC(297)   Post Evacuate Collection Set: 0.1ms
[2026-03-25T22:11:13.824+0900][159.036s][info][gc,phases   ] GC(297)   Other: 0.1ms
[2026-03-25T22:11:13.824+0900][159.036s][info][gc,heap     ] GC(297) Eden regions: 10->0(10)
[2026-03-25T22:11:13.824+0900][159.036s][info][gc,heap     ] GC(297) Survivor regions: 1->1(2)
[2026-03-25T22:11:13.824+0900][159.036s][info][gc,heap     ] GC(297) Old regions: 19->19
[2026-03-25T22:11:13.824+0900][159.036s][info][gc,heap     ] GC(297) Archive regions: 2->2
[2026-03-25T22:11:13.824+0900][159.036s][info][gc,heap     ] GC(297) Humongous regions: 24->24
[2026-03-25T22:11:13.824+0900][159.036s][info][gc,metaspace] GC(297) Metaspace: 104194K(105216K)->104194K(105216K) NonClass: 88926K(89472K)->88926K(89472K) Class: 15268K(15744K)->15268K(15744K)
[2026-03-25T22:11:13.824+0900][159.036s][info][gc          ] GC(297) Pause Young (Normal) (G1 Evacuation Pause) 217M->177M(256M) 0.821ms
[2026-03-25T22:11:13.824+0900][159.036s][info][gc,cpu      ] GC(297) User=0.00s Sys=0.00s Real=0.00s
[2026-03-25T22:11:14.064+0900][159.275s][info][gc,start    ] GC(298) Pause Young (Normal) (G1 Evacuation Pause)
[2026-03-25T22:11:14.064+0900][159.275s][info][gc,task     ] GC(298) Using 8 workers of 10 for evacuation
[2026-03-25T22:11:14.065+0900][159.276s][info][gc,phases   ] GC(298)   Pre Evacuate Collection Set: 0.0ms
[2026-03-25T22:11:14.065+0900][159.276s][info][gc,phases   ] GC(298)   Merge Heap Roots: 0.0ms
[2026-03-25T22:11:14.065+0900][159.276s][info][gc,phases   ] GC(298)   Evacuate Collection Set: 0.4ms
[2026-03-25T22:11:14.065+0900][159.276s][info][gc,phases   ] GC(298)   Post Evacuate Collection Set: 0.1ms
[2026-03-25T22:11:14.065+0900][159.276s][info][gc,phases   ] GC(298)   Other: 0.1ms
[2026-03-25T22:11:14.065+0900][159.276s][info][gc,heap     ] GC(298) Eden regions: 10->0(9)
[2026-03-25T22:11:14.065+0900][159.276s][info][gc,heap     ] GC(298) Survivor regions: 1->1(2)
[2026-03-25T22:11:14.065+0900][159.276s][info][gc,heap     ] GC(298) Old regions: 19->20
[2026-03-25T22:11:14.065+0900][159.276s][info][gc,heap     ] GC(298) Archive regions: 2->2
[2026-03-25T22:11:14.065+0900][159.276s][info][gc,heap     ] GC(298) Humongous regions: 24->24
[2026-03-25T22:11:14.065+0900][159.276s][info][gc,metaspace] GC(298) Metaspace: 104194K(105216K)->104194K(105216K) NonClass: 88926K(89472K)->88926K(89472K) Class: 15268K(15744K)->15268K(15744K)
[2026-03-25T22:11:14.065+0900][159.276s][info][gc          ] GC(298) Pause Young (Normal) (G1 Evacuation Pause) 217M->177M(256M) 0.802ms
[2026-03-25T22:11:14.065+0900][159.276s][info][gc,cpu      ] GC(298) User=0.01s Sys=0.00s Real=0.00s
[2026-03-25T22:11:14.263+0900][159.474s][info][gc,start    ] GC(299) Pause Young (Normal) (G1 Evacuation Pause)
[2026-03-25T22:11:14.263+0900][159.474s][info][gc,task     ] GC(299) Using 8 workers of 10 for evacuation
[2026-03-25T22:11:14.265+0900][159.477s][info][gc,phases   ] GC(299)   Pre Evacuate Collection Set: 0.1ms
[2026-03-25T22:11:14.265+0900][159.477s][info][gc,phases   ] GC(299)   Merge Heap Roots: 0.0ms
[2026-03-25T22:11:14.265+0900][159.477s][info][gc,phases   ] GC(299)   Evacuate Collection Set: 1.6ms
[2026-03-25T22:11:14.265+0900][159.477s][info][gc,phases   ] GC(299)   Post Evacuate Collection Set: 0.4ms
[2026-03-25T22:11:14.265+0900][159.477s][info][gc,phases   ] GC(299)   Other: 0.1ms
[2026-03-25T22:11:14.265+0900][159.477s][info][gc,heap     ] GC(299) Eden regions: 9->0(9)
[2026-03-25T22:11:14.265+0900][159.477s][info][gc,heap     ] GC(299) Survivor regions: 1->1(2)
[2026-03-25T22:11:14.265+0900][159.477s][info][gc,heap     ] GC(299) Old regions: 20->20
[2026-03-25T22:11:14.265+0900][159.477s][info][gc,heap     ] GC(299) Archive regions: 2->2
[2026-03-25T22:11:14.265+0900][159.477s][info][gc,heap     ] GC(299) Humongous regions: 24->24
[2026-03-25T22:11:14.265+0900][159.477s][info][gc,metaspace] GC(299) Metaspace: 104194K(105216K)->104194K(105216K) NonClass: 88926K(89472K)->88926K(89472K) Class: 15268K(15744K)->15268K(15744K)
[2026-03-25T22:11:14.265+0900][159.477s][info][gc          ] GC(299) Pause Young (Normal) (G1 Evacuation Pause) 213M->177M(256M) 2.383ms
[2026-03-25T22:11:14.265+0900][159.477s][info][gc,cpu      ] GC(299) User=0.00s Sys=0.00s Real=0.00s
[2026-03-25T22:11:14.450+0900][159.661s][info][gc,start    ] GC(300) Pause Young (Normal) (G1 Evacuation Pause)
[2026-03-25T22:11:14.450+0900][159.661s][info][gc,task     ] GC(300) Using 8 workers of 10 for evacuation
[2026-03-25T22:11:14.450+0900][159.662s][info][gc,phases   ] GC(300)   Pre Evacuate Collection Set: 0.0ms
[2026-03-25T22:11:14.451+0900][159.662s][info][gc,phases   ] GC(300)   Merge Heap Roots: 0.0ms
[2026-03-25T22:11:14.451+0900][159.662s][info][gc,phases   ] GC(300)   Evacuate Collection Set: 0.4ms
[2026-03-25T22:11:14.451+0900][159.662s][info][gc,phases   ] GC(300)   Post Evacuate Collection Set: 0.1ms
[2026-03-25T22:11:14.451+0900][159.662s][info][gc,phases   ] GC(300)   Other: 0.1ms
[2026-03-25T22:11:14.451+0900][159.662s][info][gc,heap     ] GC(300) Eden regions: 9->0(9)
[2026-03-25T22:11:14.451+0900][159.662s][info][gc,heap     ] GC(300) Survivor regions: 1->1(2)
[2026-03-25T22:11:14.451+0900][159.662s][info][gc,heap     ] GC(300) Old regions: 20->20
[2026-03-25T22:11:14.451+0900][159.662s][info][gc,heap     ] GC(300) Archive regions: 2->2
[2026-03-25T22:11:14.451+0900][159.662s][info][gc,heap     ] GC(300) Humongous regions: 24->24
[2026-03-25T22:11:14.451+0900][159.662s][info][gc,metaspace] GC(300) Metaspace: 104194K(105216K)->104194K(105216K) NonClass: 88926K(89472K)->88926K(89472K) Class: 15268K(15744K)->15268K(15744K)
[2026-03-25T22:11:14.451+0900][159.662s][info][gc          ] GC(300) Pause Young (Normal) (G1 Evacuation Pause) 213M->177M(256M) 0.808ms
[2026-03-25T22:11:14.451+0900][159.662s][info][gc,cpu      ] GC(300) User=0.00s Sys=0.00s Real=0.00s
[2026-03-25T22:11:14.616+0900][159.828s][info][gc,start    ] GC(301) Pause Young (Normal) (G1 Evacuation Pause)
[2026-03-25T22:11:14.617+0900][159.828s][info][gc,task     ] GC(301) Using 8 workers of 10 for evacuation
[2026-03-25T22:11:14.617+0900][159.829s][info][gc,phases   ] GC(301)   Pre Evacuate Collection Set: 0.0ms
[2026-03-25T22:11:14.617+0900][159.829s][info][gc,phases   ] GC(301)   Merge Heap Roots: 0.0ms
[2026-03-25T22:11:14.617+0900][159.829s][info][gc,phases   ] GC(301)   Evacuate Collection Set: 0.5ms
[2026-03-25T22:11:14.617+0900][159.829s][info][gc,phases   ] GC(301)   Post Evacuate Collection Set: 0.2ms
[2026-03-25T22:11:14.617+0900][159.829s][info][gc,phases   ] GC(301)   Other: 0.1ms
[2026-03-25T22:11:14.617+0900][159.829s][info][gc,heap     ] GC(301) Eden regions: 9->0(9)
[2026-03-25T22:11:14.617+0900][159.829s][info][gc,heap     ] GC(301) Survivor regions: 1->1(2)
[2026-03-25T22:11:14.617+0900][159.829s][info][gc,heap     ] GC(301) Old regions: 20->20
[2026-03-25T22:11:14.617+0900][159.829s][info][gc,heap     ] GC(301) Archive regions: 2->2
[2026-03-25T22:11:14.617+0900][159.829s][info][gc,heap     ] GC(301) Humongous regions: 24->24
[2026-03-25T22:11:14.617+0900][159.829s][info][gc,metaspace] GC(301) Metaspace: 104194K(105216K)->104194K(105216K) NonClass: 88926K(89472K)->88926K(89472K) Class: 15268K(15744K)->15268K(15744K)
[2026-03-25T22:11:14.617+0900][159.829s][info][gc          ] GC(301) Pause Young (Normal) (G1 Evacuation Pause) 213M->178M(256M) 0.841ms
[2026-03-25T22:11:14.617+0900][159.829s][info][gc,cpu      ] GC(301) User=0.00s Sys=0.00s Real=0.00s
[2026-03-25T22:11:14.768+0900][159.979s][info][gc,start    ] GC(302) Pause Young (Normal) (G1 Evacuation Pause)
[2026-03-25T22:11:14.768+0900][159.980s][info][gc,task     ] GC(302) Using 8 workers of 10 for evacuation
[2026-03-25T22:11:14.769+0900][159.980s][info][gc,phases   ] GC(302)   Pre Evacuate Collection Set: 0.0ms
[2026-03-25T22:11:14.769+0900][159.980s][info][gc,phases   ] GC(302)   Merge Heap Roots: 0.0ms
[2026-03-25T22:11:14.769+0900][159.980s][info][gc,phases   ] GC(302)   Evacuate Collection Set: 0.4ms
[2026-03-25T22:11:14.769+0900][159.980s][info][gc,phases   ] GC(302)   Post Evacuate Collection Set: 0.2ms
[2026-03-25T22:11:14.769+0900][159.980s][info][gc,phases   ] GC(302)   Other: 0.1ms
[2026-03-25T22:11:14.769+0900][159.980s][info][gc,heap     ] GC(302) Eden regions: 9->0(9)
[2026-03-25T22:11:14.769+0900][159.980s][info][gc,heap     ] GC(302) Survivor regions: 1->1(2)
[2026-03-25T22:11:14.769+0900][159.980s][info][gc,heap     ] GC(302) Old regions: 20->20
[2026-03-25T22:11:14.769+0900][159.980s][info][gc,heap     ] GC(302) Archive regions: 2->2
[2026-03-25T22:11:14.769+0900][159.980s][info][gc,heap     ] GC(302) Humongous regions: 24->24
[2026-03-25T22:11:14.769+0900][159.980s][info][gc,metaspace] GC(302) Metaspace: 104194K(105216K)->104194K(105216K) NonClass: 88926K(89472K)->88926K(89472K) Class: 15268K(15744K)->15268K(15744K)
[2026-03-25T22:11:14.769+0900][159.980s][info][gc          ] GC(302) Pause Young (Normal) (G1 Evacuation Pause) 214M->177M(256M) 0.717ms
[2026-03-25T22:11:14.769+0900][159.980s][info][gc,cpu      ] GC(302) User=0.00s Sys=0.00s Real=0.00s
[2026-03-25T22:11:14.953+0900][160.164s][info][gc,start    ] GC(303) Pause Young (Normal) (G1 Evacuation Pause)
[2026-03-25T22:11:14.953+0900][160.164s][info][gc,task     ] GC(303) Using 8 workers of 10 for evacuation
[2026-03-25T22:11:14.953+0900][160.165s][info][gc,phases   ] GC(303)   Pre Evacuate Collection Set: 0.1ms
[2026-03-25T22:11:14.953+0900][160.165s][info][gc,phases   ] GC(303)   Merge Heap Roots: 0.1ms
[2026-03-25T22:11:14.953+0900][160.165s][info][gc,phases   ] GC(303)   Evacuate Collection Set: 0.3ms
[2026-03-25T22:11:14.953+0900][160.165s][info][gc,phases   ] GC(303)   Post Evacuate Collection Set: 0.1ms
[2026-03-25T22:11:14.953+0900][160.165s][info][gc,phases   ] GC(303)   Other: 0.1ms
[2026-03-25T22:11:14.953+0900][160.165s][info][gc,heap     ] GC(303) Eden regions: 9->0(9)
[2026-03-25T22:11:14.953+0900][160.165s][info][gc,heap     ] GC(303) Survivor regions: 1->1(2)
[2026-03-25T22:11:14.953+0900][160.165s][info][gc,heap     ] GC(303) Old regions: 20->20
[2026-03-25T22:11:14.953+0900][160.165s][info][gc,heap     ] GC(303) Archive regions: 2->2
[2026-03-25T22:11:14.953+0900][160.165s][info][gc,heap     ] GC(303) Humongous regions: 24->24
[2026-03-25T22:11:14.953+0900][160.165s][info][gc,metaspace] GC(303) Metaspace: 104194K(105216K)->104194K(105216K) NonClass: 88926K(89472K)->88926K(89472K) Class: 15268K(15744K)->15268K(15744K)
[2026-03-25T22:11:14.953+0900][160.165s][info][gc          ] GC(303) Pause Young (Normal) (G1 Evacuation Pause) 213M->177M(256M) 0.728ms
[2026-03-25T22:11:14.953+0900][160.165s][info][gc,cpu      ] GC(303) User=0.01s Sys=0.00s Real=0.00s
[2026-03-25T22:11:15.249+0900][160.460s][info][gc,start    ] GC(304) Pause Young (Normal) (G1 Evacuation Pause)
[2026-03-25T22:11:15.249+0900][160.460s][info][gc,task     ] GC(304) Using 8 workers of 10 for evacuation
[2026-03-25T22:11:15.250+0900][160.461s][info][gc,phases   ] GC(304)   Pre Evacuate Collection Set: 0.0ms
[2026-03-25T22:11:15.250+0900][160.461s][info][gc,phases   ] GC(304)   Merge Heap Roots: 0.0ms
[2026-03-25T22:11:15.250+0900][160.461s][info][gc,phases   ] GC(304)   Evacuate Collection Set: 0.4ms
[2026-03-25T22:11:15.250+0900][160.461s][info][gc,phases   ] GC(304)   Post Evacuate Collection Set: 0.2ms
[2026-03-25T22:11:15.250+0900][160.461s][info][gc,phases   ] GC(304)   Other: 0.1ms
[2026-03-25T22:11:15.250+0900][160.461s][info][gc,heap     ] GC(304) Eden regions: 9->0(9)
[2026-03-25T22:11:15.250+0900][160.461s][info][gc,heap     ] GC(304) Survivor regions: 1->1(2)
[2026-03-25T22:11:15.250+0900][160.461s][info][gc,heap     ] GC(304) Old regions: 20->20
[2026-03-25T22:11:15.250+0900][160.461s][info][gc,heap     ] GC(304) Archive regions: 2->2
[2026-03-25T22:11:15.250+0900][160.461s][info][gc,heap     ] GC(304) Humongous regions: 24->24
[2026-03-25T22:11:15.250+0900][160.461s][info][gc,metaspace] GC(304) Metaspace: 104194K(105216K)->104194K(105216K) NonClass: 88926K(89472K)->88926K(89472K) Class: 15268K(15744K)->15268K(15744K)
[2026-03-25T22:11:15.250+0900][160.461s][info][gc          ] GC(304) Pause Young (Normal) (G1 Evacuation Pause) 213M->177M(256M) 0.760ms
[2026-03-25T22:11:15.250+0900][160.461s][info][gc,cpu      ] GC(304) User=0.00s Sys=0.00s Real=0.01s
[2026-03-25T22:11:15.371+0900][160.582s][info][gc,start    ] GC(305) Pause Young (Normal) (G1 Evacuation Pause)
[2026-03-25T22:11:15.371+0900][160.582s][info][gc,task     ] GC(305) Using 8 workers of 10 for evacuation
[2026-03-25T22:11:15.371+0900][160.583s][info][gc,phases   ] GC(305)   Pre Evacuate Collection Set: 0.0ms
[2026-03-25T22:11:15.371+0900][160.583s][info][gc,phases   ] GC(305)   Merge Heap Roots: 0.0ms
[2026-03-25T22:11:15.371+0900][160.583s][info][gc,phases   ] GC(305)   Evacuate Collection Set: 0.4ms
[2026-03-25T22:11:15.371+0900][160.583s][info][gc,phases   ] GC(305)   Post Evacuate Collection Set: 0.1ms
[2026-03-25T22:11:15.371+0900][160.583s][info][gc,phases   ] GC(305)   Other: 0.1ms
[2026-03-25T22:11:15.371+0900][160.583s][info][gc,heap     ] GC(305) Eden regions: 9->0(9)
[2026-03-25T22:11:15.371+0900][160.583s][info][gc,heap     ] GC(305) Survivor regions: 1->1(2)
[2026-03-25T22:11:15.371+0900][160.583s][info][gc,heap     ] GC(305) Old regions: 20->20
[2026-03-25T22:11:15.371+0900][160.583s][info][gc,heap     ] GC(305) Archive regions: 2->2
[2026-03-25T22:11:15.371+0900][160.583s][info][gc,heap     ] GC(305) Humongous regions: 24->24
[2026-03-25T22:11:15.371+0900][160.583s][info][gc,metaspace] GC(305) Metaspace: 104194K(105216K)->104194K(105216K) NonClass: 88926K(89472K)->88926K(89472K) Class: 15268K(15744K)->15268K(15744K)
[2026-03-25T22:11:15.371+0900][160.583s][info][gc          ] GC(305) Pause Young (Normal) (G1 Evacuation Pause) 213M->177M(256M) 0.750ms
[2026-03-25T22:11:15.371+0900][160.583s][info][gc,cpu      ] GC(305) User=0.00s Sys=0.00s Real=0.00s
[2026-03-25T22:11:15.541+0900][160.752s][info][gc,start    ] GC(306) Pause Young (Normal) (G1 Evacuation Pause)
[2026-03-25T22:11:15.541+0900][160.752s][info][gc,task     ] GC(306) Using 8 workers of 10 for evacuation
[2026-03-25T22:11:15.541+0900][160.753s][info][gc,phases   ] GC(306)   Pre Evacuate Collection Set: 0.0ms
[2026-03-25T22:11:15.541+0900][160.753s][info][gc,phases   ] GC(306)   Merge Heap Roots: 0.0ms
[2026-03-25T22:11:15.541+0900][160.753s][info][gc,phases   ] GC(306)   Evacuate Collection Set: 0.4ms
[2026-03-25T22:11:15.541+0900][160.753s][info][gc,phases   ] GC(306)   Post Evacuate Collection Set: 0.1ms
[2026-03-25T22:11:15.541+0900][160.753s][info][gc,phases   ] GC(306)   Other: 0.1ms
[2026-03-25T22:11:15.541+0900][160.753s][info][gc,heap     ] GC(306) Eden regions: 9->0(9)
[2026-03-25T22:11:15.541+0900][160.753s][info][gc,heap     ] GC(306) Survivor regions: 1->1(2)
[2026-03-25T22:11:15.541+0900][160.753s][info][gc,heap     ] GC(306) Old regions: 20->20
[2026-03-25T22:11:15.541+0900][160.753s][info][gc,heap     ] GC(306) Archive regions: 2->2
[2026-03-25T22:11:15.541+0900][160.753s][info][gc,heap     ] GC(306) Humongous regions: 24->24
[2026-03-25T22:11:15.541+0900][160.753s][info][gc,metaspace] GC(306) Metaspace: 104194K(105216K)->104194K(105216K) NonClass: 88926K(89472K)->88926K(89472K) Class: 15268K(15744K)->15268K(15744K)
[2026-03-25T22:11:15.541+0900][160.753s][info][gc          ] GC(306) Pause Young (Normal) (G1 Evacuation Pause) 213M->177M(256M) 0.699ms
[2026-03-25T22:11:15.541+0900][160.753s][info][gc,cpu      ] GC(306) User=0.00s Sys=0.00s Real=0.00s
[2026-03-25T22:11:15.790+0900][161.001s][info][gc,start    ] GC(307) Pause Young (Normal) (G1 Evacuation Pause)
[2026-03-25T22:11:15.790+0900][161.001s][info][gc,task     ] GC(307) Using 8 workers of 10 for evacuation
[2026-03-25T22:11:15.791+0900][161.002s][info][gc,phases   ] GC(307)   Pre Evacuate Collection Set: 0.0ms
[2026-03-25T22:11:15.791+0900][161.002s][info][gc,phases   ] GC(307)   Merge Heap Roots: 0.0ms
[2026-03-25T22:11:15.791+0900][161.002s][info][gc,phases   ] GC(307)   Evacuate Collection Set: 0.4ms
[2026-03-25T22:11:15.791+0900][161.002s][info][gc,phases   ] GC(307)   Post Evacuate Collection Set: 0.1ms
[2026-03-25T22:11:15.791+0900][161.002s][info][gc,phases   ] GC(307)   Other: 0.1ms
[2026-03-25T22:11:15.791+0900][161.002s][info][gc,heap     ] GC(307) Eden regions: 9->0(9)
[2026-03-25T22:11:15.791+0900][161.002s][info][gc,heap     ] GC(307) Survivor regions: 1->1(2)
[2026-03-25T22:11:15.791+0900][161.002s][info][gc,heap     ] GC(307) Old regions: 20->20
[2026-03-25T22:11:15.791+0900][161.002s][info][gc,heap     ] GC(307) Archive regions: 2->2
[2026-03-25T22:11:15.791+0900][161.002s][info][gc,heap     ] GC(307) Humongous regions: 24->24
[2026-03-25T22:11:15.791+0900][161.002s][info][gc,metaspace] GC(307) Metaspace: 104194K(105216K)->104194K(105216K) NonClass: 88926K(89472K)->88926K(89472K) Class: 15268K(15744K)->15268K(15744K)
[2026-03-25T22:11:15.791+0900][161.002s][info][gc          ] GC(307) Pause Young (Normal) (G1 Evacuation Pause) 213M->177M(256M) 0.741ms
[2026-03-25T22:11:15.791+0900][161.002s][info][gc,cpu      ] GC(307) User=0.00s Sys=0.00s Real=0.00s
[2026-03-25T22:11:16.064+0900][161.275s][info][gc,start    ] GC(308) Pause Young (Normal) (G1 Evacuation Pause)
[2026-03-25T22:11:16.064+0900][161.275s][info][gc,task     ] GC(308) Using 8 workers of 10 for evacuation
[2026-03-25T22:11:16.065+0900][161.276s][info][gc,phases   ] GC(308)   Pre Evacuate Collection Set: 0.0ms
[2026-03-25T22:11:16.065+0900][161.276s][info][gc,phases   ] GC(308)   Merge Heap Roots: 0.0ms
[2026-03-25T22:11:16.065+0900][161.276s][info][gc,phases   ] GC(308)   Evacuate Collection Set: 0.4ms
[2026-03-25T22:11:16.065+0900][161.276s][info][gc,phases   ] GC(308)   Post Evacuate Collection Set: 0.2ms
[2026-03-25T22:11:16.065+0900][161.276s][info][gc,phases   ] GC(308)   Other: 0.1ms
[2026-03-25T22:11:16.065+0900][161.276s][info][gc,heap     ] GC(308) Eden regions: 9->0(9)
[2026-03-25T22:11:16.065+0900][161.276s][info][gc,heap     ] GC(308) Survivor regions: 1->1(2)
[2026-03-25T22:11:16.065+0900][161.276s][info][gc,heap     ] GC(308) Old regions: 20->20
[2026-03-25T22:11:16.065+0900][161.276s][info][gc,heap     ] GC(308) Archive regions: 2->2
[2026-03-25T22:11:16.065+0900][161.276s][info][gc,heap     ] GC(308) Humongous regions: 24->24
[2026-03-25T22:11:16.065+0900][161.276s][info][gc,metaspace] GC(308) Metaspace: 104194K(105216K)->104194K(105216K) NonClass: 88926K(89472K)->88926K(89472K) Class: 15268K(15744K)->15268K(15744K)
[2026-03-25T22:11:16.065+0900][161.276s][info][gc          ] GC(308) Pause Young (Normal) (G1 Evacuation Pause) 213M->177M(256M) 0.749ms
[2026-03-25T22:11:16.065+0900][161.276s][info][gc,cpu      ] GC(308) User=0.00s Sys=0.01s Real=0.00s
[2026-03-25T22:11:16.296+0900][161.507s][info][gc,start    ] GC(309) Pause Young (Normal) (G1 Evacuation Pause)
[2026-03-25T22:11:16.296+0900][161.507s][info][gc,task     ] GC(309) Using 8 workers of 10 for evacuation
[2026-03-25T22:11:16.297+0900][161.508s][info][gc,phases   ] GC(309)   Pre Evacuate Collection Set: 0.1ms
[2026-03-25T22:11:16.297+0900][161.508s][info][gc,phases   ] GC(309)   Merge Heap Roots: 0.1ms
[2026-03-25T22:11:16.297+0900][161.508s][info][gc,phases   ] GC(309)   Evacuate Collection Set: 0.5ms
[2026-03-25T22:11:16.297+0900][161.508s][info][gc,phases   ] GC(309)   Post Evacuate Collection Set: 0.1ms
[2026-03-25T22:11:16.297+0900][161.508s][info][gc,phases   ] GC(309)   Other: 0.1ms
[2026-03-25T22:11:16.297+0900][161.508s][info][gc,heap     ] GC(309) Eden regions: 9->0(9)
[2026-03-25T22:11:16.297+0900][161.508s][info][gc,heap     ] GC(309) Survivor regions: 1->1(2)
[2026-03-25T22:11:16.297+0900][161.508s][info][gc,heap     ] GC(309) Old regions: 20->20
[2026-03-25T22:11:16.297+0900][161.508s][info][gc,heap     ] GC(309) Archive regions: 2->2
[2026-03-25T22:11:16.297+0900][161.508s][info][gc,heap     ] GC(309) Humongous regions: 24->24
[2026-03-25T22:11:16.297+0900][161.508s][info][gc,metaspace] GC(309) Metaspace: 104194K(105216K)->104194K(105216K) NonClass: 88926K(89472K)->88926K(89472K) Class: 15268K(15744K)->15268K(15744K)
[2026-03-25T22:11:16.297+0900][161.508s][info][gc          ] GC(309) Pause Young (Normal) (G1 Evacuation Pause) 213M->178M(256M) 0.886ms
[2026-03-25T22:11:16.297+0900][161.508s][info][gc,cpu      ] GC(309) User=0.00s Sys=0.00s Real=0.00s
[2026-03-25T22:11:16.473+0900][161.684s][info][gc,start    ] GC(310) Pause Young (Normal) (G1 Evacuation Pause)
[2026-03-25T22:11:16.473+0900][161.684s][info][gc,task     ] GC(310) Using 8 workers of 10 for evacuation
[2026-03-25T22:11:16.474+0900][161.685s][info][gc,phases   ] GC(310)   Pre Evacuate Collection Set: 0.1ms
[2026-03-25T22:11:16.474+0900][161.685s][info][gc,phases   ] GC(310)   Merge Heap Roots: 0.0ms
[2026-03-25T22:11:16.474+0900][161.685s][info][gc,phases   ] GC(310)   Evacuate Collection Set: 0.5ms
[2026-03-25T22:11:16.474+0900][161.685s][info][gc,phases   ] GC(310)   Post Evacuate Collection Set: 0.1ms
[2026-03-25T22:11:16.474+0900][161.685s][info][gc,phases   ] GC(310)   Other: 0.1ms
[2026-03-25T22:11:16.474+0900][161.685s][info][gc,heap     ] GC(310) Eden regions: 9->0(9)
[2026-03-25T22:11:16.474+0900][161.685s][info][gc,heap     ] GC(310) Survivor regions: 1->1(2)
[2026-03-25T22:11:16.474+0900][161.685s][info][gc,heap     ] GC(310) Old regions: 20->20
[2026-03-25T22:11:16.474+0900][161.685s][info][gc,heap     ] GC(310) Archive regions: 2->2
[2026-03-25T22:11:16.474+0900][161.685s][info][gc,heap     ] GC(310) Humongous regions: 24->24
[2026-03-25T22:11:16.474+0900][161.685s][info][gc,metaspace] GC(310) Metaspace: 104194K(105216K)->104194K(105216K) NonClass: 88926K(89472K)->88926K(89472K) Class: 15268K(15744K)->15268K(15744K)
[2026-03-25T22:11:16.474+0900][161.685s][info][gc          ] GC(310) Pause Young (Normal) (G1 Evacuation Pause) 214M->178M(256M) 0.888ms
[2026-03-25T22:11:16.474+0900][161.685s][info][gc,cpu      ] GC(310) User=0.00s Sys=0.00s Real=0.00s
[2026-03-25T22:11:16.735+0900][161.946s][info][gc,start    ] GC(311) Pause Young (Normal) (G1 Evacuation Pause)
[2026-03-25T22:11:16.735+0900][161.946s][info][gc,task     ] GC(311) Using 8 workers of 10 for evacuation
[2026-03-25T22:11:16.735+0900][161.947s][info][gc,phases   ] GC(311)   Pre Evacuate Collection Set: 0.1ms
[2026-03-25T22:11:16.735+0900][161.947s][info][gc,phases   ] GC(311)   Merge Heap Roots: 0.0ms
[2026-03-25T22:11:16.735+0900][161.947s][info][gc,phases   ] GC(311)   Evacuate Collection Set: 0.4ms
[2026-03-25T22:11:16.735+0900][161.947s][info][gc,phases   ] GC(311)   Post Evacuate Collection Set: 0.1ms
[2026-03-25T22:11:16.735+0900][161.947s][info][gc,phases   ] GC(311)   Other: 0.1ms
[2026-03-25T22:11:16.735+0900][161.947s][info][gc,heap     ] GC(311) Eden regions: 9->0(9)
[2026-03-25T22:11:16.735+0900][161.947s][info][gc,heap     ] GC(311) Survivor regions: 1->1(2)
[2026-03-25T22:11:16.735+0900][161.947s][info][gc,heap     ] GC(311) Old regions: 20->20
[2026-03-25T22:11:16.735+0900][161.947s][info][gc,heap     ] GC(311) Archive regions: 2->2
[2026-03-25T22:11:16.735+0900][161.947s][info][gc,heap     ] GC(311) Humongous regions: 24->24
[2026-03-25T22:11:16.735+0900][161.947s][info][gc,metaspace] GC(311) Metaspace: 104194K(105216K)->104194K(105216K) NonClass: 88926K(89472K)->88926K(89472K) Class: 15268K(15744K)->15268K(15744K)
[2026-03-25T22:11:16.735+0900][161.947s][info][gc          ] GC(311) Pause Young (Normal) (G1 Evacuation Pause) 214M->178M(256M) 0.753ms
[2026-03-25T22:11:16.735+0900][161.947s][info][gc,cpu      ] GC(311) User=0.00s Sys=0.00s Real=0.00s
[2026-03-25T22:11:16.922+0900][162.133s][info][gc,start    ] GC(312) Pause Young (Normal) (G1 Evacuation Pause)
[2026-03-25T22:11:16.922+0900][162.133s][info][gc,task     ] GC(312) Using 8 workers of 10 for evacuation
[2026-03-25T22:11:16.922+0900][162.134s][info][gc,phases   ] GC(312)   Pre Evacuate Collection Set: 0.0ms
[2026-03-25T22:11:16.922+0900][162.134s][info][gc,phases   ] GC(312)   Merge Heap Roots: 0.0ms
[2026-03-25T22:11:16.922+0900][162.134s][info][gc,phases   ] GC(312)   Evacuate Collection Set: 0.4ms
[2026-03-25T22:11:16.922+0900][162.134s][info][gc,phases   ] GC(312)   Post Evacuate Collection Set: 0.1ms
[2026-03-25T22:11:16.922+0900][162.134s][info][gc,phases   ] GC(312)   Other: 0.2ms
[2026-03-25T22:11:16.922+0900][162.134s][info][gc,heap     ] GC(312) Eden regions: 9->0(9)
[2026-03-25T22:11:16.922+0900][162.134s][info][gc,heap     ] GC(312) Survivor regions: 1->1(2)
[2026-03-25T22:11:16.922+0900][162.134s][info][gc,heap     ] GC(312) Old regions: 20->20
[2026-03-25T22:11:16.922+0900][162.134s][info][gc,heap     ] GC(312) Archive regions: 2->2
[2026-03-25T22:11:16.922+0900][162.134s][info][gc,heap     ] GC(312) Humongous regions: 24->24
[2026-03-25T22:11:16.922+0900][162.134s][info][gc,metaspace] GC(312) Metaspace: 104194K(105216K)->104194K(105216K) NonClass: 88926K(89472K)->88926K(89472K) Class: 15268K(15744K)->15268K(15744K)
[2026-03-25T22:11:16.922+0900][162.134s][info][gc          ] GC(312) Pause Young (Normal) (G1 Evacuation Pause) 214M->178M(256M) 0.799ms
[2026-03-25T22:11:16.922+0900][162.134s][info][gc,cpu      ] GC(312) User=0.00s Sys=0.00s Real=0.00s
[2026-03-25T22:11:17.183+0900][162.394s][info][gc,start    ] GC(313) Pause Young (Normal) (G1 Evacuation Pause)
[2026-03-25T22:11:17.183+0900][162.394s][info][gc,task     ] GC(313) Using 8 workers of 10 for evacuation
[2026-03-25T22:11:17.183+0900][162.395s][info][gc,phases   ] GC(313)   Pre Evacuate Collection Set: 0.0ms
[2026-03-25T22:11:17.183+0900][162.395s][info][gc,phases   ] GC(313)   Merge Heap Roots: 0.0ms
[2026-03-25T22:11:17.183+0900][162.395s][info][gc,phases   ] GC(313)   Evacuate Collection Set: 0.4ms
[2026-03-25T22:11:17.183+0900][162.395s][info][gc,phases   ] GC(313)   Post Evacuate Collection Set: 0.1ms
[2026-03-25T22:11:17.183+0900][162.395s][info][gc,phases   ] GC(313)   Other: 0.1ms
[2026-03-25T22:11:17.183+0900][162.395s][info][gc,heap     ] GC(313) Eden regions: 9->0(9)
[2026-03-25T22:11:17.183+0900][162.395s][info][gc,heap     ] GC(313) Survivor regions: 1->1(2)
[2026-03-25T22:11:17.183+0900][162.395s][info][gc,heap     ] GC(313) Old regions: 20->20
[2026-03-25T22:11:17.183+0900][162.395s][info][gc,heap     ] GC(313) Archive regions: 2->2
[2026-03-25T22:11:17.183+0900][162.395s][info][gc,heap     ] GC(313) Humongous regions: 24->24
[2026-03-25T22:11:17.183+0900][162.395s][info][gc,metaspace] GC(313) Metaspace: 104197K(105216K)->104197K(105216K) NonClass: 88929K(89472K)->88929K(89472K) Class: 15268K(15744K)->15268K(15744K)
[2026-03-25T22:11:17.183+0900][162.395s][info][gc          ] GC(313) Pause Young (Normal) (G1 Evacuation Pause) 214M->178M(256M) 0.801ms
[2026-03-25T22:11:17.183+0900][162.395s][info][gc,cpu      ] GC(313) User=0.00s Sys=0.00s Real=0.00s
[2026-03-25T22:11:17.408+0900][162.619s][info][gc,start    ] GC(314) Pause Young (Normal) (G1 Evacuation Pause)
[2026-03-25T22:11:17.408+0900][162.619s][info][gc,task     ] GC(314) Using 8 workers of 10 for evacuation
[2026-03-25T22:11:17.409+0900][162.620s][info][gc,phases   ] GC(314)   Pre Evacuate Collection Set: 0.1ms
[2026-03-25T22:11:17.409+0900][162.620s][info][gc,phases   ] GC(314)   Merge Heap Roots: 0.0ms
[2026-03-25T22:11:17.409+0900][162.620s][info][gc,phases   ] GC(314)   Evacuate Collection Set: 0.5ms
[2026-03-25T22:11:17.409+0900][162.620s][info][gc,phases   ] GC(314)   Post Evacuate Collection Set: 0.1ms
[2026-03-25T22:11:17.409+0900][162.620s][info][gc,phases   ] GC(314)   Other: 0.1ms
[2026-03-25T22:11:17.409+0900][162.620s][info][gc,heap     ] GC(314) Eden regions: 9->0(9)
[2026-03-25T22:11:17.409+0900][162.620s][info][gc,heap     ] GC(314) Survivor regions: 1->1(2)
[2026-03-25T22:11:17.409+0900][162.620s][info][gc,heap     ] GC(314) Old regions: 20->20
[2026-03-25T22:11:17.409+0900][162.620s][info][gc,heap     ] GC(314) Archive regions: 2->2
[2026-03-25T22:11:17.409+0900][162.620s][info][gc,heap     ] GC(314) Humongous regions: 24->24
[2026-03-25T22:11:17.409+0900][162.620s][info][gc,metaspace] GC(314) Metaspace: 104197K(105216K)->104197K(105216K) NonClass: 88929K(89472K)->88929K(89472K) Class: 15268K(15744K)->15268K(15744K)
[2026-03-25T22:11:17.409+0900][162.620s][info][gc          ] GC(314) Pause Young (Normal) (G1 Evacuation Pause) 214M->178M(256M) 0.847ms
[2026-03-25T22:11:17.409+0900][162.620s][info][gc,cpu      ] GC(314) User=0.01s Sys=0.00s Real=0.00s
[2026-03-25T22:11:17.530+0900][162.741s][info][gc,start    ] GC(315) Pause Young (Normal) (G1 Evacuation Pause)
[2026-03-25T22:11:17.530+0900][162.741s][info][gc,task     ] GC(315) Using 8 workers of 10 for evacuation
[2026-03-25T22:11:17.531+0900][162.742s][info][gc,phases   ] GC(315)   Pre Evacuate Collection Set: 0.0ms
[2026-03-25T22:11:17.531+0900][162.742s][info][gc,phases   ] GC(315)   Merge Heap Roots: 0.0ms
[2026-03-25T22:11:17.531+0900][162.742s][info][gc,phases   ] GC(315)   Evacuate Collection Set: 0.4ms
[2026-03-25T22:11:17.531+0900][162.742s][info][gc,phases   ] GC(315)   Post Evacuate Collection Set: 0.1ms
[2026-03-25T22:11:17.531+0900][162.742s][info][gc,phases   ] GC(315)   Other: 0.1ms
[2026-03-25T22:11:17.531+0900][162.742s][info][gc,heap     ] GC(315) Eden regions: 9->0(9)
[2026-03-25T22:11:17.531+0900][162.742s][info][gc,heap     ] GC(315) Survivor regions: 1->1(2)
[2026-03-25T22:11:17.531+0900][162.742s][info][gc,heap     ] GC(315) Old regions: 20->20
[2026-03-25T22:11:17.531+0900][162.742s][info][gc,heap     ] GC(315) Archive regions: 2->2
[2026-03-25T22:11:17.531+0900][162.742s][info][gc,heap     ] GC(315) Humongous regions: 24->24
[2026-03-25T22:11:17.531+0900][162.742s][info][gc,metaspace] GC(315) Metaspace: 104197K(105216K)->104197K(105216K) NonClass: 88929K(89472K)->88929K(89472K) Class: 15268K(15744K)->15268K(15744K)
[2026-03-25T22:11:17.531+0900][162.742s][info][gc          ] GC(315) Pause Young (Normal) (G1 Evacuation Pause) 214M->178M(256M) 0.780ms
[2026-03-25T22:11:17.531+0900][162.742s][info][gc,cpu      ] GC(315) User=0.00s Sys=0.01s Real=0.00s
[2026-03-25T22:11:17.855+0900][163.066s][info][gc,start    ] GC(316) Pause Young (Normal) (G1 Evacuation Pause)
[2026-03-25T22:11:17.855+0900][163.066s][info][gc,task     ] GC(316) Using 8 workers of 10 for evacuation
[2026-03-25T22:11:17.856+0900][163.067s][info][gc,phases   ] GC(316)   Pre Evacuate Collection Set: 0.0ms
[2026-03-25T22:11:17.856+0900][163.067s][info][gc,phases   ] GC(316)   Merge Heap Roots: 0.0ms
[2026-03-25T22:11:17.856+0900][163.067s][info][gc,phases   ] GC(316)   Evacuate Collection Set: 0.5ms
[2026-03-25T22:11:17.856+0900][163.067s][info][gc,phases   ] GC(316)   Post Evacuate Collection Set: 0.2ms
[2026-03-25T22:11:17.856+0900][163.067s][info][gc,phases   ] GC(316)   Other: 0.1ms
[2026-03-25T22:11:17.856+0900][163.067s][info][gc,heap     ] GC(316) Eden regions: 9->0(9)
[2026-03-25T22:11:17.856+0900][163.067s][info][gc,heap     ] GC(316) Survivor regions: 1->1(2)
[2026-03-25T22:11:17.856+0900][163.067s][info][gc,heap     ] GC(316) Old regions: 20->20
[2026-03-25T22:11:17.856+0900][163.067s][info][gc,heap     ] GC(316) Archive regions: 2->2
[2026-03-25T22:11:17.856+0900][163.067s][info][gc,heap     ] GC(316) Humongous regions: 24->24
[2026-03-25T22:11:17.856+0900][163.067s][info][gc,metaspace] GC(316) Metaspace: 104197K(105216K)->104197K(105216K) NonClass: 88929K(89472K)->88929K(89472K) Class: 15268K(15744K)->15268K(15744K)
[2026-03-25T22:11:17.856+0900][163.067s][info][gc          ] GC(316) Pause Young (Normal) (G1 Evacuation Pause) 214M->178M(256M) 0.900ms
[2026-03-25T22:11:17.856+0900][163.067s][info][gc,cpu      ] GC(316) User=0.01s Sys=0.00s Real=0.00s
[2026-03-25T22:11:18.026+0900][163.238s][info][gc,start    ] GC(317) Pause Young (Normal) (G1 Evacuation Pause)
[2026-03-25T22:11:18.026+0900][163.238s][info][gc,task     ] GC(317) Using 8 workers of 10 for evacuation
[2026-03-25T22:11:18.027+0900][163.238s][info][gc,phases   ] GC(317)   Pre Evacuate Collection Set: 0.0ms
[2026-03-25T22:11:18.027+0900][163.238s][info][gc,phases   ] GC(317)   Merge Heap Roots: 0.0ms
[2026-03-25T22:11:18.027+0900][163.238s][info][gc,phases   ] GC(317)   Evacuate Collection Set: 0.4ms
[2026-03-25T22:11:18.027+0900][163.238s][info][gc,phases   ] GC(317)   Post Evacuate Collection Set: 0.1ms
[2026-03-25T22:11:18.027+0900][163.238s][info][gc,phases   ] GC(317)   Other: 0.1ms
[2026-03-25T22:11:18.027+0900][163.238s][info][gc,heap     ] GC(317) Eden regions: 9->0(9)
[2026-03-25T22:11:18.027+0900][163.238s][info][gc,heap     ] GC(317) Survivor regions: 1->1(2)
[2026-03-25T22:11:18.027+0900][163.238s][info][gc,heap     ] GC(317) Old regions: 20->20
[2026-03-25T22:11:18.027+0900][163.238s][info][gc,heap     ] GC(317) Archive regions: 2->2
[2026-03-25T22:11:18.027+0900][163.238s][info][gc,heap     ] GC(317) Humongous regions: 24->24
[2026-03-25T22:11:18.027+0900][163.238s][info][gc,metaspace] GC(317) Metaspace: 104197K(105216K)->104197K(105216K) NonClass: 88929K(89472K)->88929K(89472K) Class: 15268K(15744K)->15268K(15744K)
[2026-03-25T22:11:18.027+0900][163.238s][info][gc          ] GC(317) Pause Young (Normal) (G1 Evacuation Pause) 214M->178M(256M) 0.760ms
[2026-03-25T22:11:18.027+0900][163.238s][info][gc,cpu      ] GC(317) User=0.00s Sys=0.01s Real=0.00s
[2026-03-25T22:11:18.296+0900][163.508s][info][gc,start    ] GC(318) Pause Young (Normal) (G1 Evacuation Pause)
[2026-03-25T22:11:18.296+0900][163.508s][info][gc,task     ] GC(318) Using 8 workers of 10 for evacuation
[2026-03-25T22:11:18.297+0900][163.508s][info][gc,phases   ] GC(318)   Pre Evacuate Collection Set: 0.0ms
[2026-03-25T22:11:18.297+0900][163.508s][info][gc,phases   ] GC(318)   Merge Heap Roots: 0.0ms
[2026-03-25T22:11:18.297+0900][163.508s][info][gc,phases   ] GC(318)   Evacuate Collection Set: 0.4ms
[2026-03-25T22:11:18.297+0900][163.508s][info][gc,phases   ] GC(318)   Post Evacuate Collection Set: 0.2ms
[2026-03-25T22:11:18.297+0900][163.508s][info][gc,phases   ] GC(318)   Other: 0.1ms
[2026-03-25T22:11:18.297+0900][163.508s][info][gc,heap     ] GC(318) Eden regions: 9->0(9)
[2026-03-25T22:11:18.297+0900][163.508s][info][gc,heap     ] GC(318) Survivor regions: 1->1(2)
[2026-03-25T22:11:18.297+0900][163.508s][info][gc,heap     ] GC(318) Old regions: 20->20
[2026-03-25T22:11:18.297+0900][163.508s][info][gc,heap     ] GC(318) Archive regions: 2->2
[2026-03-25T22:11:18.297+0900][163.508s][info][gc,heap     ] GC(318) Humongous regions: 24->24
[2026-03-25T22:11:18.297+0900][163.508s][info][gc,metaspace] GC(318) Metaspace: 104197K(105216K)->104197K(105216K) NonClass: 88929K(89472K)->88929K(89472K) Class: 15268K(15744K)->15268K(15744K)
[2026-03-25T22:11:18.297+0900][163.508s][info][gc          ] GC(318) Pause Young (Normal) (G1 Evacuation Pause) 214M->178M(256M) 0.757ms
[2026-03-25T22:11:18.297+0900][163.508s][info][gc,cpu      ] GC(318) User=0.01s Sys=0.00s Real=0.00s
[2026-03-25T22:11:18.494+0900][163.706s][info][gc,start    ] GC(319) Pause Young (Normal) (G1 Evacuation Pause)
[2026-03-25T22:11:18.494+0900][163.706s][info][gc,task     ] GC(319) Using 8 workers of 10 for evacuation
[2026-03-25T22:11:18.495+0900][163.706s][info][gc,phases   ] GC(319)   Pre Evacuate Collection Set: 0.0ms
[2026-03-25T22:11:18.495+0900][163.707s][info][gc,phases   ] GC(319)   Merge Heap Roots: 0.0ms
[2026-03-25T22:11:18.495+0900][163.707s][info][gc,phases   ] GC(319)   Evacuate Collection Set: 0.5ms
[2026-03-25T22:11:18.495+0900][163.707s][info][gc,phases   ] GC(319)   Post Evacuate Collection Set: 0.1ms
[2026-03-25T22:11:18.495+0900][163.707s][info][gc,phases   ] GC(319)   Other: 0.1ms
[2026-03-25T22:11:18.495+0900][163.707s][info][gc,heap     ] GC(319) Eden regions: 9->0(9)
[2026-03-25T22:11:18.495+0900][163.707s][info][gc,heap     ] GC(319) Survivor regions: 1->1(2)
[2026-03-25T22:11:18.495+0900][163.707s][info][gc,heap     ] GC(319) Old regions: 20->20
[2026-03-25T22:11:18.495+0900][163.707s][info][gc,heap     ] GC(319) Archive regions: 2->2
[2026-03-25T22:11:18.495+0900][163.707s][info][gc,heap     ] GC(319) Humongous regions: 24->24
[2026-03-25T22:11:18.495+0900][163.707s][info][gc,metaspace] GC(319) Metaspace: 104197K(105216K)->104197K(105216K) NonClass: 88929K(89472K)->88929K(89472K) Class: 15268K(15744K)->15268K(15744K)
[2026-03-25T22:11:18.495+0900][163.707s][info][gc          ] GC(319) Pause Young (Normal) (G1 Evacuation Pause) 214M->178M(256M) 0.842ms
[2026-03-25T22:11:18.495+0900][163.707s][info][gc,cpu      ] GC(319) User=0.00s Sys=0.00s Real=0.00s
[2026-03-25T22:11:18.735+0900][163.946s][info][gc,start    ] GC(320) Pause Young (Normal) (G1 Evacuation Pause)
[2026-03-25T22:11:18.735+0900][163.946s][info][gc,task     ] GC(320) Using 8 workers of 10 for evacuation
[2026-03-25T22:11:18.736+0900][163.947s][info][gc,phases   ] GC(320)   Pre Evacuate Collection Set: 0.0ms
[2026-03-25T22:11:18.736+0900][163.947s][info][gc,phases   ] GC(320)   Merge Heap Roots: 0.1ms
[2026-03-25T22:11:18.736+0900][163.947s][info][gc,phases   ] GC(320)   Evacuate Collection Set: 0.4ms
[2026-03-25T22:11:18.736+0900][163.947s][info][gc,phases   ] GC(320)   Post Evacuate Collection Set: 0.1ms
[2026-03-25T22:11:18.736+0900][163.947s][info][gc,phases   ] GC(320)   Other: 0.1ms
[2026-03-25T22:11:18.736+0900][163.947s][info][gc,heap     ] GC(320) Eden regions: 9->0(9)
[2026-03-25T22:11:18.736+0900][163.947s][info][gc,heap     ] GC(320) Survivor regions: 1->1(2)
[2026-03-25T22:11:18.736+0900][163.947s][info][gc,heap     ] GC(320) Old regions: 20->20
[2026-03-25T22:11:18.736+0900][163.947s][info][gc,heap     ] GC(320) Archive regions: 2->2
[2026-03-25T22:11:18.736+0900][163.947s][info][gc,heap     ] GC(320) Humongous regions: 24->24
[2026-03-25T22:11:18.736+0900][163.947s][info][gc,metaspace] GC(320) Metaspace: 104197K(105216K)->104197K(105216K) NonClass: 88929K(89472K)->88929K(89472K) Class: 15268K(15744K)->15268K(15744K)
[2026-03-25T22:11:18.736+0900][163.947s][info][gc          ] GC(320) Pause Young (Normal) (G1 Evacuation Pause) 214M->178M(256M) 0.765ms
[2026-03-25T22:11:18.736+0900][163.947s][info][gc,cpu      ] GC(320) User=0.01s Sys=0.00s Real=0.00s
[2026-03-25T22:11:18.910+0900][164.121s][info][gc,start    ] GC(321) Pause Young (Normal) (G1 Evacuation Pause)
[2026-03-25T22:11:18.910+0900][164.121s][info][gc,task     ] GC(321) Using 8 workers of 10 for evacuation
[2026-03-25T22:11:18.911+0900][164.122s][info][gc,phases   ] GC(321)   Pre Evacuate Collection Set: 0.0ms
[2026-03-25T22:11:18.911+0900][164.122s][info][gc,phases   ] GC(321)   Merge Heap Roots: 0.0ms
[2026-03-25T22:11:18.911+0900][164.122s][info][gc,phases   ] GC(321)   Evacuate Collection Set: 0.4ms
[2026-03-25T22:11:18.911+0900][164.122s][info][gc,phases   ] GC(321)   Post Evacuate Collection Set: 0.2ms
[2026-03-25T22:11:18.911+0900][164.122s][info][gc,phases   ] GC(321)   Other: 0.1ms
[2026-03-25T22:11:18.911+0900][164.122s][info][gc,heap     ] GC(321) Eden regions: 9->0(9)
[2026-03-25T22:11:18.911+0900][164.122s][info][gc,heap     ] GC(321) Survivor regions: 1->1(2)
[2026-03-25T22:11:18.911+0900][164.122s][info][gc,heap     ] GC(321) Old regions: 20->20
[2026-03-25T22:11:18.911+0900][164.122s][info][gc,heap     ] GC(321) Archive regions: 2->2
[2026-03-25T22:11:18.911+0900][164.122s][info][gc,heap     ] GC(321) Humongous regions: 24->24
[2026-03-25T22:11:18.911+0900][164.122s][info][gc,metaspace] GC(321) Metaspace: 104197K(105216K)->104197K(105216K) NonClass: 88929K(89472K)->88929K(89472K) Class: 15268K(15744K)->15268K(15744K)
[2026-03-25T22:11:18.911+0900][164.122s][info][gc          ] GC(321) Pause Young (Normal) (G1 Evacuation Pause) 214M->178M(256M) 0.765ms
[2026-03-25T22:11:18.911+0900][164.122s][info][gc,cpu      ] GC(321) User=0.00s Sys=0.00s Real=0.00s
[2026-03-25T22:11:19.078+0900][164.289s][info][gc,start    ] GC(322) Pause Young (Normal) (G1 Evacuation Pause)
[2026-03-25T22:11:19.078+0900][164.289s][info][gc,task     ] GC(322) Using 8 workers of 10 for evacuation
[2026-03-25T22:11:19.078+0900][164.290s][info][gc,phases   ] GC(322)   Pre Evacuate Collection Set: 0.0ms
[2026-03-25T22:11:19.078+0900][164.290s][info][gc,phases   ] GC(322)   Merge Heap Roots: 0.0ms
[2026-03-25T22:11:19.078+0900][164.290s][info][gc,phases   ] GC(322)   Evacuate Collection Set: 0.4ms
[2026-03-25T22:11:19.078+0900][164.290s][info][gc,phases   ] GC(322)   Post Evacuate Collection Set: 0.2ms
[2026-03-25T22:11:19.078+0900][164.290s][info][gc,phases   ] GC(322)   Other: 0.1ms
[2026-03-25T22:11:19.078+0900][164.290s][info][gc,heap     ] GC(322) Eden regions: 9->0(9)
[2026-03-25T22:11:19.078+0900][164.290s][info][gc,heap     ] GC(322) Survivor regions: 1->1(2)
[2026-03-25T22:11:19.078+0900][164.290s][info][gc,heap     ] GC(322) Old regions: 20->20
[2026-03-25T22:11:19.078+0900][164.290s][info][gc,heap     ] GC(322) Archive regions: 2->2
[2026-03-25T22:11:19.078+0900][164.290s][info][gc,heap     ] GC(322) Humongous regions: 24->24
[2026-03-25T22:11:19.078+0900][164.290s][info][gc,metaspace] GC(322) Metaspace: 104197K(105216K)->104197K(105216K) NonClass: 88929K(89472K)->88929K(89472K) Class: 15268K(15744K)->15268K(15744K)
[2026-03-25T22:11:19.078+0900][164.290s][info][gc          ] GC(322) Pause Young (Normal) (G1 Evacuation Pause) 214M->178M(256M) 0.801ms
[2026-03-25T22:11:19.078+0900][164.290s][info][gc,cpu      ] GC(322) User=0.00s Sys=0.00s Real=0.00s
[2026-03-25T22:11:19.347+0900][164.558s][info][gc,start    ] GC(323) Pause Young (Normal) (G1 Evacuation Pause)
[2026-03-25T22:11:19.347+0900][164.558s][info][gc,task     ] GC(323) Using 8 workers of 10 for evacuation
[2026-03-25T22:11:19.348+0900][164.559s][info][gc,phases   ] GC(323)   Pre Evacuate Collection Set: 0.0ms
[2026-03-25T22:11:19.348+0900][164.559s][info][gc,phases   ] GC(323)   Merge Heap Roots: 0.0ms
[2026-03-25T22:11:19.348+0900][164.559s][info][gc,phases   ] GC(323)   Evacuate Collection Set: 0.4ms
[2026-03-25T22:11:19.348+0900][164.559s][info][gc,phases   ] GC(323)   Post Evacuate Collection Set: 0.2ms
[2026-03-25T22:11:19.348+0900][164.559s][info][gc,phases   ] GC(323)   Other: 0.1ms
[2026-03-25T22:11:19.348+0900][164.559s][info][gc,heap     ] GC(323) Eden regions: 9->0(9)
[2026-03-25T22:11:19.348+0900][164.559s][info][gc,heap     ] GC(323) Survivor regions: 1->1(2)
[2026-03-25T22:11:19.348+0900][164.559s][info][gc,heap     ] GC(323) Old regions: 20->20
[2026-03-25T22:11:19.348+0900][164.559s][info][gc,heap     ] GC(323) Archive regions: 2->2
[2026-03-25T22:11:19.348+0900][164.559s][info][gc,heap     ] GC(323) Humongous regions: 24->24
[2026-03-25T22:11:19.348+0900][164.559s][info][gc,metaspace] GC(323) Metaspace: 104197K(105216K)->104197K(105216K) NonClass: 88929K(89472K)->88929K(89472K) Class: 15268K(15744K)->15268K(15744K)
[2026-03-25T22:11:19.348+0900][164.559s][info][gc          ] GC(323) Pause Young (Normal) (G1 Evacuation Pause) 214M->178M(256M) 0.753ms
[2026-03-25T22:11:19.348+0900][164.559s][info][gc,cpu      ] GC(323) User=0.00s Sys=0.00s Real=0.00s
[2026-03-25T22:11:19.541+0900][164.752s][info][gc,start    ] GC(324) Pause Young (Normal) (G1 Evacuation Pause)
[2026-03-25T22:11:19.541+0900][164.752s][info][gc,task     ] GC(324) Using 8 workers of 10 for evacuation
[2026-03-25T22:11:19.542+0900][164.753s][info][gc,phases   ] GC(324)   Pre Evacuate Collection Set: 0.0ms
[2026-03-25T22:11:19.542+0900][164.753s][info][gc,phases   ] GC(324)   Merge Heap Roots: 0.0ms
[2026-03-25T22:11:19.542+0900][164.753s][info][gc,phases   ] GC(324)   Evacuate Collection Set: 0.5ms
[2026-03-25T22:11:19.542+0900][164.753s][info][gc,phases   ] GC(324)   Post Evacuate Collection Set: 0.2ms
[2026-03-25T22:11:19.542+0900][164.753s][info][gc,phases   ] GC(324)   Other: 0.1ms
[2026-03-25T22:11:19.542+0900][164.753s][info][gc,heap     ] GC(324) Eden regions: 9->0(9)
[2026-03-25T22:11:19.542+0900][164.753s][info][gc,heap     ] GC(324) Survivor regions: 1->1(2)
[2026-03-25T22:11:19.542+0900][164.753s][info][gc,heap     ] GC(324) Old regions: 20->20
[2026-03-25T22:11:19.542+0900][164.753s][info][gc,heap     ] GC(324) Archive regions: 2->2
[2026-03-25T22:11:19.542+0900][164.753s][info][gc,heap     ] GC(324) Humongous regions: 24->24
[2026-03-25T22:11:19.542+0900][164.753s][info][gc,metaspace] GC(324) Metaspace: 104197K(105216K)->104197K(105216K) NonClass: 88929K(89472K)->88929K(89472K) Class: 15268K(15744K)->15268K(15744K)
[2026-03-25T22:11:19.542+0900][164.753s][info][gc          ] GC(324) Pause Young (Normal) (G1 Evacuation Pause) 214M->178M(256M) 0.875ms
[2026-03-25T22:11:19.542+0900][164.753s][info][gc,cpu      ] GC(324) User=0.00s Sys=0.00s Real=0.00s
[2026-03-25T22:11:19.776+0900][164.987s][info][gc,start    ] GC(325) Pause Young (Normal) (G1 Evacuation Pause)
[2026-03-25T22:11:19.776+0900][164.987s][info][gc,task     ] GC(325) Using 8 workers of 10 for evacuation
[2026-03-25T22:11:19.777+0900][164.988s][info][gc,phases   ] GC(325)   Pre Evacuate Collection Set: 0.1ms
[2026-03-25T22:11:19.777+0900][164.988s][info][gc,phases   ] GC(325)   Merge Heap Roots: 0.1ms
[2026-03-25T22:11:19.777+0900][164.988s][info][gc,phases   ] GC(325)   Evacuate Collection Set: 0.4ms
[2026-03-25T22:11:19.777+0900][164.988s][info][gc,phases   ] GC(325)   Post Evacuate Collection Set: 0.1ms
[2026-03-25T22:11:19.777+0900][164.988s][info][gc,phases   ] GC(325)   Other: 0.1ms
[2026-03-25T22:11:19.777+0900][164.988s][info][gc,heap     ] GC(325) Eden regions: 9->0(9)
[2026-03-25T22:11:19.777+0900][164.988s][info][gc,heap     ] GC(325) Survivor regions: 1->1(2)
[2026-03-25T22:11:19.777+0900][164.988s][info][gc,heap     ] GC(325) Old regions: 20->20
[2026-03-25T22:11:19.777+0900][164.988s][info][gc,heap     ] GC(325) Archive regions: 2->2
[2026-03-25T22:11:19.777+0900][164.988s][info][gc,heap     ] GC(325) Humongous regions: 24->24
[2026-03-25T22:11:19.777+0900][164.988s][info][gc,metaspace] GC(325) Metaspace: 104197K(105216K)->104197K(105216K) NonClass: 88929K(89472K)->88929K(89472K) Class: 15268K(15744K)->15268K(15744K)
[2026-03-25T22:11:19.777+0900][164.988s][info][gc          ] GC(325) Pause Young (Normal) (G1 Evacuation Pause) 214M->178M(256M) 0.794ms
[2026-03-25T22:11:19.777+0900][164.988s][info][gc,cpu      ] GC(325) User=0.00s Sys=0.00s Real=0.00s
[2026-03-25T22:11:19.916+0900][165.128s][info][gc,start    ] GC(326) Pause Young (Normal) (G1 Evacuation Pause)
[2026-03-25T22:11:19.916+0900][165.128s][info][gc,task     ] GC(326) Using 8 workers of 10 for evacuation
[2026-03-25T22:11:19.917+0900][165.128s][info][gc,phases   ] GC(326)   Pre Evacuate Collection Set: 0.0ms
[2026-03-25T22:11:19.917+0900][165.128s][info][gc,phases   ] GC(326)   Merge Heap Roots: 0.0ms
[2026-03-25T22:11:19.917+0900][165.128s][info][gc,phases   ] GC(326)   Evacuate Collection Set: 0.5ms
[2026-03-25T22:11:19.917+0900][165.128s][info][gc,phases   ] GC(326)   Post Evacuate Collection Set: 0.1ms
[2026-03-25T22:11:19.917+0900][165.128s][info][gc,phases   ] GC(326)   Other: 0.1ms
[2026-03-25T22:11:19.917+0900][165.128s][info][gc,heap     ] GC(326) Eden regions: 9->0(9)
[2026-03-25T22:11:19.917+0900][165.128s][info][gc,heap     ] GC(326) Survivor regions: 1->1(2)
[2026-03-25T22:11:19.917+0900][165.128s][info][gc,heap     ] GC(326) Old regions: 20->20
[2026-03-25T22:11:19.917+0900][165.128s][info][gc,heap     ] GC(326) Archive regions: 2->2
[2026-03-25T22:11:19.917+0900][165.128s][info][gc,heap     ] GC(326) Humongous regions: 24->24
[2026-03-25T22:11:19.917+0900][165.128s][info][gc,metaspace] GC(326) Metaspace: 104197K(105216K)->104197K(105216K) NonClass: 88929K(89472K)->88929K(89472K) Class: 15268K(15744K)->15268K(15744K)
[2026-03-25T22:11:19.917+0900][165.128s][info][gc          ] GC(326) Pause Young (Normal) (G1 Evacuation Pause) 214M->178M(256M) 0.809ms
[2026-03-25T22:11:19.917+0900][165.128s][info][gc,cpu      ] GC(326) User=0.00s Sys=0.00s Real=0.00s
[2026-03-25T22:11:20.046+0900][165.258s][info][gc,start    ] GC(327) Pause Young (Normal) (G1 Evacuation Pause)
[2026-03-25T22:11:20.046+0900][165.258s][info][gc,task     ] GC(327) Using 8 workers of 10 for evacuation
[2026-03-25T22:11:20.047+0900][165.258s][info][gc,phases   ] GC(327)   Pre Evacuate Collection Set: 0.0ms
[2026-03-25T22:11:20.047+0900][165.258s][info][gc,phases   ] GC(327)   Merge Heap Roots: 0.0ms
[2026-03-25T22:11:20.047+0900][165.258s][info][gc,phases   ] GC(327)   Evacuate Collection Set: 0.5ms
[2026-03-25T22:11:20.047+0900][165.258s][info][gc,phases   ] GC(327)   Post Evacuate Collection Set: 0.1ms
[2026-03-25T22:11:20.047+0900][165.258s][info][gc,phases   ] GC(327)   Other: 0.1ms
[2026-03-25T22:11:20.047+0900][165.258s][info][gc,heap     ] GC(327) Eden regions: 9->0(9)
[2026-03-25T22:11:20.047+0900][165.258s][info][gc,heap     ] GC(327) Survivor regions: 1->1(2)
[2026-03-25T22:11:20.047+0900][165.258s][info][gc,heap     ] GC(327) Old regions: 20->20
[2026-03-25T22:11:20.047+0900][165.258s][info][gc,heap     ] GC(327) Archive regions: 2->2
[2026-03-25T22:11:20.047+0900][165.258s][info][gc,heap     ] GC(327) Humongous regions: 24->24
[2026-03-25T22:11:20.047+0900][165.258s][info][gc,metaspace] GC(327) Metaspace: 104197K(105216K)->104197K(105216K) NonClass: 88929K(89472K)->88929K(89472K) Class: 15268K(15744K)->15268K(15744K)
[2026-03-25T22:11:20.047+0900][165.258s][info][gc          ] GC(327) Pause Young (Normal) (G1 Evacuation Pause) 214M->179M(256M) 0.797ms
[2026-03-25T22:11:20.047+0900][165.258s][info][gc,cpu      ] GC(327) User=0.00s Sys=0.01s Real=0.00s
[2026-03-25T22:11:20.283+0900][165.495s][info][gc,start    ] GC(328) Pause Young (Normal) (G1 Evacuation Pause)
[2026-03-25T22:11:20.284+0900][165.495s][info][gc,task     ] GC(328) Using 8 workers of 10 for evacuation
[2026-03-25T22:11:20.284+0900][165.495s][info][gc,phases   ] GC(328)   Pre Evacuate Collection Set: 0.0ms
[2026-03-25T22:11:20.284+0900][165.495s][info][gc,phases   ] GC(328)   Merge Heap Roots: 0.0ms
[2026-03-25T22:11:20.284+0900][165.495s][info][gc,phases   ] GC(328)   Evacuate Collection Set: 0.4ms
[2026-03-25T22:11:20.284+0900][165.495s][info][gc,phases   ] GC(328)   Post Evacuate Collection Set: 0.2ms
[2026-03-25T22:11:20.284+0900][165.495s][info][gc,phases   ] GC(328)   Other: 0.1ms
[2026-03-25T22:11:20.284+0900][165.495s][info][gc,heap     ] GC(328) Eden regions: 9->0(9)
[2026-03-25T22:11:20.284+0900][165.495s][info][gc,heap     ] GC(328) Survivor regions: 1->1(2)
[2026-03-25T22:11:20.284+0900][165.495s][info][gc,heap     ] GC(328) Old regions: 20->20
[2026-03-25T22:11:20.284+0900][165.495s][info][gc,heap     ] GC(328) Archive regions: 2->2
[2026-03-25T22:11:20.284+0900][165.495s][info][gc,heap     ] GC(328) Humongous regions: 24->24
[2026-03-25T22:11:20.284+0900][165.495s][info][gc,metaspace] GC(328) Metaspace: 104197K(105216K)->104197K(105216K) NonClass: 88929K(89472K)->88929K(89472K) Class: 15268K(15744K)->15268K(15744K)
[2026-03-25T22:11:20.284+0900][165.495s][info][gc          ] GC(328) Pause Young (Normal) (G1 Evacuation Pause) 215M->178M(256M) 0.734ms
[2026-03-25T22:11:20.284+0900][165.496s][info][gc,cpu      ] GC(328) User=0.01s Sys=0.00s Real=0.00s
[2026-03-25T22:11:20.520+0900][165.731s][info][gc,start    ] GC(329) Pause Young (Normal) (G1 Evacuation Pause)
[2026-03-25T22:11:20.520+0900][165.731s][info][gc,task     ] GC(329) Using 8 workers of 10 for evacuation
[2026-03-25T22:11:20.521+0900][165.732s][info][gc,phases   ] GC(329)   Pre Evacuate Collection Set: 0.1ms
[2026-03-25T22:11:20.521+0900][165.732s][info][gc,phases   ] GC(329)   Merge Heap Roots: 0.1ms
[2026-03-25T22:11:20.521+0900][165.732s][info][gc,phases   ] GC(329)   Evacuate Collection Set: 0.4ms
[2026-03-25T22:11:20.521+0900][165.732s][info][gc,phases   ] GC(329)   Post Evacuate Collection Set: 0.2ms
[2026-03-25T22:11:20.521+0900][165.732s][info][gc,phases   ] GC(329)   Other: 0.1ms
[2026-03-25T22:11:20.521+0900][165.732s][info][gc,heap     ] GC(329) Eden regions: 9->0(9)
[2026-03-25T22:11:20.521+0900][165.732s][info][gc,heap     ] GC(329) Survivor regions: 1->1(2)
[2026-03-25T22:11:20.521+0900][165.732s][info][gc,heap     ] GC(329) Old regions: 20->20
[2026-03-25T22:11:20.521+0900][165.732s][info][gc,heap     ] GC(329) Archive regions: 2->2
[2026-03-25T22:11:20.521+0900][165.732s][info][gc,heap     ] GC(329) Humongous regions: 24->24
[2026-03-25T22:11:20.521+0900][165.732s][info][gc,metaspace] GC(329) Metaspace: 104197K(105216K)->104197K(105216K) NonClass: 88929K(89472K)->88929K(89472K) Class: 15268K(15744K)->15268K(15744K)
[2026-03-25T22:11:20.521+0900][165.732s][info][gc          ] GC(329) Pause Young (Normal) (G1 Evacuation Pause) 214M->178M(256M) 0.748ms
[2026-03-25T22:11:20.521+0900][165.732s][info][gc,cpu      ] GC(329) User=0.00s Sys=0.00s Real=0.00s
[2026-03-25T22:11:20.663+0900][165.874s][info][gc,start    ] GC(330) Pause Young (Normal) (G1 Evacuation Pause)
[2026-03-25T22:11:20.663+0900][165.874s][info][gc,task     ] GC(330) Using 8 workers of 10 for evacuation
[2026-03-25T22:11:20.664+0900][165.875s][info][gc,phases   ] GC(330)   Pre Evacuate Collection Set: 0.0ms
[2026-03-25T22:11:20.664+0900][165.875s][info][gc,phases   ] GC(330)   Merge Heap Roots: 0.0ms
[2026-03-25T22:11:20.664+0900][165.875s][info][gc,phases   ] GC(330)   Evacuate Collection Set: 0.5ms
[2026-03-25T22:11:20.664+0900][165.875s][info][gc,phases   ] GC(330)   Post Evacuate Collection Set: 0.1ms
[2026-03-25T22:11:20.664+0900][165.875s][info][gc,phases   ] GC(330)   Other: 0.1ms
[2026-03-25T22:11:20.664+0900][165.875s][info][gc,heap     ] GC(330) Eden regions: 9->0(9)
[2026-03-25T22:11:20.664+0900][165.875s][info][gc,heap     ] GC(330) Survivor regions: 1->1(2)
[2026-03-25T22:11:20.664+0900][165.875s][info][gc,heap     ] GC(330) Old regions: 20->20
[2026-03-25T22:11:20.664+0900][165.875s][info][gc,heap     ] GC(330) Archive regions: 2->2
[2026-03-25T22:11:20.664+0900][165.875s][info][gc,heap     ] GC(330) Humongous regions: 24->24
[2026-03-25T22:11:20.664+0900][165.875s][info][gc,metaspace] GC(330) Metaspace: 104197K(105216K)->104197K(105216K) NonClass: 88929K(89472K)->88929K(89472K) Class: 15268K(15744K)->15268K(15744K)
[2026-03-25T22:11:20.664+0900][165.875s][info][gc          ] GC(330) Pause Young (Normal) (G1 Evacuation Pause) 214M->179M(256M) 0.815ms
[2026-03-25T22:11:20.664+0900][165.875s][info][gc,cpu      ] GC(330) User=0.00s Sys=0.00s Real=0.00s
[2026-03-25T22:11:20.921+0900][166.132s][info][gc,start    ] GC(331) Pause Young (Normal) (G1 Evacuation Pause)
[2026-03-25T22:11:20.921+0900][166.132s][info][gc,task     ] GC(331) Using 8 workers of 10 for evacuation
[2026-03-25T22:11:20.922+0900][166.133s][info][gc,phases   ] GC(331)   Pre Evacuate Collection Set: 0.1ms
[2026-03-25T22:11:20.922+0900][166.133s][info][gc,phases   ] GC(331)   Merge Heap Roots: 0.0ms
[2026-03-25T22:11:20.922+0900][166.133s][info][gc,phases   ] GC(331)   Evacuate Collection Set: 0.3ms
[2026-03-25T22:11:20.922+0900][166.133s][info][gc,phases   ] GC(331)   Post Evacuate Collection Set: 0.2ms
[2026-03-25T22:11:20.922+0900][166.133s][info][gc,phases   ] GC(331)   Other: 0.1ms
[2026-03-25T22:11:20.922+0900][166.133s][info][gc,heap     ] GC(331) Eden regions: 9->0(9)
[2026-03-25T22:11:20.922+0900][166.133s][info][gc,heap     ] GC(331) Survivor regions: 1->1(2)
[2026-03-25T22:11:20.922+0900][166.133s][info][gc,heap     ] GC(331) Old regions: 20->20
[2026-03-25T22:11:20.922+0900][166.133s][info][gc,heap     ] GC(331) Archive regions: 2->2
[2026-03-25T22:11:20.922+0900][166.133s][info][gc,heap     ] GC(331) Humongous regions: 24->24
[2026-03-25T22:11:20.922+0900][166.133s][info][gc,metaspace] GC(331) Metaspace: 104197K(105216K)->104197K(105216K) NonClass: 88929K(89472K)->88929K(89472K) Class: 15268K(15744K)->15268K(15744K)
[2026-03-25T22:11:20.922+0900][166.133s][info][gc          ] GC(331) Pause Young (Normal) (G1 Evacuation Pause) 215M->178M(256M) 0.756ms
[2026-03-25T22:11:20.922+0900][166.133s][info][gc,cpu      ] GC(331) User=0.00s Sys=0.00s Real=0.00s
[2026-03-25T22:11:21.112+0900][166.324s][info][gc,start    ] GC(332) Pause Young (Normal) (G1 Evacuation Pause)
[2026-03-25T22:11:21.112+0900][166.324s][info][gc,task     ] GC(332) Using 8 workers of 10 for evacuation
[2026-03-25T22:11:21.113+0900][166.324s][info][gc,phases   ] GC(332)   Pre Evacuate Collection Set: 0.0ms
[2026-03-25T22:11:21.113+0900][166.324s][info][gc,phases   ] GC(332)   Merge Heap Roots: 0.0ms
[2026-03-25T22:11:21.113+0900][166.324s][info][gc,phases   ] GC(332)   Evacuate Collection Set: 0.4ms
[2026-03-25T22:11:21.113+0900][166.324s][info][gc,phases   ] GC(332)   Post Evacuate Collection Set: 0.1ms
[2026-03-25T22:11:21.113+0900][166.324s][info][gc,phases   ] GC(332)   Other: 0.1ms
[2026-03-25T22:11:21.113+0900][166.324s][info][gc,heap     ] GC(332) Eden regions: 9->0(9)
[2026-03-25T22:11:21.113+0900][166.324s][info][gc,heap     ] GC(332) Survivor regions: 1->1(2)
[2026-03-25T22:11:21.113+0900][166.324s][info][gc,heap     ] GC(332) Old regions: 20->20
[2026-03-25T22:11:21.113+0900][166.324s][info][gc,heap     ] GC(332) Archive regions: 2->2
[2026-03-25T22:11:21.113+0900][166.324s][info][gc,heap     ] GC(332) Humongous regions: 24->24
[2026-03-25T22:11:21.113+0900][166.324s][info][gc,metaspace] GC(332) Metaspace: 104197K(105216K)->104197K(105216K) NonClass: 88929K(89472K)->88929K(89472K) Class: 15268K(15744K)->15268K(15744K)
[2026-03-25T22:11:21.113+0900][166.324s][info][gc          ] GC(332) Pause Young (Normal) (G1 Evacuation Pause) 214M->179M(256M) 0.767ms
[2026-03-25T22:11:21.113+0900][166.324s][info][gc,cpu      ] GC(332) User=0.00s Sys=0.00s Real=0.00s
[2026-03-25T22:11:21.374+0900][166.585s][info][gc,start    ] GC(333) Pause Young (Normal) (G1 Evacuation Pause)
[2026-03-25T22:11:21.374+0900][166.585s][info][gc,task     ] GC(333) Using 8 workers of 10 for evacuation
[2026-03-25T22:11:21.375+0900][166.586s][info][gc,phases   ] GC(333)   Pre Evacuate Collection Set: 0.0ms
[2026-03-25T22:11:21.375+0900][166.586s][info][gc,phases   ] GC(333)   Merge Heap Roots: 0.0ms
[2026-03-25T22:11:21.375+0900][166.586s][info][gc,phases   ] GC(333)   Evacuate Collection Set: 0.4ms
[2026-03-25T22:11:21.375+0900][166.586s][info][gc,phases   ] GC(333)   Post Evacuate Collection Set: 0.2ms
[2026-03-25T22:11:21.375+0900][166.586s][info][gc,phases   ] GC(333)   Other: 0.1ms
[2026-03-25T22:11:21.375+0900][166.586s][info][gc,heap     ] GC(333) Eden regions: 9->0(9)
[2026-03-25T22:11:21.375+0900][166.586s][info][gc,heap     ] GC(333) Survivor regions: 1->1(2)
[2026-03-25T22:11:21.375+0900][166.586s][info][gc,heap     ] GC(333) Old regions: 20->20
[2026-03-25T22:11:21.375+0900][166.586s][info][gc,heap     ] GC(333) Archive regions: 2->2
[2026-03-25T22:11:21.375+0900][166.586s][info][gc,heap     ] GC(333) Humongous regions: 24->24
[2026-03-25T22:11:21.375+0900][166.586s][info][gc,metaspace] GC(333) Metaspace: 104197K(105216K)->104197K(105216K) NonClass: 88929K(89472K)->88929K(89472K) Class: 15268K(15744K)->15268K(15744K)
[2026-03-25T22:11:21.375+0900][166.586s][info][gc          ] GC(333) Pause Young (Normal) (G1 Evacuation Pause) 215M->178M(256M) 0.792ms
[2026-03-25T22:11:21.375+0900][166.586s][info][gc,cpu      ] GC(333) User=0.00s Sys=0.00s Real=0.00s
[2026-03-25T22:11:21.545+0900][166.757s][info][gc,start    ] GC(334) Pause Young (Normal) (G1 Evacuation Pause)
[2026-03-25T22:11:21.545+0900][166.757s][info][gc,task     ] GC(334) Using 8 workers of 10 for evacuation
[2026-03-25T22:11:21.546+0900][166.757s][info][gc,phases   ] GC(334)   Pre Evacuate Collection Set: 0.0ms
[2026-03-25T22:11:21.546+0900][166.757s][info][gc,phases   ] GC(334)   Merge Heap Roots: 0.0ms
[2026-03-25T22:11:21.546+0900][166.757s][info][gc,phases   ] GC(334)   Evacuate Collection Set: 0.3ms
[2026-03-25T22:11:21.546+0900][166.757s][info][gc,phases   ] GC(334)   Post Evacuate Collection Set: 0.1ms
[2026-03-25T22:11:21.546+0900][166.757s][info][gc,phases   ] GC(334)   Other: 0.1ms
[2026-03-25T22:11:21.546+0900][166.757s][info][gc,heap     ] GC(334) Eden regions: 9->0(9)
[2026-03-25T22:11:21.546+0900][166.757s][info][gc,heap     ] GC(334) Survivor regions: 1->1(2)
[2026-03-25T22:11:21.546+0900][166.757s][info][gc,heap     ] GC(334) Old regions: 20->20
[2026-03-25T22:11:21.546+0900][166.757s][info][gc,heap     ] GC(334) Archive regions: 2->2
[2026-03-25T22:11:21.546+0900][166.757s][info][gc,heap     ] GC(334) Humongous regions: 24->24
[2026-03-25T22:11:21.546+0900][166.757s][info][gc,metaspace] GC(334) Metaspace: 104197K(105216K)->104197K(105216K) NonClass: 88929K(89472K)->88929K(89472K) Class: 15268K(15744K)->15268K(15744K)
[2026-03-25T22:11:21.546+0900][166.757s][info][gc          ] GC(334) Pause Young (Normal) (G1 Evacuation Pause) 214M->178M(256M) 0.671ms
[2026-03-25T22:11:21.546+0900][166.757s][info][gc,cpu      ] GC(334) User=0.00s Sys=0.00s Real=0.00s
[2026-03-25T22:11:21.758+0900][166.970s][info][gc,start    ] GC(335) Pause Young (Normal) (G1 Evacuation Pause)
[2026-03-25T22:11:21.758+0900][166.970s][info][gc,task     ] GC(335) Using 8 workers of 10 for evacuation
[2026-03-25T22:11:21.759+0900][166.970s][info][gc,phases   ] GC(335)   Pre Evacuate Collection Set: 0.1ms
[2026-03-25T22:11:21.759+0900][166.970s][info][gc,phases   ] GC(335)   Merge Heap Roots: 0.0ms
[2026-03-25T22:11:21.759+0900][166.970s][info][gc,phases   ] GC(335)   Evacuate Collection Set: 0.4ms
[2026-03-25T22:11:21.759+0900][166.970s][info][gc,phases   ] GC(335)   Post Evacuate Collection Set: 0.2ms
[2026-03-25T22:11:21.759+0900][166.970s][info][gc,phases   ] GC(335)   Other: 0.1ms
[2026-03-25T22:11:21.759+0900][166.970s][info][gc,heap     ] GC(335) Eden regions: 9->0(9)
[2026-03-25T22:11:21.759+0900][166.970s][info][gc,heap     ] GC(335) Survivor regions: 1->1(2)
[2026-03-25T22:11:21.759+0900][166.970s][info][gc,heap     ] GC(335) Old regions: 20->20
[2026-03-25T22:11:21.759+0900][166.970s][info][gc,heap     ] GC(335) Archive regions: 2->2
[2026-03-25T22:11:21.759+0900][166.970s][info][gc,heap     ] GC(335) Humongous regions: 24->24
[2026-03-25T22:11:21.759+0900][166.970s][info][gc,metaspace] GC(335) Metaspace: 104197K(105216K)->104197K(105216K) NonClass: 88929K(89472K)->88929K(89472K) Class: 15268K(15744K)->15268K(15744K)
[2026-03-25T22:11:21.759+0900][166.970s][info][gc          ] GC(335) Pause Young (Normal) (G1 Evacuation Pause) 214M->179M(256M) 0.786ms
[2026-03-25T22:11:21.759+0900][166.970s][info][gc,cpu      ] GC(335) User=0.01s Sys=0.00s Real=0.00s
[2026-03-25T22:11:21.931+0900][167.142s][info][gc,start    ] GC(336) Pause Young (Normal) (G1 Evacuation Pause)
[2026-03-25T22:11:21.931+0900][167.142s][info][gc,task     ] GC(336) Using 8 workers of 10 for evacuation
[2026-03-25T22:11:21.932+0900][167.143s][info][gc,phases   ] GC(336)   Pre Evacuate Collection Set: 0.0ms
[2026-03-25T22:11:21.932+0900][167.143s][info][gc,phases   ] GC(336)   Merge Heap Roots: 0.0ms
[2026-03-25T22:11:21.932+0900][167.143s][info][gc,phases   ] GC(336)   Evacuate Collection Set: 0.4ms
[2026-03-25T22:11:21.932+0900][167.143s][info][gc,phases   ] GC(336)   Post Evacuate Collection Set: 0.1ms
[2026-03-25T22:11:21.932+0900][167.143s][info][gc,phases   ] GC(336)   Other: 0.1ms
[2026-03-25T22:11:21.932+0900][167.143s][info][gc,heap     ] GC(336) Eden regions: 9->0(9)
[2026-03-25T22:11:21.932+0900][167.143s][info][gc,heap     ] GC(336) Survivor regions: 1->1(2)
[2026-03-25T22:11:21.932+0900][167.143s][info][gc,heap     ] GC(336) Old regions: 20->20
[2026-03-25T22:11:21.932+0900][167.143s][info][gc,heap     ] GC(336) Archive regions: 2->2
[2026-03-25T22:11:21.932+0900][167.143s][info][gc,heap     ] GC(336) Humongous regions: 24->24
[2026-03-25T22:11:21.932+0900][167.143s][info][gc,metaspace] GC(336) Metaspace: 104197K(105216K)->104197K(105216K) NonClass: 88929K(89472K)->88929K(89472K) Class: 15268K(15744K)->15268K(15744K)
[2026-03-25T22:11:21.932+0900][167.143s][info][gc          ] GC(336) Pause Young (Normal) (G1 Evacuation Pause) 215M->179M(256M) 0.725ms
[2026-03-25T22:11:21.932+0900][167.143s][info][gc,cpu      ] GC(336) User=0.01s Sys=0.01s Real=0.00s
[2026-03-25T22:11:22.131+0900][167.342s][info][gc,start    ] GC(337) Pause Young (Normal) (G1 Evacuation Pause)
[2026-03-25T22:11:22.131+0900][167.342s][info][gc,task     ] GC(337) Using 8 workers of 10 for evacuation
[2026-03-25T22:11:22.132+0900][167.343s][info][gc,phases   ] GC(337)   Pre Evacuate Collection Set: 0.0ms
[2026-03-25T22:11:22.132+0900][167.343s][info][gc,phases   ] GC(337)   Merge Heap Roots: 0.0ms
[2026-03-25T22:11:22.132+0900][167.343s][info][gc,phases   ] GC(337)   Evacuate Collection Set: 0.4ms
[2026-03-25T22:11:22.132+0900][167.343s][info][gc,phases   ] GC(337)   Post Evacuate Collection Set: 0.2ms
[2026-03-25T22:11:22.132+0900][167.343s][info][gc,phases   ] GC(337)   Other: 0.1ms
[2026-03-25T22:11:22.132+0900][167.343s][info][gc,heap     ] GC(337) Eden regions: 9->0(9)
[2026-03-25T22:11:22.132+0900][167.343s][info][gc,heap     ] GC(337) Survivor regions: 1->1(2)
[2026-03-25T22:11:22.132+0900][167.343s][info][gc,heap     ] GC(337) Old regions: 20->20
[2026-03-25T22:11:22.132+0900][167.343s][info][gc,heap     ] GC(337) Archive regions: 2->2
[2026-03-25T22:11:22.132+0900][167.343s][info][gc,heap     ] GC(337) Humongous regions: 24->24
[2026-03-25T22:11:22.132+0900][167.343s][info][gc,metaspace] GC(337) Metaspace: 104197K(105216K)->104197K(105216K) NonClass: 88929K(89472K)->88929K(89472K) Class: 15268K(15744K)->15268K(15744K)
[2026-03-25T22:11:22.132+0900][167.343s][info][gc          ] GC(337) Pause Young (Normal) (G1 Evacuation Pause) 215M->179M(256M) 0.694ms
[2026-03-25T22:11:22.132+0900][167.343s][info][gc,cpu      ] GC(337) User=0.01s Sys=0.00s Real=0.00s
[2026-03-25T22:11:22.413+0900][167.624s][info][gc,start    ] GC(338) Pause Young (Normal) (G1 Evacuation Pause)
[2026-03-25T22:11:22.413+0900][167.624s][info][gc,task     ] GC(338) Using 8 workers of 10 for evacuation
[2026-03-25T22:11:22.414+0900][167.625s][info][gc,phases   ] GC(338)   Pre Evacuate Collection Set: 0.0ms
[2026-03-25T22:11:22.414+0900][167.625s][info][gc,phases   ] GC(338)   Merge Heap Roots: 0.0ms
[2026-03-25T22:11:22.414+0900][167.625s][info][gc,phases   ] GC(338)   Evacuate Collection Set: 0.4ms
[2026-03-25T22:11:22.414+0900][167.625s][info][gc,phases   ] GC(338)   Post Evacuate Collection Set: 0.1ms
[2026-03-25T22:11:22.414+0900][167.625s][info][gc,phases   ] GC(338)   Other: 0.1ms
[2026-03-25T22:11:22.414+0900][167.625s][info][gc,heap     ] GC(338) Eden regions: 9->0(9)
[2026-03-25T22:11:22.414+0900][167.625s][info][gc,heap     ] GC(338) Survivor regions: 1->1(2)
[2026-03-25T22:11:22.414+0900][167.625s][info][gc,heap     ] GC(338) Old regions: 20->20
[2026-03-25T22:11:22.414+0900][167.625s][info][gc,heap     ] GC(338) Archive regions: 2->2
[2026-03-25T22:11:22.414+0900][167.625s][info][gc,heap     ] GC(338) Humongous regions: 24->24
[2026-03-25T22:11:22.414+0900][167.625s][info][gc,metaspace] GC(338) Metaspace: 104197K(105216K)->104197K(105216K) NonClass: 88929K(89472K)->88929K(89472K) Class: 15268K(15744K)->15268K(15744K)
[2026-03-25T22:11:22.414+0900][167.625s][info][gc          ] GC(338) Pause Young (Normal) (G1 Evacuation Pause) 215M->179M(256M) 0.736ms
[2026-03-25T22:11:22.414+0900][167.625s][info][gc,cpu      ] GC(338) User=0.01s Sys=0.00s Real=0.00s
[2026-03-25T22:11:22.634+0900][167.846s][info][gc,start    ] GC(339) Pause Young (Normal) (G1 Evacuation Pause)
[2026-03-25T22:11:22.634+0900][167.846s][info][gc,task     ] GC(339) Using 8 workers of 10 for evacuation
[2026-03-25T22:11:22.635+0900][167.846s][info][gc,phases   ] GC(339)   Pre Evacuate Collection Set: 0.0ms
[2026-03-25T22:11:22.635+0900][167.846s][info][gc,phases   ] GC(339)   Merge Heap Roots: 0.0ms
[2026-03-25T22:11:22.635+0900][167.846s][info][gc,phases   ] GC(339)   Evacuate Collection Set: 0.4ms
[2026-03-25T22:11:22.635+0900][167.846s][info][gc,phases   ] GC(339)   Post Evacuate Collection Set: 0.2ms
[2026-03-25T22:11:22.635+0900][167.846s][info][gc,phases   ] GC(339)   Other: 0.1ms
[2026-03-25T22:11:22.635+0900][167.846s][info][gc,heap     ] GC(339) Eden regions: 9->0(9)
[2026-03-25T22:11:22.635+0900][167.846s][info][gc,heap     ] GC(339) Survivor regions: 1->1(2)
[2026-03-25T22:11:22.635+0900][167.846s][info][gc,heap     ] GC(339) Old regions: 20->20
[2026-03-25T22:11:22.635+0900][167.846s][info][gc,heap     ] GC(339) Archive regions: 2->2
[2026-03-25T22:11:22.635+0900][167.846s][info][gc,heap     ] GC(339) Humongous regions: 24->24
[2026-03-25T22:11:22.635+0900][167.846s][info][gc,metaspace] GC(339) Metaspace: 104197K(105216K)->104197K(105216K) NonClass: 88929K(89472K)->88929K(89472K) Class: 15268K(15744K)->15268K(15744K)
[2026-03-25T22:11:22.635+0900][167.846s][info][gc          ] GC(339) Pause Young (Normal) (G1 Evacuation Pause) 215M->179M(256M) 0.761ms
[2026-03-25T22:11:22.635+0900][167.846s][info][gc,cpu      ] GC(339) User=0.00s Sys=0.00s Real=0.00s
[2026-03-25T22:11:22.826+0900][168.037s][info][gc,start    ] GC(340) Pause Young (Normal) (G1 Evacuation Pause)
[2026-03-25T22:11:22.826+0900][168.037s][info][gc,task     ] GC(340) Using 8 workers of 10 for evacuation
[2026-03-25T22:11:22.827+0900][168.038s][info][gc,phases   ] GC(340)   Pre Evacuate Collection Set: 0.0ms
[2026-03-25T22:11:22.827+0900][168.038s][info][gc,phases   ] GC(340)   Merge Heap Roots: 0.0ms
[2026-03-25T22:11:22.827+0900][168.038s][info][gc,phases   ] GC(340)   Evacuate Collection Set: 0.4ms
[2026-03-25T22:11:22.827+0900][168.038s][info][gc,phases   ] GC(340)   Post Evacuate Collection Set: 0.2ms
[2026-03-25T22:11:22.827+0900][168.038s][info][gc,phases   ] GC(340)   Other: 0.1ms
[2026-03-25T22:11:22.827+0900][168.038s][info][gc,heap     ] GC(340) Eden regions: 9->0(9)
[2026-03-25T22:11:22.827+0900][168.038s][info][gc,heap     ] GC(340) Survivor regions: 1->1(2)
[2026-03-25T22:11:22.827+0900][168.038s][info][gc,heap     ] GC(340) Old regions: 20->20
[2026-03-25T22:11:22.827+0900][168.038s][info][gc,heap     ] GC(340) Archive regions: 2->2
[2026-03-25T22:11:22.827+0900][168.038s][info][gc,heap     ] GC(340) Humongous regions: 24->24
[2026-03-25T22:11:22.827+0900][168.038s][info][gc,metaspace] GC(340) Metaspace: 104197K(105216K)->104197K(105216K) NonClass: 88929K(89472K)->88929K(89472K) Class: 15268K(15744K)->15268K(15744K)
[2026-03-25T22:11:22.827+0900][168.038s][info][gc          ] GC(340) Pause Young (Normal) (G1 Evacuation Pause) 215M->179M(256M) 0.731ms
[2026-03-25T22:11:22.827+0900][168.038s][info][gc,cpu      ] GC(340) User=0.01s Sys=0.00s Real=0.00s
[2026-03-25T22:11:23.008+0900][168.219s][info][gc,start    ] GC(341) Pause Young (Normal) (G1 Evacuation Pause)
[2026-03-25T22:11:23.008+0900][168.219s][info][gc,task     ] GC(341) Using 8 workers of 10 for evacuation
[2026-03-25T22:11:23.008+0900][168.220s][info][gc,phases   ] GC(341)   Pre Evacuate Collection Set: 0.0ms
[2026-03-25T22:11:23.008+0900][168.220s][info][gc,phases   ] GC(341)   Merge Heap Roots: 0.0ms
[2026-03-25T22:11:23.008+0900][168.220s][info][gc,phases   ] GC(341)   Evacuate Collection Set: 0.4ms
[2026-03-25T22:11:23.008+0900][168.220s][info][gc,phases   ] GC(341)   Post Evacuate Collection Set: 0.2ms
[2026-03-25T22:11:23.008+0900][168.220s][info][gc,phases   ] GC(341)   Other: 0.1ms
[2026-03-25T22:11:23.008+0900][168.220s][info][gc,heap     ] GC(341) Eden regions: 9->0(9)
[2026-03-25T22:11:23.008+0900][168.220s][info][gc,heap     ] GC(341) Survivor regions: 1->1(2)
[2026-03-25T22:11:23.008+0900][168.220s][info][gc,heap     ] GC(341) Old regions: 20->20
[2026-03-25T22:11:23.008+0900][168.220s][info][gc,heap     ] GC(341) Archive regions: 2->2
[2026-03-25T22:11:23.008+0900][168.220s][info][gc,heap     ] GC(341) Humongous regions: 24->24
[2026-03-25T22:11:23.008+0900][168.220s][info][gc,metaspace] GC(341) Metaspace: 104197K(105216K)->104197K(105216K) NonClass: 88929K(89472K)->88929K(89472K) Class: 15268K(15744K)->15268K(15744K)
[2026-03-25T22:11:23.008+0900][168.220s][info][gc          ] GC(341) Pause Young (Normal) (G1 Evacuation Pause) 215M->179M(256M) 0.743ms
[2026-03-25T22:11:23.008+0900][168.220s][info][gc,cpu      ] GC(341) User=0.00s Sys=0.01s Real=0.00s
[2026-03-25T22:11:23.239+0900][168.450s][info][gc,start    ] GC(342) Pause Young (Normal) (G1 Evacuation Pause)
[2026-03-25T22:11:23.239+0900][168.450s][info][gc,task     ] GC(342) Using 8 workers of 10 for evacuation
[2026-03-25T22:11:23.240+0900][168.451s][info][gc,phases   ] GC(342)   Pre Evacuate Collection Set: 0.1ms
[2026-03-25T22:11:23.240+0900][168.451s][info][gc,phases   ] GC(342)   Merge Heap Roots: 0.1ms
[2026-03-25T22:11:23.240+0900][168.451s][info][gc,phases   ] GC(342)   Evacuate Collection Set: 0.4ms
[2026-03-25T22:11:23.240+0900][168.451s][info][gc,phases   ] GC(342)   Post Evacuate Collection Set: 0.2ms
[2026-03-25T22:11:23.240+0900][168.451s][info][gc,phases   ] GC(342)   Other: 0.1ms
[2026-03-25T22:11:23.240+0900][168.451s][info][gc,heap     ] GC(342) Eden regions: 9->0(9)
[2026-03-25T22:11:23.240+0900][168.451s][info][gc,heap     ] GC(342) Survivor regions: 1->1(2)
[2026-03-25T22:11:23.240+0900][168.451s][info][gc,heap     ] GC(342) Old regions: 20->20
[2026-03-25T22:11:23.240+0900][168.451s][info][gc,heap     ] GC(342) Archive regions: 2->2
[2026-03-25T22:11:23.240+0900][168.451s][info][gc,heap     ] GC(342) Humongous regions: 24->24
[2026-03-25T22:11:23.240+0900][168.451s][info][gc,metaspace] GC(342) Metaspace: 104197K(105216K)->104197K(105216K) NonClass: 88929K(89472K)->88929K(89472K) Class: 15268K(15744K)->15268K(15744K)
[2026-03-25T22:11:23.240+0900][168.451s][info][gc          ] GC(342) Pause Young (Normal) (G1 Evacuation Pause) 215M->179M(256M) 0.797ms
[2026-03-25T22:11:23.240+0900][168.451s][info][gc,cpu      ] GC(342) User=0.01s Sys=0.00s Real=0.01s
[2026-03-25T22:11:23.473+0900][168.684s][info][gc,start    ] GC(343) Pause Young (Normal) (G1 Evacuation Pause)
[2026-03-25T22:11:23.473+0900][168.684s][info][gc,task     ] GC(343) Using 8 workers of 10 for evacuation
[2026-03-25T22:11:23.473+0900][168.685s][info][gc,phases   ] GC(343)   Pre Evacuate Collection Set: 0.1ms
[2026-03-25T22:11:23.473+0900][168.685s][info][gc,phases   ] GC(343)   Merge Heap Roots: 0.0ms
[2026-03-25T22:11:23.473+0900][168.685s][info][gc,phases   ] GC(343)   Evacuate Collection Set: 0.5ms
[2026-03-25T22:11:23.473+0900][168.685s][info][gc,phases   ] GC(343)   Post Evacuate Collection Set: 0.2ms
[2026-03-25T22:11:23.473+0900][168.685s][info][gc,phases   ] GC(343)   Other: 0.1ms
[2026-03-25T22:11:23.473+0900][168.685s][info][gc,heap     ] GC(343) Eden regions: 9->0(9)
[2026-03-25T22:11:23.473+0900][168.685s][info][gc,heap     ] GC(343) Survivor regions: 1->1(2)
[2026-03-25T22:11:23.473+0900][168.685s][info][gc,heap     ] GC(343) Old regions: 20->20
[2026-03-25T22:11:23.473+0900][168.685s][info][gc,heap     ] GC(343) Archive regions: 2->2
[2026-03-25T22:11:23.473+0900][168.685s][info][gc,heap     ] GC(343) Humongous regions: 24->24
[2026-03-25T22:11:23.473+0900][168.685s][info][gc,metaspace] GC(343) Metaspace: 104197K(105216K)->104197K(105216K) NonClass: 88929K(89472K)->88929K(89472K) Class: 15268K(15744K)->15268K(15744K)
[2026-03-25T22:11:23.473+0900][168.685s][info][gc          ] GC(343) Pause Young (Normal) (G1 Evacuation Pause) 215M->179M(256M) 0.936ms
[2026-03-25T22:11:23.474+0900][168.685s][info][gc,cpu      ] GC(343) User=0.01s Sys=0.00s Real=0.00s
[2026-03-25T22:11:23.688+0900][168.899s][info][gc,start    ] GC(344) Pause Young (Normal) (G1 Evacuation Pause)
[2026-03-25T22:11:23.688+0900][168.899s][info][gc,task     ] GC(344) Using 8 workers of 10 for evacuation
[2026-03-25T22:11:23.689+0900][168.900s][info][gc,phases   ] GC(344)   Pre Evacuate Collection Set: 0.0ms
[2026-03-25T22:11:23.689+0900][168.900s][info][gc,phases   ] GC(344)   Merge Heap Roots: 0.0ms
[2026-03-25T22:11:23.689+0900][168.900s][info][gc,phases   ] GC(344)   Evacuate Collection Set: 0.5ms
[2026-03-25T22:11:23.689+0900][168.900s][info][gc,phases   ] GC(344)   Post Evacuate Collection Set: 0.1ms
[2026-03-25T22:11:23.689+0900][168.900s][info][gc,phases   ] GC(344)   Other: 0.1ms
[2026-03-25T22:11:23.689+0900][168.900s][info][gc,heap     ] GC(344) Eden regions: 9->0(9)
[2026-03-25T22:11:23.689+0900][168.900s][info][gc,heap     ] GC(344) Survivor regions: 1->1(2)
[2026-03-25T22:11:23.689+0900][168.900s][info][gc,heap     ] GC(344) Old regions: 20->20
[2026-03-25T22:11:23.689+0900][168.900s][info][gc,heap     ] GC(344) Archive regions: 2->2
[2026-03-25T22:11:23.689+0900][168.900s][info][gc,heap     ] GC(344) Humongous regions: 24->24
[2026-03-25T22:11:23.689+0900][168.900s][info][gc,metaspace] GC(344) Metaspace: 104197K(105216K)->104197K(105216K) NonClass: 88929K(89472K)->88929K(89472K) Class: 15268K(15744K)->15268K(15744K)
[2026-03-25T22:11:23.689+0900][168.900s][info][gc          ] GC(344) Pause Young (Normal) (G1 Evacuation Pause) 215M->179M(256M) 0.805ms
[2026-03-25T22:11:23.689+0900][168.900s][info][gc,cpu      ] GC(344) User=0.00s Sys=0.00s Real=0.00s
[2026-03-25T22:11:23.832+0900][169.043s][info][gc,start    ] GC(345) Pause Young (Normal) (G1 Evacuation Pause)
[2026-03-25T22:11:23.832+0900][169.043s][info][gc,task     ] GC(345) Using 8 workers of 10 for evacuation
[2026-03-25T22:11:23.832+0900][169.044s][info][gc,phases   ] GC(345)   Pre Evacuate Collection Set: 0.0ms
[2026-03-25T22:11:23.832+0900][169.044s][info][gc,phases   ] GC(345)   Merge Heap Roots: 0.0ms
[2026-03-25T22:11:23.832+0900][169.044s][info][gc,phases   ] GC(345)   Evacuate Collection Set: 0.4ms
[2026-03-25T22:11:23.832+0900][169.044s][info][gc,phases   ] GC(345)   Post Evacuate Collection Set: 0.1ms
[2026-03-25T22:11:23.832+0900][169.044s][info][gc,phases   ] GC(345)   Other: 0.1ms
[2026-03-25T22:11:23.832+0900][169.044s][info][gc,heap     ] GC(345) Eden regions: 9->0(9)
[2026-03-25T22:11:23.832+0900][169.044s][info][gc,heap     ] GC(345) Survivor regions: 1->1(2)
[2026-03-25T22:11:23.832+0900][169.044s][info][gc,heap     ] GC(345) Old regions: 20->20
[2026-03-25T22:11:23.832+0900][169.044s][info][gc,heap     ] GC(345) Archive regions: 2->2
[2026-03-25T22:11:23.832+0900][169.044s][info][gc,heap     ] GC(345) Humongous regions: 24->24
[2026-03-25T22:11:23.832+0900][169.044s][info][gc,metaspace] GC(345) Metaspace: 104197K(105216K)->104197K(105216K) NonClass: 88929K(89472K)->88929K(89472K) Class: 15268K(15744K)->15268K(15744K)
[2026-03-25T22:11:23.832+0900][169.044s][info][gc          ] GC(345) Pause Young (Normal) (G1 Evacuation Pause) 215M->179M(256M) 0.739ms
[2026-03-25T22:11:23.832+0900][169.044s][info][gc,cpu      ] GC(345) User=0.01s Sys=0.00s Real=0.00s
[2026-03-25T22:11:24.017+0900][169.228s][info][gc,start    ] GC(346) Pause Young (Normal) (G1 Evacuation Pause)
[2026-03-25T22:11:24.017+0900][169.228s][info][gc,task     ] GC(346) Using 8 workers of 10 for evacuation
[2026-03-25T22:11:24.018+0900][169.229s][info][gc,phases   ] GC(346)   Pre Evacuate Collection Set: 0.0ms
[2026-03-25T22:11:24.018+0900][169.229s][info][gc,phases   ] GC(346)   Merge Heap Roots: 0.0ms
[2026-03-25T22:11:24.018+0900][169.229s][info][gc,phases   ] GC(346)   Evacuate Collection Set: 0.4ms
[2026-03-25T22:11:24.018+0900][169.229s][info][gc,phases   ] GC(346)   Post Evacuate Collection Set: 0.1ms
[2026-03-25T22:11:24.018+0900][169.229s][info][gc,phases   ] GC(346)   Other: 0.1ms
[2026-03-25T22:11:24.018+0900][169.229s][info][gc,heap     ] GC(346) Eden regions: 9->0(9)
[2026-03-25T22:11:24.018+0900][169.229s][info][gc,heap     ] GC(346) Survivor regions: 1->1(2)
[2026-03-25T22:11:24.018+0900][169.229s][info][gc,heap     ] GC(346) Old regions: 20->20
[2026-03-25T22:11:24.018+0900][169.229s][info][gc,heap     ] GC(346) Archive regions: 2->2
[2026-03-25T22:11:24.018+0900][169.229s][info][gc,heap     ] GC(346) Humongous regions: 24->24
[2026-03-25T22:11:24.018+0900][169.229s][info][gc,metaspace] GC(346) Metaspace: 104197K(105216K)->104197K(105216K) NonClass: 88929K(89472K)->88929K(89472K) Class: 15268K(15744K)->15268K(15744K)
[2026-03-25T22:11:24.018+0900][169.229s][info][gc          ] GC(346) Pause Young (Normal) (G1 Evacuation Pause) 215M->179M(256M) 0.756ms
[2026-03-25T22:11:24.018+0900][169.229s][info][gc,cpu      ] GC(346) User=0.00s Sys=0.00s Real=0.00s
[2026-03-25T22:11:24.214+0900][169.425s][info][gc,start    ] GC(347) Pause Young (Normal) (G1 Evacuation Pause)
[2026-03-25T22:11:24.214+0900][169.425s][info][gc,task     ] GC(347) Using 8 workers of 10 for evacuation
[2026-03-25T22:11:24.214+0900][169.426s][info][gc,phases   ] GC(347)   Pre Evacuate Collection Set: 0.1ms
[2026-03-25T22:11:24.214+0900][169.426s][info][gc,phases   ] GC(347)   Merge Heap Roots: 0.1ms
[2026-03-25T22:11:24.214+0900][169.426s][info][gc,phases   ] GC(347)   Evacuate Collection Set: 0.3ms
[2026-03-25T22:11:24.214+0900][169.426s][info][gc,phases   ] GC(347)   Post Evacuate Collection Set: 0.1ms
[2026-03-25T22:11:24.214+0900][169.426s][info][gc,phases   ] GC(347)   Other: 0.1ms
[2026-03-25T22:11:24.214+0900][169.426s][info][gc,heap     ] GC(347) Eden regions: 9->0(9)
[2026-03-25T22:11:24.214+0900][169.426s][info][gc,heap     ] GC(347) Survivor regions: 1->1(2)
[2026-03-25T22:11:24.214+0900][169.426s][info][gc,heap     ] GC(347) Old regions: 20->20
[2026-03-25T22:11:24.214+0900][169.426s][info][gc,heap     ] GC(347) Archive regions: 2->2
[2026-03-25T22:11:24.214+0900][169.426s][info][gc,heap     ] GC(347) Humongous regions: 24->24
[2026-03-25T22:11:24.214+0900][169.426s][info][gc,metaspace] GC(347) Metaspace: 104197K(105216K)->104197K(105216K) NonClass: 88929K(89472K)->88929K(89472K) Class: 15268K(15744K)->15268K(15744K)
[2026-03-25T22:11:24.214+0900][169.426s][info][gc          ] GC(347) Pause Young (Normal) (G1 Evacuation Pause) 215M->179M(256M) 0.740ms
[2026-03-25T22:11:24.214+0900][169.426s][info][gc,cpu      ] GC(347) User=0.00s Sys=0.00s Real=0.00s
[2026-03-25T22:11:24.449+0900][169.660s][info][gc,start    ] GC(348) Pause Young (Normal) (G1 Evacuation Pause)
[2026-03-25T22:11:24.449+0900][169.660s][info][gc,task     ] GC(348) Using 8 workers of 10 for evacuation
[2026-03-25T22:11:24.449+0900][169.661s][info][gc,phases   ] GC(348)   Pre Evacuate Collection Set: 0.0ms
[2026-03-25T22:11:24.449+0900][169.661s][info][gc,phases   ] GC(348)   Merge Heap Roots: 0.0ms
[2026-03-25T22:11:24.449+0900][169.661s][info][gc,phases   ] GC(348)   Evacuate Collection Set: 0.4ms
[2026-03-25T22:11:24.449+0900][169.661s][info][gc,phases   ] GC(348)   Post Evacuate Collection Set: 0.1ms
[2026-03-25T22:11:24.449+0900][169.661s][info][gc,phases   ] GC(348)   Other: 0.1ms
[2026-03-25T22:11:24.449+0900][169.661s][info][gc,heap     ] GC(348) Eden regions: 9->0(9)
[2026-03-25T22:11:24.449+0900][169.661s][info][gc,heap     ] GC(348) Survivor regions: 1->1(2)
[2026-03-25T22:11:24.449+0900][169.661s][info][gc,heap     ] GC(348) Old regions: 20->20
[2026-03-25T22:11:24.449+0900][169.661s][info][gc,heap     ] GC(348) Archive regions: 2->2
[2026-03-25T22:11:24.449+0900][169.661s][info][gc,heap     ] GC(348) Humongous regions: 24->24
[2026-03-25T22:11:24.449+0900][169.661s][info][gc,metaspace] GC(348) Metaspace: 104197K(105216K)->104197K(105216K) NonClass: 88929K(89472K)->88929K(89472K) Class: 15268K(15744K)->15268K(15744K)
[2026-03-25T22:11:24.449+0900][169.661s][info][gc          ] GC(348) Pause Young (Normal) (G1 Evacuation Pause) 215M->179M(256M) 0.794ms
[2026-03-25T22:11:24.449+0900][169.661s][info][gc,cpu      ] GC(348) User=0.00s Sys=0.00s Real=0.00s
[2026-03-25T22:11:24.660+0900][169.871s][info][gc,start    ] GC(349) Pause Young (Normal) (G1 Evacuation Pause)
[2026-03-25T22:11:24.660+0900][169.871s][info][gc,task     ] GC(349) Using 8 workers of 10 for evacuation
[2026-03-25T22:11:24.660+0900][169.872s][info][gc,phases   ] GC(349)   Pre Evacuate Collection Set: 0.0ms
[2026-03-25T22:11:24.660+0900][169.872s][info][gc,phases   ] GC(349)   Merge Heap Roots: 0.0ms
[2026-03-25T22:11:24.660+0900][169.872s][info][gc,phases   ] GC(349)   Evacuate Collection Set: 0.3ms
[2026-03-25T22:11:24.660+0900][169.872s][info][gc,phases   ] GC(349)   Post Evacuate Collection Set: 0.1ms
[2026-03-25T22:11:24.660+0900][169.872s][info][gc,phases   ] GC(349)   Other: 0.1ms
[2026-03-25T22:11:24.660+0900][169.872s][info][gc,heap     ] GC(349) Eden regions: 9->0(9)
[2026-03-25T22:11:24.660+0900][169.872s][info][gc,heap     ] GC(349) Survivor regions: 1->1(2)
[2026-03-25T22:11:24.660+0900][169.872s][info][gc,heap     ] GC(349) Old regions: 20->20
[2026-03-25T22:11:24.660+0900][169.872s][info][gc,heap     ] GC(349) Archive regions: 2->2
[2026-03-25T22:11:24.660+0900][169.872s][info][gc,heap     ] GC(349) Humongous regions: 24->24
[2026-03-25T22:11:24.660+0900][169.872s][info][gc,metaspace] GC(349) Metaspace: 104197K(105216K)->104197K(105216K) NonClass: 88929K(89472K)->88929K(89472K) Class: 15268K(15744K)->15268K(15744K)
[2026-03-25T22:11:24.660+0900][169.872s][info][gc          ] GC(349) Pause Young (Normal) (G1 Evacuation Pause) 215M->179M(256M) 0.692ms
[2026-03-25T22:11:24.660+0900][169.872s][info][gc,cpu      ] GC(349) User=0.00s Sys=0.01s Real=0.00s
[2026-03-25T22:11:24.873+0900][170.084s][info][gc,start    ] GC(350) Pause Young (Normal) (G1 Evacuation Pause)
[2026-03-25T22:11:24.873+0900][170.084s][info][gc,task     ] GC(350) Using 8 workers of 10 for evacuation
[2026-03-25T22:11:24.874+0900][170.085s][info][gc,phases   ] GC(350)   Pre Evacuate Collection Set: 0.0ms
[2026-03-25T22:11:24.874+0900][170.085s][info][gc,phases   ] GC(350)   Merge Heap Roots: 0.0ms
[2026-03-25T22:11:24.874+0900][170.085s][info][gc,phases   ] GC(350)   Evacuate Collection Set: 0.4ms
[2026-03-25T22:11:24.874+0900][170.085s][info][gc,phases   ] GC(350)   Post Evacuate Collection Set: 0.2ms
[2026-03-25T22:11:24.874+0900][170.085s][info][gc,phases   ] GC(350)   Other: 0.1ms
[2026-03-25T22:11:24.874+0900][170.085s][info][gc,heap     ] GC(350) Eden regions: 9->0(9)
[2026-03-25T22:11:24.874+0900][170.085s][info][gc,heap     ] GC(350) Survivor regions: 1->1(2)
[2026-03-25T22:11:24.874+0900][170.085s][info][gc,heap     ] GC(350) Old regions: 20->20
[2026-03-25T22:11:24.874+0900][170.085s][info][gc,heap     ] GC(350) Archive regions: 2->2
[2026-03-25T22:11:24.874+0900][170.085s][info][gc,heap     ] GC(350) Humongous regions: 24->24
[2026-03-25T22:11:24.874+0900][170.085s][info][gc,metaspace] GC(350) Metaspace: 104199K(105216K)->104199K(105216K) NonClass: 88930K(89472K)->88930K(89472K) Class: 15269K(15744K)->15269K(15744K)
[2026-03-25T22:11:24.874+0900][170.085s][info][gc          ] GC(350) Pause Young (Normal) (G1 Evacuation Pause) 215M->179M(256M) 0.718ms
[2026-03-25T22:11:24.874+0900][170.085s][info][gc,cpu      ] GC(350) User=0.00s Sys=0.00s Real=0.00s
[2026-03-25T22:11:25.094+0900][170.305s][info][gc,start    ] GC(351) Pause Young (Normal) (G1 Evacuation Pause)
[2026-03-25T22:11:25.094+0900][170.305s][info][gc,task     ] GC(351) Using 8 workers of 10 for evacuation
[2026-03-25T22:11:25.095+0900][170.306s][info][gc,phases   ] GC(351)   Pre Evacuate Collection Set: 0.0ms
[2026-03-25T22:11:25.095+0900][170.306s][info][gc,phases   ] GC(351)   Merge Heap Roots: 0.0ms
[2026-03-25T22:11:25.095+0900][170.306s][info][gc,phases   ] GC(351)   Evacuate Collection Set: 0.4ms
[2026-03-25T22:11:25.095+0900][170.306s][info][gc,phases   ] GC(351)   Post Evacuate Collection Set: 0.1ms
[2026-03-25T22:11:25.095+0900][170.306s][info][gc,phases   ] GC(351)   Other: 0.1ms
[2026-03-25T22:11:25.095+0900][170.306s][info][gc,heap     ] GC(351) Eden regions: 9->0(9)
[2026-03-25T22:11:25.095+0900][170.306s][info][gc,heap     ] GC(351) Survivor regions: 1->1(2)
[2026-03-25T22:11:25.095+0900][170.306s][info][gc,heap     ] GC(351) Old regions: 20->20
[2026-03-25T22:11:25.095+0900][170.306s][info][gc,heap     ] GC(351) Archive regions: 2->2
[2026-03-25T22:11:25.095+0900][170.306s][info][gc,heap     ] GC(351) Humongous regions: 24->24
[2026-03-25T22:11:25.095+0900][170.306s][info][gc,metaspace] GC(351) Metaspace: 104199K(105216K)->104199K(105216K) NonClass: 88930K(89472K)->88930K(89472K) Class: 15269K(15744K)->15269K(15744K)
[2026-03-25T22:11:25.095+0900][170.306s][info][gc          ] GC(351) Pause Young (Normal) (G1 Evacuation Pause) 215M->179M(256M) 0.750ms
[2026-03-25T22:11:25.095+0900][170.306s][info][gc,cpu      ] GC(351) User=0.00s Sys=0.00s Real=0.00s
[2026-03-25T22:11:25.265+0900][170.476s][info][gc,start    ] GC(352) Pause Young (Normal) (G1 Evacuation Pause)
[2026-03-25T22:11:25.265+0900][170.476s][info][gc,task     ] GC(352) Using 8 workers of 10 for evacuation
[2026-03-25T22:11:25.266+0900][170.477s][info][gc,phases   ] GC(352)   Pre Evacuate Collection Set: 0.0ms
[2026-03-25T22:11:25.266+0900][170.477s][info][gc,phases   ] GC(352)   Merge Heap Roots: 0.0ms
[2026-03-25T22:11:25.266+0900][170.477s][info][gc,phases   ] GC(352)   Evacuate Collection Set: 0.4ms
[2026-03-25T22:11:25.266+0900][170.477s][info][gc,phases   ] GC(352)   Post Evacuate Collection Set: 0.2ms
[2026-03-25T22:11:25.266+0900][170.477s][info][gc,phases   ] GC(352)   Other: 0.1ms
[2026-03-25T22:11:25.266+0900][170.477s][info][gc,heap     ] GC(352) Eden regions: 9->0(9)
[2026-03-25T22:11:25.266+0900][170.477s][info][gc,heap     ] GC(352) Survivor regions: 1->1(2)
[2026-03-25T22:11:25.266+0900][170.477s][info][gc,heap     ] GC(352) Old regions: 20->20
[2026-03-25T22:11:25.266+0900][170.477s][info][gc,heap     ] GC(352) Archive regions: 2->2
[2026-03-25T22:11:25.266+0900][170.477s][info][gc,heap     ] GC(352) Humongous regions: 24->24
[2026-03-25T22:11:25.266+0900][170.477s][info][gc,metaspace] GC(352) Metaspace: 104199K(105216K)->104199K(105216K) NonClass: 88930K(89472K)->88930K(89472K) Class: 15269K(15744K)->15269K(15744K)
[2026-03-25T22:11:25.266+0900][170.477s][info][gc          ] GC(352) Pause Young (Normal) (G1 Evacuation Pause) 215M->179M(256M) 0.757ms
[2026-03-25T22:11:25.266+0900][170.477s][info][gc,cpu      ] GC(352) User=0.00s Sys=0.00s Real=0.00s
[2026-03-25T22:11:25.501+0900][170.712s][info][gc,start    ] GC(353) Pause Young (Normal) (G1 Evacuation Pause)
[2026-03-25T22:11:25.501+0900][170.712s][info][gc,task     ] GC(353) Using 8 workers of 10 for evacuation
[2026-03-25T22:11:25.501+0900][170.713s][info][gc,phases   ] GC(353)   Pre Evacuate Collection Set: 0.0ms
[2026-03-25T22:11:25.501+0900][170.713s][info][gc,phases   ] GC(353)   Merge Heap Roots: 0.0ms
[2026-03-25T22:11:25.501+0900][170.713s][info][gc,phases   ] GC(353)   Evacuate Collection Set: 0.4ms
[2026-03-25T22:11:25.501+0900][170.713s][info][gc,phases   ] GC(353)   Post Evacuate Collection Set: 0.1ms
[2026-03-25T22:11:25.501+0900][170.713s][info][gc,phases   ] GC(353)   Other: 0.1ms
[2026-03-25T22:11:25.501+0900][170.713s][info][gc,heap     ] GC(353) Eden regions: 9->0(9)
[2026-03-25T22:11:25.501+0900][170.713s][info][gc,heap     ] GC(353) Survivor regions: 1->1(2)
[2026-03-25T22:11:25.501+0900][170.713s][info][gc,heap     ] GC(353) Old regions: 20->20
[2026-03-25T22:11:25.501+0900][170.713s][info][gc,heap     ] GC(353) Archive regions: 2->2
[2026-03-25T22:11:25.501+0900][170.713s][info][gc,heap     ] GC(353) Humongous regions: 24->24
[2026-03-25T22:11:25.501+0900][170.713s][info][gc,metaspace] GC(353) Metaspace: 104199K(105216K)->104199K(105216K) NonClass: 88930K(89472K)->88930K(89472K) Class: 15269K(15744K)->15269K(15744K)
[2026-03-25T22:11:25.501+0900][170.713s][info][gc          ] GC(353) Pause Young (Normal) (G1 Evacuation Pause) 215M->179M(256M) 0.741ms
[2026-03-25T22:11:25.501+0900][170.713s][info][gc,cpu      ] GC(353) User=0.00s Sys=0.00s Real=0.00s
[2026-03-25T22:11:25.717+0900][170.929s][info][gc,start    ] GC(354) Pause Young (Normal) (G1 Evacuation Pause)
[2026-03-25T22:11:25.717+0900][170.929s][info][gc,task     ] GC(354) Using 8 workers of 10 for evacuation
[2026-03-25T22:11:25.718+0900][170.929s][info][gc,phases   ] GC(354)   Pre Evacuate Collection Set: 0.0ms
[2026-03-25T22:11:25.718+0900][170.929s][info][gc,phases   ] GC(354)   Merge Heap Roots: 0.0ms
[2026-03-25T22:11:25.718+0900][170.929s][info][gc,phases   ] GC(354)   Evacuate Collection Set: 0.4ms
[2026-03-25T22:11:25.718+0900][170.929s][info][gc,phases   ] GC(354)   Post Evacuate Collection Set: 0.2ms
[2026-03-25T22:11:25.718+0900][170.929s][info][gc,phases   ] GC(354)   Other: 0.1ms
[2026-03-25T22:11:25.718+0900][170.929s][info][gc,heap     ] GC(354) Eden regions: 9->0(9)
[2026-03-25T22:11:25.718+0900][170.929s][info][gc,heap     ] GC(354) Survivor regions: 1->1(2)
[2026-03-25T22:11:25.718+0900][170.929s][info][gc,heap     ] GC(354) Old regions: 20->20
[2026-03-25T22:11:25.718+0900][170.929s][info][gc,heap     ] GC(354) Archive regions: 2->2
[2026-03-25T22:11:25.718+0900][170.929s][info][gc,heap     ] GC(354) Humongous regions: 24->24
[2026-03-25T22:11:25.718+0900][170.929s][info][gc,metaspace] GC(354) Metaspace: 104199K(105216K)->104199K(105216K) NonClass: 88930K(89472K)->88930K(89472K) Class: 15269K(15744K)->15269K(15744K)
[2026-03-25T22:11:25.718+0900][170.929s][info][gc          ] GC(354) Pause Young (Normal) (G1 Evacuation Pause) 215M->179M(256M) 0.741ms
[2026-03-25T22:11:25.718+0900][170.929s][info][gc,cpu      ] GC(354) User=0.01s Sys=0.00s Real=0.00s
[2026-03-25T22:11:25.901+0900][171.113s][info][gc,start    ] GC(355) Pause Young (Normal) (G1 Evacuation Pause)
[2026-03-25T22:11:25.901+0900][171.113s][info][gc,task     ] GC(355) Using 8 workers of 10 for evacuation
[2026-03-25T22:11:25.902+0900][171.113s][info][gc,phases   ] GC(355)   Pre Evacuate Collection Set: 0.0ms
[2026-03-25T22:11:25.902+0900][171.113s][info][gc,phases   ] GC(355)   Merge Heap Roots: 0.0ms
[2026-03-25T22:11:25.902+0900][171.113s][info][gc,phases   ] GC(355)   Evacuate Collection Set: 0.4ms
[2026-03-25T22:11:25.902+0900][171.113s][info][gc,phases   ] GC(355)   Post Evacuate Collection Set: 0.1ms
[2026-03-25T22:11:25.902+0900][171.113s][info][gc,phases   ] GC(355)   Other: 0.1ms
[2026-03-25T22:11:25.902+0900][171.113s][info][gc,heap     ] GC(355) Eden regions: 9->0(9)
[2026-03-25T22:11:25.902+0900][171.113s][info][gc,heap     ] GC(355) Survivor regions: 1->1(2)
[2026-03-25T22:11:25.902+0900][171.113s][info][gc,heap     ] GC(355) Old regions: 20->20
[2026-03-25T22:11:25.902+0900][171.113s][info][gc,heap     ] GC(355) Archive regions: 2->2
[2026-03-25T22:11:25.902+0900][171.113s][info][gc,heap     ] GC(355) Humongous regions: 24->24
[2026-03-25T22:11:25.902+0900][171.113s][info][gc,metaspace] GC(355) Metaspace: 104199K(105216K)->104199K(105216K) NonClass: 88930K(89472K)->88930K(89472K) Class: 15269K(15744K)->15269K(15744K)
[2026-03-25T22:11:25.902+0900][171.113s][info][gc          ] GC(355) Pause Young (Normal) (G1 Evacuation Pause) 215M->179M(256M) 0.714ms
[2026-03-25T22:11:25.902+0900][171.113s][info][gc,cpu      ] GC(355) User=0.00s Sys=0.01s Real=0.00s
[2026-03-25T22:11:26.108+0900][171.319s][info][gc,start    ] GC(356) Pause Young (Normal) (G1 Evacuation Pause)
[2026-03-25T22:11:26.108+0900][171.319s][info][gc,task     ] GC(356) Using 8 workers of 10 for evacuation
[2026-03-25T22:11:26.108+0900][171.319s][info][gc,phases   ] GC(356)   Pre Evacuate Collection Set: 0.0ms
[2026-03-25T22:11:26.108+0900][171.320s][info][gc,phases   ] GC(356)   Merge Heap Roots: 0.0ms
[2026-03-25T22:11:26.108+0900][171.320s][info][gc,phases   ] GC(356)   Evacuate Collection Set: 0.4ms
[2026-03-25T22:11:26.108+0900][171.320s][info][gc,phases   ] GC(356)   Post Evacuate Collection Set: 0.1ms
[2026-03-25T22:11:26.108+0900][171.320s][info][gc,phases   ] GC(356)   Other: 0.1ms
[2026-03-25T22:11:26.108+0900][171.320s][info][gc,heap     ] GC(356) Eden regions: 9->0(9)
[2026-03-25T22:11:26.108+0900][171.320s][info][gc,heap     ] GC(356) Survivor regions: 1->1(2)
[2026-03-25T22:11:26.108+0900][171.320s][info][gc,heap     ] GC(356) Old regions: 20->20
[2026-03-25T22:11:26.108+0900][171.320s][info][gc,heap     ] GC(356) Archive regions: 2->2
[2026-03-25T22:11:26.108+0900][171.320s][info][gc,heap     ] GC(356) Humongous regions: 24->24
[2026-03-25T22:11:26.108+0900][171.320s][info][gc,metaspace] GC(356) Metaspace: 104199K(105216K)->104199K(105216K) NonClass: 88930K(89472K)->88930K(89472K) Class: 15269K(15744K)->15269K(15744K)
[2026-03-25T22:11:26.108+0900][171.320s][info][gc          ] GC(356) Pause Young (Normal) (G1 Evacuation Pause) 215M->179M(256M) 0.742ms
[2026-03-25T22:11:26.108+0900][171.320s][info][gc,cpu      ] GC(356) User=0.00s Sys=0.00s Real=0.00s
[2026-03-25T22:11:26.310+0900][171.521s][info][gc,start    ] GC(357) Pause Young (Normal) (G1 Evacuation Pause)
[2026-03-25T22:11:26.310+0900][171.521s][info][gc,task     ] GC(357) Using 8 workers of 10 for evacuation
[2026-03-25T22:11:26.311+0900][171.522s][info][gc,phases   ] GC(357)   Pre Evacuate Collection Set: 0.0ms
[2026-03-25T22:11:26.311+0900][171.522s][info][gc,phases   ] GC(357)   Merge Heap Roots: 0.0ms
[2026-03-25T22:11:26.311+0900][171.522s][info][gc,phases   ] GC(357)   Evacuate Collection Set: 0.4ms
[2026-03-25T22:11:26.311+0900][171.522s][info][gc,phases   ] GC(357)   Post Evacuate Collection Set: 0.2ms
[2026-03-25T22:11:26.311+0900][171.522s][info][gc,phases   ] GC(357)   Other: 0.1ms
[2026-03-25T22:11:26.311+0900][171.522s][info][gc,heap     ] GC(357) Eden regions: 9->0(9)
[2026-03-25T22:11:26.311+0900][171.522s][info][gc,heap     ] GC(357) Survivor regions: 1->1(2)
[2026-03-25T22:11:26.311+0900][171.522s][info][gc,heap     ] GC(357) Old regions: 20->20
[2026-03-25T22:11:26.311+0900][171.522s][info][gc,heap     ] GC(357) Archive regions: 2->2
[2026-03-25T22:11:26.311+0900][171.522s][info][gc,heap     ] GC(357) Humongous regions: 24->24
[2026-03-25T22:11:26.311+0900][171.522s][info][gc,metaspace] GC(357) Metaspace: 104199K(105216K)->104199K(105216K) NonClass: 88930K(89472K)->88930K(89472K) Class: 15269K(15744K)->15269K(15744K)
[2026-03-25T22:11:26.311+0900][171.522s][info][gc          ] GC(357) Pause Young (Normal) (G1 Evacuation Pause) 215M->179M(256M) 0.777ms
[2026-03-25T22:11:26.311+0900][171.522s][info][gc,cpu      ] GC(357) User=0.00s Sys=0.00s Real=0.00s
[2026-03-25T22:11:26.498+0900][171.709s][info][gc,start    ] GC(358) Pause Young (Normal) (G1 Evacuation Pause)
[2026-03-25T22:11:26.498+0900][171.709s][info][gc,task     ] GC(358) Using 8 workers of 10 for evacuation
[2026-03-25T22:11:26.499+0900][171.710s][info][gc,phases   ] GC(358)   Pre Evacuate Collection Set: 0.0ms
[2026-03-25T22:11:26.499+0900][171.710s][info][gc,phases   ] GC(358)   Merge Heap Roots: 0.0ms
[2026-03-25T22:11:26.499+0900][171.710s][info][gc,phases   ] GC(358)   Evacuate Collection Set: 0.4ms
[2026-03-25T22:11:26.499+0900][171.710s][info][gc,phases   ] GC(358)   Post Evacuate Collection Set: 0.2ms
[2026-03-25T22:11:26.499+0900][171.710s][info][gc,phases   ] GC(358)   Other: 0.1ms
[2026-03-25T22:11:26.499+0900][171.710s][info][gc,heap     ] GC(358) Eden regions: 9->0(9)
[2026-03-25T22:11:26.499+0900][171.710s][info][gc,heap     ] GC(358) Survivor regions: 1->1(2)
[2026-03-25T22:11:26.499+0900][171.710s][info][gc,heap     ] GC(358) Old regions: 20->20
[2026-03-25T22:11:26.499+0900][171.710s][info][gc,heap     ] GC(358) Archive regions: 2->2
[2026-03-25T22:11:26.499+0900][171.710s][info][gc,heap     ] GC(358) Humongous regions: 24->24
[2026-03-25T22:11:26.499+0900][171.710s][info][gc,metaspace] GC(358) Metaspace: 104199K(105216K)->104199K(105216K) NonClass: 88930K(89472K)->88930K(89472K) Class: 15269K(15744K)->15269K(15744K)
[2026-03-25T22:11:26.499+0900][171.710s][info][gc          ] GC(358) Pause Young (Normal) (G1 Evacuation Pause) 215M->179M(256M) 0.788ms
[2026-03-25T22:11:26.499+0900][171.710s][info][gc,cpu      ] GC(358) User=0.00s Sys=0.00s Real=0.00s
[2026-03-25T22:11:26.714+0900][171.925s][info][gc,start    ] GC(359) Pause Young (Normal) (G1 Evacuation Pause)
[2026-03-25T22:11:26.714+0900][171.925s][info][gc,task     ] GC(359) Using 8 workers of 10 for evacuation
[2026-03-25T22:11:26.715+0900][171.926s][info][gc,phases   ] GC(359)   Pre Evacuate Collection Set: 0.0ms
[2026-03-25T22:11:26.715+0900][171.926s][info][gc,phases   ] GC(359)   Merge Heap Roots: 0.0ms
[2026-03-25T22:11:26.715+0900][171.926s][info][gc,phases   ] GC(359)   Evacuate Collection Set: 0.4ms
[2026-03-25T22:11:26.715+0900][171.926s][info][gc,phases   ] GC(359)   Post Evacuate Collection Set: 0.2ms
[2026-03-25T22:11:26.715+0900][171.926s][info][gc,phases   ] GC(359)   Other: 0.1ms
[2026-03-25T22:11:26.715+0900][171.926s][info][gc,heap     ] GC(359) Eden regions: 9->0(9)
[2026-03-25T22:11:26.715+0900][171.926s][info][gc,heap     ] GC(359) Survivor regions: 1->1(2)
[2026-03-25T22:11:26.715+0900][171.926s][info][gc,heap     ] GC(359) Old regions: 20->20
[2026-03-25T22:11:26.715+0900][171.926s][info][gc,heap     ] GC(359) Archive regions: 2->2
[2026-03-25T22:11:26.715+0900][171.926s][info][gc,heap     ] GC(359) Humongous regions: 24->24
[2026-03-25T22:11:26.715+0900][171.926s][info][gc,metaspace] GC(359) Metaspace: 104199K(105216K)->104199K(105216K) NonClass: 88930K(89472K)->88930K(89472K) Class: 15269K(15744K)->15269K(15744K)
[2026-03-25T22:11:26.715+0900][171.926s][info][gc          ] GC(359) Pause Young (Normal) (G1 Evacuation Pause) 215M->180M(256M) 0.782ms
[2026-03-25T22:11:26.715+0900][171.926s][info][gc,cpu      ] GC(359) User=0.00s Sys=0.00s Real=0.00s
[2026-03-25T22:11:26.898+0900][172.109s][info][gc,start    ] GC(360) Pause Young (Normal) (G1 Evacuation Pause)
[2026-03-25T22:11:26.898+0900][172.109s][info][gc,task     ] GC(360) Using 8 workers of 10 for evacuation
[2026-03-25T22:11:26.898+0900][172.109s][info][gc,phases   ] GC(360)   Pre Evacuate Collection Set: 0.0ms
[2026-03-25T22:11:26.898+0900][172.109s][info][gc,phases   ] GC(360)   Merge Heap Roots: 0.0ms
[2026-03-25T22:11:26.898+0900][172.109s][info][gc,phases   ] GC(360)   Evacuate Collection Set: 0.4ms
[2026-03-25T22:11:26.898+0900][172.109s][info][gc,phases   ] GC(360)   Post Evacuate Collection Set: 0.1ms
[2026-03-25T22:11:26.898+0900][172.109s][info][gc,phases   ] GC(360)   Other: 0.1ms
[2026-03-25T22:11:26.898+0900][172.109s][info][gc,heap     ] GC(360) Eden regions: 9->0(9)
[2026-03-25T22:11:26.898+0900][172.109s][info][gc,heap     ] GC(360) Survivor regions: 1->1(2)
[2026-03-25T22:11:26.898+0900][172.109s][info][gc,heap     ] GC(360) Old regions: 20->20
[2026-03-25T22:11:26.898+0900][172.109s][info][gc,heap     ] GC(360) Archive regions: 2->2
[2026-03-25T22:11:26.898+0900][172.110s][info][gc,heap     ] GC(360) Humongous regions: 24->24
[2026-03-25T22:11:26.898+0900][172.110s][info][gc,metaspace] GC(360) Metaspace: 104199K(105216K)->104199K(105216K) NonClass: 88930K(89472K)->88930K(89472K) Class: 15269K(15744K)->15269K(15744K)
[2026-03-25T22:11:26.898+0900][172.110s][info][gc          ] GC(360) Pause Young (Normal) (G1 Evacuation Pause) 216M->180M(256M) 0.790ms
[2026-03-25T22:11:26.898+0900][172.110s][info][gc,cpu      ] GC(360) User=0.00s Sys=0.00s Real=0.00s
[2026-03-25T22:11:27.079+0900][172.290s][info][gc,start    ] GC(361) Pause Young (Normal) (G1 Evacuation Pause)
[2026-03-25T22:11:27.079+0900][172.290s][info][gc,task     ] GC(361) Using 8 workers of 10 for evacuation
[2026-03-25T22:11:27.079+0900][172.291s][info][gc,phases   ] GC(361)   Pre Evacuate Collection Set: 0.0ms
[2026-03-25T22:11:27.079+0900][172.291s][info][gc,phases   ] GC(361)   Merge Heap Roots: 0.0ms
[2026-03-25T22:11:27.079+0900][172.291s][info][gc,phases   ] GC(361)   Evacuate Collection Set: 0.4ms
[2026-03-25T22:11:27.079+0900][172.291s][info][gc,phases   ] GC(361)   Post Evacuate Collection Set: 0.2ms
[2026-03-25T22:11:27.079+0900][172.291s][info][gc,phases   ] GC(361)   Other: 0.1ms
[2026-03-25T22:11:27.079+0900][172.291s][info][gc,heap     ] GC(361) Eden regions: 9->0(9)
[2026-03-25T22:11:27.079+0900][172.291s][info][gc,heap     ] GC(361) Survivor regions: 1->1(2)
[2026-03-25T22:11:27.079+0900][172.291s][info][gc,heap     ] GC(361) Old regions: 20->20
[2026-03-25T22:11:27.079+0900][172.291s][info][gc,heap     ] GC(361) Archive regions: 2->2
[2026-03-25T22:11:27.079+0900][172.291s][info][gc,heap     ] GC(361) Humongous regions: 24->24
[2026-03-25T22:11:27.079+0900][172.291s][info][gc,metaspace] GC(361) Metaspace: 104199K(105216K)->104199K(105216K) NonClass: 88930K(89472K)->88930K(89472K) Class: 15269K(15744K)->15269K(15744K)
[2026-03-25T22:11:27.079+0900][172.291s][info][gc          ] GC(361) Pause Young (Normal) (G1 Evacuation Pause) 216M->180M(256M) 0.790ms
[2026-03-25T22:11:27.080+0900][172.291s][info][gc,cpu      ] GC(361) User=0.00s Sys=0.00s Real=0.01s
[2026-03-25T22:11:27.209+0900][172.420s][info][gc,start    ] GC(362) Pause Young (Normal) (G1 Evacuation Pause)
[2026-03-25T22:11:27.209+0900][172.420s][info][gc,task     ] GC(362) Using 8 workers of 10 for evacuation
[2026-03-25T22:11:27.210+0900][172.421s][info][gc,phases   ] GC(362)   Pre Evacuate Collection Set: 0.0ms
[2026-03-25T22:11:27.210+0900][172.421s][info][gc,phases   ] GC(362)   Merge Heap Roots: 0.0ms
[2026-03-25T22:11:27.210+0900][172.421s][info][gc,phases   ] GC(362)   Evacuate Collection Set: 0.4ms
[2026-03-25T22:11:27.210+0900][172.421s][info][gc,phases   ] GC(362)   Post Evacuate Collection Set: 0.1ms
[2026-03-25T22:11:27.210+0900][172.421s][info][gc,phases   ] GC(362)   Other: 0.1ms
[2026-03-25T22:11:27.210+0900][172.421s][info][gc,heap     ] GC(362) Eden regions: 9->0(9)
[2026-03-25T22:11:27.210+0900][172.421s][info][gc,heap     ] GC(362) Survivor regions: 1->1(2)
[2026-03-25T22:11:27.210+0900][172.421s][info][gc,heap     ] GC(362) Old regions: 20->20
[2026-03-25T22:11:27.210+0900][172.421s][info][gc,heap     ] GC(362) Archive regions: 2->2
[2026-03-25T22:11:27.210+0900][172.421s][info][gc,heap     ] GC(362) Humongous regions: 24->24
[2026-03-25T22:11:27.210+0900][172.421s][info][gc,metaspace] GC(362) Metaspace: 104199K(105216K)->104199K(105216K) NonClass: 88930K(89472K)->88930K(89472K) Class: 15269K(15744K)->15269K(15744K)
[2026-03-25T22:11:27.210+0900][172.421s][info][gc          ] GC(362) Pause Young (Normal) (G1 Evacuation Pause) 216M->180M(256M) 0.721ms
[2026-03-25T22:11:27.210+0900][172.421s][info][gc,cpu      ] GC(362) User=0.01s Sys=0.00s Real=0.01s
[2026-03-25T22:11:27.443+0900][172.654s][info][gc,start    ] GC(363) Pause Young (Normal) (G1 Evacuation Pause)
[2026-03-25T22:11:27.443+0900][172.654s][info][gc,task     ] GC(363) Using 8 workers of 10 for evacuation
[2026-03-25T22:11:27.444+0900][172.655s][info][gc,phases   ] GC(363)   Pre Evacuate Collection Set: 0.1ms
[2026-03-25T22:11:27.444+0900][172.655s][info][gc,phases   ] GC(363)   Merge Heap Roots: 0.1ms
[2026-03-25T22:11:27.444+0900][172.655s][info][gc,phases   ] GC(363)   Evacuate Collection Set: 0.4ms
[2026-03-25T22:11:27.444+0900][172.655s][info][gc,phases   ] GC(363)   Post Evacuate Collection Set: 0.2ms
[2026-03-25T22:11:27.444+0900][172.655s][info][gc,phases   ] GC(363)   Other: 0.1ms
[2026-03-25T22:11:27.444+0900][172.655s][info][gc,heap     ] GC(363) Eden regions: 9->0(9)
[2026-03-25T22:11:27.444+0900][172.655s][info][gc,heap     ] GC(363) Survivor regions: 1->1(2)
[2026-03-25T22:11:27.444+0900][172.655s][info][gc,heap     ] GC(363) Old regions: 20->20
[2026-03-25T22:11:27.444+0900][172.655s][info][gc,heap     ] GC(363) Archive regions: 2->2
[2026-03-25T22:11:27.444+0900][172.655s][info][gc,heap     ] GC(363) Humongous regions: 24->24
[2026-03-25T22:11:27.444+0900][172.655s][info][gc,metaspace] GC(363) Metaspace: 104199K(105216K)->104199K(105216K) NonClass: 88930K(89472K)->88930K(89472K) Class: 15269K(15744K)->15269K(15744K)
[2026-03-25T22:11:27.444+0900][172.655s][info][gc          ] GC(363) Pause Young (Normal) (G1 Evacuation Pause) 216M->180M(256M) 0.805ms
[2026-03-25T22:11:27.444+0900][172.655s][info][gc,cpu      ] GC(363) User=0.00s Sys=0.00s Real=0.00s
[2026-03-25T22:11:27.737+0900][172.949s][info][gc,start    ] GC(364) Pause Young (Normal) (G1 Evacuation Pause)
[2026-03-25T22:11:27.737+0900][172.949s][info][gc,task     ] GC(364) Using 8 workers of 10 for evacuation
[2026-03-25T22:11:27.738+0900][172.949s][info][gc,phases   ] GC(364)   Pre Evacuate Collection Set: 0.0ms
[2026-03-25T22:11:27.738+0900][172.949s][info][gc,phases   ] GC(364)   Merge Heap Roots: 0.0ms
[2026-03-25T22:11:27.738+0900][172.949s][info][gc,phases   ] GC(364)   Evacuate Collection Set: 0.4ms
[2026-03-25T22:11:27.738+0900][172.949s][info][gc,phases   ] GC(364)   Post Evacuate Collection Set: 0.1ms
[2026-03-25T22:11:27.738+0900][172.949s][info][gc,phases   ] GC(364)   Other: 0.1ms
[2026-03-25T22:11:27.738+0900][172.949s][info][gc,heap     ] GC(364) Eden regions: 9->0(9)
[2026-03-25T22:11:27.738+0900][172.949s][info][gc,heap     ] GC(364) Survivor regions: 1->1(2)
[2026-03-25T22:11:27.738+0900][172.949s][info][gc,heap     ] GC(364) Old regions: 20->20
[2026-03-25T22:11:27.738+0900][172.949s][info][gc,heap     ] GC(364) Archive regions: 2->2
[2026-03-25T22:11:27.738+0900][172.949s][info][gc,heap     ] GC(364) Humongous regions: 24->24
[2026-03-25T22:11:27.738+0900][172.949s][info][gc,metaspace] GC(364) Metaspace: 104199K(105216K)->104199K(105216K) NonClass: 88930K(89472K)->88930K(89472K) Class: 15269K(15744K)->15269K(15744K)
[2026-03-25T22:11:27.738+0900][172.949s][info][gc          ] GC(364) Pause Young (Normal) (G1 Evacuation Pause) 216M->180M(256M) 0.790ms
[2026-03-25T22:11:27.738+0900][172.949s][info][gc,cpu      ] GC(364) User=0.01s Sys=0.00s Real=0.00s
[2026-03-25T22:11:27.939+0900][173.151s][info][gc,start    ] GC(365) Pause Young (Normal) (G1 Evacuation Pause)
[2026-03-25T22:11:27.939+0900][173.151s][info][gc,task     ] GC(365) Using 8 workers of 10 for evacuation
[2026-03-25T22:11:27.940+0900][173.151s][info][gc,phases   ] GC(365)   Pre Evacuate Collection Set: 0.0ms
[2026-03-25T22:11:27.940+0900][173.151s][info][gc,phases   ] GC(365)   Merge Heap Roots: 0.0ms
[2026-03-25T22:11:27.940+0900][173.151s][info][gc,phases   ] GC(365)   Evacuate Collection Set: 0.4ms
[2026-03-25T22:11:27.940+0900][173.151s][info][gc,phases   ] GC(365)   Post Evacuate Collection Set: 0.1ms
[2026-03-25T22:11:27.940+0900][173.151s][info][gc,phases   ] GC(365)   Other: 0.1ms
[2026-03-25T22:11:27.940+0900][173.151s][info][gc,heap     ] GC(365) Eden regions: 9->0(9)
[2026-03-25T22:11:27.940+0900][173.151s][info][gc,heap     ] GC(365) Survivor regions: 1->1(2)
[2026-03-25T22:11:27.940+0900][173.151s][info][gc,heap     ] GC(365) Old regions: 20->20
[2026-03-25T22:11:27.940+0900][173.151s][info][gc,heap     ] GC(365) Archive regions: 2->2
[2026-03-25T22:11:27.940+0900][173.151s][info][gc,heap     ] GC(365) Humongous regions: 24->24
[2026-03-25T22:11:27.940+0900][173.151s][info][gc,metaspace] GC(365) Metaspace: 104199K(105216K)->104199K(105216K) NonClass: 88930K(89472K)->88930K(89472K) Class: 15269K(15744K)->15269K(15744K)
[2026-03-25T22:11:27.940+0900][173.151s][info][gc          ] GC(365) Pause Young (Normal) (G1 Evacuation Pause) 216M->180M(256M) 0.779ms
[2026-03-25T22:11:27.940+0900][173.151s][info][gc,cpu      ] GC(365) User=0.00s Sys=0.00s Real=0.01s
[2026-03-25T22:11:28.100+0900][173.311s][info][gc,start    ] GC(366) Pause Young (Normal) (G1 Evacuation Pause)
[2026-03-25T22:11:28.100+0900][173.311s][info][gc,task     ] GC(366) Using 8 workers of 10 for evacuation
[2026-03-25T22:11:28.101+0900][173.312s][info][gc,phases   ] GC(366)   Pre Evacuate Collection Set: 0.1ms
[2026-03-25T22:11:28.101+0900][173.312s][info][gc,phases   ] GC(366)   Merge Heap Roots: 0.0ms
[2026-03-25T22:11:28.101+0900][173.312s][info][gc,phases   ] GC(366)   Evacuate Collection Set: 0.4ms
[2026-03-25T22:11:28.101+0900][173.312s][info][gc,phases   ] GC(366)   Post Evacuate Collection Set: 0.1ms
[2026-03-25T22:11:28.101+0900][173.312s][info][gc,phases   ] GC(366)   Other: 0.1ms
[2026-03-25T22:11:28.101+0900][173.312s][info][gc,heap     ] GC(366) Eden regions: 9->0(9)
[2026-03-25T22:11:28.101+0900][173.312s][info][gc,heap     ] GC(366) Survivor regions: 1->1(2)
[2026-03-25T22:11:28.101+0900][173.312s][info][gc,heap     ] GC(366) Old regions: 20->20
[2026-03-25T22:11:28.101+0900][173.312s][info][gc,heap     ] GC(366) Archive regions: 2->2
[2026-03-25T22:11:28.101+0900][173.312s][info][gc,heap     ] GC(366) Humongous regions: 24->24
[2026-03-25T22:11:28.101+0900][173.312s][info][gc,metaspace] GC(366) Metaspace: 104199K(105216K)->104199K(105216K) NonClass: 88930K(89472K)->88930K(89472K) Class: 15269K(15744K)->15269K(15744K)
[2026-03-25T22:11:28.101+0900][173.312s][info][gc          ] GC(366) Pause Young (Normal) (G1 Evacuation Pause) 216M->180M(256M) 0.787ms
[2026-03-25T22:11:28.101+0900][173.312s][info][gc,cpu      ] GC(366) User=0.00s Sys=0.00s Real=0.00s
[2026-03-25T22:11:28.242+0900][173.454s][info][gc,start    ] GC(367) Pause Young (Normal) (G1 Evacuation Pause)
[2026-03-25T22:11:28.242+0900][173.454s][info][gc,task     ] GC(367) Using 8 workers of 10 for evacuation
[2026-03-25T22:11:28.243+0900][173.454s][info][gc,phases   ] GC(367)   Pre Evacuate Collection Set: 0.0ms
[2026-03-25T22:11:28.243+0900][173.454s][info][gc,phases   ] GC(367)   Merge Heap Roots: 0.0ms
[2026-03-25T22:11:28.243+0900][173.454s][info][gc,phases   ] GC(367)   Evacuate Collection Set: 0.4ms
[2026-03-25T22:11:28.243+0900][173.454s][info][gc,phases   ] GC(367)   Post Evacuate Collection Set: 0.1ms
[2026-03-25T22:11:28.243+0900][173.454s][info][gc,phases   ] GC(367)   Other: 0.1ms
[2026-03-25T22:11:28.243+0900][173.454s][info][gc,heap     ] GC(367) Eden regions: 9->0(9)
[2026-03-25T22:11:28.243+0900][173.454s][info][gc,heap     ] GC(367) Survivor regions: 1->1(2)
[2026-03-25T22:11:28.243+0900][173.454s][info][gc,heap     ] GC(367) Old regions: 20->20
[2026-03-25T22:11:28.243+0900][173.454s][info][gc,heap     ] GC(367) Archive regions: 2->2
[2026-03-25T22:11:28.243+0900][173.454s][info][gc,heap     ] GC(367) Humongous regions: 24->24
[2026-03-25T22:11:28.243+0900][173.454s][info][gc,metaspace] GC(367) Metaspace: 104199K(105216K)->104199K(105216K) NonClass: 88930K(89472K)->88930K(89472K) Class: 15269K(15744K)->15269K(15744K)
[2026-03-25T22:11:28.243+0900][173.454s][info][gc          ] GC(367) Pause Young (Normal) (G1 Evacuation Pause) 216M->180M(256M) 0.771ms
[2026-03-25T22:11:28.243+0900][173.454s][info][gc,cpu      ] GC(367) User=0.00s Sys=0.00s Real=0.00s
[2026-03-25T22:11:28.452+0900][173.663s][info][gc,start    ] GC(368) Pause Young (Normal) (G1 Evacuation Pause)
[2026-03-25T22:11:28.452+0900][173.664s][info][gc,task     ] GC(368) Using 8 workers of 10 for evacuation
[2026-03-25T22:11:28.453+0900][173.664s][info][gc,phases   ] GC(368)   Pre Evacuate Collection Set: 0.0ms
[2026-03-25T22:11:28.453+0900][173.664s][info][gc,phases   ] GC(368)   Merge Heap Roots: 0.0ms
[2026-03-25T22:11:28.453+0900][173.664s][info][gc,phases   ] GC(368)   Evacuate Collection Set: 0.4ms
[2026-03-25T22:11:28.453+0900][173.664s][info][gc,phases   ] GC(368)   Post Evacuate Collection Set: 0.1ms
[2026-03-25T22:11:28.453+0900][173.664s][info][gc,phases   ] GC(368)   Other: 0.1ms
[2026-03-25T22:11:28.453+0900][173.664s][info][gc,heap     ] GC(368) Eden regions: 9->0(9)
[2026-03-25T22:11:28.453+0900][173.664s][info][gc,heap     ] GC(368) Survivor regions: 1->1(2)
[2026-03-25T22:11:28.453+0900][173.664s][info][gc,heap     ] GC(368) Old regions: 20->20
[2026-03-25T22:11:28.453+0900][173.664s][info][gc,heap     ] GC(368) Archive regions: 2->2
[2026-03-25T22:11:28.453+0900][173.664s][info][gc,heap     ] GC(368) Humongous regions: 24->24
[2026-03-25T22:11:28.453+0900][173.664s][info][gc,metaspace] GC(368) Metaspace: 104199K(105216K)->104199K(105216K) NonClass: 88930K(89472K)->88930K(89472K) Class: 15269K(15744K)->15269K(15744K)
[2026-03-25T22:11:28.453+0900][173.664s][info][gc          ] GC(368) Pause Young (Normal) (G1 Evacuation Pause) 216M->180M(256M) 0.786ms
[2026-03-25T22:11:28.453+0900][173.664s][info][gc,cpu      ] GC(368) User=0.00s Sys=0.00s Real=0.00s
[2026-03-25T22:11:28.675+0900][173.886s][info][gc,start    ] GC(369) Pause Young (Normal) (G1 Evacuation Pause)
[2026-03-25T22:11:28.675+0900][173.886s][info][gc,task     ] GC(369) Using 8 workers of 10 for evacuation
[2026-03-25T22:11:28.675+0900][173.887s][info][gc,phases   ] GC(369)   Pre Evacuate Collection Set: 0.0ms
[2026-03-25T22:11:28.675+0900][173.887s][info][gc,phases   ] GC(369)   Merge Heap Roots: 0.0ms
[2026-03-25T22:11:28.675+0900][173.887s][info][gc,phases   ] GC(369)   Evacuate Collection Set: 0.4ms
[2026-03-25T22:11:28.675+0900][173.887s][info][gc,phases   ] GC(369)   Post Evacuate Collection Set: 0.2ms
[2026-03-25T22:11:28.675+0900][173.887s][info][gc,phases   ] GC(369)   Other: 0.1ms
[2026-03-25T22:11:28.675+0900][173.887s][info][gc,heap     ] GC(369) Eden regions: 9->0(9)
[2026-03-25T22:11:28.675+0900][173.887s][info][gc,heap     ] GC(369) Survivor regions: 1->1(2)
[2026-03-25T22:11:28.675+0900][173.887s][info][gc,heap     ] GC(369) Old regions: 20->20
[2026-03-25T22:11:28.675+0900][173.887s][info][gc,heap     ] GC(369) Archive regions: 2->2
[2026-03-25T22:11:28.675+0900][173.887s][info][gc,heap     ] GC(369) Humongous regions: 24->24
[2026-03-25T22:11:28.675+0900][173.887s][info][gc,metaspace] GC(369) Metaspace: 104199K(105216K)->104199K(105216K) NonClass: 88930K(89472K)->88930K(89472K) Class: 15269K(15744K)->15269K(15744K)
[2026-03-25T22:11:28.675+0900][173.887s][info][gc          ] GC(369) Pause Young (Normal) (G1 Evacuation Pause) 216M->180M(256M) 0.806ms
[2026-03-25T22:11:28.675+0900][173.887s][info][gc,cpu      ] GC(369) User=0.01s Sys=0.00s Real=0.00s
[2026-03-25T22:11:28.926+0900][174.137s][info][gc,start    ] GC(370) Pause Young (Normal) (G1 Evacuation Pause)
[2026-03-25T22:11:28.926+0900][174.137s][info][gc,task     ] GC(370) Using 8 workers of 10 for evacuation
[2026-03-25T22:11:28.926+0900][174.138s][info][gc,phases   ] GC(370)   Pre Evacuate Collection Set: 0.0ms
[2026-03-25T22:11:28.927+0900][174.138s][info][gc,phases   ] GC(370)   Merge Heap Roots: 0.0ms
[2026-03-25T22:11:28.927+0900][174.138s][info][gc,phases   ] GC(370)   Evacuate Collection Set: 0.4ms
[2026-03-25T22:11:28.927+0900][174.138s][info][gc,phases   ] GC(370)   Post Evacuate Collection Set: 0.2ms
[2026-03-25T22:11:28.927+0900][174.138s][info][gc,phases   ] GC(370)   Other: 0.1ms
[2026-03-25T22:11:28.927+0900][174.138s][info][gc,heap     ] GC(370) Eden regions: 9->0(9)
[2026-03-25T22:11:28.927+0900][174.138s][info][gc,heap     ] GC(370) Survivor regions: 1->1(2)
[2026-03-25T22:11:28.927+0900][174.138s][info][gc,heap     ] GC(370) Old regions: 20->20
[2026-03-25T22:11:28.927+0900][174.138s][info][gc,heap     ] GC(370) Archive regions: 2->2
[2026-03-25T22:11:28.927+0900][174.138s][info][gc,heap     ] GC(370) Humongous regions: 24->24
[2026-03-25T22:11:28.927+0900][174.138s][info][gc,metaspace] GC(370) Metaspace: 104199K(105216K)->104199K(105216K) NonClass: 88930K(89472K)->88930K(89472K) Class: 15269K(15744K)->15269K(15744K)
[2026-03-25T22:11:28.927+0900][174.138s][info][gc          ] GC(370) Pause Young (Normal) (G1 Evacuation Pause) 216M->180M(256M) 0.739ms
[2026-03-25T22:11:28.927+0900][174.138s][info][gc,cpu      ] GC(370) User=0.00s Sys=0.00s Real=0.00s
[2026-03-25T22:11:29.115+0900][174.326s][info][gc,start    ] GC(371) Pause Young (Normal) (G1 Evacuation Pause)
[2026-03-25T22:11:29.115+0900][174.326s][info][gc,task     ] GC(371) Using 8 workers of 10 for evacuation
[2026-03-25T22:11:29.116+0900][174.327s][info][gc,phases   ] GC(371)   Pre Evacuate Collection Set: 0.1ms
[2026-03-25T22:11:29.116+0900][174.327s][info][gc,phases   ] GC(371)   Merge Heap Roots: 0.0ms
[2026-03-25T22:11:29.116+0900][174.327s][info][gc,phases   ] GC(371)   Evacuate Collection Set: 0.4ms
[2026-03-25T22:11:29.116+0900][174.327s][info][gc,phases   ] GC(371)   Post Evacuate Collection Set: 0.2ms
[2026-03-25T22:11:29.116+0900][174.327s][info][gc,phases   ] GC(371)   Other: 0.1ms
[2026-03-25T22:11:29.116+0900][174.327s][info][gc,heap     ] GC(371) Eden regions: 9->0(9)
[2026-03-25T22:11:29.116+0900][174.327s][info][gc,heap     ] GC(371) Survivor regions: 1->1(2)
[2026-03-25T22:11:29.116+0900][174.327s][info][gc,heap     ] GC(371) Old regions: 20->20
[2026-03-25T22:11:29.116+0900][174.327s][info][gc,heap     ] GC(371) Archive regions: 2->2
[2026-03-25T22:11:29.116+0900][174.327s][info][gc,heap     ] GC(371) Humongous regions: 24->24
[2026-03-25T22:11:29.116+0900][174.327s][info][gc,metaspace] GC(371) Metaspace: 104199K(105216K)->104199K(105216K) NonClass: 88930K(89472K)->88930K(89472K) Class: 15269K(15744K)->15269K(15744K)
[2026-03-25T22:11:29.116+0900][174.327s][info][gc          ] GC(371) Pause Young (Normal) (G1 Evacuation Pause) 216M->180M(256M) 0.774ms
[2026-03-25T22:11:29.116+0900][174.327s][info][gc,cpu      ] GC(371) User=0.01s Sys=0.00s Real=0.00s
[2026-03-25T22:11:29.341+0900][174.552s][info][gc,start    ] GC(372) Pause Young (Normal) (G1 Evacuation Pause)
[2026-03-25T22:11:29.341+0900][174.552s][info][gc,task     ] GC(372) Using 8 workers of 10 for evacuation
[2026-03-25T22:11:29.341+0900][174.553s][info][gc,phases   ] GC(372)   Pre Evacuate Collection Set: 0.0ms
[2026-03-25T22:11:29.341+0900][174.553s][info][gc,phases   ] GC(372)   Merge Heap Roots: 0.0ms
[2026-03-25T22:11:29.341+0900][174.553s][info][gc,phases   ] GC(372)   Evacuate Collection Set: 0.4ms
[2026-03-25T22:11:29.341+0900][174.553s][info][gc,phases   ] GC(372)   Post Evacuate Collection Set: 0.2ms
[2026-03-25T22:11:29.341+0900][174.553s][info][gc,phases   ] GC(372)   Other: 0.1ms
[2026-03-25T22:11:29.341+0900][174.553s][info][gc,heap     ] GC(372) Eden regions: 9->0(9)
[2026-03-25T22:11:29.341+0900][174.553s][info][gc,heap     ] GC(372) Survivor regions: 1->1(2)
[2026-03-25T22:11:29.341+0900][174.553s][info][gc,heap     ] GC(372) Old regions: 20->20
[2026-03-25T22:11:29.341+0900][174.553s][info][gc,heap     ] GC(372) Archive regions: 2->2
[2026-03-25T22:11:29.341+0900][174.553s][info][gc,heap     ] GC(372) Humongous regions: 24->24
[2026-03-25T22:11:29.341+0900][174.553s][info][gc,metaspace] GC(372) Metaspace: 104199K(105216K)->104199K(105216K) NonClass: 88930K(89472K)->88930K(89472K) Class: 15269K(15744K)->15269K(15744K)
[2026-03-25T22:11:29.341+0900][174.553s][info][gc          ] GC(372) Pause Young (Normal) (G1 Evacuation Pause) 216M->180M(256M) 0.755ms
[2026-03-25T22:11:29.341+0900][174.553s][info][gc,cpu      ] GC(372) User=0.00s Sys=0.00s Real=0.00s
[2026-03-25T22:11:29.542+0900][174.753s][info][gc,start    ] GC(373) Pause Young (Normal) (G1 Evacuation Pause)
[2026-03-25T22:11:29.542+0900][174.753s][info][gc,task     ] GC(373) Using 8 workers of 10 for evacuation
[2026-03-25T22:11:29.543+0900][174.754s][info][gc,phases   ] GC(373)   Pre Evacuate Collection Set: 0.1ms
[2026-03-25T22:11:29.543+0900][174.754s][info][gc,phases   ] GC(373)   Merge Heap Roots: 0.1ms
[2026-03-25T22:11:29.543+0900][174.754s][info][gc,phases   ] GC(373)   Evacuate Collection Set: 0.4ms
[2026-03-25T22:11:29.543+0900][174.754s][info][gc,phases   ] GC(373)   Post Evacuate Collection Set: 0.2ms
[2026-03-25T22:11:29.543+0900][174.754s][info][gc,phases   ] GC(373)   Other: 0.1ms
[2026-03-25T22:11:29.543+0900][174.754s][info][gc,heap     ] GC(373) Eden regions: 9->0(9)
[2026-03-25T22:11:29.543+0900][174.754s][info][gc,heap     ] GC(373) Survivor regions: 1->1(2)
[2026-03-25T22:11:29.543+0900][174.754s][info][gc,heap     ] GC(373) Old regions: 20->20
[2026-03-25T22:11:29.543+0900][174.754s][info][gc,heap     ] GC(373) Archive regions: 2->2
[2026-03-25T22:11:29.543+0900][174.754s][info][gc,heap     ] GC(373) Humongous regions: 24->24
[2026-03-25T22:11:29.543+0900][174.754s][info][gc,metaspace] GC(373) Metaspace: 104199K(105216K)->104199K(105216K) NonClass: 88930K(89472K)->88930K(89472K) Class: 15269K(15744K)->15269K(15744K)
[2026-03-25T22:11:29.543+0900][174.754s][info][gc          ] GC(373) Pause Young (Normal) (G1 Evacuation Pause) 216M->180M(256M) 0.783ms
[2026-03-25T22:11:29.543+0900][174.754s][info][gc,cpu      ] GC(373) User=0.00s Sys=0.01s Real=0.00s
[2026-03-25T22:11:29.753+0900][174.964s][info][gc,start    ] GC(374) Pause Young (Normal) (G1 Evacuation Pause)
[2026-03-25T22:11:29.753+0900][174.964s][info][gc,task     ] GC(374) Using 8 workers of 10 for evacuation
[2026-03-25T22:11:29.754+0900][174.965s][info][gc,phases   ] GC(374)   Pre Evacuate Collection Set: 0.1ms
[2026-03-25T22:11:29.754+0900][174.965s][info][gc,phases   ] GC(374)   Merge Heap Roots: 0.0ms
[2026-03-25T22:11:29.754+0900][174.965s][info][gc,phases   ] GC(374)   Evacuate Collection Set: 0.4ms
[2026-03-25T22:11:29.754+0900][174.965s][info][gc,phases   ] GC(374)   Post Evacuate Collection Set: 0.2ms
[2026-03-25T22:11:29.754+0900][174.965s][info][gc,phases   ] GC(374)   Other: 0.1ms
[2026-03-25T22:11:29.754+0900][174.965s][info][gc,heap     ] GC(374) Eden regions: 9->0(9)
[2026-03-25T22:11:29.754+0900][174.965s][info][gc,heap     ] GC(374) Survivor regions: 1->1(2)
[2026-03-25T22:11:29.754+0900][174.965s][info][gc,heap     ] GC(374) Old regions: 20->20
[2026-03-25T22:11:29.754+0900][174.965s][info][gc,heap     ] GC(374) Archive regions: 2->2
[2026-03-25T22:11:29.754+0900][174.965s][info][gc,heap     ] GC(374) Humongous regions: 24->24
[2026-03-25T22:11:29.754+0900][174.965s][info][gc,metaspace] GC(374) Metaspace: 104199K(105216K)->104199K(105216K) NonClass: 88930K(89472K)->88930K(89472K) Class: 15269K(15744K)->15269K(15744K)
[2026-03-25T22:11:29.754+0900][174.965s][info][gc          ] GC(374) Pause Young (Normal) (G1 Evacuation Pause) 216M->180M(256M) 0.795ms
[2026-03-25T22:11:29.754+0900][174.965s][info][gc,cpu      ] GC(374) User=0.00s Sys=0.00s Real=0.00s
[2026-03-25T22:11:29.963+0900][175.174s][info][gc,start    ] GC(375) Pause Young (Normal) (G1 Evacuation Pause)
[2026-03-25T22:11:29.963+0900][175.174s][info][gc,task     ] GC(375) Using 8 workers of 10 for evacuation
[2026-03-25T22:11:29.964+0900][175.175s][info][gc,phases   ] GC(375)   Pre Evacuate Collection Set: 0.0ms
[2026-03-25T22:11:29.964+0900][175.175s][info][gc,phases   ] GC(375)   Merge Heap Roots: 0.1ms
[2026-03-25T22:11:29.964+0900][175.175s][info][gc,phases   ] GC(375)   Evacuate Collection Set: 0.5ms
[2026-03-25T22:11:29.964+0900][175.175s][info][gc,phases   ] GC(375)   Post Evacuate Collection Set: 0.2ms
[2026-03-25T22:11:29.964+0900][175.175s][info][gc,phases   ] GC(375)   Other: 0.1ms
[2026-03-25T22:11:29.964+0900][175.175s][info][gc,heap     ] GC(375) Eden regions: 9->0(9)
[2026-03-25T22:11:29.964+0900][175.175s][info][gc,heap     ] GC(375) Survivor regions: 1->1(2)
[2026-03-25T22:11:29.964+0900][175.175s][info][gc,heap     ] GC(375) Old regions: 20->20
[2026-03-25T22:11:29.964+0900][175.175s][info][gc,heap     ] GC(375) Archive regions: 2->2
[2026-03-25T22:11:29.964+0900][175.175s][info][gc,heap     ] GC(375) Humongous regions: 24->24
[2026-03-25T22:11:29.964+0900][175.175s][info][gc,metaspace] GC(375) Metaspace: 104199K(105216K)->104199K(105216K) NonClass: 88930K(89472K)->88930K(89472K) Class: 15269K(15744K)->15269K(15744K)
[2026-03-25T22:11:29.964+0900][175.175s][info][gc          ] GC(375) Pause Young (Normal) (G1 Evacuation Pause) 216M->180M(256M) 0.846ms
[2026-03-25T22:11:29.964+0900][175.175s][info][gc,cpu      ] GC(375) User=0.00s Sys=0.00s Real=0.00s
[2026-03-25T22:11:30.178+0900][175.389s][info][gc,start    ] GC(376) Pause Young (Normal) (G1 Evacuation Pause)
[2026-03-25T22:11:30.178+0900][175.389s][info][gc,task     ] GC(376) Using 8 workers of 10 for evacuation
[2026-03-25T22:11:30.179+0900][175.390s][info][gc,phases   ] GC(376)   Pre Evacuate Collection Set: 0.0ms
[2026-03-25T22:11:30.179+0900][175.390s][info][gc,phases   ] GC(376)   Merge Heap Roots: 0.0ms
[2026-03-25T22:11:30.179+0900][175.390s][info][gc,phases   ] GC(376)   Evacuate Collection Set: 0.4ms
[2026-03-25T22:11:30.179+0900][175.390s][info][gc,phases   ] GC(376)   Post Evacuate Collection Set: 0.1ms
[2026-03-25T22:11:30.179+0900][175.390s][info][gc,phases   ] GC(376)   Other: 0.1ms
[2026-03-25T22:11:30.179+0900][175.390s][info][gc,heap     ] GC(376) Eden regions: 9->0(9)
[2026-03-25T22:11:30.179+0900][175.390s][info][gc,heap     ] GC(376) Survivor regions: 1->1(2)
[2026-03-25T22:11:30.179+0900][175.390s][info][gc,heap     ] GC(376) Old regions: 20->20
[2026-03-25T22:11:30.179+0900][175.390s][info][gc,heap     ] GC(376) Archive regions: 2->2
[2026-03-25T22:11:30.179+0900][175.390s][info][gc,heap     ] GC(376) Humongous regions: 24->24
[2026-03-25T22:11:30.179+0900][175.390s][info][gc,metaspace] GC(376) Metaspace: 104199K(105216K)->104199K(105216K) NonClass: 88930K(89472K)->88930K(89472K) Class: 15269K(15744K)->15269K(15744K)
[2026-03-25T22:11:30.179+0900][175.390s][info][gc          ] GC(376) Pause Young (Normal) (G1 Evacuation Pause) 216M->180M(256M) 0.711ms
[2026-03-25T22:11:30.179+0900][175.390s][info][gc,cpu      ] GC(376) User=0.00s Sys=0.00s Real=0.00s
[2026-03-25T22:11:30.415+0900][175.626s][info][gc,start    ] GC(377) Pause Young (Normal) (G1 Evacuation Pause)
[2026-03-25T22:11:30.415+0900][175.626s][info][gc,task     ] GC(377) Using 8 workers of 10 for evacuation
[2026-03-25T22:11:30.416+0900][175.627s][info][gc,phases   ] GC(377)   Pre Evacuate Collection Set: 0.0ms
[2026-03-25T22:11:30.416+0900][175.627s][info][gc,phases   ] GC(377)   Merge Heap Roots: 0.0ms
[2026-03-25T22:11:30.416+0900][175.627s][info][gc,phases   ] GC(377)   Evacuate Collection Set: 0.4ms
[2026-03-25T22:11:30.416+0900][175.627s][info][gc,phases   ] GC(377)   Post Evacuate Collection Set: 0.2ms
[2026-03-25T22:11:30.416+0900][175.627s][info][gc,phases   ] GC(377)   Other: 0.1ms
[2026-03-25T22:11:30.416+0900][175.627s][info][gc,heap     ] GC(377) Eden regions: 9->0(9)
[2026-03-25T22:11:30.416+0900][175.627s][info][gc,heap     ] GC(377) Survivor regions: 1->1(2)
[2026-03-25T22:11:30.416+0900][175.627s][info][gc,heap     ] GC(377) Old regions: 20->20
[2026-03-25T22:11:30.416+0900][175.627s][info][gc,heap     ] GC(377) Archive regions: 2->2
[2026-03-25T22:11:30.416+0900][175.627s][info][gc,heap     ] GC(377) Humongous regions: 24->24
[2026-03-25T22:11:30.416+0900][175.627s][info][gc,metaspace] GC(377) Metaspace: 104199K(105216K)->104199K(105216K) NonClass: 88930K(89472K)->88930K(89472K) Class: 15269K(15744K)->15269K(15744K)
[2026-03-25T22:11:30.416+0900][175.627s][info][gc          ] GC(377) Pause Young (Normal) (G1 Evacuation Pause) 216M->180M(256M) 0.790ms
[2026-03-25T22:11:30.416+0900][175.627s][info][gc,cpu      ] GC(377) User=0.00s Sys=0.00s Real=0.00s
[2026-03-25T22:11:30.582+0900][175.794s][info][gc,start    ] GC(378) Pause Young (Normal) (G1 Evacuation Pause)
[2026-03-25T22:11:30.582+0900][175.794s][info][gc,task     ] GC(378) Using 8 workers of 10 for evacuation
[2026-03-25T22:11:30.583+0900][175.794s][info][gc,phases   ] GC(378)   Pre Evacuate Collection Set: 0.0ms
[2026-03-25T22:11:30.583+0900][175.794s][info][gc,phases   ] GC(378)   Merge Heap Roots: 0.0ms
[2026-03-25T22:11:30.583+0900][175.794s][info][gc,phases   ] GC(378)   Evacuate Collection Set: 0.4ms
[2026-03-25T22:11:30.583+0900][175.794s][info][gc,phases   ] GC(378)   Post Evacuate Collection Set: 0.2ms
[2026-03-25T22:11:30.583+0900][175.794s][info][gc,phases   ] GC(378)   Other: 0.1ms
[2026-03-25T22:11:30.583+0900][175.794s][info][gc,heap     ] GC(378) Eden regions: 9->0(9)
[2026-03-25T22:11:30.583+0900][175.794s][info][gc,heap     ] GC(378) Survivor regions: 1->1(2)
[2026-03-25T22:11:30.583+0900][175.794s][info][gc,heap     ] GC(378) Old regions: 20->20
[2026-03-25T22:11:30.583+0900][175.794s][info][gc,heap     ] GC(378) Archive regions: 2->2
[2026-03-25T22:11:30.583+0900][175.794s][info][gc,heap     ] GC(378) Humongous regions: 24->24
[2026-03-25T22:11:30.583+0900][175.794s][info][gc,metaspace] GC(378) Metaspace: 104199K(105216K)->104199K(105216K) NonClass: 88930K(89472K)->88930K(89472K) Class: 15269K(15744K)->15269K(15744K)
[2026-03-25T22:11:30.583+0900][175.794s][info][gc          ] GC(378) Pause Young (Normal) (G1 Evacuation Pause) 216M->180M(256M) 0.728ms
[2026-03-25T22:11:30.583+0900][175.794s][info][gc,cpu      ] GC(378) User=0.01s Sys=0.00s Real=0.00s
[2026-03-25T22:11:30.730+0900][175.942s][info][gc,start    ] GC(379) Pause Young (Normal) (G1 Evacuation Pause)
[2026-03-25T22:11:30.730+0900][175.942s][info][gc,task     ] GC(379) Using 8 workers of 10 for evacuation
[2026-03-25T22:11:30.731+0900][175.942s][info][gc,phases   ] GC(379)   Pre Evacuate Collection Set: 0.0ms
[2026-03-25T22:11:30.731+0900][175.942s][info][gc,phases   ] GC(379)   Merge Heap Roots: 0.0ms
[2026-03-25T22:11:30.731+0900][175.942s][info][gc,phases   ] GC(379)   Evacuate Collection Set: 0.4ms
[2026-03-25T22:11:30.731+0900][175.942s][info][gc,phases   ] GC(379)   Post Evacuate Collection Set: 0.1ms
[2026-03-25T22:11:30.731+0900][175.942s][info][gc,phases   ] GC(379)   Other: 0.1ms
[2026-03-25T22:11:30.731+0900][175.942s][info][gc,heap     ] GC(379) Eden regions: 9->0(9)
[2026-03-25T22:11:30.731+0900][175.942s][info][gc,heap     ] GC(379) Survivor regions: 1->1(2)
[2026-03-25T22:11:30.731+0900][175.942s][info][gc,heap     ] GC(379) Old regions: 20->20
[2026-03-25T22:11:30.731+0900][175.942s][info][gc,heap     ] GC(379) Archive regions: 2->2
[2026-03-25T22:11:30.731+0900][175.942s][info][gc,heap     ] GC(379) Humongous regions: 24->24
[2026-03-25T22:11:30.731+0900][175.942s][info][gc,metaspace] GC(379) Metaspace: 104199K(105216K)->104199K(105216K) NonClass: 88930K(89472K)->88930K(89472K) Class: 15269K(15744K)->15269K(15744K)
[2026-03-25T22:11:30.731+0900][175.942s][info][gc          ] GC(379) Pause Young (Normal) (G1 Evacuation Pause) 216M->180M(256M) 0.757ms
[2026-03-25T22:11:30.731+0900][175.942s][info][gc,cpu      ] GC(379) User=0.01s Sys=0.00s Real=0.00s
[2026-03-25T22:11:30.918+0900][176.129s][info][gc,start    ] GC(380) Pause Young (Normal) (G1 Evacuation Pause)
[2026-03-25T22:11:30.918+0900][176.129s][info][gc,task     ] GC(380) Using 8 workers of 10 for evacuation
[2026-03-25T22:11:30.918+0900][176.130s][info][gc,phases   ] GC(380)   Pre Evacuate Collection Set: 0.0ms
[2026-03-25T22:11:30.918+0900][176.130s][info][gc,phases   ] GC(380)   Merge Heap Roots: 0.0ms
[2026-03-25T22:11:30.918+0900][176.130s][info][gc,phases   ] GC(380)   Evacuate Collection Set: 0.4ms
[2026-03-25T22:11:30.918+0900][176.130s][info][gc,phases   ] GC(380)   Post Evacuate Collection Set: 0.2ms
[2026-03-25T22:11:30.918+0900][176.130s][info][gc,phases   ] GC(380)   Other: 0.1ms
[2026-03-25T22:11:30.918+0900][176.130s][info][gc,heap     ] GC(380) Eden regions: 9->0(9)
[2026-03-25T22:11:30.918+0900][176.130s][info][gc,heap     ] GC(380) Survivor regions: 1->1(2)
[2026-03-25T22:11:30.918+0900][176.130s][info][gc,heap     ] GC(380) Old regions: 20->20
[2026-03-25T22:11:30.918+0900][176.130s][info][gc,heap     ] GC(380) Archive regions: 2->2
[2026-03-25T22:11:30.918+0900][176.130s][info][gc,heap     ] GC(380) Humongous regions: 24->24
[2026-03-25T22:11:30.918+0900][176.130s][info][gc,metaspace] GC(380) Metaspace: 104199K(105216K)->104199K(105216K) NonClass: 88930K(89472K)->88930K(89472K) Class: 15269K(15744K)->15269K(15744K)
[2026-03-25T22:11:30.918+0900][176.130s][info][gc          ] GC(380) Pause Young (Normal) (G1 Evacuation Pause) 216M->180M(256M) 0.727ms
[2026-03-25T22:11:30.918+0900][176.130s][info][gc,cpu      ] GC(380) User=0.00s Sys=0.00s Real=0.00s
[2026-03-25T22:11:31.091+0900][176.302s][info][gc,start    ] GC(381) Pause Young (Normal) (G1 Evacuation Pause)
[2026-03-25T22:11:31.091+0900][176.303s][info][gc,task     ] GC(381) Using 8 workers of 10 for evacuation
[2026-03-25T22:11:31.092+0900][176.303s][info][gc,phases   ] GC(381)   Pre Evacuate Collection Set: 0.0ms
[2026-03-25T22:11:31.092+0900][176.303s][info][gc,phases   ] GC(381)   Merge Heap Roots: 0.0ms
[2026-03-25T22:11:31.092+0900][176.303s][info][gc,phases   ] GC(381)   Evacuate Collection Set: 0.4ms
[2026-03-25T22:11:31.092+0900][176.303s][info][gc,phases   ] GC(381)   Post Evacuate Collection Set: 0.2ms
[2026-03-25T22:11:31.092+0900][176.303s][info][gc,phases   ] GC(381)   Other: 0.1ms
[2026-03-25T22:11:31.092+0900][176.303s][info][gc,heap     ] GC(381) Eden regions: 9->0(9)
[2026-03-25T22:11:31.092+0900][176.303s][info][gc,heap     ] GC(381) Survivor regions: 1->1(2)
[2026-03-25T22:11:31.092+0900][176.303s][info][gc,heap     ] GC(381) Old regions: 20->20
[2026-03-25T22:11:31.092+0900][176.303s][info][gc,heap     ] GC(381) Archive regions: 2->2
[2026-03-25T22:11:31.092+0900][176.303s][info][gc,heap     ] GC(381) Humongous regions: 24->24
[2026-03-25T22:11:31.092+0900][176.303s][info][gc,metaspace] GC(381) Metaspace: 104199K(105216K)->104199K(105216K) NonClass: 88930K(89472K)->88930K(89472K) Class: 15269K(15744K)->15269K(15744K)
[2026-03-25T22:11:31.092+0900][176.303s][info][gc          ] GC(381) Pause Young (Normal) (G1 Evacuation Pause) 216M->180M(256M) 0.742ms
[2026-03-25T22:11:31.092+0900][176.303s][info][gc,cpu      ] GC(381) User=0.00s Sys=0.00s Real=0.00s
[2026-03-25T22:11:31.268+0900][176.479s][info][gc,start    ] GC(382) Pause Young (Normal) (G1 Evacuation Pause)
[2026-03-25T22:11:31.268+0900][176.479s][info][gc,task     ] GC(382) Using 8 workers of 10 for evacuation
[2026-03-25T22:11:31.268+0900][176.480s][info][gc,phases   ] GC(382)   Pre Evacuate Collection Set: 0.0ms
[2026-03-25T22:11:31.268+0900][176.480s][info][gc,phases   ] GC(382)   Merge Heap Roots: 0.0ms
[2026-03-25T22:11:31.268+0900][176.480s][info][gc,phases   ] GC(382)   Evacuate Collection Set: 0.4ms
[2026-03-25T22:11:31.268+0900][176.480s][info][gc,phases   ] GC(382)   Post Evacuate Collection Set: 0.1ms
[2026-03-25T22:11:31.268+0900][176.480s][info][gc,phases   ] GC(382)   Other: 0.2ms
[2026-03-25T22:11:31.268+0900][176.480s][info][gc,heap     ] GC(382) Eden regions: 9->0(9)
[2026-03-25T22:11:31.268+0900][176.480s][info][gc,heap     ] GC(382) Survivor regions: 1->1(2)
[2026-03-25T22:11:31.268+0900][176.480s][info][gc,heap     ] GC(382) Old regions: 20->20
[2026-03-25T22:11:31.269+0900][176.480s][info][gc,heap     ] GC(382) Archive regions: 2->2
[2026-03-25T22:11:31.269+0900][176.480s][info][gc,heap     ] GC(382) Humongous regions: 24->24
[2026-03-25T22:11:31.269+0900][176.480s][info][gc,metaspace] GC(382) Metaspace: 104199K(105216K)->104199K(105216K) NonClass: 88930K(89472K)->88930K(89472K) Class: 15269K(15744K)->15269K(15744K)
[2026-03-25T22:11:31.269+0900][176.480s][info][gc          ] GC(382) Pause Young (Normal) (G1 Evacuation Pause) 216M->180M(256M) 0.839ms
[2026-03-25T22:11:31.269+0900][176.480s][info][gc,cpu      ] GC(382) User=0.00s Sys=0.00s Real=0.00s
[2026-03-25T22:11:31.388+0900][176.599s][info][gc,start    ] GC(383) Pause Young (Normal) (G1 Evacuation Pause)
[2026-03-25T22:11:31.388+0900][176.599s][info][gc,task     ] GC(383) Using 8 workers of 10 for evacuation
[2026-03-25T22:11:31.388+0900][176.599s][info][gc,phases   ] GC(383)   Pre Evacuate Collection Set: 0.0ms
[2026-03-25T22:11:31.388+0900][176.599s][info][gc,phases   ] GC(383)   Merge Heap Roots: 0.0ms
[2026-03-25T22:11:31.388+0900][176.599s][info][gc,phases   ] GC(383)   Evacuate Collection Set: 0.4ms
[2026-03-25T22:11:31.388+0900][176.599s][info][gc,phases   ] GC(383)   Post Evacuate Collection Set: 0.1ms
[2026-03-25T22:11:31.388+0900][176.599s][info][gc,phases   ] GC(383)   Other: 0.1ms
[2026-03-25T22:11:31.388+0900][176.599s][info][gc,heap     ] GC(383) Eden regions: 9->0(8)
[2026-03-25T22:11:31.388+0900][176.599s][info][gc,heap     ] GC(383) Survivor regions: 1->1(2)
[2026-03-25T22:11:31.388+0900][176.599s][info][gc,heap     ] GC(383) Old regions: 20->21
[2026-03-25T22:11:31.388+0900][176.599s][info][gc,heap     ] GC(383) Archive regions: 2->2
[2026-03-25T22:11:31.388+0900][176.599s][info][gc,heap     ] GC(383) Humongous regions: 24->24
[2026-03-25T22:11:31.388+0900][176.599s][info][gc,metaspace] GC(383) Metaspace: 104199K(105216K)->104199K(105216K) NonClass: 88930K(89472K)->88930K(89472K) Class: 15269K(15744K)->15269K(15744K)
[2026-03-25T22:11:31.388+0900][176.600s][info][gc          ] GC(383) Pause Young (Normal) (G1 Evacuation Pause) 216M->180M(256M) 0.687ms
[2026-03-25T22:11:31.388+0900][176.600s][info][gc,cpu      ] GC(383) User=0.01s Sys=0.00s Real=0.00s
[2026-03-25T22:11:31.559+0900][176.770s][info][gc,start    ] GC(384) Pause Young (Normal) (G1 Evacuation Pause)
[2026-03-25T22:11:31.559+0900][176.770s][info][gc,task     ] GC(384) Using 8 workers of 10 for evacuation
[2026-03-25T22:11:31.560+0900][176.771s][info][gc,phases   ] GC(384)   Pre Evacuate Collection Set: 0.0ms
[2026-03-25T22:11:31.560+0900][176.771s][info][gc,phases   ] GC(384)   Merge Heap Roots: 0.0ms
[2026-03-25T22:11:31.560+0900][176.771s][info][gc,phases   ] GC(384)   Evacuate Collection Set: 0.4ms
[2026-03-25T22:11:31.560+0900][176.771s][info][gc,phases   ] GC(384)   Post Evacuate Collection Set: 0.1ms
[2026-03-25T22:11:31.560+0900][176.771s][info][gc,phases   ] GC(384)   Other: 0.1ms
[2026-03-25T22:11:31.560+0900][176.771s][info][gc,heap     ] GC(384) Eden regions: 8->0(8)
[2026-03-25T22:11:31.560+0900][176.771s][info][gc,heap     ] GC(384) Survivor regions: 1->1(2)
[2026-03-25T22:11:31.560+0900][176.771s][info][gc,heap     ] GC(384) Old regions: 21->21
[2026-03-25T22:11:31.560+0900][176.771s][info][gc,heap     ] GC(384) Archive regions: 2->2
[2026-03-25T22:11:31.560+0900][176.771s][info][gc,heap     ] GC(384) Humongous regions: 24->24
[2026-03-25T22:11:31.560+0900][176.771s][info][gc,metaspace] GC(384) Metaspace: 104199K(105216K)->104199K(105216K) NonClass: 88930K(89472K)->88930K(89472K) Class: 15269K(15744K)->15269K(15744K)
[2026-03-25T22:11:31.560+0900][176.771s][info][gc          ] GC(384) Pause Young (Normal) (G1 Evacuation Pause) 212M->180M(256M) 0.763ms
[2026-03-25T22:11:31.560+0900][176.771s][info][gc,cpu      ] GC(384) User=0.00s Sys=0.00s Real=0.01s
[2026-03-25T22:11:31.772+0900][176.983s][info][gc,start    ] GC(385) Pause Young (Normal) (G1 Evacuation Pause)
[2026-03-25T22:11:31.772+0900][176.983s][info][gc,task     ] GC(385) Using 8 workers of 10 for evacuation
[2026-03-25T22:11:31.773+0900][176.984s][info][gc,phases   ] GC(385)   Pre Evacuate Collection Set: 0.0ms
[2026-03-25T22:11:31.773+0900][176.984s][info][gc,phases   ] GC(385)   Merge Heap Roots: 0.0ms
[2026-03-25T22:11:31.773+0900][176.984s][info][gc,phases   ] GC(385)   Evacuate Collection Set: 0.4ms
[2026-03-25T22:11:31.773+0900][176.984s][info][gc,phases   ] GC(385)   Post Evacuate Collection Set: 0.2ms
[2026-03-25T22:11:31.773+0900][176.984s][info][gc,phases   ] GC(385)   Other: 0.1ms
[2026-03-25T22:11:31.773+0900][176.984s][info][gc,heap     ] GC(385) Eden regions: 8->0(8)
[2026-03-25T22:11:31.773+0900][176.984s][info][gc,heap     ] GC(385) Survivor regions: 1->1(2)
[2026-03-25T22:11:31.773+0900][176.984s][info][gc,heap     ] GC(385) Old regions: 21->21
[2026-03-25T22:11:31.773+0900][176.984s][info][gc,heap     ] GC(385) Archive regions: 2->2
[2026-03-25T22:11:31.773+0900][176.984s][info][gc,heap     ] GC(385) Humongous regions: 24->24
[2026-03-25T22:11:31.773+0900][176.984s][info][gc,metaspace] GC(385) Metaspace: 104199K(105216K)->104199K(105216K) NonClass: 88930K(89472K)->88930K(89472K) Class: 15269K(15744K)->15269K(15744K)
[2026-03-25T22:11:31.773+0900][176.984s][info][gc          ] GC(385) Pause Young (Normal) (G1 Evacuation Pause) 212M->180M(256M) 0.737ms
[2026-03-25T22:11:31.773+0900][176.984s][info][gc,cpu      ] GC(385) User=0.00s Sys=0.00s Real=0.00s
[2026-03-25T22:11:31.975+0900][177.186s][info][gc,start    ] GC(386) Pause Young (Normal) (G1 Evacuation Pause)
[2026-03-25T22:11:31.975+0900][177.186s][info][gc,task     ] GC(386) Using 8 workers of 10 for evacuation
[2026-03-25T22:11:31.975+0900][177.186s][info][gc,phases   ] GC(386)   Pre Evacuate Collection Set: 0.1ms
[2026-03-25T22:11:31.975+0900][177.186s][info][gc,phases   ] GC(386)   Merge Heap Roots: 0.1ms
[2026-03-25T22:11:31.975+0900][177.186s][info][gc,phases   ] GC(386)   Evacuate Collection Set: 0.4ms
[2026-03-25T22:11:31.975+0900][177.186s][info][gc,phases   ] GC(386)   Post Evacuate Collection Set: 0.1ms
[2026-03-25T22:11:31.975+0900][177.186s][info][gc,phases   ] GC(386)   Other: 0.1ms
[2026-03-25T22:11:31.975+0900][177.186s][info][gc,heap     ] GC(386) Eden regions: 8->0(8)
[2026-03-25T22:11:31.975+0900][177.186s][info][gc,heap     ] GC(386) Survivor regions: 1->1(2)
[2026-03-25T22:11:31.975+0900][177.186s][info][gc,heap     ] GC(386) Old regions: 21->21
[2026-03-25T22:11:31.975+0900][177.186s][info][gc,heap     ] GC(386) Archive regions: 2->2
[2026-03-25T22:11:31.975+0900][177.186s][info][gc,heap     ] GC(386) Humongous regions: 24->24
[2026-03-25T22:11:31.975+0900][177.186s][info][gc,metaspace] GC(386) Metaspace: 104199K(105216K)->104199K(105216K) NonClass: 88930K(89472K)->88930K(89472K) Class: 15269K(15744K)->15269K(15744K)
[2026-03-25T22:11:31.975+0900][177.186s][info][gc          ] GC(386) Pause Young (Normal) (G1 Evacuation Pause) 212M->180M(256M) 0.734ms
[2026-03-25T22:11:31.975+0900][177.186s][info][gc,cpu      ] GC(386) User=0.00s Sys=0.00s Real=0.00s
[2026-03-25T22:11:32.111+0900][177.322s][info][gc,start    ] GC(387) Pause Young (Normal) (G1 Evacuation Pause)
[2026-03-25T22:11:32.111+0900][177.322s][info][gc,task     ] GC(387) Using 8 workers of 10 for evacuation
[2026-03-25T22:11:32.112+0900][177.323s][info][gc,phases   ] GC(387)   Pre Evacuate Collection Set: 0.0ms
[2026-03-25T22:11:32.112+0900][177.323s][info][gc,phases   ] GC(387)   Merge Heap Roots: 0.0ms
[2026-03-25T22:11:32.112+0900][177.323s][info][gc,phases   ] GC(387)   Evacuate Collection Set: 0.4ms
[2026-03-25T22:11:32.112+0900][177.323s][info][gc,phases   ] GC(387)   Post Evacuate Collection Set: 0.1ms
[2026-03-25T22:11:32.112+0900][177.323s][info][gc,phases   ] GC(387)   Other: 0.1ms
[2026-03-25T22:11:32.112+0900][177.323s][info][gc,heap     ] GC(387) Eden regions: 8->0(8)
[2026-03-25T22:11:32.112+0900][177.323s][info][gc,heap     ] GC(387) Survivor regions: 1->1(2)
[2026-03-25T22:11:32.112+0900][177.323s][info][gc,heap     ] GC(387) Old regions: 21->21
[2026-03-25T22:11:32.112+0900][177.323s][info][gc,heap     ] GC(387) Archive regions: 2->2
[2026-03-25T22:11:32.112+0900][177.323s][info][gc,heap     ] GC(387) Humongous regions: 24->24
[2026-03-25T22:11:32.112+0900][177.323s][info][gc,metaspace] GC(387) Metaspace: 104199K(105216K)->104199K(105216K) NonClass: 88930K(89472K)->88930K(89472K) Class: 15269K(15744K)->15269K(15744K)
[2026-03-25T22:11:32.112+0900][177.323s][info][gc          ] GC(387) Pause Young (Normal) (G1 Evacuation Pause) 212M->181M(256M) 0.790ms
[2026-03-25T22:11:32.112+0900][177.323s][info][gc,cpu      ] GC(387) User=0.00s Sys=0.00s Real=0.00s
[2026-03-25T22:11:32.293+0900][177.505s][info][gc,start    ] GC(388) Pause Young (Normal) (G1 Evacuation Pause)
[2026-03-25T22:11:32.293+0900][177.505s][info][gc,task     ] GC(388) Using 8 workers of 10 for evacuation
[2026-03-25T22:11:32.294+0900][177.505s][info][gc,phases   ] GC(388)   Pre Evacuate Collection Set: 0.0ms
[2026-03-25T22:11:32.294+0900][177.505s][info][gc,phases   ] GC(388)   Merge Heap Roots: 0.0ms
[2026-03-25T22:11:32.294+0900][177.505s][info][gc,phases   ] GC(388)   Evacuate Collection Set: 0.4ms
[2026-03-25T22:11:32.294+0900][177.505s][info][gc,phases   ] GC(388)   Post Evacuate Collection Set: 0.1ms
[2026-03-25T22:11:32.294+0900][177.505s][info][gc,phases   ] GC(388)   Other: 0.1ms
[2026-03-25T22:11:32.294+0900][177.505s][info][gc,heap     ] GC(388) Eden regions: 8->0(8)
[2026-03-25T22:11:32.294+0900][177.505s][info][gc,heap     ] GC(388) Survivor regions: 1->1(2)
[2026-03-25T22:11:32.294+0900][177.505s][info][gc,heap     ] GC(388) Old regions: 21->21
[2026-03-25T22:11:32.294+0900][177.505s][info][gc,heap     ] GC(388) Archive regions: 2->2
[2026-03-25T22:11:32.294+0900][177.505s][info][gc,heap     ] GC(388) Humongous regions: 24->24
[2026-03-25T22:11:32.294+0900][177.505s][info][gc,metaspace] GC(388) Metaspace: 104199K(105216K)->104199K(105216K) NonClass: 88930K(89472K)->88930K(89472K) Class: 15269K(15744K)->15269K(15744K)
[2026-03-25T22:11:32.294+0900][177.505s][info][gc          ] GC(388) Pause Young (Normal) (G1 Evacuation Pause) 213M->181M(256M) 0.766ms
[2026-03-25T22:11:32.294+0900][177.505s][info][gc,cpu      ] GC(388) User=0.00s Sys=0.00s Real=0.00s
[2026-03-25T22:11:32.406+0900][177.617s][info][gc,start    ] GC(389) Pause Young (Normal) (G1 Evacuation Pause)
[2026-03-25T22:11:32.406+0900][177.617s][info][gc,task     ] GC(389) Using 8 workers of 10 for evacuation
[2026-03-25T22:11:32.406+0900][177.617s][info][gc,phases   ] GC(389)   Pre Evacuate Collection Set: 0.0ms
[2026-03-25T22:11:32.406+0900][177.617s][info][gc,phases   ] GC(389)   Merge Heap Roots: 0.0ms
[2026-03-25T22:11:32.406+0900][177.617s][info][gc,phases   ] GC(389)   Evacuate Collection Set: 0.4ms
[2026-03-25T22:11:32.406+0900][177.617s][info][gc,phases   ] GC(389)   Post Evacuate Collection Set: 0.2ms
[2026-03-25T22:11:32.406+0900][177.617s][info][gc,phases   ] GC(389)   Other: 0.1ms
[2026-03-25T22:11:32.406+0900][177.617s][info][gc,heap     ] GC(389) Eden regions: 8->0(8)
[2026-03-25T22:11:32.406+0900][177.617s][info][gc,heap     ] GC(389) Survivor regions: 1->1(2)
[2026-03-25T22:11:32.406+0900][177.617s][info][gc,heap     ] GC(389) Old regions: 21->21
[2026-03-25T22:11:32.406+0900][177.617s][info][gc,heap     ] GC(389) Archive regions: 2->2
[2026-03-25T22:11:32.406+0900][177.617s][info][gc,heap     ] GC(389) Humongous regions: 24->24
[2026-03-25T22:11:32.406+0900][177.617s][info][gc,metaspace] GC(389) Metaspace: 104199K(105216K)->104199K(105216K) NonClass: 88930K(89472K)->88930K(89472K) Class: 15269K(15744K)->15269K(15744K)
[2026-03-25T22:11:32.406+0900][177.618s][info][gc          ] GC(389) Pause Young (Normal) (G1 Evacuation Pause) 213M->181M(256M) 0.794ms
[2026-03-25T22:11:32.406+0900][177.618s][info][gc,cpu      ] GC(389) User=0.00s Sys=0.00s Real=0.00s
[2026-03-25T22:11:32.546+0900][177.757s][info][gc,start    ] GC(390) Pause Young (Normal) (G1 Evacuation Pause)
[2026-03-25T22:11:32.546+0900][177.757s][info][gc,task     ] GC(390) Using 8 workers of 10 for evacuation
[2026-03-25T22:11:32.546+0900][177.758s][info][gc,phases   ] GC(390)   Pre Evacuate Collection Set: 0.0ms
[2026-03-25T22:11:32.546+0900][177.758s][info][gc,phases   ] GC(390)   Merge Heap Roots: 0.0ms
[2026-03-25T22:11:32.546+0900][177.758s][info][gc,phases   ] GC(390)   Evacuate Collection Set: 0.3ms
[2026-03-25T22:11:32.546+0900][177.758s][info][gc,phases   ] GC(390)   Post Evacuate Collection Set: 0.1ms
[2026-03-25T22:11:32.547+0900][177.758s][info][gc,phases   ] GC(390)   Other: 0.1ms
[2026-03-25T22:11:32.547+0900][177.758s][info][gc,heap     ] GC(390) Eden regions: 8->0(8)
[2026-03-25T22:11:32.547+0900][177.758s][info][gc,heap     ] GC(390) Survivor regions: 1->1(2)
[2026-03-25T22:11:32.547+0900][177.758s][info][gc,heap     ] GC(390) Old regions: 21->21
[2026-03-25T22:11:32.547+0900][177.758s][info][gc,heap     ] GC(390) Archive regions: 2->2
[2026-03-25T22:11:32.547+0900][177.758s][info][gc,heap     ] GC(390) Humongous regions: 24->24
[2026-03-25T22:11:32.547+0900][177.758s][info][gc,metaspace] GC(390) Metaspace: 104199K(105216K)->104199K(105216K) NonClass: 88930K(89472K)->88930K(89472K) Class: 15269K(15744K)->15269K(15744K)
[2026-03-25T22:11:32.547+0900][177.758s][info][gc          ] GC(390) Pause Young (Normal) (G1 Evacuation Pause) 213M->181M(256M) 0.680ms
[2026-03-25T22:11:32.547+0900][177.758s][info][gc,cpu      ] GC(390) User=0.00s Sys=0.00s Real=0.00s
[2026-03-25T22:11:32.739+0900][177.950s][info][gc,start    ] GC(391) Pause Young (Normal) (G1 Evacuation Pause)
[2026-03-25T22:11:32.739+0900][177.950s][info][gc,task     ] GC(391) Using 8 workers of 10 for evacuation
[2026-03-25T22:11:32.740+0900][177.951s][info][gc,phases   ] GC(391)   Pre Evacuate Collection Set: 0.1ms
[2026-03-25T22:11:32.740+0900][177.951s][info][gc,phases   ] GC(391)   Merge Heap Roots: 0.1ms
[2026-03-25T22:11:32.740+0900][177.951s][info][gc,phases   ] GC(391)   Evacuate Collection Set: 0.4ms
[2026-03-25T22:11:32.740+0900][177.951s][info][gc,phases   ] GC(391)   Post Evacuate Collection Set: 0.2ms
[2026-03-25T22:11:32.740+0900][177.951s][info][gc,phases   ] GC(391)   Other: 0.1ms
[2026-03-25T22:11:32.740+0900][177.951s][info][gc,heap     ] GC(391) Eden regions: 8->0(8)
[2026-03-25T22:11:32.740+0900][177.951s][info][gc,heap     ] GC(391) Survivor regions: 1->1(2)
[2026-03-25T22:11:32.740+0900][177.951s][info][gc,heap     ] GC(391) Old regions: 21->21
[2026-03-25T22:11:32.740+0900][177.951s][info][gc,heap     ] GC(391) Archive regions: 2->2
[2026-03-25T22:11:32.740+0900][177.951s][info][gc,heap     ] GC(391) Humongous regions: 24->24
[2026-03-25T22:11:32.740+0900][177.951s][info][gc,metaspace] GC(391) Metaspace: 104199K(105216K)->104199K(105216K) NonClass: 88930K(89472K)->88930K(89472K) Class: 15269K(15744K)->15269K(15744K)
[2026-03-25T22:11:32.740+0900][177.951s][info][gc          ] GC(391) Pause Young (Normal) (G1 Evacuation Pause) 213M->181M(256M) 0.785ms
[2026-03-25T22:11:32.740+0900][177.951s][info][gc,cpu      ] GC(391) User=0.00s Sys=0.00s Real=0.01s
[2026-03-25T22:11:32.969+0900][178.180s][info][gc,start    ] GC(392) Pause Young (Normal) (G1 Evacuation Pause)
[2026-03-25T22:11:32.969+0900][178.180s][info][gc,task     ] GC(392) Using 8 workers of 10 for evacuation
[2026-03-25T22:11:32.969+0900][178.180s][info][gc,phases   ] GC(392)   Pre Evacuate Collection Set: 0.0ms
[2026-03-25T22:11:32.969+0900][178.181s][info][gc,phases   ] GC(392)   Merge Heap Roots: 0.0ms
[2026-03-25T22:11:32.969+0900][178.181s][info][gc,phases   ] GC(392)   Evacuate Collection Set: 0.4ms
[2026-03-25T22:11:32.969+0900][178.181s][info][gc,phases   ] GC(392)   Post Evacuate Collection Set: 0.2ms
[2026-03-25T22:11:32.969+0900][178.181s][info][gc,phases   ] GC(392)   Other: 0.1ms
[2026-03-25T22:11:32.969+0900][178.181s][info][gc,heap     ] GC(392) Eden regions: 8->0(8)
[2026-03-25T22:11:32.969+0900][178.181s][info][gc,heap     ] GC(392) Survivor regions: 1->1(2)
[2026-03-25T22:11:32.969+0900][178.181s][info][gc,heap     ] GC(392) Old regions: 21->21
[2026-03-25T22:11:32.969+0900][178.181s][info][gc,heap     ] GC(392) Archive regions: 2->2
[2026-03-25T22:11:32.969+0900][178.181s][info][gc,heap     ] GC(392) Humongous regions: 24->24
[2026-03-25T22:11:32.969+0900][178.181s][info][gc,metaspace] GC(392) Metaspace: 104199K(105216K)->104199K(105216K) NonClass: 88930K(89472K)->88930K(89472K) Class: 15269K(15744K)->15269K(15744K)
[2026-03-25T22:11:32.969+0900][178.181s][info][gc          ] GC(392) Pause Young (Normal) (G1 Evacuation Pause) 213M->181M(256M) 0.783ms
[2026-03-25T22:11:32.969+0900][178.181s][info][gc,cpu      ] GC(392) User=0.00s Sys=0.00s Real=0.00s
[2026-03-25T22:11:33.155+0900][178.366s][info][gc,start    ] GC(393) Pause Young (Normal) (G1 Evacuation Pause)
[2026-03-25T22:11:33.155+0900][178.366s][info][gc,task     ] GC(393) Using 8 workers of 10 for evacuation
[2026-03-25T22:11:33.156+0900][178.367s][info][gc,phases   ] GC(393)   Pre Evacuate Collection Set: 0.0ms
[2026-03-25T22:11:33.156+0900][178.367s][info][gc,phases   ] GC(393)   Merge Heap Roots: 0.0ms
[2026-03-25T22:11:33.156+0900][178.367s][info][gc,phases   ] GC(393)   Evacuate Collection Set: 0.5ms
[2026-03-25T22:11:33.156+0900][178.367s][info][gc,phases   ] GC(393)   Post Evacuate Collection Set: 0.1ms
[2026-03-25T22:11:33.156+0900][178.367s][info][gc,phases   ] GC(393)   Other: 0.1ms
[2026-03-25T22:11:33.156+0900][178.367s][info][gc,heap     ] GC(393) Eden regions: 8->0(8)
[2026-03-25T22:11:33.156+0900][178.367s][info][gc,heap     ] GC(393) Survivor regions: 1->1(2)
[2026-03-25T22:11:33.156+0900][178.367s][info][gc,heap     ] GC(393) Old regions: 21->21
[2026-03-25T22:11:33.156+0900][178.367s][info][gc,heap     ] GC(393) Archive regions: 2->2
[2026-03-25T22:11:33.156+0900][178.367s][info][gc,heap     ] GC(393) Humongous regions: 24->24
[2026-03-25T22:11:33.156+0900][178.367s][info][gc,metaspace] GC(393) Metaspace: 104199K(105216K)->104199K(105216K) NonClass: 88930K(89472K)->88930K(89472K) Class: 15269K(15744K)->15269K(15744K)
[2026-03-25T22:11:33.156+0900][178.367s][info][gc          ] GC(393) Pause Young (Normal) (G1 Evacuation Pause) 213M->181M(256M) 0.840ms
[2026-03-25T22:11:33.156+0900][178.367s][info][gc,cpu      ] GC(393) User=0.00s Sys=0.00s Real=0.00s
[2026-03-25T22:11:33.397+0900][178.608s][info][gc,start    ] GC(394) Pause Young (Normal) (G1 Evacuation Pause)
[2026-03-25T22:11:33.397+0900][178.608s][info][gc,task     ] GC(394) Using 8 workers of 10 for evacuation
[2026-03-25T22:11:33.398+0900][178.609s][info][gc,phases   ] GC(394)   Pre Evacuate Collection Set: 0.1ms
[2026-03-25T22:11:33.398+0900][178.609s][info][gc,phases   ] GC(394)   Merge Heap Roots: 0.1ms
[2026-03-25T22:11:33.398+0900][178.609s][info][gc,phases   ] GC(394)   Evacuate Collection Set: 0.4ms
[2026-03-25T22:11:33.398+0900][178.609s][info][gc,phases   ] GC(394)   Post Evacuate Collection Set: 0.1ms
[2026-03-25T22:11:33.398+0900][178.609s][info][gc,phases   ] GC(394)   Other: 0.1ms
[2026-03-25T22:11:33.398+0900][178.609s][info][gc,heap     ] GC(394) Eden regions: 8->0(8)
[2026-03-25T22:11:33.398+0900][178.609s][info][gc,heap     ] GC(394) Survivor regions: 1->1(2)
[2026-03-25T22:11:33.398+0900][178.609s][info][gc,heap     ] GC(394) Old regions: 21->21
[2026-03-25T22:11:33.398+0900][178.609s][info][gc,heap     ] GC(394) Archive regions: 2->2
[2026-03-25T22:11:33.398+0900][178.609s][info][gc,heap     ] GC(394) Humongous regions: 24->24
[2026-03-25T22:11:33.398+0900][178.609s][info][gc,metaspace] GC(394) Metaspace: 104199K(105216K)->104199K(105216K) NonClass: 88930K(89472K)->88930K(89472K) Class: 15269K(15744K)->15269K(15744K)
[2026-03-25T22:11:33.398+0900][178.609s][info][gc          ] GC(394) Pause Young (Normal) (G1 Evacuation Pause) 213M->181M(256M) 0.763ms
[2026-03-25T22:11:33.398+0900][178.609s][info][gc,cpu      ] GC(394) User=0.00s Sys=0.00s Real=0.00s
[2026-03-25T22:11:33.573+0900][178.784s][info][gc,start    ] GC(395) Pause Young (Normal) (G1 Evacuation Pause)
[2026-03-25T22:11:33.573+0900][178.784s][info][gc,task     ] GC(395) Using 8 workers of 10 for evacuation
[2026-03-25T22:11:33.573+0900][178.785s][info][gc,phases   ] GC(395)   Pre Evacuate Collection Set: 0.0ms
[2026-03-25T22:11:33.573+0900][178.785s][info][gc,phases   ] GC(395)   Merge Heap Roots: 0.0ms
[2026-03-25T22:11:33.573+0900][178.785s][info][gc,phases   ] GC(395)   Evacuate Collection Set: 0.5ms
[2026-03-25T22:11:33.573+0900][178.785s][info][gc,phases   ] GC(395)   Post Evacuate Collection Set: 0.2ms
[2026-03-25T22:11:33.573+0900][178.785s][info][gc,phases   ] GC(395)   Other: 0.1ms
[2026-03-25T22:11:33.573+0900][178.785s][info][gc,heap     ] GC(395) Eden regions: 8->0(8)
[2026-03-25T22:11:33.573+0900][178.785s][info][gc,heap     ] GC(395) Survivor regions: 1->1(2)
[2026-03-25T22:11:33.573+0900][178.785s][info][gc,heap     ] GC(395) Old regions: 21->21
[2026-03-25T22:11:33.573+0900][178.785s][info][gc,heap     ] GC(395) Archive regions: 2->2
[2026-03-25T22:11:33.573+0900][178.785s][info][gc,heap     ] GC(395) Humongous regions: 24->24
[2026-03-25T22:11:33.573+0900][178.785s][info][gc,metaspace] GC(395) Metaspace: 104199K(105216K)->104199K(105216K) NonClass: 88930K(89472K)->88930K(89472K) Class: 15269K(15744K)->15269K(15744K)
[2026-03-25T22:11:33.573+0900][178.785s][info][gc          ] GC(395) Pause Young (Normal) (G1 Evacuation Pause) 213M->181M(256M) 0.840ms
[2026-03-25T22:11:33.573+0900][178.785s][info][gc,cpu      ] GC(395) User=0.00s Sys=0.00s Real=0.00s
[2026-03-25T22:11:33.732+0900][178.943s][info][gc,start    ] GC(396) Pause Young (Normal) (G1 Evacuation Pause)
[2026-03-25T22:11:33.732+0900][178.943s][info][gc,task     ] GC(396) Using 8 workers of 10 for evacuation
[2026-03-25T22:11:33.732+0900][178.944s][info][gc,phases   ] GC(396)   Pre Evacuate Collection Set: 0.1ms
[2026-03-25T22:11:33.732+0900][178.944s][info][gc,phases   ] GC(396)   Merge Heap Roots: 0.0ms
[2026-03-25T22:11:33.732+0900][178.944s][info][gc,phases   ] GC(396)   Evacuate Collection Set: 0.4ms
[2026-03-25T22:11:33.732+0900][178.944s][info][gc,phases   ] GC(396)   Post Evacuate Collection Set: 0.1ms
[2026-03-25T22:11:33.732+0900][178.944s][info][gc,phases   ] GC(396)   Other: 0.1ms
[2026-03-25T22:11:33.732+0900][178.944s][info][gc,heap     ] GC(396) Eden regions: 8->0(8)
[2026-03-25T22:11:33.732+0900][178.944s][info][gc,heap     ] GC(396) Survivor regions: 1->1(2)
[2026-03-25T22:11:33.732+0900][178.944s][info][gc,heap     ] GC(396) Old regions: 21->21
[2026-03-25T22:11:33.732+0900][178.944s][info][gc,heap     ] GC(396) Archive regions: 2->2
[2026-03-25T22:11:33.732+0900][178.944s][info][gc,heap     ] GC(396) Humongous regions: 24->24
[2026-03-25T22:11:33.733+0900][178.944s][info][gc,metaspace] GC(396) Metaspace: 104199K(105216K)->104199K(105216K) NonClass: 88930K(89472K)->88930K(89472K) Class: 15269K(15744K)->15269K(15744K)
[2026-03-25T22:11:33.733+0900][178.944s][info][gc          ] GC(396) Pause Young (Normal) (G1 Evacuation Pause) 213M->181M(256M) 0.817ms
[2026-03-25T22:11:33.733+0900][178.944s][info][gc,cpu      ] GC(396) User=0.00s Sys=0.00s Real=0.00s
[2026-03-25T22:11:33.958+0900][179.169s][info][gc,start    ] GC(397) Pause Young (Normal) (G1 Evacuation Pause)
[2026-03-25T22:11:33.958+0900][179.169s][info][gc,task     ] GC(397) Using 8 workers of 10 for evacuation
[2026-03-25T22:11:33.958+0900][179.169s][info][gc,phases   ] GC(397)   Pre Evacuate Collection Set: 0.0ms
[2026-03-25T22:11:33.958+0900][179.170s][info][gc,phases   ] GC(397)   Merge Heap Roots: 0.0ms
[2026-03-25T22:11:33.958+0900][179.170s][info][gc,phases   ] GC(397)   Evacuate Collection Set: 0.4ms
[2026-03-25T22:11:33.958+0900][179.170s][info][gc,phases   ] GC(397)   Post Evacuate Collection Set: 0.2ms
[2026-03-25T22:11:33.958+0900][179.170s][info][gc,phases   ] GC(397)   Other: 0.1ms
[2026-03-25T22:11:33.958+0900][179.170s][info][gc,heap     ] GC(397) Eden regions: 8->0(8)
[2026-03-25T22:11:33.958+0900][179.170s][info][gc,heap     ] GC(397) Survivor regions: 1->1(2)
[2026-03-25T22:11:33.958+0900][179.170s][info][gc,heap     ] GC(397) Old regions: 21->21
[2026-03-25T22:11:33.958+0900][179.170s][info][gc,heap     ] GC(397) Archive regions: 2->2
[2026-03-25T22:11:33.958+0900][179.170s][info][gc,heap     ] GC(397) Humongous regions: 24->24
[2026-03-25T22:11:33.958+0900][179.170s][info][gc,metaspace] GC(397) Metaspace: 104199K(105216K)->104199K(105216K) NonClass: 88930K(89472K)->88930K(89472K) Class: 15269K(15744K)->15269K(15744K)
[2026-03-25T22:11:33.958+0900][179.170s][info][gc          ] GC(397) Pause Young (Normal) (G1 Evacuation Pause) 213M->181M(256M) 0.800ms
[2026-03-25T22:11:33.958+0900][179.170s][info][gc,cpu      ] GC(397) User=0.00s Sys=0.00s Real=0.00s
[2026-03-25T22:11:34.130+0900][179.341s][info][gc,start    ] GC(398) Pause Young (Normal) (G1 Evacuation Pause)
[2026-03-25T22:11:34.130+0900][179.341s][info][gc,task     ] GC(398) Using 8 workers of 10 for evacuation
[2026-03-25T22:11:34.131+0900][179.342s][info][gc,phases   ] GC(398)   Pre Evacuate Collection Set: 0.0ms
[2026-03-25T22:11:34.131+0900][179.342s][info][gc,phases   ] GC(398)   Merge Heap Roots: 0.0ms
[2026-03-25T22:11:34.131+0900][179.342s][info][gc,phases   ] GC(398)   Evacuate Collection Set: 0.4ms
[2026-03-25T22:11:34.131+0900][179.342s][info][gc,phases   ] GC(398)   Post Evacuate Collection Set: 0.1ms
[2026-03-25T22:11:34.131+0900][179.342s][info][gc,phases   ] GC(398)   Other: 0.1ms
[2026-03-25T22:11:34.131+0900][179.342s][info][gc,heap     ] GC(398) Eden regions: 8->0(8)
[2026-03-25T22:11:34.131+0900][179.342s][info][gc,heap     ] GC(398) Survivor regions: 1->1(2)
[2026-03-25T22:11:34.131+0900][179.342s][info][gc,heap     ] GC(398) Old regions: 21->21
[2026-03-25T22:11:34.131+0900][179.342s][info][gc,heap     ] GC(398) Archive regions: 2->2
[2026-03-25T22:11:34.131+0900][179.342s][info][gc,heap     ] GC(398) Humongous regions: 24->24
[2026-03-25T22:11:34.131+0900][179.342s][info][gc,metaspace] GC(398) Metaspace: 104199K(105216K)->104199K(105216K) NonClass: 88930K(89472K)->88930K(89472K) Class: 15269K(15744K)->15269K(15744K)
[2026-03-25T22:11:34.131+0900][179.342s][info][gc          ] GC(398) Pause Young (Normal) (G1 Evacuation Pause) 213M->181M(256M) 0.782ms
[2026-03-25T22:11:34.131+0900][179.342s][info][gc,cpu      ] GC(398) User=0.00s Sys=0.00s Real=0.00s
[2026-03-25T22:11:34.269+0900][179.480s][info][gc,start    ] GC(399) Pause Young (Normal) (G1 Evacuation Pause)
[2026-03-25T22:11:34.269+0900][179.480s][info][gc,task     ] GC(399) Using 8 workers of 10 for evacuation
[2026-03-25T22:11:34.269+0900][179.480s][info][gc,phases   ] GC(399)   Pre Evacuate Collection Set: 0.0ms
[2026-03-25T22:11:34.269+0900][179.480s][info][gc,phases   ] GC(399)   Merge Heap Roots: 0.0ms
[2026-03-25T22:11:34.269+0900][179.480s][info][gc,phases   ] GC(399)   Evacuate Collection Set: 0.4ms
[2026-03-25T22:11:34.269+0900][179.480s][info][gc,phases   ] GC(399)   Post Evacuate Collection Set: 0.2ms
[2026-03-25T22:11:34.269+0900][179.480s][info][gc,phases   ] GC(399)   Other: 0.1ms
[2026-03-25T22:11:34.269+0900][179.480s][info][gc,heap     ] GC(399) Eden regions: 8->0(8)
[2026-03-25T22:11:34.269+0900][179.480s][info][gc,heap     ] GC(399) Survivor regions: 1->1(2)
[2026-03-25T22:11:34.269+0900][179.480s][info][gc,heap     ] GC(399) Old regions: 21->21
[2026-03-25T22:11:34.269+0900][179.480s][info][gc,heap     ] GC(399) Archive regions: 2->2
[2026-03-25T22:11:34.269+0900][179.480s][info][gc,heap     ] GC(399) Humongous regions: 24->24
[2026-03-25T22:11:34.269+0900][179.480s][info][gc,metaspace] GC(399) Metaspace: 104199K(105216K)->104199K(105216K) NonClass: 88930K(89472K)->88930K(89472K) Class: 15269K(15744K)->15269K(15744K)
[2026-03-25T22:11:34.269+0900][179.481s][info][gc          ] GC(399) Pause Young (Normal) (G1 Evacuation Pause) 213M->181M(256M) 0.803ms
[2026-03-25T22:11:34.269+0900][179.481s][info][gc,cpu      ] GC(399) User=0.00s Sys=0.00s Real=0.00s
[2026-03-25T22:11:34.520+0900][179.731s][info][gc,start    ] GC(400) Pause Young (Normal) (G1 Evacuation Pause)
[2026-03-25T22:11:34.520+0900][179.731s][info][gc,task     ] GC(400) Using 8 workers of 10 for evacuation
[2026-03-25T22:11:34.520+0900][179.732s][info][gc,phases   ] GC(400)   Pre Evacuate Collection Set: 0.1ms
[2026-03-25T22:11:34.520+0900][179.732s][info][gc,phases   ] GC(400)   Merge Heap Roots: 0.1ms
[2026-03-25T22:11:34.520+0900][179.732s][info][gc,phases   ] GC(400)   Evacuate Collection Set: 0.4ms
[2026-03-25T22:11:34.520+0900][179.732s][info][gc,phases   ] GC(400)   Post Evacuate Collection Set: 0.1ms
[2026-03-25T22:11:34.520+0900][179.732s][info][gc,phases   ] GC(400)   Other: 0.1ms
[2026-03-25T22:11:34.520+0900][179.732s][info][gc,heap     ] GC(400) Eden regions: 8->0(8)
[2026-03-25T22:11:34.520+0900][179.732s][info][gc,heap     ] GC(400) Survivor regions: 1->1(2)
[2026-03-25T22:11:34.520+0900][179.732s][info][gc,heap     ] GC(400) Old regions: 21->21
[2026-03-25T22:11:34.520+0900][179.732s][info][gc,heap     ] GC(400) Archive regions: 2->2
[2026-03-25T22:11:34.520+0900][179.732s][info][gc,heap     ] GC(400) Humongous regions: 24->24
[2026-03-25T22:11:34.520+0900][179.732s][info][gc,metaspace] GC(400) Metaspace: 104199K(105216K)->104199K(105216K) NonClass: 88930K(89472K)->88930K(89472K) Class: 15269K(15744K)->15269K(15744K)
[2026-03-25T22:11:34.520+0900][179.732s][info][gc          ] GC(400) Pause Young (Normal) (G1 Evacuation Pause) 213M->181M(256M) 0.749ms
[2026-03-25T22:11:34.520+0900][179.732s][info][gc,cpu      ] GC(400) User=0.00s Sys=0.00s Real=0.00s
[2026-03-25T22:11:34.710+0900][179.921s][info][gc,start    ] GC(401) Pause Young (Normal) (G1 Evacuation Pause)
[2026-03-25T22:11:34.710+0900][179.921s][info][gc,task     ] GC(401) Using 8 workers of 10 for evacuation
[2026-03-25T22:11:34.711+0900][179.922s][info][gc,phases   ] GC(401)   Pre Evacuate Collection Set: 0.0ms
[2026-03-25T22:11:34.711+0900][179.922s][info][gc,phases   ] GC(401)   Merge Heap Roots: 0.0ms
[2026-03-25T22:11:34.711+0900][179.922s][info][gc,phases   ] GC(401)   Evacuate Collection Set: 0.4ms
[2026-03-25T22:11:34.711+0900][179.922s][info][gc,phases   ] GC(401)   Post Evacuate Collection Set: 0.2ms
[2026-03-25T22:11:34.711+0900][179.922s][info][gc,phases   ] GC(401)   Other: 0.1ms
[2026-03-25T22:11:34.711+0900][179.922s][info][gc,heap     ] GC(401) Eden regions: 8->0(8)
[2026-03-25T22:11:34.711+0900][179.922s][info][gc,heap     ] GC(401) Survivor regions: 1->1(2)
[2026-03-25T22:11:34.711+0900][179.922s][info][gc,heap     ] GC(401) Old regions: 21->21
[2026-03-25T22:11:34.711+0900][179.922s][info][gc,heap     ] GC(401) Archive regions: 2->2
[2026-03-25T22:11:34.711+0900][179.922s][info][gc,heap     ] GC(401) Humongous regions: 24->24
[2026-03-25T22:11:34.711+0900][179.922s][info][gc,metaspace] GC(401) Metaspace: 104199K(105216K)->104199K(105216K) NonClass: 88930K(89472K)->88930K(89472K) Class: 15269K(15744K)->15269K(15744K)
[2026-03-25T22:11:34.711+0900][179.922s][info][gc          ] GC(401) Pause Young (Normal) (G1 Evacuation Pause) 213M->181M(256M) 0.780ms
[2026-03-25T22:11:34.711+0900][179.922s][info][gc,cpu      ] GC(401) User=0.00s Sys=0.00s Real=0.00s
[2026-03-25T22:11:34.852+0900][180.063s][info][gc,start    ] GC(402) Pause Young (Normal) (G1 Evacuation Pause)
[2026-03-25T22:11:34.852+0900][180.063s][info][gc,task     ] GC(402) Using 8 workers of 10 for evacuation
[2026-03-25T22:11:34.853+0900][180.064s][info][gc,phases   ] GC(402)   Pre Evacuate Collection Set: 0.0ms
[2026-03-25T22:11:34.853+0900][180.064s][info][gc,phases   ] GC(402)   Merge Heap Roots: 0.0ms
[2026-03-25T22:11:34.853+0900][180.064s][info][gc,phases   ] GC(402)   Evacuate Collection Set: 0.4ms
[2026-03-25T22:11:34.853+0900][180.064s][info][gc,phases   ] GC(402)   Post Evacuate Collection Set: 0.1ms
[2026-03-25T22:11:34.853+0900][180.064s][info][gc,phases   ] GC(402)   Other: 0.1ms
[2026-03-25T22:11:34.853+0900][180.064s][info][gc,heap     ] GC(402) Eden regions: 8->0(8)
[2026-03-25T22:11:34.853+0900][180.064s][info][gc,heap     ] GC(402) Survivor regions: 1->1(2)
[2026-03-25T22:11:34.853+0900][180.064s][info][gc,heap     ] GC(402) Old regions: 21->21
[2026-03-25T22:11:34.853+0900][180.064s][info][gc,heap     ] GC(402) Archive regions: 2->2
[2026-03-25T22:11:34.853+0900][180.064s][info][gc,heap     ] GC(402) Humongous regions: 24->24
[2026-03-25T22:11:34.853+0900][180.064s][info][gc,metaspace] GC(402) Metaspace: 104199K(105216K)->104199K(105216K) NonClass: 88930K(89472K)->88930K(89472K) Class: 15269K(15744K)->15269K(15744K)
[2026-03-25T22:11:34.853+0900][180.064s][info][gc          ] GC(402) Pause Young (Normal) (G1 Evacuation Pause) 213M->181M(256M) 0.723ms
[2026-03-25T22:11:34.853+0900][180.064s][info][gc,cpu      ] GC(402) User=0.00s Sys=0.00s Real=0.00s
[2026-03-25T22:11:35.033+0900][180.244s][info][gc,start    ] GC(403) Pause Young (Normal) (G1 Evacuation Pause)
[2026-03-25T22:11:35.033+0900][180.244s][info][gc,task     ] GC(403) Using 8 workers of 10 for evacuation
[2026-03-25T22:11:35.034+0900][180.245s][info][gc,phases   ] GC(403)   Pre Evacuate Collection Set: 0.0ms
[2026-03-25T22:11:35.034+0900][180.245s][info][gc,phases   ] GC(403)   Merge Heap Roots: 0.0ms
[2026-03-25T22:11:35.034+0900][180.245s][info][gc,phases   ] GC(403)   Evacuate Collection Set: 0.4ms
[2026-03-25T22:11:35.034+0900][180.245s][info][gc,phases   ] GC(403)   Post Evacuate Collection Set: 0.1ms
[2026-03-25T22:11:35.034+0900][180.245s][info][gc,phases   ] GC(403)   Other: 0.1ms
[2026-03-25T22:11:35.034+0900][180.245s][info][gc,heap     ] GC(403) Eden regions: 8->0(8)
[2026-03-25T22:11:35.034+0900][180.245s][info][gc,heap     ] GC(403) Survivor regions: 1->1(2)
[2026-03-25T22:11:35.034+0900][180.245s][info][gc,heap     ] GC(403) Old regions: 21->21
[2026-03-25T22:11:35.034+0900][180.245s][info][gc,heap     ] GC(403) Archive regions: 2->2
[2026-03-25T22:11:35.034+0900][180.245s][info][gc,heap     ] GC(403) Humongous regions: 24->24
[2026-03-25T22:11:35.034+0900][180.245s][info][gc,metaspace] GC(403) Metaspace: 104199K(105216K)->104199K(105216K) NonClass: 88930K(89472K)->88930K(89472K) Class: 15269K(15744K)->15269K(15744K)
[2026-03-25T22:11:35.034+0900][180.245s][info][gc          ] GC(403) Pause Young (Normal) (G1 Evacuation Pause) 213M->181M(256M) 0.733ms
[2026-03-25T22:11:35.034+0900][180.245s][info][gc,cpu      ] GC(403) User=0.01s Sys=0.00s Real=0.00s
[2026-03-25T22:11:35.174+0900][180.385s][info][gc,start    ] GC(404) Pause Young (Normal) (G1 Evacuation Pause)
[2026-03-25T22:11:35.174+0900][180.385s][info][gc,task     ] GC(404) Using 8 workers of 10 for evacuation
[2026-03-25T22:11:35.174+0900][180.385s][info][gc,phases   ] GC(404)   Pre Evacuate Collection Set: 0.0ms
[2026-03-25T22:11:35.174+0900][180.385s][info][gc,phases   ] GC(404)   Merge Heap Roots: 0.0ms
[2026-03-25T22:11:35.174+0900][180.385s][info][gc,phases   ] GC(404)   Evacuate Collection Set: 0.4ms
[2026-03-25T22:11:35.174+0900][180.385s][info][gc,phases   ] GC(404)   Post Evacuate Collection Set: 0.1ms
[2026-03-25T22:11:35.174+0900][180.385s][info][gc,phases   ] GC(404)   Other: 0.1ms
[2026-03-25T22:11:35.174+0900][180.385s][info][gc,heap     ] GC(404) Eden regions: 8->0(8)
[2026-03-25T22:11:35.174+0900][180.385s][info][gc,heap     ] GC(404) Survivor regions: 1->1(2)
[2026-03-25T22:11:35.174+0900][180.385s][info][gc,heap     ] GC(404) Old regions: 21->21
[2026-03-25T22:11:35.174+0900][180.385s][info][gc,heap     ] GC(404) Archive regions: 2->2
[2026-03-25T22:11:35.174+0900][180.385s][info][gc,heap     ] GC(404) Humongous regions: 24->24
[2026-03-25T22:11:35.174+0900][180.385s][info][gc,metaspace] GC(404) Metaspace: 104199K(105216K)->104199K(105216K) NonClass: 88930K(89472K)->88930K(89472K) Class: 15269K(15744K)->15269K(15744K)
[2026-03-25T22:11:35.174+0900][180.386s][info][gc          ] GC(404) Pause Young (Normal) (G1 Evacuation Pause) 213M->181M(256M) 0.697ms
[2026-03-25T22:11:35.174+0900][180.386s][info][gc,cpu      ] GC(404) User=0.01s Sys=0.00s Real=0.00s
[2026-03-25T22:11:35.284+0900][180.495s][info][gc,start    ] GC(405) Pause Young (Normal) (G1 Evacuation Pause)
[2026-03-25T22:11:35.284+0900][180.495s][info][gc,task     ] GC(405) Using 8 workers of 10 for evacuation
[2026-03-25T22:11:35.285+0900][180.496s][info][gc,phases   ] GC(405)   Pre Evacuate Collection Set: 0.0ms
[2026-03-25T22:11:35.285+0900][180.496s][info][gc,phases   ] GC(405)   Merge Heap Roots: 0.0ms
[2026-03-25T22:11:35.285+0900][180.496s][info][gc,phases   ] GC(405)   Evacuate Collection Set: 0.4ms
[2026-03-25T22:11:35.285+0900][180.496s][info][gc,phases   ] GC(405)   Post Evacuate Collection Set: 0.1ms
[2026-03-25T22:11:35.285+0900][180.496s][info][gc,phases   ] GC(405)   Other: 0.1ms
[2026-03-25T22:11:35.285+0900][180.496s][info][gc,heap     ] GC(405) Eden regions: 8->0(8)
[2026-03-25T22:11:35.285+0900][180.496s][info][gc,heap     ] GC(405) Survivor regions: 1->1(2)
[2026-03-25T22:11:35.285+0900][180.496s][info][gc,heap     ] GC(405) Old regions: 21->21
[2026-03-25T22:11:35.285+0900][180.496s][info][gc,heap     ] GC(405) Archive regions: 2->2
[2026-03-25T22:11:35.285+0900][180.496s][info][gc,heap     ] GC(405) Humongous regions: 24->24
[2026-03-25T22:11:35.285+0900][180.496s][info][gc,metaspace] GC(405) Metaspace: 104199K(105216K)->104199K(105216K) NonClass: 88930K(89472K)->88930K(89472K) Class: 15269K(15744K)->15269K(15744K)
[2026-03-25T22:11:35.285+0900][180.496s][info][gc          ] GC(405) Pause Young (Normal) (G1 Evacuation Pause) 213M->181M(256M) 0.721ms
[2026-03-25T22:11:35.285+0900][180.496s][info][gc,cpu      ] GC(405) User=0.00s Sys=0.00s Real=0.00s
[2026-03-25T22:11:35.480+0900][180.692s][info][gc,start    ] GC(406) Pause Young (Normal) (G1 Evacuation Pause)
[2026-03-25T22:11:35.480+0900][180.692s][info][gc,task     ] GC(406) Using 8 workers of 10 for evacuation
[2026-03-25T22:11:35.481+0900][180.692s][info][gc,phases   ] GC(406)   Pre Evacuate Collection Set: 0.0ms
[2026-03-25T22:11:35.481+0900][180.692s][info][gc,phases   ] GC(406)   Merge Heap Roots: 0.0ms
[2026-03-25T22:11:35.481+0900][180.692s][info][gc,phases   ] GC(406)   Evacuate Collection Set: 0.4ms
[2026-03-25T22:11:35.481+0900][180.692s][info][gc,phases   ] GC(406)   Post Evacuate Collection Set: 0.2ms
[2026-03-25T22:11:35.481+0900][180.692s][info][gc,phases   ] GC(406)   Other: 0.1ms
[2026-03-25T22:11:35.481+0900][180.692s][info][gc,heap     ] GC(406) Eden regions: 8->0(8)
[2026-03-25T22:11:35.481+0900][180.692s][info][gc,heap     ] GC(406) Survivor regions: 1->1(2)
[2026-03-25T22:11:35.481+0900][180.692s][info][gc,heap     ] GC(406) Old regions: 21->21
[2026-03-25T22:11:35.481+0900][180.692s][info][gc,heap     ] GC(406) Archive regions: 2->2
[2026-03-25T22:11:35.481+0900][180.692s][info][gc,heap     ] GC(406) Humongous regions: 24->24
[2026-03-25T22:11:35.481+0900][180.692s][info][gc,metaspace] GC(406) Metaspace: 104199K(105216K)->104199K(105216K) NonClass: 88930K(89472K)->88930K(89472K) Class: 15269K(15744K)->15269K(15744K)
[2026-03-25T22:11:35.481+0900][180.692s][info][gc          ] GC(406) Pause Young (Normal) (G1 Evacuation Pause) 213M->181M(256M) 0.789ms
[2026-03-25T22:11:35.481+0900][180.692s][info][gc,cpu      ] GC(406) User=0.01s Sys=0.00s Real=0.00s
[2026-03-25T22:11:35.606+0900][180.817s][info][gc,start    ] GC(407) Pause Young (Normal) (G1 Evacuation Pause)
[2026-03-25T22:11:35.606+0900][180.817s][info][gc,task     ] GC(407) Using 8 workers of 10 for evacuation
[2026-03-25T22:11:35.607+0900][180.818s][info][gc,phases   ] GC(407)   Pre Evacuate Collection Set: 0.0ms
[2026-03-25T22:11:35.607+0900][180.818s][info][gc,phases   ] GC(407)   Merge Heap Roots: 0.0ms
[2026-03-25T22:11:35.607+0900][180.818s][info][gc,phases   ] GC(407)   Evacuate Collection Set: 0.4ms
[2026-03-25T22:11:35.607+0900][180.818s][info][gc,phases   ] GC(407)   Post Evacuate Collection Set: 0.2ms
[2026-03-25T22:11:35.607+0900][180.818s][info][gc,phases   ] GC(407)   Other: 0.1ms
[2026-03-25T22:11:35.607+0900][180.818s][info][gc,heap     ] GC(407) Eden regions: 8->0(8)
[2026-03-25T22:11:35.607+0900][180.818s][info][gc,heap     ] GC(407) Survivor regions: 1->1(2)
[2026-03-25T22:11:35.607+0900][180.818s][info][gc,heap     ] GC(407) Old regions: 21->21
[2026-03-25T22:11:35.607+0900][180.818s][info][gc,heap     ] GC(407) Archive regions: 2->2
[2026-03-25T22:11:35.607+0900][180.818s][info][gc,heap     ] GC(407) Humongous regions: 24->24
[2026-03-25T22:11:35.607+0900][180.818s][info][gc,metaspace] GC(407) Metaspace: 104199K(105216K)->104199K(105216K) NonClass: 88930K(89472K)->88930K(89472K) Class: 15269K(15744K)->15269K(15744K)
[2026-03-25T22:11:35.607+0900][180.818s][info][gc          ] GC(407) Pause Young (Normal) (G1 Evacuation Pause) 213M->181M(256M) 0.743ms
[2026-03-25T22:11:35.607+0900][180.818s][info][gc,cpu      ] GC(407) User=0.01s Sys=0.00s Real=0.00s
[2026-03-25T22:11:35.796+0900][181.007s][info][gc,start    ] GC(408) Pause Young (Normal) (G1 Evacuation Pause)
[2026-03-25T22:11:35.796+0900][181.007s][info][gc,task     ] GC(408) Using 8 workers of 10 for evacuation
[2026-03-25T22:11:35.796+0900][181.007s][info][gc,phases   ] GC(408)   Pre Evacuate Collection Set: 0.0ms
[2026-03-25T22:11:35.796+0900][181.007s][info][gc,phases   ] GC(408)   Merge Heap Roots: 0.0ms
[2026-03-25T22:11:35.796+0900][181.007s][info][gc,phases   ] GC(408)   Evacuate Collection Set: 0.4ms
[2026-03-25T22:11:35.796+0900][181.007s][info][gc,phases   ] GC(408)   Post Evacuate Collection Set: 0.1ms
[2026-03-25T22:11:35.796+0900][181.007s][info][gc,phases   ] GC(408)   Other: 0.1ms
[2026-03-25T22:11:35.796+0900][181.007s][info][gc,heap     ] GC(408) Eden regions: 8->0(8)
[2026-03-25T22:11:35.796+0900][181.007s][info][gc,heap     ] GC(408) Survivor regions: 1->1(2)
[2026-03-25T22:11:35.796+0900][181.007s][info][gc,heap     ] GC(408) Old regions: 21->21
[2026-03-25T22:11:35.796+0900][181.007s][info][gc,heap     ] GC(408) Archive regions: 2->2
[2026-03-25T22:11:35.796+0900][181.007s][info][gc,heap     ] GC(408) Humongous regions: 24->24
[2026-03-25T22:11:35.796+0900][181.007s][info][gc,metaspace] GC(408) Metaspace: 104199K(105216K)->104199K(105216K) NonClass: 88930K(89472K)->88930K(89472K) Class: 15269K(15744K)->15269K(15744K)
[2026-03-25T22:11:35.796+0900][181.007s][info][gc          ] GC(408) Pause Young (Normal) (G1 Evacuation Pause) 213M->181M(256M) 0.738ms
[2026-03-25T22:11:35.796+0900][181.007s][info][gc,cpu      ] GC(408) User=0.01s Sys=0.00s Real=0.00s
[2026-03-25T22:11:35.936+0900][181.147s][info][gc,start    ] GC(409) Pause Young (Normal) (G1 Evacuation Pause)
[2026-03-25T22:11:35.936+0900][181.147s][info][gc,task     ] GC(409) Using 8 workers of 10 for evacuation
[2026-03-25T22:11:35.937+0900][181.148s][info][gc,phases   ] GC(409)   Pre Evacuate Collection Set: 0.0ms
[2026-03-25T22:11:35.937+0900][181.148s][info][gc,phases   ] GC(409)   Merge Heap Roots: 0.0ms
[2026-03-25T22:11:35.937+0900][181.148s][info][gc,phases   ] GC(409)   Evacuate Collection Set: 0.4ms
[2026-03-25T22:11:35.937+0900][181.148s][info][gc,phases   ] GC(409)   Post Evacuate Collection Set: 0.1ms
[2026-03-25T22:11:35.937+0900][181.148s][info][gc,phases   ] GC(409)   Other: 0.1ms
[2026-03-25T22:11:35.937+0900][181.148s][info][gc,heap     ] GC(409) Eden regions: 8->0(8)
[2026-03-25T22:11:35.937+0900][181.148s][info][gc,heap     ] GC(409) Survivor regions: 1->1(2)
[2026-03-25T22:11:35.937+0900][181.148s][info][gc,heap     ] GC(409) Old regions: 21->21
[2026-03-25T22:11:35.937+0900][181.148s][info][gc,heap     ] GC(409) Archive regions: 2->2
[2026-03-25T22:11:35.937+0900][181.148s][info][gc,heap     ] GC(409) Humongous regions: 24->24
[2026-03-25T22:11:35.937+0900][181.148s][info][gc,metaspace] GC(409) Metaspace: 104199K(105216K)->104199K(105216K) NonClass: 88930K(89472K)->88930K(89472K) Class: 15269K(15744K)->15269K(15744K)
[2026-03-25T22:11:35.937+0900][181.148s][info][gc          ] GC(409) Pause Young (Normal) (G1 Evacuation Pause) 213M->181M(256M) 0.730ms
[2026-03-25T22:11:35.937+0900][181.148s][info][gc,cpu      ] GC(409) User=0.00s Sys=0.00s Real=0.00s
[2026-03-25T22:11:36.065+0900][181.276s][info][gc,start    ] GC(410) Pause Young (Normal) (G1 Evacuation Pause)
[2026-03-25T22:11:36.065+0900][181.276s][info][gc,task     ] GC(410) Using 8 workers of 10 for evacuation
[2026-03-25T22:11:36.065+0900][181.276s][info][gc,phases   ] GC(410)   Pre Evacuate Collection Set: 0.0ms
[2026-03-25T22:11:36.065+0900][181.277s][info][gc,phases   ] GC(410)   Merge Heap Roots: 0.0ms
[2026-03-25T22:11:36.065+0900][181.277s][info][gc,phases   ] GC(410)   Evacuate Collection Set: 0.4ms
[2026-03-25T22:11:36.065+0900][181.277s][info][gc,phases   ] GC(410)   Post Evacuate Collection Set: 0.1ms
[2026-03-25T22:11:36.065+0900][181.277s][info][gc,phases   ] GC(410)   Other: 0.1ms
[2026-03-25T22:11:36.065+0900][181.277s][info][gc,heap     ] GC(410) Eden regions: 8->0(8)
[2026-03-25T22:11:36.065+0900][181.277s][info][gc,heap     ] GC(410) Survivor regions: 1->1(2)
[2026-03-25T22:11:36.065+0900][181.277s][info][gc,heap     ] GC(410) Old regions: 21->21
[2026-03-25T22:11:36.065+0900][181.277s][info][gc,heap     ] GC(410) Archive regions: 2->2
[2026-03-25T22:11:36.065+0900][181.277s][info][gc,heap     ] GC(410) Humongous regions: 24->24
[2026-03-25T22:11:36.065+0900][181.277s][info][gc,metaspace] GC(410) Metaspace: 104199K(105216K)->104199K(105216K) NonClass: 88930K(89472K)->88930K(89472K) Class: 15269K(15744K)->15269K(15744K)
[2026-03-25T22:11:36.065+0900][181.277s][info][gc          ] GC(410) Pause Young (Normal) (G1 Evacuation Pause) 213M->181M(256M) 0.699ms
[2026-03-25T22:11:36.065+0900][181.277s][info][gc,cpu      ] GC(410) User=0.00s Sys=0.00s Real=0.00s
[2026-03-25T22:11:36.263+0900][181.474s][info][gc,start    ] GC(411) Pause Young (Normal) (G1 Evacuation Pause)
[2026-03-25T22:11:36.263+0900][181.474s][info][gc,task     ] GC(411) Using 8 workers of 10 for evacuation
[2026-03-25T22:11:36.264+0900][181.475s][info][gc,phases   ] GC(411)   Pre Evacuate Collection Set: 0.0ms
[2026-03-25T22:11:36.264+0900][181.475s][info][gc,phases   ] GC(411)   Merge Heap Roots: 0.0ms
[2026-03-25T22:11:36.264+0900][181.475s][info][gc,phases   ] GC(411)   Evacuate Collection Set: 0.4ms
[2026-03-25T22:11:36.264+0900][181.475s][info][gc,phases   ] GC(411)   Post Evacuate Collection Set: 0.1ms
[2026-03-25T22:11:36.264+0900][181.475s][info][gc,phases   ] GC(411)   Other: 0.1ms
[2026-03-25T22:11:36.264+0900][181.475s][info][gc,heap     ] GC(411) Eden regions: 8->0(8)
[2026-03-25T22:11:36.264+0900][181.475s][info][gc,heap     ] GC(411) Survivor regions: 1->1(2)
[2026-03-25T22:11:36.264+0900][181.475s][info][gc,heap     ] GC(411) Old regions: 21->21
[2026-03-25T22:11:36.264+0900][181.475s][info][gc,heap     ] GC(411) Archive regions: 2->2
[2026-03-25T22:11:36.264+0900][181.475s][info][gc,heap     ] GC(411) Humongous regions: 24->24
[2026-03-25T22:11:36.264+0900][181.475s][info][gc,metaspace] GC(411) Metaspace: 104199K(105216K)->104199K(105216K) NonClass: 88930K(89472K)->88930K(89472K) Class: 15269K(15744K)->15269K(15744K)
[2026-03-25T22:11:36.264+0900][181.475s][info][gc          ] GC(411) Pause Young (Normal) (G1 Evacuation Pause) 213M->181M(256M) 0.724ms
[2026-03-25T22:11:36.264+0900][181.475s][info][gc,cpu      ] GC(411) User=0.00s Sys=0.00s Real=0.00s
[2026-03-25T22:11:36.386+0900][181.597s][info][gc,start    ] GC(412) Pause Young (Normal) (G1 Evacuation Pause)
[2026-03-25T22:11:36.386+0900][181.597s][info][gc,task     ] GC(412) Using 8 workers of 10 for evacuation
[2026-03-25T22:11:36.386+0900][181.597s][info][gc,phases   ] GC(412)   Pre Evacuate Collection Set: 0.0ms
[2026-03-25T22:11:36.386+0900][181.597s][info][gc,phases   ] GC(412)   Merge Heap Roots: 0.0ms
[2026-03-25T22:11:36.386+0900][181.597s][info][gc,phases   ] GC(412)   Evacuate Collection Set: 0.4ms
[2026-03-25T22:11:36.386+0900][181.597s][info][gc,phases   ] GC(412)   Post Evacuate Collection Set: 0.1ms
[2026-03-25T22:11:36.386+0900][181.597s][info][gc,phases   ] GC(412)   Other: 0.1ms
[2026-03-25T22:11:36.386+0900][181.597s][info][gc,heap     ] GC(412) Eden regions: 8->0(8)
[2026-03-25T22:11:36.386+0900][181.597s][info][gc,heap     ] GC(412) Survivor regions: 1->1(2)
[2026-03-25T22:11:36.386+0900][181.597s][info][gc,heap     ] GC(412) Old regions: 21->21
[2026-03-25T22:11:36.386+0900][181.597s][info][gc,heap     ] GC(412) Archive regions: 2->2
[2026-03-25T22:11:36.386+0900][181.597s][info][gc,heap     ] GC(412) Humongous regions: 24->24
[2026-03-25T22:11:36.386+0900][181.597s][info][gc,metaspace] GC(412) Metaspace: 104199K(105216K)->104199K(105216K) NonClass: 88930K(89472K)->88930K(89472K) Class: 15269K(15744K)->15269K(15744K)
[2026-03-25T22:11:36.386+0900][181.597s][info][gc          ] GC(412) Pause Young (Normal) (G1 Evacuation Pause) 213M->181M(256M) 0.692ms
[2026-03-25T22:11:36.386+0900][181.597s][info][gc,cpu      ] GC(412) User=0.00s Sys=0.00s Real=0.00s
[2026-03-25T22:11:36.539+0900][181.750s][info][gc,start    ] GC(413) Pause Young (Normal) (G1 Evacuation Pause)
[2026-03-25T22:11:36.539+0900][181.750s][info][gc,task     ] GC(413) Using 8 workers of 10 for evacuation
[2026-03-25T22:11:36.540+0900][181.751s][info][gc,phases   ] GC(413)   Pre Evacuate Collection Set: 0.0ms
[2026-03-25T22:11:36.540+0900][181.751s][info][gc,phases   ] GC(413)   Merge Heap Roots: 0.0ms
[2026-03-25T22:11:36.540+0900][181.751s][info][gc,phases   ] GC(413)   Evacuate Collection Set: 0.4ms
[2026-03-25T22:11:36.540+0900][181.751s][info][gc,phases   ] GC(413)   Post Evacuate Collection Set: 0.1ms
[2026-03-25T22:11:36.540+0900][181.751s][info][gc,phases   ] GC(413)   Other: 0.1ms
[2026-03-25T22:11:36.540+0900][181.751s][info][gc,heap     ] GC(413) Eden regions: 8->0(8)
[2026-03-25T22:11:36.540+0900][181.751s][info][gc,heap     ] GC(413) Survivor regions: 1->1(2)
[2026-03-25T22:11:36.540+0900][181.751s][info][gc,heap     ] GC(413) Old regions: 21->21
[2026-03-25T22:11:36.540+0900][181.751s][info][gc,heap     ] GC(413) Archive regions: 2->2
[2026-03-25T22:11:36.540+0900][181.751s][info][gc,heap     ] GC(413) Humongous regions: 24->24
[2026-03-25T22:11:36.540+0900][181.751s][info][gc,metaspace] GC(413) Metaspace: 104199K(105216K)->104199K(105216K) NonClass: 88930K(89472K)->88930K(89472K) Class: 15269K(15744K)->15269K(15744K)
[2026-03-25T22:11:36.540+0900][181.751s][info][gc          ] GC(413) Pause Young (Normal) (G1 Evacuation Pause) 213M->181M(256M) 0.717ms
[2026-03-25T22:11:36.540+0900][181.751s][info][gc,cpu      ] GC(413) User=0.00s Sys=0.00s Real=0.01s
[2026-03-25T22:11:36.646+0900][181.857s][info][gc,start    ] GC(414) Pause Young (Normal) (G1 Evacuation Pause)
[2026-03-25T22:11:36.646+0900][181.857s][info][gc,task     ] GC(414) Using 8 workers of 10 for evacuation
[2026-03-25T22:11:36.646+0900][181.858s][info][gc,phases   ] GC(414)   Pre Evacuate Collection Set: 0.0ms
[2026-03-25T22:11:36.646+0900][181.858s][info][gc,phases   ] GC(414)   Merge Heap Roots: 0.0ms
[2026-03-25T22:11:36.646+0900][181.858s][info][gc,phases   ] GC(414)   Evacuate Collection Set: 0.4ms
[2026-03-25T22:11:36.646+0900][181.858s][info][gc,phases   ] GC(414)   Post Evacuate Collection Set: 0.1ms
[2026-03-25T22:11:36.646+0900][181.858s][info][gc,phases   ] GC(414)   Other: 0.1ms
[2026-03-25T22:11:36.646+0900][181.858s][info][gc,heap     ] GC(414) Eden regions: 8->0(8)
[2026-03-25T22:11:36.646+0900][181.858s][info][gc,heap     ] GC(414) Survivor regions: 1->1(2)
[2026-03-25T22:11:36.646+0900][181.858s][info][gc,heap     ] GC(414) Old regions: 21->21
[2026-03-25T22:11:36.646+0900][181.858s][info][gc,heap     ] GC(414) Archive regions: 2->2
[2026-03-25T22:11:36.646+0900][181.858s][info][gc,heap     ] GC(414) Humongous regions: 24->24
[2026-03-25T22:11:36.646+0900][181.858s][info][gc,metaspace] GC(414) Metaspace: 104199K(105216K)->104199K(105216K) NonClass: 88930K(89472K)->88930K(89472K) Class: 15269K(15744K)->15269K(15744K)
[2026-03-25T22:11:36.646+0900][181.858s][info][gc          ] GC(414) Pause Young (Normal) (G1 Evacuation Pause) 213M->181M(256M) 0.748ms
[2026-03-25T22:11:36.646+0900][181.858s][info][gc,cpu      ] GC(414) User=0.00s Sys=0.00s Real=0.00s
[2026-03-25T22:11:36.849+0900][182.060s][info][gc,start    ] GC(415) Pause Young (Normal) (G1 Evacuation Pause)
[2026-03-25T22:11:36.849+0900][182.060s][info][gc,task     ] GC(415) Using 8 workers of 10 for evacuation
[2026-03-25T22:11:36.850+0900][182.061s][info][gc,phases   ] GC(415)   Pre Evacuate Collection Set: 0.0ms
[2026-03-25T22:11:36.850+0900][182.061s][info][gc,phases   ] GC(415)   Merge Heap Roots: 0.0ms
[2026-03-25T22:11:36.850+0900][182.061s][info][gc,phases   ] GC(415)   Evacuate Collection Set: 0.4ms
[2026-03-25T22:11:36.850+0900][182.061s][info][gc,phases   ] GC(415)   Post Evacuate Collection Set: 0.1ms
[2026-03-25T22:11:36.850+0900][182.061s][info][gc,phases   ] GC(415)   Other: 0.1ms
[2026-03-25T22:11:36.850+0900][182.061s][info][gc,heap     ] GC(415) Eden regions: 8->0(8)
[2026-03-25T22:11:36.850+0900][182.061s][info][gc,heap     ] GC(415) Survivor regions: 1->1(2)
[2026-03-25T22:11:36.850+0900][182.061s][info][gc,heap     ] GC(415) Old regions: 21->21
[2026-03-25T22:11:36.850+0900][182.061s][info][gc,heap     ] GC(415) Archive regions: 2->2
[2026-03-25T22:11:36.850+0900][182.061s][info][gc,heap     ] GC(415) Humongous regions: 24->24
[2026-03-25T22:11:36.850+0900][182.061s][info][gc,metaspace] GC(415) Metaspace: 104199K(105216K)->104199K(105216K) NonClass: 88930K(89472K)->88930K(89472K) Class: 15269K(15744K)->15269K(15744K)
[2026-03-25T22:11:36.850+0900][182.061s][info][gc          ] GC(415) Pause Young (Normal) (G1 Evacuation Pause) 213M->181M(256M) 0.706ms
[2026-03-25T22:11:36.850+0900][182.061s][info][gc,cpu      ] GC(415) User=0.01s Sys=0.00s Real=0.01s
[2026-03-25T22:11:36.999+0900][182.210s][info][gc,start    ] GC(416) Pause Young (Normal) (G1 Evacuation Pause)
[2026-03-25T22:11:36.999+0900][182.210s][info][gc,task     ] GC(416) Using 8 workers of 10 for evacuation
[2026-03-25T22:11:37.000+0900][182.211s][info][gc,phases   ] GC(416)   Pre Evacuate Collection Set: 0.0ms
[2026-03-25T22:11:37.000+0900][182.211s][info][gc,phases   ] GC(416)   Merge Heap Roots: 0.0ms
[2026-03-25T22:11:37.000+0900][182.211s][info][gc,phases   ] GC(416)   Evacuate Collection Set: 0.4ms
[2026-03-25T22:11:37.000+0900][182.211s][info][gc,phases   ] GC(416)   Post Evacuate Collection Set: 0.2ms
[2026-03-25T22:11:37.000+0900][182.211s][info][gc,phases   ] GC(416)   Other: 0.1ms
[2026-03-25T22:11:37.000+0900][182.211s][info][gc,heap     ] GC(416) Eden regions: 8->0(8)
[2026-03-25T22:11:37.000+0900][182.211s][info][gc,heap     ] GC(416) Survivor regions: 1->1(2)
[2026-03-25T22:11:37.000+0900][182.211s][info][gc,heap     ] GC(416) Old regions: 21->21
[2026-03-25T22:11:37.000+0900][182.211s][info][gc,heap     ] GC(416) Archive regions: 2->2
[2026-03-25T22:11:37.000+0900][182.211s][info][gc,heap     ] GC(416) Humongous regions: 24->24
[2026-03-25T22:11:37.000+0900][182.211s][info][gc,metaspace] GC(416) Metaspace: 104199K(105216K)->104199K(105216K) NonClass: 88930K(89472K)->88930K(89472K) Class: 15269K(15744K)->15269K(15744K)
[2026-03-25T22:11:37.000+0900][182.211s][info][gc          ] GC(416) Pause Young (Normal) (G1 Evacuation Pause) 213M->181M(256M) 0.733ms
[2026-03-25T22:11:37.000+0900][182.211s][info][gc,cpu      ] GC(416) User=0.00s Sys=0.00s Real=0.01s
[2026-03-25T22:11:37.159+0900][182.371s][info][gc,start    ] GC(417) Pause Young (Normal) (G1 Evacuation Pause)
[2026-03-25T22:11:37.159+0900][182.371s][info][gc,task     ] GC(417) Using 8 workers of 10 for evacuation
[2026-03-25T22:11:37.160+0900][182.371s][info][gc,phases   ] GC(417)   Pre Evacuate Collection Set: 0.0ms
[2026-03-25T22:11:37.160+0900][182.371s][info][gc,phases   ] GC(417)   Merge Heap Roots: 0.0ms
[2026-03-25T22:11:37.160+0900][182.371s][info][gc,phases   ] GC(417)   Evacuate Collection Set: 0.4ms
[2026-03-25T22:11:37.160+0900][182.371s][info][gc,phases   ] GC(417)   Post Evacuate Collection Set: 0.1ms
[2026-03-25T22:11:37.160+0900][182.371s][info][gc,phases   ] GC(417)   Other: 0.1ms
[2026-03-25T22:11:37.160+0900][182.371s][info][gc,heap     ] GC(417) Eden regions: 8->0(8)
[2026-03-25T22:11:37.160+0900][182.371s][info][gc,heap     ] GC(417) Survivor regions: 1->1(2)
[2026-03-25T22:11:37.160+0900][182.371s][info][gc,heap     ] GC(417) Old regions: 21->21
[2026-03-25T22:11:37.160+0900][182.371s][info][gc,heap     ] GC(417) Archive regions: 2->2
[2026-03-25T22:11:37.160+0900][182.371s][info][gc,heap     ] GC(417) Humongous regions: 24->24
[2026-03-25T22:11:37.160+0900][182.371s][info][gc,metaspace] GC(417) Metaspace: 104199K(105216K)->104199K(105216K) NonClass: 88930K(89472K)->88930K(89472K) Class: 15269K(15744K)->15269K(15744K)
[2026-03-25T22:11:37.160+0900][182.371s][info][gc          ] GC(417) Pause Young (Normal) (G1 Evacuation Pause) 213M->181M(256M) 0.770ms
[2026-03-25T22:11:37.160+0900][182.371s][info][gc,cpu      ] GC(417) User=0.00s Sys=0.00s Real=0.01s
[2026-03-25T22:11:37.333+0900][182.545s][info][gc,start    ] GC(418) Pause Young (Normal) (G1 Evacuation Pause)
[2026-03-25T22:11:37.333+0900][182.545s][info][gc,task     ] GC(418) Using 8 workers of 10 for evacuation
[2026-03-25T22:11:37.334+0900][182.545s][info][gc,phases   ] GC(418)   Pre Evacuate Collection Set: 0.0ms
[2026-03-25T22:11:37.334+0900][182.545s][info][gc,phases   ] GC(418)   Merge Heap Roots: 0.0ms
[2026-03-25T22:11:37.334+0900][182.545s][info][gc,phases   ] GC(418)   Evacuate Collection Set: 0.4ms
[2026-03-25T22:11:37.334+0900][182.545s][info][gc,phases   ] GC(418)   Post Evacuate Collection Set: 0.2ms
[2026-03-25T22:11:37.334+0900][182.545s][info][gc,phases   ] GC(418)   Other: 0.1ms
[2026-03-25T22:11:37.334+0900][182.545s][info][gc,heap     ] GC(418) Eden regions: 8->0(8)
[2026-03-25T22:11:37.334+0900][182.545s][info][gc,heap     ] GC(418) Survivor regions: 1->1(2)
[2026-03-25T22:11:37.334+0900][182.545s][info][gc,heap     ] GC(418) Old regions: 21->21
[2026-03-25T22:11:37.334+0900][182.545s][info][gc,heap     ] GC(418) Archive regions: 2->2
[2026-03-25T22:11:37.334+0900][182.545s][info][gc,heap     ] GC(418) Humongous regions: 24->24
[2026-03-25T22:11:37.334+0900][182.545s][info][gc,metaspace] GC(418) Metaspace: 104199K(105216K)->104199K(105216K) NonClass: 88930K(89472K)->88930K(89472K) Class: 15269K(15744K)->15269K(15744K)
[2026-03-25T22:11:37.334+0900][182.545s][info][gc          ] GC(418) Pause Young (Normal) (G1 Evacuation Pause) 213M->181M(256M) 0.709ms
[2026-03-25T22:11:37.334+0900][182.545s][info][gc,cpu      ] GC(418) User=0.00s Sys=0.00s Real=0.00s
[2026-03-25T22:11:37.533+0900][182.744s][info][gc,start    ] GC(419) Pause Young (Normal) (G1 Evacuation Pause)
[2026-03-25T22:11:37.533+0900][182.744s][info][gc,task     ] GC(419) Using 8 workers of 10 for evacuation
[2026-03-25T22:11:37.534+0900][182.745s][info][gc,phases   ] GC(419)   Pre Evacuate Collection Set: 0.1ms
[2026-03-25T22:11:37.534+0900][182.745s][info][gc,phases   ] GC(419)   Merge Heap Roots: 0.0ms
[2026-03-25T22:11:37.534+0900][182.745s][info][gc,phases   ] GC(419)   Evacuate Collection Set: 0.4ms
[2026-03-25T22:11:37.534+0900][182.745s][info][gc,phases   ] GC(419)   Post Evacuate Collection Set: 0.1ms
[2026-03-25T22:11:37.534+0900][182.745s][info][gc,phases   ] GC(419)   Other: 0.1ms
[2026-03-25T22:11:37.534+0900][182.745s][info][gc,heap     ] GC(419) Eden regions: 8->0(8)
[2026-03-25T22:11:37.534+0900][182.745s][info][gc,heap     ] GC(419) Survivor regions: 1->1(2)
[2026-03-25T22:11:37.534+0900][182.745s][info][gc,heap     ] GC(419) Old regions: 21->21
[2026-03-25T22:11:37.534+0900][182.745s][info][gc,heap     ] GC(419) Archive regions: 2->2
[2026-03-25T22:11:37.534+0900][182.745s][info][gc,heap     ] GC(419) Humongous regions: 24->24
[2026-03-25T22:11:37.534+0900][182.745s][info][gc,metaspace] GC(419) Metaspace: 104199K(105216K)->104199K(105216K) NonClass: 88930K(89472K)->88930K(89472K) Class: 15269K(15744K)->15269K(15744K)
[2026-03-25T22:11:37.534+0900][182.745s][info][gc          ] GC(419) Pause Young (Normal) (G1 Evacuation Pause) 213M->181M(256M) 0.725ms
[2026-03-25T22:11:37.534+0900][182.745s][info][gc,cpu      ] GC(419) User=0.00s Sys=0.00s Real=0.00s
[2026-03-25T22:11:37.697+0900][182.908s][info][gc,start    ] GC(420) Pause Young (Normal) (G1 Evacuation Pause)
[2026-03-25T22:11:37.697+0900][182.908s][info][gc,task     ] GC(420) Using 8 workers of 10 for evacuation
[2026-03-25T22:11:37.698+0900][182.909s][info][gc,phases   ] GC(420)   Pre Evacuate Collection Set: 0.0ms
[2026-03-25T22:11:37.698+0900][182.909s][info][gc,phases   ] GC(420)   Merge Heap Roots: 0.0ms
[2026-03-25T22:11:37.698+0900][182.909s][info][gc,phases   ] GC(420)   Evacuate Collection Set: 0.4ms
[2026-03-25T22:11:37.698+0900][182.909s][info][gc,phases   ] GC(420)   Post Evacuate Collection Set: 0.1ms
[2026-03-25T22:11:37.698+0900][182.909s][info][gc,phases   ] GC(420)   Other: 0.1ms
[2026-03-25T22:11:37.698+0900][182.909s][info][gc,heap     ] GC(420) Eden regions: 8->0(8)
[2026-03-25T22:11:37.698+0900][182.909s][info][gc,heap     ] GC(420) Survivor regions: 1->1(2)
[2026-03-25T22:11:37.698+0900][182.909s][info][gc,heap     ] GC(420) Old regions: 21->21
[2026-03-25T22:11:37.698+0900][182.909s][info][gc,heap     ] GC(420) Archive regions: 2->2
[2026-03-25T22:11:37.698+0900][182.909s][info][gc,heap     ] GC(420) Humongous regions: 24->24
[2026-03-25T22:11:37.698+0900][182.909s][info][gc,metaspace] GC(420) Metaspace: 104199K(105216K)->104199K(105216K) NonClass: 88930K(89472K)->88930K(89472K) Class: 15269K(15744K)->15269K(15744K)
[2026-03-25T22:11:37.698+0900][182.909s][info][gc          ] GC(420) Pause Young (Normal) (G1 Evacuation Pause) 213M->182M(256M) 0.699ms
[2026-03-25T22:11:37.698+0900][182.909s][info][gc,cpu      ] GC(420) User=0.01s Sys=0.00s Real=0.00s
[2026-03-25T22:11:37.913+0900][183.124s][info][gc,start    ] GC(421) Pause Young (Normal) (G1 Evacuation Pause)
[2026-03-25T22:11:37.913+0900][183.124s][info][gc,task     ] GC(421) Using 8 workers of 10 for evacuation
[2026-03-25T22:11:37.913+0900][183.125s][info][gc,phases   ] GC(421)   Pre Evacuate Collection Set: 0.0ms
[2026-03-25T22:11:37.913+0900][183.125s][info][gc,phases   ] GC(421)   Merge Heap Roots: 0.0ms
[2026-03-25T22:11:37.913+0900][183.125s][info][gc,phases   ] GC(421)   Evacuate Collection Set: 0.5ms
[2026-03-25T22:11:37.913+0900][183.125s][info][gc,phases   ] GC(421)   Post Evacuate Collection Set: 0.1ms
[2026-03-25T22:11:37.913+0900][183.125s][info][gc,phases   ] GC(421)   Other: 0.1ms
[2026-03-25T22:11:37.913+0900][183.125s][info][gc,heap     ] GC(421) Eden regions: 8->0(8)
[2026-03-25T22:11:37.913+0900][183.125s][info][gc,heap     ] GC(421) Survivor regions: 1->1(2)
[2026-03-25T22:11:37.913+0900][183.125s][info][gc,heap     ] GC(421) Old regions: 21->21
[2026-03-25T22:11:37.913+0900][183.125s][info][gc,heap     ] GC(421) Archive regions: 2->2
[2026-03-25T22:11:37.913+0900][183.125s][info][gc,heap     ] GC(421) Humongous regions: 24->24
[2026-03-25T22:11:37.913+0900][183.125s][info][gc,metaspace] GC(421) Metaspace: 104199K(105216K)->104199K(105216K) NonClass: 88930K(89472K)->88930K(89472K) Class: 15269K(15744K)->15269K(15744K)
[2026-03-25T22:11:37.913+0900][183.125s][info][gc          ] GC(421) Pause Young (Normal) (G1 Evacuation Pause) 214M->182M(256M) 0.822ms
[2026-03-25T22:11:37.913+0900][183.125s][info][gc,cpu      ] GC(421) User=0.00s Sys=0.00s Real=0.00s
[2026-03-25T22:11:38.059+0900][183.270s][info][gc,start    ] GC(422) Pause Young (Normal) (G1 Evacuation Pause)
[2026-03-25T22:11:38.059+0900][183.270s][info][gc,task     ] GC(422) Using 8 workers of 10 for evacuation
[2026-03-25T22:11:38.060+0900][183.271s][info][gc,phases   ] GC(422)   Pre Evacuate Collection Set: 0.0ms
[2026-03-25T22:11:38.060+0900][183.271s][info][gc,phases   ] GC(422)   Merge Heap Roots: 0.0ms
[2026-03-25T22:11:38.060+0900][183.271s][info][gc,phases   ] GC(422)   Evacuate Collection Set: 0.4ms
[2026-03-25T22:11:38.060+0900][183.271s][info][gc,phases   ] GC(422)   Post Evacuate Collection Set: 0.1ms
[2026-03-25T22:11:38.060+0900][183.271s][info][gc,phases   ] GC(422)   Other: 0.1ms
[2026-03-25T22:11:38.060+0900][183.271s][info][gc,heap     ] GC(422) Eden regions: 8->0(8)
[2026-03-25T22:11:38.060+0900][183.271s][info][gc,heap     ] GC(422) Survivor regions: 1->1(2)
[2026-03-25T22:11:38.060+0900][183.271s][info][gc,heap     ] GC(422) Old regions: 21->21
[2026-03-25T22:11:38.060+0900][183.271s][info][gc,heap     ] GC(422) Archive regions: 2->2
[2026-03-25T22:11:38.060+0900][183.271s][info][gc,heap     ] GC(422) Humongous regions: 24->24
[2026-03-25T22:11:38.060+0900][183.271s][info][gc,metaspace] GC(422) Metaspace: 104199K(105216K)->104199K(105216K) NonClass: 88930K(89472K)->88930K(89472K) Class: 15269K(15744K)->15269K(15744K)
[2026-03-25T22:11:38.060+0900][183.271s][info][gc          ] GC(422) Pause Young (Normal) (G1 Evacuation Pause) 214M->182M(256M) 0.719ms
[2026-03-25T22:11:38.060+0900][183.271s][info][gc,cpu      ] GC(422) User=0.00s Sys=0.00s Real=0.01s
[2026-03-25T22:11:38.230+0900][183.441s][info][gc,start    ] GC(423) Pause Young (Normal) (G1 Evacuation Pause)
[2026-03-25T22:11:38.230+0900][183.441s][info][gc,task     ] GC(423) Using 8 workers of 10 for evacuation
[2026-03-25T22:11:38.231+0900][183.442s][info][gc,phases   ] GC(423)   Pre Evacuate Collection Set: 0.0ms
[2026-03-25T22:11:38.231+0900][183.442s][info][gc,phases   ] GC(423)   Merge Heap Roots: 0.0ms
[2026-03-25T22:11:38.231+0900][183.442s][info][gc,phases   ] GC(423)   Evacuate Collection Set: 0.4ms
[2026-03-25T22:11:38.231+0900][183.442s][info][gc,phases   ] GC(423)   Post Evacuate Collection Set: 0.1ms
[2026-03-25T22:11:38.231+0900][183.442s][info][gc,phases   ] GC(423)   Other: 0.1ms
[2026-03-25T22:11:38.231+0900][183.442s][info][gc,heap     ] GC(423) Eden regions: 8->0(8)
[2026-03-25T22:11:38.231+0900][183.442s][info][gc,heap     ] GC(423) Survivor regions: 1->1(2)
[2026-03-25T22:11:38.231+0900][183.442s][info][gc,heap     ] GC(423) Old regions: 21->21
[2026-03-25T22:11:38.231+0900][183.442s][info][gc,heap     ] GC(423) Archive regions: 2->2
[2026-03-25T22:11:38.231+0900][183.442s][info][gc,heap     ] GC(423) Humongous regions: 24->24
[2026-03-25T22:11:38.231+0900][183.442s][info][gc,metaspace] GC(423) Metaspace: 104199K(105216K)->104199K(105216K) NonClass: 88930K(89472K)->88930K(89472K) Class: 15269K(15744K)->15269K(15744K)
[2026-03-25T22:11:38.231+0900][183.442s][info][gc          ] GC(423) Pause Young (Normal) (G1 Evacuation Pause) 214M->182M(256M) 0.728ms
[2026-03-25T22:11:38.231+0900][183.442s][info][gc,cpu      ] GC(423) User=0.01s Sys=0.00s Real=0.00s
[2026-03-25T22:11:38.416+0900][183.627s][info][gc,start    ] GC(424) Pause Young (Normal) (G1 Evacuation Pause)
[2026-03-25T22:11:38.416+0900][183.627s][info][gc,task     ] GC(424) Using 8 workers of 10 for evacuation
[2026-03-25T22:11:38.417+0900][183.628s][info][gc,phases   ] GC(424)   Pre Evacuate Collection Set: 0.0ms
[2026-03-25T22:11:38.417+0900][183.628s][info][gc,phases   ] GC(424)   Merge Heap Roots: 0.0ms
[2026-03-25T22:11:38.417+0900][183.628s][info][gc,phases   ] GC(424)   Evacuate Collection Set: 0.4ms
[2026-03-25T22:11:38.417+0900][183.628s][info][gc,phases   ] GC(424)   Post Evacuate Collection Set: 0.1ms
[2026-03-25T22:11:38.417+0900][183.628s][info][gc,phases   ] GC(424)   Other: 0.1ms
[2026-03-25T22:11:38.417+0900][183.628s][info][gc,heap     ] GC(424) Eden regions: 8->0(8)
[2026-03-25T22:11:38.417+0900][183.628s][info][gc,heap     ] GC(424) Survivor regions: 1->1(2)
[2026-03-25T22:11:38.417+0900][183.628s][info][gc,heap     ] GC(424) Old regions: 21->21
[2026-03-25T22:11:38.417+0900][183.628s][info][gc,heap     ] GC(424) Archive regions: 2->2
[2026-03-25T22:11:38.417+0900][183.628s][info][gc,heap     ] GC(424) Humongous regions: 24->24
[2026-03-25T22:11:38.417+0900][183.628s][info][gc,metaspace] GC(424) Metaspace: 104199K(105216K)->104199K(105216K) NonClass: 88930K(89472K)->88930K(89472K) Class: 15269K(15744K)->15269K(15744K)
[2026-03-25T22:11:38.417+0900][183.628s][info][gc          ] GC(424) Pause Young (Normal) (G1 Evacuation Pause) 214M->182M(256M) 0.770ms
[2026-03-25T22:11:38.417+0900][183.628s][info][gc,cpu      ] GC(424) User=0.00s Sys=0.00s Real=0.00s
[2026-03-25T22:11:38.696+0900][183.907s][info][gc,start    ] GC(425) Pause Young (Normal) (G1 Evacuation Pause)
[2026-03-25T22:11:38.696+0900][183.907s][info][gc,task     ] GC(425) Using 8 workers of 10 for evacuation
[2026-03-25T22:11:38.697+0900][183.908s][info][gc,phases   ] GC(425)   Pre Evacuate Collection Set: 0.0ms
[2026-03-25T22:11:38.697+0900][183.908s][info][gc,phases   ] GC(425)   Merge Heap Roots: 0.0ms
[2026-03-25T22:11:38.697+0900][183.908s][info][gc,phases   ] GC(425)   Evacuate Collection Set: 0.4ms
[2026-03-25T22:11:38.697+0900][183.908s][info][gc,phases   ] GC(425)   Post Evacuate Collection Set: 0.2ms
[2026-03-25T22:11:38.697+0900][183.908s][info][gc,phases   ] GC(425)   Other: 0.1ms
[2026-03-25T22:11:38.697+0900][183.908s][info][gc,heap     ] GC(425) Eden regions: 8->0(8)
[2026-03-25T22:11:38.697+0900][183.908s][info][gc,heap     ] GC(425) Survivor regions: 1->1(2)
[2026-03-25T22:11:38.697+0900][183.908s][info][gc,heap     ] GC(425) Old regions: 21->21
[2026-03-25T22:11:38.697+0900][183.908s][info][gc,heap     ] GC(425) Archive regions: 2->2
[2026-03-25T22:11:38.697+0900][183.908s][info][gc,heap     ] GC(425) Humongous regions: 24->24
[2026-03-25T22:11:38.697+0900][183.908s][info][gc,metaspace] GC(425) Metaspace: 104199K(105216K)->104199K(105216K) NonClass: 88930K(89472K)->88930K(89472K) Class: 15269K(15744K)->15269K(15744K)
[2026-03-25T22:11:38.697+0900][183.908s][info][gc          ] GC(425) Pause Young (Normal) (G1 Evacuation Pause) 214M->182M(256M) 0.757ms
[2026-03-25T22:11:38.697+0900][183.908s][info][gc,cpu      ] GC(425) User=0.00s Sys=0.00s Real=0.00s
[2026-03-25T22:11:38.915+0900][184.126s][info][gc,start    ] GC(426) Pause Young (Normal) (G1 Evacuation Pause)
[2026-03-25T22:11:38.915+0900][184.126s][info][gc,task     ] GC(426) Using 8 workers of 10 for evacuation
[2026-03-25T22:11:38.916+0900][184.127s][info][gc,phases   ] GC(426)   Pre Evacuate Collection Set: 0.1ms
[2026-03-25T22:11:38.916+0900][184.127s][info][gc,phases   ] GC(426)   Merge Heap Roots: 0.1ms
[2026-03-25T22:11:38.916+0900][184.127s][info][gc,phases   ] GC(426)   Evacuate Collection Set: 0.4ms
[2026-03-25T22:11:38.916+0900][184.127s][info][gc,phases   ] GC(426)   Post Evacuate Collection Set: 0.1ms
[2026-03-25T22:11:38.916+0900][184.127s][info][gc,phases   ] GC(426)   Other: 0.1ms
[2026-03-25T22:11:38.916+0900][184.127s][info][gc,heap     ] GC(426) Eden regions: 8->0(8)
[2026-03-25T22:11:38.916+0900][184.127s][info][gc,heap     ] GC(426) Survivor regions: 1->1(2)
[2026-03-25T22:11:38.916+0900][184.127s][info][gc,heap     ] GC(426) Old regions: 21->21
[2026-03-25T22:11:38.916+0900][184.127s][info][gc,heap     ] GC(426) Archive regions: 2->2
[2026-03-25T22:11:38.916+0900][184.127s][info][gc,heap     ] GC(426) Humongous regions: 24->24
[2026-03-25T22:11:38.916+0900][184.127s][info][gc,metaspace] GC(426) Metaspace: 104199K(105216K)->104199K(105216K) NonClass: 88930K(89472K)->88930K(89472K) Class: 15269K(15744K)->15269K(15744K)
[2026-03-25T22:11:38.916+0900][184.127s][info][gc          ] GC(426) Pause Young (Normal) (G1 Evacuation Pause) 214M->182M(256M) 0.770ms
[2026-03-25T22:11:38.916+0900][184.127s][info][gc,cpu      ] GC(426) User=0.01s Sys=0.00s Real=0.00s
[2026-03-25T22:11:39.062+0900][184.273s][info][gc,start    ] GC(427) Pause Young (Normal) (G1 Evacuation Pause)
[2026-03-25T22:11:39.062+0900][184.273s][info][gc,task     ] GC(427) Using 8 workers of 10 for evacuation
[2026-03-25T22:11:39.063+0900][184.274s][info][gc,phases   ] GC(427)   Pre Evacuate Collection Set: 0.0ms
[2026-03-25T22:11:39.063+0900][184.274s][info][gc,phases   ] GC(427)   Merge Heap Roots: 0.0ms
[2026-03-25T22:11:39.063+0900][184.274s][info][gc,phases   ] GC(427)   Evacuate Collection Set: 0.5ms
[2026-03-25T22:11:39.063+0900][184.274s][info][gc,phases   ] GC(427)   Post Evacuate Collection Set: 0.1ms
[2026-03-25T22:11:39.063+0900][184.274s][info][gc,phases   ] GC(427)   Other: 0.1ms
[2026-03-25T22:11:39.063+0900][184.274s][info][gc,heap     ] GC(427) Eden regions: 8->0(8)
[2026-03-25T22:11:39.063+0900][184.274s][info][gc,heap     ] GC(427) Survivor regions: 1->1(2)
[2026-03-25T22:11:39.063+0900][184.274s][info][gc,heap     ] GC(427) Old regions: 21->21
[2026-03-25T22:11:39.063+0900][184.274s][info][gc,heap     ] GC(427) Archive regions: 2->2
[2026-03-25T22:11:39.063+0900][184.274s][info][gc,heap     ] GC(427) Humongous regions: 24->24
[2026-03-25T22:11:39.063+0900][184.274s][info][gc,metaspace] GC(427) Metaspace: 104199K(105216K)->104199K(105216K) NonClass: 88930K(89472K)->88930K(89472K) Class: 15269K(15744K)->15269K(15744K)
[2026-03-25T22:11:39.063+0900][184.274s][info][gc          ] GC(427) Pause Young (Normal) (G1 Evacuation Pause) 214M->182M(256M) 0.844ms
[2026-03-25T22:11:39.063+0900][184.274s][info][gc,cpu      ] GC(427) User=0.01s Sys=0.00s Real=0.00s
[2026-03-25T22:11:39.183+0900][184.394s][info][gc,start    ] GC(428) Pause Young (Normal) (G1 Evacuation Pause)
[2026-03-25T22:11:39.183+0900][184.394s][info][gc,task     ] GC(428) Using 8 workers of 10 for evacuation
[2026-03-25T22:11:39.184+0900][184.395s][info][gc,phases   ] GC(428)   Pre Evacuate Collection Set: 0.0ms
[2026-03-25T22:11:39.184+0900][184.395s][info][gc,phases   ] GC(428)   Merge Heap Roots: 0.0ms
[2026-03-25T22:11:39.184+0900][184.395s][info][gc,phases   ] GC(428)   Evacuate Collection Set: 0.4ms
[2026-03-25T22:11:39.184+0900][184.395s][info][gc,phases   ] GC(428)   Post Evacuate Collection Set: 0.1ms
[2026-03-25T22:11:39.184+0900][184.395s][info][gc,phases   ] GC(428)   Other: 0.1ms
[2026-03-25T22:11:39.184+0900][184.395s][info][gc,heap     ] GC(428) Eden regions: 8->0(8)
[2026-03-25T22:11:39.184+0900][184.395s][info][gc,heap     ] GC(428) Survivor regions: 1->1(2)
[2026-03-25T22:11:39.184+0900][184.395s][info][gc,heap     ] GC(428) Old regions: 21->21
[2026-03-25T22:11:39.184+0900][184.395s][info][gc,heap     ] GC(428) Archive regions: 2->2
[2026-03-25T22:11:39.184+0900][184.395s][info][gc,heap     ] GC(428) Humongous regions: 24->24
[2026-03-25T22:11:39.184+0900][184.395s][info][gc,metaspace] GC(428) Metaspace: 104199K(105216K)->104199K(105216K) NonClass: 88930K(89472K)->88930K(89472K) Class: 15269K(15744K)->15269K(15744K)
[2026-03-25T22:11:39.184+0900][184.395s][info][gc          ] GC(428) Pause Young (Normal) (G1 Evacuation Pause) 214M->182M(256M) 0.759ms
[2026-03-25T22:11:39.184+0900][184.395s][info][gc,cpu      ] GC(428) User=0.00s Sys=0.00s Real=0.00s
[2026-03-25T22:11:39.399+0900][184.611s][info][gc,start    ] GC(429) Pause Young (Normal) (G1 Evacuation Pause)
[2026-03-25T22:11:39.400+0900][184.611s][info][gc,task     ] GC(429) Using 8 workers of 10 for evacuation
[2026-03-25T22:11:39.400+0900][184.611s][info][gc,phases   ] GC(429)   Pre Evacuate Collection Set: 0.0ms
[2026-03-25T22:11:39.400+0900][184.611s][info][gc,phases   ] GC(429)   Merge Heap Roots: 0.0ms
[2026-03-25T22:11:39.400+0900][184.611s][info][gc,phases   ] GC(429)   Evacuate Collection Set: 0.4ms
[2026-03-25T22:11:39.400+0900][184.611s][info][gc,phases   ] GC(429)   Post Evacuate Collection Set: 0.1ms
[2026-03-25T22:11:39.400+0900][184.611s][info][gc,phases   ] GC(429)   Other: 0.1ms
[2026-03-25T22:11:39.400+0900][184.611s][info][gc,heap     ] GC(429) Eden regions: 8->0(8)
[2026-03-25T22:11:39.400+0900][184.611s][info][gc,heap     ] GC(429) Survivor regions: 1->1(2)
[2026-03-25T22:11:39.400+0900][184.611s][info][gc,heap     ] GC(429) Old regions: 21->21
[2026-03-25T22:11:39.400+0900][184.611s][info][gc,heap     ] GC(429) Archive regions: 2->2
[2026-03-25T22:11:39.400+0900][184.611s][info][gc,heap     ] GC(429) Humongous regions: 24->24
[2026-03-25T22:11:39.400+0900][184.611s][info][gc,metaspace] GC(429) Metaspace: 104199K(105216K)->104199K(105216K) NonClass: 88930K(89472K)->88930K(89472K) Class: 15269K(15744K)->15269K(15744K)
[2026-03-25T22:11:39.400+0900][184.611s][info][gc          ] GC(429) Pause Young (Normal) (G1 Evacuation Pause) 214M->182M(256M) 0.779ms
[2026-03-25T22:11:39.400+0900][184.611s][info][gc,cpu      ] GC(429) User=0.00s Sys=0.00s Real=0.01s
[2026-03-25T22:11:39.567+0900][184.778s][info][gc,start    ] GC(430) Pause Young (Normal) (G1 Evacuation Pause)
[2026-03-25T22:11:39.567+0900][184.778s][info][gc,task     ] GC(430) Using 8 workers of 10 for evacuation
[2026-03-25T22:11:39.567+0900][184.779s][info][gc,phases   ] GC(430)   Pre Evacuate Collection Set: 0.0ms
[2026-03-25T22:11:39.567+0900][184.779s][info][gc,phases   ] GC(430)   Merge Heap Roots: 0.1ms
[2026-03-25T22:11:39.567+0900][184.779s][info][gc,phases   ] GC(430)   Evacuate Collection Set: 0.4ms
[2026-03-25T22:11:39.567+0900][184.779s][info][gc,phases   ] GC(430)   Post Evacuate Collection Set: 0.1ms
[2026-03-25T22:11:39.567+0900][184.779s][info][gc,phases   ] GC(430)   Other: 0.1ms
[2026-03-25T22:11:39.567+0900][184.779s][info][gc,heap     ] GC(430) Eden regions: 8->0(8)
[2026-03-25T22:11:39.567+0900][184.779s][info][gc,heap     ] GC(430) Survivor regions: 1->1(2)
[2026-03-25T22:11:39.567+0900][184.779s][info][gc,heap     ] GC(430) Old regions: 21->21
[2026-03-25T22:11:39.567+0900][184.779s][info][gc,heap     ] GC(430) Archive regions: 2->2
[2026-03-25T22:11:39.567+0900][184.779s][info][gc,heap     ] GC(430) Humongous regions: 24->24
[2026-03-25T22:11:39.567+0900][184.779s][info][gc,metaspace] GC(430) Metaspace: 104199K(105216K)->104199K(105216K) NonClass: 88930K(89472K)->88930K(89472K) Class: 15269K(15744K)->15269K(15744K)
[2026-03-25T22:11:39.567+0900][184.779s][info][gc          ] GC(430) Pause Young (Normal) (G1 Evacuation Pause) 214M->182M(256M) 0.730ms
[2026-03-25T22:11:39.567+0900][184.779s][info][gc,cpu      ] GC(430) User=0.00s Sys=0.00s Real=0.00s
[2026-03-25T22:11:39.677+0900][184.888s][info][gc,start    ] GC(431) Pause Young (Normal) (G1 Evacuation Pause)
[2026-03-25T22:11:39.677+0900][184.888s][info][gc,task     ] GC(431) Using 8 workers of 10 for evacuation
[2026-03-25T22:11:39.678+0900][184.889s][info][gc,phases   ] GC(431)   Pre Evacuate Collection Set: 0.0ms
[2026-03-25T22:11:39.678+0900][184.889s][info][gc,phases   ] GC(431)   Merge Heap Roots: 0.1ms
[2026-03-25T22:11:39.678+0900][184.889s][info][gc,phases   ] GC(431)   Evacuate Collection Set: 0.5ms
[2026-03-25T22:11:39.678+0900][184.889s][info][gc,phases   ] GC(431)   Post Evacuate Collection Set: 0.2ms
[2026-03-25T22:11:39.678+0900][184.889s][info][gc,phases   ] GC(431)   Other: 0.1ms
[2026-03-25T22:11:39.678+0900][184.889s][info][gc,heap     ] GC(431) Eden regions: 8->0(8)
[2026-03-25T22:11:39.678+0900][184.889s][info][gc,heap     ] GC(431) Survivor regions: 1->1(2)
[2026-03-25T22:11:39.678+0900][184.889s][info][gc,heap     ] GC(431) Old regions: 21->21
[2026-03-25T22:11:39.678+0900][184.889s][info][gc,heap     ] GC(431) Archive regions: 2->2
[2026-03-25T22:11:39.678+0900][184.889s][info][gc,heap     ] GC(431) Humongous regions: 24->24
[2026-03-25T22:11:39.678+0900][184.889s][info][gc,metaspace] GC(431) Metaspace: 104199K(105216K)->104199K(105216K) NonClass: 88930K(89472K)->88930K(89472K) Class: 15269K(15744K)->15269K(15744K)
[2026-03-25T22:11:39.678+0900][184.889s][info][gc          ] GC(431) Pause Young (Normal) (G1 Evacuation Pause) 214M->182M(256M) 0.899ms
[2026-03-25T22:11:39.678+0900][184.889s][info][gc,cpu      ] GC(431) User=0.01s Sys=0.00s Real=0.00s
[2026-03-25T22:11:39.777+0900][184.988s][info][gc,start    ] GC(432) Pause Young (Normal) (G1 Evacuation Pause)
[2026-03-25T22:11:39.777+0900][184.989s][info][gc,task     ] GC(432) Using 8 workers of 10 for evacuation
[2026-03-25T22:11:39.778+0900][184.989s][info][gc,phases   ] GC(432)   Pre Evacuate Collection Set: 0.0ms
[2026-03-25T22:11:39.778+0900][184.989s][info][gc,phases   ] GC(432)   Merge Heap Roots: 0.0ms
[2026-03-25T22:11:39.778+0900][184.989s][info][gc,phases   ] GC(432)   Evacuate Collection Set: 0.5ms
[2026-03-25T22:11:39.778+0900][184.989s][info][gc,phases   ] GC(432)   Post Evacuate Collection Set: 0.1ms
[2026-03-25T22:11:39.778+0900][184.989s][info][gc,phases   ] GC(432)   Other: 0.1ms
[2026-03-25T22:11:39.778+0900][184.989s][info][gc,heap     ] GC(432) Eden regions: 8->0(8)
[2026-03-25T22:11:39.778+0900][184.989s][info][gc,heap     ] GC(432) Survivor regions: 1->1(2)
[2026-03-25T22:11:39.778+0900][184.989s][info][gc,heap     ] GC(432) Old regions: 21->21
[2026-03-25T22:11:39.778+0900][184.989s][info][gc,heap     ] GC(432) Archive regions: 2->2
[2026-03-25T22:11:39.778+0900][184.989s][info][gc,heap     ] GC(432) Humongous regions: 24->24
[2026-03-25T22:11:39.778+0900][184.989s][info][gc,metaspace] GC(432) Metaspace: 104199K(105216K)->104199K(105216K) NonClass: 88930K(89472K)->88930K(89472K) Class: 15269K(15744K)->15269K(15744K)
[2026-03-25T22:11:39.778+0900][184.989s][info][gc          ] GC(432) Pause Young (Normal) (G1 Evacuation Pause) 214M->182M(256M) 0.822ms
[2026-03-25T22:11:39.778+0900][184.989s][info][gc,cpu      ] GC(432) User=0.00s Sys=0.00s Real=0.00s
[2026-03-25T22:11:39.963+0900][185.174s][info][gc,start    ] GC(433) Pause Young (Normal) (G1 Evacuation Pause)
[2026-03-25T22:11:39.963+0900][185.174s][info][gc,task     ] GC(433) Using 8 workers of 10 for evacuation
[2026-03-25T22:11:39.963+0900][185.174s][info][gc,phases   ] GC(433)   Pre Evacuate Collection Set: 0.0ms
[2026-03-25T22:11:39.963+0900][185.174s][info][gc,phases   ] GC(433)   Merge Heap Roots: 0.0ms
[2026-03-25T22:11:39.963+0900][185.174s][info][gc,phases   ] GC(433)   Evacuate Collection Set: 0.4ms
[2026-03-25T22:11:39.963+0900][185.174s][info][gc,phases   ] GC(433)   Post Evacuate Collection Set: 0.2ms
[2026-03-25T22:11:39.963+0900][185.174s][info][gc,phases   ] GC(433)   Other: 0.1ms
[2026-03-25T22:11:39.963+0900][185.174s][info][gc,heap     ] GC(433) Eden regions: 8->0(8)
[2026-03-25T22:11:39.963+0900][185.174s][info][gc,heap     ] GC(433) Survivor regions: 1->1(2)
[2026-03-25T22:11:39.963+0900][185.174s][info][gc,heap     ] GC(433) Old regions: 21->21
[2026-03-25T22:11:39.963+0900][185.174s][info][gc,heap     ] GC(433) Archive regions: 2->2
[2026-03-25T22:11:39.963+0900][185.174s][info][gc,heap     ] GC(433) Humongous regions: 24->24
[2026-03-25T22:11:39.963+0900][185.174s][info][gc,metaspace] GC(433) Metaspace: 104199K(105216K)->104199K(105216K) NonClass: 88930K(89472K)->88930K(89472K) Class: 15269K(15744K)->15269K(15744K)
[2026-03-25T22:11:39.963+0900][185.174s][info][gc          ] GC(433) Pause Young (Normal) (G1 Evacuation Pause) 214M->182M(256M) 0.794ms
[2026-03-25T22:11:39.963+0900][185.174s][info][gc,cpu      ] GC(433) User=0.00s Sys=0.00s Real=0.00s
[2026-03-25T22:11:40.112+0900][185.324s][info][gc,start    ] GC(434) Pause Young (Normal) (G1 Evacuation Pause)
[2026-03-25T22:11:40.112+0900][185.324s][info][gc,task     ] GC(434) Using 8 workers of 10 for evacuation
[2026-03-25T22:11:40.113+0900][185.324s][info][gc,phases   ] GC(434)   Pre Evacuate Collection Set: 0.0ms
[2026-03-25T22:11:40.113+0900][185.324s][info][gc,phases   ] GC(434)   Merge Heap Roots: 0.0ms
[2026-03-25T22:11:40.113+0900][185.324s][info][gc,phases   ] GC(434)   Evacuate Collection Set: 0.5ms
[2026-03-25T22:11:40.113+0900][185.324s][info][gc,phases   ] GC(434)   Post Evacuate Collection Set: 0.1ms
[2026-03-25T22:11:40.113+0900][185.324s][info][gc,phases   ] GC(434)   Other: 0.1ms
[2026-03-25T22:11:40.113+0900][185.324s][info][gc,heap     ] GC(434) Eden regions: 8->0(8)
[2026-03-25T22:11:40.113+0900][185.324s][info][gc,heap     ] GC(434) Survivor regions: 1->1(2)
[2026-03-25T22:11:40.113+0900][185.324s][info][gc,heap     ] GC(434) Old regions: 21->21
[2026-03-25T22:11:40.113+0900][185.324s][info][gc,heap     ] GC(434) Archive regions: 2->2
[2026-03-25T22:11:40.113+0900][185.324s][info][gc,heap     ] GC(434) Humongous regions: 24->24
[2026-03-25T22:11:40.113+0900][185.324s][info][gc,metaspace] GC(434) Metaspace: 104199K(105216K)->104199K(105216K) NonClass: 88930K(89472K)->88930K(89472K) Class: 15269K(15744K)->15269K(15744K)
[2026-03-25T22:11:40.113+0900][185.324s][info][gc          ] GC(434) Pause Young (Normal) (G1 Evacuation Pause) 214M->182M(256M) 0.807ms
[2026-03-25T22:11:40.113+0900][185.324s][info][gc,cpu      ] GC(434) User=0.00s Sys=0.00s Real=0.00s
[2026-03-25T22:11:40.299+0900][185.510s][info][gc,start    ] GC(435) Pause Young (Normal) (G1 Evacuation Pause)
[2026-03-25T22:11:40.299+0900][185.510s][info][gc,task     ] GC(435) Using 8 workers of 10 for evacuation
[2026-03-25T22:11:40.300+0900][185.511s][info][gc,phases   ] GC(435)   Pre Evacuate Collection Set: 0.0ms
[2026-03-25T22:11:40.300+0900][185.511s][info][gc,phases   ] GC(435)   Merge Heap Roots: 0.0ms
[2026-03-25T22:11:40.300+0900][185.511s][info][gc,phases   ] GC(435)   Evacuate Collection Set: 0.4ms
[2026-03-25T22:11:40.300+0900][185.511s][info][gc,phases   ] GC(435)   Post Evacuate Collection Set: 0.1ms
[2026-03-25T22:11:40.300+0900][185.511s][info][gc,phases   ] GC(435)   Other: 0.1ms
[2026-03-25T22:11:40.300+0900][185.511s][info][gc,heap     ] GC(435) Eden regions: 8->0(8)
[2026-03-25T22:11:40.300+0900][185.511s][info][gc,heap     ] GC(435) Survivor regions: 1->1(2)
[2026-03-25T22:11:40.300+0900][185.511s][info][gc,heap     ] GC(435) Old regions: 21->21
[2026-03-25T22:11:40.300+0900][185.511s][info][gc,heap     ] GC(435) Archive regions: 2->2
[2026-03-25T22:11:40.300+0900][185.511s][info][gc,heap     ] GC(435) Humongous regions: 24->24
[2026-03-25T22:11:40.300+0900][185.511s][info][gc,metaspace] GC(435) Metaspace: 104199K(105216K)->104199K(105216K) NonClass: 88930K(89472K)->88930K(89472K) Class: 15269K(15744K)->15269K(15744K)
[2026-03-25T22:11:40.300+0900][185.511s][info][gc          ] GC(435) Pause Young (Normal) (G1 Evacuation Pause) 214M->182M(256M) 0.775ms
[2026-03-25T22:11:40.300+0900][185.511s][info][gc,cpu      ] GC(435) User=0.00s Sys=0.00s Real=0.01s
[2026-03-25T22:11:40.471+0900][185.682s][info][gc,start    ] GC(436) Pause Young (Normal) (G1 Evacuation Pause)
[2026-03-25T22:11:40.471+0900][185.682s][info][gc,task     ] GC(436) Using 8 workers of 10 for evacuation
[2026-03-25T22:11:40.471+0900][185.683s][info][gc,phases   ] GC(436)   Pre Evacuate Collection Set: 0.0ms
[2026-03-25T22:11:40.471+0900][185.683s][info][gc,phases   ] GC(436)   Merge Heap Roots: 0.0ms
[2026-03-25T22:11:40.471+0900][185.683s][info][gc,phases   ] GC(436)   Evacuate Collection Set: 0.4ms
[2026-03-25T22:11:40.471+0900][185.683s][info][gc,phases   ] GC(436)   Post Evacuate Collection Set: 0.1ms
[2026-03-25T22:11:40.471+0900][185.683s][info][gc,phases   ] GC(436)   Other: 0.1ms
[2026-03-25T22:11:40.471+0900][185.683s][info][gc,heap     ] GC(436) Eden regions: 8->0(8)
[2026-03-25T22:11:40.471+0900][185.683s][info][gc,heap     ] GC(436) Survivor regions: 1->1(2)
[2026-03-25T22:11:40.471+0900][185.683s][info][gc,heap     ] GC(436) Old regions: 21->21
[2026-03-25T22:11:40.471+0900][185.683s][info][gc,heap     ] GC(436) Archive regions: 2->2
[2026-03-25T22:11:40.471+0900][185.683s][info][gc,heap     ] GC(436) Humongous regions: 24->24
[2026-03-25T22:11:40.471+0900][185.683s][info][gc,metaspace] GC(436) Metaspace: 104199K(105216K)->104199K(105216K) NonClass: 88930K(89472K)->88930K(89472K) Class: 15269K(15744K)->15269K(15744K)
[2026-03-25T22:11:40.471+0900][185.683s][info][gc          ] GC(436) Pause Young (Normal) (G1 Evacuation Pause) 214M->182M(256M) 0.710ms
[2026-03-25T22:11:40.471+0900][185.683s][info][gc,cpu      ] GC(436) User=0.00s Sys=0.00s Real=0.00s
[2026-03-25T22:11:40.613+0900][185.825s][info][gc,start    ] GC(437) Pause Young (Normal) (G1 Evacuation Pause)
[2026-03-25T22:11:40.613+0900][185.825s][info][gc,task     ] GC(437) Using 8 workers of 10 for evacuation
[2026-03-25T22:11:40.614+0900][185.825s][info][gc,phases   ] GC(437)   Pre Evacuate Collection Set: 0.1ms
[2026-03-25T22:11:40.614+0900][185.825s][info][gc,phases   ] GC(437)   Merge Heap Roots: 0.0ms
[2026-03-25T22:11:40.614+0900][185.825s][info][gc,phases   ] GC(437)   Evacuate Collection Set: 0.4ms
[2026-03-25T22:11:40.614+0900][185.825s][info][gc,phases   ] GC(437)   Post Evacuate Collection Set: 0.1ms
[2026-03-25T22:11:40.614+0900][185.825s][info][gc,phases   ] GC(437)   Other: 0.1ms
[2026-03-25T22:11:40.614+0900][185.825s][info][gc,heap     ] GC(437) Eden regions: 8->0(8)
[2026-03-25T22:11:40.614+0900][185.825s][info][gc,heap     ] GC(437) Survivor regions: 1->1(2)
[2026-03-25T22:11:40.614+0900][185.825s][info][gc,heap     ] GC(437) Old regions: 21->21
[2026-03-25T22:11:40.614+0900][185.825s][info][gc,heap     ] GC(437) Archive regions: 2->2
[2026-03-25T22:11:40.614+0900][185.825s][info][gc,heap     ] GC(437) Humongous regions: 24->24
[2026-03-25T22:11:40.614+0900][185.825s][info][gc,metaspace] GC(437) Metaspace: 104199K(105216K)->104199K(105216K) NonClass: 88930K(89472K)->88930K(89472K) Class: 15269K(15744K)->15269K(15744K)
[2026-03-25T22:11:40.614+0900][185.825s][info][gc          ] GC(437) Pause Young (Normal) (G1 Evacuation Pause) 214M->182M(256M) 0.754ms
[2026-03-25T22:11:40.614+0900][185.825s][info][gc,cpu      ] GC(437) User=0.00s Sys=0.00s Real=0.00s
[2026-03-25T22:11:40.780+0900][185.991s][info][gc,start    ] GC(438) Pause Young (Normal) (G1 Evacuation Pause)
[2026-03-25T22:11:40.780+0900][185.991s][info][gc,task     ] GC(438) Using 8 workers of 10 for evacuation
[2026-03-25T22:11:40.780+0900][185.991s][info][gc,phases   ] GC(438)   Pre Evacuate Collection Set: 0.0ms
[2026-03-25T22:11:40.780+0900][185.991s][info][gc,phases   ] GC(438)   Merge Heap Roots: 0.0ms
[2026-03-25T22:11:40.780+0900][185.991s][info][gc,phases   ] GC(438)   Evacuate Collection Set: 0.4ms
[2026-03-25T22:11:40.780+0900][185.991s][info][gc,phases   ] GC(438)   Post Evacuate Collection Set: 0.1ms
[2026-03-25T22:11:40.780+0900][185.991s][info][gc,phases   ] GC(438)   Other: 0.1ms
[2026-03-25T22:11:40.780+0900][185.991s][info][gc,heap     ] GC(438) Eden regions: 8->0(8)
[2026-03-25T22:11:40.780+0900][185.991s][info][gc,heap     ] GC(438) Survivor regions: 1->1(2)
[2026-03-25T22:11:40.780+0900][185.991s][info][gc,heap     ] GC(438) Old regions: 21->21
[2026-03-25T22:11:40.780+0900][185.991s][info][gc,heap     ] GC(438) Archive regions: 2->2
[2026-03-25T22:11:40.780+0900][185.991s][info][gc,heap     ] GC(438) Humongous regions: 24->24
[2026-03-25T22:11:40.780+0900][185.991s][info][gc,metaspace] GC(438) Metaspace: 104199K(105216K)->104199K(105216K) NonClass: 88930K(89472K)->88930K(89472K) Class: 15269K(15744K)->15269K(15744K)
[2026-03-25T22:11:40.780+0900][185.991s][info][gc          ] GC(438) Pause Young (Normal) (G1 Evacuation Pause) 214M->182M(256M) 0.731ms
[2026-03-25T22:11:40.780+0900][185.991s][info][gc,cpu      ] GC(438) User=0.00s Sys=0.00s Real=0.00s
[2026-03-25T22:11:40.892+0900][186.103s][info][gc,start    ] GC(439) Pause Young (Normal) (G1 Evacuation Pause)
[2026-03-25T22:11:40.892+0900][186.103s][info][gc,task     ] GC(439) Using 8 workers of 10 for evacuation
[2026-03-25T22:11:40.892+0900][186.104s][info][gc,phases   ] GC(439)   Pre Evacuate Collection Set: 0.0ms
[2026-03-25T22:11:40.892+0900][186.104s][info][gc,phases   ] GC(439)   Merge Heap Roots: 0.0ms
[2026-03-25T22:11:40.892+0900][186.104s][info][gc,phases   ] GC(439)   Evacuate Collection Set: 0.4ms
[2026-03-25T22:11:40.892+0900][186.104s][info][gc,phases   ] GC(439)   Post Evacuate Collection Set: 0.1ms
[2026-03-25T22:11:40.892+0900][186.104s][info][gc,phases   ] GC(439)   Other: 0.1ms
[2026-03-25T22:11:40.892+0900][186.104s][info][gc,heap     ] GC(439) Eden regions: 8->0(8)
[2026-03-25T22:11:40.892+0900][186.104s][info][gc,heap     ] GC(439) Survivor regions: 1->1(2)
[2026-03-25T22:11:40.892+0900][186.104s][info][gc,heap     ] GC(439) Old regions: 21->21
[2026-03-25T22:11:40.892+0900][186.104s][info][gc,heap     ] GC(439) Archive regions: 2->2
[2026-03-25T22:11:40.892+0900][186.104s][info][gc,heap     ] GC(439) Humongous regions: 24->24
[2026-03-25T22:11:40.892+0900][186.104s][info][gc,metaspace] GC(439) Metaspace: 104199K(105216K)->104199K(105216K) NonClass: 88930K(89472K)->88930K(89472K) Class: 15269K(15744K)->15269K(15744K)
[2026-03-25T22:11:40.892+0900][186.104s][info][gc          ] GC(439) Pause Young (Normal) (G1 Evacuation Pause) 214M->182M(256M) 0.740ms
[2026-03-25T22:11:40.892+0900][186.104s][info][gc,cpu      ] GC(439) User=0.00s Sys=0.00s Real=0.00s
[2026-03-25T22:11:41.064+0900][186.275s][info][gc,start    ] GC(440) Pause Young (Normal) (G1 Evacuation Pause)
[2026-03-25T22:11:41.064+0900][186.275s][info][gc,task     ] GC(440) Using 8 workers of 10 for evacuation
[2026-03-25T22:11:41.065+0900][186.276s][info][gc,phases   ] GC(440)   Pre Evacuate Collection Set: 0.0ms
[2026-03-25T22:11:41.065+0900][186.276s][info][gc,phases   ] GC(440)   Merge Heap Roots: 0.0ms
[2026-03-25T22:11:41.065+0900][186.276s][info][gc,phases   ] GC(440)   Evacuate Collection Set: 0.4ms
[2026-03-25T22:11:41.065+0900][186.276s][info][gc,phases   ] GC(440)   Post Evacuate Collection Set: 0.1ms
[2026-03-25T22:11:41.065+0900][186.276s][info][gc,phases   ] GC(440)   Other: 0.1ms
[2026-03-25T22:11:41.065+0900][186.276s][info][gc,heap     ] GC(440) Eden regions: 8->0(8)
[2026-03-25T22:11:41.065+0900][186.276s][info][gc,heap     ] GC(440) Survivor regions: 1->1(2)
[2026-03-25T22:11:41.065+0900][186.276s][info][gc,heap     ] GC(440) Old regions: 21->21
[2026-03-25T22:11:41.065+0900][186.276s][info][gc,heap     ] GC(440) Archive regions: 2->2
[2026-03-25T22:11:41.065+0900][186.276s][info][gc,heap     ] GC(440) Humongous regions: 24->24
[2026-03-25T22:11:41.065+0900][186.276s][info][gc,metaspace] GC(440) Metaspace: 104199K(105216K)->104199K(105216K) NonClass: 88930K(89472K)->88930K(89472K) Class: 15269K(15744K)->15269K(15744K)
[2026-03-25T22:11:41.065+0900][186.276s][info][gc          ] GC(440) Pause Young (Normal) (G1 Evacuation Pause) 214M->182M(256M) 0.754ms
[2026-03-25T22:11:41.065+0900][186.276s][info][gc,cpu      ] GC(440) User=0.00s Sys=0.00s Real=0.00s
[2026-03-25T22:11:41.232+0900][186.443s][info][gc,start    ] GC(441) Pause Young (Normal) (G1 Evacuation Pause)
[2026-03-25T22:11:41.232+0900][186.443s][info][gc,task     ] GC(441) Using 8 workers of 10 for evacuation
[2026-03-25T22:11:41.233+0900][186.444s][info][gc,phases   ] GC(441)   Pre Evacuate Collection Set: 0.0ms
[2026-03-25T22:11:41.233+0900][186.444s][info][gc,phases   ] GC(441)   Merge Heap Roots: 0.1ms
[2026-03-25T22:11:41.233+0900][186.444s][info][gc,phases   ] GC(441)   Evacuate Collection Set: 0.4ms
[2026-03-25T22:11:41.233+0900][186.444s][info][gc,phases   ] GC(441)   Post Evacuate Collection Set: 0.2ms
[2026-03-25T22:11:41.233+0900][186.444s][info][gc,phases   ] GC(441)   Other: 0.1ms
[2026-03-25T22:11:41.233+0900][186.444s][info][gc,heap     ] GC(441) Eden regions: 8->0(8)
[2026-03-25T22:11:41.233+0900][186.444s][info][gc,heap     ] GC(441) Survivor regions: 1->1(2)
[2026-03-25T22:11:41.233+0900][186.444s][info][gc,heap     ] GC(441) Old regions: 21->21
[2026-03-25T22:11:41.233+0900][186.444s][info][gc,heap     ] GC(441) Archive regions: 2->2
[2026-03-25T22:11:41.233+0900][186.444s][info][gc,heap     ] GC(441) Humongous regions: 24->24
[2026-03-25T22:11:41.233+0900][186.444s][info][gc,metaspace] GC(441) Metaspace: 104199K(105216K)->104199K(105216K) NonClass: 88930K(89472K)->88930K(89472K) Class: 15269K(15744K)->15269K(15744K)
[2026-03-25T22:11:41.233+0900][186.444s][info][gc          ] GC(441) Pause Young (Normal) (G1 Evacuation Pause) 214M->182M(256M) 0.793ms
[2026-03-25T22:11:41.233+0900][186.444s][info][gc,cpu      ] GC(441) User=0.00s Sys=0.00s Real=0.00s
[2026-03-25T22:11:41.408+0900][186.619s][info][gc,start    ] GC(442) Pause Young (Normal) (G1 Evacuation Pause)
[2026-03-25T22:11:41.408+0900][186.619s][info][gc,task     ] GC(442) Using 8 workers of 10 for evacuation
[2026-03-25T22:11:41.409+0900][186.620s][info][gc,phases   ] GC(442)   Pre Evacuate Collection Set: 0.1ms
[2026-03-25T22:11:41.409+0900][186.620s][info][gc,phases   ] GC(442)   Merge Heap Roots: 0.0ms
[2026-03-25T22:11:41.409+0900][186.620s][info][gc,phases   ] GC(442)   Evacuate Collection Set: 0.4ms
[2026-03-25T22:11:41.409+0900][186.620s][info][gc,phases   ] GC(442)   Post Evacuate Collection Set: 0.1ms
[2026-03-25T22:11:41.409+0900][186.620s][info][gc,phases   ] GC(442)   Other: 0.2ms
[2026-03-25T22:11:41.409+0900][186.620s][info][gc,heap     ] GC(442) Eden regions: 8->0(8)
[2026-03-25T22:11:41.409+0900][186.620s][info][gc,heap     ] GC(442) Survivor regions: 1->1(2)
[2026-03-25T22:11:41.409+0900][186.620s][info][gc,heap     ] GC(442) Old regions: 21->21
[2026-03-25T22:11:41.409+0900][186.620s][info][gc,heap     ] GC(442) Archive regions: 2->2
[2026-03-25T22:11:41.409+0900][186.620s][info][gc,heap     ] GC(442) Humongous regions: 24->24
[2026-03-25T22:11:41.409+0900][186.620s][info][gc,metaspace] GC(442) Metaspace: 104199K(105216K)->104199K(105216K) NonClass: 88930K(89472K)->88930K(89472K) Class: 15269K(15744K)->15269K(15744K)
[2026-03-25T22:11:41.409+0900][186.620s][info][gc          ] GC(442) Pause Young (Normal) (G1 Evacuation Pause) 214M->182M(256M) 0.954ms
[2026-03-25T22:11:41.409+0900][186.620s][info][gc,cpu      ] GC(442) User=0.01s Sys=0.00s Real=0.00s
[2026-03-25T22:11:41.566+0900][186.778s][info][gc,start    ] GC(443) Pause Young (Normal) (G1 Evacuation Pause)
[2026-03-25T22:11:41.566+0900][186.778s][info][gc,task     ] GC(443) Using 8 workers of 10 for evacuation
[2026-03-25T22:11:41.567+0900][186.778s][info][gc,phases   ] GC(443)   Pre Evacuate Collection Set: 0.0ms
[2026-03-25T22:11:41.567+0900][186.778s][info][gc,phases   ] GC(443)   Merge Heap Roots: 0.0ms
[2026-03-25T22:11:41.567+0900][186.778s][info][gc,phases   ] GC(443)   Evacuate Collection Set: 0.5ms
[2026-03-25T22:11:41.567+0900][186.778s][info][gc,phases   ] GC(443)   Post Evacuate Collection Set: 0.2ms
[2026-03-25T22:11:41.567+0900][186.778s][info][gc,phases   ] GC(443)   Other: 0.1ms
[2026-03-25T22:11:41.567+0900][186.778s][info][gc,heap     ] GC(443) Eden regions: 8->0(8)
[2026-03-25T22:11:41.567+0900][186.778s][info][gc,heap     ] GC(443) Survivor regions: 1->1(2)
[2026-03-25T22:11:41.567+0900][186.778s][info][gc,heap     ] GC(443) Old regions: 21->21
[2026-03-25T22:11:41.567+0900][186.778s][info][gc,heap     ] GC(443) Archive regions: 2->2
[2026-03-25T22:11:41.567+0900][186.778s][info][gc,heap     ] GC(443) Humongous regions: 24->24
[2026-03-25T22:11:41.567+0900][186.778s][info][gc,metaspace] GC(443) Metaspace: 104199K(105216K)->104199K(105216K) NonClass: 88930K(89472K)->88930K(89472K) Class: 15269K(15744K)->15269K(15744K)
[2026-03-25T22:11:41.567+0900][186.778s][info][gc          ] GC(443) Pause Young (Normal) (G1 Evacuation Pause) 214M->183M(256M) 0.851ms
[2026-03-25T22:11:41.567+0900][186.778s][info][gc,cpu      ] GC(443) User=0.01s Sys=0.00s Real=0.00s
[2026-03-25T22:11:41.799+0900][187.010s][info][gc,start    ] GC(444) Pause Young (Normal) (G1 Evacuation Pause)
[2026-03-25T22:11:41.799+0900][187.011s][info][gc,task     ] GC(444) Using 8 workers of 10 for evacuation
[2026-03-25T22:11:41.800+0900][187.011s][info][gc,phases   ] GC(444)   Pre Evacuate Collection Set: 0.0ms
[2026-03-25T22:11:41.800+0900][187.011s][info][gc,phases   ] GC(444)   Merge Heap Roots: 0.0ms
[2026-03-25T22:11:41.800+0900][187.011s][info][gc,phases   ] GC(444)   Evacuate Collection Set: 0.5ms
[2026-03-25T22:11:41.800+0900][187.011s][info][gc,phases   ] GC(444)   Post Evacuate Collection Set: 0.2ms
[2026-03-25T22:11:41.800+0900][187.011s][info][gc,phases   ] GC(444)   Other: 0.1ms
[2026-03-25T22:11:41.800+0900][187.011s][info][gc,heap     ] GC(444) Eden regions: 8->0(8)
[2026-03-25T22:11:41.800+0900][187.011s][info][gc,heap     ] GC(444) Survivor regions: 1->1(2)
[2026-03-25T22:11:41.800+0900][187.011s][info][gc,heap     ] GC(444) Old regions: 21->21
[2026-03-25T22:11:41.800+0900][187.011s][info][gc,heap     ] GC(444) Archive regions: 2->2
[2026-03-25T22:11:41.800+0900][187.011s][info][gc,heap     ] GC(444) Humongous regions: 24->24
[2026-03-25T22:11:41.800+0900][187.011s][info][gc,metaspace] GC(444) Metaspace: 104199K(105216K)->104199K(105216K) NonClass: 88930K(89472K)->88930K(89472K) Class: 15269K(15744K)->15269K(15744K)
[2026-03-25T22:11:41.800+0900][187.011s][info][gc          ] GC(444) Pause Young (Normal) (G1 Evacuation Pause) 215M->182M(256M) 0.821ms
[2026-03-25T22:11:41.800+0900][187.011s][info][gc,cpu      ] GC(444) User=0.01s Sys=0.00s Real=0.01s
[2026-03-25T22:11:41.899+0900][187.110s][info][gc,start    ] GC(445) Pause Young (Normal) (G1 Evacuation Pause)
[2026-03-25T22:11:41.899+0900][187.110s][info][gc,task     ] GC(445) Using 8 workers of 10 for evacuation
[2026-03-25T22:11:41.899+0900][187.111s][info][gc,phases   ] GC(445)   Pre Evacuate Collection Set: 0.1ms
[2026-03-25T22:11:41.899+0900][187.111s][info][gc,phases   ] GC(445)   Merge Heap Roots: 0.0ms
[2026-03-25T22:11:41.899+0900][187.111s][info][gc,phases   ] GC(445)   Evacuate Collection Set: 0.5ms
[2026-03-25T22:11:41.899+0900][187.111s][info][gc,phases   ] GC(445)   Post Evacuate Collection Set: 0.1ms
[2026-03-25T22:11:41.899+0900][187.111s][info][gc,phases   ] GC(445)   Other: 0.1ms
[2026-03-25T22:11:41.899+0900][187.111s][info][gc,heap     ] GC(445) Eden regions: 8->0(8)
[2026-03-25T22:11:41.899+0900][187.111s][info][gc,heap     ] GC(445) Survivor regions: 1->1(2)
[2026-03-25T22:11:41.899+0900][187.111s][info][gc,heap     ] GC(445) Old regions: 21->21
[2026-03-25T22:11:41.899+0900][187.111s][info][gc,heap     ] GC(445) Archive regions: 2->2
[2026-03-25T22:11:41.899+0900][187.111s][info][gc,heap     ] GC(445) Humongous regions: 24->24
[2026-03-25T22:11:41.899+0900][187.111s][info][gc,metaspace] GC(445) Metaspace: 104199K(105216K)->104199K(105216K) NonClass: 88930K(89472K)->88930K(89472K) Class: 15269K(15744K)->15269K(15744K)
[2026-03-25T22:11:41.899+0900][187.111s][info][gc          ] GC(445) Pause Young (Normal) (G1 Evacuation Pause) 214M->183M(256M) 0.810ms
[2026-03-25T22:11:41.899+0900][187.111s][info][gc,cpu      ] GC(445) User=0.00s Sys=0.00s Real=0.00s
[2026-03-25T22:11:42.017+0900][187.228s][info][gc,start    ] GC(446) Pause Young (Normal) (G1 Evacuation Pause)
[2026-03-25T22:11:42.017+0900][187.228s][info][gc,task     ] GC(446) Using 8 workers of 10 for evacuation
[2026-03-25T22:11:42.017+0900][187.228s][info][gc,phases   ] GC(446)   Pre Evacuate Collection Set: 0.0ms
[2026-03-25T22:11:42.017+0900][187.228s][info][gc,phases   ] GC(446)   Merge Heap Roots: 0.1ms
[2026-03-25T22:11:42.017+0900][187.228s][info][gc,phases   ] GC(446)   Evacuate Collection Set: 0.4ms
[2026-03-25T22:11:42.017+0900][187.228s][info][gc,phases   ] GC(446)   Post Evacuate Collection Set: 0.1ms
[2026-03-25T22:11:42.017+0900][187.228s][info][gc,phases   ] GC(446)   Other: 0.1ms
[2026-03-25T22:11:42.017+0900][187.228s][info][gc,heap     ] GC(446) Eden regions: 8->0(8)
[2026-03-25T22:11:42.017+0900][187.228s][info][gc,heap     ] GC(446) Survivor regions: 1->1(2)
[2026-03-25T22:11:42.017+0900][187.228s][info][gc,heap     ] GC(446) Old regions: 21->21
[2026-03-25T22:11:42.017+0900][187.229s][info][gc,heap     ] GC(446) Archive regions: 2->2
[2026-03-25T22:11:42.017+0900][187.229s][info][gc,heap     ] GC(446) Humongous regions: 24->24
[2026-03-25T22:11:42.017+0900][187.229s][info][gc,metaspace] GC(446) Metaspace: 104199K(105216K)->104199K(105216K) NonClass: 88930K(89472K)->88930K(89472K) Class: 15269K(15744K)->15269K(15744K)
[2026-03-25T22:11:42.017+0900][187.229s][info][gc          ] GC(446) Pause Young (Normal) (G1 Evacuation Pause) 215M->183M(256M) 0.763ms
[2026-03-25T22:11:42.017+0900][187.229s][info][gc,cpu      ] GC(446) User=0.00s Sys=0.00s Real=0.00s
[2026-03-25T22:11:42.188+0900][187.399s][info][gc,start    ] GC(447) Pause Young (Normal) (G1 Evacuation Pause)
[2026-03-25T22:11:42.188+0900][187.399s][info][gc,task     ] GC(447) Using 8 workers of 10 for evacuation
[2026-03-25T22:11:42.189+0900][187.400s][info][gc,phases   ] GC(447)   Pre Evacuate Collection Set: 0.0ms
[2026-03-25T22:11:42.189+0900][187.400s][info][gc,phases   ] GC(447)   Merge Heap Roots: 0.0ms
[2026-03-25T22:11:42.189+0900][187.400s][info][gc,phases   ] GC(447)   Evacuate Collection Set: 0.5ms
[2026-03-25T22:11:42.189+0900][187.400s][info][gc,phases   ] GC(447)   Post Evacuate Collection Set: 0.1ms
[2026-03-25T22:11:42.189+0900][187.400s][info][gc,phases   ] GC(447)   Other: 0.1ms
[2026-03-25T22:11:42.189+0900][187.400s][info][gc,heap     ] GC(447) Eden regions: 8->0(8)
[2026-03-25T22:11:42.189+0900][187.400s][info][gc,heap     ] GC(447) Survivor regions: 1->1(2)
[2026-03-25T22:11:42.189+0900][187.400s][info][gc,heap     ] GC(447) Old regions: 21->21
[2026-03-25T22:11:42.189+0900][187.400s][info][gc,heap     ] GC(447) Archive regions: 2->2
[2026-03-25T22:11:42.189+0900][187.400s][info][gc,heap     ] GC(447) Humongous regions: 24->24
[2026-03-25T22:11:42.189+0900][187.400s][info][gc,metaspace] GC(447) Metaspace: 104199K(105216K)->104199K(105216K) NonClass: 88930K(89472K)->88930K(89472K) Class: 15269K(15744K)->15269K(15744K)
[2026-03-25T22:11:42.189+0900][187.400s][info][gc          ] GC(447) Pause Young (Normal) (G1 Evacuation Pause) 215M->183M(256M) 0.803ms
[2026-03-25T22:11:42.189+0900][187.400s][info][gc,cpu      ] GC(447) User=0.00s Sys=0.00s Real=0.00s
[2026-03-25T22:11:42.346+0900][187.557s][info][gc,start    ] GC(448) Pause Young (Normal) (G1 Evacuation Pause)
[2026-03-25T22:11:42.346+0900][187.557s][info][gc,task     ] GC(448) Using 8 workers of 10 for evacuation
[2026-03-25T22:11:42.346+0900][187.557s][info][gc,phases   ] GC(448)   Pre Evacuate Collection Set: 0.0ms
[2026-03-25T22:11:42.346+0900][187.557s][info][gc,phases   ] GC(448)   Merge Heap Roots: 0.0ms
[2026-03-25T22:11:42.346+0900][187.557s][info][gc,phases   ] GC(448)   Evacuate Collection Set: 0.4ms
[2026-03-25T22:11:42.346+0900][187.557s][info][gc,phases   ] GC(448)   Post Evacuate Collection Set: 0.1ms
[2026-03-25T22:11:42.346+0900][187.557s][info][gc,phases   ] GC(448)   Other: 0.1ms
[2026-03-25T22:11:42.346+0900][187.557s][info][gc,heap     ] GC(448) Eden regions: 8->0(8)
[2026-03-25T22:11:42.346+0900][187.557s][info][gc,heap     ] GC(448) Survivor regions: 1->1(2)
[2026-03-25T22:11:42.346+0900][187.557s][info][gc,heap     ] GC(448) Old regions: 21->21
[2026-03-25T22:11:42.346+0900][187.557s][info][gc,heap     ] GC(448) Archive regions: 2->2
[2026-03-25T22:11:42.346+0900][187.558s][info][gc,heap     ] GC(448) Humongous regions: 24->24
[2026-03-25T22:11:42.346+0900][187.558s][info][gc,metaspace] GC(448) Metaspace: 104199K(105216K)->104199K(105216K) NonClass: 88930K(89472K)->88930K(89472K) Class: 15269K(15744K)->15269K(15744K)
[2026-03-25T22:11:42.346+0900][187.558s][info][gc          ] GC(448) Pause Young (Normal) (G1 Evacuation Pause) 215M->183M(256M) 0.738ms
[2026-03-25T22:11:42.346+0900][187.558s][info][gc,cpu      ] GC(448) User=0.00s Sys=0.00s Real=0.00s
[2026-03-25T22:11:42.470+0900][187.681s][info][gc,start    ] GC(449) Pause Young (Normal) (G1 Evacuation Pause)
[2026-03-25T22:11:42.470+0900][187.681s][info][gc,task     ] GC(449) Using 8 workers of 10 for evacuation
[2026-03-25T22:11:42.470+0900][187.681s][info][gc,phases   ] GC(449)   Pre Evacuate Collection Set: 0.0ms
[2026-03-25T22:11:42.470+0900][187.681s][info][gc,phases   ] GC(449)   Merge Heap Roots: 0.0ms
[2026-03-25T22:11:42.470+0900][187.681s][info][gc,phases   ] GC(449)   Evacuate Collection Set: 0.5ms
[2026-03-25T22:11:42.470+0900][187.681s][info][gc,phases   ] GC(449)   Post Evacuate Collection Set: 0.1ms
[2026-03-25T22:11:42.470+0900][187.681s][info][gc,phases   ] GC(449)   Other: 0.1ms
[2026-03-25T22:11:42.470+0900][187.681s][info][gc,heap     ] GC(449) Eden regions: 8->0(8)
[2026-03-25T22:11:42.470+0900][187.681s][info][gc,heap     ] GC(449) Survivor regions: 1->1(2)
[2026-03-25T22:11:42.470+0900][187.681s][info][gc,heap     ] GC(449) Old regions: 21->21
[2026-03-25T22:11:42.470+0900][187.681s][info][gc,heap     ] GC(449) Archive regions: 2->2
[2026-03-25T22:11:42.470+0900][187.681s][info][gc,heap     ] GC(449) Humongous regions: 24->24
[2026-03-25T22:11:42.470+0900][187.681s][info][gc,metaspace] GC(449) Metaspace: 104199K(105216K)->104199K(105216K) NonClass: 88930K(89472K)->88930K(89472K) Class: 15269K(15744K)->15269K(15744K)
[2026-03-25T22:11:42.470+0900][187.681s][info][gc          ] GC(449) Pause Young (Normal) (G1 Evacuation Pause) 215M->183M(256M) 0.794ms
[2026-03-25T22:11:42.470+0900][187.681s][info][gc,cpu      ] GC(449) User=0.01s Sys=0.00s Real=0.00s
[2026-03-25T22:11:42.697+0900][187.908s][info][gc,start    ] GC(450) Pause Young (Normal) (G1 Evacuation Pause)
[2026-03-25T22:11:42.697+0900][187.908s][info][gc,task     ] GC(450) Using 8 workers of 10 for evacuation
[2026-03-25T22:11:42.698+0900][187.909s][info][gc,phases   ] GC(450)   Pre Evacuate Collection Set: 0.0ms
[2026-03-25T22:11:42.698+0900][187.909s][info][gc,phases   ] GC(450)   Merge Heap Roots: 0.0ms
[2026-03-25T22:11:42.698+0900][187.909s][info][gc,phases   ] GC(450)   Evacuate Collection Set: 0.4ms
[2026-03-25T22:11:42.698+0900][187.909s][info][gc,phases   ] GC(450)   Post Evacuate Collection Set: 0.2ms
[2026-03-25T22:11:42.698+0900][187.909s][info][gc,phases   ] GC(450)   Other: 0.1ms
[2026-03-25T22:11:42.698+0900][187.909s][info][gc,heap     ] GC(450) Eden regions: 8->0(8)
[2026-03-25T22:11:42.698+0900][187.909s][info][gc,heap     ] GC(450) Survivor regions: 1->1(2)
[2026-03-25T22:11:42.698+0900][187.909s][info][gc,heap     ] GC(450) Old regions: 21->21
[2026-03-25T22:11:42.698+0900][187.909s][info][gc,heap     ] GC(450) Archive regions: 2->2
[2026-03-25T22:11:42.698+0900][187.909s][info][gc,heap     ] GC(450) Humongous regions: 24->24
[2026-03-25T22:11:42.698+0900][187.909s][info][gc,metaspace] GC(450) Metaspace: 104199K(105216K)->104199K(105216K) NonClass: 88930K(89472K)->88930K(89472K) Class: 15269K(15744K)->15269K(15744K)
[2026-03-25T22:11:42.698+0900][187.909s][info][gc          ] GC(450) Pause Young (Normal) (G1 Evacuation Pause) 215M->183M(256M) 0.781ms
[2026-03-25T22:11:42.698+0900][187.909s][info][gc,cpu      ] GC(450) User=0.00s Sys=0.00s Real=0.00s
[2026-03-25T22:11:42.963+0900][188.174s][info][gc,start    ] GC(451) Pause Young (Normal) (G1 Evacuation Pause)
[2026-03-25T22:11:42.963+0900][188.174s][info][gc,task     ] GC(451) Using 8 workers of 10 for evacuation
[2026-03-25T22:11:42.963+0900][188.175s][info][gc,phases   ] GC(451)   Pre Evacuate Collection Set: 0.0ms
[2026-03-25T22:11:42.963+0900][188.175s][info][gc,phases   ] GC(451)   Merge Heap Roots: 0.0ms
[2026-03-25T22:11:42.963+0900][188.175s][info][gc,phases   ] GC(451)   Evacuate Collection Set: 0.5ms
[2026-03-25T22:11:42.963+0900][188.175s][info][gc,phases   ] GC(451)   Post Evacuate Collection Set: 0.2ms
[2026-03-25T22:11:42.963+0900][188.175s][info][gc,phases   ] GC(451)   Other: 0.1ms
[2026-03-25T22:11:42.964+0900][188.175s][info][gc,heap     ] GC(451) Eden regions: 8->0(8)
[2026-03-25T22:11:42.964+0900][188.175s][info][gc,heap     ] GC(451) Survivor regions: 1->1(2)
[2026-03-25T22:11:42.964+0900][188.175s][info][gc,heap     ] GC(451) Old regions: 21->21
[2026-03-25T22:11:42.964+0900][188.175s][info][gc,heap     ] GC(451) Archive regions: 2->2
[2026-03-25T22:11:42.964+0900][188.175s][info][gc,heap     ] GC(451) Humongous regions: 24->24
[2026-03-25T22:11:42.964+0900][188.175s][info][gc,metaspace] GC(451) Metaspace: 104199K(105216K)->104199K(105216K) NonClass: 88930K(89472K)->88930K(89472K) Class: 15269K(15744K)->15269K(15744K)
[2026-03-25T22:11:42.964+0900][188.175s][info][gc          ] GC(451) Pause Young (Normal) (G1 Evacuation Pause) 215M->183M(256M) 0.839ms
[2026-03-25T22:11:42.964+0900][188.175s][info][gc,cpu      ] GC(451) User=0.00s Sys=0.00s Real=0.00s
[2026-03-25T22:11:43.074+0900][188.285s][info][gc,start    ] GC(452) Pause Young (Normal) (G1 Evacuation Pause)
[2026-03-25T22:11:43.074+0900][188.285s][info][gc,task     ] GC(452) Using 8 workers of 10 for evacuation
[2026-03-25T22:11:43.074+0900][188.286s][info][gc,phases   ] GC(452)   Pre Evacuate Collection Set: 0.0ms
[2026-03-25T22:11:43.075+0900][188.286s][info][gc,phases   ] GC(452)   Merge Heap Roots: 0.0ms
[2026-03-25T22:11:43.075+0900][188.286s][info][gc,phases   ] GC(452)   Evacuate Collection Set: 0.4ms
[2026-03-25T22:11:43.075+0900][188.286s][info][gc,phases   ] GC(452)   Post Evacuate Collection Set: 0.1ms
[2026-03-25T22:11:43.075+0900][188.286s][info][gc,phases   ] GC(452)   Other: 0.1ms
[2026-03-25T22:11:43.075+0900][188.286s][info][gc,heap     ] GC(452) Eden regions: 8->0(8)
[2026-03-25T22:11:43.075+0900][188.286s][info][gc,heap     ] GC(452) Survivor regions: 1->1(2)
[2026-03-25T22:11:43.075+0900][188.286s][info][gc,heap     ] GC(452) Old regions: 21->21
[2026-03-25T22:11:43.075+0900][188.286s][info][gc,heap     ] GC(452) Archive regions: 2->2
[2026-03-25T22:11:43.075+0900][188.286s][info][gc,heap     ] GC(452) Humongous regions: 24->24
[2026-03-25T22:11:43.075+0900][188.286s][info][gc,metaspace] GC(452) Metaspace: 104199K(105216K)->104199K(105216K) NonClass: 88930K(89472K)->88930K(89472K) Class: 15269K(15744K)->15269K(15744K)
[2026-03-25T22:11:43.075+0900][188.286s][info][gc          ] GC(452) Pause Young (Normal) (G1 Evacuation Pause) 215M->183M(256M) 0.705ms
[2026-03-25T22:11:43.075+0900][188.286s][info][gc,cpu      ] GC(452) User=0.00s Sys=0.00s Real=0.00s
[2026-03-25T22:11:43.205+0900][188.416s][info][gc,start    ] GC(453) Pause Young (Normal) (G1 Evacuation Pause)
[2026-03-25T22:11:43.205+0900][188.416s][info][gc,task     ] GC(453) Using 8 workers of 10 for evacuation
[2026-03-25T22:11:43.206+0900][188.417s][info][gc,phases   ] GC(453)   Pre Evacuate Collection Set: 0.0ms
[2026-03-25T22:11:43.206+0900][188.417s][info][gc,phases   ] GC(453)   Merge Heap Roots: 0.0ms
[2026-03-25T22:11:43.206+0900][188.417s][info][gc,phases   ] GC(453)   Evacuate Collection Set: 0.4ms
[2026-03-25T22:11:43.206+0900][188.417s][info][gc,phases   ] GC(453)   Post Evacuate Collection Set: 0.1ms
[2026-03-25T22:11:43.206+0900][188.417s][info][gc,phases   ] GC(453)   Other: 0.1ms
[2026-03-25T22:11:43.206+0900][188.417s][info][gc,heap     ] GC(453) Eden regions: 8->0(8)
[2026-03-25T22:11:43.206+0900][188.417s][info][gc,heap     ] GC(453) Survivor regions: 1->1(2)
[2026-03-25T22:11:43.206+0900][188.417s][info][gc,heap     ] GC(453) Old regions: 21->21
[2026-03-25T22:11:43.206+0900][188.417s][info][gc,heap     ] GC(453) Archive regions: 2->2
[2026-03-25T22:11:43.206+0900][188.417s][info][gc,heap     ] GC(453) Humongous regions: 24->24
[2026-03-25T22:11:43.206+0900][188.417s][info][gc,metaspace] GC(453) Metaspace: 104199K(105216K)->104199K(105216K) NonClass: 88930K(89472K)->88930K(89472K) Class: 15269K(15744K)->15269K(15744K)
[2026-03-25T22:11:43.206+0900][188.417s][info][gc          ] GC(453) Pause Young (Normal) (G1 Evacuation Pause) 215M->183M(256M) 0.740ms
[2026-03-25T22:11:43.206+0900][188.417s][info][gc,cpu      ] GC(453) User=0.00s Sys=0.00s Real=0.00s
[2026-03-25T22:11:43.391+0900][188.602s][info][gc,start    ] GC(454) Pause Young (Normal) (G1 Evacuation Pause)
[2026-03-25T22:11:43.391+0900][188.602s][info][gc,task     ] GC(454) Using 8 workers of 10 for evacuation
[2026-03-25T22:11:43.391+0900][188.602s][info][gc,phases   ] GC(454)   Pre Evacuate Collection Set: 0.0ms
[2026-03-25T22:11:43.391+0900][188.602s][info][gc,phases   ] GC(454)   Merge Heap Roots: 0.0ms
[2026-03-25T22:11:43.391+0900][188.602s][info][gc,phases   ] GC(454)   Evacuate Collection Set: 0.4ms
[2026-03-25T22:11:43.391+0900][188.602s][info][gc,phases   ] GC(454)   Post Evacuate Collection Set: 0.1ms
[2026-03-25T22:11:43.391+0900][188.602s][info][gc,phases   ] GC(454)   Other: 0.1ms
[2026-03-25T22:11:43.391+0900][188.602s][info][gc,heap     ] GC(454) Eden regions: 8->0(8)
[2026-03-25T22:11:43.391+0900][188.602s][info][gc,heap     ] GC(454) Survivor regions: 1->1(2)
[2026-03-25T22:11:43.391+0900][188.602s][info][gc,heap     ] GC(454) Old regions: 21->21
[2026-03-25T22:11:43.391+0900][188.602s][info][gc,heap     ] GC(454) Archive regions: 2->2
[2026-03-25T22:11:43.391+0900][188.602s][info][gc,heap     ] GC(454) Humongous regions: 24->24
[2026-03-25T22:11:43.391+0900][188.602s][info][gc,metaspace] GC(454) Metaspace: 104199K(105216K)->104199K(105216K) NonClass: 88930K(89472K)->88930K(89472K) Class: 15269K(15744K)->15269K(15744K)
[2026-03-25T22:11:43.391+0900][188.602s][info][gc          ] GC(454) Pause Young (Normal) (G1 Evacuation Pause) 215M->183M(256M) 0.690ms
[2026-03-25T22:11:43.391+0900][188.602s][info][gc,cpu      ] GC(454) User=0.01s Sys=0.00s Real=0.00s
[2026-03-25T22:11:43.522+0900][188.734s][info][gc,start    ] GC(455) Pause Young (Normal) (G1 Evacuation Pause)
[2026-03-25T22:11:43.523+0900][188.734s][info][gc,task     ] GC(455) Using 8 workers of 10 for evacuation
[2026-03-25T22:11:43.523+0900][188.734s][info][gc,phases   ] GC(455)   Pre Evacuate Collection Set: 0.0ms
[2026-03-25T22:11:43.523+0900][188.734s][info][gc,phases   ] GC(455)   Merge Heap Roots: 0.0ms
[2026-03-25T22:11:43.523+0900][188.734s][info][gc,phases   ] GC(455)   Evacuate Collection Set: 0.4ms
[2026-03-25T22:11:43.523+0900][188.734s][info][gc,phases   ] GC(455)   Post Evacuate Collection Set: 0.1ms
[2026-03-25T22:11:43.523+0900][188.734s][info][gc,phases   ] GC(455)   Other: 0.1ms
[2026-03-25T22:11:43.523+0900][188.734s][info][gc,heap     ] GC(455) Eden regions: 8->0(8)
[2026-03-25T22:11:43.523+0900][188.734s][info][gc,heap     ] GC(455) Survivor regions: 1->1(2)
[2026-03-25T22:11:43.523+0900][188.734s][info][gc,heap     ] GC(455) Old regions: 21->21
[2026-03-25T22:11:43.523+0900][188.734s][info][gc,heap     ] GC(455) Archive regions: 2->2
[2026-03-25T22:11:43.523+0900][188.734s][info][gc,heap     ] GC(455) Humongous regions: 24->24
[2026-03-25T22:11:43.523+0900][188.734s][info][gc,metaspace] GC(455) Metaspace: 104199K(105216K)->104199K(105216K) NonClass: 88930K(89472K)->88930K(89472K) Class: 15269K(15744K)->15269K(15744K)
[2026-03-25T22:11:43.523+0900][188.734s][info][gc          ] GC(455) Pause Young (Normal) (G1 Evacuation Pause) 215M->183M(256M) 0.804ms
[2026-03-25T22:11:43.523+0900][188.734s][info][gc,cpu      ] GC(455) User=0.00s Sys=0.00s Real=0.00s
[2026-03-25T22:11:43.705+0900][188.916s][info][gc,start    ] GC(456) Pause Young (Normal) (G1 Evacuation Pause)
[2026-03-25T22:11:43.705+0900][188.916s][info][gc,task     ] GC(456) Using 8 workers of 10 for evacuation
[2026-03-25T22:11:43.706+0900][188.917s][info][gc,phases   ] GC(456)   Pre Evacuate Collection Set: 0.0ms
[2026-03-25T22:11:43.706+0900][188.917s][info][gc,phases   ] GC(456)   Merge Heap Roots: 0.0ms
[2026-03-25T22:11:43.706+0900][188.917s][info][gc,phases   ] GC(456)   Evacuate Collection Set: 0.4ms
[2026-03-25T22:11:43.706+0900][188.917s][info][gc,phases   ] GC(456)   Post Evacuate Collection Set: 0.1ms
[2026-03-25T22:11:43.706+0900][188.917s][info][gc,phases   ] GC(456)   Other: 0.1ms
[2026-03-25T22:11:43.706+0900][188.917s][info][gc,heap     ] GC(456) Eden regions: 8->0(8)
[2026-03-25T22:11:43.706+0900][188.917s][info][gc,heap     ] GC(456) Survivor regions: 1->1(2)
[2026-03-25T22:11:43.706+0900][188.917s][info][gc,heap     ] GC(456) Old regions: 21->21
[2026-03-25T22:11:43.706+0900][188.917s][info][gc,heap     ] GC(456) Archive regions: 2->2
[2026-03-25T22:11:43.706+0900][188.917s][info][gc,heap     ] GC(456) Humongous regions: 24->24
[2026-03-25T22:11:43.706+0900][188.917s][info][gc,metaspace] GC(456) Metaspace: 104199K(105216K)->104199K(105216K) NonClass: 88930K(89472K)->88930K(89472K) Class: 15269K(15744K)->15269K(15744K)
[2026-03-25T22:11:43.706+0900][188.917s][info][gc          ] GC(456) Pause Young (Normal) (G1 Evacuation Pause) 215M->183M(256M) 0.729ms
[2026-03-25T22:11:43.706+0900][188.917s][info][gc,cpu      ] GC(456) User=0.00s Sys=0.00s Real=0.00s
[2026-03-25T22:11:43.872+0900][189.083s][info][gc,start    ] GC(457) Pause Young (Normal) (G1 Evacuation Pause)
[2026-03-25T22:11:43.872+0900][189.083s][info][gc,task     ] GC(457) Using 8 workers of 10 for evacuation
[2026-03-25T22:11:43.872+0900][189.084s][info][gc,phases   ] GC(457)   Pre Evacuate Collection Set: 0.0ms
[2026-03-25T22:11:43.872+0900][189.084s][info][gc,phases   ] GC(457)   Merge Heap Roots: 0.0ms
[2026-03-25T22:11:43.872+0900][189.084s][info][gc,phases   ] GC(457)   Evacuate Collection Set: 0.5ms
[2026-03-25T22:11:43.872+0900][189.084s][info][gc,phases   ] GC(457)   Post Evacuate Collection Set: 0.1ms
[2026-03-25T22:11:43.872+0900][189.084s][info][gc,phases   ] GC(457)   Other: 0.1ms
[2026-03-25T22:11:43.872+0900][189.084s][info][gc,heap     ] GC(457) Eden regions: 8->0(8)
[2026-03-25T22:11:43.872+0900][189.084s][info][gc,heap     ] GC(457) Survivor regions: 1->1(2)
[2026-03-25T22:11:43.872+0900][189.084s][info][gc,heap     ] GC(457) Old regions: 21->21
[2026-03-25T22:11:43.872+0900][189.084s][info][gc,heap     ] GC(457) Archive regions: 2->2
[2026-03-25T22:11:43.872+0900][189.084s][info][gc,heap     ] GC(457) Humongous regions: 24->24
[2026-03-25T22:11:43.872+0900][189.084s][info][gc,metaspace] GC(457) Metaspace: 104199K(105216K)->104199K(105216K) NonClass: 88930K(89472K)->88930K(89472K) Class: 15269K(15744K)->15269K(15744K)
[2026-03-25T22:11:43.872+0900][189.084s][info][gc          ] GC(457) Pause Young (Normal) (G1 Evacuation Pause) 215M->183M(256M) 0.806ms
[2026-03-25T22:11:43.872+0900][189.084s][info][gc,cpu      ] GC(457) User=0.00s Sys=0.00s Real=0.00s
[2026-03-25T22:11:44.009+0900][189.221s][info][gc,start    ] GC(458) Pause Young (Normal) (G1 Evacuation Pause)
[2026-03-25T22:11:44.009+0900][189.221s][info][gc,task     ] GC(458) Using 8 workers of 10 for evacuation
[2026-03-25T22:11:44.010+0900][189.221s][info][gc,phases   ] GC(458)   Pre Evacuate Collection Set: 0.1ms
[2026-03-25T22:11:44.010+0900][189.221s][info][gc,phases   ] GC(458)   Merge Heap Roots: 0.0ms
[2026-03-25T22:11:44.010+0900][189.221s][info][gc,phases   ] GC(458)   Evacuate Collection Set: 0.5ms
[2026-03-25T22:11:44.010+0900][189.221s][info][gc,phases   ] GC(458)   Post Evacuate Collection Set: 0.1ms
[2026-03-25T22:11:44.010+0900][189.221s][info][gc,phases   ] GC(458)   Other: 0.1ms
[2026-03-25T22:11:44.010+0900][189.221s][info][gc,heap     ] GC(458) Eden regions: 8->0(8)
[2026-03-25T22:11:44.010+0900][189.221s][info][gc,heap     ] GC(458) Survivor regions: 1->1(2)
[2026-03-25T22:11:44.010+0900][189.221s][info][gc,heap     ] GC(458) Old regions: 21->21
[2026-03-25T22:11:44.010+0900][189.221s][info][gc,heap     ] GC(458) Archive regions: 2->2
[2026-03-25T22:11:44.010+0900][189.221s][info][gc,heap     ] GC(458) Humongous regions: 24->24
[2026-03-25T22:11:44.010+0900][189.221s][info][gc,metaspace] GC(458) Metaspace: 104199K(105216K)->104199K(105216K) NonClass: 88930K(89472K)->88930K(89472K) Class: 15269K(15744K)->15269K(15744K)
[2026-03-25T22:11:44.010+0900][189.221s][info][gc          ] GC(458) Pause Young (Normal) (G1 Evacuation Pause) 215M->183M(256M) 0.768ms
[2026-03-25T22:11:44.010+0900][189.221s][info][gc,cpu      ] GC(458) User=0.00s Sys=0.00s Real=0.01s
[2026-03-25T22:11:44.190+0900][189.402s][info][gc,start    ] GC(459) Pause Young (Normal) (G1 Evacuation Pause)
[2026-03-25T22:11:44.191+0900][189.402s][info][gc,task     ] GC(459) Using 8 workers of 10 for evacuation
[2026-03-25T22:11:44.191+0900][189.402s][info][gc,phases   ] GC(459)   Pre Evacuate Collection Set: 0.0ms
[2026-03-25T22:11:44.191+0900][189.402s][info][gc,phases   ] GC(459)   Merge Heap Roots: 0.0ms
[2026-03-25T22:11:44.191+0900][189.402s][info][gc,phases   ] GC(459)   Evacuate Collection Set: 0.4ms
[2026-03-25T22:11:44.191+0900][189.402s][info][gc,phases   ] GC(459)   Post Evacuate Collection Set: 0.1ms
[2026-03-25T22:11:44.191+0900][189.402s][info][gc,phases   ] GC(459)   Other: 0.1ms
[2026-03-25T22:11:44.191+0900][189.402s][info][gc,heap     ] GC(459) Eden regions: 8->0(8)
[2026-03-25T22:11:44.191+0900][189.402s][info][gc,heap     ] GC(459) Survivor regions: 1->1(2)
[2026-03-25T22:11:44.191+0900][189.402s][info][gc,heap     ] GC(459) Old regions: 21->21
[2026-03-25T22:11:44.191+0900][189.402s][info][gc,heap     ] GC(459) Archive regions: 2->2
[2026-03-25T22:11:44.191+0900][189.402s][info][gc,heap     ] GC(459) Humongous regions: 24->24
[2026-03-25T22:11:44.191+0900][189.402s][info][gc,metaspace] GC(459) Metaspace: 104199K(105216K)->104199K(105216K) NonClass: 88930K(89472K)->88930K(89472K) Class: 15269K(15744K)->15269K(15744K)
[2026-03-25T22:11:44.191+0900][189.402s][info][gc          ] GC(459) Pause Young (Normal) (G1 Evacuation Pause) 215M->183M(256M) 0.732ms
[2026-03-25T22:11:44.191+0900][189.402s][info][gc,cpu      ] GC(459) User=0.00s Sys=0.00s Real=0.00s
[2026-03-25T22:11:44.348+0900][189.559s][info][gc,start    ] GC(460) Pause Young (Normal) (G1 Evacuation Pause)
[2026-03-25T22:11:44.348+0900][189.559s][info][gc,task     ] GC(460) Using 8 workers of 10 for evacuation
[2026-03-25T22:11:44.348+0900][189.560s][info][gc,phases   ] GC(460)   Pre Evacuate Collection Set: 0.0ms
[2026-03-25T22:11:44.348+0900][189.560s][info][gc,phases   ] GC(460)   Merge Heap Roots: 0.0ms
[2026-03-25T22:11:44.348+0900][189.560s][info][gc,phases   ] GC(460)   Evacuate Collection Set: 0.4ms
[2026-03-25T22:11:44.348+0900][189.560s][info][gc,phases   ] GC(460)   Post Evacuate Collection Set: 0.2ms
[2026-03-25T22:11:44.348+0900][189.560s][info][gc,phases   ] GC(460)   Other: 0.1ms
[2026-03-25T22:11:44.348+0900][189.560s][info][gc,heap     ] GC(460) Eden regions: 8->0(8)
[2026-03-25T22:11:44.348+0900][189.560s][info][gc,heap     ] GC(460) Survivor regions: 1->1(2)
[2026-03-25T22:11:44.348+0900][189.560s][info][gc,heap     ] GC(460) Old regions: 21->21
[2026-03-25T22:11:44.348+0900][189.560s][info][gc,heap     ] GC(460) Archive regions: 2->2
[2026-03-25T22:11:44.348+0900][189.560s][info][gc,heap     ] GC(460) Humongous regions: 24->24
[2026-03-25T22:11:44.348+0900][189.560s][info][gc,metaspace] GC(460) Metaspace: 104199K(105216K)->104199K(105216K) NonClass: 88930K(89472K)->88930K(89472K) Class: 15269K(15744K)->15269K(15744K)
[2026-03-25T22:11:44.348+0900][189.560s][info][gc          ] GC(460) Pause Young (Normal) (G1 Evacuation Pause) 215M->183M(256M) 0.723ms
[2026-03-25T22:11:44.349+0900][189.560s][info][gc,cpu      ] GC(460) User=0.00s Sys=0.00s Real=0.00s
[2026-03-25T22:11:44.536+0900][189.747s][info][gc,start    ] GC(461) Pause Young (Normal) (G1 Evacuation Pause)
[2026-03-25T22:11:44.536+0900][189.747s][info][gc,task     ] GC(461) Using 8 workers of 10 for evacuation
[2026-03-25T22:11:44.537+0900][189.748s][info][gc,phases   ] GC(461)   Pre Evacuate Collection Set: 0.0ms
[2026-03-25T22:11:44.537+0900][189.748s][info][gc,phases   ] GC(461)   Merge Heap Roots: 0.0ms
[2026-03-25T22:11:44.537+0900][189.748s][info][gc,phases   ] GC(461)   Evacuate Collection Set: 0.4ms
[2026-03-25T22:11:44.537+0900][189.748s][info][gc,phases   ] GC(461)   Post Evacuate Collection Set: 0.1ms
[2026-03-25T22:11:44.537+0900][189.748s][info][gc,phases   ] GC(461)   Other: 0.1ms
[2026-03-25T22:11:44.537+0900][189.748s][info][gc,heap     ] GC(461) Eden regions: 8->0(8)
[2026-03-25T22:11:44.537+0900][189.748s][info][gc,heap     ] GC(461) Survivor regions: 1->1(2)
[2026-03-25T22:11:44.537+0900][189.748s][info][gc,heap     ] GC(461) Old regions: 21->21
[2026-03-25T22:11:44.537+0900][189.748s][info][gc,heap     ] GC(461) Archive regions: 2->2
[2026-03-25T22:11:44.537+0900][189.748s][info][gc,heap     ] GC(461) Humongous regions: 24->24
[2026-03-25T22:11:44.537+0900][189.748s][info][gc,metaspace] GC(461) Metaspace: 104199K(105216K)->104199K(105216K) NonClass: 88930K(89472K)->88930K(89472K) Class: 15269K(15744K)->15269K(15744K)
[2026-03-25T22:11:44.537+0900][189.748s][info][gc          ] GC(461) Pause Young (Normal) (G1 Evacuation Pause) 215M->183M(256M) 0.730ms
[2026-03-25T22:11:44.537+0900][189.748s][info][gc,cpu      ] GC(461) User=0.01s Sys=0.00s Real=0.00s
[2026-03-25T22:11:44.668+0900][189.879s][info][gc,start    ] GC(462) Pause Young (Normal) (G1 Evacuation Pause)
[2026-03-25T22:11:44.668+0900][189.879s][info][gc,task     ] GC(462) Using 8 workers of 10 for evacuation
[2026-03-25T22:11:44.669+0900][189.880s][info][gc,phases   ] GC(462)   Pre Evacuate Collection Set: 0.0ms
[2026-03-25T22:11:44.669+0900][189.880s][info][gc,phases   ] GC(462)   Merge Heap Roots: 0.0ms
[2026-03-25T22:11:44.669+0900][189.880s][info][gc,phases   ] GC(462)   Evacuate Collection Set: 0.4ms
[2026-03-25T22:11:44.669+0900][189.880s][info][gc,phases   ] GC(462)   Post Evacuate Collection Set: 0.2ms
[2026-03-25T22:11:44.669+0900][189.880s][info][gc,phases   ] GC(462)   Other: 0.1ms
[2026-03-25T22:11:44.669+0900][189.880s][info][gc,heap     ] GC(462) Eden regions: 8->0(8)
[2026-03-25T22:11:44.669+0900][189.880s][info][gc,heap     ] GC(462) Survivor regions: 1->1(2)
[2026-03-25T22:11:44.669+0900][189.880s][info][gc,heap     ] GC(462) Old regions: 21->21
[2026-03-25T22:11:44.669+0900][189.880s][info][gc,heap     ] GC(462) Archive regions: 2->2
[2026-03-25T22:11:44.669+0900][189.880s][info][gc,heap     ] GC(462) Humongous regions: 24->24
[2026-03-25T22:11:44.669+0900][189.880s][info][gc,metaspace] GC(462) Metaspace: 104199K(105216K)->104199K(105216K) NonClass: 88930K(89472K)->88930K(89472K) Class: 15269K(15744K)->15269K(15744K)
[2026-03-25T22:11:44.669+0900][189.880s][info][gc          ] GC(462) Pause Young (Normal) (G1 Evacuation Pause) 215M->183M(256M) 0.711ms
[2026-03-25T22:11:44.669+0900][189.880s][info][gc,cpu      ] GC(462) User=0.00s Sys=0.00s Real=0.00s
[2026-03-25T22:11:44.822+0900][190.033s][info][gc,start    ] GC(463) Pause Young (Normal) (G1 Evacuation Pause)
[2026-03-25T22:11:44.822+0900][190.033s][info][gc,task     ] GC(463) Using 8 workers of 10 for evacuation
[2026-03-25T22:11:44.823+0900][190.034s][info][gc,phases   ] GC(463)   Pre Evacuate Collection Set: 0.1ms
[2026-03-25T22:11:44.823+0900][190.034s][info][gc,phases   ] GC(463)   Merge Heap Roots: 0.1ms
[2026-03-25T22:11:44.823+0900][190.034s][info][gc,phases   ] GC(463)   Evacuate Collection Set: 0.4ms
[2026-03-25T22:11:44.823+0900][190.034s][info][gc,phases   ] GC(463)   Post Evacuate Collection Set: 0.1ms
[2026-03-25T22:11:44.823+0900][190.034s][info][gc,phases   ] GC(463)   Other: 0.1ms
[2026-03-25T22:11:44.823+0900][190.034s][info][gc,heap     ] GC(463) Eden regions: 8->0(8)
[2026-03-25T22:11:44.823+0900][190.034s][info][gc,heap     ] GC(463) Survivor regions: 1->1(2)
[2026-03-25T22:11:44.823+0900][190.034s][info][gc,heap     ] GC(463) Old regions: 21->21
[2026-03-25T22:11:44.823+0900][190.034s][info][gc,heap     ] GC(463) Archive regions: 2->2
[2026-03-25T22:11:44.823+0900][190.034s][info][gc,heap     ] GC(463) Humongous regions: 24->24
[2026-03-25T22:11:44.823+0900][190.034s][info][gc,metaspace] GC(463) Metaspace: 104199K(105216K)->104199K(105216K) NonClass: 88930K(89472K)->88930K(89472K) Class: 15269K(15744K)->15269K(15744K)
[2026-03-25T22:11:44.823+0900][190.034s][info][gc          ] GC(463) Pause Young (Normal) (G1 Evacuation Pause) 215M->183M(256M) 0.732ms
[2026-03-25T22:11:44.823+0900][190.034s][info][gc,cpu      ] GC(463) User=0.00s Sys=0.00s Real=0.00s
[2026-03-25T22:11:45.005+0900][190.216s][info][gc,start    ] GC(464) Pause Young (Normal) (G1 Evacuation Pause)
[2026-03-25T22:11:45.005+0900][190.217s][info][gc,task     ] GC(464) Using 8 workers of 10 for evacuation
[2026-03-25T22:11:45.006+0900][190.217s][info][gc,phases   ] GC(464)   Pre Evacuate Collection Set: 0.0ms
[2026-03-25T22:11:45.006+0900][190.217s][info][gc,phases   ] GC(464)   Merge Heap Roots: 0.0ms
[2026-03-25T22:11:45.006+0900][190.217s][info][gc,phases   ] GC(464)   Evacuate Collection Set: 0.4ms
[2026-03-25T22:11:45.006+0900][190.217s][info][gc,phases   ] GC(464)   Post Evacuate Collection Set: 0.1ms
[2026-03-25T22:11:45.006+0900][190.217s][info][gc,phases   ] GC(464)   Other: 0.1ms
[2026-03-25T22:11:45.006+0900][190.217s][info][gc,heap     ] GC(464) Eden regions: 8->0(8)
[2026-03-25T22:11:45.006+0900][190.217s][info][gc,heap     ] GC(464) Survivor regions: 1->1(2)
[2026-03-25T22:11:45.006+0900][190.217s][info][gc,heap     ] GC(464) Old regions: 21->21
[2026-03-25T22:11:45.006+0900][190.217s][info][gc,heap     ] GC(464) Archive regions: 2->2
[2026-03-25T22:11:45.006+0900][190.217s][info][gc,heap     ] GC(464) Humongous regions: 24->24
[2026-03-25T22:11:45.006+0900][190.217s][info][gc,metaspace] GC(464) Metaspace: 104199K(105216K)->104199K(105216K) NonClass: 88930K(89472K)->88930K(89472K) Class: 15269K(15744K)->15269K(15744K)
[2026-03-25T22:11:45.006+0900][190.217s][info][gc          ] GC(464) Pause Young (Normal) (G1 Evacuation Pause) 215M->183M(256M) 0.721ms
[2026-03-25T22:11:45.006+0900][190.217s][info][gc,cpu      ] GC(464) User=0.00s Sys=0.01s Real=0.00s
[2026-03-25T22:11:45.118+0900][190.329s][info][gc,start    ] GC(465) Pause Young (Normal) (G1 Evacuation Pause)
[2026-03-25T22:11:45.118+0900][190.329s][info][gc,task     ] GC(465) Using 8 workers of 10 for evacuation
[2026-03-25T22:11:45.119+0900][190.330s][info][gc,phases   ] GC(465)   Pre Evacuate Collection Set: 0.0ms
[2026-03-25T22:11:45.119+0900][190.330s][info][gc,phases   ] GC(465)   Merge Heap Roots: 0.0ms
[2026-03-25T22:11:45.119+0900][190.330s][info][gc,phases   ] GC(465)   Evacuate Collection Set: 0.4ms
[2026-03-25T22:11:45.119+0900][190.330s][info][gc,phases   ] GC(465)   Post Evacuate Collection Set: 0.1ms
[2026-03-25T22:11:45.119+0900][190.330s][info][gc,phases   ] GC(465)   Other: 0.1ms
[2026-03-25T22:11:45.119+0900][190.330s][info][gc,heap     ] GC(465) Eden regions: 8->0(8)
[2026-03-25T22:11:45.119+0900][190.330s][info][gc,heap     ] GC(465) Survivor regions: 1->1(2)
[2026-03-25T22:11:45.119+0900][190.330s][info][gc,heap     ] GC(465) Old regions: 21->21
[2026-03-25T22:11:45.119+0900][190.330s][info][gc,heap     ] GC(465) Archive regions: 2->2
[2026-03-25T22:11:45.119+0900][190.330s][info][gc,heap     ] GC(465) Humongous regions: 24->24
[2026-03-25T22:11:45.119+0900][190.330s][info][gc,metaspace] GC(465) Metaspace: 104199K(105216K)->104199K(105216K) NonClass: 88930K(89472K)->88930K(89472K) Class: 15269K(15744K)->15269K(15744K)
[2026-03-25T22:11:45.119+0900][190.330s][info][gc          ] GC(465) Pause Young (Normal) (G1 Evacuation Pause) 215M->183M(256M) 0.742ms
[2026-03-25T22:11:45.119+0900][190.330s][info][gc,cpu      ] GC(465) User=0.00s Sys=0.00s Real=0.00s
[2026-03-25T22:11:45.271+0900][190.482s][info][gc,start    ] GC(466) Pause Young (Normal) (G1 Evacuation Pause)
[2026-03-25T22:11:45.271+0900][190.482s][info][gc,task     ] GC(466) Using 8 workers of 10 for evacuation
[2026-03-25T22:11:45.271+0900][190.482s][info][gc,phases   ] GC(466)   Pre Evacuate Collection Set: 0.0ms
[2026-03-25T22:11:45.271+0900][190.482s][info][gc,phases   ] GC(466)   Merge Heap Roots: 0.0ms
[2026-03-25T22:11:45.271+0900][190.482s][info][gc,phases   ] GC(466)   Evacuate Collection Set: 0.4ms
[2026-03-25T22:11:45.271+0900][190.482s][info][gc,phases   ] GC(466)   Post Evacuate Collection Set: 0.1ms
[2026-03-25T22:11:45.271+0900][190.482s][info][gc,phases   ] GC(466)   Other: 0.1ms
[2026-03-25T22:11:45.271+0900][190.482s][info][gc,heap     ] GC(466) Eden regions: 8->0(8)
[2026-03-25T22:11:45.271+0900][190.482s][info][gc,heap     ] GC(466) Survivor regions: 1->1(2)
[2026-03-25T22:11:45.271+0900][190.482s][info][gc,heap     ] GC(466) Old regions: 21->21
[2026-03-25T22:11:45.271+0900][190.482s][info][gc,heap     ] GC(466) Archive regions: 2->2
[2026-03-25T22:11:45.271+0900][190.482s][info][gc,heap     ] GC(466) Humongous regions: 24->24
[2026-03-25T22:11:45.271+0900][190.482s][info][gc,metaspace] GC(466) Metaspace: 104199K(105216K)->104199K(105216K) NonClass: 88930K(89472K)->88930K(89472K) Class: 15269K(15744K)->15269K(15744K)
[2026-03-25T22:11:45.271+0900][190.482s][info][gc          ] GC(466) Pause Young (Normal) (G1 Evacuation Pause) 215M->183M(256M) 0.727ms
[2026-03-25T22:11:45.271+0900][190.482s][info][gc,cpu      ] GC(466) User=0.00s Sys=0.00s Real=0.00s
[2026-03-25T22:11:45.462+0900][190.673s][info][gc,start    ] GC(467) Pause Young (Normal) (G1 Evacuation Pause)
[2026-03-25T22:11:45.462+0900][190.673s][info][gc,task     ] GC(467) Using 8 workers of 10 for evacuation
[2026-03-25T22:11:45.463+0900][190.674s][info][gc,phases   ] GC(467)   Pre Evacuate Collection Set: 0.1ms
[2026-03-25T22:11:45.463+0900][190.674s][info][gc,phases   ] GC(467)   Merge Heap Roots: 0.0ms
[2026-03-25T22:11:45.463+0900][190.674s][info][gc,phases   ] GC(467)   Evacuate Collection Set: 0.4ms
[2026-03-25T22:11:45.463+0900][190.674s][info][gc,phases   ] GC(467)   Post Evacuate Collection Set: 0.1ms
[2026-03-25T22:11:45.463+0900][190.674s][info][gc,phases   ] GC(467)   Other: 0.1ms
[2026-03-25T22:11:45.463+0900][190.674s][info][gc,heap     ] GC(467) Eden regions: 8->0(8)
[2026-03-25T22:11:45.463+0900][190.674s][info][gc,heap     ] GC(467) Survivor regions: 1->1(2)
[2026-03-25T22:11:45.463+0900][190.674s][info][gc,heap     ] GC(467) Old regions: 21->21
[2026-03-25T22:11:45.463+0900][190.674s][info][gc,heap     ] GC(467) Archive regions: 2->2
[2026-03-25T22:11:45.463+0900][190.674s][info][gc,heap     ] GC(467) Humongous regions: 24->24
[2026-03-25T22:11:45.463+0900][190.674s][info][gc,metaspace] GC(467) Metaspace: 104199K(105216K)->104199K(105216K) NonClass: 88930K(89472K)->88930K(89472K) Class: 15269K(15744K)->15269K(15744K)
[2026-03-25T22:11:45.463+0900][190.674s][info][gc          ] GC(467) Pause Young (Normal) (G1 Evacuation Pause) 215M->183M(256M) 0.733ms
[2026-03-25T22:11:45.463+0900][190.674s][info][gc,cpu      ] GC(467) User=0.00s Sys=0.00s Real=0.00s
[2026-03-25T22:11:45.634+0900][190.846s][info][gc,start    ] GC(468) Pause Young (Normal) (G1 Evacuation Pause)
[2026-03-25T22:11:45.634+0900][190.846s][info][gc,task     ] GC(468) Using 8 workers of 10 for evacuation
[2026-03-25T22:11:45.635+0900][190.846s][info][gc,phases   ] GC(468)   Pre Evacuate Collection Set: 0.0ms
[2026-03-25T22:11:45.635+0900][190.846s][info][gc,phases   ] GC(468)   Merge Heap Roots: 0.0ms
[2026-03-25T22:11:45.635+0900][190.846s][info][gc,phases   ] GC(468)   Evacuate Collection Set: 0.4ms
[2026-03-25T22:11:45.635+0900][190.846s][info][gc,phases   ] GC(468)   Post Evacuate Collection Set: 0.1ms
[2026-03-25T22:11:45.635+0900][190.846s][info][gc,phases   ] GC(468)   Other: 0.1ms
[2026-03-25T22:11:45.635+0900][190.846s][info][gc,heap     ] GC(468) Eden regions: 8->0(8)
[2026-03-25T22:11:45.635+0900][190.846s][info][gc,heap     ] GC(468) Survivor regions: 1->1(2)
[2026-03-25T22:11:45.635+0900][190.846s][info][gc,heap     ] GC(468) Old regions: 21->21
[2026-03-25T22:11:45.635+0900][190.846s][info][gc,heap     ] GC(468) Archive regions: 2->2
[2026-03-25T22:11:45.635+0900][190.846s][info][gc,heap     ] GC(468) Humongous regions: 24->24
[2026-03-25T22:11:45.635+0900][190.846s][info][gc,metaspace] GC(468) Metaspace: 104199K(105216K)->104199K(105216K) NonClass: 88930K(89472K)->88930K(89472K) Class: 15269K(15744K)->15269K(15744K)
[2026-03-25T22:11:45.635+0900][190.846s][info][gc          ] GC(468) Pause Young (Normal) (G1 Evacuation Pause) 215M->183M(256M) 0.721ms
[2026-03-25T22:11:45.635+0900][190.846s][info][gc,cpu      ] GC(468) User=0.00s Sys=0.00s Real=0.00s
[2026-03-25T22:11:45.874+0900][191.085s][info][gc,start    ] GC(469) Pause Young (Normal) (G1 Evacuation Pause)
[2026-03-25T22:11:45.874+0900][191.085s][info][gc,task     ] GC(469) Using 8 workers of 10 for evacuation
[2026-03-25T22:11:45.875+0900][191.086s][info][gc,phases   ] GC(469)   Pre Evacuate Collection Set: 0.1ms
[2026-03-25T22:11:45.875+0900][191.086s][info][gc,phases   ] GC(469)   Merge Heap Roots: 0.0ms
[2026-03-25T22:11:45.875+0900][191.086s][info][gc,phases   ] GC(469)   Evacuate Collection Set: 0.5ms
[2026-03-25T22:11:45.875+0900][191.086s][info][gc,phases   ] GC(469)   Post Evacuate Collection Set: 0.1ms
[2026-03-25T22:11:45.875+0900][191.086s][info][gc,phases   ] GC(469)   Other: 0.1ms
[2026-03-25T22:11:45.875+0900][191.086s][info][gc,heap     ] GC(469) Eden regions: 8->0(8)
[2026-03-25T22:11:45.875+0900][191.086s][info][gc,heap     ] GC(469) Survivor regions: 1->1(2)
[2026-03-25T22:11:45.875+0900][191.086s][info][gc,heap     ] GC(469) Old regions: 21->21
[2026-03-25T22:11:45.875+0900][191.086s][info][gc,heap     ] GC(469) Archive regions: 2->2
[2026-03-25T22:11:45.875+0900][191.086s][info][gc,heap     ] GC(469) Humongous regions: 24->24
[2026-03-25T22:11:45.875+0900][191.086s][info][gc,metaspace] GC(469) Metaspace: 104199K(105216K)->104199K(105216K) NonClass: 88930K(89472K)->88930K(89472K) Class: 15269K(15744K)->15269K(15744K)
[2026-03-25T22:11:45.875+0900][191.086s][info][gc          ] GC(469) Pause Young (Normal) (G1 Evacuation Pause) 215M->184M(256M) 0.864ms
[2026-03-25T22:11:45.875+0900][191.086s][info][gc,cpu      ] GC(469) User=0.00s Sys=0.00s Real=0.00s
[2026-03-25T22:11:46.030+0900][191.241s][info][gc,start    ] GC(470) Pause Young (Normal) (G1 Evacuation Pause)
[2026-03-25T22:11:46.030+0900][191.241s][info][gc,task     ] GC(470) Using 8 workers of 10 for evacuation
[2026-03-25T22:11:46.031+0900][191.242s][info][gc,phases   ] GC(470)   Pre Evacuate Collection Set: 0.1ms
[2026-03-25T22:11:46.031+0900][191.242s][info][gc,phases   ] GC(470)   Merge Heap Roots: 0.0ms
[2026-03-25T22:11:46.031+0900][191.242s][info][gc,phases   ] GC(470)   Evacuate Collection Set: 0.6ms
[2026-03-25T22:11:46.031+0900][191.242s][info][gc,phases   ] GC(470)   Post Evacuate Collection Set: 0.1ms
[2026-03-25T22:11:46.031+0900][191.242s][info][gc,phases   ] GC(470)   Other: 0.1ms
[2026-03-25T22:11:46.031+0900][191.242s][info][gc,heap     ] GC(470) Eden regions: 8->0(8)
[2026-03-25T22:11:46.031+0900][191.242s][info][gc,heap     ] GC(470) Survivor regions: 1->1(2)
[2026-03-25T22:11:46.031+0900][191.242s][info][gc,heap     ] GC(470) Old regions: 21->21
[2026-03-25T22:11:46.031+0900][191.242s][info][gc,heap     ] GC(470) Archive regions: 2->2
[2026-03-25T22:11:46.031+0900][191.242s][info][gc,heap     ] GC(470) Humongous regions: 24->24
[2026-03-25T22:11:46.031+0900][191.242s][info][gc,metaspace] GC(470) Metaspace: 104199K(105216K)->104199K(105216K) NonClass: 88930K(89472K)->88930K(89472K) Class: 15269K(15744K)->15269K(15744K)
[2026-03-25T22:11:46.031+0900][191.242s][info][gc          ] GC(470) Pause Young (Normal) (G1 Evacuation Pause) 216M->184M(256M) 0.925ms
[2026-03-25T22:11:46.031+0900][191.242s][info][gc,cpu      ] GC(470) User=0.01s Sys=0.01s Real=0.00s
[2026-03-25T22:11:46.136+0900][191.347s][info][gc,start    ] GC(471) Pause Young (Normal) (G1 Evacuation Pause)
[2026-03-25T22:11:46.136+0900][191.347s][info][gc,task     ] GC(471) Using 8 workers of 10 for evacuation
[2026-03-25T22:11:46.137+0900][191.348s][info][gc,phases   ] GC(471)   Pre Evacuate Collection Set: 0.0ms
[2026-03-25T22:11:46.137+0900][191.348s][info][gc,phases   ] GC(471)   Merge Heap Roots: 0.0ms
[2026-03-25T22:11:46.137+0900][191.348s][info][gc,phases   ] GC(471)   Evacuate Collection Set: 0.5ms
[2026-03-25T22:11:46.137+0900][191.348s][info][gc,phases   ] GC(471)   Post Evacuate Collection Set: 0.1ms
[2026-03-25T22:11:46.137+0900][191.348s][info][gc,phases   ] GC(471)   Other: 0.1ms
[2026-03-25T22:11:46.137+0900][191.348s][info][gc,heap     ] GC(471) Eden regions: 8->0(8)
[2026-03-25T22:11:46.137+0900][191.348s][info][gc,heap     ] GC(471) Survivor regions: 1->1(2)
[2026-03-25T22:11:46.137+0900][191.348s][info][gc,heap     ] GC(471) Old regions: 21->21
[2026-03-25T22:11:46.137+0900][191.348s][info][gc,heap     ] GC(471) Archive regions: 2->2
[2026-03-25T22:11:46.137+0900][191.348s][info][gc,heap     ] GC(471) Humongous regions: 24->24
[2026-03-25T22:11:46.137+0900][191.348s][info][gc,metaspace] GC(471) Metaspace: 104199K(105216K)->104199K(105216K) NonClass: 88930K(89472K)->88930K(89472K) Class: 15269K(15744K)->15269K(15744K)
[2026-03-25T22:11:46.137+0900][191.348s][info][gc          ] GC(471) Pause Young (Normal) (G1 Evacuation Pause) 216M->184M(256M) 0.798ms
[2026-03-25T22:11:46.137+0900][191.348s][info][gc,cpu      ] GC(471) User=0.00s Sys=0.00s Real=0.00s
[2026-03-25T22:11:46.297+0900][191.508s][info][gc,start    ] GC(472) Pause Young (Normal) (G1 Evacuation Pause)
[2026-03-25T22:11:46.297+0900][191.508s][info][gc,task     ] GC(472) Using 8 workers of 10 for evacuation
[2026-03-25T22:11:46.298+0900][191.509s][info][gc,phases   ] GC(472)   Pre Evacuate Collection Set: 0.0ms
[2026-03-25T22:11:46.298+0900][191.509s][info][gc,phases   ] GC(472)   Merge Heap Roots: 0.0ms
[2026-03-25T22:11:46.298+0900][191.509s][info][gc,phases   ] GC(472)   Evacuate Collection Set: 0.4ms
[2026-03-25T22:11:46.298+0900][191.509s][info][gc,phases   ] GC(472)   Post Evacuate Collection Set: 0.1ms
[2026-03-25T22:11:46.298+0900][191.509s][info][gc,phases   ] GC(472)   Other: 0.1ms
[2026-03-25T22:11:46.298+0900][191.509s][info][gc,heap     ] GC(472) Eden regions: 8->0(8)
[2026-03-25T22:11:46.298+0900][191.509s][info][gc,heap     ] GC(472) Survivor regions: 1->1(2)
[2026-03-25T22:11:46.298+0900][191.509s][info][gc,heap     ] GC(472) Old regions: 21->21
[2026-03-25T22:11:46.298+0900][191.509s][info][gc,heap     ] GC(472) Archive regions: 2->2
[2026-03-25T22:11:46.298+0900][191.509s][info][gc,heap     ] GC(472) Humongous regions: 24->24
[2026-03-25T22:11:46.298+0900][191.509s][info][gc,metaspace] GC(472) Metaspace: 104199K(105216K)->104199K(105216K) NonClass: 88930K(89472K)->88930K(89472K) Class: 15269K(15744K)->15269K(15744K)
[2026-03-25T22:11:46.298+0900][191.509s][info][gc          ] GC(472) Pause Young (Normal) (G1 Evacuation Pause) 216M->184M(256M) 0.754ms
[2026-03-25T22:11:46.298+0900][191.509s][info][gc,cpu      ] GC(472) User=0.01s Sys=0.00s Real=0.00s
[2026-03-25T22:11:46.452+0900][191.663s][info][gc,start    ] GC(473) Pause Young (Normal) (G1 Evacuation Pause)
[2026-03-25T22:11:46.452+0900][191.663s][info][gc,task     ] GC(473) Using 8 workers of 10 for evacuation
[2026-03-25T22:11:46.452+0900][191.663s][info][gc,phases   ] GC(473)   Pre Evacuate Collection Set: 0.0ms
[2026-03-25T22:11:46.452+0900][191.663s][info][gc,phases   ] GC(473)   Merge Heap Roots: 0.0ms
[2026-03-25T22:11:46.452+0900][191.663s][info][gc,phases   ] GC(473)   Evacuate Collection Set: 0.4ms
[2026-03-25T22:11:46.452+0900][191.663s][info][gc,phases   ] GC(473)   Post Evacuate Collection Set: 0.1ms
[2026-03-25T22:11:46.452+0900][191.663s][info][gc,phases   ] GC(473)   Other: 0.1ms
[2026-03-25T22:11:46.452+0900][191.663s][info][gc,heap     ] GC(473) Eden regions: 8->0(8)
[2026-03-25T22:11:46.452+0900][191.663s][info][gc,heap     ] GC(473) Survivor regions: 1->1(2)
[2026-03-25T22:11:46.452+0900][191.663s][info][gc,heap     ] GC(473) Old regions: 21->21
[2026-03-25T22:11:46.452+0900][191.663s][info][gc,heap     ] GC(473) Archive regions: 2->2
[2026-03-25T22:11:46.452+0900][191.663s][info][gc,heap     ] GC(473) Humongous regions: 24->24
[2026-03-25T22:11:46.452+0900][191.663s][info][gc,metaspace] GC(473) Metaspace: 104199K(105216K)->104199K(105216K) NonClass: 88930K(89472K)->88930K(89472K) Class: 15269K(15744K)->15269K(15744K)
[2026-03-25T22:11:46.452+0900][191.663s][info][gc          ] GC(473) Pause Young (Normal) (G1 Evacuation Pause) 216M->184M(256M) 0.728ms
[2026-03-25T22:11:46.452+0900][191.663s][info][gc,cpu      ] GC(473) User=0.00s Sys=0.00s Real=0.00s
[2026-03-25T22:11:46.630+0900][191.841s][info][gc,start    ] GC(474) Pause Young (Normal) (G1 Evacuation Pause)
[2026-03-25T22:11:46.630+0900][191.841s][info][gc,task     ] GC(474) Using 8 workers of 10 for evacuation
[2026-03-25T22:11:46.630+0900][191.841s][info][gc,phases   ] GC(474)   Pre Evacuate Collection Set: 0.1ms
[2026-03-25T22:11:46.630+0900][191.841s][info][gc,phases   ] GC(474)   Merge Heap Roots: 0.1ms
[2026-03-25T22:11:46.630+0900][191.841s][info][gc,phases   ] GC(474)   Evacuate Collection Set: 0.3ms
[2026-03-25T22:11:46.630+0900][191.841s][info][gc,phases   ] GC(474)   Post Evacuate Collection Set: 0.1ms
[2026-03-25T22:11:46.630+0900][191.841s][info][gc,phases   ] GC(474)   Other: 0.1ms
[2026-03-25T22:11:46.630+0900][191.841s][info][gc,heap     ] GC(474) Eden regions: 8->0(8)
[2026-03-25T22:11:46.630+0900][191.841s][info][gc,heap     ] GC(474) Survivor regions: 1->1(2)
[2026-03-25T22:11:46.630+0900][191.841s][info][gc,heap     ] GC(474) Old regions: 21->21
[2026-03-25T22:11:46.630+0900][191.841s][info][gc,heap     ] GC(474) Archive regions: 2->2
[2026-03-25T22:11:46.630+0900][191.841s][info][gc,heap     ] GC(474) Humongous regions: 24->24
[2026-03-25T22:11:46.630+0900][191.841s][info][gc,metaspace] GC(474) Metaspace: 104199K(105216K)->104199K(105216K) NonClass: 88930K(89472K)->88930K(89472K) Class: 15269K(15744K)->15269K(15744K)
[2026-03-25T22:11:46.630+0900][191.841s][info][gc          ] GC(474) Pause Young (Normal) (G1 Evacuation Pause) 216M->183M(256M) 0.708ms
[2026-03-25T22:11:46.630+0900][191.841s][info][gc,cpu      ] GC(474) User=0.00s Sys=0.00s Real=0.00s
[2026-03-25T22:11:46.780+0900][191.991s][info][gc,start    ] GC(475) Pause Young (Normal) (G1 Evacuation Pause)
[2026-03-25T22:11:46.780+0900][191.991s][info][gc,task     ] GC(475) Using 8 workers of 10 for evacuation
[2026-03-25T22:11:46.781+0900][191.992s][info][gc,phases   ] GC(475)   Pre Evacuate Collection Set: 0.0ms
[2026-03-25T22:11:46.781+0900][191.992s][info][gc,phases   ] GC(475)   Merge Heap Roots: 0.0ms
[2026-03-25T22:11:46.781+0900][191.992s][info][gc,phases   ] GC(475)   Evacuate Collection Set: 0.4ms
[2026-03-25T22:11:46.781+0900][191.992s][info][gc,phases   ] GC(475)   Post Evacuate Collection Set: 0.1ms
[2026-03-25T22:11:46.781+0900][191.992s][info][gc,phases   ] GC(475)   Other: 0.1ms
[2026-03-25T22:11:46.781+0900][191.992s][info][gc,heap     ] GC(475) Eden regions: 8->0(8)
[2026-03-25T22:11:46.781+0900][191.992s][info][gc,heap     ] GC(475) Survivor regions: 1->1(2)
[2026-03-25T22:11:46.781+0900][191.992s][info][gc,heap     ] GC(475) Old regions: 21->21
[2026-03-25T22:11:46.781+0900][191.992s][info][gc,heap     ] GC(475) Archive regions: 2->2
[2026-03-25T22:11:46.781+0900][191.992s][info][gc,heap     ] GC(475) Humongous regions: 24->24
[2026-03-25T22:11:46.781+0900][191.992s][info][gc,metaspace] GC(475) Metaspace: 104199K(105216K)->104199K(105216K) NonClass: 88930K(89472K)->88930K(89472K) Class: 15269K(15744K)->15269K(15744K)
[2026-03-25T22:11:46.781+0900][191.992s][info][gc          ] GC(475) Pause Young (Normal) (G1 Evacuation Pause) 215M->184M(256M) 0.724ms
[2026-03-25T22:11:46.781+0900][191.992s][info][gc,cpu      ] GC(475) User=0.00s Sys=0.00s Real=0.00s
[2026-03-25T22:11:47.049+0900][192.260s][info][gc,start    ] GC(476) Pause Young (Normal) (G1 Evacuation Pause)
[2026-03-25T22:11:47.049+0900][192.260s][info][gc,task     ] GC(476) Using 8 workers of 10 for evacuation
[2026-03-25T22:11:47.050+0900][192.261s][info][gc,phases   ] GC(476)   Pre Evacuate Collection Set: 0.0ms
[2026-03-25T22:11:47.050+0900][192.261s][info][gc,phases   ] GC(476)   Merge Heap Roots: 0.0ms
[2026-03-25T22:11:47.050+0900][192.261s][info][gc,phases   ] GC(476)   Evacuate Collection Set: 0.4ms
[2026-03-25T22:11:47.050+0900][192.261s][info][gc,phases   ] GC(476)   Post Evacuate Collection Set: 0.1ms
[2026-03-25T22:11:47.050+0900][192.261s][info][gc,phases   ] GC(476)   Other: 0.1ms
[2026-03-25T22:11:47.050+0900][192.261s][info][gc,heap     ] GC(476) Eden regions: 8->0(8)
[2026-03-25T22:11:47.050+0900][192.261s][info][gc,heap     ] GC(476) Survivor regions: 1->1(2)
[2026-03-25T22:11:47.050+0900][192.261s][info][gc,heap     ] GC(476) Old regions: 21->21
[2026-03-25T22:11:47.050+0900][192.261s][info][gc,heap     ] GC(476) Archive regions: 2->2
[2026-03-25T22:11:47.050+0900][192.261s][info][gc,heap     ] GC(476) Humongous regions: 24->24
[2026-03-25T22:11:47.050+0900][192.261s][info][gc,metaspace] GC(476) Metaspace: 104199K(105216K)->104199K(105216K) NonClass: 88930K(89472K)->88930K(89472K) Class: 15269K(15744K)->15269K(15744K)
[2026-03-25T22:11:47.050+0900][192.261s][info][gc          ] GC(476) Pause Young (Normal) (G1 Evacuation Pause) 216M->184M(256M) 0.718ms
[2026-03-25T22:11:47.050+0900][192.261s][info][gc,cpu      ] GC(476) User=0.01s Sys=0.00s Real=0.01s
[2026-03-25T22:11:47.177+0900][192.388s][info][gc,start    ] GC(477) Pause Young (Normal) (G1 Evacuation Pause)
[2026-03-25T22:11:47.177+0900][192.388s][info][gc,task     ] GC(477) Using 8 workers of 10 for evacuation
[2026-03-25T22:11:47.178+0900][192.389s][info][gc,phases   ] GC(477)   Pre Evacuate Collection Set: 0.0ms
[2026-03-25T22:11:47.178+0900][192.389s][info][gc,phases   ] GC(477)   Merge Heap Roots: 0.0ms
[2026-03-25T22:11:47.178+0900][192.389s][info][gc,phases   ] GC(477)   Evacuate Collection Set: 0.4ms
[2026-03-25T22:11:47.178+0900][192.389s][info][gc,phases   ] GC(477)   Post Evacuate Collection Set: 0.1ms
[2026-03-25T22:11:47.178+0900][192.389s][info][gc,phases   ] GC(477)   Other: 0.1ms
[2026-03-25T22:11:47.178+0900][192.389s][info][gc,heap     ] GC(477) Eden regions: 8->0(8)
[2026-03-25T22:11:47.178+0900][192.389s][info][gc,heap     ] GC(477) Survivor regions: 1->1(2)
[2026-03-25T22:11:47.178+0900][192.389s][info][gc,heap     ] GC(477) Old regions: 21->21
[2026-03-25T22:11:47.178+0900][192.389s][info][gc,heap     ] GC(477) Archive regions: 2->2
[2026-03-25T22:11:47.178+0900][192.389s][info][gc,heap     ] GC(477) Humongous regions: 24->24
[2026-03-25T22:11:47.178+0900][192.389s][info][gc,metaspace] GC(477) Metaspace: 104199K(105216K)->104199K(105216K) NonClass: 88930K(89472K)->88930K(89472K) Class: 15269K(15744K)->15269K(15744K)
[2026-03-25T22:11:47.178+0900][192.389s][info][gc          ] GC(477) Pause Young (Normal) (G1 Evacuation Pause) 216M->184M(256M) 0.733ms
[2026-03-25T22:11:47.178+0900][192.389s][info][gc,cpu      ] GC(477) User=0.00s Sys=0.00s Real=0.00s
[2026-03-25T22:11:47.296+0900][192.507s][info][gc,start    ] GC(478) Pause Young (Normal) (G1 Evacuation Pause)
[2026-03-25T22:11:47.296+0900][192.507s][info][gc,task     ] GC(478) Using 8 workers of 10 for evacuation
[2026-03-25T22:11:47.297+0900][192.508s][info][gc,phases   ] GC(478)   Pre Evacuate Collection Set: 0.0ms
[2026-03-25T22:11:47.297+0900][192.508s][info][gc,phases   ] GC(478)   Merge Heap Roots: 0.0ms
[2026-03-25T22:11:47.297+0900][192.508s][info][gc,phases   ] GC(478)   Evacuate Collection Set: 0.4ms
[2026-03-25T22:11:47.297+0900][192.508s][info][gc,phases   ] GC(478)   Post Evacuate Collection Set: 0.1ms
[2026-03-25T22:11:47.297+0900][192.508s][info][gc,phases   ] GC(478)   Other: 0.1ms
[2026-03-25T22:11:47.297+0900][192.508s][info][gc,heap     ] GC(478) Eden regions: 8->0(8)
[2026-03-25T22:11:47.297+0900][192.508s][info][gc,heap     ] GC(478) Survivor regions: 1->1(2)
[2026-03-25T22:11:47.297+0900][192.508s][info][gc,heap     ] GC(478) Old regions: 21->21
[2026-03-25T22:11:47.297+0900][192.508s][info][gc,heap     ] GC(478) Archive regions: 2->2
[2026-03-25T22:11:47.297+0900][192.508s][info][gc,heap     ] GC(478) Humongous regions: 24->24
[2026-03-25T22:11:47.297+0900][192.508s][info][gc,metaspace] GC(478) Metaspace: 104199K(105216K)->104199K(105216K) NonClass: 88930K(89472K)->88930K(89472K) Class: 15269K(15744K)->15269K(15744K)
[2026-03-25T22:11:47.297+0900][192.508s][info][gc          ] GC(478) Pause Young (Normal) (G1 Evacuation Pause) 216M->184M(256M) 0.720ms
[2026-03-25T22:11:47.297+0900][192.508s][info][gc,cpu      ] GC(478) User=0.00s Sys=0.00s Real=0.00s
[2026-03-25T22:11:47.412+0900][192.623s][info][gc,start    ] GC(479) Pause Young (Normal) (G1 Evacuation Pause)
[2026-03-25T22:11:47.412+0900][192.623s][info][gc,task     ] GC(479) Using 8 workers of 10 for evacuation
[2026-03-25T22:11:47.413+0900][192.624s][info][gc,phases   ] GC(479)   Pre Evacuate Collection Set: 0.0ms
[2026-03-25T22:11:47.413+0900][192.624s][info][gc,phases   ] GC(479)   Merge Heap Roots: 0.0ms
[2026-03-25T22:11:47.413+0900][192.624s][info][gc,phases   ] GC(479)   Evacuate Collection Set: 0.4ms
[2026-03-25T22:11:47.413+0900][192.624s][info][gc,phases   ] GC(479)   Post Evacuate Collection Set: 0.1ms
[2026-03-25T22:11:47.413+0900][192.624s][info][gc,phases   ] GC(479)   Other: 0.1ms
[2026-03-25T22:11:47.413+0900][192.624s][info][gc,heap     ] GC(479) Eden regions: 8->0(8)
[2026-03-25T22:11:47.413+0900][192.624s][info][gc,heap     ] GC(479) Survivor regions: 1->1(2)
[2026-03-25T22:11:47.413+0900][192.624s][info][gc,heap     ] GC(479) Old regions: 21->21
[2026-03-25T22:11:47.413+0900][192.624s][info][gc,heap     ] GC(479) Archive regions: 2->2
[2026-03-25T22:11:47.413+0900][192.624s][info][gc,heap     ] GC(479) Humongous regions: 24->24
[2026-03-25T22:11:47.413+0900][192.624s][info][gc,metaspace] GC(479) Metaspace: 104199K(105216K)->104199K(105216K) NonClass: 88930K(89472K)->88930K(89472K) Class: 15269K(15744K)->15269K(15744K)
[2026-03-25T22:11:47.413+0900][192.624s][info][gc          ] GC(479) Pause Young (Normal) (G1 Evacuation Pause) 216M->184M(256M) 0.722ms
[2026-03-25T22:11:47.413+0900][192.624s][info][gc,cpu      ] GC(479) User=0.00s Sys=0.00s Real=0.00s
[2026-03-25T22:11:47.564+0900][192.775s][info][gc,start    ] GC(480) Pause Young (Normal) (G1 Evacuation Pause)
[2026-03-25T22:11:47.564+0900][192.775s][info][gc,task     ] GC(480) Using 8 workers of 10 for evacuation
[2026-03-25T22:11:47.564+0900][192.775s][info][gc,phases   ] GC(480)   Pre Evacuate Collection Set: 0.0ms
[2026-03-25T22:11:47.564+0900][192.775s][info][gc,phases   ] GC(480)   Merge Heap Roots: 0.0ms
[2026-03-25T22:11:47.564+0900][192.775s][info][gc,phases   ] GC(480)   Evacuate Collection Set: 0.4ms
[2026-03-25T22:11:47.564+0900][192.775s][info][gc,phases   ] GC(480)   Post Evacuate Collection Set: 0.1ms
[2026-03-25T22:11:47.564+0900][192.775s][info][gc,phases   ] GC(480)   Other: 0.1ms
[2026-03-25T22:11:47.564+0900][192.775s][info][gc,heap     ] GC(480) Eden regions: 8->0(8)
[2026-03-25T22:11:47.564+0900][192.775s][info][gc,heap     ] GC(480) Survivor regions: 1->1(2)
[2026-03-25T22:11:47.564+0900][192.775s][info][gc,heap     ] GC(480) Old regions: 21->21
[2026-03-25T22:11:47.564+0900][192.775s][info][gc,heap     ] GC(480) Archive regions: 2->2
[2026-03-25T22:11:47.564+0900][192.775s][info][gc,heap     ] GC(480) Humongous regions: 24->24
[2026-03-25T22:11:47.564+0900][192.775s][info][gc,metaspace] GC(480) Metaspace: 104199K(105216K)->104199K(105216K) NonClass: 88930K(89472K)->88930K(89472K) Class: 15269K(15744K)->15269K(15744K)
[2026-03-25T22:11:47.564+0900][192.776s][info][gc          ] GC(480) Pause Young (Normal) (G1 Evacuation Pause) 216M->184M(256M) 0.723ms
[2026-03-25T22:11:47.564+0900][192.776s][info][gc,cpu      ] GC(480) User=0.01s Sys=0.00s Real=0.00s
[2026-03-25T22:11:47.761+0900][192.972s][info][gc,start    ] GC(481) Pause Young (Normal) (G1 Evacuation Pause)
[2026-03-25T22:11:47.761+0900][192.972s][info][gc,task     ] GC(481) Using 8 workers of 10 for evacuation
[2026-03-25T22:11:47.762+0900][192.973s][info][gc,phases   ] GC(481)   Pre Evacuate Collection Set: 0.1ms
[2026-03-25T22:11:47.762+0900][192.973s][info][gc,phases   ] GC(481)   Merge Heap Roots: 0.0ms
[2026-03-25T22:11:47.762+0900][192.973s][info][gc,phases   ] GC(481)   Evacuate Collection Set: 0.4ms
[2026-03-25T22:11:47.762+0900][192.973s][info][gc,phases   ] GC(481)   Post Evacuate Collection Set: 0.2ms
[2026-03-25T22:11:47.762+0900][192.973s][info][gc,phases   ] GC(481)   Other: 0.1ms
[2026-03-25T22:11:47.762+0900][192.973s][info][gc,heap     ] GC(481) Eden regions: 8->0(8)
[2026-03-25T22:11:47.762+0900][192.973s][info][gc,heap     ] GC(481) Survivor regions: 1->1(2)
[2026-03-25T22:11:47.762+0900][192.973s][info][gc,heap     ] GC(481) Old regions: 21->21
[2026-03-25T22:11:47.762+0900][192.973s][info][gc,heap     ] GC(481) Archive regions: 2->2
[2026-03-25T22:11:47.762+0900][192.973s][info][gc,heap     ] GC(481) Humongous regions: 24->24
[2026-03-25T22:11:47.762+0900][192.973s][info][gc,metaspace] GC(481) Metaspace: 104199K(105216K)->104199K(105216K) NonClass: 88930K(89472K)->88930K(89472K) Class: 15269K(15744K)->15269K(15744K)
[2026-03-25T22:11:47.762+0900][192.973s][info][gc          ] GC(481) Pause Young (Normal) (G1 Evacuation Pause) 216M->184M(256M) 0.808ms
[2026-03-25T22:11:47.762+0900][192.973s][info][gc,cpu      ] GC(481) User=0.01s Sys=0.00s Real=0.00s
[2026-03-25T22:11:47.931+0900][193.142s][info][gc,start    ] GC(482) Pause Young (Normal) (G1 Evacuation Pause)
[2026-03-25T22:11:47.931+0900][193.142s][info][gc,task     ] GC(482) Using 8 workers of 10 for evacuation
[2026-03-25T22:11:47.932+0900][193.143s][info][gc,phases   ] GC(482)   Pre Evacuate Collection Set: 0.0ms
[2026-03-25T22:11:47.932+0900][193.143s][info][gc,phases   ] GC(482)   Merge Heap Roots: 0.0ms
[2026-03-25T22:11:47.932+0900][193.143s][info][gc,phases   ] GC(482)   Evacuate Collection Set: 0.4ms
[2026-03-25T22:11:47.932+0900][193.143s][info][gc,phases   ] GC(482)   Post Evacuate Collection Set: 0.2ms
[2026-03-25T22:11:47.932+0900][193.143s][info][gc,phases   ] GC(482)   Other: 0.1ms
[2026-03-25T22:11:47.932+0900][193.143s][info][gc,heap     ] GC(482) Eden regions: 8->0(8)
[2026-03-25T22:11:47.932+0900][193.143s][info][gc,heap     ] GC(482) Survivor regions: 1->1(2)
[2026-03-25T22:11:47.932+0900][193.143s][info][gc,heap     ] GC(482) Old regions: 21->21
[2026-03-25T22:11:47.932+0900][193.143s][info][gc,heap     ] GC(482) Archive regions: 2->2
[2026-03-25T22:11:47.932+0900][193.143s][info][gc,heap     ] GC(482) Humongous regions: 24->24
[2026-03-25T22:11:47.932+0900][193.143s][info][gc,metaspace] GC(482) Metaspace: 104199K(105216K)->104199K(105216K) NonClass: 88930K(89472K)->88930K(89472K) Class: 15269K(15744K)->15269K(15744K)
[2026-03-25T22:11:47.932+0900][193.143s][info][gc          ] GC(482) Pause Young (Normal) (G1 Evacuation Pause) 216M->184M(256M) 0.744ms
[2026-03-25T22:11:47.932+0900][193.143s][info][gc,cpu      ] GC(482) User=0.01s Sys=0.00s Real=0.00s
[2026-03-25T22:11:48.045+0900][193.256s][info][gc,start    ] GC(483) Pause Young (Normal) (G1 Evacuation Pause)
[2026-03-25T22:11:48.045+0900][193.256s][info][gc,task     ] GC(483) Using 8 workers of 10 for evacuation
[2026-03-25T22:11:48.046+0900][193.257s][info][gc,phases   ] GC(483)   Pre Evacuate Collection Set: 0.0ms
[2026-03-25T22:11:48.046+0900][193.257s][info][gc,phases   ] GC(483)   Merge Heap Roots: 0.0ms
[2026-03-25T22:11:48.046+0900][193.257s][info][gc,phases   ] GC(483)   Evacuate Collection Set: 0.4ms
[2026-03-25T22:11:48.046+0900][193.257s][info][gc,phases   ] GC(483)   Post Evacuate Collection Set: 0.1ms
[2026-03-25T22:11:48.046+0900][193.257s][info][gc,phases   ] GC(483)   Other: 0.1ms
[2026-03-25T22:11:48.046+0900][193.257s][info][gc,heap     ] GC(483) Eden regions: 8->0(8)
[2026-03-25T22:11:48.046+0900][193.257s][info][gc,heap     ] GC(483) Survivor regions: 1->1(2)
[2026-03-25T22:11:48.046+0900][193.257s][info][gc,heap     ] GC(483) Old regions: 21->21
[2026-03-25T22:11:48.046+0900][193.257s][info][gc,heap     ] GC(483) Archive regions: 2->2
[2026-03-25T22:11:48.046+0900][193.257s][info][gc,heap     ] GC(483) Humongous regions: 24->24
[2026-03-25T22:11:48.046+0900][193.257s][info][gc,metaspace] GC(483) Metaspace: 104199K(105216K)->104199K(105216K) NonClass: 88930K(89472K)->88930K(89472K) Class: 15269K(15744K)->15269K(15744K)
[2026-03-25T22:11:48.046+0900][193.257s][info][gc          ] GC(483) Pause Young (Normal) (G1 Evacuation Pause) 216M->184M(256M) 0.770ms
[2026-03-25T22:11:48.046+0900][193.257s][info][gc,cpu      ] GC(483) User=0.00s Sys=0.00s Real=0.00s
[2026-03-25T22:11:48.177+0900][193.388s][info][gc,start    ] GC(484) Pause Young (Normal) (G1 Evacuation Pause)
[2026-03-25T22:11:48.177+0900][193.388s][info][gc,task     ] GC(484) Using 8 workers of 10 for evacuation
[2026-03-25T22:11:48.178+0900][193.389s][info][gc,phases   ] GC(484)   Pre Evacuate Collection Set: 0.1ms
[2026-03-25T22:11:48.178+0900][193.389s][info][gc,phases   ] GC(484)   Merge Heap Roots: 0.1ms
[2026-03-25T22:11:48.178+0900][193.389s][info][gc,phases   ] GC(484)   Evacuate Collection Set: 0.4ms
[2026-03-25T22:11:48.178+0900][193.389s][info][gc,phases   ] GC(484)   Post Evacuate Collection Set: 0.1ms
[2026-03-25T22:11:48.178+0900][193.389s][info][gc,phases   ] GC(484)   Other: 0.1ms
[2026-03-25T22:11:48.178+0900][193.389s][info][gc,heap     ] GC(484) Eden regions: 8->0(8)
[2026-03-25T22:11:48.178+0900][193.389s][info][gc,heap     ] GC(484) Survivor regions: 1->1(2)
[2026-03-25T22:11:48.178+0900][193.389s][info][gc,heap     ] GC(484) Old regions: 21->21
[2026-03-25T22:11:48.178+0900][193.389s][info][gc,heap     ] GC(484) Archive regions: 2->2
[2026-03-25T22:11:48.178+0900][193.389s][info][gc,heap     ] GC(484) Humongous regions: 24->24
[2026-03-25T22:11:48.178+0900][193.389s][info][gc,metaspace] GC(484) Metaspace: 104199K(105216K)->104199K(105216K) NonClass: 88930K(89472K)->88930K(89472K) Class: 15269K(15744K)->15269K(15744K)
[2026-03-25T22:11:48.178+0900][193.389s][info][gc          ] GC(484) Pause Young (Normal) (G1 Evacuation Pause) 216M->184M(256M) 0.734ms
[2026-03-25T22:11:48.178+0900][193.389s][info][gc,cpu      ] GC(484) User=0.00s Sys=0.00s Real=0.00s
[2026-03-25T22:11:48.364+0900][193.575s][info][gc,start    ] GC(485) Pause Young (Normal) (G1 Evacuation Pause)
[2026-03-25T22:11:48.364+0900][193.575s][info][gc,task     ] GC(485) Using 8 workers of 10 for evacuation
[2026-03-25T22:11:48.365+0900][193.576s][info][gc,phases   ] GC(485)   Pre Evacuate Collection Set: 0.0ms
[2026-03-25T22:11:48.365+0900][193.576s][info][gc,phases   ] GC(485)   Merge Heap Roots: 0.0ms
[2026-03-25T22:11:48.365+0900][193.576s][info][gc,phases   ] GC(485)   Evacuate Collection Set: 0.4ms
[2026-03-25T22:11:48.365+0900][193.576s][info][gc,phases   ] GC(485)   Post Evacuate Collection Set: 0.1ms
[2026-03-25T22:11:48.365+0900][193.576s][info][gc,phases   ] GC(485)   Other: 0.1ms
[2026-03-25T22:11:48.365+0900][193.576s][info][gc,heap     ] GC(485) Eden regions: 8->0(8)
[2026-03-25T22:11:48.365+0900][193.576s][info][gc,heap     ] GC(485) Survivor regions: 1->1(2)
[2026-03-25T22:11:48.365+0900][193.576s][info][gc,heap     ] GC(485) Old regions: 21->21
[2026-03-25T22:11:48.365+0900][193.576s][info][gc,heap     ] GC(485) Archive regions: 2->2
[2026-03-25T22:11:48.365+0900][193.576s][info][gc,heap     ] GC(485) Humongous regions: 24->24
[2026-03-25T22:11:48.365+0900][193.576s][info][gc,metaspace] GC(485) Metaspace: 104199K(105216K)->104199K(105216K) NonClass: 88930K(89472K)->88930K(89472K) Class: 15269K(15744K)->15269K(15744K)
[2026-03-25T22:11:48.365+0900][193.576s][info][gc          ] GC(485) Pause Young (Normal) (G1 Evacuation Pause) 216M->184M(256M) 0.755ms
[2026-03-25T22:11:48.365+0900][193.576s][info][gc,cpu      ] GC(485) User=0.00s Sys=0.00s Real=0.00s
[2026-03-25T22:11:48.521+0900][193.732s][info][gc,start    ] GC(486) Pause Young (Normal) (G1 Evacuation Pause)
[2026-03-25T22:11:48.521+0900][193.732s][info][gc,task     ] GC(486) Using 8 workers of 10 for evacuation
[2026-03-25T22:11:48.522+0900][193.733s][info][gc,phases   ] GC(486)   Pre Evacuate Collection Set: 0.0ms
[2026-03-25T22:11:48.522+0900][193.733s][info][gc,phases   ] GC(486)   Merge Heap Roots: 0.0ms
[2026-03-25T22:11:48.522+0900][193.733s][info][gc,phases   ] GC(486)   Evacuate Collection Set: 0.4ms
[2026-03-25T22:11:48.522+0900][193.733s][info][gc,phases   ] GC(486)   Post Evacuate Collection Set: 0.1ms
[2026-03-25T22:11:48.522+0900][193.733s][info][gc,phases   ] GC(486)   Other: 0.1ms
[2026-03-25T22:11:48.522+0900][193.733s][info][gc,heap     ] GC(486) Eden regions: 8->0(8)
[2026-03-25T22:11:48.522+0900][193.733s][info][gc,heap     ] GC(486) Survivor regions: 1->1(2)
[2026-03-25T22:11:48.522+0900][193.733s][info][gc,heap     ] GC(486) Old regions: 21->21
[2026-03-25T22:11:48.522+0900][193.733s][info][gc,heap     ] GC(486) Archive regions: 2->2
[2026-03-25T22:11:48.522+0900][193.733s][info][gc,heap     ] GC(486) Humongous regions: 24->24
[2026-03-25T22:11:48.522+0900][193.733s][info][gc,metaspace] GC(486) Metaspace: 104199K(105216K)->104199K(105216K) NonClass: 88930K(89472K)->88930K(89472K) Class: 15269K(15744K)->15269K(15744K)
[2026-03-25T22:11:48.522+0900][193.733s][info][gc          ] GC(486) Pause Young (Normal) (G1 Evacuation Pause) 216M->184M(256M) 0.784ms
[2026-03-25T22:11:48.522+0900][193.733s][info][gc,cpu      ] GC(486) User=0.01s Sys=0.00s Real=0.00s
[2026-03-25T22:11:48.671+0900][193.882s][info][gc,start    ] GC(487) Pause Young (Normal) (G1 Evacuation Pause)
[2026-03-25T22:11:48.671+0900][193.883s][info][gc,task     ] GC(487) Using 8 workers of 10 for evacuation
[2026-03-25T22:11:48.672+0900][193.883s][info][gc,phases   ] GC(487)   Pre Evacuate Collection Set: 0.0ms
[2026-03-25T22:11:48.672+0900][193.883s][info][gc,phases   ] GC(487)   Merge Heap Roots: 0.0ms
[2026-03-25T22:11:48.672+0900][193.883s][info][gc,phases   ] GC(487)   Evacuate Collection Set: 0.4ms
[2026-03-25T22:11:48.672+0900][193.883s][info][gc,phases   ] GC(487)   Post Evacuate Collection Set: 0.2ms
[2026-03-25T22:11:48.672+0900][193.883s][info][gc,phases   ] GC(487)   Other: 0.1ms
[2026-03-25T22:11:48.672+0900][193.883s][info][gc,heap     ] GC(487) Eden regions: 8->0(8)
[2026-03-25T22:11:48.672+0900][193.883s][info][gc,heap     ] GC(487) Survivor regions: 1->1(2)
[2026-03-25T22:11:48.672+0900][193.883s][info][gc,heap     ] GC(487) Old regions: 21->21
[2026-03-25T22:11:48.672+0900][193.883s][info][gc,heap     ] GC(487) Archive regions: 2->2
[2026-03-25T22:11:48.672+0900][193.883s][info][gc,heap     ] GC(487) Humongous regions: 24->24
[2026-03-25T22:11:48.672+0900][193.883s][info][gc,metaspace] GC(487) Metaspace: 104199K(105216K)->104199K(105216K) NonClass: 88930K(89472K)->88930K(89472K) Class: 15269K(15744K)->15269K(15744K)
[2026-03-25T22:11:48.672+0900][193.883s][info][gc          ] GC(487) Pause Young (Normal) (G1 Evacuation Pause) 216M->184M(256M) 0.801ms
[2026-03-25T22:11:48.672+0900][193.883s][info][gc,cpu      ] GC(487) User=0.01s Sys=0.00s Real=0.00s
[2026-03-25T22:11:48.796+0900][194.008s][info][gc,start    ] GC(488) Pause Young (Normal) (G1 Evacuation Pause)
[2026-03-25T22:11:48.796+0900][194.008s][info][gc,task     ] GC(488) Using 8 workers of 10 for evacuation
[2026-03-25T22:11:48.797+0900][194.008s][info][gc,phases   ] GC(488)   Pre Evacuate Collection Set: 0.0ms
[2026-03-25T22:11:48.797+0900][194.008s][info][gc,phases   ] GC(488)   Merge Heap Roots: 0.0ms
[2026-03-25T22:11:48.797+0900][194.008s][info][gc,phases   ] GC(488)   Evacuate Collection Set: 0.5ms
[2026-03-25T22:11:48.797+0900][194.008s][info][gc,phases   ] GC(488)   Post Evacuate Collection Set: 0.1ms
[2026-03-25T22:11:48.797+0900][194.008s][info][gc,phases   ] GC(488)   Other: 0.1ms
[2026-03-25T22:11:48.797+0900][194.008s][info][gc,heap     ] GC(488) Eden regions: 8->0(8)
[2026-03-25T22:11:48.797+0900][194.008s][info][gc,heap     ] GC(488) Survivor regions: 1->1(2)
[2026-03-25T22:11:48.797+0900][194.008s][info][gc,heap     ] GC(488) Old regions: 21->21
[2026-03-25T22:11:48.797+0900][194.008s][info][gc,heap     ] GC(488) Archive regions: 2->2
[2026-03-25T22:11:48.797+0900][194.008s][info][gc,heap     ] GC(488) Humongous regions: 24->24
[2026-03-25T22:11:48.797+0900][194.008s][info][gc,metaspace] GC(488) Metaspace: 104199K(105216K)->104199K(105216K) NonClass: 88930K(89472K)->88930K(89472K) Class: 15269K(15744K)->15269K(15744K)
[2026-03-25T22:11:48.797+0900][194.008s][info][gc          ] GC(488) Pause Young (Normal) (G1 Evacuation Pause) 216M->184M(256M) 0.817ms
[2026-03-25T22:11:48.797+0900][194.008s][info][gc,cpu      ] GC(488) User=0.00s Sys=0.00s Real=0.00s
[2026-03-25T22:11:48.900+0900][194.111s][info][gc,start    ] GC(489) Pause Young (Normal) (G1 Evacuation Pause)
[2026-03-25T22:11:48.900+0900][194.111s][info][gc,task     ] GC(489) Using 8 workers of 10 for evacuation
[2026-03-25T22:11:48.901+0900][194.112s][info][gc,phases   ] GC(489)   Pre Evacuate Collection Set: 0.0ms
[2026-03-25T22:11:48.901+0900][194.112s][info][gc,phases   ] GC(489)   Merge Heap Roots: 0.0ms
[2026-03-25T22:11:48.901+0900][194.112s][info][gc,phases   ] GC(489)   Evacuate Collection Set: 0.4ms
[2026-03-25T22:11:48.901+0900][194.112s][info][gc,phases   ] GC(489)   Post Evacuate Collection Set: 0.1ms
[2026-03-25T22:11:48.901+0900][194.112s][info][gc,phases   ] GC(489)   Other: 0.1ms
[2026-03-25T22:11:48.901+0900][194.112s][info][gc,heap     ] GC(489) Eden regions: 8->0(8)
[2026-03-25T22:11:48.901+0900][194.112s][info][gc,heap     ] GC(489) Survivor regions: 1->1(2)
[2026-03-25T22:11:48.901+0900][194.112s][info][gc,heap     ] GC(489) Old regions: 21->21
[2026-03-25T22:11:48.901+0900][194.112s][info][gc,heap     ] GC(489) Archive regions: 2->2
[2026-03-25T22:11:48.901+0900][194.112s][info][gc,heap     ] GC(489) Humongous regions: 24->24
[2026-03-25T22:11:48.901+0900][194.112s][info][gc,metaspace] GC(489) Metaspace: 104199K(105216K)->104199K(105216K) NonClass: 88930K(89472K)->88930K(89472K) Class: 15269K(15744K)->15269K(15744K)
[2026-03-25T22:11:48.901+0900][194.112s][info][gc          ] GC(489) Pause Young (Normal) (G1 Evacuation Pause) 216M->184M(256M) 0.769ms
[2026-03-25T22:11:48.901+0900][194.112s][info][gc,cpu      ] GC(489) User=0.00s Sys=0.00s Real=0.00s
[2026-03-25T22:11:49.061+0900][194.272s][info][gc,start    ] GC(490) Pause Young (Normal) (G1 Evacuation Pause)
[2026-03-25T22:11:49.061+0900][194.272s][info][gc,task     ] GC(490) Using 8 workers of 10 for evacuation
[2026-03-25T22:11:49.062+0900][194.273s][info][gc,phases   ] GC(490)   Pre Evacuate Collection Set: 0.0ms
[2026-03-25T22:11:49.062+0900][194.273s][info][gc,phases   ] GC(490)   Merge Heap Roots: 0.0ms
[2026-03-25T22:11:49.062+0900][194.273s][info][gc,phases   ] GC(490)   Evacuate Collection Set: 0.4ms
[2026-03-25T22:11:49.062+0900][194.273s][info][gc,phases   ] GC(490)   Post Evacuate Collection Set: 0.1ms
[2026-03-25T22:11:49.062+0900][194.273s][info][gc,phases   ] GC(490)   Other: 0.1ms
[2026-03-25T22:11:49.062+0900][194.273s][info][gc,heap     ] GC(490) Eden regions: 8->0(8)
[2026-03-25T22:11:49.062+0900][194.273s][info][gc,heap     ] GC(490) Survivor regions: 1->1(2)
[2026-03-25T22:11:49.062+0900][194.273s][info][gc,heap     ] GC(490) Old regions: 21->21
[2026-03-25T22:11:49.062+0900][194.273s][info][gc,heap     ] GC(490) Archive regions: 2->2
[2026-03-25T22:11:49.062+0900][194.273s][info][gc,heap     ] GC(490) Humongous regions: 24->24
[2026-03-25T22:11:49.062+0900][194.273s][info][gc,metaspace] GC(490) Metaspace: 104199K(105216K)->104199K(105216K) NonClass: 88930K(89472K)->88930K(89472K) Class: 15269K(15744K)->15269K(15744K)
[2026-03-25T22:11:49.062+0900][194.273s][info][gc          ] GC(490) Pause Young (Normal) (G1 Evacuation Pause) 216M->184M(256M) 0.704ms
[2026-03-25T22:11:49.062+0900][194.273s][info][gc,cpu      ] GC(490) User=0.00s Sys=0.00s Real=0.00s
[2026-03-25T22:11:49.192+0900][194.404s][info][gc,start    ] GC(491) Pause Young (Normal) (G1 Evacuation Pause)
[2026-03-25T22:11:49.193+0900][194.404s][info][gc,task     ] GC(491) Using 8 workers of 10 for evacuation
[2026-03-25T22:11:49.193+0900][194.404s][info][gc,phases   ] GC(491)   Pre Evacuate Collection Set: 0.0ms
[2026-03-25T22:11:49.193+0900][194.404s][info][gc,phases   ] GC(491)   Merge Heap Roots: 0.0ms
[2026-03-25T22:11:49.193+0900][194.404s][info][gc,phases   ] GC(491)   Evacuate Collection Set: 0.4ms
[2026-03-25T22:11:49.193+0900][194.404s][info][gc,phases   ] GC(491)   Post Evacuate Collection Set: 0.1ms
[2026-03-25T22:11:49.193+0900][194.404s][info][gc,phases   ] GC(491)   Other: 0.1ms
[2026-03-25T22:11:49.193+0900][194.404s][info][gc,heap     ] GC(491) Eden regions: 8->0(8)
[2026-03-25T22:11:49.193+0900][194.404s][info][gc,heap     ] GC(491) Survivor regions: 1->1(2)
[2026-03-25T22:11:49.193+0900][194.404s][info][gc,heap     ] GC(491) Old regions: 21->21
[2026-03-25T22:11:49.193+0900][194.404s][info][gc,heap     ] GC(491) Archive regions: 2->2
[2026-03-25T22:11:49.193+0900][194.404s][info][gc,heap     ] GC(491) Humongous regions: 24->24
[2026-03-25T22:11:49.193+0900][194.404s][info][gc,metaspace] GC(491) Metaspace: 104199K(105216K)->104199K(105216K) NonClass: 88930K(89472K)->88930K(89472K) Class: 15269K(15744K)->15269K(15744K)
[2026-03-25T22:11:49.193+0900][194.404s][info][gc          ] GC(491) Pause Young (Normal) (G1 Evacuation Pause) 216M->184M(256M) 0.777ms
[2026-03-25T22:11:49.193+0900][194.404s][info][gc,cpu      ] GC(491) User=0.01s Sys=0.01s Real=0.00s
[2026-03-25T22:11:49.365+0900][194.576s][info][gc,start    ] GC(492) Pause Young (Normal) (G1 Evacuation Pause)
[2026-03-25T22:11:49.365+0900][194.576s][info][gc,task     ] GC(492) Using 8 workers of 10 for evacuation
[2026-03-25T22:11:49.366+0900][194.577s][info][gc,phases   ] GC(492)   Pre Evacuate Collection Set: 0.1ms
[2026-03-25T22:11:49.366+0900][194.577s][info][gc,phases   ] GC(492)   Merge Heap Roots: 0.1ms
[2026-03-25T22:11:49.366+0900][194.577s][info][gc,phases   ] GC(492)   Evacuate Collection Set: 0.4ms
[2026-03-25T22:11:49.366+0900][194.577s][info][gc,phases   ] GC(492)   Post Evacuate Collection Set: 0.1ms
[2026-03-25T22:11:49.366+0900][194.577s][info][gc,phases   ] GC(492)   Other: 0.1ms
[2026-03-25T22:11:49.366+0900][194.577s][info][gc,heap     ] GC(492) Eden regions: 8->0(7)
[2026-03-25T22:11:49.366+0900][194.577s][info][gc,heap     ] GC(492) Survivor regions: 1->1(2)
[2026-03-25T22:11:49.366+0900][194.577s][info][gc,heap     ] GC(492) Old regions: 21->22
[2026-03-25T22:11:49.366+0900][194.577s][info][gc,heap     ] GC(492) Archive regions: 2->2
[2026-03-25T22:11:49.366+0900][194.577s][info][gc,heap     ] GC(492) Humongous regions: 24->24
[2026-03-25T22:11:49.366+0900][194.577s][info][gc,metaspace] GC(492) Metaspace: 104199K(105216K)->104199K(105216K) NonClass: 88930K(89472K)->88930K(89472K) Class: 15269K(15744K)->15269K(15744K)
[2026-03-25T22:11:49.366+0900][194.577s][info][gc          ] GC(492) Pause Young (Normal) (G1 Evacuation Pause) 216M->184M(256M) 0.727ms
[2026-03-25T22:11:49.366+0900][194.577s][info][gc,cpu      ] GC(492) User=0.01s Sys=0.00s Real=0.00s
[2026-03-25T22:11:49.515+0900][194.726s][info][gc,start    ] GC(493) Pause Young (Normal) (G1 Evacuation Pause)
[2026-03-25T22:11:49.515+0900][194.726s][info][gc,task     ] GC(493) Using 8 workers of 10 for evacuation
[2026-03-25T22:11:49.515+0900][194.726s][info][gc,phases   ] GC(493)   Pre Evacuate Collection Set: 0.0ms
[2026-03-25T22:11:49.515+0900][194.726s][info][gc,phases   ] GC(493)   Merge Heap Roots: 0.0ms
[2026-03-25T22:11:49.515+0900][194.726s][info][gc,phases   ] GC(493)   Evacuate Collection Set: 0.4ms
[2026-03-25T22:11:49.515+0900][194.726s][info][gc,phases   ] GC(493)   Post Evacuate Collection Set: 0.1ms
[2026-03-25T22:11:49.515+0900][194.726s][info][gc,phases   ] GC(493)   Other: 0.1ms
[2026-03-25T22:11:49.515+0900][194.726s][info][gc,heap     ] GC(493) Eden regions: 7->0(7)
[2026-03-25T22:11:49.515+0900][194.726s][info][gc,heap     ] GC(493) Survivor regions: 1->1(1)
[2026-03-25T22:11:49.515+0900][194.726s][info][gc,heap     ] GC(493) Old regions: 22->22
[2026-03-25T22:11:49.515+0900][194.726s][info][gc,heap     ] GC(493) Archive regions: 2->2
[2026-03-25T22:11:49.515+0900][194.726s][info][gc,heap     ] GC(493) Humongous regions: 24->24
[2026-03-25T22:11:49.515+0900][194.726s][info][gc,metaspace] GC(493) Metaspace: 104199K(105216K)->104199K(105216K) NonClass: 88930K(89472K)->88930K(89472K) Class: 15269K(15744K)->15269K(15744K)
[2026-03-25T22:11:49.515+0900][194.726s][info][gc          ] GC(493) Pause Young (Normal) (G1 Evacuation Pause) 212M->184M(256M) 0.703ms
[2026-03-25T22:11:49.515+0900][194.727s][info][gc,cpu      ] GC(493) User=0.01s Sys=0.00s Real=0.00s
[2026-03-25T22:11:49.697+0900][194.908s][info][gc,start    ] GC(494) Pause Young (Normal) (G1 Evacuation Pause)
[2026-03-25T22:11:49.697+0900][194.908s][info][gc,task     ] GC(494) Using 8 workers of 10 for evacuation
[2026-03-25T22:11:49.698+0900][194.909s][info][gc,phases   ] GC(494)   Pre Evacuate Collection Set: 0.0ms
[2026-03-25T22:11:49.698+0900][194.909s][info][gc,phases   ] GC(494)   Merge Heap Roots: 0.0ms
[2026-03-25T22:11:49.698+0900][194.909s][info][gc,phases   ] GC(494)   Evacuate Collection Set: 0.4ms
[2026-03-25T22:11:49.698+0900][194.909s][info][gc,phases   ] GC(494)   Post Evacuate Collection Set: 0.1ms
[2026-03-25T22:11:49.698+0900][194.909s][info][gc,phases   ] GC(494)   Other: 0.1ms
[2026-03-25T22:11:49.698+0900][194.909s][info][gc,heap     ] GC(494) Eden regions: 7->0(7)
[2026-03-25T22:11:49.698+0900][194.909s][info][gc,heap     ] GC(494) Survivor regions: 1->1(1)
[2026-03-25T22:11:49.698+0900][194.909s][info][gc,heap     ] GC(494) Old regions: 22->22
[2026-03-25T22:11:49.698+0900][194.909s][info][gc,heap     ] GC(494) Archive regions: 2->2
[2026-03-25T22:11:49.698+0900][194.909s][info][gc,heap     ] GC(494) Humongous regions: 24->24
[2026-03-25T22:11:49.698+0900][194.909s][info][gc,metaspace] GC(494) Metaspace: 104199K(105216K)->104199K(105216K) NonClass: 88930K(89472K)->88930K(89472K) Class: 15269K(15744K)->15269K(15744K)
[2026-03-25T22:11:49.698+0900][194.909s][info][gc          ] GC(494) Pause Young (Normal) (G1 Evacuation Pause) 212M->184M(256M) 0.761ms
[2026-03-25T22:11:49.698+0900][194.909s][info][gc,cpu      ] GC(494) User=0.00s Sys=0.00s Real=0.00s
[2026-03-25T22:11:49.833+0900][195.044s][info][gc,start    ] GC(495) Pause Young (Normal) (G1 Evacuation Pause)
[2026-03-25T22:11:49.833+0900][195.044s][info][gc,task     ] GC(495) Using 8 workers of 10 for evacuation
[2026-03-25T22:11:49.834+0900][195.045s][info][gc,phases   ] GC(495)   Pre Evacuate Collection Set: 0.0ms
[2026-03-25T22:11:49.834+0900][195.045s][info][gc,phases   ] GC(495)   Merge Heap Roots: 0.0ms
[2026-03-25T22:11:49.834+0900][195.045s][info][gc,phases   ] GC(495)   Evacuate Collection Set: 0.4ms
[2026-03-25T22:11:49.834+0900][195.045s][info][gc,phases   ] GC(495)   Post Evacuate Collection Set: 0.1ms
[2026-03-25T22:11:49.834+0900][195.045s][info][gc,phases   ] GC(495)   Other: 0.1ms
[2026-03-25T22:11:49.834+0900][195.045s][info][gc,heap     ] GC(495) Eden regions: 7->0(7)
[2026-03-25T22:11:49.834+0900][195.045s][info][gc,heap     ] GC(495) Survivor regions: 1->1(1)
[2026-03-25T22:11:49.834+0900][195.045s][info][gc,heap     ] GC(495) Old regions: 22->22
[2026-03-25T22:11:49.834+0900][195.045s][info][gc,heap     ] GC(495) Archive regions: 2->2
[2026-03-25T22:11:49.834+0900][195.045s][info][gc,heap     ] GC(495) Humongous regions: 24->24
[2026-03-25T22:11:49.834+0900][195.045s][info][gc,metaspace] GC(495) Metaspace: 104199K(105216K)->104199K(105216K) NonClass: 88930K(89472K)->88930K(89472K) Class: 15269K(15744K)->15269K(15744K)
[2026-03-25T22:11:49.834+0900][195.045s][info][gc          ] GC(495) Pause Young (Normal) (G1 Evacuation Pause) 212M->184M(256M) 0.722ms
[2026-03-25T22:11:49.834+0900][195.045s][info][gc,cpu      ] GC(495) User=0.00s Sys=0.00s Real=0.00s
[2026-03-25T22:11:49.966+0900][195.177s][info][gc,start    ] GC(496) Pause Young (Normal) (G1 Evacuation Pause)
[2026-03-25T22:11:49.966+0900][195.177s][info][gc,task     ] GC(496) Using 8 workers of 10 for evacuation
[2026-03-25T22:11:49.967+0900][195.178s][info][gc,phases   ] GC(496)   Pre Evacuate Collection Set: 0.0ms
[2026-03-25T22:11:49.967+0900][195.178s][info][gc,phases   ] GC(496)   Merge Heap Roots: 0.0ms
[2026-03-25T22:11:49.967+0900][195.178s][info][gc,phases   ] GC(496)   Evacuate Collection Set: 0.4ms
[2026-03-25T22:11:49.967+0900][195.178s][info][gc,phases   ] GC(496)   Post Evacuate Collection Set: 0.1ms
[2026-03-25T22:11:49.967+0900][195.178s][info][gc,phases   ] GC(496)   Other: 0.1ms
[2026-03-25T22:11:49.967+0900][195.178s][info][gc,heap     ] GC(496) Eden regions: 7->0(7)
[2026-03-25T22:11:49.967+0900][195.178s][info][gc,heap     ] GC(496) Survivor regions: 1->1(1)
[2026-03-25T22:11:49.967+0900][195.178s][info][gc,heap     ] GC(496) Old regions: 22->22
[2026-03-25T22:11:49.967+0900][195.178s][info][gc,heap     ] GC(496) Archive regions: 2->2
[2026-03-25T22:11:49.967+0900][195.178s][info][gc,heap     ] GC(496) Humongous regions: 24->24
[2026-03-25T22:11:49.967+0900][195.178s][info][gc,metaspace] GC(496) Metaspace: 104199K(105216K)->104199K(105216K) NonClass: 88930K(89472K)->88930K(89472K) Class: 15269K(15744K)->15269K(15744K)
[2026-03-25T22:11:49.967+0900][195.178s][info][gc          ] GC(496) Pause Young (Normal) (G1 Evacuation Pause) 212M->184M(256M) 0.729ms
[2026-03-25T22:11:49.967+0900][195.178s][info][gc,cpu      ] GC(496) User=0.00s Sys=0.00s Real=0.00s
[2026-03-25T22:11:50.172+0900][195.383s][info][gc,start    ] GC(497) Pause Young (Normal) (G1 Evacuation Pause)
[2026-03-25T22:11:50.172+0900][195.384s][info][gc,task     ] GC(497) Using 8 workers of 10 for evacuation
[2026-03-25T22:11:50.173+0900][195.384s][info][gc,phases   ] GC(497)   Pre Evacuate Collection Set: 0.0ms
[2026-03-25T22:11:50.173+0900][195.384s][info][gc,phases   ] GC(497)   Merge Heap Roots: 0.0ms
[2026-03-25T22:11:50.173+0900][195.384s][info][gc,phases   ] GC(497)   Evacuate Collection Set: 0.4ms
[2026-03-25T22:11:50.173+0900][195.384s][info][gc,phases   ] GC(497)   Post Evacuate Collection Set: 0.2ms
[2026-03-25T22:11:50.173+0900][195.384s][info][gc,phases   ] GC(497)   Other: 0.1ms
[2026-03-25T22:11:50.173+0900][195.384s][info][gc,heap     ] GC(497) Eden regions: 7->0(7)
[2026-03-25T22:11:50.173+0900][195.384s][info][gc,heap     ] GC(497) Survivor regions: 1->1(1)
[2026-03-25T22:11:50.173+0900][195.384s][info][gc,heap     ] GC(497) Old regions: 22->22
[2026-03-25T22:11:50.173+0900][195.384s][info][gc,heap     ] GC(497) Archive regions: 2->2
[2026-03-25T22:11:50.173+0900][195.384s][info][gc,heap     ] GC(497) Humongous regions: 24->24
[2026-03-25T22:11:50.173+0900][195.384s][info][gc,metaspace] GC(497) Metaspace: 104199K(105216K)->104199K(105216K) NonClass: 88930K(89472K)->88930K(89472K) Class: 15269K(15744K)->15269K(15744K)
[2026-03-25T22:11:50.173+0900][195.384s][info][gc          ] GC(497) Pause Young (Normal) (G1 Evacuation Pause) 212M->184M(256M) 0.758ms
[2026-03-25T22:11:50.173+0900][195.384s][info][gc,cpu      ] GC(497) User=0.00s Sys=0.00s Real=0.00s
[2026-03-25T22:11:50.284+0900][195.495s][info][gc,start    ] GC(498) Pause Young (Normal) (G1 Evacuation Pause)
[2026-03-25T22:11:50.284+0900][195.495s][info][gc,task     ] GC(498) Using 8 workers of 10 for evacuation
[2026-03-25T22:11:50.284+0900][195.495s][info][gc,phases   ] GC(498)   Pre Evacuate Collection Set: 0.0ms
[2026-03-25T22:11:50.284+0900][195.495s][info][gc,phases   ] GC(498)   Merge Heap Roots: 0.0ms
[2026-03-25T22:11:50.284+0900][195.495s][info][gc,phases   ] GC(498)   Evacuate Collection Set: 0.4ms
[2026-03-25T22:11:50.284+0900][195.495s][info][gc,phases   ] GC(498)   Post Evacuate Collection Set: 0.1ms
[2026-03-25T22:11:50.284+0900][195.495s][info][gc,phases   ] GC(498)   Other: 0.1ms
[2026-03-25T22:11:50.284+0900][195.495s][info][gc,heap     ] GC(498) Eden regions: 7->0(7)
[2026-03-25T22:11:50.284+0900][195.495s][info][gc,heap     ] GC(498) Survivor regions: 1->1(1)
[2026-03-25T22:11:50.284+0900][195.495s][info][gc,heap     ] GC(498) Old regions: 22->22
[2026-03-25T22:11:50.284+0900][195.495s][info][gc,heap     ] GC(498) Archive regions: 2->2
[2026-03-25T22:11:50.284+0900][195.495s][info][gc,heap     ] GC(498) Humongous regions: 24->24
[2026-03-25T22:11:50.284+0900][195.495s][info][gc,metaspace] GC(498) Metaspace: 104199K(105216K)->104199K(105216K) NonClass: 88930K(89472K)->88930K(89472K) Class: 15269K(15744K)->15269K(15744K)
[2026-03-25T22:11:50.284+0900][195.495s][info][gc          ] GC(498) Pause Young (Normal) (G1 Evacuation Pause) 212M->184M(256M) 0.760ms
[2026-03-25T22:11:50.284+0900][195.495s][info][gc,cpu      ] GC(498) User=0.01s Sys=0.00s Real=0.00s
[2026-03-25T22:11:50.405+0900][195.616s][info][gc,start    ] GC(499) Pause Young (Normal) (G1 Evacuation Pause)
[2026-03-25T22:11:50.405+0900][195.616s][info][gc,task     ] GC(499) Using 8 workers of 10 for evacuation
[2026-03-25T22:11:50.406+0900][195.617s][info][gc,phases   ] GC(499)   Pre Evacuate Collection Set: 0.0ms
[2026-03-25T22:11:50.406+0900][195.617s][info][gc,phases   ] GC(499)   Merge Heap Roots: 0.0ms
[2026-03-25T22:11:50.406+0900][195.617s][info][gc,phases   ] GC(499)   Evacuate Collection Set: 0.4ms
[2026-03-25T22:11:50.406+0900][195.617s][info][gc,phases   ] GC(499)   Post Evacuate Collection Set: 0.1ms
[2026-03-25T22:11:50.406+0900][195.617s][info][gc,phases   ] GC(499)   Other: 0.1ms
[2026-03-25T22:11:50.406+0900][195.617s][info][gc,heap     ] GC(499) Eden regions: 7->0(7)
[2026-03-25T22:11:50.406+0900][195.617s][info][gc,heap     ] GC(499) Survivor regions: 1->1(1)
[2026-03-25T22:11:50.406+0900][195.617s][info][gc,heap     ] GC(499) Old regions: 22->22
[2026-03-25T22:11:50.406+0900][195.617s][info][gc,heap     ] GC(499) Archive regions: 2->2
[2026-03-25T22:11:50.406+0900][195.617s][info][gc,heap     ] GC(499) Humongous regions: 24->24
[2026-03-25T22:11:50.406+0900][195.617s][info][gc,metaspace] GC(499) Metaspace: 104199K(105216K)->104199K(105216K) NonClass: 88930K(89472K)->88930K(89472K) Class: 15269K(15744K)->15269K(15744K)
[2026-03-25T22:11:50.406+0900][195.617s][info][gc          ] GC(499) Pause Young (Normal) (G1 Evacuation Pause) 212M->184M(256M) 0.690ms
[2026-03-25T22:11:50.406+0900][195.617s][info][gc,cpu      ] GC(499) User=0.00s Sys=0.00s Real=0.00s
[2026-03-25T22:11:50.507+0900][195.718s][info][gc,start    ] GC(500) Pause Young (Normal) (G1 Evacuation Pause)
[2026-03-25T22:11:50.507+0900][195.718s][info][gc,task     ] GC(500) Using 8 workers of 10 for evacuation
[2026-03-25T22:11:50.508+0900][195.719s][info][gc,phases   ] GC(500)   Pre Evacuate Collection Set: 0.0ms
[2026-03-25T22:11:50.508+0900][195.719s][info][gc,phases   ] GC(500)   Merge Heap Roots: 0.0ms
[2026-03-25T22:11:50.508+0900][195.719s][info][gc,phases   ] GC(500)   Evacuate Collection Set: 0.4ms
[2026-03-25T22:11:50.508+0900][195.719s][info][gc,phases   ] GC(500)   Post Evacuate Collection Set: 0.1ms
[2026-03-25T22:11:50.508+0900][195.719s][info][gc,phases   ] GC(500)   Other: 0.1ms
[2026-03-25T22:11:50.508+0900][195.719s][info][gc,heap     ] GC(500) Eden regions: 7->0(7)
[2026-03-25T22:11:50.508+0900][195.719s][info][gc,heap     ] GC(500) Survivor regions: 1->1(1)
[2026-03-25T22:11:50.508+0900][195.719s][info][gc,heap     ] GC(500) Old regions: 22->22
[2026-03-25T22:11:50.508+0900][195.719s][info][gc,heap     ] GC(500) Archive regions: 2->2
[2026-03-25T22:11:50.508+0900][195.719s][info][gc,heap     ] GC(500) Humongous regions: 24->24
[2026-03-25T22:11:50.508+0900][195.719s][info][gc,metaspace] GC(500) Metaspace: 104199K(105216K)->104199K(105216K) NonClass: 88930K(89472K)->88930K(89472K) Class: 15269K(15744K)->15269K(15744K)
[2026-03-25T22:11:50.508+0900][195.719s][info][gc          ] GC(500) Pause Young (Normal) (G1 Evacuation Pause) 212M->184M(256M) 0.757ms
[2026-03-25T22:11:50.508+0900][195.719s][info][gc,cpu      ] GC(500) User=0.00s Sys=0.00s Real=0.00s
[2026-03-25T22:11:50.655+0900][195.866s][info][gc,start    ] GC(501) Pause Young (Normal) (G1 Evacuation Pause)
[2026-03-25T22:11:50.655+0900][195.866s][info][gc,task     ] GC(501) Using 8 workers of 10 for evacuation
[2026-03-25T22:11:50.656+0900][195.867s][info][gc,phases   ] GC(501)   Pre Evacuate Collection Set: 0.0ms
[2026-03-25T22:11:50.656+0900][195.867s][info][gc,phases   ] GC(501)   Merge Heap Roots: 0.0ms
[2026-03-25T22:11:50.656+0900][195.867s][info][gc,phases   ] GC(501)   Evacuate Collection Set: 0.4ms
[2026-03-25T22:11:50.656+0900][195.867s][info][gc,phases   ] GC(501)   Post Evacuate Collection Set: 0.2ms
[2026-03-25T22:11:50.656+0900][195.867s][info][gc,phases   ] GC(501)   Other: 0.1ms
[2026-03-25T22:11:50.656+0900][195.867s][info][gc,heap     ] GC(501) Eden regions: 7->0(7)
[2026-03-25T22:11:50.656+0900][195.867s][info][gc,heap     ] GC(501) Survivor regions: 1->1(1)
[2026-03-25T22:11:50.656+0900][195.867s][info][gc,heap     ] GC(501) Old regions: 22->22
[2026-03-25T22:11:50.656+0900][195.867s][info][gc,heap     ] GC(501) Archive regions: 2->2
[2026-03-25T22:11:50.656+0900][195.867s][info][gc,heap     ] GC(501) Humongous regions: 24->24
[2026-03-25T22:11:50.656+0900][195.867s][info][gc,metaspace] GC(501) Metaspace: 104199K(105216K)->104199K(105216K) NonClass: 88930K(89472K)->88930K(89472K) Class: 15269K(15744K)->15269K(15744K)
[2026-03-25T22:11:50.656+0900][195.867s][info][gc          ] GC(501) Pause Young (Normal) (G1 Evacuation Pause) 212M->185M(256M) 0.746ms
[2026-03-25T22:11:50.656+0900][195.867s][info][gc,cpu      ] GC(501) User=0.00s Sys=0.01s Real=0.00s
[2026-03-25T22:11:50.815+0900][196.026s][info][gc,start    ] GC(502) Pause Young (Normal) (G1 Evacuation Pause)
[2026-03-25T22:11:50.815+0900][196.026s][info][gc,task     ] GC(502) Using 8 workers of 10 for evacuation
[2026-03-25T22:11:50.815+0900][196.026s][info][gc,phases   ] GC(502)   Pre Evacuate Collection Set: 0.1ms
[2026-03-25T22:11:50.815+0900][196.026s][info][gc,phases   ] GC(502)   Merge Heap Roots: 0.0ms
[2026-03-25T22:11:50.815+0900][196.026s][info][gc,phases   ] GC(502)   Evacuate Collection Set: 0.4ms
[2026-03-25T22:11:50.815+0900][196.026s][info][gc,phases   ] GC(502)   Post Evacuate Collection Set: 0.1ms
[2026-03-25T22:11:50.815+0900][196.026s][info][gc,phases   ] GC(502)   Other: 0.1ms
[2026-03-25T22:11:50.815+0900][196.026s][info][gc,heap     ] GC(502) Eden regions: 7->0(7)
[2026-03-25T22:11:50.815+0900][196.026s][info][gc,heap     ] GC(502) Survivor regions: 1->1(1)
[2026-03-25T22:11:50.815+0900][196.026s][info][gc,heap     ] GC(502) Old regions: 22->22
[2026-03-25T22:11:50.815+0900][196.026s][info][gc,heap     ] GC(502) Archive regions: 2->2
[2026-03-25T22:11:50.815+0900][196.026s][info][gc,heap     ] GC(502) Humongous regions: 24->24
[2026-03-25T22:11:50.815+0900][196.026s][info][gc,metaspace] GC(502) Metaspace: 104199K(105216K)->104199K(105216K) NonClass: 88930K(89472K)->88930K(89472K) Class: 15269K(15744K)->15269K(15744K)
[2026-03-25T22:11:50.815+0900][196.026s][info][gc          ] GC(502) Pause Young (Normal) (G1 Evacuation Pause) 213M->185M(256M) 0.781ms
[2026-03-25T22:11:50.815+0900][196.026s][info][gc,cpu      ] GC(502) User=0.00s Sys=0.00s Real=0.00s
[2026-03-25T22:11:50.979+0900][196.190s][info][gc,start    ] GC(503) Pause Young (Normal) (G1 Evacuation Pause)
[2026-03-25T22:11:50.979+0900][196.190s][info][gc,task     ] GC(503) Using 8 workers of 10 for evacuation
[2026-03-25T22:11:50.980+0900][196.191s][info][gc,phases   ] GC(503)   Pre Evacuate Collection Set: 0.1ms
[2026-03-25T22:11:50.980+0900][196.191s][info][gc,phases   ] GC(503)   Merge Heap Roots: 0.0ms
[2026-03-25T22:11:50.980+0900][196.191s][info][gc,phases   ] GC(503)   Evacuate Collection Set: 0.4ms
[2026-03-25T22:11:50.980+0900][196.191s][info][gc,phases   ] GC(503)   Post Evacuate Collection Set: 0.1ms
[2026-03-25T22:11:50.980+0900][196.191s][info][gc,phases   ] GC(503)   Other: 0.1ms
[2026-03-25T22:11:50.980+0900][196.191s][info][gc,heap     ] GC(503) Eden regions: 7->0(7)
[2026-03-25T22:11:50.980+0900][196.191s][info][gc,heap     ] GC(503) Survivor regions: 1->1(1)
[2026-03-25T22:11:50.980+0900][196.191s][info][gc,heap     ] GC(503) Old regions: 22->22
[2026-03-25T22:11:50.980+0900][196.191s][info][gc,heap     ] GC(503) Archive regions: 2->2
[2026-03-25T22:11:50.980+0900][196.191s][info][gc,heap     ] GC(503) Humongous regions: 24->24
[2026-03-25T22:11:50.980+0900][196.191s][info][gc,metaspace] GC(503) Metaspace: 104199K(105216K)->104199K(105216K) NonClass: 88930K(89472K)->88930K(89472K) Class: 15269K(15744K)->15269K(15744K)
[2026-03-25T22:11:50.980+0900][196.191s][info][gc          ] GC(503) Pause Young (Normal) (G1 Evacuation Pause) 213M->185M(256M) 0.795ms
[2026-03-25T22:11:50.980+0900][196.191s][info][gc,cpu      ] GC(503) User=0.00s Sys=0.00s Real=0.01s
[2026-03-25T22:11:51.198+0900][196.409s][info][gc,start    ] GC(504) Pause Young (Normal) (G1 Evacuation Pause)
[2026-03-25T22:11:51.198+0900][196.409s][info][gc,task     ] GC(504) Using 8 workers of 10 for evacuation
[2026-03-25T22:11:51.199+0900][196.410s][info][gc,phases   ] GC(504)   Pre Evacuate Collection Set: 0.1ms
[2026-03-25T22:11:51.199+0900][196.410s][info][gc,phases   ] GC(504)   Merge Heap Roots: 0.1ms
[2026-03-25T22:11:51.199+0900][196.410s][info][gc,phases   ] GC(504)   Evacuate Collection Set: 0.4ms
[2026-03-25T22:11:51.199+0900][196.410s][info][gc,phases   ] GC(504)   Post Evacuate Collection Set: 0.1ms
[2026-03-25T22:11:51.199+0900][196.410s][info][gc,phases   ] GC(504)   Other: 0.1ms
[2026-03-25T22:11:51.199+0900][196.410s][info][gc,heap     ] GC(504) Eden regions: 7->0(7)
[2026-03-25T22:11:51.199+0900][196.410s][info][gc,heap     ] GC(504) Survivor regions: 1->1(1)
[2026-03-25T22:11:51.199+0900][196.410s][info][gc,heap     ] GC(504) Old regions: 22->22
[2026-03-25T22:11:51.199+0900][196.410s][info][gc,heap     ] GC(504) Archive regions: 2->2
[2026-03-25T22:11:51.199+0900][196.410s][info][gc,heap     ] GC(504) Humongous regions: 24->24
[2026-03-25T22:11:51.199+0900][196.410s][info][gc,metaspace] GC(504) Metaspace: 104199K(105216K)->104199K(105216K) NonClass: 88930K(89472K)->88930K(89472K) Class: 15269K(15744K)->15269K(15744K)
[2026-03-25T22:11:51.199+0900][196.410s][info][gc          ] GC(504) Pause Young (Normal) (G1 Evacuation Pause) 213M->185M(256M) 0.755ms
[2026-03-25T22:11:51.199+0900][196.410s][info][gc,cpu      ] GC(504) User=0.00s Sys=0.00s Real=0.00s
[2026-03-25T22:11:51.329+0900][196.540s][info][gc,start    ] GC(505) Pause Young (Normal) (G1 Evacuation Pause)
[2026-03-25T22:11:51.329+0900][196.540s][info][gc,task     ] GC(505) Using 8 workers of 10 for evacuation
[2026-03-25T22:11:51.330+0900][196.541s][info][gc,phases   ] GC(505)   Pre Evacuate Collection Set: 0.0ms
[2026-03-25T22:11:51.330+0900][196.541s][info][gc,phases   ] GC(505)   Merge Heap Roots: 0.0ms
[2026-03-25T22:11:51.330+0900][196.541s][info][gc,phases   ] GC(505)   Evacuate Collection Set: 0.4ms
[2026-03-25T22:11:51.330+0900][196.541s][info][gc,phases   ] GC(505)   Post Evacuate Collection Set: 0.1ms
[2026-03-25T22:11:51.330+0900][196.541s][info][gc,phases   ] GC(505)   Other: 0.2ms
[2026-03-25T22:11:51.330+0900][196.541s][info][gc,heap     ] GC(505) Eden regions: 7->0(7)
[2026-03-25T22:11:51.330+0900][196.541s][info][gc,heap     ] GC(505) Survivor regions: 1->1(1)
[2026-03-25T22:11:51.330+0900][196.541s][info][gc,heap     ] GC(505) Old regions: 22->22
[2026-03-25T22:11:51.330+0900][196.541s][info][gc,heap     ] GC(505) Archive regions: 2->2
[2026-03-25T22:11:51.330+0900][196.541s][info][gc,heap     ] GC(505) Humongous regions: 24->24
[2026-03-25T22:11:51.330+0900][196.541s][info][gc,metaspace] GC(505) Metaspace: 104199K(105216K)->104199K(105216K) NonClass: 88930K(89472K)->88930K(89472K) Class: 15269K(15744K)->15269K(15744K)
[2026-03-25T22:11:51.330+0900][196.541s][info][gc          ] GC(505) Pause Young (Normal) (G1 Evacuation Pause) 213M->185M(256M) 0.763ms
[2026-03-25T22:11:51.330+0900][196.541s][info][gc,cpu      ] GC(505) User=0.00s Sys=0.00s Real=0.01s
[2026-03-25T22:11:51.471+0900][196.682s][info][gc,start    ] GC(506) Pause Young (Normal) (G1 Evacuation Pause)
[2026-03-25T22:11:51.471+0900][196.682s][info][gc,task     ] GC(506) Using 8 workers of 10 for evacuation
[2026-03-25T22:11:51.472+0900][196.683s][info][gc,phases   ] GC(506)   Pre Evacuate Collection Set: 0.0ms
[2026-03-25T22:11:51.472+0900][196.683s][info][gc,phases   ] GC(506)   Merge Heap Roots: 0.0ms
[2026-03-25T22:11:51.472+0900][196.683s][info][gc,phases   ] GC(506)   Evacuate Collection Set: 0.4ms
[2026-03-25T22:11:51.472+0900][196.683s][info][gc,phases   ] GC(506)   Post Evacuate Collection Set: 0.1ms
[2026-03-25T22:11:51.472+0900][196.683s][info][gc,phases   ] GC(506)   Other: 0.1ms
[2026-03-25T22:11:51.472+0900][196.683s][info][gc,heap     ] GC(506) Eden regions: 7->0(7)
[2026-03-25T22:11:51.472+0900][196.683s][info][gc,heap     ] GC(506) Survivor regions: 1->1(1)
[2026-03-25T22:11:51.472+0900][196.683s][info][gc,heap     ] GC(506) Old regions: 22->22
[2026-03-25T22:11:51.472+0900][196.683s][info][gc,heap     ] GC(506) Archive regions: 2->2
[2026-03-25T22:11:51.472+0900][196.683s][info][gc,heap     ] GC(506) Humongous regions: 24->24
[2026-03-25T22:11:51.472+0900][196.683s][info][gc,metaspace] GC(506) Metaspace: 104199K(105216K)->104199K(105216K) NonClass: 88930K(89472K)->88930K(89472K) Class: 15269K(15744K)->15269K(15744K)
[2026-03-25T22:11:51.472+0900][196.683s][info][gc          ] GC(506) Pause Young (Normal) (G1 Evacuation Pause) 213M->185M(256M) 0.752ms
[2026-03-25T22:11:51.472+0900][196.683s][info][gc,cpu      ] GC(506) User=0.00s Sys=0.00s Real=0.00s
[2026-03-25T22:11:51.552+0900][196.763s][info][gc,start    ] GC(507) Pause Young (Normal) (G1 Evacuation Pause)
[2026-03-25T22:11:51.552+0900][196.763s][info][gc,task     ] GC(507) Using 8 workers of 10 for evacuation
[2026-03-25T22:11:51.553+0900][196.764s][info][gc,phases   ] GC(507)   Pre Evacuate Collection Set: 0.0ms
[2026-03-25T22:11:51.553+0900][196.764s][info][gc,phases   ] GC(507)   Merge Heap Roots: 0.0ms
[2026-03-25T22:11:51.553+0900][196.764s][info][gc,phases   ] GC(507)   Evacuate Collection Set: 0.4ms
[2026-03-25T22:11:51.553+0900][196.764s][info][gc,phases   ] GC(507)   Post Evacuate Collection Set: 0.2ms
[2026-03-25T22:11:51.553+0900][196.764s][info][gc,phases   ] GC(507)   Other: 0.1ms
[2026-03-25T22:11:51.553+0900][196.764s][info][gc,heap     ] GC(507) Eden regions: 7->0(7)
[2026-03-25T22:11:51.553+0900][196.764s][info][gc,heap     ] GC(507) Survivor regions: 1->1(1)
[2026-03-25T22:11:51.553+0900][196.764s][info][gc,heap     ] GC(507) Old regions: 22->22
[2026-03-25T22:11:51.553+0900][196.764s][info][gc,heap     ] GC(507) Archive regions: 2->2
[2026-03-25T22:11:51.553+0900][196.764s][info][gc,heap     ] GC(507) Humongous regions: 24->24
[2026-03-25T22:11:51.553+0900][196.764s][info][gc,metaspace] GC(507) Metaspace: 104199K(105216K)->104199K(105216K) NonClass: 88930K(89472K)->88930K(89472K) Class: 15269K(15744K)->15269K(15744K)
[2026-03-25T22:11:51.553+0900][196.764s][info][gc          ] GC(507) Pause Young (Normal) (G1 Evacuation Pause) 213M->185M(256M) 0.834ms
[2026-03-25T22:11:51.553+0900][196.764s][info][gc,cpu      ] GC(507) User=0.01s Sys=0.00s Real=0.00s
[2026-03-25T22:11:51.681+0900][196.892s][info][gc,start    ] GC(508) Pause Young (Normal) (G1 Evacuation Pause)
[2026-03-25T22:11:51.681+0900][196.892s][info][gc,task     ] GC(508) Using 8 workers of 10 for evacuation
[2026-03-25T22:11:51.682+0900][196.893s][info][gc,phases   ] GC(508)   Pre Evacuate Collection Set: 0.0ms
[2026-03-25T22:11:51.682+0900][196.893s][info][gc,phases   ] GC(508)   Merge Heap Roots: 0.0ms
[2026-03-25T22:11:51.682+0900][196.893s][info][gc,phases   ] GC(508)   Evacuate Collection Set: 0.4ms
[2026-03-25T22:11:51.682+0900][196.893s][info][gc,phases   ] GC(508)   Post Evacuate Collection Set: 0.1ms
[2026-03-25T22:11:51.682+0900][196.893s][info][gc,phases   ] GC(508)   Other: 0.1ms
[2026-03-25T22:11:51.682+0900][196.893s][info][gc,heap     ] GC(508) Eden regions: 7->0(7)
[2026-03-25T22:11:51.682+0900][196.893s][info][gc,heap     ] GC(508) Survivor regions: 1->1(1)
[2026-03-25T22:11:51.682+0900][196.893s][info][gc,heap     ] GC(508) Old regions: 22->22
[2026-03-25T22:11:51.682+0900][196.893s][info][gc,heap     ] GC(508) Archive regions: 2->2
[2026-03-25T22:11:51.682+0900][196.893s][info][gc,heap     ] GC(508) Humongous regions: 24->24
[2026-03-25T22:11:51.682+0900][196.893s][info][gc,metaspace] GC(508) Metaspace: 104199K(105216K)->104199K(105216K) NonClass: 88930K(89472K)->88930K(89472K) Class: 15269K(15744K)->15269K(15744K)
[2026-03-25T22:11:51.682+0900][196.893s][info][gc          ] GC(508) Pause Young (Normal) (G1 Evacuation Pause) 213M->185M(256M) 0.740ms
[2026-03-25T22:11:51.682+0900][196.893s][info][gc,cpu      ] GC(508) User=0.00s Sys=0.00s Real=0.00s
[2026-03-25T22:11:51.822+0900][197.033s][info][gc,start    ] GC(509) Pause Young (Normal) (G1 Evacuation Pause)
[2026-03-25T22:11:51.822+0900][197.033s][info][gc,task     ] GC(509) Using 8 workers of 10 for evacuation
[2026-03-25T22:11:51.823+0900][197.034s][info][gc,phases   ] GC(509)   Pre Evacuate Collection Set: 0.0ms
[2026-03-25T22:11:51.823+0900][197.034s][info][gc,phases   ] GC(509)   Merge Heap Roots: 0.0ms
[2026-03-25T22:11:51.823+0900][197.034s][info][gc,phases   ] GC(509)   Evacuate Collection Set: 0.4ms
[2026-03-25T22:11:51.823+0900][197.034s][info][gc,phases   ] GC(509)   Post Evacuate Collection Set: 0.1ms
[2026-03-25T22:11:51.823+0900][197.034s][info][gc,phases   ] GC(509)   Other: 0.1ms
[2026-03-25T22:11:51.823+0900][197.034s][info][gc,heap     ] GC(509) Eden regions: 7->0(7)
[2026-03-25T22:11:51.823+0900][197.034s][info][gc,heap     ] GC(509) Survivor regions: 1->1(1)
[2026-03-25T22:11:51.823+0900][197.034s][info][gc,heap     ] GC(509) Old regions: 22->22
[2026-03-25T22:11:51.823+0900][197.034s][info][gc,heap     ] GC(509) Archive regions: 2->2
[2026-03-25T22:11:51.823+0900][197.034s][info][gc,heap     ] GC(509) Humongous regions: 24->24
[2026-03-25T22:11:51.823+0900][197.034s][info][gc,metaspace] GC(509) Metaspace: 104199K(105216K)->104199K(105216K) NonClass: 88930K(89472K)->88930K(89472K) Class: 15269K(15744K)->15269K(15744K)
[2026-03-25T22:11:51.823+0900][197.034s][info][gc          ] GC(509) Pause Young (Normal) (G1 Evacuation Pause) 213M->185M(256M) 0.718ms
[2026-03-25T22:11:51.823+0900][197.034s][info][gc,cpu      ] GC(509) User=0.00s Sys=0.00s Real=0.00s
[2026-03-25T22:11:51.970+0900][197.181s][info][gc,start    ] GC(510) Pause Young (Normal) (G1 Evacuation Pause)
[2026-03-25T22:11:51.970+0900][197.181s][info][gc,task     ] GC(510) Using 8 workers of 10 for evacuation
[2026-03-25T22:11:51.971+0900][197.182s][info][gc,phases   ] GC(510)   Pre Evacuate Collection Set: 0.0ms
[2026-03-25T22:11:51.971+0900][197.182s][info][gc,phases   ] GC(510)   Merge Heap Roots: 0.1ms
[2026-03-25T22:11:51.971+0900][197.182s][info][gc,phases   ] GC(510)   Evacuate Collection Set: 0.4ms
[2026-03-25T22:11:51.971+0900][197.182s][info][gc,phases   ] GC(510)   Post Evacuate Collection Set: 0.2ms
[2026-03-25T22:11:51.971+0900][197.182s][info][gc,phases   ] GC(510)   Other: 0.1ms
[2026-03-25T22:11:51.971+0900][197.182s][info][gc,heap     ] GC(510) Eden regions: 7->0(7)
[2026-03-25T22:11:51.971+0900][197.182s][info][gc,heap     ] GC(510) Survivor regions: 1->1(1)
[2026-03-25T22:11:51.971+0900][197.182s][info][gc,heap     ] GC(510) Old regions: 22->22
[2026-03-25T22:11:51.971+0900][197.182s][info][gc,heap     ] GC(510) Archive regions: 2->2
[2026-03-25T22:11:51.971+0900][197.182s][info][gc,heap     ] GC(510) Humongous regions: 24->24
[2026-03-25T22:11:51.971+0900][197.182s][info][gc,metaspace] GC(510) Metaspace: 104199K(105216K)->104199K(105216K) NonClass: 88930K(89472K)->88930K(89472K) Class: 15269K(15744K)->15269K(15744K)
[2026-03-25T22:11:51.971+0900][197.182s][info][gc          ] GC(510) Pause Young (Normal) (G1 Evacuation Pause) 213M->185M(256M) 0.786ms
[2026-03-25T22:11:51.971+0900][197.182s][info][gc,cpu      ] GC(510) User=0.00s Sys=0.00s Real=0.00s
[2026-03-25T22:11:52.103+0900][197.314s][info][gc,start    ] GC(511) Pause Young (Normal) (G1 Evacuation Pause)
[2026-03-25T22:11:52.103+0900][197.314s][info][gc,task     ] GC(511) Using 8 workers of 10 for evacuation
[2026-03-25T22:11:52.103+0900][197.314s][info][gc,phases   ] GC(511)   Pre Evacuate Collection Set: 0.0ms
[2026-03-25T22:11:52.103+0900][197.314s][info][gc,phases   ] GC(511)   Merge Heap Roots: 0.0ms
[2026-03-25T22:11:52.103+0900][197.314s][info][gc,phases   ] GC(511)   Evacuate Collection Set: 0.4ms
[2026-03-25T22:11:52.103+0900][197.314s][info][gc,phases   ] GC(511)   Post Evacuate Collection Set: 0.1ms
[2026-03-25T22:11:52.103+0900][197.314s][info][gc,phases   ] GC(511)   Other: 0.1ms
[2026-03-25T22:11:52.103+0900][197.314s][info][gc,heap     ] GC(511) Eden regions: 7->0(7)
[2026-03-25T22:11:52.103+0900][197.314s][info][gc,heap     ] GC(511) Survivor regions: 1->1(1)
[2026-03-25T22:11:52.103+0900][197.314s][info][gc,heap     ] GC(511) Old regions: 22->22
[2026-03-25T22:11:52.103+0900][197.314s][info][gc,heap     ] GC(511) Archive regions: 2->2
[2026-03-25T22:11:52.103+0900][197.314s][info][gc,heap     ] GC(511) Humongous regions: 24->24
[2026-03-25T22:11:52.103+0900][197.314s][info][gc,metaspace] GC(511) Metaspace: 104199K(105216K)->104199K(105216K) NonClass: 88930K(89472K)->88930K(89472K) Class: 15269K(15744K)->15269K(15744K)
[2026-03-25T22:11:52.103+0900][197.314s][info][gc          ] GC(511) Pause Young (Normal) (G1 Evacuation Pause) 213M->185M(256M) 0.730ms
[2026-03-25T22:11:52.103+0900][197.314s][info][gc,cpu      ] GC(511) User=0.01s Sys=0.00s Real=0.00s
[2026-03-25T22:11:52.228+0900][197.439s][info][gc,start    ] GC(512) Pause Young (Normal) (G1 Evacuation Pause)
[2026-03-25T22:11:52.228+0900][197.439s][info][gc,task     ] GC(512) Using 8 workers of 10 for evacuation
[2026-03-25T22:11:52.229+0900][197.440s][info][gc,phases   ] GC(512)   Pre Evacuate Collection Set: 0.1ms
[2026-03-25T22:11:52.229+0900][197.440s][info][gc,phases   ] GC(512)   Merge Heap Roots: 0.0ms
[2026-03-25T22:11:52.229+0900][197.440s][info][gc,phases   ] GC(512)   Evacuate Collection Set: 0.4ms
[2026-03-25T22:11:52.229+0900][197.440s][info][gc,phases   ] GC(512)   Post Evacuate Collection Set: 0.1ms
[2026-03-25T22:11:52.229+0900][197.440s][info][gc,phases   ] GC(512)   Other: 0.1ms
[2026-03-25T22:11:52.229+0900][197.440s][info][gc,heap     ] GC(512) Eden regions: 7->0(7)
[2026-03-25T22:11:52.229+0900][197.440s][info][gc,heap     ] GC(512) Survivor regions: 1->1(1)
[2026-03-25T22:11:52.229+0900][197.440s][info][gc,heap     ] GC(512) Old regions: 22->22
[2026-03-25T22:11:52.229+0900][197.440s][info][gc,heap     ] GC(512) Archive regions: 2->2
[2026-03-25T22:11:52.229+0900][197.440s][info][gc,heap     ] GC(512) Humongous regions: 24->24
[2026-03-25T22:11:52.229+0900][197.440s][info][gc,metaspace] GC(512) Metaspace: 104199K(105216K)->104199K(105216K) NonClass: 88930K(89472K)->88930K(89472K) Class: 15269K(15744K)->15269K(15744K)
[2026-03-25T22:11:52.229+0900][197.440s][info][gc          ] GC(512) Pause Young (Normal) (G1 Evacuation Pause) 213M->185M(256M) 0.735ms
[2026-03-25T22:11:52.229+0900][197.440s][info][gc,cpu      ] GC(512) User=0.00s Sys=0.00s Real=0.00s
[2026-03-25T22:11:52.349+0900][197.560s][info][gc,start    ] GC(513) Pause Young (Normal) (G1 Evacuation Pause)
[2026-03-25T22:11:52.349+0900][197.560s][info][gc,task     ] GC(513) Using 8 workers of 10 for evacuation
[2026-03-25T22:11:52.349+0900][197.560s][info][gc,phases   ] GC(513)   Pre Evacuate Collection Set: 0.0ms
[2026-03-25T22:11:52.349+0900][197.560s][info][gc,phases   ] GC(513)   Merge Heap Roots: 0.0ms
[2026-03-25T22:11:52.349+0900][197.560s][info][gc,phases   ] GC(513)   Evacuate Collection Set: 0.4ms
[2026-03-25T22:11:52.349+0900][197.560s][info][gc,phases   ] GC(513)   Post Evacuate Collection Set: 0.1ms
[2026-03-25T22:11:52.349+0900][197.560s][info][gc,phases   ] GC(513)   Other: 0.1ms
[2026-03-25T22:11:52.349+0900][197.560s][info][gc,heap     ] GC(513) Eden regions: 7->0(7)
[2026-03-25T22:11:52.349+0900][197.560s][info][gc,heap     ] GC(513) Survivor regions: 1->1(1)
[2026-03-25T22:11:52.349+0900][197.560s][info][gc,heap     ] GC(513) Old regions: 22->22
[2026-03-25T22:11:52.349+0900][197.560s][info][gc,heap     ] GC(513) Archive regions: 2->2
[2026-03-25T22:11:52.349+0900][197.560s][info][gc,heap     ] GC(513) Humongous regions: 24->24
[2026-03-25T22:11:52.349+0900][197.560s][info][gc,metaspace] GC(513) Metaspace: 104199K(105216K)->104199K(105216K) NonClass: 88930K(89472K)->88930K(89472K) Class: 15269K(15744K)->15269K(15744K)
[2026-03-25T22:11:52.349+0900][197.560s][info][gc          ] GC(513) Pause Young (Normal) (G1 Evacuation Pause) 213M->185M(256M) 0.702ms
[2026-03-25T22:11:52.349+0900][197.560s][info][gc,cpu      ] GC(513) User=0.00s Sys=0.00s Real=0.00s
[2026-03-25T22:11:52.487+0900][197.698s][info][gc,start    ] GC(514) Pause Young (Normal) (G1 Evacuation Pause)
[2026-03-25T22:11:52.487+0900][197.698s][info][gc,task     ] GC(514) Using 8 workers of 10 for evacuation
[2026-03-25T22:11:52.488+0900][197.699s][info][gc,phases   ] GC(514)   Pre Evacuate Collection Set: 0.0ms
[2026-03-25T22:11:52.488+0900][197.699s][info][gc,phases   ] GC(514)   Merge Heap Roots: 0.0ms
[2026-03-25T22:11:52.488+0900][197.699s][info][gc,phases   ] GC(514)   Evacuate Collection Set: 0.4ms
[2026-03-25T22:11:52.488+0900][197.699s][info][gc,phases   ] GC(514)   Post Evacuate Collection Set: 0.1ms
[2026-03-25T22:11:52.488+0900][197.699s][info][gc,phases   ] GC(514)   Other: 0.1ms
[2026-03-25T22:11:52.488+0900][197.699s][info][gc,heap     ] GC(514) Eden regions: 7->0(7)
[2026-03-25T22:11:52.488+0900][197.699s][info][gc,heap     ] GC(514) Survivor regions: 1->1(1)
[2026-03-25T22:11:52.488+0900][197.699s][info][gc,heap     ] GC(514) Old regions: 22->22
[2026-03-25T22:11:52.488+0900][197.699s][info][gc,heap     ] GC(514) Archive regions: 2->2
[2026-03-25T22:11:52.488+0900][197.699s][info][gc,heap     ] GC(514) Humongous regions: 24->24
[2026-03-25T22:11:52.488+0900][197.699s][info][gc,metaspace] GC(514) Metaspace: 104199K(105216K)->104199K(105216K) NonClass: 88930K(89472K)->88930K(89472K) Class: 15269K(15744K)->15269K(15744K)
[2026-03-25T22:11:52.488+0900][197.699s][info][gc          ] GC(514) Pause Young (Normal) (G1 Evacuation Pause) 213M->185M(256M) 0.721ms
[2026-03-25T22:11:52.488+0900][197.699s][info][gc,cpu      ] GC(514) User=0.01s Sys=0.00s Real=0.00s
[2026-03-25T22:11:52.582+0900][197.793s][info][gc,start    ] GC(515) Pause Young (Normal) (G1 Evacuation Pause)
[2026-03-25T22:11:52.582+0900][197.793s][info][gc,task     ] GC(515) Using 8 workers of 10 for evacuation
[2026-03-25T22:11:52.582+0900][197.793s][info][gc,phases   ] GC(515)   Pre Evacuate Collection Set: 0.0ms
[2026-03-25T22:11:52.582+0900][197.793s][info][gc,phases   ] GC(515)   Merge Heap Roots: 0.0ms
[2026-03-25T22:11:52.582+0900][197.793s][info][gc,phases   ] GC(515)   Evacuate Collection Set: 0.4ms
[2026-03-25T22:11:52.582+0900][197.793s][info][gc,phases   ] GC(515)   Post Evacuate Collection Set: 0.1ms
[2026-03-25T22:11:52.582+0900][197.793s][info][gc,phases   ] GC(515)   Other: 0.1ms
[2026-03-25T22:11:52.582+0900][197.793s][info][gc,heap     ] GC(515) Eden regions: 7->0(7)
[2026-03-25T22:11:52.582+0900][197.793s][info][gc,heap     ] GC(515) Survivor regions: 1->1(1)
[2026-03-25T22:11:52.582+0900][197.793s][info][gc,heap     ] GC(515) Old regions: 22->22
[2026-03-25T22:11:52.582+0900][197.793s][info][gc,heap     ] GC(515) Archive regions: 2->2
[2026-03-25T22:11:52.582+0900][197.793s][info][gc,heap     ] GC(515) Humongous regions: 24->24
[2026-03-25T22:11:52.582+0900][197.793s][info][gc,metaspace] GC(515) Metaspace: 104199K(105216K)->104199K(105216K) NonClass: 88930K(89472K)->88930K(89472K) Class: 15269K(15744K)->15269K(15744K)
[2026-03-25T22:11:52.582+0900][197.793s][info][gc          ] GC(515) Pause Young (Normal) (G1 Evacuation Pause) 213M->185M(256M) 0.653ms
[2026-03-25T22:11:52.582+0900][197.793s][info][gc,cpu      ] GC(515) User=0.01s Sys=0.00s Real=0.00s
[2026-03-25T22:11:52.702+0900][197.913s][info][gc,start    ] GC(516) Pause Young (Normal) (G1 Evacuation Pause)
[2026-03-25T22:11:52.702+0900][197.913s][info][gc,task     ] GC(516) Using 8 workers of 10 for evacuation
[2026-03-25T22:11:52.703+0900][197.914s][info][gc,phases   ] GC(516)   Pre Evacuate Collection Set: 0.0ms
[2026-03-25T22:11:52.703+0900][197.914s][info][gc,phases   ] GC(516)   Merge Heap Roots: 0.0ms
[2026-03-25T22:11:52.703+0900][197.914s][info][gc,phases   ] GC(516)   Evacuate Collection Set: 0.4ms
[2026-03-25T22:11:52.703+0900][197.914s][info][gc,phases   ] GC(516)   Post Evacuate Collection Set: 0.1ms
[2026-03-25T22:11:52.703+0900][197.914s][info][gc,phases   ] GC(516)   Other: 0.1ms
[2026-03-25T22:11:52.703+0900][197.914s][info][gc,heap     ] GC(516) Eden regions: 7->0(7)
[2026-03-25T22:11:52.703+0900][197.914s][info][gc,heap     ] GC(516) Survivor regions: 1->1(1)
[2026-03-25T22:11:52.703+0900][197.914s][info][gc,heap     ] GC(516) Old regions: 22->22
[2026-03-25T22:11:52.703+0900][197.914s][info][gc,heap     ] GC(516) Archive regions: 2->2
[2026-03-25T22:11:52.703+0900][197.914s][info][gc,heap     ] GC(516) Humongous regions: 24->24
[2026-03-25T22:11:52.703+0900][197.914s][info][gc,metaspace] GC(516) Metaspace: 104199K(105216K)->104199K(105216K) NonClass: 88930K(89472K)->88930K(89472K) Class: 15269K(15744K)->15269K(15744K)
[2026-03-25T22:11:52.703+0900][197.914s][info][gc          ] GC(516) Pause Young (Normal) (G1 Evacuation Pause) 213M->185M(256M) 0.731ms
[2026-03-25T22:11:52.703+0900][197.914s][info][gc,cpu      ] GC(516) User=0.00s Sys=0.00s Real=0.00s
[2026-03-25T22:11:52.820+0900][198.031s][info][gc,start    ] GC(517) Pause Young (Normal) (G1 Evacuation Pause)
[2026-03-25T22:11:52.820+0900][198.031s][info][gc,task     ] GC(517) Using 8 workers of 10 for evacuation
[2026-03-25T22:11:52.820+0900][198.031s][info][gc,phases   ] GC(517)   Pre Evacuate Collection Set: 0.0ms
[2026-03-25T22:11:52.820+0900][198.031s][info][gc,phases   ] GC(517)   Merge Heap Roots: 0.0ms
[2026-03-25T22:11:52.820+0900][198.031s][info][gc,phases   ] GC(517)   Evacuate Collection Set: 0.4ms
[2026-03-25T22:11:52.820+0900][198.031s][info][gc,phases   ] GC(517)   Post Evacuate Collection Set: 0.1ms
[2026-03-25T22:11:52.820+0900][198.031s][info][gc,phases   ] GC(517)   Other: 0.1ms
[2026-03-25T22:11:52.820+0900][198.031s][info][gc,heap     ] GC(517) Eden regions: 7->0(7)
[2026-03-25T22:11:52.820+0900][198.031s][info][gc,heap     ] GC(517) Survivor regions: 1->1(1)
[2026-03-25T22:11:52.820+0900][198.031s][info][gc,heap     ] GC(517) Old regions: 22->22
[2026-03-25T22:11:52.820+0900][198.031s][info][gc,heap     ] GC(517) Archive regions: 2->2
[2026-03-25T22:11:52.820+0900][198.031s][info][gc,heap     ] GC(517) Humongous regions: 24->24
[2026-03-25T22:11:52.820+0900][198.031s][info][gc,metaspace] GC(517) Metaspace: 104199K(105216K)->104199K(105216K) NonClass: 88930K(89472K)->88930K(89472K) Class: 15269K(15744K)->15269K(15744K)
[2026-03-25T22:11:52.820+0900][198.031s][info][gc          ] GC(517) Pause Young (Normal) (G1 Evacuation Pause) 213M->185M(256M) 0.700ms
[2026-03-25T22:11:52.820+0900][198.031s][info][gc,cpu      ] GC(517) User=0.00s Sys=0.00s Real=0.00s
[2026-03-25T22:11:52.933+0900][198.144s][info][gc,start    ] GC(518) Pause Young (Normal) (G1 Evacuation Pause)
[2026-03-25T22:11:52.933+0900][198.144s][info][gc,task     ] GC(518) Using 8 workers of 10 for evacuation
[2026-03-25T22:11:52.934+0900][198.145s][info][gc,phases   ] GC(518)   Pre Evacuate Collection Set: 0.0ms
[2026-03-25T22:11:52.934+0900][198.145s][info][gc,phases   ] GC(518)   Merge Heap Roots: 0.0ms
[2026-03-25T22:11:52.934+0900][198.145s][info][gc,phases   ] GC(518)   Evacuate Collection Set: 0.4ms
[2026-03-25T22:11:52.934+0900][198.145s][info][gc,phases   ] GC(518)   Post Evacuate Collection Set: 0.1ms
[2026-03-25T22:11:52.934+0900][198.145s][info][gc,phases   ] GC(518)   Other: 0.1ms
[2026-03-25T22:11:52.934+0900][198.145s][info][gc,heap     ] GC(518) Eden regions: 7->0(7)
[2026-03-25T22:11:52.934+0900][198.145s][info][gc,heap     ] GC(518) Survivor regions: 1->1(1)
[2026-03-25T22:11:52.934+0900][198.145s][info][gc,heap     ] GC(518) Old regions: 22->22
[2026-03-25T22:11:52.934+0900][198.145s][info][gc,heap     ] GC(518) Archive regions: 2->2
[2026-03-25T22:11:52.934+0900][198.145s][info][gc,heap     ] GC(518) Humongous regions: 24->24
[2026-03-25T22:11:52.934+0900][198.145s][info][gc,metaspace] GC(518) Metaspace: 104199K(105216K)->104199K(105216K) NonClass: 88930K(89472K)->88930K(89472K) Class: 15269K(15744K)->15269K(15744K)
[2026-03-25T22:11:52.934+0900][198.145s][info][gc          ] GC(518) Pause Young (Normal) (G1 Evacuation Pause) 213M->185M(256M) 0.696ms
[2026-03-25T22:11:52.934+0900][198.145s][info][gc,cpu      ] GC(518) User=0.00s Sys=0.00s Real=0.00s
[2026-03-25T22:11:53.053+0900][198.265s][info][gc,start    ] GC(519) Pause Young (Normal) (G1 Evacuation Pause)
[2026-03-25T22:11:53.053+0900][198.265s][info][gc,task     ] GC(519) Using 8 workers of 10 for evacuation
[2026-03-25T22:11:53.054+0900][198.265s][info][gc,phases   ] GC(519)   Pre Evacuate Collection Set: 0.0ms
[2026-03-25T22:11:53.054+0900][198.265s][info][gc,phases   ] GC(519)   Merge Heap Roots: 0.0ms
[2026-03-25T22:11:53.054+0900][198.265s][info][gc,phases   ] GC(519)   Evacuate Collection Set: 0.4ms
[2026-03-25T22:11:53.054+0900][198.265s][info][gc,phases   ] GC(519)   Post Evacuate Collection Set: 0.1ms
[2026-03-25T22:11:53.054+0900][198.265s][info][gc,phases   ] GC(519)   Other: 0.1ms
[2026-03-25T22:11:53.054+0900][198.265s][info][gc,heap     ] GC(519) Eden regions: 7->0(7)
[2026-03-25T22:11:53.054+0900][198.265s][info][gc,heap     ] GC(519) Survivor regions: 1->1(1)
[2026-03-25T22:11:53.054+0900][198.265s][info][gc,heap     ] GC(519) Old regions: 22->22
[2026-03-25T22:11:53.054+0900][198.265s][info][gc,heap     ] GC(519) Archive regions: 2->2
[2026-03-25T22:11:53.054+0900][198.265s][info][gc,heap     ] GC(519) Humongous regions: 24->24
[2026-03-25T22:11:53.054+0900][198.265s][info][gc,metaspace] GC(519) Metaspace: 104199K(105216K)->104199K(105216K) NonClass: 88930K(89472K)->88930K(89472K) Class: 15269K(15744K)->15269K(15744K)
[2026-03-25T22:11:53.054+0900][198.265s][info][gc          ] GC(519) Pause Young (Normal) (G1 Evacuation Pause) 213M->185M(256M) 0.744ms
[2026-03-25T22:11:53.054+0900][198.265s][info][gc,cpu      ] GC(519) User=0.00s Sys=0.00s Real=0.00s
[2026-03-25T22:11:53.181+0900][198.392s][info][gc,start    ] GC(520) Pause Young (Normal) (G1 Evacuation Pause)
[2026-03-25T22:11:53.181+0900][198.392s][info][gc,task     ] GC(520) Using 8 workers of 10 for evacuation
[2026-03-25T22:11:53.182+0900][198.393s][info][gc,phases   ] GC(520)   Pre Evacuate Collection Set: 0.1ms
[2026-03-25T22:11:53.182+0900][198.393s][info][gc,phases   ] GC(520)   Merge Heap Roots: 0.1ms
[2026-03-25T22:11:53.182+0900][198.393s][info][gc,phases   ] GC(520)   Evacuate Collection Set: 0.4ms
[2026-03-25T22:11:53.182+0900][198.393s][info][gc,phases   ] GC(520)   Post Evacuate Collection Set: 0.1ms
[2026-03-25T22:11:53.182+0900][198.393s][info][gc,phases   ] GC(520)   Other: 0.1ms
[2026-03-25T22:11:53.182+0900][198.393s][info][gc,heap     ] GC(520) Eden regions: 7->0(7)
[2026-03-25T22:11:53.182+0900][198.393s][info][gc,heap     ] GC(520) Survivor regions: 1->1(1)
[2026-03-25T22:11:53.182+0900][198.393s][info][gc,heap     ] GC(520) Old regions: 22->22
[2026-03-25T22:11:53.182+0900][198.393s][info][gc,heap     ] GC(520) Archive regions: 2->2
[2026-03-25T22:11:53.182+0900][198.393s][info][gc,heap     ] GC(520) Humongous regions: 24->24
[2026-03-25T22:11:53.182+0900][198.393s][info][gc,metaspace] GC(520) Metaspace: 104199K(105216K)->104199K(105216K) NonClass: 88930K(89472K)->88930K(89472K) Class: 15269K(15744K)->15269K(15744K)
[2026-03-25T22:11:53.182+0900][198.393s][info][gc          ] GC(520) Pause Young (Normal) (G1 Evacuation Pause) 213M->185M(256M) 0.733ms
[2026-03-25T22:11:53.182+0900][198.393s][info][gc,cpu      ] GC(520) User=0.00s Sys=0.00s Real=0.00s
[2026-03-25T22:11:53.329+0900][198.540s][info][gc,start    ] GC(521) Pause Young (Normal) (G1 Evacuation Pause)
[2026-03-25T22:11:53.329+0900][198.540s][info][gc,task     ] GC(521) Using 8 workers of 10 for evacuation
[2026-03-25T22:11:53.330+0900][198.541s][info][gc,phases   ] GC(521)   Pre Evacuate Collection Set: 0.0ms
[2026-03-25T22:11:53.330+0900][198.541s][info][gc,phases   ] GC(521)   Merge Heap Roots: 0.0ms
[2026-03-25T22:11:53.330+0900][198.541s][info][gc,phases   ] GC(521)   Evacuate Collection Set: 0.4ms
[2026-03-25T22:11:53.330+0900][198.541s][info][gc,phases   ] GC(521)   Post Evacuate Collection Set: 0.1ms
[2026-03-25T22:11:53.330+0900][198.541s][info][gc,phases   ] GC(521)   Other: 0.1ms
[2026-03-25T22:11:53.330+0900][198.541s][info][gc,heap     ] GC(521) Eden regions: 7->0(7)
[2026-03-25T22:11:53.330+0900][198.541s][info][gc,heap     ] GC(521) Survivor regions: 1->1(1)
[2026-03-25T22:11:53.330+0900][198.541s][info][gc,heap     ] GC(521) Old regions: 22->22
[2026-03-25T22:11:53.330+0900][198.541s][info][gc,heap     ] GC(521) Archive regions: 2->2
[2026-03-25T22:11:53.330+0900][198.541s][info][gc,heap     ] GC(521) Humongous regions: 24->24
[2026-03-25T22:11:53.330+0900][198.541s][info][gc,metaspace] GC(521) Metaspace: 104199K(105216K)->104199K(105216K) NonClass: 88930K(89472K)->88930K(89472K) Class: 15269K(15744K)->15269K(15744K)
[2026-03-25T22:11:53.330+0900][198.541s][info][gc          ] GC(521) Pause Young (Normal) (G1 Evacuation Pause) 213M->185M(256M) 0.700ms
[2026-03-25T22:11:53.330+0900][198.541s][info][gc,cpu      ] GC(521) User=0.01s Sys=0.00s Real=0.01s
[2026-03-25T22:11:53.435+0900][198.646s][info][gc,start    ] GC(522) Pause Young (Normal) (G1 Evacuation Pause)
[2026-03-25T22:11:53.435+0900][198.646s][info][gc,task     ] GC(522) Using 8 workers of 10 for evacuation
[2026-03-25T22:11:53.436+0900][198.647s][info][gc,phases   ] GC(522)   Pre Evacuate Collection Set: 0.0ms
[2026-03-25T22:11:53.436+0900][198.647s][info][gc,phases   ] GC(522)   Merge Heap Roots: 0.0ms
[2026-03-25T22:11:53.436+0900][198.647s][info][gc,phases   ] GC(522)   Evacuate Collection Set: 0.4ms
[2026-03-25T22:11:53.436+0900][198.647s][info][gc,phases   ] GC(522)   Post Evacuate Collection Set: 0.1ms
[2026-03-25T22:11:53.436+0900][198.647s][info][gc,phases   ] GC(522)   Other: 0.1ms
[2026-03-25T22:11:53.436+0900][198.647s][info][gc,heap     ] GC(522) Eden regions: 7->0(7)
[2026-03-25T22:11:53.436+0900][198.647s][info][gc,heap     ] GC(522) Survivor regions: 1->1(1)
[2026-03-25T22:11:53.436+0900][198.647s][info][gc,heap     ] GC(522) Old regions: 22->22
[2026-03-25T22:11:53.436+0900][198.647s][info][gc,heap     ] GC(522) Archive regions: 2->2
[2026-03-25T22:11:53.436+0900][198.647s][info][gc,heap     ] GC(522) Humongous regions: 24->24
[2026-03-25T22:11:53.436+0900][198.647s][info][gc,metaspace] GC(522) Metaspace: 104199K(105216K)->104199K(105216K) NonClass: 88930K(89472K)->88930K(89472K) Class: 15269K(15744K)->15269K(15744K)
[2026-03-25T22:11:53.436+0900][198.647s][info][gc          ] GC(522) Pause Young (Normal) (G1 Evacuation Pause) 213M->185M(256M) 0.684ms
[2026-03-25T22:11:53.436+0900][198.647s][info][gc,cpu      ] GC(522) User=0.01s Sys=0.00s Real=0.00s
[2026-03-25T22:11:53.583+0900][198.794s][info][gc,start    ] GC(523) Pause Young (Normal) (G1 Evacuation Pause)
[2026-03-25T22:11:53.583+0900][198.794s][info][gc,task     ] GC(523) Using 8 workers of 10 for evacuation
[2026-03-25T22:11:53.584+0900][198.795s][info][gc,phases   ] GC(523)   Pre Evacuate Collection Set: 0.0ms
[2026-03-25T22:11:53.584+0900][198.795s][info][gc,phases   ] GC(523)   Merge Heap Roots: 0.0ms
[2026-03-25T22:11:53.584+0900][198.795s][info][gc,phases   ] GC(523)   Evacuate Collection Set: 0.4ms
[2026-03-25T22:11:53.584+0900][198.795s][info][gc,phases   ] GC(523)   Post Evacuate Collection Set: 0.2ms
[2026-03-25T22:11:53.584+0900][198.795s][info][gc,phases   ] GC(523)   Other: 0.1ms
[2026-03-25T22:11:53.584+0900][198.795s][info][gc,heap     ] GC(523) Eden regions: 7->0(7)
[2026-03-25T22:11:53.584+0900][198.795s][info][gc,heap     ] GC(523) Survivor regions: 1->1(1)
[2026-03-25T22:11:53.584+0900][198.795s][info][gc,heap     ] GC(523) Old regions: 22->22
[2026-03-25T22:11:53.584+0900][198.795s][info][gc,heap     ] GC(523) Archive regions: 2->2
[2026-03-25T22:11:53.584+0900][198.795s][info][gc,heap     ] GC(523) Humongous regions: 24->24
[2026-03-25T22:11:53.584+0900][198.795s][info][gc,metaspace] GC(523) Metaspace: 104199K(105216K)->104199K(105216K) NonClass: 88930K(89472K)->88930K(89472K) Class: 15269K(15744K)->15269K(15744K)
[2026-03-25T22:11:53.584+0900][198.795s][info][gc          ] GC(523) Pause Young (Normal) (G1 Evacuation Pause) 213M->185M(256M) 0.725ms
[2026-03-25T22:11:53.584+0900][198.795s][info][gc,cpu      ] GC(523) User=0.01s Sys=0.00s Real=0.00s
[2026-03-25T22:11:53.721+0900][198.932s][info][gc,start    ] GC(524) Pause Young (Normal) (G1 Evacuation Pause)
[2026-03-25T22:11:53.721+0900][198.932s][info][gc,task     ] GC(524) Using 8 workers of 10 for evacuation
[2026-03-25T22:11:53.722+0900][198.933s][info][gc,phases   ] GC(524)   Pre Evacuate Collection Set: 0.0ms
[2026-03-25T22:11:53.722+0900][198.933s][info][gc,phases   ] GC(524)   Merge Heap Roots: 0.0ms
[2026-03-25T22:11:53.722+0900][198.933s][info][gc,phases   ] GC(524)   Evacuate Collection Set: 0.4ms
[2026-03-25T22:11:53.722+0900][198.933s][info][gc,phases   ] GC(524)   Post Evacuate Collection Set: 0.1ms
[2026-03-25T22:11:53.722+0900][198.933s][info][gc,phases   ] GC(524)   Other: 0.1ms
[2026-03-25T22:11:53.722+0900][198.933s][info][gc,heap     ] GC(524) Eden regions: 7->0(7)
[2026-03-25T22:11:53.722+0900][198.933s][info][gc,heap     ] GC(524) Survivor regions: 1->1(1)
[2026-03-25T22:11:53.722+0900][198.933s][info][gc,heap     ] GC(524) Old regions: 22->22
[2026-03-25T22:11:53.722+0900][198.933s][info][gc,heap     ] GC(524) Archive regions: 2->2
[2026-03-25T22:11:53.722+0900][198.933s][info][gc,heap     ] GC(524) Humongous regions: 24->24
[2026-03-25T22:11:53.722+0900][198.933s][info][gc,metaspace] GC(524) Metaspace: 104199K(105216K)->104199K(105216K) NonClass: 88930K(89472K)->88930K(89472K) Class: 15269K(15744K)->15269K(15744K)
[2026-03-25T22:11:53.722+0900][198.933s][info][gc          ] GC(524) Pause Young (Normal) (G1 Evacuation Pause) 213M->185M(256M) 0.737ms
[2026-03-25T22:11:53.722+0900][198.933s][info][gc,cpu      ] GC(524) User=0.00s Sys=0.00s Real=0.00s
[2026-03-25T22:11:53.887+0900][199.098s][info][gc,start    ] GC(525) Pause Young (Normal) (G1 Evacuation Pause)
[2026-03-25T22:11:53.887+0900][199.098s][info][gc,task     ] GC(525) Using 8 workers of 10 for evacuation
[2026-03-25T22:11:53.888+0900][199.099s][info][gc,phases   ] GC(525)   Pre Evacuate Collection Set: 0.0ms
[2026-03-25T22:11:53.888+0900][199.099s][info][gc,phases   ] GC(525)   Merge Heap Roots: 0.0ms
[2026-03-25T22:11:53.888+0900][199.099s][info][gc,phases   ] GC(525)   Evacuate Collection Set: 0.4ms
[2026-03-25T22:11:53.888+0900][199.099s][info][gc,phases   ] GC(525)   Post Evacuate Collection Set: 0.2ms
[2026-03-25T22:11:53.888+0900][199.099s][info][gc,phases   ] GC(525)   Other: 0.1ms
[2026-03-25T22:11:53.888+0900][199.099s][info][gc,heap     ] GC(525) Eden regions: 7->0(7)
[2026-03-25T22:11:53.888+0900][199.099s][info][gc,heap     ] GC(525) Survivor regions: 1->1(1)
[2026-03-25T22:11:53.888+0900][199.099s][info][gc,heap     ] GC(525) Old regions: 22->22
[2026-03-25T22:11:53.888+0900][199.099s][info][gc,heap     ] GC(525) Archive regions: 2->2
[2026-03-25T22:11:53.888+0900][199.099s][info][gc,heap     ] GC(525) Humongous regions: 24->24
[2026-03-25T22:11:53.888+0900][199.099s][info][gc,metaspace] GC(525) Metaspace: 104199K(105216K)->104199K(105216K) NonClass: 88930K(89472K)->88930K(89472K) Class: 15269K(15744K)->15269K(15744K)
[2026-03-25T22:11:53.888+0900][199.099s][info][gc          ] GC(525) Pause Young (Normal) (G1 Evacuation Pause) 213M->185M(256M) 0.767ms
[2026-03-25T22:11:53.888+0900][199.099s][info][gc,cpu      ] GC(525) User=0.00s Sys=0.00s Real=0.00s
[2026-03-25T22:11:53.990+0900][199.201s][info][gc,start    ] GC(526) Pause Young (Normal) (G1 Evacuation Pause)
[2026-03-25T22:11:53.990+0900][199.201s][info][gc,task     ] GC(526) Using 8 workers of 10 for evacuation
[2026-03-25T22:11:53.991+0900][199.202s][info][gc,phases   ] GC(526)   Pre Evacuate Collection Set: 0.0ms
[2026-03-25T22:11:53.991+0900][199.202s][info][gc,phases   ] GC(526)   Merge Heap Roots: 0.0ms
[2026-03-25T22:11:53.991+0900][199.202s][info][gc,phases   ] GC(526)   Evacuate Collection Set: 0.4ms
[2026-03-25T22:11:53.991+0900][199.202s][info][gc,phases   ] GC(526)   Post Evacuate Collection Set: 0.1ms
[2026-03-25T22:11:53.991+0900][199.202s][info][gc,phases   ] GC(526)   Other: 0.1ms
[2026-03-25T22:11:53.991+0900][199.202s][info][gc,heap     ] GC(526) Eden regions: 7->0(7)
[2026-03-25T22:11:53.991+0900][199.202s][info][gc,heap     ] GC(526) Survivor regions: 1->1(1)
[2026-03-25T22:11:53.991+0900][199.202s][info][gc,heap     ] GC(526) Old regions: 22->22
[2026-03-25T22:11:53.991+0900][199.202s][info][gc,heap     ] GC(526) Archive regions: 2->2
[2026-03-25T22:11:53.991+0900][199.202s][info][gc,heap     ] GC(526) Humongous regions: 24->24
[2026-03-25T22:11:53.991+0900][199.202s][info][gc,metaspace] GC(526) Metaspace: 104199K(105216K)->104199K(105216K) NonClass: 88930K(89472K)->88930K(89472K) Class: 15269K(15744K)->15269K(15744K)
[2026-03-25T22:11:53.991+0900][199.202s][info][gc          ] GC(526) Pause Young (Normal) (G1 Evacuation Pause) 213M->185M(256M) 0.745ms
[2026-03-25T22:11:53.991+0900][199.202s][info][gc,cpu      ] GC(526) User=0.00s Sys=0.00s Real=0.00s
[2026-03-25T22:11:54.125+0900][199.336s][info][gc,start    ] GC(527) Pause Young (Normal) (G1 Evacuation Pause)
[2026-03-25T22:11:54.125+0900][199.336s][info][gc,task     ] GC(527) Using 8 workers of 10 for evacuation
[2026-03-25T22:11:54.126+0900][199.337s][info][gc,phases   ] GC(527)   Pre Evacuate Collection Set: 0.0ms
[2026-03-25T22:11:54.126+0900][199.337s][info][gc,phases   ] GC(527)   Merge Heap Roots: 0.0ms
[2026-03-25T22:11:54.126+0900][199.337s][info][gc,phases   ] GC(527)   Evacuate Collection Set: 0.4ms
[2026-03-25T22:11:54.126+0900][199.337s][info][gc,phases   ] GC(527)   Post Evacuate Collection Set: 0.1ms
[2026-03-25T22:11:54.126+0900][199.337s][info][gc,phases   ] GC(527)   Other: 0.1ms
[2026-03-25T22:11:54.126+0900][199.337s][info][gc,heap     ] GC(527) Eden regions: 7->0(7)
[2026-03-25T22:11:54.126+0900][199.337s][info][gc,heap     ] GC(527) Survivor regions: 1->1(1)
[2026-03-25T22:11:54.126+0900][199.337s][info][gc,heap     ] GC(527) Old regions: 22->22
[2026-03-25T22:11:54.126+0900][199.337s][info][gc,heap     ] GC(527) Archive regions: 2->2
[2026-03-25T22:11:54.126+0900][199.337s][info][gc,heap     ] GC(527) Humongous regions: 24->24
[2026-03-25T22:11:54.126+0900][199.337s][info][gc,metaspace] GC(527) Metaspace: 104199K(105216K)->104199K(105216K) NonClass: 88930K(89472K)->88930K(89472K) Class: 15269K(15744K)->15269K(15744K)
[2026-03-25T22:11:54.126+0900][199.337s][info][gc          ] GC(527) Pause Young (Normal) (G1 Evacuation Pause) 213M->186M(256M) 0.755ms
[2026-03-25T22:11:54.126+0900][199.337s][info][gc,cpu      ] GC(527) User=0.01s Sys=0.00s Real=0.00s
[2026-03-25T22:11:54.324+0900][199.535s][info][gc,start    ] GC(528) Pause Young (Normal) (G1 Evacuation Pause)
[2026-03-25T22:11:54.324+0900][199.535s][info][gc,task     ] GC(528) Using 8 workers of 10 for evacuation
[2026-03-25T22:11:54.325+0900][199.536s][info][gc,phases   ] GC(528)   Pre Evacuate Collection Set: 0.0ms
[2026-03-25T22:11:54.325+0900][199.536s][info][gc,phases   ] GC(528)   Merge Heap Roots: 0.0ms
[2026-03-25T22:11:54.325+0900][199.536s][info][gc,phases   ] GC(528)   Evacuate Collection Set: 0.4ms
[2026-03-25T22:11:54.325+0900][199.536s][info][gc,phases   ] GC(528)   Post Evacuate Collection Set: 0.1ms
[2026-03-25T22:11:54.325+0900][199.536s][info][gc,phases   ] GC(528)   Other: 0.1ms
[2026-03-25T22:11:54.325+0900][199.536s][info][gc,heap     ] GC(528) Eden regions: 7->0(7)
[2026-03-25T22:11:54.325+0900][199.536s][info][gc,heap     ] GC(528) Survivor regions: 1->1(1)
[2026-03-25T22:11:54.325+0900][199.536s][info][gc,heap     ] GC(528) Old regions: 22->22
[2026-03-25T22:11:54.325+0900][199.536s][info][gc,heap     ] GC(528) Archive regions: 2->2
[2026-03-25T22:11:54.325+0900][199.536s][info][gc,heap     ] GC(528) Humongous regions: 24->24
[2026-03-25T22:11:54.325+0900][199.536s][info][gc,metaspace] GC(528) Metaspace: 104199K(105216K)->104199K(105216K) NonClass: 88930K(89472K)->88930K(89472K) Class: 15269K(15744K)->15269K(15744K)
[2026-03-25T22:11:54.325+0900][199.536s][info][gc          ] GC(528) Pause Young (Normal) (G1 Evacuation Pause) 214M->185M(256M) 0.714ms
[2026-03-25T22:11:54.325+0900][199.536s][info][gc,cpu      ] GC(528) User=0.00s Sys=0.00s Real=0.00s
[2026-03-25T22:11:54.440+0900][199.651s][info][gc,start    ] GC(529) Pause Young (Normal) (G1 Evacuation Pause)
[2026-03-25T22:11:54.440+0900][199.651s][info][gc,task     ] GC(529) Using 8 workers of 10 for evacuation
[2026-03-25T22:11:54.441+0900][199.652s][info][gc,phases   ] GC(529)   Pre Evacuate Collection Set: 0.0ms
[2026-03-25T22:11:54.441+0900][199.652s][info][gc,phases   ] GC(529)   Merge Heap Roots: 0.0ms
[2026-03-25T22:11:54.441+0900][199.652s][info][gc,phases   ] GC(529)   Evacuate Collection Set: 0.4ms
[2026-03-25T22:11:54.441+0900][199.652s][info][gc,phases   ] GC(529)   Post Evacuate Collection Set: 0.1ms
[2026-03-25T22:11:54.441+0900][199.652s][info][gc,phases   ] GC(529)   Other: 0.1ms
[2026-03-25T22:11:54.441+0900][199.652s][info][gc,heap     ] GC(529) Eden regions: 7->0(7)
[2026-03-25T22:11:54.441+0900][199.652s][info][gc,heap     ] GC(529) Survivor regions: 1->1(1)
[2026-03-25T22:11:54.441+0900][199.652s][info][gc,heap     ] GC(529) Old regions: 22->22
[2026-03-25T22:11:54.441+0900][199.652s][info][gc,heap     ] GC(529) Archive regions: 2->2
[2026-03-25T22:11:54.441+0900][199.652s][info][gc,heap     ] GC(529) Humongous regions: 24->24
[2026-03-25T22:11:54.441+0900][199.652s][info][gc,metaspace] GC(529) Metaspace: 104199K(105216K)->104199K(105216K) NonClass: 88930K(89472K)->88930K(89472K) Class: 15269K(15744K)->15269K(15744K)
[2026-03-25T22:11:54.441+0900][199.652s][info][gc          ] GC(529) Pause Young (Normal) (G1 Evacuation Pause) 213M->186M(256M) 0.788ms
[2026-03-25T22:11:54.441+0900][199.652s][info][gc,cpu      ] GC(529) User=0.01s Sys=0.00s Real=0.00s
[2026-03-25T22:11:54.561+0900][199.772s][info][gc,start    ] GC(530) Pause Young (Normal) (G1 Evacuation Pause)
[2026-03-25T22:11:54.561+0900][199.772s][info][gc,task     ] GC(530) Using 8 workers of 10 for evacuation
[2026-03-25T22:11:54.562+0900][199.773s][info][gc,phases   ] GC(530)   Pre Evacuate Collection Set: 0.0ms
[2026-03-25T22:11:54.562+0900][199.773s][info][gc,phases   ] GC(530)   Merge Heap Roots: 0.0ms
[2026-03-25T22:11:54.562+0900][199.773s][info][gc,phases   ] GC(530)   Evacuate Collection Set: 0.4ms
[2026-03-25T22:11:54.562+0900][199.773s][info][gc,phases   ] GC(530)   Post Evacuate Collection Set: 0.1ms
[2026-03-25T22:11:54.562+0900][199.773s][info][gc,phases   ] GC(530)   Other: 0.1ms
[2026-03-25T22:11:54.562+0900][199.773s][info][gc,heap     ] GC(530) Eden regions: 7->0(7)
[2026-03-25T22:11:54.562+0900][199.773s][info][gc,heap     ] GC(530) Survivor regions: 1->1(1)
[2026-03-25T22:11:54.562+0900][199.773s][info][gc,heap     ] GC(530) Old regions: 22->22
[2026-03-25T22:11:54.562+0900][199.773s][info][gc,heap     ] GC(530) Archive regions: 2->2
[2026-03-25T22:11:54.562+0900][199.773s][info][gc,heap     ] GC(530) Humongous regions: 24->24
[2026-03-25T22:11:54.562+0900][199.773s][info][gc,metaspace] GC(530) Metaspace: 104199K(105216K)->104199K(105216K) NonClass: 88930K(89472K)->88930K(89472K) Class: 15269K(15744K)->15269K(15744K)
[2026-03-25T22:11:54.562+0900][199.773s][info][gc          ] GC(530) Pause Young (Normal) (G1 Evacuation Pause) 214M->186M(256M) 0.755ms
[2026-03-25T22:11:54.562+0900][199.773s][info][gc,cpu      ] GC(530) User=0.00s Sys=0.00s Real=0.00s
[2026-03-25T22:11:54.680+0900][199.891s][info][gc,start    ] GC(531) Pause Young (Normal) (G1 Evacuation Pause)
[2026-03-25T22:11:54.680+0900][199.891s][info][gc,task     ] GC(531) Using 8 workers of 10 for evacuation
[2026-03-25T22:11:54.681+0900][199.892s][info][gc,phases   ] GC(531)   Pre Evacuate Collection Set: 0.0ms
[2026-03-25T22:11:54.681+0900][199.892s][info][gc,phases   ] GC(531)   Merge Heap Roots: 0.0ms
[2026-03-25T22:11:54.681+0900][199.892s][info][gc,phases   ] GC(531)   Evacuate Collection Set: 0.4ms
[2026-03-25T22:11:54.681+0900][199.892s][info][gc,phases   ] GC(531)   Post Evacuate Collection Set: 0.2ms
[2026-03-25T22:11:54.681+0900][199.892s][info][gc,phases   ] GC(531)   Other: 0.1ms
[2026-03-25T22:11:54.681+0900][199.892s][info][gc,heap     ] GC(531) Eden regions: 7->0(7)
[2026-03-25T22:11:54.681+0900][199.892s][info][gc,heap     ] GC(531) Survivor regions: 1->1(1)
[2026-03-25T22:11:54.681+0900][199.892s][info][gc,heap     ] GC(531) Old regions: 22->22
[2026-03-25T22:11:54.681+0900][199.892s][info][gc,heap     ] GC(531) Archive regions: 2->2
[2026-03-25T22:11:54.681+0900][199.892s][info][gc,heap     ] GC(531) Humongous regions: 24->24
[2026-03-25T22:11:54.681+0900][199.892s][info][gc,metaspace] GC(531) Metaspace: 104199K(105216K)->104199K(105216K) NonClass: 88930K(89472K)->88930K(89472K) Class: 15269K(15744K)->15269K(15744K)
[2026-03-25T22:11:54.681+0900][199.892s][info][gc          ] GC(531) Pause Young (Normal) (G1 Evacuation Pause) 214M->186M(256M) 0.764ms
[2026-03-25T22:11:54.681+0900][199.892s][info][gc,cpu      ] GC(531) User=0.00s Sys=0.00s Real=0.00s
[2026-03-25T22:11:54.798+0900][200.009s][info][gc,start    ] GC(532) Pause Young (Normal) (G1 Evacuation Pause)
[2026-03-25T22:11:54.798+0900][200.009s][info][gc,task     ] GC(532) Using 8 workers of 10 for evacuation
[2026-03-25T22:11:54.799+0900][200.010s][info][gc,phases   ] GC(532)   Pre Evacuate Collection Set: 0.0ms
[2026-03-25T22:11:54.799+0900][200.010s][info][gc,phases   ] GC(532)   Merge Heap Roots: 0.0ms
[2026-03-25T22:11:54.799+0900][200.010s][info][gc,phases   ] GC(532)   Evacuate Collection Set: 0.4ms
[2026-03-25T22:11:54.799+0900][200.010s][info][gc,phases   ] GC(532)   Post Evacuate Collection Set: 0.1ms
[2026-03-25T22:11:54.799+0900][200.010s][info][gc,phases   ] GC(532)   Other: 0.1ms
[2026-03-25T22:11:54.799+0900][200.010s][info][gc,heap     ] GC(532) Eden regions: 7->0(7)
[2026-03-25T22:11:54.799+0900][200.010s][info][gc,heap     ] GC(532) Survivor regions: 1->1(1)
[2026-03-25T22:11:54.799+0900][200.010s][info][gc,heap     ] GC(532) Old regions: 22->22
[2026-03-25T22:11:54.799+0900][200.010s][info][gc,heap     ] GC(532) Archive regions: 2->2
[2026-03-25T22:11:54.799+0900][200.010s][info][gc,heap     ] GC(532) Humongous regions: 24->24
[2026-03-25T22:11:54.799+0900][200.010s][info][gc,metaspace] GC(532) Metaspace: 104199K(105216K)->104199K(105216K) NonClass: 88930K(89472K)->88930K(89472K) Class: 15269K(15744K)->15269K(15744K)
[2026-03-25T22:11:54.799+0900][200.010s][info][gc          ] GC(532) Pause Young (Normal) (G1 Evacuation Pause) 214M->186M(256M) 0.760ms
[2026-03-25T22:11:54.799+0900][200.010s][info][gc,cpu      ] GC(532) User=0.01s Sys=0.00s Real=0.00s
[2026-03-25T22:11:54.935+0900][200.146s][info][gc,start    ] GC(533) Pause Young (Normal) (G1 Evacuation Pause)
[2026-03-25T22:11:54.935+0900][200.146s][info][gc,task     ] GC(533) Using 8 workers of 10 for evacuation
[2026-03-25T22:11:54.936+0900][200.147s][info][gc,phases   ] GC(533)   Pre Evacuate Collection Set: 0.0ms
[2026-03-25T22:11:54.936+0900][200.147s][info][gc,phases   ] GC(533)   Merge Heap Roots: 0.0ms
[2026-03-25T22:11:54.936+0900][200.147s][info][gc,phases   ] GC(533)   Evacuate Collection Set: 0.4ms
[2026-03-25T22:11:54.936+0900][200.147s][info][gc,phases   ] GC(533)   Post Evacuate Collection Set: 0.1ms
[2026-03-25T22:11:54.936+0900][200.147s][info][gc,phases   ] GC(533)   Other: 0.1ms
[2026-03-25T22:11:54.936+0900][200.147s][info][gc,heap     ] GC(533) Eden regions: 7->0(7)
[2026-03-25T22:11:54.936+0900][200.147s][info][gc,heap     ] GC(533) Survivor regions: 1->1(1)
[2026-03-25T22:11:54.936+0900][200.147s][info][gc,heap     ] GC(533) Old regions: 22->22
[2026-03-25T22:11:54.936+0900][200.147s][info][gc,heap     ] GC(533) Archive regions: 2->2
[2026-03-25T22:11:54.936+0900][200.147s][info][gc,heap     ] GC(533) Humongous regions: 24->24
[2026-03-25T22:11:54.936+0900][200.147s][info][gc,metaspace] GC(533) Metaspace: 104199K(105216K)->104199K(105216K) NonClass: 88930K(89472K)->88930K(89472K) Class: 15269K(15744K)->15269K(15744K)
[2026-03-25T22:11:54.936+0900][200.147s][info][gc          ] GC(533) Pause Young (Normal) (G1 Evacuation Pause) 214M->186M(256M) 0.705ms
[2026-03-25T22:11:54.936+0900][200.147s][info][gc,cpu      ] GC(533) User=0.00s Sys=0.00s Real=0.00s
[2026-03-25T22:11:55.087+0900][200.299s][info][gc,start    ] GC(534) Pause Young (Normal) (G1 Evacuation Pause)
[2026-03-25T22:11:55.088+0900][200.299s][info][gc,task     ] GC(534) Using 8 workers of 10 for evacuation
[2026-03-25T22:11:55.088+0900][200.299s][info][gc,phases   ] GC(534)   Pre Evacuate Collection Set: 0.0ms
[2026-03-25T22:11:55.088+0900][200.299s][info][gc,phases   ] GC(534)   Merge Heap Roots: 0.0ms
[2026-03-25T22:11:55.088+0900][200.299s][info][gc,phases   ] GC(534)   Evacuate Collection Set: 0.4ms
[2026-03-25T22:11:55.088+0900][200.299s][info][gc,phases   ] GC(534)   Post Evacuate Collection Set: 0.1ms
[2026-03-25T22:11:55.088+0900][200.299s][info][gc,phases   ] GC(534)   Other: 0.1ms
[2026-03-25T22:11:55.088+0900][200.299s][info][gc,heap     ] GC(534) Eden regions: 7->0(7)
[2026-03-25T22:11:55.088+0900][200.299s][info][gc,heap     ] GC(534) Survivor regions: 1->1(1)
[2026-03-25T22:11:55.088+0900][200.299s][info][gc,heap     ] GC(534) Old regions: 22->22
[2026-03-25T22:11:55.088+0900][200.299s][info][gc,heap     ] GC(534) Archive regions: 2->2
[2026-03-25T22:11:55.088+0900][200.299s][info][gc,heap     ] GC(534) Humongous regions: 24->24
[2026-03-25T22:11:55.088+0900][200.299s][info][gc,metaspace] GC(534) Metaspace: 104199K(105216K)->104199K(105216K) NonClass: 88930K(89472K)->88930K(89472K) Class: 15269K(15744K)->15269K(15744K)
[2026-03-25T22:11:55.088+0900][200.299s][info][gc          ] GC(534) Pause Young (Normal) (G1 Evacuation Pause) 214M->186M(256M) 0.713ms
[2026-03-25T22:11:55.088+0900][200.299s][info][gc,cpu      ] GC(534) User=0.00s Sys=0.00s Real=0.00s
[2026-03-25T22:11:55.246+0900][200.458s][info][gc,start    ] GC(535) Pause Young (Normal) (G1 Evacuation Pause)
[2026-03-25T22:11:55.246+0900][200.458s][info][gc,task     ] GC(535) Using 8 workers of 10 for evacuation
[2026-03-25T22:11:55.247+0900][200.458s][info][gc,phases   ] GC(535)   Pre Evacuate Collection Set: 0.1ms
[2026-03-25T22:11:55.247+0900][200.458s][info][gc,phases   ] GC(535)   Merge Heap Roots: 0.1ms
[2026-03-25T22:11:55.247+0900][200.458s][info][gc,phases   ] GC(535)   Evacuate Collection Set: 0.4ms
[2026-03-25T22:11:55.247+0900][200.458s][info][gc,phases   ] GC(535)   Post Evacuate Collection Set: 0.2ms
[2026-03-25T22:11:55.247+0900][200.458s][info][gc,phases   ] GC(535)   Other: 0.1ms
[2026-03-25T22:11:55.247+0900][200.458s][info][gc,heap     ] GC(535) Eden regions: 7->0(7)
[2026-03-25T22:11:55.247+0900][200.458s][info][gc,heap     ] GC(535) Survivor regions: 1->1(1)
[2026-03-25T22:11:55.247+0900][200.458s][info][gc,heap     ] GC(535) Old regions: 22->22
[2026-03-25T22:11:55.247+0900][200.458s][info][gc,heap     ] GC(535) Archive regions: 2->2
[2026-03-25T22:11:55.247+0900][200.458s][info][gc,heap     ] GC(535) Humongous regions: 24->24
[2026-03-25T22:11:55.247+0900][200.458s][info][gc,metaspace] GC(535) Metaspace: 104199K(105216K)->104199K(105216K) NonClass: 88930K(89472K)->88930K(89472K) Class: 15269K(15744K)->15269K(15744K)
[2026-03-25T22:11:55.247+0900][200.458s][info][gc          ] GC(535) Pause Young (Normal) (G1 Evacuation Pause) 214M->186M(256M) 0.795ms
[2026-03-25T22:11:55.247+0900][200.458s][info][gc,cpu      ] GC(535) User=0.00s Sys=0.00s Real=0.00s
[2026-03-25T22:11:55.430+0900][200.641s][info][gc,start    ] GC(536) Pause Young (Normal) (G1 Evacuation Pause)
[2026-03-25T22:11:55.430+0900][200.641s][info][gc,task     ] GC(536) Using 8 workers of 10 for evacuation
[2026-03-25T22:11:55.430+0900][200.641s][info][gc,phases   ] GC(536)   Pre Evacuate Collection Set: 0.0ms
[2026-03-25T22:11:55.430+0900][200.641s][info][gc,phases   ] GC(536)   Merge Heap Roots: 0.0ms
[2026-03-25T22:11:55.430+0900][200.641s][info][gc,phases   ] GC(536)   Evacuate Collection Set: 0.4ms
[2026-03-25T22:11:55.430+0900][200.641s][info][gc,phases   ] GC(536)   Post Evacuate Collection Set: 0.1ms
[2026-03-25T22:11:55.430+0900][200.641s][info][gc,phases   ] GC(536)   Other: 0.1ms
[2026-03-25T22:11:55.430+0900][200.641s][info][gc,heap     ] GC(536) Eden regions: 7->0(7)
[2026-03-25T22:11:55.430+0900][200.641s][info][gc,heap     ] GC(536) Survivor regions: 1->1(1)
[2026-03-25T22:11:55.430+0900][200.641s][info][gc,heap     ] GC(536) Old regions: 22->22
[2026-03-25T22:11:55.430+0900][200.641s][info][gc,heap     ] GC(536) Archive regions: 2->2
[2026-03-25T22:11:55.430+0900][200.641s][info][gc,heap     ] GC(536) Humongous regions: 24->24
[2026-03-25T22:11:55.430+0900][200.641s][info][gc,metaspace] GC(536) Metaspace: 104199K(105216K)->104199K(105216K) NonClass: 88930K(89472K)->88930K(89472K) Class: 15269K(15744K)->15269K(15744K)
[2026-03-25T22:11:55.430+0900][200.641s][info][gc          ] GC(536) Pause Young (Normal) (G1 Evacuation Pause) 214M->186M(256M) 0.748ms
[2026-03-25T22:11:55.430+0900][200.641s][info][gc,cpu      ] GC(536) User=0.01s Sys=0.00s Real=0.00s
[2026-03-25T22:11:55.558+0900][200.769s][info][gc,start    ] GC(537) Pause Young (Normal) (G1 Evacuation Pause)
[2026-03-25T22:11:55.558+0900][200.769s][info][gc,task     ] GC(537) Using 8 workers of 10 for evacuation
[2026-03-25T22:11:55.558+0900][200.769s][info][gc,phases   ] GC(537)   Pre Evacuate Collection Set: 0.0ms
[2026-03-25T22:11:55.558+0900][200.769s][info][gc,phases   ] GC(537)   Merge Heap Roots: 0.0ms
[2026-03-25T22:11:55.558+0900][200.769s][info][gc,phases   ] GC(537)   Evacuate Collection Set: 0.4ms
[2026-03-25T22:11:55.558+0900][200.769s][info][gc,phases   ] GC(537)   Post Evacuate Collection Set: 0.1ms
[2026-03-25T22:11:55.558+0900][200.769s][info][gc,phases   ] GC(537)   Other: 0.1ms
[2026-03-25T22:11:55.558+0900][200.769s][info][gc,heap     ] GC(537) Eden regions: 7->0(7)
[2026-03-25T22:11:55.558+0900][200.769s][info][gc,heap     ] GC(537) Survivor regions: 1->1(1)
[2026-03-25T22:11:55.558+0900][200.769s][info][gc,heap     ] GC(537) Old regions: 22->22
[2026-03-25T22:11:55.558+0900][200.769s][info][gc,heap     ] GC(537) Archive regions: 2->2
[2026-03-25T22:11:55.558+0900][200.769s][info][gc,heap     ] GC(537) Humongous regions: 24->24
[2026-03-25T22:11:55.558+0900][200.770s][info][gc,metaspace] GC(537) Metaspace: 104199K(105216K)->104199K(105216K) NonClass: 88930K(89472K)->88930K(89472K) Class: 15269K(15744K)->15269K(15744K)
[2026-03-25T22:11:55.558+0900][200.770s][info][gc          ] GC(537) Pause Young (Normal) (G1 Evacuation Pause) 214M->186M(256M) 0.737ms
[2026-03-25T22:11:55.558+0900][200.770s][info][gc,cpu      ] GC(537) User=0.01s Sys=0.00s Real=0.00s
[2026-03-25T22:11:55.704+0900][200.915s][info][gc,start    ] GC(538) Pause Young (Normal) (G1 Evacuation Pause)
[2026-03-25T22:11:55.704+0900][200.915s][info][gc,task     ] GC(538) Using 8 workers of 10 for evacuation
[2026-03-25T22:11:55.705+0900][200.916s][info][gc,phases   ] GC(538)   Pre Evacuate Collection Set: 0.0ms
[2026-03-25T22:11:55.705+0900][200.916s][info][gc,phases   ] GC(538)   Merge Heap Roots: 0.0ms
[2026-03-25T22:11:55.705+0900][200.916s][info][gc,phases   ] GC(538)   Evacuate Collection Set: 0.4ms
[2026-03-25T22:11:55.705+0900][200.916s][info][gc,phases   ] GC(538)   Post Evacuate Collection Set: 0.1ms
[2026-03-25T22:11:55.705+0900][200.916s][info][gc,phases   ] GC(538)   Other: 0.1ms
[2026-03-25T22:11:55.705+0900][200.916s][info][gc,heap     ] GC(538) Eden regions: 7->0(7)
[2026-03-25T22:11:55.705+0900][200.916s][info][gc,heap     ] GC(538) Survivor regions: 1->1(1)
[2026-03-25T22:11:55.705+0900][200.916s][info][gc,heap     ] GC(538) Old regions: 22->22
[2026-03-25T22:11:55.705+0900][200.916s][info][gc,heap     ] GC(538) Archive regions: 2->2
[2026-03-25T22:11:55.705+0900][200.916s][info][gc,heap     ] GC(538) Humongous regions: 24->24
[2026-03-25T22:11:55.705+0900][200.916s][info][gc,metaspace] GC(538) Metaspace: 104199K(105216K)->104199K(105216K) NonClass: 88930K(89472K)->88930K(89472K) Class: 15269K(15744K)->15269K(15744K)
[2026-03-25T22:11:55.705+0900][200.916s][info][gc          ] GC(538) Pause Young (Normal) (G1 Evacuation Pause) 214M->186M(256M) 0.713ms
[2026-03-25T22:11:55.705+0900][200.916s][info][gc,cpu      ] GC(538) User=0.00s Sys=0.00s Real=0.00s
[2026-03-25T22:11:55.839+0900][201.050s][info][gc,start    ] GC(539) Pause Young (Normal) (G1 Evacuation Pause)
[2026-03-25T22:11:55.839+0900][201.050s][info][gc,task     ] GC(539) Using 8 workers of 10 for evacuation
[2026-03-25T22:11:55.840+0900][201.051s][info][gc,phases   ] GC(539)   Pre Evacuate Collection Set: 0.0ms
[2026-03-25T22:11:55.840+0900][201.051s][info][gc,phases   ] GC(539)   Merge Heap Roots: 0.0ms
[2026-03-25T22:11:55.840+0900][201.051s][info][gc,phases   ] GC(539)   Evacuate Collection Set: 0.4ms
[2026-03-25T22:11:55.840+0900][201.051s][info][gc,phases   ] GC(539)   Post Evacuate Collection Set: 0.1ms
[2026-03-25T22:11:55.840+0900][201.051s][info][gc,phases   ] GC(539)   Other: 0.1ms
[2026-03-25T22:11:55.840+0900][201.051s][info][gc,heap     ] GC(539) Eden regions: 7->0(7)
[2026-03-25T22:11:55.840+0900][201.051s][info][gc,heap     ] GC(539) Survivor regions: 1->1(1)
[2026-03-25T22:11:55.840+0900][201.051s][info][gc,heap     ] GC(539) Old regions: 22->22
[2026-03-25T22:11:55.840+0900][201.051s][info][gc,heap     ] GC(539) Archive regions: 2->2
[2026-03-25T22:11:55.840+0900][201.051s][info][gc,heap     ] GC(539) Humongous regions: 24->24
[2026-03-25T22:11:55.840+0900][201.051s][info][gc,metaspace] GC(539) Metaspace: 104199K(105216K)->104199K(105216K) NonClass: 88930K(89472K)->88930K(89472K) Class: 15269K(15744K)->15269K(15744K)
[2026-03-25T22:11:55.840+0900][201.051s][info][gc          ] GC(539) Pause Young (Normal) (G1 Evacuation Pause) 214M->186M(256M) 0.781ms
[2026-03-25T22:11:55.840+0900][201.051s][info][gc,cpu      ] GC(539) User=0.00s Sys=0.00s Real=0.01s
[2026-03-25T22:11:55.949+0900][201.160s][info][gc,start    ] GC(540) Pause Young (Normal) (G1 Evacuation Pause)
[2026-03-25T22:11:55.949+0900][201.161s][info][gc,task     ] GC(540) Using 8 workers of 10 for evacuation
[2026-03-25T22:11:55.950+0900][201.161s][info][gc,phases   ] GC(540)   Pre Evacuate Collection Set: 0.0ms
[2026-03-25T22:11:55.950+0900][201.161s][info][gc,phases   ] GC(540)   Merge Heap Roots: 0.1ms
[2026-03-25T22:11:55.950+0900][201.161s][info][gc,phases   ] GC(540)   Evacuate Collection Set: 0.4ms
[2026-03-25T22:11:55.950+0900][201.161s][info][gc,phases   ] GC(540)   Post Evacuate Collection Set: 0.1ms
[2026-03-25T22:11:55.950+0900][201.161s][info][gc,phases   ] GC(540)   Other: 0.1ms
[2026-03-25T22:11:55.950+0900][201.161s][info][gc,heap     ] GC(540) Eden regions: 7->0(7)
[2026-03-25T22:11:55.950+0900][201.161s][info][gc,heap     ] GC(540) Survivor regions: 1->1(1)
[2026-03-25T22:11:55.950+0900][201.161s][info][gc,heap     ] GC(540) Old regions: 22->22
[2026-03-25T22:11:55.950+0900][201.161s][info][gc,heap     ] GC(540) Archive regions: 2->2
[2026-03-25T22:11:55.950+0900][201.161s][info][gc,heap     ] GC(540) Humongous regions: 24->24
[2026-03-25T22:11:55.950+0900][201.161s][info][gc,metaspace] GC(540) Metaspace: 104199K(105216K)->104199K(105216K) NonClass: 88930K(89472K)->88930K(89472K) Class: 15269K(15744K)->15269K(15744K)
[2026-03-25T22:11:55.950+0900][201.161s][info][gc          ] GC(540) Pause Young (Normal) (G1 Evacuation Pause) 214M->186M(256M) 0.784ms
[2026-03-25T22:11:55.950+0900][201.161s][info][gc,cpu      ] GC(540) User=0.01s Sys=0.00s Real=0.01s
[2026-03-25T22:11:56.153+0900][201.364s][info][gc,start    ] GC(541) Pause Young (Normal) (G1 Evacuation Pause)
[2026-03-25T22:11:56.153+0900][201.364s][info][gc,task     ] GC(541) Using 8 workers of 10 for evacuation
[2026-03-25T22:11:56.154+0900][201.365s][info][gc,phases   ] GC(541)   Pre Evacuate Collection Set: 0.1ms
[2026-03-25T22:11:56.154+0900][201.365s][info][gc,phases   ] GC(541)   Merge Heap Roots: 0.1ms
[2026-03-25T22:11:56.154+0900][201.365s][info][gc,phases   ] GC(541)   Evacuate Collection Set: 0.4ms
[2026-03-25T22:11:56.154+0900][201.365s][info][gc,phases   ] GC(541)   Post Evacuate Collection Set: 0.1ms
[2026-03-25T22:11:56.154+0900][201.365s][info][gc,phases   ] GC(541)   Other: 0.1ms
[2026-03-25T22:11:56.154+0900][201.365s][info][gc,heap     ] GC(541) Eden regions: 7->0(7)
[2026-03-25T22:11:56.154+0900][201.365s][info][gc,heap     ] GC(541) Survivor regions: 1->1(1)
[2026-03-25T22:11:56.154+0900][201.365s][info][gc,heap     ] GC(541) Old regions: 22->22
[2026-03-25T22:11:56.154+0900][201.365s][info][gc,heap     ] GC(541) Archive regions: 2->2
[2026-03-25T22:11:56.154+0900][201.365s][info][gc,heap     ] GC(541) Humongous regions: 24->24
[2026-03-25T22:11:56.154+0900][201.365s][info][gc,metaspace] GC(541) Metaspace: 104199K(105216K)->104199K(105216K) NonClass: 88930K(89472K)->88930K(89472K) Class: 15269K(15744K)->15269K(15744K)
[2026-03-25T22:11:56.154+0900][201.365s][info][gc          ] GC(541) Pause Young (Normal) (G1 Evacuation Pause) 214M->186M(256M) 0.733ms
[2026-03-25T22:11:56.154+0900][201.365s][info][gc,cpu      ] GC(541) User=0.00s Sys=0.00s Real=0.00s
[2026-03-25T22:11:56.267+0900][201.478s][info][gc,start    ] GC(542) Pause Young (Normal) (G1 Evacuation Pause)
[2026-03-25T22:11:56.267+0900][201.478s][info][gc,task     ] GC(542) Using 8 workers of 10 for evacuation
[2026-03-25T22:11:56.268+0900][201.479s][info][gc,phases   ] GC(542)   Pre Evacuate Collection Set: 0.0ms
[2026-03-25T22:11:56.268+0900][201.479s][info][gc,phases   ] GC(542)   Merge Heap Roots: 0.0ms
[2026-03-25T22:11:56.268+0900][201.479s][info][gc,phases   ] GC(542)   Evacuate Collection Set: 0.4ms
[2026-03-25T22:11:56.268+0900][201.479s][info][gc,phases   ] GC(542)   Post Evacuate Collection Set: 0.1ms
[2026-03-25T22:11:56.268+0900][201.479s][info][gc,phases   ] GC(542)   Other: 0.1ms
[2026-03-25T22:11:56.268+0900][201.479s][info][gc,heap     ] GC(542) Eden regions: 7->0(7)
[2026-03-25T22:11:56.268+0900][201.479s][info][gc,heap     ] GC(542) Survivor regions: 1->1(1)
[2026-03-25T22:11:56.268+0900][201.479s][info][gc,heap     ] GC(542) Old regions: 22->22
[2026-03-25T22:11:56.268+0900][201.479s][info][gc,heap     ] GC(542) Archive regions: 2->2
[2026-03-25T22:11:56.268+0900][201.479s][info][gc,heap     ] GC(542) Humongous regions: 24->24
[2026-03-25T22:11:56.268+0900][201.479s][info][gc,metaspace] GC(542) Metaspace: 104199K(105216K)->104199K(105216K) NonClass: 88930K(89472K)->88930K(89472K) Class: 15269K(15744K)->15269K(15744K)
[2026-03-25T22:11:56.268+0900][201.479s][info][gc          ] GC(542) Pause Young (Normal) (G1 Evacuation Pause) 214M->186M(256M) 0.768ms
[2026-03-25T22:11:56.268+0900][201.479s][info][gc,cpu      ] GC(542) User=0.01s Sys=0.00s Real=0.00s
[2026-03-25T22:11:56.364+0900][201.575s][info][gc,start    ] GC(543) Pause Young (Normal) (G1 Evacuation Pause)
[2026-03-25T22:11:56.364+0900][201.575s][info][gc,task     ] GC(543) Using 8 workers of 10 for evacuation
[2026-03-25T22:11:56.364+0900][201.575s][info][gc,phases   ] GC(543)   Pre Evacuate Collection Set: 0.0ms
[2026-03-25T22:11:56.364+0900][201.575s][info][gc,phases   ] GC(543)   Merge Heap Roots: 0.0ms
[2026-03-25T22:11:56.364+0900][201.575s][info][gc,phases   ] GC(543)   Evacuate Collection Set: 0.4ms
[2026-03-25T22:11:56.364+0900][201.575s][info][gc,phases   ] GC(543)   Post Evacuate Collection Set: 0.1ms
[2026-03-25T22:11:56.364+0900][201.575s][info][gc,phases   ] GC(543)   Other: 0.1ms
[2026-03-25T22:11:56.364+0900][201.575s][info][gc,heap     ] GC(543) Eden regions: 7->0(7)
[2026-03-25T22:11:56.364+0900][201.575s][info][gc,heap     ] GC(543) Survivor regions: 1->1(1)
[2026-03-25T22:11:56.364+0900][201.575s][info][gc,heap     ] GC(543) Old regions: 22->22
[2026-03-25T22:11:56.364+0900][201.575s][info][gc,heap     ] GC(543) Archive regions: 2->2
[2026-03-25T22:11:56.364+0900][201.575s][info][gc,heap     ] GC(543) Humongous regions: 24->24
[2026-03-25T22:11:56.364+0900][201.575s][info][gc,metaspace] GC(543) Metaspace: 104199K(105216K)->104199K(105216K) NonClass: 88930K(89472K)->88930K(89472K) Class: 15269K(15744K)->15269K(15744K)
[2026-03-25T22:11:56.364+0900][201.576s][info][gc          ] GC(543) Pause Young (Normal) (G1 Evacuation Pause) 214M->186M(256M) 0.744ms
[2026-03-25T22:11:56.364+0900][201.576s][info][gc,cpu      ] GC(543) User=0.00s Sys=0.00s Real=0.00s
[2026-03-25T22:11:56.471+0900][201.683s][info][gc,start    ] GC(544) Pause Young (Normal) (G1 Evacuation Pause)
[2026-03-25T22:11:56.471+0900][201.683s][info][gc,task     ] GC(544) Using 8 workers of 10 for evacuation
[2026-03-25T22:11:56.472+0900][201.683s][info][gc,phases   ] GC(544)   Pre Evacuate Collection Set: 0.0ms
[2026-03-25T22:11:56.472+0900][201.683s][info][gc,phases   ] GC(544)   Merge Heap Roots: 0.0ms
[2026-03-25T22:11:56.472+0900][201.683s][info][gc,phases   ] GC(544)   Evacuate Collection Set: 0.4ms
[2026-03-25T22:11:56.472+0900][201.683s][info][gc,phases   ] GC(544)   Post Evacuate Collection Set: 0.1ms
[2026-03-25T22:11:56.472+0900][201.683s][info][gc,phases   ] GC(544)   Other: 0.1ms
[2026-03-25T22:11:56.472+0900][201.683s][info][gc,heap     ] GC(544) Eden regions: 7->0(7)
[2026-03-25T22:11:56.472+0900][201.683s][info][gc,heap     ] GC(544) Survivor regions: 1->1(1)
[2026-03-25T22:11:56.472+0900][201.683s][info][gc,heap     ] GC(544) Old regions: 22->22
[2026-03-25T22:11:56.472+0900][201.683s][info][gc,heap     ] GC(544) Archive regions: 2->2
[2026-03-25T22:11:56.472+0900][201.683s][info][gc,heap     ] GC(544) Humongous regions: 24->24
[2026-03-25T22:11:56.472+0900][201.683s][info][gc,metaspace] GC(544) Metaspace: 104199K(105216K)->104199K(105216K) NonClass: 88930K(89472K)->88930K(89472K) Class: 15269K(15744K)->15269K(15744K)
[2026-03-25T22:11:56.472+0900][201.683s][info][gc          ] GC(544) Pause Young (Normal) (G1 Evacuation Pause) 214M->186M(256M) 0.716ms
[2026-03-25T22:11:56.472+0900][201.683s][info][gc,cpu      ] GC(544) User=0.00s Sys=0.00s Real=0.00s
[2026-03-25T22:11:56.628+0900][201.839s][info][gc,start    ] GC(545) Pause Young (Normal) (G1 Evacuation Pause)
[2026-03-25T22:11:56.628+0900][201.839s][info][gc,task     ] GC(545) Using 8 workers of 10 for evacuation
[2026-03-25T22:11:56.629+0900][201.840s][info][gc,phases   ] GC(545)   Pre Evacuate Collection Set: 0.0ms
[2026-03-25T22:11:56.629+0900][201.840s][info][gc,phases   ] GC(545)   Merge Heap Roots: 0.0ms
[2026-03-25T22:11:56.629+0900][201.840s][info][gc,phases   ] GC(545)   Evacuate Collection Set: 0.4ms
[2026-03-25T22:11:56.629+0900][201.840s][info][gc,phases   ] GC(545)   Post Evacuate Collection Set: 0.1ms
[2026-03-25T22:11:56.629+0900][201.840s][info][gc,phases   ] GC(545)   Other: 0.1ms
[2026-03-25T22:11:56.629+0900][201.840s][info][gc,heap     ] GC(545) Eden regions: 7->0(7)
[2026-03-25T22:11:56.629+0900][201.840s][info][gc,heap     ] GC(545) Survivor regions: 1->1(1)
[2026-03-25T22:11:56.629+0900][201.840s][info][gc,heap     ] GC(545) Old regions: 22->22
[2026-03-25T22:11:56.629+0900][201.840s][info][gc,heap     ] GC(545) Archive regions: 2->2
[2026-03-25T22:11:56.629+0900][201.840s][info][gc,heap     ] GC(545) Humongous regions: 24->24
[2026-03-25T22:11:56.629+0900][201.840s][info][gc,metaspace] GC(545) Metaspace: 104199K(105216K)->104199K(105216K) NonClass: 88930K(89472K)->88930K(89472K) Class: 15269K(15744K)->15269K(15744K)
[2026-03-25T22:11:56.629+0900][201.840s][info][gc          ] GC(545) Pause Young (Normal) (G1 Evacuation Pause) 214M->186M(256M) 0.727ms
[2026-03-25T22:11:56.629+0900][201.840s][info][gc,cpu      ] GC(545) User=0.00s Sys=0.00s Real=0.00s
[2026-03-25T22:11:56.777+0900][201.988s][info][gc,start    ] GC(546) Pause Young (Normal) (G1 Evacuation Pause)
[2026-03-25T22:11:56.777+0900][201.988s][info][gc,task     ] GC(546) Using 8 workers of 10 for evacuation
[2026-03-25T22:11:56.778+0900][201.989s][info][gc,phases   ] GC(546)   Pre Evacuate Collection Set: 0.0ms
[2026-03-25T22:11:56.778+0900][201.989s][info][gc,phases   ] GC(546)   Merge Heap Roots: 0.0ms
[2026-03-25T22:11:56.778+0900][201.989s][info][gc,phases   ] GC(546)   Evacuate Collection Set: 0.5ms
[2026-03-25T22:11:56.778+0900][201.989s][info][gc,phases   ] GC(546)   Post Evacuate Collection Set: 0.1ms
[2026-03-25T22:11:56.778+0900][201.989s][info][gc,phases   ] GC(546)   Other: 0.1ms
[2026-03-25T22:11:56.778+0900][201.989s][info][gc,heap     ] GC(546) Eden regions: 7->0(7)
[2026-03-25T22:11:56.778+0900][201.989s][info][gc,heap     ] GC(546) Survivor regions: 1->1(1)
[2026-03-25T22:11:56.778+0900][201.989s][info][gc,heap     ] GC(546) Old regions: 22->22
[2026-03-25T22:11:56.778+0900][201.989s][info][gc,heap     ] GC(546) Archive regions: 2->2
[2026-03-25T22:11:56.778+0900][201.989s][info][gc,heap     ] GC(546) Humongous regions: 24->24
[2026-03-25T22:11:56.778+0900][201.989s][info][gc,metaspace] GC(546) Metaspace: 104199K(105216K)->104199K(105216K) NonClass: 88930K(89472K)->88930K(89472K) Class: 15269K(15744K)->15269K(15744K)
[2026-03-25T22:11:56.778+0900][201.989s][info][gc          ] GC(546) Pause Young (Normal) (G1 Evacuation Pause) 214M->187M(256M) 0.844ms
[2026-03-25T22:11:56.778+0900][201.989s][info][gc,cpu      ] GC(546) User=0.01s Sys=0.00s Real=0.00s
[2026-03-25T22:11:56.916+0900][202.128s][info][gc,start    ] GC(547) Pause Young (Normal) (G1 Evacuation Pause)
[2026-03-25T22:11:56.917+0900][202.128s][info][gc,task     ] GC(547) Using 8 workers of 10 for evacuation
[2026-03-25T22:11:56.917+0900][202.128s][info][gc,phases   ] GC(547)   Pre Evacuate Collection Set: 0.0ms
[2026-03-25T22:11:56.917+0900][202.128s][info][gc,phases   ] GC(547)   Merge Heap Roots: 0.0ms
[2026-03-25T22:11:56.917+0900][202.128s][info][gc,phases   ] GC(547)   Evacuate Collection Set: 0.4ms
[2026-03-25T22:11:56.917+0900][202.128s][info][gc,phases   ] GC(547)   Post Evacuate Collection Set: 0.1ms
[2026-03-25T22:11:56.917+0900][202.128s][info][gc,phases   ] GC(547)   Other: 0.1ms
[2026-03-25T22:11:56.917+0900][202.128s][info][gc,heap     ] GC(547) Eden regions: 7->0(7)
[2026-03-25T22:11:56.917+0900][202.128s][info][gc,heap     ] GC(547) Survivor regions: 1->1(1)
[2026-03-25T22:11:56.917+0900][202.128s][info][gc,heap     ] GC(547) Old regions: 22->22
[2026-03-25T22:11:56.917+0900][202.128s][info][gc,heap     ] GC(547) Archive regions: 2->2
[2026-03-25T22:11:56.917+0900][202.128s][info][gc,heap     ] GC(547) Humongous regions: 24->24
[2026-03-25T22:11:56.917+0900][202.128s][info][gc,metaspace] GC(547) Metaspace: 104199K(105216K)->104199K(105216K) NonClass: 88930K(89472K)->88930K(89472K) Class: 15269K(15744K)->15269K(15744K)
[2026-03-25T22:11:56.917+0900][202.128s][info][gc          ] GC(547) Pause Young (Normal) (G1 Evacuation Pause) 215M->186M(256M) 0.747ms
[2026-03-25T22:11:56.917+0900][202.128s][info][gc,cpu      ] GC(547) User=0.00s Sys=0.01s Real=0.00s
[2026-03-25T22:11:57.017+0900][202.228s][info][gc,start    ] GC(548) Pause Young (Normal) (G1 Evacuation Pause)
[2026-03-25T22:11:57.017+0900][202.228s][info][gc,task     ] GC(548) Using 8 workers of 10 for evacuation
[2026-03-25T22:11:57.017+0900][202.229s][info][gc,phases   ] GC(548)   Pre Evacuate Collection Set: 0.0ms
[2026-03-25T22:11:57.017+0900][202.229s][info][gc,phases   ] GC(548)   Merge Heap Roots: 0.0ms
[2026-03-25T22:11:57.017+0900][202.229s][info][gc,phases   ] GC(548)   Evacuate Collection Set: 0.4ms
[2026-03-25T22:11:57.017+0900][202.229s][info][gc,phases   ] GC(548)   Post Evacuate Collection Set: 0.1ms
[2026-03-25T22:11:57.018+0900][202.229s][info][gc,phases   ] GC(548)   Other: 0.1ms
[2026-03-25T22:11:57.018+0900][202.229s][info][gc,heap     ] GC(548) Eden regions: 7->0(7)
[2026-03-25T22:11:57.018+0900][202.229s][info][gc,heap     ] GC(548) Survivor regions: 1->1(1)
[2026-03-25T22:11:57.018+0900][202.229s][info][gc,heap     ] GC(548) Old regions: 22->22
[2026-03-25T22:11:57.018+0900][202.229s][info][gc,heap     ] GC(548) Archive regions: 2->2
[2026-03-25T22:11:57.018+0900][202.229s][info][gc,heap     ] GC(548) Humongous regions: 24->24
[2026-03-25T22:11:57.018+0900][202.229s][info][gc,metaspace] GC(548) Metaspace: 104199K(105216K)->104199K(105216K) NonClass: 88930K(89472K)->88930K(89472K) Class: 15269K(15744K)->15269K(15744K)
[2026-03-25T22:11:57.018+0900][202.229s][info][gc          ] GC(548) Pause Young (Normal) (G1 Evacuation Pause) 214M->186M(256M) 0.772ms
[2026-03-25T22:11:57.018+0900][202.229s][info][gc,cpu      ] GC(548) User=0.01s Sys=0.00s Real=0.00s
[2026-03-25T22:11:57.117+0900][202.328s][info][gc,start    ] GC(549) Pause Young (Normal) (G1 Evacuation Pause)
[2026-03-25T22:11:57.117+0900][202.328s][info][gc,task     ] GC(549) Using 8 workers of 10 for evacuation
[2026-03-25T22:11:57.118+0900][202.329s][info][gc,phases   ] GC(549)   Pre Evacuate Collection Set: 0.0ms
[2026-03-25T22:11:57.118+0900][202.329s][info][gc,phases   ] GC(549)   Merge Heap Roots: 0.0ms
[2026-03-25T22:11:57.118+0900][202.329s][info][gc,phases   ] GC(549)   Evacuate Collection Set: 0.4ms
[2026-03-25T22:11:57.118+0900][202.329s][info][gc,phases   ] GC(549)   Post Evacuate Collection Set: 0.1ms
[2026-03-25T22:11:57.118+0900][202.329s][info][gc,phases   ] GC(549)   Other: 0.1ms
[2026-03-25T22:11:57.118+0900][202.329s][info][gc,heap     ] GC(549) Eden regions: 7->0(7)
[2026-03-25T22:11:57.118+0900][202.329s][info][gc,heap     ] GC(549) Survivor regions: 1->1(1)
[2026-03-25T22:11:57.118+0900][202.329s][info][gc,heap     ] GC(549) Old regions: 22->22
[2026-03-25T22:11:57.118+0900][202.329s][info][gc,heap     ] GC(549) Archive regions: 2->2
[2026-03-25T22:11:57.118+0900][202.329s][info][gc,heap     ] GC(549) Humongous regions: 24->24
[2026-03-25T22:11:57.118+0900][202.329s][info][gc,metaspace] GC(549) Metaspace: 104199K(105216K)->104199K(105216K) NonClass: 88930K(89472K)->88930K(89472K) Class: 15269K(15744K)->15269K(15744K)
[2026-03-25T22:11:57.118+0900][202.329s][info][gc          ] GC(549) Pause Young (Normal) (G1 Evacuation Pause) 214M->186M(256M) 0.723ms
[2026-03-25T22:11:57.118+0900][202.329s][info][gc,cpu      ] GC(549) User=0.00s Sys=0.00s Real=0.00s
[2026-03-25T22:11:57.255+0900][202.466s][info][gc,start    ] GC(550) Pause Young (Normal) (G1 Evacuation Pause)
[2026-03-25T22:11:57.255+0900][202.466s][info][gc,task     ] GC(550) Using 8 workers of 10 for evacuation
[2026-03-25T22:11:57.256+0900][202.467s][info][gc,phases   ] GC(550)   Pre Evacuate Collection Set: 0.0ms
[2026-03-25T22:11:57.256+0900][202.467s][info][gc,phases   ] GC(550)   Merge Heap Roots: 0.0ms
[2026-03-25T22:11:57.256+0900][202.467s][info][gc,phases   ] GC(550)   Evacuate Collection Set: 0.5ms
[2026-03-25T22:11:57.256+0900][202.467s][info][gc,phases   ] GC(550)   Post Evacuate Collection Set: 0.1ms
[2026-03-25T22:11:57.256+0900][202.467s][info][gc,phases   ] GC(550)   Other: 0.1ms
[2026-03-25T22:11:57.256+0900][202.467s][info][gc,heap     ] GC(550) Eden regions: 7->0(7)
[2026-03-25T22:11:57.256+0900][202.467s][info][gc,heap     ] GC(550) Survivor regions: 1->1(1)
[2026-03-25T22:11:57.256+0900][202.467s][info][gc,heap     ] GC(550) Old regions: 22->22
[2026-03-25T22:11:57.256+0900][202.467s][info][gc,heap     ] GC(550) Archive regions: 2->2
[2026-03-25T22:11:57.256+0900][202.467s][info][gc,heap     ] GC(550) Humongous regions: 24->24
[2026-03-25T22:11:57.256+0900][202.467s][info][gc,metaspace] GC(550) Metaspace: 104199K(105216K)->104199K(105216K) NonClass: 88930K(89472K)->88930K(89472K) Class: 15269K(15744K)->15269K(15744K)
[2026-03-25T22:11:57.256+0900][202.467s][info][gc          ] GC(550) Pause Young (Normal) (G1 Evacuation Pause) 214M->186M(256M) 0.821ms
[2026-03-25T22:11:57.256+0900][202.467s][info][gc,cpu      ] GC(550) User=0.00s Sys=0.00s Real=0.00s
[2026-03-25T22:11:57.358+0900][202.569s][info][gc,start    ] GC(551) Pause Young (Normal) (G1 Evacuation Pause)
[2026-03-25T22:11:57.358+0900][202.569s][info][gc,task     ] GC(551) Using 8 workers of 10 for evacuation
[2026-03-25T22:11:57.359+0900][202.570s][info][gc,phases   ] GC(551)   Pre Evacuate Collection Set: 0.0ms
[2026-03-25T22:11:57.359+0900][202.570s][info][gc,phases   ] GC(551)   Merge Heap Roots: 0.0ms
[2026-03-25T22:11:57.359+0900][202.570s][info][gc,phases   ] GC(551)   Evacuate Collection Set: 0.4ms
[2026-03-25T22:11:57.359+0900][202.570s][info][gc,phases   ] GC(551)   Post Evacuate Collection Set: 0.1ms
[2026-03-25T22:11:57.359+0900][202.570s][info][gc,phases   ] GC(551)   Other: 0.1ms
[2026-03-25T22:11:57.359+0900][202.570s][info][gc,heap     ] GC(551) Eden regions: 7->0(7)
[2026-03-25T22:11:57.359+0900][202.570s][info][gc,heap     ] GC(551) Survivor regions: 1->1(1)
[2026-03-25T22:11:57.359+0900][202.570s][info][gc,heap     ] GC(551) Old regions: 22->22
[2026-03-25T22:11:57.359+0900][202.570s][info][gc,heap     ] GC(551) Archive regions: 2->2
[2026-03-25T22:11:57.359+0900][202.570s][info][gc,heap     ] GC(551) Humongous regions: 24->24
[2026-03-25T22:11:57.359+0900][202.570s][info][gc,metaspace] GC(551) Metaspace: 104199K(105216K)->104199K(105216K) NonClass: 88930K(89472K)->88930K(89472K) Class: 15269K(15744K)->15269K(15744K)
[2026-03-25T22:11:57.359+0900][202.570s][info][gc          ] GC(551) Pause Young (Normal) (G1 Evacuation Pause) 214M->186M(256M) 0.676ms
[2026-03-25T22:11:57.359+0900][202.570s][info][gc,cpu      ] GC(551) User=0.00s Sys=0.00s Real=0.00s
[2026-03-25T22:11:57.468+0900][202.679s][info][gc,start    ] GC(552) Pause Young (Normal) (G1 Evacuation Pause)
[2026-03-25T22:11:57.468+0900][202.679s][info][gc,task     ] GC(552) Using 8 workers of 10 for evacuation
[2026-03-25T22:11:57.468+0900][202.679s][info][gc,phases   ] GC(552)   Pre Evacuate Collection Set: 0.0ms
[2026-03-25T22:11:57.468+0900][202.679s][info][gc,phases   ] GC(552)   Merge Heap Roots: 0.0ms
[2026-03-25T22:11:57.468+0900][202.679s][info][gc,phases   ] GC(552)   Evacuate Collection Set: 0.4ms
[2026-03-25T22:11:57.468+0900][202.679s][info][gc,phases   ] GC(552)   Post Evacuate Collection Set: 0.1ms
[2026-03-25T22:11:57.468+0900][202.679s][info][gc,phases   ] GC(552)   Other: 0.1ms
[2026-03-25T22:11:57.468+0900][202.679s][info][gc,heap     ] GC(552) Eden regions: 7->0(7)
[2026-03-25T22:11:57.468+0900][202.679s][info][gc,heap     ] GC(552) Survivor regions: 1->1(1)
[2026-03-25T22:11:57.468+0900][202.679s][info][gc,heap     ] GC(552) Old regions: 22->22
[2026-03-25T22:11:57.468+0900][202.679s][info][gc,heap     ] GC(552) Archive regions: 2->2
[2026-03-25T22:11:57.468+0900][202.679s][info][gc,heap     ] GC(552) Humongous regions: 24->24
[2026-03-25T22:11:57.468+0900][202.679s][info][gc,metaspace] GC(552) Metaspace: 104199K(105216K)->104199K(105216K) NonClass: 88930K(89472K)->88930K(89472K) Class: 15269K(15744K)->15269K(15744K)
[2026-03-25T22:11:57.468+0900][202.679s][info][gc          ] GC(552) Pause Young (Normal) (G1 Evacuation Pause) 214M->186M(256M) 0.700ms
[2026-03-25T22:11:57.468+0900][202.679s][info][gc,cpu      ] GC(552) User=0.01s Sys=0.00s Real=0.00s
[2026-03-25T22:11:57.575+0900][202.786s][info][gc,start    ] GC(553) Pause Young (Normal) (G1 Evacuation Pause)
[2026-03-25T22:11:57.575+0900][202.786s][info][gc,task     ] GC(553) Using 8 workers of 10 for evacuation
[2026-03-25T22:11:57.575+0900][202.786s][info][gc,phases   ] GC(553)   Pre Evacuate Collection Set: 0.0ms
[2026-03-25T22:11:57.575+0900][202.786s][info][gc,phases   ] GC(553)   Merge Heap Roots: 0.0ms
[2026-03-25T22:11:57.575+0900][202.786s][info][gc,phases   ] GC(553)   Evacuate Collection Set: 0.4ms
[2026-03-25T22:11:57.575+0900][202.786s][info][gc,phases   ] GC(553)   Post Evacuate Collection Set: 0.1ms
[2026-03-25T22:11:57.575+0900][202.786s][info][gc,phases   ] GC(553)   Other: 0.1ms
[2026-03-25T22:11:57.575+0900][202.786s][info][gc,heap     ] GC(553) Eden regions: 7->0(7)
[2026-03-25T22:11:57.575+0900][202.786s][info][gc,heap     ] GC(553) Survivor regions: 1->1(1)
[2026-03-25T22:11:57.575+0900][202.786s][info][gc,heap     ] GC(553) Old regions: 22->22
[2026-03-25T22:11:57.575+0900][202.786s][info][gc,heap     ] GC(553) Archive regions: 2->2
[2026-03-25T22:11:57.575+0900][202.786s][info][gc,heap     ] GC(553) Humongous regions: 24->24
[2026-03-25T22:11:57.575+0900][202.786s][info][gc,metaspace] GC(553) Metaspace: 104199K(105216K)->104199K(105216K) NonClass: 88930K(89472K)->88930K(89472K) Class: 15269K(15744K)->15269K(15744K)
[2026-03-25T22:11:57.575+0900][202.786s][info][gc          ] GC(553) Pause Young (Normal) (G1 Evacuation Pause) 214M->186M(256M) 0.690ms
[2026-03-25T22:11:57.575+0900][202.786s][info][gc,cpu      ] GC(553) User=0.00s Sys=0.00s Real=0.00s
[2026-03-25T22:11:57.744+0900][202.955s][info][gc,start    ] GC(554) Pause Young (Normal) (G1 Evacuation Pause)
[2026-03-25T22:11:57.744+0900][202.955s][info][gc,task     ] GC(554) Using 8 workers of 10 for evacuation
[2026-03-25T22:11:57.745+0900][202.956s][info][gc,phases   ] GC(554)   Pre Evacuate Collection Set: 0.1ms
[2026-03-25T22:11:57.745+0900][202.956s][info][gc,phases   ] GC(554)   Merge Heap Roots: 0.1ms
[2026-03-25T22:11:57.745+0900][202.956s][info][gc,phases   ] GC(554)   Evacuate Collection Set: 0.4ms
[2026-03-25T22:11:57.745+0900][202.956s][info][gc,phases   ] GC(554)   Post Evacuate Collection Set: 0.1ms
[2026-03-25T22:11:57.745+0900][202.956s][info][gc,phases   ] GC(554)   Other: 0.1ms
[2026-03-25T22:11:57.745+0900][202.956s][info][gc,heap     ] GC(554) Eden regions: 7->0(7)
[2026-03-25T22:11:57.745+0900][202.956s][info][gc,heap     ] GC(554) Survivor regions: 1->1(1)
[2026-03-25T22:11:57.745+0900][202.956s][info][gc,heap     ] GC(554) Old regions: 22->22
[2026-03-25T22:11:57.745+0900][202.956s][info][gc,heap     ] GC(554) Archive regions: 2->2
[2026-03-25T22:11:57.745+0900][202.956s][info][gc,heap     ] GC(554) Humongous regions: 24->24
[2026-03-25T22:11:57.745+0900][202.956s][info][gc,metaspace] GC(554) Metaspace: 104199K(105216K)->104199K(105216K) NonClass: 88930K(89472K)->88930K(89472K) Class: 15269K(15744K)->15269K(15744K)
[2026-03-25T22:11:57.745+0900][202.956s][info][gc          ] GC(554) Pause Young (Normal) (G1 Evacuation Pause) 214M->186M(256M) 0.842ms
[2026-03-25T22:11:57.745+0900][202.956s][info][gc,cpu      ] GC(554) User=0.00s Sys=0.00s Real=0.00s
[2026-03-25T22:11:57.834+0900][203.045s][info][gc,start    ] GC(555) Pause Young (Normal) (G1 Evacuation Pause)
[2026-03-25T22:11:57.834+0900][203.045s][info][gc,task     ] GC(555) Using 8 workers of 10 for evacuation
[2026-03-25T22:11:57.834+0900][203.045s][info][gc,phases   ] GC(555)   Pre Evacuate Collection Set: 0.0ms
[2026-03-25T22:11:57.834+0900][203.045s][info][gc,phases   ] GC(555)   Merge Heap Roots: 0.0ms
[2026-03-25T22:11:57.834+0900][203.045s][info][gc,phases   ] GC(555)   Evacuate Collection Set: 0.5ms
[2026-03-25T22:11:57.834+0900][203.045s][info][gc,phases   ] GC(555)   Post Evacuate Collection Set: 0.1ms
[2026-03-25T22:11:57.834+0900][203.045s][info][gc,phases   ] GC(555)   Other: 0.1ms
[2026-03-25T22:11:57.834+0900][203.045s][info][gc,heap     ] GC(555) Eden regions: 7->0(7)
[2026-03-25T22:11:57.834+0900][203.045s][info][gc,heap     ] GC(555) Survivor regions: 1->1(1)
[2026-03-25T22:11:57.834+0900][203.045s][info][gc,heap     ] GC(555) Old regions: 22->22
[2026-03-25T22:11:57.834+0900][203.045s][info][gc,heap     ] GC(555) Archive regions: 2->2
[2026-03-25T22:11:57.834+0900][203.045s][info][gc,heap     ] GC(555) Humongous regions: 24->24
[2026-03-25T22:11:57.834+0900][203.045s][info][gc,metaspace] GC(555) Metaspace: 104199K(105216K)->104199K(105216K) NonClass: 88930K(89472K)->88930K(89472K) Class: 15269K(15744K)->15269K(15744K)
[2026-03-25T22:11:57.834+0900][203.045s][info][gc          ] GC(555) Pause Young (Normal) (G1 Evacuation Pause) 214M->186M(256M) 0.797ms
[2026-03-25T22:11:57.834+0900][203.045s][info][gc,cpu      ] GC(555) User=0.01s Sys=0.00s Real=0.00s
[2026-03-25T22:11:57.927+0900][203.138s][info][gc,start    ] GC(556) Pause Young (Normal) (G1 Evacuation Pause)
[2026-03-25T22:11:57.927+0900][203.138s][info][gc,task     ] GC(556) Using 8 workers of 10 for evacuation
[2026-03-25T22:11:57.927+0900][203.139s][info][gc,phases   ] GC(556)   Pre Evacuate Collection Set: 0.0ms
[2026-03-25T22:11:57.927+0900][203.139s][info][gc,phases   ] GC(556)   Merge Heap Roots: 0.0ms
[2026-03-25T22:11:57.927+0900][203.139s][info][gc,phases   ] GC(556)   Evacuate Collection Set: 0.4ms
[2026-03-25T22:11:57.927+0900][203.139s][info][gc,phases   ] GC(556)   Post Evacuate Collection Set: 0.1ms
[2026-03-25T22:11:57.928+0900][203.139s][info][gc,phases   ] GC(556)   Other: 0.1ms
[2026-03-25T22:11:57.928+0900][203.139s][info][gc,heap     ] GC(556) Eden regions: 7->0(7)
[2026-03-25T22:11:57.928+0900][203.139s][info][gc,heap     ] GC(556) Survivor regions: 1->1(1)
[2026-03-25T22:11:57.928+0900][203.139s][info][gc,heap     ] GC(556) Old regions: 22->22
[2026-03-25T22:11:57.928+0900][203.139s][info][gc,heap     ] GC(556) Archive regions: 2->2
[2026-03-25T22:11:57.928+0900][203.139s][info][gc,heap     ] GC(556) Humongous regions: 24->24
[2026-03-25T22:11:57.928+0900][203.139s][info][gc,metaspace] GC(556) Metaspace: 104199K(105216K)->104199K(105216K) NonClass: 88930K(89472K)->88930K(89472K) Class: 15269K(15744K)->15269K(15744K)
[2026-03-25T22:11:57.928+0900][203.139s][info][gc          ] GC(556) Pause Young (Normal) (G1 Evacuation Pause) 214M->186M(256M) 0.719ms
[2026-03-25T22:11:57.928+0900][203.139s][info][gc,cpu      ] GC(556) User=0.00s Sys=0.00s Real=0.00s
[2026-03-25T22:11:58.081+0900][203.292s][info][gc,start    ] GC(557) Pause Young (Normal) (G1 Evacuation Pause)
[2026-03-25T22:11:58.081+0900][203.292s][info][gc,task     ] GC(557) Using 8 workers of 10 for evacuation
[2026-03-25T22:11:58.082+0900][203.293s][info][gc,phases   ] GC(557)   Pre Evacuate Collection Set: 0.0ms
[2026-03-25T22:11:58.082+0900][203.293s][info][gc,phases   ] GC(557)   Merge Heap Roots: 0.0ms
[2026-03-25T22:11:58.082+0900][203.293s][info][gc,phases   ] GC(557)   Evacuate Collection Set: 0.4ms
[2026-03-25T22:11:58.082+0900][203.293s][info][gc,phases   ] GC(557)   Post Evacuate Collection Set: 0.1ms
[2026-03-25T22:11:58.082+0900][203.293s][info][gc,phases   ] GC(557)   Other: 0.1ms
[2026-03-25T22:11:58.082+0900][203.293s][info][gc,heap     ] GC(557) Eden regions: 7->0(7)
[2026-03-25T22:11:58.082+0900][203.293s][info][gc,heap     ] GC(557) Survivor regions: 1->1(1)
[2026-03-25T22:11:58.082+0900][203.293s][info][gc,heap     ] GC(557) Old regions: 22->22
[2026-03-25T22:11:58.082+0900][203.293s][info][gc,heap     ] GC(557) Archive regions: 2->2
[2026-03-25T22:11:58.082+0900][203.293s][info][gc,heap     ] GC(557) Humongous regions: 24->24
[2026-03-25T22:11:58.082+0900][203.293s][info][gc,metaspace] GC(557) Metaspace: 104199K(105216K)->104199K(105216K) NonClass: 88930K(89472K)->88930K(89472K) Class: 15269K(15744K)->15269K(15744K)
[2026-03-25T22:11:58.082+0900][203.293s][info][gc          ] GC(557) Pause Young (Normal) (G1 Evacuation Pause) 214M->186M(256M) 0.711ms
[2026-03-25T22:11:58.082+0900][203.293s][info][gc,cpu      ] GC(557) User=0.00s Sys=0.00s Real=0.00s
[2026-03-25T22:11:58.166+0900][203.377s][info][gc,start    ] GC(558) Pause Young (Normal) (G1 Evacuation Pause)
[2026-03-25T22:11:58.166+0900][203.377s][info][gc,task     ] GC(558) Using 8 workers of 10 for evacuation
[2026-03-25T22:11:58.167+0900][203.378s][info][gc,phases   ] GC(558)   Pre Evacuate Collection Set: 0.0ms
[2026-03-25T22:11:58.167+0900][203.378s][info][gc,phases   ] GC(558)   Merge Heap Roots: 0.0ms
[2026-03-25T22:11:58.167+0900][203.378s][info][gc,phases   ] GC(558)   Evacuate Collection Set: 0.4ms
[2026-03-25T22:11:58.167+0900][203.378s][info][gc,phases   ] GC(558)   Post Evacuate Collection Set: 0.1ms
[2026-03-25T22:11:58.167+0900][203.378s][info][gc,phases   ] GC(558)   Other: 0.1ms
[2026-03-25T22:11:58.167+0900][203.378s][info][gc,heap     ] GC(558) Eden regions: 7->0(7)
[2026-03-25T22:11:58.167+0900][203.378s][info][gc,heap     ] GC(558) Survivor regions: 1->1(1)
[2026-03-25T22:11:58.167+0900][203.378s][info][gc,heap     ] GC(558) Old regions: 22->22
[2026-03-25T22:11:58.167+0900][203.378s][info][gc,heap     ] GC(558) Archive regions: 2->2
[2026-03-25T22:11:58.167+0900][203.378s][info][gc,heap     ] GC(558) Humongous regions: 24->24
[2026-03-25T22:11:58.167+0900][203.378s][info][gc,metaspace] GC(558) Metaspace: 104199K(105216K)->104199K(105216K) NonClass: 88930K(89472K)->88930K(89472K) Class: 15269K(15744K)->15269K(15744K)
[2026-03-25T22:11:58.167+0900][203.378s][info][gc          ] GC(558) Pause Young (Normal) (G1 Evacuation Pause) 214M->186M(256M) 0.658ms
[2026-03-25T22:11:58.167+0900][203.378s][info][gc,cpu      ] GC(558) User=0.01s Sys=0.00s Real=0.00s
[2026-03-25T22:11:58.358+0900][203.569s][info][gc,start    ] GC(559) Pause Young (Normal) (G1 Evacuation Pause)
[2026-03-25T22:11:58.358+0900][203.569s][info][gc,task     ] GC(559) Using 8 workers of 10 for evacuation
[2026-03-25T22:11:58.359+0900][203.570s][info][gc,phases   ] GC(559)   Pre Evacuate Collection Set: 0.0ms
[2026-03-25T22:11:58.359+0900][203.570s][info][gc,phases   ] GC(559)   Merge Heap Roots: 0.1ms
[2026-03-25T22:11:58.359+0900][203.570s][info][gc,phases   ] GC(559)   Evacuate Collection Set: 0.4ms
[2026-03-25T22:11:58.359+0900][203.570s][info][gc,phases   ] GC(559)   Post Evacuate Collection Set: 0.1ms
[2026-03-25T22:11:58.359+0900][203.570s][info][gc,phases   ] GC(559)   Other: 0.1ms
[2026-03-25T22:11:58.359+0900][203.570s][info][gc,heap     ] GC(559) Eden regions: 7->0(7)
[2026-03-25T22:11:58.359+0900][203.570s][info][gc,heap     ] GC(559) Survivor regions: 1->1(1)
[2026-03-25T22:11:58.359+0900][203.570s][info][gc,heap     ] GC(559) Old regions: 22->22
[2026-03-25T22:11:58.359+0900][203.570s][info][gc,heap     ] GC(559) Archive regions: 2->2
[2026-03-25T22:11:58.359+0900][203.570s][info][gc,heap     ] GC(559) Humongous regions: 24->24
[2026-03-25T22:11:58.359+0900][203.570s][info][gc,metaspace] GC(559) Metaspace: 104199K(105216K)->104199K(105216K) NonClass: 88930K(89472K)->88930K(89472K) Class: 15269K(15744K)->15269K(15744K)
[2026-03-25T22:11:58.359+0900][203.570s][info][gc          ] GC(559) Pause Young (Normal) (G1 Evacuation Pause) 214M->186M(256M) 0.757ms
[2026-03-25T22:11:58.359+0900][203.570s][info][gc,cpu      ] GC(559) User=0.00s Sys=0.00s Real=0.00s
[2026-03-25T22:11:58.529+0900][203.740s][info][gc,start    ] GC(560) Pause Young (Normal) (G1 Evacuation Pause)
[2026-03-25T22:11:58.529+0900][203.740s][info][gc,task     ] GC(560) Using 8 workers of 10 for evacuation
[2026-03-25T22:11:58.529+0900][203.740s][info][gc,phases   ] GC(560)   Pre Evacuate Collection Set: 0.0ms
[2026-03-25T22:11:58.529+0900][203.740s][info][gc,phases   ] GC(560)   Merge Heap Roots: 0.0ms
[2026-03-25T22:11:58.529+0900][203.740s][info][gc,phases   ] GC(560)   Evacuate Collection Set: 0.4ms
[2026-03-25T22:11:58.529+0900][203.740s][info][gc,phases   ] GC(560)   Post Evacuate Collection Set: 0.1ms
[2026-03-25T22:11:58.529+0900][203.740s][info][gc,phases   ] GC(560)   Other: 0.1ms
[2026-03-25T22:11:58.529+0900][203.740s][info][gc,heap     ] GC(560) Eden regions: 7->0(7)
[2026-03-25T22:11:58.529+0900][203.740s][info][gc,heap     ] GC(560) Survivor regions: 1->1(1)
[2026-03-25T22:11:58.529+0900][203.740s][info][gc,heap     ] GC(560) Old regions: 22->22
[2026-03-25T22:11:58.529+0900][203.740s][info][gc,heap     ] GC(560) Archive regions: 2->2
[2026-03-25T22:11:58.529+0900][203.740s][info][gc,heap     ] GC(560) Humongous regions: 24->24
[2026-03-25T22:11:58.529+0900][203.740s][info][gc,metaspace] GC(560) Metaspace: 104199K(105216K)->104199K(105216K) NonClass: 88930K(89472K)->88930K(89472K) Class: 15269K(15744K)->15269K(15744K)
[2026-03-25T22:11:58.529+0900][203.740s][info][gc          ] GC(560) Pause Young (Normal) (G1 Evacuation Pause) 214M->186M(256M) 0.691ms
[2026-03-25T22:11:58.529+0900][203.740s][info][gc,cpu      ] GC(560) User=0.01s Sys=0.00s Real=0.00s
[2026-03-25T22:11:58.626+0900][203.837s][info][gc,start    ] GC(561) Pause Young (Normal) (G1 Evacuation Pause)
[2026-03-25T22:11:58.626+0900][203.837s][info][gc,task     ] GC(561) Using 8 workers of 10 for evacuation
[2026-03-25T22:11:58.626+0900][203.837s][info][gc,phases   ] GC(561)   Pre Evacuate Collection Set: 0.0ms
[2026-03-25T22:11:58.626+0900][203.837s][info][gc,phases   ] GC(561)   Merge Heap Roots: 0.0ms
[2026-03-25T22:11:58.626+0900][203.837s][info][gc,phases   ] GC(561)   Evacuate Collection Set: 0.5ms
[2026-03-25T22:11:58.626+0900][203.837s][info][gc,phases   ] GC(561)   Post Evacuate Collection Set: 0.1ms
[2026-03-25T22:11:58.626+0900][203.837s][info][gc,phases   ] GC(561)   Other: 0.1ms
[2026-03-25T22:11:58.626+0900][203.837s][info][gc,heap     ] GC(561) Eden regions: 7->0(7)
[2026-03-25T22:11:58.626+0900][203.837s][info][gc,heap     ] GC(561) Survivor regions: 1->1(1)
[2026-03-25T22:11:58.626+0900][203.837s][info][gc,heap     ] GC(561) Old regions: 22->22
[2026-03-25T22:11:58.626+0900][203.837s][info][gc,heap     ] GC(561) Archive regions: 2->2
[2026-03-25T22:11:58.626+0900][203.837s][info][gc,heap     ] GC(561) Humongous regions: 24->24
[2026-03-25T22:11:58.626+0900][203.837s][info][gc,metaspace] GC(561) Metaspace: 104199K(105216K)->104199K(105216K) NonClass: 88930K(89472K)->88930K(89472K) Class: 15269K(15744K)->15269K(15744K)
[2026-03-25T22:11:58.626+0900][203.837s][info][gc          ] GC(561) Pause Young (Normal) (G1 Evacuation Pause) 214M->187M(256M) 0.793ms
[2026-03-25T22:11:58.626+0900][203.837s][info][gc,cpu      ] GC(561) User=0.01s Sys=0.00s Real=0.00s
[2026-03-25T22:11:58.741+0900][203.952s][info][gc,start    ] GC(562) Pause Young (Normal) (G1 Evacuation Pause)
[2026-03-25T22:11:58.741+0900][203.952s][info][gc,task     ] GC(562) Using 8 workers of 10 for evacuation
[2026-03-25T22:11:58.742+0900][203.953s][info][gc,phases   ] GC(562)   Pre Evacuate Collection Set: 0.0ms
[2026-03-25T22:11:58.742+0900][203.953s][info][gc,phases   ] GC(562)   Merge Heap Roots: 0.0ms
[2026-03-25T22:11:58.742+0900][203.953s][info][gc,phases   ] GC(562)   Evacuate Collection Set: 0.4ms
[2026-03-25T22:11:58.742+0900][203.953s][info][gc,phases   ] GC(562)   Post Evacuate Collection Set: 0.1ms
[2026-03-25T22:11:58.742+0900][203.953s][info][gc,phases   ] GC(562)   Other: 0.1ms
[2026-03-25T22:11:58.742+0900][203.953s][info][gc,heap     ] GC(562) Eden regions: 7->0(7)
[2026-03-25T22:11:58.742+0900][203.953s][info][gc,heap     ] GC(562) Survivor regions: 1->1(1)
[2026-03-25T22:11:58.742+0900][203.953s][info][gc,heap     ] GC(562) Old regions: 22->22
[2026-03-25T22:11:58.742+0900][203.953s][info][gc,heap     ] GC(562) Archive regions: 2->2
[2026-03-25T22:11:58.742+0900][203.953s][info][gc,heap     ] GC(562) Humongous regions: 24->24
[2026-03-25T22:11:58.742+0900][203.953s][info][gc,metaspace] GC(562) Metaspace: 104199K(105216K)->104199K(105216K) NonClass: 88930K(89472K)->88930K(89472K) Class: 15269K(15744K)->15269K(15744K)
[2026-03-25T22:11:58.742+0900][203.953s][info][gc          ] GC(562) Pause Young (Normal) (G1 Evacuation Pause) 215M->187M(256M) 0.755ms
[2026-03-25T22:11:58.742+0900][203.953s][info][gc,cpu      ] GC(562) User=0.00s Sys=0.00s Real=0.00s
[2026-03-25T22:11:58.897+0900][204.108s][info][gc,start    ] GC(563) Pause Young (Normal) (G1 Evacuation Pause)
[2026-03-25T22:11:58.897+0900][204.108s][info][gc,task     ] GC(563) Using 8 workers of 10 for evacuation
[2026-03-25T22:11:58.898+0900][204.109s][info][gc,phases   ] GC(563)   Pre Evacuate Collection Set: 0.1ms
[2026-03-25T22:11:58.898+0900][204.109s][info][gc,phases   ] GC(563)   Merge Heap Roots: 0.1ms
[2026-03-25T22:11:58.898+0900][204.109s][info][gc,phases   ] GC(563)   Evacuate Collection Set: 0.4ms
[2026-03-25T22:11:58.898+0900][204.109s][info][gc,phases   ] GC(563)   Post Evacuate Collection Set: 0.1ms
[2026-03-25T22:11:58.898+0900][204.109s][info][gc,phases   ] GC(563)   Other: 0.1ms
[2026-03-25T22:11:58.898+0900][204.109s][info][gc,heap     ] GC(563) Eden regions: 7->0(7)
[2026-03-25T22:11:58.898+0900][204.109s][info][gc,heap     ] GC(563) Survivor regions: 1->1(1)
[2026-03-25T22:11:58.898+0900][204.109s][info][gc,heap     ] GC(563) Old regions: 22->22
[2026-03-25T22:11:58.898+0900][204.109s][info][gc,heap     ] GC(563) Archive regions: 2->2
[2026-03-25T22:11:58.898+0900][204.109s][info][gc,heap     ] GC(563) Humongous regions: 24->24
[2026-03-25T22:11:58.898+0900][204.109s][info][gc,metaspace] GC(563) Metaspace: 104199K(105216K)->104199K(105216K) NonClass: 88930K(89472K)->88930K(89472K) Class: 15269K(15744K)->15269K(15744K)
[2026-03-25T22:11:58.898+0900][204.109s][info][gc          ] GC(563) Pause Young (Normal) (G1 Evacuation Pause) 215M->187M(256M) 0.791ms
[2026-03-25T22:11:58.898+0900][204.109s][info][gc,cpu      ] GC(563) User=0.00s Sys=0.00s Real=0.00s
[2026-03-25T22:11:59.006+0900][204.217s][info][gc,start    ] GC(564) Pause Young (Normal) (G1 Evacuation Pause)
[2026-03-25T22:11:59.006+0900][204.217s][info][gc,task     ] GC(564) Using 8 workers of 10 for evacuation
[2026-03-25T22:11:59.007+0900][204.218s][info][gc,phases   ] GC(564)   Pre Evacuate Collection Set: 0.0ms
[2026-03-25T22:11:59.007+0900][204.218s][info][gc,phases   ] GC(564)   Merge Heap Roots: 0.0ms
[2026-03-25T22:11:59.007+0900][204.218s][info][gc,phases   ] GC(564)   Evacuate Collection Set: 0.4ms
[2026-03-25T22:11:59.007+0900][204.218s][info][gc,phases   ] GC(564)   Post Evacuate Collection Set: 0.1ms
[2026-03-25T22:11:59.007+0900][204.218s][info][gc,phases   ] GC(564)   Other: 0.1ms
[2026-03-25T22:11:59.007+0900][204.218s][info][gc,heap     ] GC(564) Eden regions: 7->0(7)
[2026-03-25T22:11:59.007+0900][204.218s][info][gc,heap     ] GC(564) Survivor regions: 1->1(1)
[2026-03-25T22:11:59.007+0900][204.218s][info][gc,heap     ] GC(564) Old regions: 22->22
[2026-03-25T22:11:59.007+0900][204.218s][info][gc,heap     ] GC(564) Archive regions: 2->2
[2026-03-25T22:11:59.007+0900][204.218s][info][gc,heap     ] GC(564) Humongous regions: 24->24
[2026-03-25T22:11:59.007+0900][204.218s][info][gc,metaspace] GC(564) Metaspace: 104199K(105216K)->104199K(105216K) NonClass: 88930K(89472K)->88930K(89472K) Class: 15269K(15744K)->15269K(15744K)
[2026-03-25T22:11:59.007+0900][204.218s][info][gc          ] GC(564) Pause Young (Normal) (G1 Evacuation Pause) 215M->187M(256M) 0.687ms
[2026-03-25T22:11:59.007+0900][204.218s][info][gc,cpu      ] GC(564) User=0.00s Sys=0.00s Real=0.00s
[2026-03-25T22:11:59.139+0900][204.350s][info][gc,start    ] GC(565) Pause Young (Normal) (G1 Evacuation Pause)
[2026-03-25T22:11:59.139+0900][204.350s][info][gc,task     ] GC(565) Using 8 workers of 10 for evacuation
[2026-03-25T22:11:59.139+0900][204.350s][info][gc,phases   ] GC(565)   Pre Evacuate Collection Set: 0.0ms
[2026-03-25T22:11:59.139+0900][204.350s][info][gc,phases   ] GC(565)   Merge Heap Roots: 0.0ms
[2026-03-25T22:11:59.139+0900][204.350s][info][gc,phases   ] GC(565)   Evacuate Collection Set: 0.4ms
[2026-03-25T22:11:59.139+0900][204.350s][info][gc,phases   ] GC(565)   Post Evacuate Collection Set: 0.1ms
[2026-03-25T22:11:59.139+0900][204.350s][info][gc,phases   ] GC(565)   Other: 0.1ms
[2026-03-25T22:11:59.139+0900][204.350s][info][gc,heap     ] GC(565) Eden regions: 7->0(7)
[2026-03-25T22:11:59.139+0900][204.350s][info][gc,heap     ] GC(565) Survivor regions: 1->1(1)
[2026-03-25T22:11:59.139+0900][204.350s][info][gc,heap     ] GC(565) Old regions: 22->22
[2026-03-25T22:11:59.139+0900][204.350s][info][gc,heap     ] GC(565) Archive regions: 2->2
[2026-03-25T22:11:59.139+0900][204.350s][info][gc,heap     ] GC(565) Humongous regions: 24->24
[2026-03-25T22:11:59.139+0900][204.350s][info][gc,metaspace] GC(565) Metaspace: 104199K(105216K)->104199K(105216K) NonClass: 88930K(89472K)->88930K(89472K) Class: 15269K(15744K)->15269K(15744K)
[2026-03-25T22:11:59.139+0900][204.350s][info][gc          ] GC(565) Pause Young (Normal) (G1 Evacuation Pause) 215M->187M(256M) 0.765ms
[2026-03-25T22:11:59.139+0900][204.350s][info][gc,cpu      ] GC(565) User=0.00s Sys=0.00s Real=0.00s
[2026-03-25T22:11:59.277+0900][204.488s][info][gc,start    ] GC(566) Pause Young (Normal) (G1 Evacuation Pause)
[2026-03-25T22:11:59.277+0900][204.488s][info][gc,task     ] GC(566) Using 8 workers of 10 for evacuation
[2026-03-25T22:11:59.278+0900][204.489s][info][gc,phases   ] GC(566)   Pre Evacuate Collection Set: 0.1ms
[2026-03-25T22:11:59.278+0900][204.489s][info][gc,phases   ] GC(566)   Merge Heap Roots: 0.0ms
[2026-03-25T22:11:59.278+0900][204.489s][info][gc,phases   ] GC(566)   Evacuate Collection Set: 0.4ms
[2026-03-25T22:11:59.278+0900][204.489s][info][gc,phases   ] GC(566)   Post Evacuate Collection Set: 0.2ms
[2026-03-25T22:11:59.278+0900][204.489s][info][gc,phases   ] GC(566)   Other: 0.1ms
[2026-03-25T22:11:59.278+0900][204.489s][info][gc,heap     ] GC(566) Eden regions: 7->0(7)
[2026-03-25T22:11:59.278+0900][204.489s][info][gc,heap     ] GC(566) Survivor regions: 1->1(1)
[2026-03-25T22:11:59.278+0900][204.489s][info][gc,heap     ] GC(566) Old regions: 22->22
[2026-03-25T22:11:59.278+0900][204.489s][info][gc,heap     ] GC(566) Archive regions: 2->2
[2026-03-25T22:11:59.278+0900][204.489s][info][gc,heap     ] GC(566) Humongous regions: 24->24
[2026-03-25T22:11:59.278+0900][204.489s][info][gc,metaspace] GC(566) Metaspace: 104199K(105216K)->104199K(105216K) NonClass: 88930K(89472K)->88930K(89472K) Class: 15269K(15744K)->15269K(15744K)
[2026-03-25T22:11:59.278+0900][204.489s][info][gc          ] GC(566) Pause Young (Normal) (G1 Evacuation Pause) 215M->187M(256M) 0.728ms
[2026-03-25T22:11:59.278+0900][204.489s][info][gc,cpu      ] GC(566) User=0.01s Sys=0.00s Real=0.00s
[2026-03-25T22:11:59.405+0900][204.616s][info][gc,start    ] GC(567) Pause Young (Normal) (G1 Evacuation Pause)
[2026-03-25T22:11:59.405+0900][204.616s][info][gc,task     ] GC(567) Using 8 workers of 10 for evacuation
[2026-03-25T22:11:59.406+0900][204.617s][info][gc,phases   ] GC(567)   Pre Evacuate Collection Set: 0.0ms
[2026-03-25T22:11:59.406+0900][204.617s][info][gc,phases   ] GC(567)   Merge Heap Roots: 0.0ms
[2026-03-25T22:11:59.406+0900][204.617s][info][gc,phases   ] GC(567)   Evacuate Collection Set: 0.5ms
[2026-03-25T22:11:59.406+0900][204.617s][info][gc,phases   ] GC(567)   Post Evacuate Collection Set: 0.1ms
[2026-03-25T22:11:59.406+0900][204.617s][info][gc,phases   ] GC(567)   Other: 0.1ms
[2026-03-25T22:11:59.406+0900][204.617s][info][gc,heap     ] GC(567) Eden regions: 7->0(7)
[2026-03-25T22:11:59.406+0900][204.617s][info][gc,heap     ] GC(567) Survivor regions: 1->1(1)
[2026-03-25T22:11:59.406+0900][204.617s][info][gc,heap     ] GC(567) Old regions: 22->22
[2026-03-25T22:11:59.406+0900][204.617s][info][gc,heap     ] GC(567) Archive regions: 2->2
[2026-03-25T22:11:59.406+0900][204.617s][info][gc,heap     ] GC(567) Humongous regions: 24->24
[2026-03-25T22:11:59.406+0900][204.617s][info][gc,metaspace] GC(567) Metaspace: 104199K(105216K)->104199K(105216K) NonClass: 88930K(89472K)->88930K(89472K) Class: 15269K(15744K)->15269K(15744K)
[2026-03-25T22:11:59.406+0900][204.617s][info][gc          ] GC(567) Pause Young (Normal) (G1 Evacuation Pause) 215M->187M(256M) 0.832ms
[2026-03-25T22:11:59.406+0900][204.617s][info][gc,cpu      ] GC(567) User=0.00s Sys=0.00s Real=0.00s
[2026-03-25T22:11:59.566+0900][204.777s][info][gc,start    ] GC(568) Pause Young (Normal) (G1 Evacuation Pause)
[2026-03-25T22:11:59.566+0900][204.777s][info][gc,task     ] GC(568) Using 8 workers of 10 for evacuation
[2026-03-25T22:11:59.566+0900][204.777s][info][gc,phases   ] GC(568)   Pre Evacuate Collection Set: 0.0ms
[2026-03-25T22:11:59.566+0900][204.777s][info][gc,phases   ] GC(568)   Merge Heap Roots: 0.0ms
[2026-03-25T22:11:59.566+0900][204.777s][info][gc,phases   ] GC(568)   Evacuate Collection Set: 0.4ms
[2026-03-25T22:11:59.566+0900][204.777s][info][gc,phases   ] GC(568)   Post Evacuate Collection Set: 0.1ms
[2026-03-25T22:11:59.566+0900][204.777s][info][gc,phases   ] GC(568)   Other: 0.1ms
[2026-03-25T22:11:59.566+0900][204.777s][info][gc,heap     ] GC(568) Eden regions: 7->0(7)
[2026-03-25T22:11:59.566+0900][204.777s][info][gc,heap     ] GC(568) Survivor regions: 1->1(1)
[2026-03-25T22:11:59.566+0900][204.777s][info][gc,heap     ] GC(568) Old regions: 22->22
[2026-03-25T22:11:59.566+0900][204.777s][info][gc,heap     ] GC(568) Archive regions: 2->2
[2026-03-25T22:11:59.566+0900][204.777s][info][gc,heap     ] GC(568) Humongous regions: 24->24
[2026-03-25T22:11:59.566+0900][204.777s][info][gc,metaspace] GC(568) Metaspace: 104199K(105216K)->104199K(105216K) NonClass: 88930K(89472K)->88930K(89472K) Class: 15269K(15744K)->15269K(15744K)
[2026-03-25T22:11:59.566+0900][204.778s][info][gc          ] GC(568) Pause Young (Normal) (G1 Evacuation Pause) 215M->187M(256M) 0.725ms
[2026-03-25T22:11:59.566+0900][204.778s][info][gc,cpu      ] GC(568) User=0.00s Sys=0.00s Real=0.00s
[2026-03-25T22:11:59.680+0900][204.891s][info][gc,start    ] GC(569) Pause Young (Normal) (G1 Evacuation Pause)
[2026-03-25T22:11:59.680+0900][204.891s][info][gc,task     ] GC(569) Using 8 workers of 10 for evacuation
[2026-03-25T22:11:59.680+0900][204.891s][info][gc,phases   ] GC(569)   Pre Evacuate Collection Set: 0.0ms
[2026-03-25T22:11:59.680+0900][204.891s][info][gc,phases   ] GC(569)   Merge Heap Roots: 0.0ms
[2026-03-25T22:11:59.680+0900][204.891s][info][gc,phases   ] GC(569)   Evacuate Collection Set: 0.4ms
[2026-03-25T22:11:59.680+0900][204.891s][info][gc,phases   ] GC(569)   Post Evacuate Collection Set: 0.1ms
[2026-03-25T22:11:59.680+0900][204.891s][info][gc,phases   ] GC(569)   Other: 0.1ms
[2026-03-25T22:11:59.680+0900][204.891s][info][gc,heap     ] GC(569) Eden regions: 7->0(7)
[2026-03-25T22:11:59.680+0900][204.891s][info][gc,heap     ] GC(569) Survivor regions: 1->1(1)
[2026-03-25T22:11:59.680+0900][204.891s][info][gc,heap     ] GC(569) Old regions: 22->22
[2026-03-25T22:11:59.680+0900][204.891s][info][gc,heap     ] GC(569) Archive regions: 2->2
[2026-03-25T22:11:59.680+0900][204.891s][info][gc,heap     ] GC(569) Humongous regions: 24->24
[2026-03-25T22:11:59.680+0900][204.891s][info][gc,metaspace] GC(569) Metaspace: 104199K(105216K)->104199K(105216K) NonClass: 88930K(89472K)->88930K(89472K) Class: 15269K(15744K)->15269K(15744K)
[2026-03-25T22:11:59.680+0900][204.891s][info][gc          ] GC(569) Pause Young (Normal) (G1 Evacuation Pause) 215M->187M(256M) 0.708ms
[2026-03-25T22:11:59.680+0900][204.891s][info][gc,cpu      ] GC(569) User=0.00s Sys=0.00s Real=0.00s
[2026-03-25T22:11:59.849+0900][205.060s][info][gc,start    ] GC(570) Pause Young (Normal) (G1 Evacuation Pause)
[2026-03-25T22:11:59.849+0900][205.060s][info][gc,task     ] GC(570) Using 8 workers of 10 for evacuation
[2026-03-25T22:11:59.849+0900][205.060s][info][gc,phases   ] GC(570)   Pre Evacuate Collection Set: 0.0ms
[2026-03-25T22:11:59.849+0900][205.060s][info][gc,phases   ] GC(570)   Merge Heap Roots: 0.0ms
[2026-03-25T22:11:59.849+0900][205.060s][info][gc,phases   ] GC(570)   Evacuate Collection Set: 0.4ms
[2026-03-25T22:11:59.849+0900][205.060s][info][gc,phases   ] GC(570)   Post Evacuate Collection Set: 0.1ms
[2026-03-25T22:11:59.849+0900][205.060s][info][gc,phases   ] GC(570)   Other: 0.1ms
[2026-03-25T22:11:59.849+0900][205.060s][info][gc,heap     ] GC(570) Eden regions: 7->0(7)
[2026-03-25T22:11:59.849+0900][205.060s][info][gc,heap     ] GC(570) Survivor regions: 1->1(1)
[2026-03-25T22:11:59.849+0900][205.060s][info][gc,heap     ] GC(570) Old regions: 22->22
[2026-03-25T22:11:59.849+0900][205.060s][info][gc,heap     ] GC(570) Archive regions: 2->2
[2026-03-25T22:11:59.849+0900][205.060s][info][gc,heap     ] GC(570) Humongous regions: 24->24
[2026-03-25T22:11:59.849+0900][205.060s][info][gc,metaspace] GC(570) Metaspace: 104199K(105216K)->104199K(105216K) NonClass: 88930K(89472K)->88930K(89472K) Class: 15269K(15744K)->15269K(15744K)
[2026-03-25T22:11:59.849+0900][205.060s][info][gc          ] GC(570) Pause Young (Normal) (G1 Evacuation Pause) 215M->187M(256M) 0.774ms
[2026-03-25T22:11:59.849+0900][205.060s][info][gc,cpu      ] GC(570) User=0.00s Sys=0.01s Real=0.00s
[2026-03-25T22:11:59.935+0900][205.146s][info][gc,start    ] GC(571) Pause Young (Normal) (G1 Evacuation Pause)
[2026-03-25T22:11:59.935+0900][205.146s][info][gc,task     ] GC(571) Using 8 workers of 10 for evacuation
[2026-03-25T22:11:59.936+0900][205.147s][info][gc,phases   ] GC(571)   Pre Evacuate Collection Set: 0.0ms
[2026-03-25T22:11:59.936+0900][205.147s][info][gc,phases   ] GC(571)   Merge Heap Roots: 0.0ms
[2026-03-25T22:11:59.936+0900][205.147s][info][gc,phases   ] GC(571)   Evacuate Collection Set: 0.5ms
[2026-03-25T22:11:59.936+0900][205.147s][info][gc,phases   ] GC(571)   Post Evacuate Collection Set: 0.1ms
[2026-03-25T22:11:59.936+0900][205.147s][info][gc,phases   ] GC(571)   Other: 0.0ms
[2026-03-25T22:11:59.936+0900][205.147s][info][gc,heap     ] GC(571) Eden regions: 7->0(7)
[2026-03-25T22:11:59.936+0900][205.147s][info][gc,heap     ] GC(571) Survivor regions: 1->1(1)
[2026-03-25T22:11:59.936+0900][205.147s][info][gc,heap     ] GC(571) Old regions: 22->22
[2026-03-25T22:11:59.936+0900][205.147s][info][gc,heap     ] GC(571) Archive regions: 2->2
[2026-03-25T22:11:59.936+0900][205.147s][info][gc,heap     ] GC(571) Humongous regions: 24->24
[2026-03-25T22:11:59.936+0900][205.147s][info][gc,metaspace] GC(571) Metaspace: 104199K(105216K)->104199K(105216K) NonClass: 88930K(89472K)->88930K(89472K) Class: 15269K(15744K)->15269K(15744K)
[2026-03-25T22:11:59.936+0900][205.147s][info][gc          ] GC(571) Pause Young (Normal) (G1 Evacuation Pause) 215M->187M(256M) 0.742ms
[2026-03-25T22:11:59.936+0900][205.147s][info][gc,cpu      ] GC(571) User=0.00s Sys=0.00s Real=0.00s
[2026-03-25T22:12:00.029+0900][205.240s][info][gc,start    ] GC(572) Pause Young (Normal) (G1 Evacuation Pause)
[2026-03-25T22:12:00.029+0900][205.240s][info][gc,task     ] GC(572) Using 8 workers of 10 for evacuation
[2026-03-25T22:12:00.029+0900][205.240s][info][gc,phases   ] GC(572)   Pre Evacuate Collection Set: 0.0ms
[2026-03-25T22:12:00.029+0900][205.240s][info][gc,phases   ] GC(572)   Merge Heap Roots: 0.0ms
[2026-03-25T22:12:00.029+0900][205.240s][info][gc,phases   ] GC(572)   Evacuate Collection Set: 0.4ms
[2026-03-25T22:12:00.029+0900][205.240s][info][gc,phases   ] GC(572)   Post Evacuate Collection Set: 0.1ms
[2026-03-25T22:12:00.029+0900][205.240s][info][gc,phases   ] GC(572)   Other: 0.1ms
[2026-03-25T22:12:00.029+0900][205.240s][info][gc,heap     ] GC(572) Eden regions: 7->0(7)
[2026-03-25T22:12:00.029+0900][205.240s][info][gc,heap     ] GC(572) Survivor regions: 1->1(1)
[2026-03-25T22:12:00.029+0900][205.240s][info][gc,heap     ] GC(572) Old regions: 22->22
[2026-03-25T22:12:00.029+0900][205.240s][info][gc,heap     ] GC(572) Archive regions: 2->2
[2026-03-25T22:12:00.029+0900][205.240s][info][gc,heap     ] GC(572) Humongous regions: 24->24
[2026-03-25T22:12:00.029+0900][205.240s][info][gc,metaspace] GC(572) Metaspace: 104199K(105216K)->104199K(105216K) NonClass: 88930K(89472K)->88930K(89472K) Class: 15269K(15744K)->15269K(15744K)
[2026-03-25T22:12:00.029+0900][205.241s][info][gc          ] GC(572) Pause Young (Normal) (G1 Evacuation Pause) 215M->187M(256M) 0.671ms
[2026-03-25T22:12:00.029+0900][205.241s][info][gc,cpu      ] GC(572) User=0.00s Sys=0.00s Real=0.00s
[2026-03-25T22:12:00.167+0900][205.378s][info][gc,start    ] GC(573) Pause Young (Normal) (G1 Evacuation Pause)
[2026-03-25T22:12:00.167+0900][205.378s][info][gc,task     ] GC(573) Using 8 workers of 10 for evacuation
[2026-03-25T22:12:00.167+0900][205.378s][info][gc,phases   ] GC(573)   Pre Evacuate Collection Set: 0.0ms
[2026-03-25T22:12:00.167+0900][205.378s][info][gc,phases   ] GC(573)   Merge Heap Roots: 0.0ms
[2026-03-25T22:12:00.167+0900][205.378s][info][gc,phases   ] GC(573)   Evacuate Collection Set: 0.4ms
[2026-03-25T22:12:00.167+0900][205.378s][info][gc,phases   ] GC(573)   Post Evacuate Collection Set: 0.1ms
[2026-03-25T22:12:00.167+0900][205.378s][info][gc,phases   ] GC(573)   Other: 0.1ms
[2026-03-25T22:12:00.167+0900][205.378s][info][gc,heap     ] GC(573) Eden regions: 7->0(7)
[2026-03-25T22:12:00.167+0900][205.378s][info][gc,heap     ] GC(573) Survivor regions: 1->1(1)
[2026-03-25T22:12:00.167+0900][205.378s][info][gc,heap     ] GC(573) Old regions: 22->22
[2026-03-25T22:12:00.167+0900][205.378s][info][gc,heap     ] GC(573) Archive regions: 2->2
[2026-03-25T22:12:00.167+0900][205.378s][info][gc,heap     ] GC(573) Humongous regions: 24->24
[2026-03-25T22:12:00.167+0900][205.378s][info][gc,metaspace] GC(573) Metaspace: 104199K(105216K)->104199K(105216K) NonClass: 88930K(89472K)->88930K(89472K) Class: 15269K(15744K)->15269K(15744K)
[2026-03-25T22:12:00.167+0900][205.378s][info][gc          ] GC(573) Pause Young (Normal) (G1 Evacuation Pause) 215M->187M(256M) 0.700ms
[2026-03-25T22:12:00.167+0900][205.378s][info][gc,cpu      ] GC(573) User=0.00s Sys=0.00s Real=0.00s
[2026-03-25T22:12:00.369+0900][205.580s][info][gc,start    ] GC(574) Pause Young (Normal) (G1 Evacuation Pause)
[2026-03-25T22:12:00.370+0900][205.581s][info][gc,task     ] GC(574) Using 8 workers of 10 for evacuation
[2026-03-25T22:12:00.370+0900][205.581s][info][gc,phases   ] GC(574)   Pre Evacuate Collection Set: 0.0ms
[2026-03-25T22:12:00.370+0900][205.581s][info][gc,phases   ] GC(574)   Merge Heap Roots: 0.0ms
[2026-03-25T22:12:00.370+0900][205.581s][info][gc,phases   ] GC(574)   Evacuate Collection Set: 0.4ms
[2026-03-25T22:12:00.370+0900][205.581s][info][gc,phases   ] GC(574)   Post Evacuate Collection Set: 0.1ms
[2026-03-25T22:12:00.370+0900][205.581s][info][gc,phases   ] GC(574)   Other: 0.1ms
[2026-03-25T22:12:00.370+0900][205.581s][info][gc,heap     ] GC(574) Eden regions: 7->0(7)
[2026-03-25T22:12:00.370+0900][205.581s][info][gc,heap     ] GC(574) Survivor regions: 1->1(1)
[2026-03-25T22:12:00.370+0900][205.581s][info][gc,heap     ] GC(574) Old regions: 22->22
[2026-03-25T22:12:00.370+0900][205.581s][info][gc,heap     ] GC(574) Archive regions: 2->2
[2026-03-25T22:12:00.370+0900][205.581s][info][gc,heap     ] GC(574) Humongous regions: 24->24
[2026-03-25T22:12:00.370+0900][205.581s][info][gc,metaspace] GC(574) Metaspace: 104199K(105216K)->104199K(105216K) NonClass: 88930K(89472K)->88930K(89472K) Class: 15269K(15744K)->15269K(15744K)
[2026-03-25T22:12:00.370+0900][205.581s][info][gc          ] GC(574) Pause Young (Normal) (G1 Evacuation Pause) 215M->187M(256M) 0.689ms
[2026-03-25T22:12:00.370+0900][205.581s][info][gc,cpu      ] GC(574) User=0.01s Sys=0.00s Real=0.01s
[2026-03-25T22:12:00.483+0900][205.694s][info][gc,start    ] GC(575) Pause Young (Normal) (G1 Evacuation Pause)
[2026-03-25T22:12:00.483+0900][205.694s][info][gc,task     ] GC(575) Using 8 workers of 10 for evacuation
[2026-03-25T22:12:00.484+0900][205.695s][info][gc,phases   ] GC(575)   Pre Evacuate Collection Set: 0.0ms
[2026-03-25T22:12:00.484+0900][205.695s][info][gc,phases   ] GC(575)   Merge Heap Roots: 0.0ms
[2026-03-25T22:12:00.484+0900][205.695s][info][gc,phases   ] GC(575)   Evacuate Collection Set: 0.5ms
[2026-03-25T22:12:00.484+0900][205.695s][info][gc,phases   ] GC(575)   Post Evacuate Collection Set: 0.1ms
[2026-03-25T22:12:00.484+0900][205.695s][info][gc,phases   ] GC(575)   Other: 0.1ms
[2026-03-25T22:12:00.484+0900][205.695s][info][gc,heap     ] GC(575) Eden regions: 7->0(7)
[2026-03-25T22:12:00.484+0900][205.695s][info][gc,heap     ] GC(575) Survivor regions: 1->1(1)
[2026-03-25T22:12:00.484+0900][205.695s][info][gc,heap     ] GC(575) Old regions: 22->22
[2026-03-25T22:12:00.484+0900][205.695s][info][gc,heap     ] GC(575) Archive regions: 2->2
[2026-03-25T22:12:00.484+0900][205.695s][info][gc,heap     ] GC(575) Humongous regions: 24->24
[2026-03-25T22:12:00.484+0900][205.695s][info][gc,metaspace] GC(575) Metaspace: 104199K(105216K)->104199K(105216K) NonClass: 88930K(89472K)->88930K(89472K) Class: 15269K(15744K)->15269K(15744K)
[2026-03-25T22:12:00.484+0900][205.695s][info][gc          ] GC(575) Pause Young (Normal) (G1 Evacuation Pause) 215M->187M(256M) 0.818ms
[2026-03-25T22:12:00.484+0900][205.695s][info][gc,cpu      ] GC(575) User=0.00s Sys=0.00s Real=0.00s
[2026-03-25T22:12:00.559+0900][205.770s][info][gc,start    ] GC(576) Pause Young (Normal) (G1 Evacuation Pause)
[2026-03-25T22:12:00.559+0900][205.770s][info][gc,task     ] GC(576) Using 8 workers of 10 for evacuation
[2026-03-25T22:12:00.560+0900][205.771s][info][gc,phases   ] GC(576)   Pre Evacuate Collection Set: 0.0ms
[2026-03-25T22:12:00.560+0900][205.771s][info][gc,phases   ] GC(576)   Merge Heap Roots: 0.0ms
[2026-03-25T22:12:00.560+0900][205.771s][info][gc,phases   ] GC(576)   Evacuate Collection Set: 0.4ms
[2026-03-25T22:12:00.560+0900][205.771s][info][gc,phases   ] GC(576)   Post Evacuate Collection Set: 0.1ms
[2026-03-25T22:12:00.560+0900][205.771s][info][gc,phases   ] GC(576)   Other: 0.1ms
[2026-03-25T22:12:00.560+0900][205.771s][info][gc,heap     ] GC(576) Eden regions: 7->0(7)
[2026-03-25T22:12:00.560+0900][205.771s][info][gc,heap     ] GC(576) Survivor regions: 1->1(1)
[2026-03-25T22:12:00.560+0900][205.771s][info][gc,heap     ] GC(576) Old regions: 22->22
[2026-03-25T22:12:00.560+0900][205.771s][info][gc,heap     ] GC(576) Archive regions: 2->2
[2026-03-25T22:12:00.560+0900][205.771s][info][gc,heap     ] GC(576) Humongous regions: 24->24
[2026-03-25T22:12:00.560+0900][205.771s][info][gc,metaspace] GC(576) Metaspace: 104199K(105216K)->104199K(105216K) NonClass: 88930K(89472K)->88930K(89472K) Class: 15269K(15744K)->15269K(15744K)
[2026-03-25T22:12:00.560+0900][205.771s][info][gc          ] GC(576) Pause Young (Normal) (G1 Evacuation Pause) 215M->187M(256M) 0.689ms
[2026-03-25T22:12:00.560+0900][205.771s][info][gc,cpu      ] GC(576) User=0.00s Sys=0.00s Real=0.01s
[2026-03-25T22:12:00.652+0900][205.863s][info][gc,start    ] GC(577) Pause Young (Normal) (G1 Evacuation Pause)
[2026-03-25T22:12:00.652+0900][205.863s][info][gc,task     ] GC(577) Using 8 workers of 10 for evacuation
[2026-03-25T22:12:00.653+0900][205.864s][info][gc,phases   ] GC(577)   Pre Evacuate Collection Set: 0.0ms
[2026-03-25T22:12:00.653+0900][205.864s][info][gc,phases   ] GC(577)   Merge Heap Roots: 0.0ms
[2026-03-25T22:12:00.653+0900][205.864s][info][gc,phases   ] GC(577)   Evacuate Collection Set: 0.4ms
[2026-03-25T22:12:00.653+0900][205.864s][info][gc,phases   ] GC(577)   Post Evacuate Collection Set: 0.1ms
[2026-03-25T22:12:00.653+0900][205.864s][info][gc,phases   ] GC(577)   Other: 0.1ms
[2026-03-25T22:12:00.653+0900][205.864s][info][gc,heap     ] GC(577) Eden regions: 7->0(7)
[2026-03-25T22:12:00.653+0900][205.864s][info][gc,heap     ] GC(577) Survivor regions: 1->1(1)
[2026-03-25T22:12:00.653+0900][205.864s][info][gc,heap     ] GC(577) Old regions: 22->22
[2026-03-25T22:12:00.653+0900][205.864s][info][gc,heap     ] GC(577) Archive regions: 2->2
[2026-03-25T22:12:00.653+0900][205.864s][info][gc,heap     ] GC(577) Humongous regions: 24->24
[2026-03-25T22:12:00.653+0900][205.864s][info][gc,metaspace] GC(577) Metaspace: 104199K(105216K)->104199K(105216K) NonClass: 88930K(89472K)->88930K(89472K) Class: 15269K(15744K)->15269K(15744K)
[2026-03-25T22:12:00.653+0900][205.864s][info][gc          ] GC(577) Pause Young (Normal) (G1 Evacuation Pause) 215M->187M(256M) 0.713ms
[2026-03-25T22:12:00.653+0900][205.864s][info][gc,cpu      ] GC(577) User=0.01s Sys=0.00s Real=0.00s
[2026-03-25T22:12:00.811+0900][206.022s][info][gc,start    ] GC(578) Pause Young (Normal) (G1 Evacuation Pause)
[2026-03-25T22:12:00.811+0900][206.022s][info][gc,task     ] GC(578) Using 8 workers of 10 for evacuation
[2026-03-25T22:12:00.811+0900][206.023s][info][gc,phases   ] GC(578)   Pre Evacuate Collection Set: 0.1ms
[2026-03-25T22:12:00.812+0900][206.023s][info][gc,phases   ] GC(578)   Merge Heap Roots: 0.0ms
[2026-03-25T22:12:00.812+0900][206.023s][info][gc,phases   ] GC(578)   Evacuate Collection Set: 0.4ms
[2026-03-25T22:12:00.812+0900][206.023s][info][gc,phases   ] GC(578)   Post Evacuate Collection Set: 0.1ms
[2026-03-25T22:12:00.812+0900][206.023s][info][gc,phases   ] GC(578)   Other: 0.1ms
[2026-03-25T22:12:00.812+0900][206.023s][info][gc,heap     ] GC(578) Eden regions: 7->0(7)
[2026-03-25T22:12:00.812+0900][206.023s][info][gc,heap     ] GC(578) Survivor regions: 1->1(1)
[2026-03-25T22:12:00.812+0900][206.023s][info][gc,heap     ] GC(578) Old regions: 22->22
[2026-03-25T22:12:00.812+0900][206.023s][info][gc,heap     ] GC(578) Archive regions: 2->2
[2026-03-25T22:12:00.812+0900][206.023s][info][gc,heap     ] GC(578) Humongous regions: 24->24
[2026-03-25T22:12:00.812+0900][206.023s][info][gc,metaspace] GC(578) Metaspace: 104199K(105216K)->104199K(105216K) NonClass: 88930K(89472K)->88930K(89472K) Class: 15269K(15744K)->15269K(15744K)
[2026-03-25T22:12:00.812+0900][206.023s][info][gc          ] GC(578) Pause Young (Normal) (G1 Evacuation Pause) 215M->187M(256M) 0.750ms
[2026-03-25T22:12:00.812+0900][206.023s][info][gc,cpu      ] GC(578) User=0.00s Sys=0.00s Real=0.00s
[2026-03-25T22:12:01.009+0900][206.220s][info][gc,start    ] GC(579) Pause Young (Normal) (G1 Evacuation Pause)
[2026-03-25T22:12:01.009+0900][206.220s][info][gc,task     ] GC(579) Using 8 workers of 10 for evacuation
[2026-03-25T22:12:01.010+0900][206.221s][info][gc,phases   ] GC(579)   Pre Evacuate Collection Set: 0.1ms
[2026-03-25T22:12:01.010+0900][206.221s][info][gc,phases   ] GC(579)   Merge Heap Roots: 0.0ms
[2026-03-25T22:12:01.010+0900][206.221s][info][gc,phases   ] GC(579)   Evacuate Collection Set: 0.5ms
[2026-03-25T22:12:01.010+0900][206.221s][info][gc,phases   ] GC(579)   Post Evacuate Collection Set: 0.2ms
[2026-03-25T22:12:01.010+0900][206.221s][info][gc,phases   ] GC(579)   Other: 0.1ms
[2026-03-25T22:12:01.010+0900][206.221s][info][gc,heap     ] GC(579) Eden regions: 7->0(7)
[2026-03-25T22:12:01.010+0900][206.221s][info][gc,heap     ] GC(579) Survivor regions: 1->1(1)
[2026-03-25T22:12:01.010+0900][206.221s][info][gc,heap     ] GC(579) Old regions: 22->22
[2026-03-25T22:12:01.010+0900][206.221s][info][gc,heap     ] GC(579) Archive regions: 2->2
[2026-03-25T22:12:01.010+0900][206.221s][info][gc,heap     ] GC(579) Humongous regions: 24->24
[2026-03-25T22:12:01.010+0900][206.221s][info][gc,metaspace] GC(579) Metaspace: 104199K(105216K)->104199K(105216K) NonClass: 88930K(89472K)->88930K(89472K) Class: 15269K(15744K)->15269K(15744K)
[2026-03-25T22:12:01.010+0900][206.221s][info][gc          ] GC(579) Pause Young (Normal) (G1 Evacuation Pause) 215M->187M(256M) 0.837ms
[2026-03-25T22:12:01.010+0900][206.221s][info][gc,cpu      ] GC(579) User=0.00s Sys=0.00s Real=0.01s
[2026-03-25T22:12:01.151+0900][206.362s][info][gc,start    ] GC(580) Pause Young (Normal) (G1 Evacuation Pause)
[2026-03-25T22:12:01.151+0900][206.362s][info][gc,task     ] GC(580) Using 8 workers of 10 for evacuation
[2026-03-25T22:12:01.152+0900][206.363s][info][gc,phases   ] GC(580)   Pre Evacuate Collection Set: 0.0ms
[2026-03-25T22:12:01.152+0900][206.363s][info][gc,phases   ] GC(580)   Merge Heap Roots: 0.0ms
[2026-03-25T22:12:01.152+0900][206.363s][info][gc,phases   ] GC(580)   Evacuate Collection Set: 0.4ms
[2026-03-25T22:12:01.152+0900][206.363s][info][gc,phases   ] GC(580)   Post Evacuate Collection Set: 0.1ms
[2026-03-25T22:12:01.152+0900][206.363s][info][gc,phases   ] GC(580)   Other: 0.1ms
[2026-03-25T22:12:01.152+0900][206.363s][info][gc,heap     ] GC(580) Eden regions: 7->0(7)
[2026-03-25T22:12:01.152+0900][206.363s][info][gc,heap     ] GC(580) Survivor regions: 1->1(1)
[2026-03-25T22:12:01.152+0900][206.363s][info][gc,heap     ] GC(580) Old regions: 22->22
[2026-03-25T22:12:01.152+0900][206.363s][info][gc,heap     ] GC(580) Archive regions: 2->2
[2026-03-25T22:12:01.152+0900][206.363s][info][gc,heap     ] GC(580) Humongous regions: 24->24
[2026-03-25T22:12:01.152+0900][206.363s][info][gc,metaspace] GC(580) Metaspace: 104199K(105216K)->104199K(105216K) NonClass: 88930K(89472K)->88930K(89472K) Class: 15269K(15744K)->15269K(15744K)
[2026-03-25T22:12:01.152+0900][206.363s][info][gc          ] GC(580) Pause Young (Normal) (G1 Evacuation Pause) 215M->187M(256M) 0.744ms
[2026-03-25T22:12:01.152+0900][206.363s][info][gc,cpu      ] GC(580) User=0.00s Sys=0.00s Real=0.00s
[2026-03-25T22:12:01.264+0900][206.475s][info][gc,start    ] GC(581) Pause Young (Normal) (G1 Evacuation Pause)
[2026-03-25T22:12:01.264+0900][206.475s][info][gc,task     ] GC(581) Using 8 workers of 10 for evacuation
[2026-03-25T22:12:01.265+0900][206.476s][info][gc,phases   ] GC(581)   Pre Evacuate Collection Set: 0.0ms
[2026-03-25T22:12:01.265+0900][206.476s][info][gc,phases   ] GC(581)   Merge Heap Roots: 0.0ms
[2026-03-25T22:12:01.265+0900][206.476s][info][gc,phases   ] GC(581)   Evacuate Collection Set: 0.4ms
[2026-03-25T22:12:01.265+0900][206.476s][info][gc,phases   ] GC(581)   Post Evacuate Collection Set: 0.1ms
[2026-03-25T22:12:01.265+0900][206.476s][info][gc,phases   ] GC(581)   Other: 0.1ms
[2026-03-25T22:12:01.265+0900][206.476s][info][gc,heap     ] GC(581) Eden regions: 7->0(7)
[2026-03-25T22:12:01.265+0900][206.476s][info][gc,heap     ] GC(581) Survivor regions: 1->1(1)
[2026-03-25T22:12:01.265+0900][206.476s][info][gc,heap     ] GC(581) Old regions: 22->22
[2026-03-25T22:12:01.265+0900][206.476s][info][gc,heap     ] GC(581) Archive regions: 2->2
[2026-03-25T22:12:01.265+0900][206.476s][info][gc,heap     ] GC(581) Humongous regions: 24->24
[2026-03-25T22:12:01.265+0900][206.476s][info][gc,metaspace] GC(581) Metaspace: 104199K(105216K)->104199K(105216K) NonClass: 88930K(89472K)->88930K(89472K) Class: 15269K(15744K)->15269K(15744K)
[2026-03-25T22:12:01.265+0900][206.476s][info][gc          ] GC(581) Pause Young (Normal) (G1 Evacuation Pause) 215M->188M(256M) 0.753ms
[2026-03-25T22:12:01.265+0900][206.476s][info][gc,cpu      ] GC(581) User=0.00s Sys=0.00s Real=0.00s
[2026-03-25T22:12:01.440+0900][206.651s][info][gc,start    ] GC(582) Pause Young (Normal) (G1 Evacuation Pause)
[2026-03-25T22:12:01.440+0900][206.651s][info][gc,task     ] GC(582) Using 8 workers of 10 for evacuation
[2026-03-25T22:12:01.440+0900][206.651s][info][gc,phases   ] GC(582)   Pre Evacuate Collection Set: 0.0ms
[2026-03-25T22:12:01.440+0900][206.651s][info][gc,phases   ] GC(582)   Merge Heap Roots: 0.0ms
[2026-03-25T22:12:01.440+0900][206.651s][info][gc,phases   ] GC(582)   Evacuate Collection Set: 0.4ms
[2026-03-25T22:12:01.440+0900][206.651s][info][gc,phases   ] GC(582)   Post Evacuate Collection Set: 0.2ms
[2026-03-25T22:12:01.440+0900][206.651s][info][gc,phases   ] GC(582)   Other: 0.1ms
[2026-03-25T22:12:01.440+0900][206.651s][info][gc,heap     ] GC(582) Eden regions: 7->0(7)
[2026-03-25T22:12:01.440+0900][206.651s][info][gc,heap     ] GC(582) Survivor regions: 1->1(1)
[2026-03-25T22:12:01.440+0900][206.651s][info][gc,heap     ] GC(582) Old regions: 22->22
[2026-03-25T22:12:01.440+0900][206.651s][info][gc,heap     ] GC(582) Archive regions: 2->2
[2026-03-25T22:12:01.440+0900][206.651s][info][gc,heap     ] GC(582) Humongous regions: 24->24
[2026-03-25T22:12:01.440+0900][206.652s][info][gc,metaspace] GC(582) Metaspace: 104199K(105216K)->104199K(105216K) NonClass: 88930K(89472K)->88930K(89472K) Class: 15269K(15744K)->15269K(15744K)
[2026-03-25T22:12:01.440+0900][206.652s][info][gc          ] GC(582) Pause Young (Normal) (G1 Evacuation Pause) 216M->188M(256M) 0.718ms
[2026-03-25T22:12:01.441+0900][206.652s][info][gc,cpu      ] GC(582) User=0.01s Sys=0.00s Real=0.00s
[2026-03-25T22:12:01.559+0900][206.770s][info][gc,start    ] GC(583) Pause Young (Normal) (G1 Evacuation Pause)
[2026-03-25T22:12:01.559+0900][206.770s][info][gc,task     ] GC(583) Using 8 workers of 10 for evacuation
[2026-03-25T22:12:01.560+0900][206.771s][info][gc,phases   ] GC(583)   Pre Evacuate Collection Set: 0.1ms
[2026-03-25T22:12:01.560+0900][206.771s][info][gc,phases   ] GC(583)   Merge Heap Roots: 0.0ms
[2026-03-25T22:12:01.560+0900][206.771s][info][gc,phases   ] GC(583)   Evacuate Collection Set: 0.5ms
[2026-03-25T22:12:01.560+0900][206.771s][info][gc,phases   ] GC(583)   Post Evacuate Collection Set: 0.2ms
[2026-03-25T22:12:01.560+0900][206.771s][info][gc,phases   ] GC(583)   Other: 0.1ms
[2026-03-25T22:12:01.560+0900][206.771s][info][gc,heap     ] GC(583) Eden regions: 7->0(7)
[2026-03-25T22:12:01.560+0900][206.771s][info][gc,heap     ] GC(583) Survivor regions: 1->1(1)
[2026-03-25T22:12:01.560+0900][206.771s][info][gc,heap     ] GC(583) Old regions: 22->22
[2026-03-25T22:12:01.560+0900][206.771s][info][gc,heap     ] GC(583) Archive regions: 2->2
[2026-03-25T22:12:01.560+0900][206.771s][info][gc,heap     ] GC(583) Humongous regions: 24->24
[2026-03-25T22:12:01.560+0900][206.771s][info][gc,metaspace] GC(583) Metaspace: 104199K(105216K)->104199K(105216K) NonClass: 88930K(89472K)->88930K(89472K) Class: 15269K(15744K)->15269K(15744K)
[2026-03-25T22:12:01.560+0900][206.771s][info][gc          ] GC(583) Pause Young (Normal) (G1 Evacuation Pause) 216M->188M(256M) 0.861ms
[2026-03-25T22:12:01.560+0900][206.771s][info][gc,cpu      ] GC(583) User=0.01s Sys=0.00s Real=0.01s
[2026-03-25T22:12:01.645+0900][206.856s][info][gc,start    ] GC(584) Pause Young (Normal) (G1 Evacuation Pause)
[2026-03-25T22:12:01.645+0900][206.856s][info][gc,task     ] GC(584) Using 8 workers of 10 for evacuation
[2026-03-25T22:12:01.646+0900][206.857s][info][gc,phases   ] GC(584)   Pre Evacuate Collection Set: 0.0ms
[2026-03-25T22:12:01.646+0900][206.857s][info][gc,phases   ] GC(584)   Merge Heap Roots: 0.0ms
[2026-03-25T22:12:01.646+0900][206.857s][info][gc,phases   ] GC(584)   Evacuate Collection Set: 0.5ms
[2026-03-25T22:12:01.646+0900][206.857s][info][gc,phases   ] GC(584)   Post Evacuate Collection Set: 0.1ms
[2026-03-25T22:12:01.646+0900][206.857s][info][gc,phases   ] GC(584)   Other: 0.1ms
[2026-03-25T22:12:01.646+0900][206.857s][info][gc,heap     ] GC(584) Eden regions: 7->0(7)
[2026-03-25T22:12:01.646+0900][206.857s][info][gc,heap     ] GC(584) Survivor regions: 1->1(1)
[2026-03-25T22:12:01.646+0900][206.857s][info][gc,heap     ] GC(584) Old regions: 22->22
[2026-03-25T22:12:01.646+0900][206.857s][info][gc,heap     ] GC(584) Archive regions: 2->2
[2026-03-25T22:12:01.646+0900][206.857s][info][gc,heap     ] GC(584) Humongous regions: 24->24
[2026-03-25T22:12:01.646+0900][206.857s][info][gc,metaspace] GC(584) Metaspace: 104199K(105216K)->104199K(105216K) NonClass: 88930K(89472K)->88930K(89472K) Class: 15269K(15744K)->15269K(15744K)
[2026-03-25T22:12:01.646+0900][206.857s][info][gc          ] GC(584) Pause Young (Normal) (G1 Evacuation Pause) 216M->188M(256M) 0.784ms
[2026-03-25T22:12:01.646+0900][206.857s][info][gc,cpu      ] GC(584) User=0.01s Sys=0.00s Real=0.00s
[2026-03-25T22:12:01.722+0900][206.933s][info][gc,start    ] GC(585) Pause Young (Normal) (G1 Evacuation Pause)
[2026-03-25T22:12:01.722+0900][206.933s][info][gc,task     ] GC(585) Using 8 workers of 10 for evacuation
[2026-03-25T22:12:01.723+0900][206.934s][info][gc,phases   ] GC(585)   Pre Evacuate Collection Set: 0.1ms
[2026-03-25T22:12:01.723+0900][206.934s][info][gc,phases   ] GC(585)   Merge Heap Roots: 0.0ms
[2026-03-25T22:12:01.723+0900][206.934s][info][gc,phases   ] GC(585)   Evacuate Collection Set: 0.5ms
[2026-03-25T22:12:01.723+0900][206.934s][info][gc,phases   ] GC(585)   Post Evacuate Collection Set: 0.2ms
[2026-03-25T22:12:01.723+0900][206.934s][info][gc,phases   ] GC(585)   Other: 0.1ms
[2026-03-25T22:12:01.723+0900][206.934s][info][gc,heap     ] GC(585) Eden regions: 7->0(7)
[2026-03-25T22:12:01.723+0900][206.934s][info][gc,heap     ] GC(585) Survivor regions: 1->1(1)
[2026-03-25T22:12:01.723+0900][206.934s][info][gc,heap     ] GC(585) Old regions: 22->22
[2026-03-25T22:12:01.723+0900][206.934s][info][gc,heap     ] GC(585) Archive regions: 2->2
[2026-03-25T22:12:01.723+0900][206.934s][info][gc,heap     ] GC(585) Humongous regions: 24->24
[2026-03-25T22:12:01.723+0900][206.934s][info][gc,metaspace] GC(585) Metaspace: 104199K(105216K)->104199K(105216K) NonClass: 88930K(89472K)->88930K(89472K) Class: 15269K(15744K)->15269K(15744K)
[2026-03-25T22:12:01.723+0900][206.934s][info][gc          ] GC(585) Pause Young (Normal) (G1 Evacuation Pause) 216M->188M(256M) 0.886ms
[2026-03-25T22:12:01.723+0900][206.934s][info][gc,cpu      ] GC(585) User=0.00s Sys=0.00s Real=0.00s
[2026-03-25T22:12:01.856+0900][207.067s][info][gc,start    ] GC(586) Pause Young (Normal) (G1 Evacuation Pause)
[2026-03-25T22:12:01.856+0900][207.067s][info][gc,task     ] GC(586) Using 8 workers of 10 for evacuation
[2026-03-25T22:12:01.856+0900][207.067s][info][gc,phases   ] GC(586)   Pre Evacuate Collection Set: 0.1ms
[2026-03-25T22:12:01.856+0900][207.068s][info][gc,phases   ] GC(586)   Merge Heap Roots: 0.0ms
[2026-03-25T22:12:01.857+0900][207.068s][info][gc,phases   ] GC(586)   Evacuate Collection Set: 0.4ms
[2026-03-25T22:12:01.857+0900][207.068s][info][gc,phases   ] GC(586)   Post Evacuate Collection Set: 0.1ms
[2026-03-25T22:12:01.857+0900][207.068s][info][gc,phases   ] GC(586)   Other: 0.1ms
[2026-03-25T22:12:01.857+0900][207.068s][info][gc,heap     ] GC(586) Eden regions: 7->0(7)
[2026-03-25T22:12:01.857+0900][207.068s][info][gc,heap     ] GC(586) Survivor regions: 1->1(1)
[2026-03-25T22:12:01.857+0900][207.068s][info][gc,heap     ] GC(586) Old regions: 22->22
[2026-03-25T22:12:01.857+0900][207.068s][info][gc,heap     ] GC(586) Archive regions: 2->2
[2026-03-25T22:12:01.857+0900][207.068s][info][gc,heap     ] GC(586) Humongous regions: 24->24
[2026-03-25T22:12:01.857+0900][207.068s][info][gc,metaspace] GC(586) Metaspace: 104199K(105216K)->104199K(105216K) NonClass: 88930K(89472K)->88930K(89472K) Class: 15269K(15744K)->15269K(15744K)
[2026-03-25T22:12:01.857+0900][207.068s][info][gc          ] GC(586) Pause Young (Normal) (G1 Evacuation Pause) 216M->188M(256M) 0.779ms
[2026-03-25T22:12:01.857+0900][207.068s][info][gc,cpu      ] GC(586) User=0.01s Sys=0.00s Real=0.00s
[2026-03-25T22:12:01.993+0900][207.204s][info][gc,start    ] GC(587) Pause Young (Normal) (G1 Evacuation Pause)
[2026-03-25T22:12:01.993+0900][207.204s][info][gc,task     ] GC(587) Using 8 workers of 10 for evacuation
[2026-03-25T22:12:01.994+0900][207.205s][info][gc,phases   ] GC(587)   Pre Evacuate Collection Set: 0.0ms
[2026-03-25T22:12:01.994+0900][207.205s][info][gc,phases   ] GC(587)   Merge Heap Roots: 0.0ms
[2026-03-25T22:12:01.994+0900][207.205s][info][gc,phases   ] GC(587)   Evacuate Collection Set: 0.4ms
[2026-03-25T22:12:01.994+0900][207.205s][info][gc,phases   ] GC(587)   Post Evacuate Collection Set: 0.1ms
[2026-03-25T22:12:01.994+0900][207.205s][info][gc,phases   ] GC(587)   Other: 0.1ms
[2026-03-25T22:12:01.994+0900][207.205s][info][gc,heap     ] GC(587) Eden regions: 7->0(7)
[2026-03-25T22:12:01.994+0900][207.205s][info][gc,heap     ] GC(587) Survivor regions: 1->1(1)
[2026-03-25T22:12:01.994+0900][207.205s][info][gc,heap     ] GC(587) Old regions: 22->22
[2026-03-25T22:12:01.994+0900][207.205s][info][gc,heap     ] GC(587) Archive regions: 2->2
[2026-03-25T22:12:01.994+0900][207.205s][info][gc,heap     ] GC(587) Humongous regions: 24->24
[2026-03-25T22:12:01.994+0900][207.205s][info][gc,metaspace] GC(587) Metaspace: 104199K(105216K)->104199K(105216K) NonClass: 88930K(89472K)->88930K(89472K) Class: 15269K(15744K)->15269K(15744K)
[2026-03-25T22:12:01.994+0900][207.205s][info][gc          ] GC(587) Pause Young (Normal) (G1 Evacuation Pause) 216M->188M(256M) 0.748ms
[2026-03-25T22:12:01.994+0900][207.205s][info][gc,cpu      ] GC(587) User=0.01s Sys=0.00s Real=0.00s
[2026-03-25T22:12:02.128+0900][207.339s][info][gc,start    ] GC(588) Pause Young (Normal) (G1 Evacuation Pause)
[2026-03-25T22:12:02.128+0900][207.339s][info][gc,task     ] GC(588) Using 8 workers of 10 for evacuation
[2026-03-25T22:12:02.128+0900][207.340s][info][gc,phases   ] GC(588)   Pre Evacuate Collection Set: 0.0ms
[2026-03-25T22:12:02.129+0900][207.340s][info][gc,phases   ] GC(588)   Merge Heap Roots: 0.0ms
[2026-03-25T22:12:02.129+0900][207.340s][info][gc,phases   ] GC(588)   Evacuate Collection Set: 0.4ms
[2026-03-25T22:12:02.129+0900][207.340s][info][gc,phases   ] GC(588)   Post Evacuate Collection Set: 0.1ms
[2026-03-25T22:12:02.129+0900][207.340s][info][gc,phases   ] GC(588)   Other: 0.1ms
[2026-03-25T22:12:02.129+0900][207.340s][info][gc,heap     ] GC(588) Eden regions: 7->0(7)
[2026-03-25T22:12:02.129+0900][207.340s][info][gc,heap     ] GC(588) Survivor regions: 1->1(1)
[2026-03-25T22:12:02.129+0900][207.340s][info][gc,heap     ] GC(588) Old regions: 22->22
[2026-03-25T22:12:02.129+0900][207.340s][info][gc,heap     ] GC(588) Archive regions: 2->2
[2026-03-25T22:12:02.129+0900][207.340s][info][gc,heap     ] GC(588) Humongous regions: 24->24
[2026-03-25T22:12:02.129+0900][207.340s][info][gc,metaspace] GC(588) Metaspace: 104199K(105216K)->104199K(105216K) NonClass: 88930K(89472K)->88930K(89472K) Class: 15269K(15744K)->15269K(15744K)
[2026-03-25T22:12:02.129+0900][207.340s][info][gc          ] GC(588) Pause Young (Normal) (G1 Evacuation Pause) 216M->188M(256M) 0.761ms
[2026-03-25T22:12:02.129+0900][207.340s][info][gc,cpu      ] GC(588) User=0.00s Sys=0.00s Real=0.00s
[2026-03-25T22:12:02.245+0900][207.456s][info][gc,start    ] GC(589) Pause Young (Normal) (G1 Evacuation Pause)
[2026-03-25T22:12:02.245+0900][207.456s][info][gc,task     ] GC(589) Using 8 workers of 10 for evacuation
[2026-03-25T22:12:02.245+0900][207.456s][info][gc,phases   ] GC(589)   Pre Evacuate Collection Set: 0.0ms
[2026-03-25T22:12:02.245+0900][207.456s][info][gc,phases   ] GC(589)   Merge Heap Roots: 0.0ms
[2026-03-25T22:12:02.245+0900][207.456s][info][gc,phases   ] GC(589)   Evacuate Collection Set: 0.4ms
[2026-03-25T22:12:02.245+0900][207.456s][info][gc,phases   ] GC(589)   Post Evacuate Collection Set: 0.1ms
[2026-03-25T22:12:02.245+0900][207.456s][info][gc,phases   ] GC(589)   Other: 0.1ms
[2026-03-25T22:12:02.245+0900][207.457s][info][gc,heap     ] GC(589) Eden regions: 7->0(7)
[2026-03-25T22:12:02.245+0900][207.457s][info][gc,heap     ] GC(589) Survivor regions: 1->1(1)
[2026-03-25T22:12:02.245+0900][207.457s][info][gc,heap     ] GC(589) Old regions: 22->22
[2026-03-25T22:12:02.246+0900][207.457s][info][gc,heap     ] GC(589) Archive regions: 2->2
[2026-03-25T22:12:02.246+0900][207.457s][info][gc,heap     ] GC(589) Humongous regions: 24->24
[2026-03-25T22:12:02.246+0900][207.457s][info][gc,metaspace] GC(589) Metaspace: 104199K(105216K)->104199K(105216K) NonClass: 88930K(89472K)->88930K(89472K) Class: 15269K(15744K)->15269K(15744K)
[2026-03-25T22:12:02.246+0900][207.457s][info][gc          ] GC(589) Pause Young (Normal) (G1 Evacuation Pause) 216M->188M(256M) 0.719ms
[2026-03-25T22:12:02.246+0900][207.457s][info][gc,cpu      ] GC(589) User=0.00s Sys=0.00s Real=0.00s
[2026-03-25T22:12:02.350+0900][207.561s][info][gc,start    ] GC(590) Pause Young (Normal) (G1 Evacuation Pause)
[2026-03-25T22:12:02.350+0900][207.561s][info][gc,task     ] GC(590) Using 8 workers of 10 for evacuation
[2026-03-25T22:12:02.351+0900][207.562s][info][gc,phases   ] GC(590)   Pre Evacuate Collection Set: 0.0ms
[2026-03-25T22:12:02.351+0900][207.562s][info][gc,phases   ] GC(590)   Merge Heap Roots: 0.0ms
[2026-03-25T22:12:02.351+0900][207.562s][info][gc,phases   ] GC(590)   Evacuate Collection Set: 0.4ms
[2026-03-25T22:12:02.351+0900][207.562s][info][gc,phases   ] GC(590)   Post Evacuate Collection Set: 0.1ms
[2026-03-25T22:12:02.351+0900][207.562s][info][gc,phases   ] GC(590)   Other: 0.1ms
[2026-03-25T22:12:02.351+0900][207.562s][info][gc,heap     ] GC(590) Eden regions: 7->0(7)
[2026-03-25T22:12:02.351+0900][207.562s][info][gc,heap     ] GC(590) Survivor regions: 1->1(1)
[2026-03-25T22:12:02.351+0900][207.562s][info][gc,heap     ] GC(590) Old regions: 22->22
[2026-03-25T22:12:02.351+0900][207.562s][info][gc,heap     ] GC(590) Archive regions: 2->2
[2026-03-25T22:12:02.351+0900][207.562s][info][gc,heap     ] GC(590) Humongous regions: 24->24
[2026-03-25T22:12:02.351+0900][207.562s][info][gc,metaspace] GC(590) Metaspace: 104199K(105216K)->104199K(105216K) NonClass: 88930K(89472K)->88930K(89472K) Class: 15269K(15744K)->15269K(15744K)
[2026-03-25T22:12:02.351+0900][207.562s][info][gc          ] GC(590) Pause Young (Normal) (G1 Evacuation Pause) 216M->188M(256M) 0.729ms
[2026-03-25T22:12:02.351+0900][207.562s][info][gc,cpu      ] GC(590) User=0.00s Sys=0.00s Real=0.00s
[2026-03-25T22:12:02.583+0900][207.794s][info][gc,start    ] GC(591) Pause Young (Normal) (G1 Evacuation Pause)
[2026-03-25T22:12:02.583+0900][207.794s][info][gc,task     ] GC(591) Using 8 workers of 10 for evacuation
[2026-03-25T22:12:02.584+0900][207.795s][info][gc,phases   ] GC(591)   Pre Evacuate Collection Set: 0.0ms
[2026-03-25T22:12:02.584+0900][207.795s][info][gc,phases   ] GC(591)   Merge Heap Roots: 0.0ms
[2026-03-25T22:12:02.584+0900][207.795s][info][gc,phases   ] GC(591)   Evacuate Collection Set: 0.4ms
[2026-03-25T22:12:02.584+0900][207.795s][info][gc,phases   ] GC(591)   Post Evacuate Collection Set: 0.1ms
[2026-03-25T22:12:02.584+0900][207.795s][info][gc,phases   ] GC(591)   Other: 0.1ms
[2026-03-25T22:12:02.584+0900][207.795s][info][gc,heap     ] GC(591) Eden regions: 7->0(7)
[2026-03-25T22:12:02.584+0900][207.795s][info][gc,heap     ] GC(591) Survivor regions: 1->1(1)
[2026-03-25T22:12:02.584+0900][207.795s][info][gc,heap     ] GC(591) Old regions: 22->22
[2026-03-25T22:12:02.584+0900][207.795s][info][gc,heap     ] GC(591) Archive regions: 2->2
[2026-03-25T22:12:02.584+0900][207.795s][info][gc,heap     ] GC(591) Humongous regions: 24->24
[2026-03-25T22:12:02.584+0900][207.795s][info][gc,metaspace] GC(591) Metaspace: 104199K(105216K)->104199K(105216K) NonClass: 88930K(89472K)->88930K(89472K) Class: 15269K(15744K)->15269K(15744K)
[2026-03-25T22:12:02.584+0900][207.795s][info][gc          ] GC(591) Pause Young (Normal) (G1 Evacuation Pause) 216M->188M(256M) 0.783ms
[2026-03-25T22:12:02.584+0900][207.795s][info][gc,cpu      ] GC(591) User=0.00s Sys=0.00s Real=0.00s
[2026-03-25T22:12:02.717+0900][207.928s][info][gc,start    ] GC(592) Pause Young (Normal) (G1 Evacuation Pause)
[2026-03-25T22:12:02.717+0900][207.928s][info][gc,task     ] GC(592) Using 8 workers of 10 for evacuation
[2026-03-25T22:12:02.718+0900][207.929s][info][gc,phases   ] GC(592)   Pre Evacuate Collection Set: 0.0ms
[2026-03-25T22:12:02.718+0900][207.929s][info][gc,phases   ] GC(592)   Merge Heap Roots: 0.0ms
[2026-03-25T22:12:02.718+0900][207.929s][info][gc,phases   ] GC(592)   Evacuate Collection Set: 0.5ms
[2026-03-25T22:12:02.718+0900][207.929s][info][gc,phases   ] GC(592)   Post Evacuate Collection Set: 0.1ms
[2026-03-25T22:12:02.718+0900][207.929s][info][gc,phases   ] GC(592)   Other: 0.1ms
[2026-03-25T22:12:02.718+0900][207.929s][info][gc,heap     ] GC(592) Eden regions: 7->0(7)
[2026-03-25T22:12:02.718+0900][207.929s][info][gc,heap     ] GC(592) Survivor regions: 1->1(1)
[2026-03-25T22:12:02.718+0900][207.929s][info][gc,heap     ] GC(592) Old regions: 22->22
[2026-03-25T22:12:02.718+0900][207.929s][info][gc,heap     ] GC(592) Archive regions: 2->2
[2026-03-25T22:12:02.718+0900][207.929s][info][gc,heap     ] GC(592) Humongous regions: 24->24
[2026-03-25T22:12:02.718+0900][207.929s][info][gc,metaspace] GC(592) Metaspace: 104199K(105216K)->104199K(105216K) NonClass: 88930K(89472K)->88930K(89472K) Class: 15269K(15744K)->15269K(15744K)
[2026-03-25T22:12:02.718+0900][207.929s][info][gc          ] GC(592) Pause Young (Normal) (G1 Evacuation Pause) 216M->188M(256M) 0.759ms
[2026-03-25T22:12:02.718+0900][207.929s][info][gc,cpu      ] GC(592) User=0.00s Sys=0.00s Real=0.00s
[2026-03-25T22:12:02.812+0900][208.023s][info][gc,start    ] GC(593) Pause Young (Normal) (G1 Evacuation Pause)
[2026-03-25T22:12:02.812+0900][208.023s][info][gc,task     ] GC(593) Using 8 workers of 10 for evacuation
[2026-03-25T22:12:02.813+0900][208.024s][info][gc,phases   ] GC(593)   Pre Evacuate Collection Set: 0.1ms
[2026-03-25T22:12:02.813+0900][208.024s][info][gc,phases   ] GC(593)   Merge Heap Roots: 0.0ms
[2026-03-25T22:12:02.813+0900][208.024s][info][gc,phases   ] GC(593)   Evacuate Collection Set: 0.6ms
[2026-03-25T22:12:02.813+0900][208.024s][info][gc,phases   ] GC(593)   Post Evacuate Collection Set: 0.2ms
[2026-03-25T22:12:02.813+0900][208.024s][info][gc,phases   ] GC(593)   Other: 0.1ms
[2026-03-25T22:12:02.813+0900][208.024s][info][gc,heap     ] GC(593) Eden regions: 7->0(7)
[2026-03-25T22:12:02.813+0900][208.024s][info][gc,heap     ] GC(593) Survivor regions: 1->1(1)
[2026-03-25T22:12:02.813+0900][208.024s][info][gc,heap     ] GC(593) Old regions: 22->22
[2026-03-25T22:12:02.813+0900][208.024s][info][gc,heap     ] GC(593) Archive regions: 2->2
[2026-03-25T22:12:02.813+0900][208.024s][info][gc,heap     ] GC(593) Humongous regions: 24->24
[2026-03-25T22:12:02.813+0900][208.024s][info][gc,metaspace] GC(593) Metaspace: 104199K(105216K)->104199K(105216K) NonClass: 88930K(89472K)->88930K(89472K) Class: 15269K(15744K)->15269K(15744K)
[2026-03-25T22:12:02.813+0900][208.024s][info][gc          ] GC(593) Pause Young (Normal) (G1 Evacuation Pause) 216M->188M(256M) 1.049ms
[2026-03-25T22:12:02.813+0900][208.024s][info][gc,cpu      ] GC(593) User=0.01s Sys=0.00s Real=0.00s
[2026-03-25T22:12:02.902+0900][208.113s][info][gc,start    ] GC(594) Pause Young (Normal) (G1 Evacuation Pause)
[2026-03-25T22:12:02.902+0900][208.113s][info][gc,task     ] GC(594) Using 8 workers of 10 for evacuation
[2026-03-25T22:12:02.902+0900][208.113s][info][gc,phases   ] GC(594)   Pre Evacuate Collection Set: 0.0ms
[2026-03-25T22:12:02.902+0900][208.113s][info][gc,phases   ] GC(594)   Merge Heap Roots: 0.0ms
[2026-03-25T22:12:02.902+0900][208.113s][info][gc,phases   ] GC(594)   Evacuate Collection Set: 0.4ms
[2026-03-25T22:12:02.902+0900][208.113s][info][gc,phases   ] GC(594)   Post Evacuate Collection Set: 0.2ms
[2026-03-25T22:12:02.902+0900][208.113s][info][gc,phases   ] GC(594)   Other: 0.1ms
[2026-03-25T22:12:02.902+0900][208.114s][info][gc,heap     ] GC(594) Eden regions: 7->0(7)
[2026-03-25T22:12:02.902+0900][208.114s][info][gc,heap     ] GC(594) Survivor regions: 1->1(1)
[2026-03-25T22:12:02.903+0900][208.114s][info][gc,heap     ] GC(594) Old regions: 22->22
[2026-03-25T22:12:02.903+0900][208.114s][info][gc,heap     ] GC(594) Archive regions: 2->2
[2026-03-25T22:12:02.903+0900][208.114s][info][gc,heap     ] GC(594) Humongous regions: 24->24
[2026-03-25T22:12:02.903+0900][208.114s][info][gc,metaspace] GC(594) Metaspace: 104199K(105216K)->104199K(105216K) NonClass: 88930K(89472K)->88930K(89472K) Class: 15269K(15744K)->15269K(15744K)
[2026-03-25T22:12:02.903+0900][208.114s][info][gc          ] GC(594) Pause Young (Normal) (G1 Evacuation Pause) 216M->188M(256M) 0.741ms
[2026-03-25T22:12:02.903+0900][208.114s][info][gc,cpu      ] GC(594) User=0.00s Sys=0.00s Real=0.00s
[2026-03-25T22:12:03.035+0900][208.246s][info][gc,start    ] GC(595) Pause Young (Normal) (G1 Evacuation Pause)
[2026-03-25T22:12:03.035+0900][208.246s][info][gc,task     ] GC(595) Using 8 workers of 10 for evacuation
[2026-03-25T22:12:03.036+0900][208.247s][info][gc,phases   ] GC(595)   Pre Evacuate Collection Set: 0.0ms
[2026-03-25T22:12:03.036+0900][208.247s][info][gc,phases   ] GC(595)   Merge Heap Roots: 0.0ms
[2026-03-25T22:12:03.036+0900][208.247s][info][gc,phases   ] GC(595)   Evacuate Collection Set: 0.4ms
[2026-03-25T22:12:03.036+0900][208.247s][info][gc,phases   ] GC(595)   Post Evacuate Collection Set: 0.1ms
[2026-03-25T22:12:03.036+0900][208.247s][info][gc,phases   ] GC(595)   Other: 0.1ms
[2026-03-25T22:12:03.036+0900][208.247s][info][gc,heap     ] GC(595) Eden regions: 7->0(7)
[2026-03-25T22:12:03.036+0900][208.247s][info][gc,heap     ] GC(595) Survivor regions: 1->1(1)
[2026-03-25T22:12:03.036+0900][208.247s][info][gc,heap     ] GC(595) Old regions: 22->22
[2026-03-25T22:12:03.036+0900][208.247s][info][gc,heap     ] GC(595) Archive regions: 2->2
[2026-03-25T22:12:03.036+0900][208.247s][info][gc,heap     ] GC(595) Humongous regions: 24->24
[2026-03-25T22:12:03.036+0900][208.247s][info][gc,metaspace] GC(595) Metaspace: 104199K(105216K)->104199K(105216K) NonClass: 88930K(89472K)->88930K(89472K) Class: 15269K(15744K)->15269K(15744K)
[2026-03-25T22:12:03.036+0900][208.247s][info][gc          ] GC(595) Pause Young (Normal) (G1 Evacuation Pause) 216M->188M(256M) 0.726ms
[2026-03-25T22:12:03.036+0900][208.247s][info][gc,cpu      ] GC(595) User=0.01s Sys=0.00s Real=0.00s
[2026-03-25T22:12:03.132+0900][208.343s][info][gc,start    ] GC(596) Pause Young (Normal) (G1 Evacuation Pause)
[2026-03-25T22:12:03.132+0900][208.343s][info][gc,task     ] GC(596) Using 8 workers of 10 for evacuation
[2026-03-25T22:12:03.133+0900][208.344s][info][gc,phases   ] GC(596)   Pre Evacuate Collection Set: 0.0ms
[2026-03-25T22:12:03.133+0900][208.344s][info][gc,phases   ] GC(596)   Merge Heap Roots: 0.0ms
[2026-03-25T22:12:03.133+0900][208.344s][info][gc,phases   ] GC(596)   Evacuate Collection Set: 0.4ms
[2026-03-25T22:12:03.133+0900][208.344s][info][gc,phases   ] GC(596)   Post Evacuate Collection Set: 0.1ms
[2026-03-25T22:12:03.133+0900][208.344s][info][gc,phases   ] GC(596)   Other: 0.1ms
[2026-03-25T22:12:03.133+0900][208.344s][info][gc,heap     ] GC(596) Eden regions: 7->0(7)
[2026-03-25T22:12:03.133+0900][208.344s][info][gc,heap     ] GC(596) Survivor regions: 1->1(1)
[2026-03-25T22:12:03.133+0900][208.344s][info][gc,heap     ] GC(596) Old regions: 22->22
[2026-03-25T22:12:03.133+0900][208.344s][info][gc,heap     ] GC(596) Archive regions: 2->2
[2026-03-25T22:12:03.133+0900][208.344s][info][gc,heap     ] GC(596) Humongous regions: 24->24
[2026-03-25T22:12:03.133+0900][208.344s][info][gc,metaspace] GC(596) Metaspace: 104199K(105216K)->104199K(105216K) NonClass: 88930K(89472K)->88930K(89472K) Class: 15269K(15744K)->15269K(15744K)
[2026-03-25T22:12:03.133+0900][208.344s][info][gc          ] GC(596) Pause Young (Normal) (G1 Evacuation Pause) 216M->188M(256M) 0.719ms
[2026-03-25T22:12:03.133+0900][208.344s][info][gc,cpu      ] GC(596) User=0.01s Sys=0.00s Real=0.00s
[2026-03-25T22:12:03.238+0900][208.449s][info][gc,start    ] GC(597) Pause Young (Normal) (G1 Evacuation Pause)
[2026-03-25T22:12:03.238+0900][208.449s][info][gc,task     ] GC(597) Using 8 workers of 10 for evacuation
[2026-03-25T22:12:03.238+0900][208.449s][info][gc,phases   ] GC(597)   Pre Evacuate Collection Set: 0.0ms
[2026-03-25T22:12:03.238+0900][208.449s][info][gc,phases   ] GC(597)   Merge Heap Roots: 0.0ms
[2026-03-25T22:12:03.238+0900][208.449s][info][gc,phases   ] GC(597)   Evacuate Collection Set: 0.4ms
[2026-03-25T22:12:03.238+0900][208.449s][info][gc,phases   ] GC(597)   Post Evacuate Collection Set: 0.1ms
[2026-03-25T22:12:03.238+0900][208.449s][info][gc,phases   ] GC(597)   Other: 0.1ms
[2026-03-25T22:12:03.238+0900][208.449s][info][gc,heap     ] GC(597) Eden regions: 7->0(7)
[2026-03-25T22:12:03.238+0900][208.449s][info][gc,heap     ] GC(597) Survivor regions: 1->1(1)
[2026-03-25T22:12:03.238+0900][208.449s][info][gc,heap     ] GC(597) Old regions: 22->22
[2026-03-25T22:12:03.238+0900][208.449s][info][gc,heap     ] GC(597) Archive regions: 2->2
[2026-03-25T22:12:03.238+0900][208.449s][info][gc,heap     ] GC(597) Humongous regions: 24->24
[2026-03-25T22:12:03.238+0900][208.449s][info][gc,metaspace] GC(597) Metaspace: 104199K(105216K)->104199K(105216K) NonClass: 88930K(89472K)->88930K(89472K) Class: 15269K(15744K)->15269K(15744K)
[2026-03-25T22:12:03.238+0900][208.449s][info][gc          ] GC(597) Pause Young (Normal) (G1 Evacuation Pause) 216M->188M(256M) 0.717ms
[2026-03-25T22:12:03.238+0900][208.449s][info][gc,cpu      ] GC(597) User=0.00s Sys=0.00s Real=0.00s
[2026-03-25T22:12:03.374+0900][208.585s][info][gc,start    ] GC(598) Pause Young (Normal) (G1 Evacuation Pause)
[2026-03-25T22:12:03.374+0900][208.585s][info][gc,task     ] GC(598) Using 8 workers of 10 for evacuation
[2026-03-25T22:12:03.375+0900][208.586s][info][gc,phases   ] GC(598)   Pre Evacuate Collection Set: 0.1ms
[2026-03-25T22:12:03.375+0900][208.586s][info][gc,phases   ] GC(598)   Merge Heap Roots: 0.0ms
[2026-03-25T22:12:03.375+0900][208.586s][info][gc,phases   ] GC(598)   Evacuate Collection Set: 0.7ms
[2026-03-25T22:12:03.375+0900][208.586s][info][gc,phases   ] GC(598)   Post Evacuate Collection Set: 0.2ms
[2026-03-25T22:12:03.375+0900][208.586s][info][gc,phases   ] GC(598)   Other: 0.1ms
[2026-03-25T22:12:03.375+0900][208.586s][info][gc,heap     ] GC(598) Eden regions: 7->0(7)
[2026-03-25T22:12:03.375+0900][208.586s][info][gc,heap     ] GC(598) Survivor regions: 1->1(1)
[2026-03-25T22:12:03.375+0900][208.586s][info][gc,heap     ] GC(598) Old regions: 22->22
[2026-03-25T22:12:03.375+0900][208.586s][info][gc,heap     ] GC(598) Archive regions: 2->2
[2026-03-25T22:12:03.375+0900][208.586s][info][gc,heap     ] GC(598) Humongous regions: 24->24
[2026-03-25T22:12:03.375+0900][208.586s][info][gc,metaspace] GC(598) Metaspace: 104199K(105216K)->104199K(105216K) NonClass: 88930K(89472K)->88930K(89472K) Class: 15269K(15744K)->15269K(15744K)
[2026-03-25T22:12:03.375+0900][208.586s][info][gc          ] GC(598) Pause Young (Normal) (G1 Evacuation Pause) 216M->188M(256M) 1.085ms
[2026-03-25T22:12:03.375+0900][208.586s][info][gc,cpu      ] GC(598) User=0.00s Sys=0.00s Real=0.00s
[2026-03-25T22:12:03.535+0900][208.746s][info][gc,start    ] GC(599) Pause Young (Normal) (G1 Evacuation Pause)
[2026-03-25T22:12:03.535+0900][208.746s][info][gc,task     ] GC(599) Using 8 workers of 10 for evacuation
[2026-03-25T22:12:03.536+0900][208.747s][info][gc,phases   ] GC(599)   Pre Evacuate Collection Set: 0.0ms
[2026-03-25T22:12:03.536+0900][208.747s][info][gc,phases   ] GC(599)   Merge Heap Roots: 0.0ms
[2026-03-25T22:12:03.536+0900][208.747s][info][gc,phases   ] GC(599)   Evacuate Collection Set: 0.4ms
[2026-03-25T22:12:03.536+0900][208.747s][info][gc,phases   ] GC(599)   Post Evacuate Collection Set: 0.2ms
[2026-03-25T22:12:03.536+0900][208.747s][info][gc,phases   ] GC(599)   Other: 0.1ms
[2026-03-25T22:12:03.536+0900][208.747s][info][gc,heap     ] GC(599) Eden regions: 7->0(7)
[2026-03-25T22:12:03.536+0900][208.747s][info][gc,heap     ] GC(599) Survivor regions: 1->1(1)
[2026-03-25T22:12:03.536+0900][208.747s][info][gc,heap     ] GC(599) Old regions: 22->22
[2026-03-25T22:12:03.536+0900][208.747s][info][gc,heap     ] GC(599) Archive regions: 2->2
[2026-03-25T22:12:03.536+0900][208.747s][info][gc,heap     ] GC(599) Humongous regions: 24->24
[2026-03-25T22:12:03.536+0900][208.747s][info][gc,metaspace] GC(599) Metaspace: 104199K(105216K)->104199K(105216K) NonClass: 88930K(89472K)->88930K(89472K) Class: 15269K(15744K)->15269K(15744K)
[2026-03-25T22:12:03.536+0900][208.747s][info][gc          ] GC(599) Pause Young (Normal) (G1 Evacuation Pause) 216M->188M(256M) 0.822ms
[2026-03-25T22:12:03.536+0900][208.747s][info][gc,cpu      ] GC(599) User=0.01s Sys=0.00s Real=0.00s
[2026-03-25T22:12:03.747+0900][208.958s][info][gc,start    ] GC(600) Pause Young (Normal) (G1 Evacuation Pause)
[2026-03-25T22:12:03.747+0900][208.958s][info][gc,task     ] GC(600) Using 8 workers of 10 for evacuation
[2026-03-25T22:12:03.747+0900][208.958s][info][gc,phases   ] GC(600)   Pre Evacuate Collection Set: 0.1ms
[2026-03-25T22:12:03.747+0900][208.958s][info][gc,phases   ] GC(600)   Merge Heap Roots: 0.1ms
[2026-03-25T22:12:03.747+0900][208.958s][info][gc,phases   ] GC(600)   Evacuate Collection Set: 0.4ms
[2026-03-25T22:12:03.747+0900][208.958s][info][gc,phases   ] GC(600)   Post Evacuate Collection Set: 0.1ms
[2026-03-25T22:12:03.747+0900][208.958s][info][gc,phases   ] GC(600)   Other: 0.1ms
[2026-03-25T22:12:03.747+0900][208.958s][info][gc,heap     ] GC(600) Eden regions: 7->0(7)
[2026-03-25T22:12:03.747+0900][208.958s][info][gc,heap     ] GC(600) Survivor regions: 1->1(1)
[2026-03-25T22:12:03.747+0900][208.958s][info][gc,heap     ] GC(600) Old regions: 22->22
[2026-03-25T22:12:03.747+0900][208.958s][info][gc,heap     ] GC(600) Archive regions: 2->2
[2026-03-25T22:12:03.747+0900][208.958s][info][gc,heap     ] GC(600) Humongous regions: 24->24
[2026-03-25T22:12:03.747+0900][208.958s][info][gc,metaspace] GC(600) Metaspace: 104199K(105216K)->104199K(105216K) NonClass: 88930K(89472K)->88930K(89472K) Class: 15269K(15744K)->15269K(15744K)
[2026-03-25T22:12:03.747+0900][208.958s][info][gc          ] GC(600) Pause Young (Normal) (G1 Evacuation Pause) 216M->188M(256M) 0.787ms
[2026-03-25T22:12:03.747+0900][208.958s][info][gc,cpu      ] GC(600) User=0.00s Sys=0.00s Real=0.00s
[2026-03-25T22:12:03.887+0900][209.098s][info][gc,start    ] GC(601) Pause Young (Normal) (G1 Evacuation Pause)
[2026-03-25T22:12:03.887+0900][209.098s][info][gc,task     ] GC(601) Using 8 workers of 10 for evacuation
[2026-03-25T22:12:03.888+0900][209.099s][info][gc,phases   ] GC(601)   Pre Evacuate Collection Set: 0.1ms
[2026-03-25T22:12:03.888+0900][209.099s][info][gc,phases   ] GC(601)   Merge Heap Roots: 0.0ms
[2026-03-25T22:12:03.888+0900][209.099s][info][gc,phases   ] GC(601)   Evacuate Collection Set: 0.5ms
[2026-03-25T22:12:03.888+0900][209.099s][info][gc,phases   ] GC(601)   Post Evacuate Collection Set: 0.1ms
[2026-03-25T22:12:03.888+0900][209.099s][info][gc,phases   ] GC(601)   Other: 0.1ms
[2026-03-25T22:12:03.888+0900][209.099s][info][gc,heap     ] GC(601) Eden regions: 7->0(7)
[2026-03-25T22:12:03.888+0900][209.099s][info][gc,heap     ] GC(601) Survivor regions: 1->1(1)
[2026-03-25T22:12:03.888+0900][209.099s][info][gc,heap     ] GC(601) Old regions: 22->22
[2026-03-25T22:12:03.888+0900][209.099s][info][gc,heap     ] GC(601) Archive regions: 2->2
[2026-03-25T22:12:03.888+0900][209.099s][info][gc,heap     ] GC(601) Humongous regions: 24->24
[2026-03-25T22:12:03.888+0900][209.099s][info][gc,metaspace] GC(601) Metaspace: 104199K(105216K)->104199K(105216K) NonClass: 88930K(89472K)->88930K(89472K) Class: 15269K(15744K)->15269K(15744K)
[2026-03-25T22:12:03.888+0900][209.099s][info][gc          ] GC(601) Pause Young (Normal) (G1 Evacuation Pause) 216M->189M(256M) 0.887ms
[2026-03-25T22:12:03.888+0900][209.099s][info][gc,cpu      ] GC(601) User=0.01s Sys=0.00s Real=0.00s
[2026-03-25T22:12:04.015+0900][209.226s][info][gc,start    ] GC(602) Pause Young (Normal) (G1 Evacuation Pause)
[2026-03-25T22:12:04.015+0900][209.226s][info][gc,task     ] GC(602) Using 8 workers of 10 for evacuation
[2026-03-25T22:12:04.015+0900][209.226s][info][gc,phases   ] GC(602)   Pre Evacuate Collection Set: 0.0ms
[2026-03-25T22:12:04.015+0900][209.226s][info][gc,phases   ] GC(602)   Merge Heap Roots: 0.0ms
[2026-03-25T22:12:04.015+0900][209.226s][info][gc,phases   ] GC(602)   Evacuate Collection Set: 0.4ms
[2026-03-25T22:12:04.015+0900][209.226s][info][gc,phases   ] GC(602)   Post Evacuate Collection Set: 0.1ms
[2026-03-25T22:12:04.015+0900][209.226s][info][gc,phases   ] GC(602)   Other: 0.1ms
[2026-03-25T22:12:04.015+0900][209.226s][info][gc,heap     ] GC(602) Eden regions: 7->0(7)
[2026-03-25T22:12:04.015+0900][209.226s][info][gc,heap     ] GC(602) Survivor regions: 1->1(1)
[2026-03-25T22:12:04.015+0900][209.226s][info][gc,heap     ] GC(602) Old regions: 22->22
[2026-03-25T22:12:04.015+0900][209.226s][info][gc,heap     ] GC(602) Archive regions: 2->2
[2026-03-25T22:12:04.015+0900][209.226s][info][gc,heap     ] GC(602) Humongous regions: 24->24
[2026-03-25T22:12:04.015+0900][209.226s][info][gc,metaspace] GC(602) Metaspace: 104199K(105216K)->104199K(105216K) NonClass: 88930K(89472K)->88930K(89472K) Class: 15269K(15744K)->15269K(15744K)
[2026-03-25T22:12:04.015+0900][209.226s][info][gc          ] GC(602) Pause Young (Normal) (G1 Evacuation Pause) 217M->188M(256M) 0.753ms
[2026-03-25T22:12:04.015+0900][209.226s][info][gc,cpu      ] GC(602) User=0.00s Sys=0.00s Real=0.00s
[2026-03-25T22:12:04.104+0900][209.315s][info][gc,start    ] GC(603) Pause Young (Normal) (G1 Evacuation Pause)
[2026-03-25T22:12:04.104+0900][209.315s][info][gc,task     ] GC(603) Using 8 workers of 10 for evacuation
[2026-03-25T22:12:04.105+0900][209.316s][info][gc,phases   ] GC(603)   Pre Evacuate Collection Set: 0.0ms
[2026-03-25T22:12:04.105+0900][209.316s][info][gc,phases   ] GC(603)   Merge Heap Roots: 0.0ms
[2026-03-25T22:12:04.105+0900][209.316s][info][gc,phases   ] GC(603)   Evacuate Collection Set: 0.4ms
[2026-03-25T22:12:04.105+0900][209.316s][info][gc,phases   ] GC(603)   Post Evacuate Collection Set: 0.1ms
[2026-03-25T22:12:04.105+0900][209.316s][info][gc,phases   ] GC(603)   Other: 0.1ms
[2026-03-25T22:12:04.105+0900][209.316s][info][gc,heap     ] GC(603) Eden regions: 7->0(7)
[2026-03-25T22:12:04.105+0900][209.316s][info][gc,heap     ] GC(603) Survivor regions: 1->1(1)
[2026-03-25T22:12:04.105+0900][209.316s][info][gc,heap     ] GC(603) Old regions: 22->22
[2026-03-25T22:12:04.105+0900][209.316s][info][gc,heap     ] GC(603) Archive regions: 2->2
[2026-03-25T22:12:04.105+0900][209.316s][info][gc,heap     ] GC(603) Humongous regions: 24->24
[2026-03-25T22:12:04.105+0900][209.316s][info][gc,metaspace] GC(603) Metaspace: 104199K(105216K)->104199K(105216K) NonClass: 88930K(89472K)->88930K(89472K) Class: 15269K(15744K)->15269K(15744K)
[2026-03-25T22:12:04.105+0900][209.316s][info][gc          ] GC(603) Pause Young (Normal) (G1 Evacuation Pause) 216M->188M(256M) 0.713ms
[2026-03-25T22:12:04.105+0900][209.316s][info][gc,cpu      ] GC(603) User=0.00s Sys=0.00s Real=0.00s
[2026-03-25T22:12:04.197+0900][209.408s][info][gc,start    ] GC(604) Pause Young (Normal) (G1 Evacuation Pause)
[2026-03-25T22:12:04.197+0900][209.408s][info][gc,task     ] GC(604) Using 8 workers of 10 for evacuation
[2026-03-25T22:12:04.198+0900][209.409s][info][gc,phases   ] GC(604)   Pre Evacuate Collection Set: 0.0ms
[2026-03-25T22:12:04.198+0900][209.409s][info][gc,phases   ] GC(604)   Merge Heap Roots: 0.0ms
[2026-03-25T22:12:04.198+0900][209.409s][info][gc,phases   ] GC(604)   Evacuate Collection Set: 0.4ms
[2026-03-25T22:12:04.198+0900][209.409s][info][gc,phases   ] GC(604)   Post Evacuate Collection Set: 0.1ms
[2026-03-25T22:12:04.198+0900][209.409s][info][gc,phases   ] GC(604)   Other: 0.1ms
[2026-03-25T22:12:04.198+0900][209.409s][info][gc,heap     ] GC(604) Eden regions: 7->0(7)
[2026-03-25T22:12:04.198+0900][209.409s][info][gc,heap     ] GC(604) Survivor regions: 1->1(1)
[2026-03-25T22:12:04.198+0900][209.409s][info][gc,heap     ] GC(604) Old regions: 22->22
[2026-03-25T22:12:04.198+0900][209.409s][info][gc,heap     ] GC(604) Archive regions: 2->2
[2026-03-25T22:12:04.198+0900][209.409s][info][gc,heap     ] GC(604) Humongous regions: 24->24
[2026-03-25T22:12:04.198+0900][209.409s][info][gc,metaspace] GC(604) Metaspace: 104199K(105216K)->104199K(105216K) NonClass: 88930K(89472K)->88930K(89472K) Class: 15269K(15744K)->15269K(15744K)
[2026-03-25T22:12:04.198+0900][209.409s][info][gc          ] GC(604) Pause Young (Normal) (G1 Evacuation Pause) 216M->188M(256M) 0.725ms
[2026-03-25T22:12:04.198+0900][209.409s][info][gc,cpu      ] GC(604) User=0.00s Sys=0.00s Real=0.00s
[2026-03-25T22:12:04.343+0900][209.554s][info][gc,start    ] GC(605) Pause Young (Normal) (G1 Evacuation Pause)
[2026-03-25T22:12:04.344+0900][209.555s][info][gc,task     ] GC(605) Using 8 workers of 10 for evacuation
[2026-03-25T22:12:04.344+0900][209.555s][info][gc,phases   ] GC(605)   Pre Evacuate Collection Set: 0.0ms
[2026-03-25T22:12:04.344+0900][209.555s][info][gc,phases   ] GC(605)   Merge Heap Roots: 0.0ms
[2026-03-25T22:12:04.344+0900][209.555s][info][gc,phases   ] GC(605)   Evacuate Collection Set: 0.5ms
[2026-03-25T22:12:04.344+0900][209.555s][info][gc,phases   ] GC(605)   Post Evacuate Collection Set: 0.2ms
[2026-03-25T22:12:04.344+0900][209.555s][info][gc,phases   ] GC(605)   Other: 0.1ms
[2026-03-25T22:12:04.344+0900][209.555s][info][gc,heap     ] GC(605) Eden regions: 7->0(6)
[2026-03-25T22:12:04.344+0900][209.555s][info][gc,heap     ] GC(605) Survivor regions: 1->1(1)
[2026-03-25T22:12:04.344+0900][209.555s][info][gc,heap     ] GC(605) Old regions: 22->23
[2026-03-25T22:12:04.344+0900][209.555s][info][gc,heap     ] GC(605) Archive regions: 2->2
[2026-03-25T22:12:04.344+0900][209.555s][info][gc,heap     ] GC(605) Humongous regions: 24->24
[2026-03-25T22:12:04.344+0900][209.555s][info][gc,metaspace] GC(605) Metaspace: 104199K(105216K)->104199K(105216K) NonClass: 88930K(89472K)->88930K(89472K) Class: 15269K(15744K)->15269K(15744K)
[2026-03-25T22:12:04.344+0900][209.555s][info][gc          ] GC(605) Pause Young (Normal) (G1 Evacuation Pause) 216M->189M(256M) 0.807ms
[2026-03-25T22:12:04.344+0900][209.555s][info][gc,cpu      ] GC(605) User=0.00s Sys=0.00s Real=0.00s
[2026-03-25T22:12:04.435+0900][209.646s][info][gc,start    ] GC(606) Pause Young (Normal) (G1 Evacuation Pause)
[2026-03-25T22:12:04.435+0900][209.646s][info][gc,task     ] GC(606) Using 8 workers of 10 for evacuation
[2026-03-25T22:12:04.436+0900][209.647s][info][gc,phases   ] GC(606)   Pre Evacuate Collection Set: 0.1ms
[2026-03-25T22:12:04.436+0900][209.647s][info][gc,phases   ] GC(606)   Merge Heap Roots: 0.0ms
[2026-03-25T22:12:04.436+0900][209.647s][info][gc,phases   ] GC(606)   Evacuate Collection Set: 0.4ms
[2026-03-25T22:12:04.436+0900][209.647s][info][gc,phases   ] GC(606)   Post Evacuate Collection Set: 0.1ms
[2026-03-25T22:12:04.436+0900][209.647s][info][gc,phases   ] GC(606)   Other: 0.1ms
[2026-03-25T22:12:04.436+0900][209.647s][info][gc,heap     ] GC(606) Eden regions: 6->0(6)
[2026-03-25T22:12:04.436+0900][209.647s][info][gc,heap     ] GC(606) Survivor regions: 1->1(1)
[2026-03-25T22:12:04.436+0900][209.647s][info][gc,heap     ] GC(606) Old regions: 23->23
[2026-03-25T22:12:04.436+0900][209.647s][info][gc,heap     ] GC(606) Archive regions: 2->2
[2026-03-25T22:12:04.436+0900][209.647s][info][gc,heap     ] GC(606) Humongous regions: 24->24
[2026-03-25T22:12:04.436+0900][209.647s][info][gc,metaspace] GC(606) Metaspace: 104199K(105216K)->104199K(105216K) NonClass: 88930K(89472K)->88930K(89472K) Class: 15269K(15744K)->15269K(15744K)
[2026-03-25T22:12:04.436+0900][209.647s][info][gc          ] GC(606) Pause Young (Normal) (G1 Evacuation Pause) 213M->189M(256M) 0.794ms
[2026-03-25T22:12:04.436+0900][209.647s][info][gc,cpu      ] GC(606) User=0.01s Sys=0.00s Real=0.00s
[2026-03-25T22:12:04.558+0900][209.769s][info][gc,start    ] GC(607) Pause Young (Normal) (G1 Evacuation Pause)
[2026-03-25T22:12:04.558+0900][209.769s][info][gc,task     ] GC(607) Using 8 workers of 10 for evacuation
[2026-03-25T22:12:04.559+0900][209.770s][info][gc,phases   ] GC(607)   Pre Evacuate Collection Set: 0.0ms
[2026-03-25T22:12:04.559+0900][209.770s][info][gc,phases   ] GC(607)   Merge Heap Roots: 0.0ms
[2026-03-25T22:12:04.559+0900][209.770s][info][gc,phases   ] GC(607)   Evacuate Collection Set: 0.4ms
[2026-03-25T22:12:04.559+0900][209.770s][info][gc,phases   ] GC(607)   Post Evacuate Collection Set: 0.1ms
[2026-03-25T22:12:04.559+0900][209.770s][info][gc,phases   ] GC(607)   Other: 0.1ms
[2026-03-25T22:12:04.559+0900][209.770s][info][gc,heap     ] GC(607) Eden regions: 6->0(6)
[2026-03-25T22:12:04.559+0900][209.770s][info][gc,heap     ] GC(607) Survivor regions: 1->1(1)
[2026-03-25T22:12:04.559+0900][209.770s][info][gc,heap     ] GC(607) Old regions: 23->23
[2026-03-25T22:12:04.559+0900][209.770s][info][gc,heap     ] GC(607) Archive regions: 2->2
[2026-03-25T22:12:04.559+0900][209.770s][info][gc,heap     ] GC(607) Humongous regions: 24->24
[2026-03-25T22:12:04.559+0900][209.770s][info][gc,metaspace] GC(607) Metaspace: 104199K(105216K)->104199K(105216K) NonClass: 88930K(89472K)->88930K(89472K) Class: 15269K(15744K)->15269K(15744K)
[2026-03-25T22:12:04.559+0900][209.770s][info][gc          ] GC(607) Pause Young (Normal) (G1 Evacuation Pause) 213M->188M(256M) 0.767ms
[2026-03-25T22:12:04.559+0900][209.770s][info][gc,cpu      ] GC(607) User=0.00s Sys=0.00s Real=0.00s
[2026-03-25T22:12:04.653+0900][209.864s][info][gc,start    ] GC(608) Pause Young (Normal) (G1 Evacuation Pause)
[2026-03-25T22:12:04.653+0900][209.864s][info][gc,task     ] GC(608) Using 8 workers of 10 for evacuation
[2026-03-25T22:12:04.654+0900][209.865s][info][gc,phases   ] GC(608)   Pre Evacuate Collection Set: 0.0ms
[2026-03-25T22:12:04.654+0900][209.865s][info][gc,phases   ] GC(608)   Merge Heap Roots: 0.0ms
[2026-03-25T22:12:04.654+0900][209.865s][info][gc,phases   ] GC(608)   Evacuate Collection Set: 0.5ms
[2026-03-25T22:12:04.654+0900][209.865s][info][gc,phases   ] GC(608)   Post Evacuate Collection Set: 0.1ms
[2026-03-25T22:12:04.654+0900][209.865s][info][gc,phases   ] GC(608)   Other: 0.1ms
[2026-03-25T22:12:04.654+0900][209.865s][info][gc,heap     ] GC(608) Eden regions: 6->0(6)
[2026-03-25T22:12:04.654+0900][209.865s][info][gc,heap     ] GC(608) Survivor regions: 1->1(1)
[2026-03-25T22:12:04.654+0900][209.865s][info][gc,heap     ] GC(608) Old regions: 23->23
[2026-03-25T22:12:04.654+0900][209.865s][info][gc,heap     ] GC(608) Archive regions: 2->2
[2026-03-25T22:12:04.654+0900][209.865s][info][gc,heap     ] GC(608) Humongous regions: 24->24
[2026-03-25T22:12:04.654+0900][209.865s][info][gc,metaspace] GC(608) Metaspace: 104199K(105216K)->104199K(105216K) NonClass: 88930K(89472K)->88930K(89472K) Class: 15269K(15744K)->15269K(15744K)
[2026-03-25T22:12:04.654+0900][209.865s][info][gc          ] GC(608) Pause Young (Normal) (G1 Evacuation Pause) 212M->189M(256M) 0.872ms
[2026-03-25T22:12:04.654+0900][209.865s][info][gc,cpu      ] GC(608) User=0.00s Sys=0.00s Real=0.00s
[2026-03-25T22:12:04.727+0900][209.938s][info][gc,start    ] GC(609) Pause Young (Normal) (G1 Evacuation Pause)
[2026-03-25T22:12:04.727+0900][209.938s][info][gc,task     ] GC(609) Using 8 workers of 10 for evacuation
[2026-03-25T22:12:04.728+0900][209.939s][info][gc,phases   ] GC(609)   Pre Evacuate Collection Set: 0.0ms
[2026-03-25T22:12:04.728+0900][209.939s][info][gc,phases   ] GC(609)   Merge Heap Roots: 0.0ms
[2026-03-25T22:12:04.728+0900][209.939s][info][gc,phases   ] GC(609)   Evacuate Collection Set: 0.4ms
[2026-03-25T22:12:04.728+0900][209.939s][info][gc,phases   ] GC(609)   Post Evacuate Collection Set: 0.1ms
[2026-03-25T22:12:04.728+0900][209.939s][info][gc,phases   ] GC(609)   Other: 0.1ms
[2026-03-25T22:12:04.728+0900][209.939s][info][gc,heap     ] GC(609) Eden regions: 6->0(6)
[2026-03-25T22:12:04.728+0900][209.939s][info][gc,heap     ] GC(609) Survivor regions: 1->1(1)
[2026-03-25T22:12:04.728+0900][209.939s][info][gc,heap     ] GC(609) Old regions: 23->23
[2026-03-25T22:12:04.728+0900][209.939s][info][gc,heap     ] GC(609) Archive regions: 2->2
[2026-03-25T22:12:04.728+0900][209.939s][info][gc,heap     ] GC(609) Humongous regions: 24->24
[2026-03-25T22:12:04.728+0900][209.939s][info][gc,metaspace] GC(609) Metaspace: 104199K(105216K)->104199K(105216K) NonClass: 88930K(89472K)->88930K(89472K) Class: 15269K(15744K)->15269K(15744K)
[2026-03-25T22:12:04.728+0900][209.939s][info][gc          ] GC(609) Pause Young (Normal) (G1 Evacuation Pause) 213M->189M(256M) 0.723ms
[2026-03-25T22:12:04.728+0900][209.939s][info][gc,cpu      ] GC(609) User=0.00s Sys=0.00s Real=0.00s
[2026-03-25T22:12:04.814+0900][210.025s][info][gc,start    ] GC(610) Pause Young (Normal) (G1 Evacuation Pause)
[2026-03-25T22:12:04.814+0900][210.025s][info][gc,task     ] GC(610) Using 8 workers of 10 for evacuation
[2026-03-25T22:12:04.814+0900][210.025s][info][gc,phases   ] GC(610)   Pre Evacuate Collection Set: 0.0ms
[2026-03-25T22:12:04.814+0900][210.025s][info][gc,phases   ] GC(610)   Merge Heap Roots: 0.0ms
[2026-03-25T22:12:04.814+0900][210.025s][info][gc,phases   ] GC(610)   Evacuate Collection Set: 0.4ms
[2026-03-25T22:12:04.814+0900][210.025s][info][gc,phases   ] GC(610)   Post Evacuate Collection Set: 0.1ms
[2026-03-25T22:12:04.814+0900][210.025s][info][gc,phases   ] GC(610)   Other: 0.1ms
[2026-03-25T22:12:04.814+0900][210.025s][info][gc,heap     ] GC(610) Eden regions: 6->0(6)
[2026-03-25T22:12:04.814+0900][210.025s][info][gc,heap     ] GC(610) Survivor regions: 1->1(1)
[2026-03-25T22:12:04.814+0900][210.025s][info][gc,heap     ] GC(610) Old regions: 23->23
[2026-03-25T22:12:04.814+0900][210.025s][info][gc,heap     ] GC(610) Archive regions: 2->2
[2026-03-25T22:12:04.814+0900][210.025s][info][gc,heap     ] GC(610) Humongous regions: 24->24
[2026-03-25T22:12:04.814+0900][210.025s][info][gc,metaspace] GC(610) Metaspace: 104199K(105216K)->104199K(105216K) NonClass: 88930K(89472K)->88930K(89472K) Class: 15269K(15744K)->15269K(15744K)
[2026-03-25T22:12:04.814+0900][210.025s][info][gc          ] GC(610) Pause Young (Normal) (G1 Evacuation Pause) 213M->189M(256M) 0.692ms
[2026-03-25T22:12:04.814+0900][210.025s][info][gc,cpu      ] GC(610) User=0.00s Sys=0.00s Real=0.00s
[2026-03-25T22:12:04.911+0900][210.122s][info][gc,start    ] GC(611) Pause Young (Normal) (G1 Evacuation Pause)
[2026-03-25T22:12:04.911+0900][210.122s][info][gc,task     ] GC(611) Using 8 workers of 10 for evacuation
[2026-03-25T22:12:04.912+0900][210.123s][info][gc,phases   ] GC(611)   Pre Evacuate Collection Set: 0.0ms
[2026-03-25T22:12:04.912+0900][210.123s][info][gc,phases   ] GC(611)   Merge Heap Roots: 0.0ms
[2026-03-25T22:12:04.912+0900][210.123s][info][gc,phases   ] GC(611)   Evacuate Collection Set: 0.4ms
[2026-03-25T22:12:04.912+0900][210.123s][info][gc,phases   ] GC(611)   Post Evacuate Collection Set: 0.1ms
[2026-03-25T22:12:04.912+0900][210.123s][info][gc,phases   ] GC(611)   Other: 0.1ms
[2026-03-25T22:12:04.912+0900][210.123s][info][gc,heap     ] GC(611) Eden regions: 6->0(6)
[2026-03-25T22:12:04.912+0900][210.123s][info][gc,heap     ] GC(611) Survivor regions: 1->1(1)
[2026-03-25T22:12:04.912+0900][210.123s][info][gc,heap     ] GC(611) Old regions: 23->23
[2026-03-25T22:12:04.912+0900][210.123s][info][gc,heap     ] GC(611) Archive regions: 2->2
[2026-03-25T22:12:04.912+0900][210.123s][info][gc,heap     ] GC(611) Humongous regions: 24->24
[2026-03-25T22:12:04.912+0900][210.123s][info][gc,metaspace] GC(611) Metaspace: 104199K(105216K)->104199K(105216K) NonClass: 88930K(89472K)->88930K(89472K) Class: 15269K(15744K)->15269K(15744K)
[2026-03-25T22:12:04.912+0900][210.123s][info][gc          ] GC(611) Pause Young (Normal) (G1 Evacuation Pause) 213M->189M(256M) 0.785ms
[2026-03-25T22:12:04.912+0900][210.123s][info][gc,cpu      ] GC(611) User=0.00s Sys=0.00s Real=0.00s
[2026-03-25T22:12:05.019+0900][210.230s][info][gc,start    ] GC(612) Pause Young (Normal) (G1 Evacuation Pause)
[2026-03-25T22:12:05.019+0900][210.230s][info][gc,task     ] GC(612) Using 8 workers of 10 for evacuation
[2026-03-25T22:12:05.020+0900][210.231s][info][gc,phases   ] GC(612)   Pre Evacuate Collection Set: 0.0ms
[2026-03-25T22:12:05.020+0900][210.231s][info][gc,phases   ] GC(612)   Merge Heap Roots: 0.0ms
[2026-03-25T22:12:05.020+0900][210.231s][info][gc,phases   ] GC(612)   Evacuate Collection Set: 0.4ms
[2026-03-25T22:12:05.020+0900][210.231s][info][gc,phases   ] GC(612)   Post Evacuate Collection Set: 0.1ms
[2026-03-25T22:12:05.020+0900][210.231s][info][gc,phases   ] GC(612)   Other: 0.1ms
[2026-03-25T22:12:05.020+0900][210.231s][info][gc,heap     ] GC(612) Eden regions: 6->0(6)
[2026-03-25T22:12:05.020+0900][210.231s][info][gc,heap     ] GC(612) Survivor regions: 1->1(1)
[2026-03-25T22:12:05.020+0900][210.231s][info][gc,heap     ] GC(612) Old regions: 23->23
[2026-03-25T22:12:05.020+0900][210.231s][info][gc,heap     ] GC(612) Archive regions: 2->2
[2026-03-25T22:12:05.020+0900][210.231s][info][gc,heap     ] GC(612) Humongous regions: 24->24
[2026-03-25T22:12:05.020+0900][210.231s][info][gc,metaspace] GC(612) Metaspace: 104199K(105216K)->104199K(105216K) NonClass: 88930K(89472K)->88930K(89472K) Class: 15269K(15744K)->15269K(15744K)
[2026-03-25T22:12:05.020+0900][210.231s][info][gc          ] GC(612) Pause Young (Normal) (G1 Evacuation Pause) 213M->189M(256M) 0.722ms
[2026-03-25T22:12:05.020+0900][210.231s][info][gc,cpu      ] GC(612) User=0.00s Sys=0.00s Real=0.01s
[2026-03-25T22:12:05.144+0900][210.355s][info][gc,start    ] GC(613) Pause Young (Normal) (G1 Evacuation Pause)
[2026-03-25T22:12:05.144+0900][210.355s][info][gc,task     ] GC(613) Using 8 workers of 10 for evacuation
[2026-03-25T22:12:05.145+0900][210.356s][info][gc,phases   ] GC(613)   Pre Evacuate Collection Set: 0.0ms
[2026-03-25T22:12:05.145+0900][210.356s][info][gc,phases   ] GC(613)   Merge Heap Roots: 0.0ms
[2026-03-25T22:12:05.145+0900][210.356s][info][gc,phases   ] GC(613)   Evacuate Collection Set: 0.4ms
[2026-03-25T22:12:05.145+0900][210.356s][info][gc,phases   ] GC(613)   Post Evacuate Collection Set: 0.1ms
[2026-03-25T22:12:05.145+0900][210.356s][info][gc,phases   ] GC(613)   Other: 0.1ms
[2026-03-25T22:12:05.145+0900][210.356s][info][gc,heap     ] GC(613) Eden regions: 6->0(6)
[2026-03-25T22:12:05.145+0900][210.356s][info][gc,heap     ] GC(613) Survivor regions: 1->1(1)
[2026-03-25T22:12:05.145+0900][210.356s][info][gc,heap     ] GC(613) Old regions: 23->23
[2026-03-25T22:12:05.145+0900][210.356s][info][gc,heap     ] GC(613) Archive regions: 2->2
[2026-03-25T22:12:05.145+0900][210.356s][info][gc,heap     ] GC(613) Humongous regions: 24->24
[2026-03-25T22:12:05.145+0900][210.356s][info][gc,metaspace] GC(613) Metaspace: 104199K(105216K)->104199K(105216K) NonClass: 88930K(89472K)->88930K(89472K) Class: 15269K(15744K)->15269K(15744K)
[2026-03-25T22:12:05.145+0900][210.356s][info][gc          ] GC(613) Pause Young (Normal) (G1 Evacuation Pause) 213M->189M(256M) 0.744ms
[2026-03-25T22:12:05.145+0900][210.356s][info][gc,cpu      ] GC(613) User=0.00s Sys=0.01s Real=0.00s
[2026-03-25T22:12:05.209+0900][210.420s][info][gc,start    ] GC(614) Pause Young (Normal) (G1 Evacuation Pause)
[2026-03-25T22:12:05.209+0900][210.420s][info][gc,task     ] GC(614) Using 8 workers of 10 for evacuation
[2026-03-25T22:12:05.210+0900][210.421s][info][gc,phases   ] GC(614)   Pre Evacuate Collection Set: 0.0ms
[2026-03-25T22:12:05.210+0900][210.421s][info][gc,phases   ] GC(614)   Merge Heap Roots: 0.0ms
[2026-03-25T22:12:05.210+0900][210.421s][info][gc,phases   ] GC(614)   Evacuate Collection Set: 0.3ms
[2026-03-25T22:12:05.210+0900][210.421s][info][gc,phases   ] GC(614)   Post Evacuate Collection Set: 0.1ms
[2026-03-25T22:12:05.210+0900][210.421s][info][gc,phases   ] GC(614)   Other: 0.1ms
[2026-03-25T22:12:05.210+0900][210.421s][info][gc,heap     ] GC(614) Eden regions: 6->0(6)
[2026-03-25T22:12:05.210+0900][210.421s][info][gc,heap     ] GC(614) Survivor regions: 1->1(1)
[2026-03-25T22:12:05.210+0900][210.421s][info][gc,heap     ] GC(614) Old regions: 23->23
[2026-03-25T22:12:05.210+0900][210.421s][info][gc,heap     ] GC(614) Archive regions: 2->2
[2026-03-25T22:12:05.210+0900][210.421s][info][gc,heap     ] GC(614) Humongous regions: 24->24
[2026-03-25T22:12:05.210+0900][210.421s][info][gc,metaspace] GC(614) Metaspace: 104199K(105216K)->104199K(105216K) NonClass: 88930K(89472K)->88930K(89472K) Class: 15269K(15744K)->15269K(15744K)
[2026-03-25T22:12:05.210+0900][210.421s][info][gc          ] GC(614) Pause Young (Normal) (G1 Evacuation Pause) 213M->189M(256M) 0.662ms
[2026-03-25T22:12:05.210+0900][210.421s][info][gc,cpu      ] GC(614) User=0.00s Sys=0.00s Real=0.01s
[2026-03-25T22:12:05.327+0900][210.538s][info][gc,start    ] GC(615) Pause Young (Normal) (G1 Evacuation Pause)
[2026-03-25T22:12:05.327+0900][210.538s][info][gc,task     ] GC(615) Using 8 workers of 10 for evacuation
[2026-03-25T22:12:05.327+0900][210.538s][info][gc,phases   ] GC(615)   Pre Evacuate Collection Set: 0.0ms
[2026-03-25T22:12:05.327+0900][210.538s][info][gc,phases   ] GC(615)   Merge Heap Roots: 0.0ms
[2026-03-25T22:12:05.327+0900][210.538s][info][gc,phases   ] GC(615)   Evacuate Collection Set: 0.4ms
[2026-03-25T22:12:05.327+0900][210.538s][info][gc,phases   ] GC(615)   Post Evacuate Collection Set: 0.2ms
[2026-03-25T22:12:05.327+0900][210.538s][info][gc,phases   ] GC(615)   Other: 0.1ms
[2026-03-25T22:12:05.327+0900][210.538s][info][gc,heap     ] GC(615) Eden regions: 6->0(6)
[2026-03-25T22:12:05.327+0900][210.538s][info][gc,heap     ] GC(615) Survivor regions: 1->1(1)
[2026-03-25T22:12:05.327+0900][210.538s][info][gc,heap     ] GC(615) Old regions: 23->23
[2026-03-25T22:12:05.327+0900][210.538s][info][gc,heap     ] GC(615) Archive regions: 2->2
[2026-03-25T22:12:05.327+0900][210.538s][info][gc,heap     ] GC(615) Humongous regions: 24->24
[2026-03-25T22:12:05.327+0900][210.538s][info][gc,metaspace] GC(615) Metaspace: 104199K(105216K)->104199K(105216K) NonClass: 88930K(89472K)->88930K(89472K) Class: 15269K(15744K)->15269K(15744K)
[2026-03-25T22:12:05.327+0900][210.538s][info][gc          ] GC(615) Pause Young (Normal) (G1 Evacuation Pause) 213M->189M(256M) 0.673ms
[2026-03-25T22:12:05.327+0900][210.538s][info][gc,cpu      ] GC(615) User=0.01s Sys=0.00s Real=0.00s
[2026-03-25T22:12:05.465+0900][210.676s][info][gc,start    ] GC(616) Pause Young (Normal) (G1 Evacuation Pause)
[2026-03-25T22:12:05.465+0900][210.676s][info][gc,task     ] GC(616) Using 8 workers of 10 for evacuation
[2026-03-25T22:12:05.465+0900][210.676s][info][gc,phases   ] GC(616)   Pre Evacuate Collection Set: 0.0ms
[2026-03-25T22:12:05.465+0900][210.676s][info][gc,phases   ] GC(616)   Merge Heap Roots: 0.0ms
[2026-03-25T22:12:05.465+0900][210.676s][info][gc,phases   ] GC(616)   Evacuate Collection Set: 0.4ms
[2026-03-25T22:12:05.465+0900][210.676s][info][gc,phases   ] GC(616)   Post Evacuate Collection Set: 0.2ms
[2026-03-25T22:12:05.465+0900][210.676s][info][gc,phases   ] GC(616)   Other: 0.1ms
[2026-03-25T22:12:05.465+0900][210.676s][info][gc,heap     ] GC(616) Eden regions: 6->0(6)
[2026-03-25T22:12:05.465+0900][210.676s][info][gc,heap     ] GC(616) Survivor regions: 1->1(1)
[2026-03-25T22:12:05.465+0900][210.676s][info][gc,heap     ] GC(616) Old regions: 23->23
[2026-03-25T22:12:05.465+0900][210.676s][info][gc,heap     ] GC(616) Archive regions: 2->2
[2026-03-25T22:12:05.465+0900][210.676s][info][gc,heap     ] GC(616) Humongous regions: 24->24
[2026-03-25T22:12:05.465+0900][210.676s][info][gc,metaspace] GC(616) Metaspace: 104199K(105216K)->104199K(105216K) NonClass: 88930K(89472K)->88930K(89472K) Class: 15269K(15744K)->15269K(15744K)
[2026-03-25T22:12:05.465+0900][210.676s][info][gc          ] GC(616) Pause Young (Normal) (G1 Evacuation Pause) 213M->189M(256M) 0.757ms
[2026-03-25T22:12:05.466+0900][210.676s][info][gc,cpu      ] GC(616) User=0.01s Sys=0.00s Real=0.00s
[2026-03-25T22:12:05.562+0900][210.773s][info][gc,start    ] GC(617) Pause Young (Normal) (G1 Evacuation Pause)
[2026-03-25T22:12:05.562+0900][210.773s][info][gc,task     ] GC(617) Using 8 workers of 10 for evacuation
[2026-03-25T22:12:05.562+0900][210.773s][info][gc,phases   ] GC(617)   Pre Evacuate Collection Set: 0.0ms
[2026-03-25T22:12:05.562+0900][210.773s][info][gc,phases   ] GC(617)   Merge Heap Roots: 0.0ms
[2026-03-25T22:12:05.562+0900][210.773s][info][gc,phases   ] GC(617)   Evacuate Collection Set: 0.4ms
[2026-03-25T22:12:05.562+0900][210.773s][info][gc,phases   ] GC(617)   Post Evacuate Collection Set: 0.1ms
[2026-03-25T22:12:05.562+0900][210.773s][info][gc,phases   ] GC(617)   Other: 0.1ms
[2026-03-25T22:12:05.562+0900][210.773s][info][gc,heap     ] GC(617) Eden regions: 6->0(6)
[2026-03-25T22:12:05.562+0900][210.773s][info][gc,heap     ] GC(617) Survivor regions: 1->1(1)
[2026-03-25T22:12:05.562+0900][210.773s][info][gc,heap     ] GC(617) Old regions: 23->23
[2026-03-25T22:12:05.562+0900][210.773s][info][gc,heap     ] GC(617) Archive regions: 2->2
[2026-03-25T22:12:05.562+0900][210.773s][info][gc,heap     ] GC(617) Humongous regions: 24->24
[2026-03-25T22:12:05.562+0900][210.773s][info][gc,metaspace] GC(617) Metaspace: 104199K(105216K)->104199K(105216K) NonClass: 88930K(89472K)->88930K(89472K) Class: 15269K(15744K)->15269K(15744K)
[2026-03-25T22:12:05.562+0900][210.773s][info][gc          ] GC(617) Pause Young (Normal) (G1 Evacuation Pause) 213M->189M(256M) 0.671ms
[2026-03-25T22:12:05.562+0900][210.773s][info][gc,cpu      ] GC(617) User=0.00s Sys=0.00s Real=0.00s
[2026-03-25T22:12:05.678+0900][210.889s][info][gc,start    ] GC(618) Pause Young (Normal) (G1 Evacuation Pause)
[2026-03-25T22:12:05.678+0900][210.889s][info][gc,task     ] GC(618) Using 8 workers of 10 for evacuation
[2026-03-25T22:12:05.678+0900][210.889s][info][gc,phases   ] GC(618)   Pre Evacuate Collection Set: 0.0ms
[2026-03-25T22:12:05.678+0900][210.889s][info][gc,phases   ] GC(618)   Merge Heap Roots: 0.0ms
[2026-03-25T22:12:05.678+0900][210.889s][info][gc,phases   ] GC(618)   Evacuate Collection Set: 0.4ms
[2026-03-25T22:12:05.678+0900][210.889s][info][gc,phases   ] GC(618)   Post Evacuate Collection Set: 0.2ms
[2026-03-25T22:12:05.678+0900][210.889s][info][gc,phases   ] GC(618)   Other: 0.1ms
[2026-03-25T22:12:05.678+0900][210.889s][info][gc,heap     ] GC(618) Eden regions: 6->0(6)
[2026-03-25T22:12:05.678+0900][210.889s][info][gc,heap     ] GC(618) Survivor regions: 1->1(1)
[2026-03-25T22:12:05.678+0900][210.889s][info][gc,heap     ] GC(618) Old regions: 23->23
[2026-03-25T22:12:05.678+0900][210.889s][info][gc,heap     ] GC(618) Archive regions: 2->2
[2026-03-25T22:12:05.678+0900][210.889s][info][gc,heap     ] GC(618) Humongous regions: 24->24
[2026-03-25T22:12:05.678+0900][210.889s][info][gc,metaspace] GC(618) Metaspace: 104199K(105216K)->104199K(105216K) NonClass: 88930K(89472K)->88930K(89472K) Class: 15269K(15744K)->15269K(15744K)
[2026-03-25T22:12:05.678+0900][210.889s][info][gc          ] GC(618) Pause Young (Normal) (G1 Evacuation Pause) 213M->189M(256M) 0.702ms
[2026-03-25T22:12:05.678+0900][210.889s][info][gc,cpu      ] GC(618) User=0.00s Sys=0.00s Real=0.00s
[2026-03-25T22:12:05.788+0900][210.999s][info][gc,start    ] GC(619) Pause Young (Normal) (G1 Evacuation Pause)
[2026-03-25T22:12:05.788+0900][210.999s][info][gc,task     ] GC(619) Using 8 workers of 10 for evacuation
[2026-03-25T22:12:05.789+0900][211.000s][info][gc,phases   ] GC(619)   Pre Evacuate Collection Set: 0.0ms
[2026-03-25T22:12:05.789+0900][211.000s][info][gc,phases   ] GC(619)   Merge Heap Roots: 0.0ms
[2026-03-25T22:12:05.789+0900][211.000s][info][gc,phases   ] GC(619)   Evacuate Collection Set: 0.4ms
[2026-03-25T22:12:05.789+0900][211.000s][info][gc,phases   ] GC(619)   Post Evacuate Collection Set: 0.1ms
[2026-03-25T22:12:05.789+0900][211.000s][info][gc,phases   ] GC(619)   Other: 0.1ms
[2026-03-25T22:12:05.789+0900][211.000s][info][gc,heap     ] GC(619) Eden regions: 6->0(6)
[2026-03-25T22:12:05.789+0900][211.000s][info][gc,heap     ] GC(619) Survivor regions: 1->1(1)
[2026-03-25T22:12:05.789+0900][211.000s][info][gc,heap     ] GC(619) Old regions: 23->23
[2026-03-25T22:12:05.789+0900][211.000s][info][gc,heap     ] GC(619) Archive regions: 2->2
[2026-03-25T22:12:05.789+0900][211.000s][info][gc,heap     ] GC(619) Humongous regions: 24->24
[2026-03-25T22:12:05.789+0900][211.000s][info][gc,metaspace] GC(619) Metaspace: 104199K(105216K)->104199K(105216K) NonClass: 88930K(89472K)->88930K(89472K) Class: 15269K(15744K)->15269K(15744K)
[2026-03-25T22:12:05.789+0900][211.000s][info][gc          ] GC(619) Pause Young (Normal) (G1 Evacuation Pause) 213M->189M(256M) 0.756ms
[2026-03-25T22:12:05.789+0900][211.000s][info][gc,cpu      ] GC(619) User=0.00s Sys=0.00s Real=0.00s
[2026-03-25T22:12:05.873+0900][211.084s][info][gc,start    ] GC(620) Pause Young (Normal) (G1 Evacuation Pause)
[2026-03-25T22:12:05.873+0900][211.084s][info][gc,task     ] GC(620) Using 8 workers of 10 for evacuation
[2026-03-25T22:12:05.873+0900][211.084s][info][gc,phases   ] GC(620)   Pre Evacuate Collection Set: 0.0ms
[2026-03-25T22:12:05.873+0900][211.084s][info][gc,phases   ] GC(620)   Merge Heap Roots: 0.0ms
[2026-03-25T22:12:05.873+0900][211.084s][info][gc,phases   ] GC(620)   Evacuate Collection Set: 0.4ms
[2026-03-25T22:12:05.873+0900][211.084s][info][gc,phases   ] GC(620)   Post Evacuate Collection Set: 0.1ms
[2026-03-25T22:12:05.873+0900][211.084s][info][gc,phases   ] GC(620)   Other: 0.1ms
[2026-03-25T22:12:05.873+0900][211.084s][info][gc,heap     ] GC(620) Eden regions: 6->0(6)
[2026-03-25T22:12:05.873+0900][211.084s][info][gc,heap     ] GC(620) Survivor regions: 1->1(1)
[2026-03-25T22:12:05.873+0900][211.084s][info][gc,heap     ] GC(620) Old regions: 23->23
[2026-03-25T22:12:05.873+0900][211.084s][info][gc,heap     ] GC(620) Archive regions: 2->2
[2026-03-25T22:12:05.873+0900][211.084s][info][gc,heap     ] GC(620) Humongous regions: 24->24
[2026-03-25T22:12:05.873+0900][211.084s][info][gc,metaspace] GC(620) Metaspace: 104199K(105216K)->104199K(105216K) NonClass: 88930K(89472K)->88930K(89472K) Class: 15269K(15744K)->15269K(15744K)
[2026-03-25T22:12:05.873+0900][211.084s][info][gc          ] GC(620) Pause Young (Normal) (G1 Evacuation Pause) 213M->189M(256M) 0.734ms
[2026-03-25T22:12:05.873+0900][211.084s][info][gc,cpu      ] GC(620) User=0.00s Sys=0.00s Real=0.00s
[2026-03-25T22:12:05.958+0900][211.169s][info][gc,start    ] GC(621) Pause Young (Normal) (G1 Evacuation Pause)
[2026-03-25T22:12:05.958+0900][211.169s][info][gc,task     ] GC(621) Using 8 workers of 10 for evacuation
[2026-03-25T22:12:05.959+0900][211.170s][info][gc,phases   ] GC(621)   Pre Evacuate Collection Set: 0.0ms
[2026-03-25T22:12:05.959+0900][211.170s][info][gc,phases   ] GC(621)   Merge Heap Roots: 0.0ms
[2026-03-25T22:12:05.959+0900][211.170s][info][gc,phases   ] GC(621)   Evacuate Collection Set: 0.4ms
[2026-03-25T22:12:05.959+0900][211.170s][info][gc,phases   ] GC(621)   Post Evacuate Collection Set: 0.1ms
[2026-03-25T22:12:05.959+0900][211.170s][info][gc,phases   ] GC(621)   Other: 0.1ms
[2026-03-25T22:12:05.959+0900][211.170s][info][gc,heap     ] GC(621) Eden regions: 6->0(6)
[2026-03-25T22:12:05.959+0900][211.170s][info][gc,heap     ] GC(621) Survivor regions: 1->1(1)
[2026-03-25T22:12:05.959+0900][211.170s][info][gc,heap     ] GC(621) Old regions: 23->23
[2026-03-25T22:12:05.959+0900][211.170s][info][gc,heap     ] GC(621) Archive regions: 2->2
[2026-03-25T22:12:05.959+0900][211.170s][info][gc,heap     ] GC(621) Humongous regions: 24->24
[2026-03-25T22:12:05.959+0900][211.170s][info][gc,metaspace] GC(621) Metaspace: 104199K(105216K)->104199K(105216K) NonClass: 88930K(89472K)->88930K(89472K) Class: 15269K(15744K)->15269K(15744K)
[2026-03-25T22:12:05.959+0900][211.170s][info][gc          ] GC(621) Pause Young (Normal) (G1 Evacuation Pause) 213M->189M(256M) 0.734ms
[2026-03-25T22:12:05.959+0900][211.170s][info][gc,cpu      ] GC(621) User=0.01s Sys=0.00s Real=0.00s
[2026-03-25T22:12:06.036+0900][211.247s][info][gc,start    ] GC(622) Pause Young (Normal) (G1 Evacuation Pause)
[2026-03-25T22:12:06.036+0900][211.247s][info][gc,task     ] GC(622) Using 8 workers of 10 for evacuation
[2026-03-25T22:12:06.036+0900][211.247s][info][gc,phases   ] GC(622)   Pre Evacuate Collection Set: 0.0ms
[2026-03-25T22:12:06.036+0900][211.247s][info][gc,phases   ] GC(622)   Merge Heap Roots: 0.0ms
[2026-03-25T22:12:06.036+0900][211.247s][info][gc,phases   ] GC(622)   Evacuate Collection Set: 0.4ms
[2026-03-25T22:12:06.036+0900][211.247s][info][gc,phases   ] GC(622)   Post Evacuate Collection Set: 0.1ms
[2026-03-25T22:12:06.036+0900][211.247s][info][gc,phases   ] GC(622)   Other: 0.1ms
[2026-03-25T22:12:06.036+0900][211.247s][info][gc,heap     ] GC(622) Eden regions: 6->0(6)
[2026-03-25T22:12:06.036+0900][211.247s][info][gc,heap     ] GC(622) Survivor regions: 1->1(1)
[2026-03-25T22:12:06.036+0900][211.247s][info][gc,heap     ] GC(622) Old regions: 23->23
[2026-03-25T22:12:06.036+0900][211.247s][info][gc,heap     ] GC(622) Archive regions: 2->2
[2026-03-25T22:12:06.036+0900][211.247s][info][gc,heap     ] GC(622) Humongous regions: 24->24
[2026-03-25T22:12:06.036+0900][211.247s][info][gc,metaspace] GC(622) Metaspace: 104199K(105216K)->104199K(105216K) NonClass: 88930K(89472K)->88930K(89472K) Class: 15269K(15744K)->15269K(15744K)
[2026-03-25T22:12:06.036+0900][211.247s][info][gc          ] GC(622) Pause Young (Normal) (G1 Evacuation Pause) 213M->189M(256M) 0.718ms
[2026-03-25T22:12:06.036+0900][211.247s][info][gc,cpu      ] GC(622) User=0.01s Sys=0.00s Real=0.00s
[2026-03-25T22:12:06.194+0900][211.405s][info][gc,start    ] GC(623) Pause Young (Normal) (G1 Evacuation Pause)
[2026-03-25T22:12:06.194+0900][211.405s][info][gc,task     ] GC(623) Using 8 workers of 10 for evacuation
[2026-03-25T22:12:06.195+0900][211.406s][info][gc,phases   ] GC(623)   Pre Evacuate Collection Set: 0.0ms
[2026-03-25T22:12:06.195+0900][211.406s][info][gc,phases   ] GC(623)   Merge Heap Roots: 0.0ms
[2026-03-25T22:12:06.195+0900][211.406s][info][gc,phases   ] GC(623)   Evacuate Collection Set: 0.4ms
[2026-03-25T22:12:06.195+0900][211.406s][info][gc,phases   ] GC(623)   Post Evacuate Collection Set: 0.1ms
[2026-03-25T22:12:06.195+0900][211.406s][info][gc,phases   ] GC(623)   Other: 0.1ms
[2026-03-25T22:12:06.195+0900][211.406s][info][gc,heap     ] GC(623) Eden regions: 6->0(6)
[2026-03-25T22:12:06.195+0900][211.406s][info][gc,heap     ] GC(623) Survivor regions: 1->1(1)
[2026-03-25T22:12:06.195+0900][211.406s][info][gc,heap     ] GC(623) Old regions: 23->23
[2026-03-25T22:12:06.195+0900][211.406s][info][gc,heap     ] GC(623) Archive regions: 2->2
[2026-03-25T22:12:06.195+0900][211.406s][info][gc,heap     ] GC(623) Humongous regions: 24->24
[2026-03-25T22:12:06.195+0900][211.406s][info][gc,metaspace] GC(623) Metaspace: 104199K(105216K)->104199K(105216K) NonClass: 88930K(89472K)->88930K(89472K) Class: 15269K(15744K)->15269K(15744K)
[2026-03-25T22:12:06.195+0900][211.406s][info][gc          ] GC(623) Pause Young (Normal) (G1 Evacuation Pause) 213M->189M(256M) 0.753ms
[2026-03-25T22:12:06.195+0900][211.406s][info][gc,cpu      ] GC(623) User=0.00s Sys=0.00s Real=0.00s
[2026-03-25T22:12:06.358+0900][211.569s][info][gc,start    ] GC(624) Pause Young (Normal) (G1 Evacuation Pause)
[2026-03-25T22:12:06.358+0900][211.569s][info][gc,task     ] GC(624) Using 8 workers of 10 for evacuation
[2026-03-25T22:12:06.359+0900][211.570s][info][gc,phases   ] GC(624)   Pre Evacuate Collection Set: 0.1ms
[2026-03-25T22:12:06.359+0900][211.570s][info][gc,phases   ] GC(624)   Merge Heap Roots: 0.1ms
[2026-03-25T22:12:06.359+0900][211.570s][info][gc,phases   ] GC(624)   Evacuate Collection Set: 0.4ms
[2026-03-25T22:12:06.359+0900][211.570s][info][gc,phases   ] GC(624)   Post Evacuate Collection Set: 0.1ms
[2026-03-25T22:12:06.359+0900][211.570s][info][gc,phases   ] GC(624)   Other: 0.1ms
[2026-03-25T22:12:06.359+0900][211.570s][info][gc,heap     ] GC(624) Eden regions: 6->0(6)
[2026-03-25T22:12:06.359+0900][211.570s][info][gc,heap     ] GC(624) Survivor regions: 1->1(1)
[2026-03-25T22:12:06.359+0900][211.570s][info][gc,heap     ] GC(624) Old regions: 23->23
[2026-03-25T22:12:06.359+0900][211.570s][info][gc,heap     ] GC(624) Archive regions: 2->2
[2026-03-25T22:12:06.359+0900][211.570s][info][gc,heap     ] GC(624) Humongous regions: 24->24
[2026-03-25T22:12:06.359+0900][211.570s][info][gc,metaspace] GC(624) Metaspace: 104199K(105216K)->104199K(105216K) NonClass: 88930K(89472K)->88930K(89472K) Class: 15269K(15744K)->15269K(15744K)
[2026-03-25T22:12:06.359+0900][211.570s][info][gc          ] GC(624) Pause Young (Normal) (G1 Evacuation Pause) 213M->189M(256M) 0.783ms
[2026-03-25T22:12:06.359+0900][211.570s][info][gc,cpu      ] GC(624) User=0.00s Sys=0.00s Real=0.00s
[2026-03-25T22:12:06.469+0900][211.680s][info][gc,start    ] GC(625) Pause Young (Normal) (G1 Evacuation Pause)
[2026-03-25T22:12:06.469+0900][211.680s][info][gc,task     ] GC(625) Using 8 workers of 10 for evacuation
[2026-03-25T22:12:06.470+0900][211.681s][info][gc,phases   ] GC(625)   Pre Evacuate Collection Set: 0.0ms
[2026-03-25T22:12:06.470+0900][211.681s][info][gc,phases   ] GC(625)   Merge Heap Roots: 0.0ms
[2026-03-25T22:12:06.470+0900][211.681s][info][gc,phases   ] GC(625)   Evacuate Collection Set: 0.4ms
[2026-03-25T22:12:06.470+0900][211.681s][info][gc,phases   ] GC(625)   Post Evacuate Collection Set: 0.1ms
[2026-03-25T22:12:06.470+0900][211.681s][info][gc,phases   ] GC(625)   Other: 0.1ms
[2026-03-25T22:12:06.470+0900][211.681s][info][gc,heap     ] GC(625) Eden regions: 6->0(6)
[2026-03-25T22:12:06.470+0900][211.681s][info][gc,heap     ] GC(625) Survivor regions: 1->1(1)
[2026-03-25T22:12:06.470+0900][211.681s][info][gc,heap     ] GC(625) Old regions: 23->23
[2026-03-25T22:12:06.470+0900][211.681s][info][gc,heap     ] GC(625) Archive regions: 2->2
[2026-03-25T22:12:06.470+0900][211.681s][info][gc,heap     ] GC(625) Humongous regions: 24->24
[2026-03-25T22:12:06.470+0900][211.681s][info][gc,metaspace] GC(625) Metaspace: 104199K(105216K)->104199K(105216K) NonClass: 88930K(89472K)->88930K(89472K) Class: 15269K(15744K)->15269K(15744K)
[2026-03-25T22:12:06.470+0900][211.681s][info][gc          ] GC(625) Pause Young (Normal) (G1 Evacuation Pause) 213M->189M(256M) 0.735ms
[2026-03-25T22:12:06.470+0900][211.681s][info][gc,cpu      ] GC(625) User=0.00s Sys=0.00s Real=0.01s
[2026-03-25T22:12:06.579+0900][211.790s][info][gc,start    ] GC(626) Pause Young (Normal) (G1 Evacuation Pause)
[2026-03-25T22:12:06.579+0900][211.790s][info][gc,task     ] GC(626) Using 8 workers of 10 for evacuation
[2026-03-25T22:12:06.580+0900][211.791s][info][gc,phases   ] GC(626)   Pre Evacuate Collection Set: 0.1ms
[2026-03-25T22:12:06.580+0900][211.791s][info][gc,phases   ] GC(626)   Merge Heap Roots: 0.1ms
[2026-03-25T22:12:06.580+0900][211.791s][info][gc,phases   ] GC(626)   Evacuate Collection Set: 0.4ms
[2026-03-25T22:12:06.580+0900][211.791s][info][gc,phases   ] GC(626)   Post Evacuate Collection Set: 0.1ms
[2026-03-25T22:12:06.580+0900][211.791s][info][gc,phases   ] GC(626)   Other: 0.1ms
[2026-03-25T22:12:06.580+0900][211.791s][info][gc,heap     ] GC(626) Eden regions: 6->0(6)
[2026-03-25T22:12:06.580+0900][211.791s][info][gc,heap     ] GC(626) Survivor regions: 1->1(1)
[2026-03-25T22:12:06.580+0900][211.791s][info][gc,heap     ] GC(626) Old regions: 23->23
[2026-03-25T22:12:06.580+0900][211.791s][info][gc,heap     ] GC(626) Archive regions: 2->2
[2026-03-25T22:12:06.580+0900][211.791s][info][gc,heap     ] GC(626) Humongous regions: 24->24
[2026-03-25T22:12:06.580+0900][211.791s][info][gc,metaspace] GC(626) Metaspace: 104199K(105216K)->104199K(105216K) NonClass: 88930K(89472K)->88930K(89472K) Class: 15269K(15744K)->15269K(15744K)
[2026-03-25T22:12:06.580+0900][211.791s][info][gc          ] GC(626) Pause Young (Normal) (G1 Evacuation Pause) 213M->189M(256M) 0.716ms
[2026-03-25T22:12:06.580+0900][211.791s][info][gc,cpu      ] GC(626) User=0.01s Sys=0.00s Real=0.01s
[2026-03-25T22:12:06.725+0900][211.936s][info][gc,start    ] GC(627) Pause Young (Normal) (G1 Evacuation Pause)
[2026-03-25T22:12:06.725+0900][211.936s][info][gc,task     ] GC(627) Using 8 workers of 10 for evacuation
[2026-03-25T22:12:06.726+0900][211.937s][info][gc,phases   ] GC(627)   Pre Evacuate Collection Set: 0.0ms
[2026-03-25T22:12:06.726+0900][211.937s][info][gc,phases   ] GC(627)   Merge Heap Roots: 0.0ms
[2026-03-25T22:12:06.726+0900][211.937s][info][gc,phases   ] GC(627)   Evacuate Collection Set: 0.4ms
[2026-03-25T22:12:06.726+0900][211.937s][info][gc,phases   ] GC(627)   Post Evacuate Collection Set: 0.1ms
[2026-03-25T22:12:06.726+0900][211.937s][info][gc,phases   ] GC(627)   Other: 0.1ms
[2026-03-25T22:12:06.726+0900][211.937s][info][gc,heap     ] GC(627) Eden regions: 6->0(6)
[2026-03-25T22:12:06.726+0900][211.937s][info][gc,heap     ] GC(627) Survivor regions: 1->1(1)
[2026-03-25T22:12:06.726+0900][211.937s][info][gc,heap     ] GC(627) Old regions: 23->23
[2026-03-25T22:12:06.726+0900][211.937s][info][gc,heap     ] GC(627) Archive regions: 2->2
[2026-03-25T22:12:06.726+0900][211.937s][info][gc,heap     ] GC(627) Humongous regions: 24->24
[2026-03-25T22:12:06.726+0900][211.937s][info][gc,metaspace] GC(627) Metaspace: 104199K(105216K)->104199K(105216K) NonClass: 88930K(89472K)->88930K(89472K) Class: 15269K(15744K)->15269K(15744K)
[2026-03-25T22:12:06.726+0900][211.937s][info][gc          ] GC(627) Pause Young (Normal) (G1 Evacuation Pause) 213M->189M(256M) 0.748ms
[2026-03-25T22:12:06.726+0900][211.937s][info][gc,cpu      ] GC(627) User=0.00s Sys=0.00s Real=0.00s
[2026-03-25T22:12:06.820+0900][212.031s][info][gc,start    ] GC(628) Pause Young (Normal) (G1 Evacuation Pause)
[2026-03-25T22:12:06.820+0900][212.031s][info][gc,task     ] GC(628) Using 8 workers of 10 for evacuation
[2026-03-25T22:12:06.820+0900][212.031s][info][gc,phases   ] GC(628)   Pre Evacuate Collection Set: 0.0ms
[2026-03-25T22:12:06.820+0900][212.031s][info][gc,phases   ] GC(628)   Merge Heap Roots: 0.0ms
[2026-03-25T22:12:06.820+0900][212.031s][info][gc,phases   ] GC(628)   Evacuate Collection Set: 0.4ms
[2026-03-25T22:12:06.820+0900][212.031s][info][gc,phases   ] GC(628)   Post Evacuate Collection Set: 0.1ms
[2026-03-25T22:12:06.820+0900][212.031s][info][gc,phases   ] GC(628)   Other: 0.1ms
[2026-03-25T22:12:06.820+0900][212.031s][info][gc,heap     ] GC(628) Eden regions: 6->0(6)
[2026-03-25T22:12:06.820+0900][212.031s][info][gc,heap     ] GC(628) Survivor regions: 1->1(1)
[2026-03-25T22:12:06.820+0900][212.031s][info][gc,heap     ] GC(628) Old regions: 23->23
[2026-03-25T22:12:06.820+0900][212.031s][info][gc,heap     ] GC(628) Archive regions: 2->2
[2026-03-25T22:12:06.820+0900][212.031s][info][gc,heap     ] GC(628) Humongous regions: 24->24
[2026-03-25T22:12:06.820+0900][212.031s][info][gc,metaspace] GC(628) Metaspace: 104199K(105216K)->104199K(105216K) NonClass: 88930K(89472K)->88930K(89472K) Class: 15269K(15744K)->15269K(15744K)
[2026-03-25T22:12:06.820+0900][212.031s][info][gc          ] GC(628) Pause Young (Normal) (G1 Evacuation Pause) 213M->189M(256M) 0.726ms
[2026-03-25T22:12:06.820+0900][212.031s][info][gc,cpu      ] GC(628) User=0.01s Sys=0.00s Real=0.00s
[2026-03-25T22:12:06.944+0900][212.155s][info][gc,start    ] GC(629) Pause Young (Normal) (G1 Evacuation Pause)
[2026-03-25T22:12:06.944+0900][212.155s][info][gc,task     ] GC(629) Using 8 workers of 10 for evacuation
[2026-03-25T22:12:06.945+0900][212.156s][info][gc,phases   ] GC(629)   Pre Evacuate Collection Set: 0.0ms
[2026-03-25T22:12:06.945+0900][212.156s][info][gc,phases   ] GC(629)   Merge Heap Roots: 0.0ms
[2026-03-25T22:12:06.945+0900][212.156s][info][gc,phases   ] GC(629)   Evacuate Collection Set: 0.4ms
[2026-03-25T22:12:06.945+0900][212.156s][info][gc,phases   ] GC(629)   Post Evacuate Collection Set: 0.1ms
[2026-03-25T22:12:06.945+0900][212.156s][info][gc,phases   ] GC(629)   Other: 0.1ms
[2026-03-25T22:12:06.945+0900][212.156s][info][gc,heap     ] GC(629) Eden regions: 6->0(6)
[2026-03-25T22:12:06.945+0900][212.156s][info][gc,heap     ] GC(629) Survivor regions: 1->1(1)
[2026-03-25T22:12:06.945+0900][212.156s][info][gc,heap     ] GC(629) Old regions: 23->23
[2026-03-25T22:12:06.945+0900][212.156s][info][gc,heap     ] GC(629) Archive regions: 2->2
[2026-03-25T22:12:06.945+0900][212.156s][info][gc,heap     ] GC(629) Humongous regions: 24->24
[2026-03-25T22:12:06.945+0900][212.156s][info][gc,metaspace] GC(629) Metaspace: 104199K(105216K)->104199K(105216K) NonClass: 88930K(89472K)->88930K(89472K) Class: 15269K(15744K)->15269K(15744K)
[2026-03-25T22:12:06.945+0900][212.156s][info][gc          ] GC(629) Pause Young (Normal) (G1 Evacuation Pause) 213M->189M(256M) 0.718ms
[2026-03-25T22:12:06.945+0900][212.156s][info][gc,cpu      ] GC(629) User=0.01s Sys=0.00s Real=0.00s
[2026-03-25T22:12:07.023+0900][212.234s][info][gc,start    ] GC(630) Pause Young (Normal) (G1 Evacuation Pause)
[2026-03-25T22:12:07.023+0900][212.234s][info][gc,task     ] GC(630) Using 8 workers of 10 for evacuation
[2026-03-25T22:12:07.023+0900][212.234s][info][gc,phases   ] GC(630)   Pre Evacuate Collection Set: 0.1ms
[2026-03-25T22:12:07.023+0900][212.234s][info][gc,phases   ] GC(630)   Merge Heap Roots: 0.0ms
[2026-03-25T22:12:07.023+0900][212.234s][info][gc,phases   ] GC(630)   Evacuate Collection Set: 0.4ms
[2026-03-25T22:12:07.023+0900][212.234s][info][gc,phases   ] GC(630)   Post Evacuate Collection Set: 0.1ms
[2026-03-25T22:12:07.024+0900][212.234s][info][gc,phases   ] GC(630)   Other: 0.1ms
[2026-03-25T22:12:07.024+0900][212.234s][info][gc,heap     ] GC(630) Eden regions: 6->0(6)
[2026-03-25T22:12:07.024+0900][212.234s][info][gc,heap     ] GC(630) Survivor regions: 1->1(1)
[2026-03-25T22:12:07.024+0900][212.234s][info][gc,heap     ] GC(630) Old regions: 23->23
[2026-03-25T22:12:07.024+0900][212.234s][info][gc,heap     ] GC(630) Archive regions: 2->2
[2026-03-25T22:12:07.024+0900][212.235s][info][gc,heap     ] GC(630) Humongous regions: 24->24
[2026-03-25T22:12:07.024+0900][212.235s][info][gc,metaspace] GC(630) Metaspace: 104199K(105216K)->104199K(105216K) NonClass: 88930K(89472K)->88930K(89472K) Class: 15269K(15744K)->15269K(15744K)
[2026-03-25T22:12:07.024+0900][212.235s][info][gc          ] GC(630) Pause Young (Normal) (G1 Evacuation Pause) 213M->189M(256M) 0.762ms
[2026-03-25T22:12:07.024+0900][212.235s][info][gc,cpu      ] GC(630) User=0.01s Sys=0.00s Real=0.00s
[2026-03-25T22:12:07.084+0900][212.295s][info][gc,start    ] GC(631) Pause Young (Normal) (G1 Evacuation Pause)
[2026-03-25T22:12:07.084+0900][212.295s][info][gc,task     ] GC(631) Using 8 workers of 10 for evacuation
[2026-03-25T22:12:07.085+0900][212.296s][info][gc,phases   ] GC(631)   Pre Evacuate Collection Set: 0.0ms
[2026-03-25T22:12:07.085+0900][212.296s][info][gc,phases   ] GC(631)   Merge Heap Roots: 0.0ms
[2026-03-25T22:12:07.085+0900][212.296s][info][gc,phases   ] GC(631)   Evacuate Collection Set: 0.4ms
[2026-03-25T22:12:07.085+0900][212.296s][info][gc,phases   ] GC(631)   Post Evacuate Collection Set: 0.1ms
[2026-03-25T22:12:07.085+0900][212.296s][info][gc,phases   ] GC(631)   Other: 0.1ms
[2026-03-25T22:12:07.085+0900][212.296s][info][gc,heap     ] GC(631) Eden regions: 6->0(6)
[2026-03-25T22:12:07.085+0900][212.296s][info][gc,heap     ] GC(631) Survivor regions: 1->1(1)
[2026-03-25T22:12:07.085+0900][212.296s][info][gc,heap     ] GC(631) Old regions: 23->23
[2026-03-25T22:12:07.085+0900][212.296s][info][gc,heap     ] GC(631) Archive regions: 2->2
[2026-03-25T22:12:07.085+0900][212.296s][info][gc,heap     ] GC(631) Humongous regions: 24->24
[2026-03-25T22:12:07.085+0900][212.296s][info][gc,metaspace] GC(631) Metaspace: 104199K(105216K)->104199K(105216K) NonClass: 88930K(89472K)->88930K(89472K) Class: 15269K(15744K)->15269K(15744K)
[2026-03-25T22:12:07.085+0900][212.296s][info][gc          ] GC(631) Pause Young (Normal) (G1 Evacuation Pause) 213M->189M(256M) 0.697ms
[2026-03-25T22:12:07.085+0900][212.296s][info][gc,cpu      ] GC(631) User=0.00s Sys=0.00s Real=0.00s
[2026-03-25T22:12:07.198+0900][212.409s][info][gc,start    ] GC(632) Pause Young (Normal) (G1 Evacuation Pause)
[2026-03-25T22:12:07.198+0900][212.409s][info][gc,task     ] GC(632) Using 8 workers of 10 for evacuation
[2026-03-25T22:12:07.198+0900][212.409s][info][gc,phases   ] GC(632)   Pre Evacuate Collection Set: 0.0ms
[2026-03-25T22:12:07.198+0900][212.409s][info][gc,phases   ] GC(632)   Merge Heap Roots: 0.0ms
[2026-03-25T22:12:07.198+0900][212.409s][info][gc,phases   ] GC(632)   Evacuate Collection Set: 0.4ms
[2026-03-25T22:12:07.198+0900][212.409s][info][gc,phases   ] GC(632)   Post Evacuate Collection Set: 0.1ms
[2026-03-25T22:12:07.198+0900][212.409s][info][gc,phases   ] GC(632)   Other: 0.1ms
[2026-03-25T22:12:07.198+0900][212.409s][info][gc,heap     ] GC(632) Eden regions: 6->0(6)
[2026-03-25T22:12:07.198+0900][212.409s][info][gc,heap     ] GC(632) Survivor regions: 1->1(1)
[2026-03-25T22:12:07.198+0900][212.409s][info][gc,heap     ] GC(632) Old regions: 23->23
[2026-03-25T22:12:07.198+0900][212.409s][info][gc,heap     ] GC(632) Archive regions: 2->2
[2026-03-25T22:12:07.198+0900][212.409s][info][gc,heap     ] GC(632) Humongous regions: 24->24
[2026-03-25T22:12:07.198+0900][212.409s][info][gc,metaspace] GC(632) Metaspace: 104199K(105216K)->104199K(105216K) NonClass: 88930K(89472K)->88930K(89472K) Class: 15269K(15744K)->15269K(15744K)
[2026-03-25T22:12:07.198+0900][212.409s][info][gc          ] GC(632) Pause Young (Normal) (G1 Evacuation Pause) 213M->190M(256M) 0.745ms
[2026-03-25T22:12:07.199+0900][212.409s][info][gc,cpu      ] GC(632) User=0.00s Sys=0.00s Real=0.00s
[2026-03-25T22:12:07.284+0900][212.495s][info][gc,start    ] GC(633) Pause Young (Normal) (G1 Evacuation Pause)
[2026-03-25T22:12:07.284+0900][212.495s][info][gc,task     ] GC(633) Using 8 workers of 10 for evacuation
[2026-03-25T22:12:07.284+0900][212.495s][info][gc,phases   ] GC(633)   Pre Evacuate Collection Set: 0.0ms
[2026-03-25T22:12:07.284+0900][212.495s][info][gc,phases   ] GC(633)   Merge Heap Roots: 0.0ms
[2026-03-25T22:12:07.284+0900][212.495s][info][gc,phases   ] GC(633)   Evacuate Collection Set: 0.4ms
[2026-03-25T22:12:07.284+0900][212.495s][info][gc,phases   ] GC(633)   Post Evacuate Collection Set: 0.1ms
[2026-03-25T22:12:07.284+0900][212.495s][info][gc,phases   ] GC(633)   Other: 0.1ms
[2026-03-25T22:12:07.284+0900][212.495s][info][gc,heap     ] GC(633) Eden regions: 6->0(6)
[2026-03-25T22:12:07.284+0900][212.495s][info][gc,heap     ] GC(633) Survivor regions: 1->1(1)
[2026-03-25T22:12:07.284+0900][212.495s][info][gc,heap     ] GC(633) Old regions: 23->23
[2026-03-25T22:12:07.284+0900][212.495s][info][gc,heap     ] GC(633) Archive regions: 2->2
[2026-03-25T22:12:07.284+0900][212.495s][info][gc,heap     ] GC(633) Humongous regions: 24->24
[2026-03-25T22:12:07.284+0900][212.495s][info][gc,metaspace] GC(633) Metaspace: 104199K(105216K)->104199K(105216K) NonClass: 88930K(89472K)->88930K(89472K) Class: 15269K(15744K)->15269K(15744K)
[2026-03-25T22:12:07.284+0900][212.495s][info][gc          ] GC(633) Pause Young (Normal) (G1 Evacuation Pause) 214M->190M(256M) 0.752ms
[2026-03-25T22:12:07.284+0900][212.495s][info][gc,cpu      ] GC(633) User=0.00s Sys=0.00s Real=0.00s
[2026-03-25T22:12:07.375+0900][212.586s][info][gc,start    ] GC(634) Pause Young (Normal) (G1 Evacuation Pause)
[2026-03-25T22:12:07.375+0900][212.586s][info][gc,task     ] GC(634) Using 8 workers of 10 for evacuation
[2026-03-25T22:12:07.376+0900][212.587s][info][gc,phases   ] GC(634)   Pre Evacuate Collection Set: 0.1ms
[2026-03-25T22:12:07.376+0900][212.587s][info][gc,phases   ] GC(634)   Merge Heap Roots: 0.0ms
[2026-03-25T22:12:07.376+0900][212.587s][info][gc,phases   ] GC(634)   Evacuate Collection Set: 0.4ms
[2026-03-25T22:12:07.376+0900][212.587s][info][gc,phases   ] GC(634)   Post Evacuate Collection Set: 0.1ms
[2026-03-25T22:12:07.376+0900][212.587s][info][gc,phases   ] GC(634)   Other: 0.1ms
[2026-03-25T22:12:07.376+0900][212.587s][info][gc,heap     ] GC(634) Eden regions: 6->0(6)
[2026-03-25T22:12:07.376+0900][212.587s][info][gc,heap     ] GC(634) Survivor regions: 1->1(1)
[2026-03-25T22:12:07.376+0900][212.587s][info][gc,heap     ] GC(634) Old regions: 23->23
[2026-03-25T22:12:07.376+0900][212.587s][info][gc,heap     ] GC(634) Archive regions: 2->2
[2026-03-25T22:12:07.376+0900][212.587s][info][gc,heap     ] GC(634) Humongous regions: 24->24
[2026-03-25T22:12:07.376+0900][212.587s][info][gc,metaspace] GC(634) Metaspace: 104199K(105216K)->104199K(105216K) NonClass: 88930K(89472K)->88930K(89472K) Class: 15269K(15744K)->15269K(15744K)
[2026-03-25T22:12:07.376+0900][212.587s][info][gc          ] GC(634) Pause Young (Normal) (G1 Evacuation Pause) 214M->190M(256M) 0.761ms
[2026-03-25T22:12:07.376+0900][212.587s][info][gc,cpu      ] GC(634) User=0.00s Sys=0.00s Real=0.00s
[2026-03-25T22:12:07.516+0900][212.727s][info][gc,start    ] GC(635) Pause Young (Normal) (G1 Evacuation Pause)
[2026-03-25T22:12:07.516+0900][212.727s][info][gc,task     ] GC(635) Using 8 workers of 10 for evacuation
[2026-03-25T22:12:07.516+0900][212.727s][info][gc,phases   ] GC(635)   Pre Evacuate Collection Set: 0.0ms
[2026-03-25T22:12:07.516+0900][212.727s][info][gc,phases   ] GC(635)   Merge Heap Roots: 0.0ms
[2026-03-25T22:12:07.516+0900][212.727s][info][gc,phases   ] GC(635)   Evacuate Collection Set: 0.4ms
[2026-03-25T22:12:07.516+0900][212.727s][info][gc,phases   ] GC(635)   Post Evacuate Collection Set: 0.1ms
[2026-03-25T22:12:07.516+0900][212.727s][info][gc,phases   ] GC(635)   Other: 0.1ms
[2026-03-25T22:12:07.516+0900][212.727s][info][gc,heap     ] GC(635) Eden regions: 6->0(6)
[2026-03-25T22:12:07.516+0900][212.727s][info][gc,heap     ] GC(635) Survivor regions: 1->1(1)
[2026-03-25T22:12:07.516+0900][212.727s][info][gc,heap     ] GC(635) Old regions: 23->23
[2026-03-25T22:12:07.516+0900][212.727s][info][gc,heap     ] GC(635) Archive regions: 2->2
[2026-03-25T22:12:07.516+0900][212.727s][info][gc,heap     ] GC(635) Humongous regions: 24->24
[2026-03-25T22:12:07.516+0900][212.727s][info][gc,metaspace] GC(635) Metaspace: 104199K(105216K)->104199K(105216K) NonClass: 88930K(89472K)->88930K(89472K) Class: 15269K(15744K)->15269K(15744K)
[2026-03-25T22:12:07.516+0900][212.727s][info][gc          ] GC(635) Pause Young (Normal) (G1 Evacuation Pause) 214M->190M(256M) 0.713ms
[2026-03-25T22:12:07.516+0900][212.727s][info][gc,cpu      ] GC(635) User=0.00s Sys=0.00s Real=0.00s
[2026-03-25T22:12:07.606+0900][212.817s][info][gc,start    ] GC(636) Pause Young (Normal) (G1 Evacuation Pause)
[2026-03-25T22:12:07.606+0900][212.817s][info][gc,task     ] GC(636) Using 8 workers of 10 for evacuation
[2026-03-25T22:12:07.607+0900][212.818s][info][gc,phases   ] GC(636)   Pre Evacuate Collection Set: 0.0ms
[2026-03-25T22:12:07.607+0900][212.818s][info][gc,phases   ] GC(636)   Merge Heap Roots: 0.0ms
[2026-03-25T22:12:07.607+0900][212.818s][info][gc,phases   ] GC(636)   Evacuate Collection Set: 0.4ms
[2026-03-25T22:12:07.607+0900][212.818s][info][gc,phases   ] GC(636)   Post Evacuate Collection Set: 0.1ms
[2026-03-25T22:12:07.607+0900][212.818s][info][gc,phases   ] GC(636)   Other: 0.1ms
[2026-03-25T22:12:07.607+0900][212.818s][info][gc,heap     ] GC(636) Eden regions: 6->0(6)
[2026-03-25T22:12:07.607+0900][212.818s][info][gc,heap     ] GC(636) Survivor regions: 1->1(1)
[2026-03-25T22:12:07.607+0900][212.818s][info][gc,heap     ] GC(636) Old regions: 23->23
[2026-03-25T22:12:07.607+0900][212.818s][info][gc,heap     ] GC(636) Archive regions: 2->2
[2026-03-25T22:12:07.607+0900][212.818s][info][gc,heap     ] GC(636) Humongous regions: 24->24
[2026-03-25T22:12:07.607+0900][212.818s][info][gc,metaspace] GC(636) Metaspace: 104199K(105216K)->104199K(105216K) NonClass: 88930K(89472K)->88930K(89472K) Class: 15269K(15744K)->15269K(15744K)
[2026-03-25T22:12:07.607+0900][212.818s][info][gc          ] GC(636) Pause Young (Normal) (G1 Evacuation Pause) 214M->190M(256M) 0.729ms
[2026-03-25T22:12:07.607+0900][212.818s][info][gc,cpu      ] GC(636) User=0.00s Sys=0.00s Real=0.00s
[2026-03-25T22:12:07.821+0900][213.032s][info][gc,start    ] GC(637) Pause Young (Normal) (G1 Evacuation Pause)
[2026-03-25T22:12:07.821+0900][213.032s][info][gc,task     ] GC(637) Using 8 workers of 10 for evacuation
[2026-03-25T22:12:07.822+0900][213.033s][info][gc,phases   ] GC(637)   Pre Evacuate Collection Set: 0.1ms
[2026-03-25T22:12:07.822+0900][213.033s][info][gc,phases   ] GC(637)   Merge Heap Roots: 0.1ms
[2026-03-25T22:12:07.822+0900][213.033s][info][gc,phases   ] GC(637)   Evacuate Collection Set: 0.4ms
[2026-03-25T22:12:07.822+0900][213.033s][info][gc,phases   ] GC(637)   Post Evacuate Collection Set: 0.1ms
[2026-03-25T22:12:07.822+0900][213.033s][info][gc,phases   ] GC(637)   Other: 0.1ms
[2026-03-25T22:12:07.822+0900][213.033s][info][gc,heap     ] GC(637) Eden regions: 6->0(6)
[2026-03-25T22:12:07.822+0900][213.033s][info][gc,heap     ] GC(637) Survivor regions: 1->1(1)
[2026-03-25T22:12:07.822+0900][213.033s][info][gc,heap     ] GC(637) Old regions: 23->23
[2026-03-25T22:12:07.822+0900][213.033s][info][gc,heap     ] GC(637) Archive regions: 2->2
[2026-03-25T22:12:07.822+0900][213.033s][info][gc,heap     ] GC(637) Humongous regions: 24->24
[2026-03-25T22:12:07.822+0900][213.033s][info][gc,metaspace] GC(637) Metaspace: 104199K(105216K)->104199K(105216K) NonClass: 88930K(89472K)->88930K(89472K) Class: 15269K(15744K)->15269K(15744K)
[2026-03-25T22:12:07.822+0900][213.033s][info][gc          ] GC(637) Pause Young (Normal) (G1 Evacuation Pause) 214M->189M(256M) 0.768ms
[2026-03-25T22:12:07.822+0900][213.033s][info][gc,cpu      ] GC(637) User=0.00s Sys=0.00s Real=0.00s
[2026-03-25T22:12:07.967+0900][213.178s][info][gc,start    ] GC(638) Pause Young (Normal) (G1 Evacuation Pause)
[2026-03-25T22:12:07.967+0900][213.178s][info][gc,task     ] GC(638) Using 8 workers of 10 for evacuation
[2026-03-25T22:12:07.967+0900][213.178s][info][gc,phases   ] GC(638)   Pre Evacuate Collection Set: 0.0ms
[2026-03-25T22:12:07.967+0900][213.178s][info][gc,phases   ] GC(638)   Merge Heap Roots: 0.0ms
[2026-03-25T22:12:07.967+0900][213.178s][info][gc,phases   ] GC(638)   Evacuate Collection Set: 0.4ms
[2026-03-25T22:12:07.967+0900][213.178s][info][gc,phases   ] GC(638)   Post Evacuate Collection Set: 0.1ms
[2026-03-25T22:12:07.967+0900][213.178s][info][gc,phases   ] GC(638)   Other: 0.1ms
[2026-03-25T22:12:07.967+0900][213.178s][info][gc,heap     ] GC(638) Eden regions: 6->0(6)
[2026-03-25T22:12:07.967+0900][213.178s][info][gc,heap     ] GC(638) Survivor regions: 1->1(1)
[2026-03-25T22:12:07.967+0900][213.178s][info][gc,heap     ] GC(638) Old regions: 23->23
[2026-03-25T22:12:07.967+0900][213.178s][info][gc,heap     ] GC(638) Archive regions: 2->2
[2026-03-25T22:12:07.967+0900][213.178s][info][gc,heap     ] GC(638) Humongous regions: 24->24
[2026-03-25T22:12:07.967+0900][213.178s][info][gc,metaspace] GC(638) Metaspace: 104199K(105216K)->104199K(105216K) NonClass: 88930K(89472K)->88930K(89472K) Class: 15269K(15744K)->15269K(15744K)
[2026-03-25T22:12:07.967+0900][213.178s][info][gc          ] GC(638) Pause Young (Normal) (G1 Evacuation Pause) 213M->189M(256M) 0.686ms
[2026-03-25T22:12:07.967+0900][213.178s][info][gc,cpu      ] GC(638) User=0.00s Sys=0.00s Real=0.00s
[2026-03-25T22:12:08.078+0900][213.289s][info][gc,start    ] GC(639) Pause Young (Normal) (G1 Evacuation Pause)
[2026-03-25T22:12:08.078+0900][213.289s][info][gc,task     ] GC(639) Using 8 workers of 10 for evacuation
[2026-03-25T22:12:08.079+0900][213.290s][info][gc,phases   ] GC(639)   Pre Evacuate Collection Set: 0.0ms
[2026-03-25T22:12:08.079+0900][213.290s][info][gc,phases   ] GC(639)   Merge Heap Roots: 0.1ms
[2026-03-25T22:12:08.079+0900][213.290s][info][gc,phases   ] GC(639)   Evacuate Collection Set: 0.4ms
[2026-03-25T22:12:08.079+0900][213.290s][info][gc,phases   ] GC(639)   Post Evacuate Collection Set: 0.1ms
[2026-03-25T22:12:08.079+0900][213.290s][info][gc,phases   ] GC(639)   Other: 0.1ms
[2026-03-25T22:12:08.079+0900][213.290s][info][gc,heap     ] GC(639) Eden regions: 6->0(6)
[2026-03-25T22:12:08.079+0900][213.290s][info][gc,heap     ] GC(639) Survivor regions: 1->1(1)
[2026-03-25T22:12:08.079+0900][213.290s][info][gc,heap     ] GC(639) Old regions: 23->23
[2026-03-25T22:12:08.079+0900][213.290s][info][gc,heap     ] GC(639) Archive regions: 2->2
[2026-03-25T22:12:08.079+0900][213.290s][info][gc,heap     ] GC(639) Humongous regions: 24->24
[2026-03-25T22:12:08.079+0900][213.290s][info][gc,metaspace] GC(639) Metaspace: 104199K(105216K)->104199K(105216K) NonClass: 88930K(89472K)->88930K(89472K) Class: 15269K(15744K)->15269K(15744K)
[2026-03-25T22:12:08.079+0900][213.290s][info][gc          ] GC(639) Pause Young (Normal) (G1 Evacuation Pause) 213M->189M(256M) 0.762ms
[2026-03-25T22:12:08.079+0900][213.290s][info][gc,cpu      ] GC(639) User=0.01s Sys=0.00s Real=0.00s
[2026-03-25T22:12:08.203+0900][213.414s][info][gc,start    ] GC(640) Pause Young (Normal) (G1 Evacuation Pause)
[2026-03-25T22:12:08.203+0900][213.414s][info][gc,task     ] GC(640) Using 8 workers of 10 for evacuation
[2026-03-25T22:12:08.203+0900][213.414s][info][gc,phases   ] GC(640)   Pre Evacuate Collection Set: 0.0ms
[2026-03-25T22:12:08.203+0900][213.414s][info][gc,phases   ] GC(640)   Merge Heap Roots: 0.0ms
[2026-03-25T22:12:08.203+0900][213.414s][info][gc,phases   ] GC(640)   Evacuate Collection Set: 0.4ms
[2026-03-25T22:12:08.203+0900][213.414s][info][gc,phases   ] GC(640)   Post Evacuate Collection Set: 0.1ms
[2026-03-25T22:12:08.203+0900][213.414s][info][gc,phases   ] GC(640)   Other: 0.1ms
[2026-03-25T22:12:08.203+0900][213.414s][info][gc,heap     ] GC(640) Eden regions: 6->0(6)
[2026-03-25T22:12:08.203+0900][213.414s][info][gc,heap     ] GC(640) Survivor regions: 1->1(1)
[2026-03-25T22:12:08.203+0900][213.414s][info][gc,heap     ] GC(640) Old regions: 23->23
[2026-03-25T22:12:08.203+0900][213.414s][info][gc,heap     ] GC(640) Archive regions: 2->2
[2026-03-25T22:12:08.203+0900][213.414s][info][gc,heap     ] GC(640) Humongous regions: 24->24
[2026-03-25T22:12:08.203+0900][213.414s][info][gc,metaspace] GC(640) Metaspace: 104199K(105216K)->104199K(105216K) NonClass: 88930K(89472K)->88930K(89472K) Class: 15269K(15744K)->15269K(15744K)
[2026-03-25T22:12:08.203+0900][213.414s][info][gc          ] GC(640) Pause Young (Normal) (G1 Evacuation Pause) 213M->190M(256M) 0.695ms
[2026-03-25T22:12:08.203+0900][213.414s][info][gc,cpu      ] GC(640) User=0.01s Sys=0.00s Real=0.00s
[2026-03-25T22:12:08.277+0900][213.488s][info][gc,start    ] GC(641) Pause Young (Normal) (G1 Evacuation Pause)
[2026-03-25T22:12:08.277+0900][213.488s][info][gc,task     ] GC(641) Using 8 workers of 10 for evacuation
[2026-03-25T22:12:08.277+0900][213.488s][info][gc,phases   ] GC(641)   Pre Evacuate Collection Set: 0.0ms
[2026-03-25T22:12:08.277+0900][213.488s][info][gc,phases   ] GC(641)   Merge Heap Roots: 0.0ms
[2026-03-25T22:12:08.277+0900][213.488s][info][gc,phases   ] GC(641)   Evacuate Collection Set: 0.4ms
[2026-03-25T22:12:08.277+0900][213.488s][info][gc,phases   ] GC(641)   Post Evacuate Collection Set: 0.1ms
[2026-03-25T22:12:08.277+0900][213.488s][info][gc,phases   ] GC(641)   Other: 0.1ms
[2026-03-25T22:12:08.277+0900][213.488s][info][gc,heap     ] GC(641) Eden regions: 6->0(6)
[2026-03-25T22:12:08.277+0900][213.488s][info][gc,heap     ] GC(641) Survivor regions: 1->1(1)
[2026-03-25T22:12:08.277+0900][213.488s][info][gc,heap     ] GC(641) Old regions: 23->23
[2026-03-25T22:12:08.277+0900][213.488s][info][gc,heap     ] GC(641) Archive regions: 2->2
[2026-03-25T22:12:08.277+0900][213.488s][info][gc,heap     ] GC(641) Humongous regions: 24->24
[2026-03-25T22:12:08.277+0900][213.488s][info][gc,metaspace] GC(641) Metaspace: 104199K(105216K)->104199K(105216K) NonClass: 88930K(89472K)->88930K(89472K) Class: 15269K(15744K)->15269K(15744K)
[2026-03-25T22:12:08.277+0900][213.488s][info][gc          ] GC(641) Pause Young (Normal) (G1 Evacuation Pause) 214M->190M(256M) 0.794ms
[2026-03-25T22:12:08.277+0900][213.488s][info][gc,cpu      ] GC(641) User=0.00s Sys=0.00s Real=0.00s
[2026-03-25T22:12:08.360+0900][213.571s][info][gc,start    ] GC(642) Pause Young (Normal) (G1 Evacuation Pause)
[2026-03-25T22:12:08.361+0900][213.571s][info][gc,task     ] GC(642) Using 8 workers of 10 for evacuation
[2026-03-25T22:12:08.364+0900][213.575s][info][gc,phases   ] GC(642)   Pre Evacuate Collection Set: 0.3ms
[2026-03-25T22:12:08.364+0900][213.575s][info][gc,phases   ] GC(642)   Merge Heap Roots: 0.1ms
[2026-03-25T22:12:08.364+0900][213.575s][info][gc,phases   ] GC(642)   Evacuate Collection Set: 1.8ms
[2026-03-25T22:12:08.364+0900][213.575s][info][gc,phases   ] GC(642)   Post Evacuate Collection Set: 1.4ms
[2026-03-25T22:12:08.364+0900][213.575s][info][gc,phases   ] GC(642)   Other: 0.2ms
[2026-03-25T22:12:08.364+0900][213.575s][info][gc,heap     ] GC(642) Eden regions: 6->0(6)
[2026-03-25T22:12:08.364+0900][213.575s][info][gc,heap     ] GC(642) Survivor regions: 1->1(1)
[2026-03-25T22:12:08.364+0900][213.575s][info][gc,heap     ] GC(642) Old regions: 23->23
[2026-03-25T22:12:08.364+0900][213.575s][info][gc,heap     ] GC(642) Archive regions: 2->2
[2026-03-25T22:12:08.364+0900][213.575s][info][gc,heap     ] GC(642) Humongous regions: 24->24
[2026-03-25T22:12:08.364+0900][213.575s][info][gc,metaspace] GC(642) Metaspace: 104199K(105216K)->104199K(105216K) NonClass: 88930K(89472K)->88930K(89472K) Class: 15269K(15744K)->15269K(15744K)
[2026-03-25T22:12:08.364+0900][213.575s][info][gc          ] GC(642) Pause Young (Normal) (G1 Evacuation Pause) 214M->191M(256M) 3.843ms
[2026-03-25T22:12:08.364+0900][213.575s][info][gc,cpu      ] GC(642) User=0.01s Sys=0.00s Real=0.00s
[2026-03-25T22:12:08.438+0900][213.649s][info][gc,start    ] GC(643) Pause Young (Normal) (G1 Evacuation Pause)
[2026-03-25T22:12:08.438+0900][213.649s][info][gc,task     ] GC(643) Using 8 workers of 10 for evacuation
[2026-03-25T22:12:08.439+0900][213.650s][info][gc,phases   ] GC(643)   Pre Evacuate Collection Set: 0.0ms
[2026-03-25T22:12:08.439+0900][213.650s][info][gc,phases   ] GC(643)   Merge Heap Roots: 0.0ms
[2026-03-25T22:12:08.439+0900][213.650s][info][gc,phases   ] GC(643)   Evacuate Collection Set: 0.7ms
[2026-03-25T22:12:08.439+0900][213.650s][info][gc,phases   ] GC(643)   Post Evacuate Collection Set: 0.2ms
[2026-03-25T22:12:08.439+0900][213.650s][info][gc,phases   ] GC(643)   Other: 0.1ms
[2026-03-25T22:12:08.439+0900][213.650s][info][gc,heap     ] GC(643) Eden regions: 6->0(6)
[2026-03-25T22:12:08.439+0900][213.650s][info][gc,heap     ] GC(643) Survivor regions: 1->1(1)
[2026-03-25T22:12:08.439+0900][213.650s][info][gc,heap     ] GC(643) Old regions: 23->23
[2026-03-25T22:12:08.439+0900][213.650s][info][gc,heap     ] GC(643) Archive regions: 2->2
[2026-03-25T22:12:08.439+0900][213.650s][info][gc,heap     ] GC(643) Humongous regions: 24->24
[2026-03-25T22:12:08.439+0900][213.650s][info][gc,metaspace] GC(643) Metaspace: 104199K(105216K)->104199K(105216K) NonClass: 88930K(89472K)->88930K(89472K) Class: 15269K(15744K)->15269K(15744K)
[2026-03-25T22:12:08.439+0900][213.650s][info][gc          ] GC(643) Pause Young (Normal) (G1 Evacuation Pause) 215M->192M(256M) 1.045ms
[2026-03-25T22:12:08.439+0900][213.650s][info][gc,cpu      ] GC(643) User=0.01s Sys=0.00s Real=0.00s
[2026-03-25T22:12:08.495+0900][213.706s][info][gc,start    ] GC(644) Pause Young (Normal) (G1 Evacuation Pause)
[2026-03-25T22:12:08.495+0900][213.706s][info][gc,task     ] GC(644) Using 8 workers of 10 for evacuation
[2026-03-25T22:12:08.496+0900][213.707s][info][gc,phases   ] GC(644)   Pre Evacuate Collection Set: 0.0ms
[2026-03-25T22:12:08.496+0900][213.707s][info][gc,phases   ] GC(644)   Merge Heap Roots: 0.0ms
[2026-03-25T22:12:08.496+0900][213.707s][info][gc,phases   ] GC(644)   Evacuate Collection Set: 0.5ms
[2026-03-25T22:12:08.496+0900][213.707s][info][gc,phases   ] GC(644)   Post Evacuate Collection Set: 0.1ms
[2026-03-25T22:12:08.496+0900][213.707s][info][gc,phases   ] GC(644)   Other: 0.1ms
[2026-03-25T22:12:08.496+0900][213.707s][info][gc,heap     ] GC(644) Eden regions: 6->0(6)
[2026-03-25T22:12:08.496+0900][213.707s][info][gc,heap     ] GC(644) Survivor regions: 1->1(1)
[2026-03-25T22:12:08.496+0900][213.707s][info][gc,heap     ] GC(644) Old regions: 23->23
[2026-03-25T22:12:08.496+0900][213.707s][info][gc,heap     ] GC(644) Archive regions: 2->2
[2026-03-25T22:12:08.496+0900][213.707s][info][gc,heap     ] GC(644) Humongous regions: 24->24
[2026-03-25T22:12:08.496+0900][213.707s][info][gc,metaspace] GC(644) Metaspace: 104199K(105216K)->104199K(105216K) NonClass: 88930K(89472K)->88930K(89472K) Class: 15269K(15744K)->15269K(15744K)
[2026-03-25T22:12:08.496+0900][213.707s][info][gc          ] GC(644) Pause Young (Normal) (G1 Evacuation Pause) 216M->191M(256M) 0.849ms
[2026-03-25T22:12:08.496+0900][213.707s][info][gc,cpu      ] GC(644) User=0.01s Sys=0.00s Real=0.00s
[2026-03-25T22:12:08.564+0900][213.775s][info][gc,start    ] GC(645) Pause Young (Normal) (G1 Evacuation Pause)
[2026-03-25T22:12:08.564+0900][213.775s][info][gc,task     ] GC(645) Using 8 workers of 10 for evacuation
[2026-03-25T22:12:08.564+0900][213.775s][info][gc,phases   ] GC(645)   Pre Evacuate Collection Set: 0.1ms
[2026-03-25T22:12:08.564+0900][213.775s][info][gc,phases   ] GC(645)   Merge Heap Roots: 0.0ms
[2026-03-25T22:12:08.564+0900][213.775s][info][gc,phases   ] GC(645)   Evacuate Collection Set: 0.4ms
[2026-03-25T22:12:08.564+0900][213.775s][info][gc,phases   ] GC(645)   Post Evacuate Collection Set: 0.1ms
[2026-03-25T22:12:08.564+0900][213.775s][info][gc,phases   ] GC(645)   Other: 0.1ms
[2026-03-25T22:12:08.564+0900][213.775s][info][gc,heap     ] GC(645) Eden regions: 6->0(6)
[2026-03-25T22:12:08.564+0900][213.775s][info][gc,heap     ] GC(645) Survivor regions: 1->1(1)
[2026-03-25T22:12:08.564+0900][213.775s][info][gc,heap     ] GC(645) Old regions: 23->23
[2026-03-25T22:12:08.564+0900][213.775s][info][gc,heap     ] GC(645) Archive regions: 2->2
[2026-03-25T22:12:08.564+0900][213.775s][info][gc,heap     ] GC(645) Humongous regions: 24->24
[2026-03-25T22:12:08.564+0900][213.775s][info][gc,metaspace] GC(645) Metaspace: 104199K(105216K)->104199K(105216K) NonClass: 88930K(89472K)->88930K(89472K) Class: 15269K(15744K)->15269K(15744K)
[2026-03-25T22:12:08.564+0900][213.775s][info][gc          ] GC(645) Pause Young (Normal) (G1 Evacuation Pause) 215M->191M(256M) 0.743ms
[2026-03-25T22:12:08.564+0900][213.775s][info][gc,cpu      ] GC(645) User=0.00s Sys=0.00s Real=0.00s
[2026-03-25T22:12:08.646+0900][213.857s][info][gc,start    ] GC(646) Pause Young (Normal) (G1 Evacuation Pause)
[2026-03-25T22:12:08.646+0900][213.857s][info][gc,task     ] GC(646) Using 8 workers of 10 for evacuation
[2026-03-25T22:12:08.647+0900][213.858s][info][gc,phases   ] GC(646)   Pre Evacuate Collection Set: 0.0ms
[2026-03-25T22:12:08.647+0900][213.858s][info][gc,phases   ] GC(646)   Merge Heap Roots: 0.0ms
[2026-03-25T22:12:08.647+0900][213.858s][info][gc,phases   ] GC(646)   Evacuate Collection Set: 0.4ms
[2026-03-25T22:12:08.647+0900][213.858s][info][gc,phases   ] GC(646)   Post Evacuate Collection Set: 0.1ms
[2026-03-25T22:12:08.647+0900][213.858s][info][gc,phases   ] GC(646)   Other: 0.1ms
[2026-03-25T22:12:08.647+0900][213.858s][info][gc,heap     ] GC(646) Eden regions: 6->0(6)
[2026-03-25T22:12:08.647+0900][213.858s][info][gc,heap     ] GC(646) Survivor regions: 1->1(1)
[2026-03-25T22:12:08.647+0900][213.858s][info][gc,heap     ] GC(646) Old regions: 23->23
[2026-03-25T22:12:08.647+0900][213.858s][info][gc,heap     ] GC(646) Archive regions: 2->2
[2026-03-25T22:12:08.647+0900][213.858s][info][gc,heap     ] GC(646) Humongous regions: 24->24
[2026-03-25T22:12:08.647+0900][213.858s][info][gc,metaspace] GC(646) Metaspace: 104199K(105216K)->104199K(105216K) NonClass: 88930K(89472K)->88930K(89472K) Class: 15269K(15744K)->15269K(15744K)
[2026-03-25T22:12:08.647+0900][213.858s][info][gc          ] GC(646) Pause Young (Normal) (G1 Evacuation Pause) 215M->191M(256M) 0.670ms
[2026-03-25T22:12:08.647+0900][213.858s][info][gc,cpu      ] GC(646) User=0.00s Sys=0.00s Real=0.00s
[2026-03-25T22:12:08.809+0900][214.020s][info][gc,start    ] GC(647) Pause Young (Normal) (G1 Evacuation Pause)
[2026-03-25T22:12:08.809+0900][214.020s][info][gc,task     ] GC(647) Using 8 workers of 10 for evacuation
[2026-03-25T22:12:08.810+0900][214.021s][info][gc,phases   ] GC(647)   Pre Evacuate Collection Set: 0.0ms
[2026-03-25T22:12:08.810+0900][214.021s][info][gc,phases   ] GC(647)   Merge Heap Roots: 0.0ms
[2026-03-25T22:12:08.810+0900][214.021s][info][gc,phases   ] GC(647)   Evacuate Collection Set: 0.4ms
[2026-03-25T22:12:08.810+0900][214.021s][info][gc,phases   ] GC(647)   Post Evacuate Collection Set: 0.1ms
[2026-03-25T22:12:08.810+0900][214.021s][info][gc,phases   ] GC(647)   Other: 0.1ms
[2026-03-25T22:12:08.810+0900][214.021s][info][gc,heap     ] GC(647) Eden regions: 6->0(6)
[2026-03-25T22:12:08.810+0900][214.021s][info][gc,heap     ] GC(647) Survivor regions: 1->1(1)
[2026-03-25T22:12:08.810+0900][214.021s][info][gc,heap     ] GC(647) Old regions: 23->23
[2026-03-25T22:12:08.810+0900][214.021s][info][gc,heap     ] GC(647) Archive regions: 2->2
[2026-03-25T22:12:08.810+0900][214.021s][info][gc,heap     ] GC(647) Humongous regions: 24->24
[2026-03-25T22:12:08.810+0900][214.021s][info][gc,metaspace] GC(647) Metaspace: 104199K(105216K)->104199K(105216K) NonClass: 88930K(89472K)->88930K(89472K) Class: 15269K(15744K)->15269K(15744K)
[2026-03-25T22:12:08.810+0900][214.021s][info][gc          ] GC(647) Pause Young (Normal) (G1 Evacuation Pause) 215M->191M(256M) 0.726ms
[2026-03-25T22:12:08.810+0900][214.021s][info][gc,cpu      ] GC(647) User=0.00s Sys=0.01s Real=0.01s
[2026-03-25T22:12:08.906+0900][214.117s][info][gc,start    ] GC(648) Pause Young (Normal) (G1 Evacuation Pause)
[2026-03-25T22:12:08.906+0900][214.117s][info][gc,task     ] GC(648) Using 8 workers of 10 for evacuation
[2026-03-25T22:12:08.907+0900][214.118s][info][gc,phases   ] GC(648)   Pre Evacuate Collection Set: 0.0ms
[2026-03-25T22:12:08.907+0900][214.118s][info][gc,phases   ] GC(648)   Merge Heap Roots: 0.0ms
[2026-03-25T22:12:08.907+0900][214.118s][info][gc,phases   ] GC(648)   Evacuate Collection Set: 0.4ms
[2026-03-25T22:12:08.907+0900][214.118s][info][gc,phases   ] GC(648)   Post Evacuate Collection Set: 0.1ms
[2026-03-25T22:12:08.907+0900][214.118s][info][gc,phases   ] GC(648)   Other: 0.1ms
[2026-03-25T22:12:08.907+0900][214.118s][info][gc,heap     ] GC(648) Eden regions: 6->0(6)
[2026-03-25T22:12:08.907+0900][214.118s][info][gc,heap     ] GC(648) Survivor regions: 1->1(1)
[2026-03-25T22:12:08.907+0900][214.118s][info][gc,heap     ] GC(648) Old regions: 23->23
[2026-03-25T22:12:08.907+0900][214.118s][info][gc,heap     ] GC(648) Archive regions: 2->2
[2026-03-25T22:12:08.907+0900][214.118s][info][gc,heap     ] GC(648) Humongous regions: 24->24
[2026-03-25T22:12:08.907+0900][214.118s][info][gc,metaspace] GC(648) Metaspace: 104199K(105216K)->104199K(105216K) NonClass: 88930K(89472K)->88930K(89472K) Class: 15269K(15744K)->15269K(15744K)
[2026-03-25T22:12:08.907+0900][214.118s][info][gc          ] GC(648) Pause Young (Normal) (G1 Evacuation Pause) 215M->191M(256M) 0.675ms
[2026-03-25T22:12:08.907+0900][214.118s][info][gc,cpu      ] GC(648) User=0.00s Sys=0.00s Real=0.00s
[2026-03-25T22:12:08.993+0900][214.204s][info][gc,start    ] GC(649) Pause Young (Normal) (G1 Evacuation Pause)
[2026-03-25T22:12:08.993+0900][214.204s][info][gc,task     ] GC(649) Using 8 workers of 10 for evacuation
[2026-03-25T22:12:08.993+0900][214.204s][info][gc,phases   ] GC(649)   Pre Evacuate Collection Set: 0.1ms
[2026-03-25T22:12:08.993+0900][214.204s][info][gc,phases   ] GC(649)   Merge Heap Roots: 0.1ms
[2026-03-25T22:12:08.993+0900][214.204s][info][gc,phases   ] GC(649)   Evacuate Collection Set: 0.4ms
[2026-03-25T22:12:08.993+0900][214.204s][info][gc,phases   ] GC(649)   Post Evacuate Collection Set: 0.1ms
[2026-03-25T22:12:08.993+0900][214.204s][info][gc,phases   ] GC(649)   Other: 0.1ms
[2026-03-25T22:12:08.993+0900][214.204s][info][gc,heap     ] GC(649) Eden regions: 6->0(6)
[2026-03-25T22:12:08.993+0900][214.204s][info][gc,heap     ] GC(649) Survivor regions: 1->1(1)
[2026-03-25T22:12:08.994+0900][214.204s][info][gc,heap     ] GC(649) Old regions: 23->23
[2026-03-25T22:12:08.994+0900][214.204s][info][gc,heap     ] GC(649) Archive regions: 2->2
[2026-03-25T22:12:08.994+0900][214.204s][info][gc,heap     ] GC(649) Humongous regions: 24->24
[2026-03-25T22:12:08.994+0900][214.204s][info][gc,metaspace] GC(649) Metaspace: 104199K(105216K)->104199K(105216K) NonClass: 88930K(89472K)->88930K(89472K) Class: 15269K(15744K)->15269K(15744K)
[2026-03-25T22:12:08.994+0900][214.204s][info][gc          ] GC(649) Pause Young (Normal) (G1 Evacuation Pause) 215M->191M(256M) 0.745ms
[2026-03-25T22:12:08.994+0900][214.205s][info][gc,cpu      ] GC(649) User=0.00s Sys=0.00s Real=0.00s
[2026-03-25T22:12:09.121+0900][214.332s][info][gc,start    ] GC(650) Pause Young (Normal) (G1 Evacuation Pause)
[2026-03-25T22:12:09.121+0900][214.332s][info][gc,task     ] GC(650) Using 8 workers of 10 for evacuation
[2026-03-25T22:12:09.121+0900][214.332s][info][gc,phases   ] GC(650)   Pre Evacuate Collection Set: 0.0ms
[2026-03-25T22:12:09.121+0900][214.332s][info][gc,phases   ] GC(650)   Merge Heap Roots: 0.0ms
[2026-03-25T22:12:09.121+0900][214.332s][info][gc,phases   ] GC(650)   Evacuate Collection Set: 0.4ms
[2026-03-25T22:12:09.121+0900][214.332s][info][gc,phases   ] GC(650)   Post Evacuate Collection Set: 0.1ms
[2026-03-25T22:12:09.121+0900][214.332s][info][gc,phases   ] GC(650)   Other: 0.1ms
[2026-03-25T22:12:09.121+0900][214.332s][info][gc,heap     ] GC(650) Eden regions: 6->0(6)
[2026-03-25T22:12:09.121+0900][214.332s][info][gc,heap     ] GC(650) Survivor regions: 1->1(1)
[2026-03-25T22:12:09.121+0900][214.332s][info][gc,heap     ] GC(650) Old regions: 23->23
[2026-03-25T22:12:09.121+0900][214.332s][info][gc,heap     ] GC(650) Archive regions: 2->2
[2026-03-25T22:12:09.121+0900][214.332s][info][gc,heap     ] GC(650) Humongous regions: 24->24
[2026-03-25T22:12:09.121+0900][214.332s][info][gc,metaspace] GC(650) Metaspace: 104199K(105216K)->104199K(105216K) NonClass: 88930K(89472K)->88930K(89472K) Class: 15269K(15744K)->15269K(15744K)
[2026-03-25T22:12:09.121+0900][214.332s][info][gc          ] GC(650) Pause Young (Normal) (G1 Evacuation Pause) 215M->192M(256M) 0.767ms
[2026-03-25T22:12:09.122+0900][214.332s][info][gc,cpu      ] GC(650) User=0.00s Sys=0.00s Real=0.00s
[2026-03-25T22:12:09.225+0900][214.436s][info][gc,start    ] GC(651) Pause Young (Normal) (G1 Evacuation Pause)
[2026-03-25T22:12:09.225+0900][214.436s][info][gc,task     ] GC(651) Using 8 workers of 10 for evacuation
[2026-03-25T22:12:09.226+0900][214.437s][info][gc,phases   ] GC(651)   Pre Evacuate Collection Set: 0.0ms
[2026-03-25T22:12:09.226+0900][214.437s][info][gc,phases   ] GC(651)   Merge Heap Roots: 0.0ms
[2026-03-25T22:12:09.226+0900][214.437s][info][gc,phases   ] GC(651)   Evacuate Collection Set: 0.4ms
[2026-03-25T22:12:09.226+0900][214.437s][info][gc,phases   ] GC(651)   Post Evacuate Collection Set: 0.1ms
[2026-03-25T22:12:09.226+0900][214.437s][info][gc,phases   ] GC(651)   Other: 0.1ms
[2026-03-25T22:12:09.226+0900][214.437s][info][gc,heap     ] GC(651) Eden regions: 6->0(6)
[2026-03-25T22:12:09.226+0900][214.437s][info][gc,heap     ] GC(651) Survivor regions: 1->1(1)
[2026-03-25T22:12:09.226+0900][214.437s][info][gc,heap     ] GC(651) Old regions: 23->23
[2026-03-25T22:12:09.226+0900][214.437s][info][gc,heap     ] GC(651) Archive regions: 2->2
[2026-03-25T22:12:09.226+0900][214.437s][info][gc,heap     ] GC(651) Humongous regions: 24->24
[2026-03-25T22:12:09.226+0900][214.437s][info][gc,metaspace] GC(651) Metaspace: 104199K(105216K)->104199K(105216K) NonClass: 88930K(89472K)->88930K(89472K) Class: 15269K(15744K)->15269K(15744K)
[2026-03-25T22:12:09.226+0900][214.437s][info][gc          ] GC(651) Pause Young (Normal) (G1 Evacuation Pause) 216M->192M(256M) 0.755ms
[2026-03-25T22:12:09.226+0900][214.437s][info][gc,cpu      ] GC(651) User=0.00s Sys=0.00s Real=0.00s
[2026-03-25T22:12:09.335+0900][214.546s][info][gc,start    ] GC(652) Pause Young (Normal) (G1 Evacuation Pause)
[2026-03-25T22:12:09.335+0900][214.546s][info][gc,task     ] GC(652) Using 8 workers of 10 for evacuation
[2026-03-25T22:12:09.336+0900][214.547s][info][gc,phases   ] GC(652)   Pre Evacuate Collection Set: 0.0ms
[2026-03-25T22:12:09.336+0900][214.547s][info][gc,phases   ] GC(652)   Merge Heap Roots: 0.0ms
[2026-03-25T22:12:09.336+0900][214.547s][info][gc,phases   ] GC(652)   Evacuate Collection Set: 0.4ms
[2026-03-25T22:12:09.336+0900][214.547s][info][gc,phases   ] GC(652)   Post Evacuate Collection Set: 0.2ms
[2026-03-25T22:12:09.336+0900][214.547s][info][gc,phases   ] GC(652)   Other: 0.1ms
[2026-03-25T22:12:09.336+0900][214.547s][info][gc,heap     ] GC(652) Eden regions: 6->0(6)
[2026-03-25T22:12:09.336+0900][214.547s][info][gc,heap     ] GC(652) Survivor regions: 1->1(1)
[2026-03-25T22:12:09.336+0900][214.547s][info][gc,heap     ] GC(652) Old regions: 23->23
[2026-03-25T22:12:09.336+0900][214.547s][info][gc,heap     ] GC(652) Archive regions: 2->2
[2026-03-25T22:12:09.336+0900][214.547s][info][gc,heap     ] GC(652) Humongous regions: 24->24
[2026-03-25T22:12:09.336+0900][214.547s][info][gc,metaspace] GC(652) Metaspace: 104199K(105216K)->104199K(105216K) NonClass: 88930K(89472K)->88930K(89472K) Class: 15269K(15744K)->15269K(15744K)
[2026-03-25T22:12:09.336+0900][214.547s][info][gc          ] GC(652) Pause Young (Normal) (G1 Evacuation Pause) 216M->192M(256M) 0.786ms
[2026-03-25T22:12:09.336+0900][214.547s][info][gc,cpu      ] GC(652) User=0.00s Sys=0.00s Real=0.00s
[2026-03-25T22:12:09.475+0900][214.686s][info][gc,start    ] GC(653) Pause Young (Normal) (G1 Evacuation Pause)
[2026-03-25T22:12:09.475+0900][214.686s][info][gc,task     ] GC(653) Using 8 workers of 10 for evacuation
[2026-03-25T22:12:09.476+0900][214.687s][info][gc,phases   ] GC(653)   Pre Evacuate Collection Set: 0.0ms
[2026-03-25T22:12:09.476+0900][214.687s][info][gc,phases   ] GC(653)   Merge Heap Roots: 0.0ms
[2026-03-25T22:12:09.476+0900][214.687s][info][gc,phases   ] GC(653)   Evacuate Collection Set: 0.5ms
[2026-03-25T22:12:09.476+0900][214.687s][info][gc,phases   ] GC(653)   Post Evacuate Collection Set: 0.1ms
[2026-03-25T22:12:09.476+0900][214.687s][info][gc,phases   ] GC(653)   Other: 0.1ms
[2026-03-25T22:12:09.476+0900][214.687s][info][gc,heap     ] GC(653) Eden regions: 6->0(6)
[2026-03-25T22:12:09.476+0900][214.687s][info][gc,heap     ] GC(653) Survivor regions: 1->1(1)
[2026-03-25T22:12:09.476+0900][214.687s][info][gc,heap     ] GC(653) Old regions: 23->23
[2026-03-25T22:12:09.476+0900][214.687s][info][gc,heap     ] GC(653) Archive regions: 2->2
[2026-03-25T22:12:09.476+0900][214.687s][info][gc,heap     ] GC(653) Humongous regions: 24->24
[2026-03-25T22:12:09.476+0900][214.687s][info][gc,metaspace] GC(653) Metaspace: 104199K(105216K)->104199K(105216K) NonClass: 88930K(89472K)->88930K(89472K) Class: 15269K(15744K)->15269K(15744K)
[2026-03-25T22:12:09.476+0900][214.687s][info][gc          ] GC(653) Pause Young (Normal) (G1 Evacuation Pause) 216M->192M(256M) 0.802ms
[2026-03-25T22:12:09.476+0900][214.687s][info][gc,cpu      ] GC(653) User=0.01s Sys=0.00s Real=0.00s
[2026-03-25T22:12:09.566+0900][214.777s][info][gc,start    ] GC(654) Pause Young (Normal) (G1 Evacuation Pause)
[2026-03-25T22:12:09.566+0900][214.777s][info][gc,task     ] GC(654) Using 8 workers of 10 for evacuation
[2026-03-25T22:12:09.567+0900][214.778s][info][gc,phases   ] GC(654)   Pre Evacuate Collection Set: 0.0ms
[2026-03-25T22:12:09.567+0900][214.778s][info][gc,phases   ] GC(654)   Merge Heap Roots: 0.0ms
[2026-03-25T22:12:09.567+0900][214.778s][info][gc,phases   ] GC(654)   Evacuate Collection Set: 0.5ms
[2026-03-25T22:12:09.567+0900][214.778s][info][gc,phases   ] GC(654)   Post Evacuate Collection Set: 0.1ms
[2026-03-25T22:12:09.567+0900][214.778s][info][gc,phases   ] GC(654)   Other: 0.1ms
[2026-03-25T22:12:09.567+0900][214.778s][info][gc,heap     ] GC(654) Eden regions: 6->0(6)
[2026-03-25T22:12:09.567+0900][214.778s][info][gc,heap     ] GC(654) Survivor regions: 1->1(1)
[2026-03-25T22:12:09.567+0900][214.778s][info][gc,heap     ] GC(654) Old regions: 23->23
[2026-03-25T22:12:09.567+0900][214.778s][info][gc,heap     ] GC(654) Archive regions: 2->2
[2026-03-25T22:12:09.567+0900][214.778s][info][gc,heap     ] GC(654) Humongous regions: 24->24
[2026-03-25T22:12:09.567+0900][214.778s][info][gc,metaspace] GC(654) Metaspace: 104199K(105216K)->104199K(105216K) NonClass: 88930K(89472K)->88930K(89472K) Class: 15269K(15744K)->15269K(15744K)
[2026-03-25T22:12:09.567+0900][214.778s][info][gc          ] GC(654) Pause Young (Normal) (G1 Evacuation Pause) 216M->192M(256M) 0.842ms
[2026-03-25T22:12:09.567+0900][214.778s][info][gc,cpu      ] GC(654) User=0.01s Sys=0.00s Real=0.00s
[2026-03-25T22:12:09.656+0900][214.867s][info][gc,start    ] GC(655) Pause Young (Normal) (G1 Evacuation Pause)
[2026-03-25T22:12:09.656+0900][214.867s][info][gc,task     ] GC(655) Using 8 workers of 10 for evacuation
[2026-03-25T22:12:09.657+0900][214.868s][info][gc,phases   ] GC(655)   Pre Evacuate Collection Set: 0.0ms
[2026-03-25T22:12:09.657+0900][214.868s][info][gc,phases   ] GC(655)   Merge Heap Roots: 0.0ms
[2026-03-25T22:12:09.657+0900][214.868s][info][gc,phases   ] GC(655)   Evacuate Collection Set: 0.7ms
[2026-03-25T22:12:09.657+0900][214.868s][info][gc,phases   ] GC(655)   Post Evacuate Collection Set: 0.2ms
[2026-03-25T22:12:09.657+0900][214.868s][info][gc,phases   ] GC(655)   Other: 0.1ms
[2026-03-25T22:12:09.657+0900][214.868s][info][gc,heap     ] GC(655) Eden regions: 6->0(6)
[2026-03-25T22:12:09.657+0900][214.868s][info][gc,heap     ] GC(655) Survivor regions: 1->1(1)
[2026-03-25T22:12:09.657+0900][214.868s][info][gc,heap     ] GC(655) Old regions: 23->23
[2026-03-25T22:12:09.657+0900][214.868s][info][gc,heap     ] GC(655) Archive regions: 2->2
[2026-03-25T22:12:09.657+0900][214.868s][info][gc,heap     ] GC(655) Humongous regions: 24->24
[2026-03-25T22:12:09.657+0900][214.868s][info][gc,metaspace] GC(655) Metaspace: 104199K(105216K)->104199K(105216K) NonClass: 88930K(89472K)->88930K(89472K) Class: 15269K(15744K)->15269K(15744K)
[2026-03-25T22:12:09.657+0900][214.868s][info][gc          ] GC(655) Pause Young (Normal) (G1 Evacuation Pause) 216M->192M(256M) 1.001ms
[2026-03-25T22:12:09.657+0900][214.868s][info][gc,cpu      ] GC(655) User=0.01s Sys=0.00s Real=0.00s
[2026-03-25T22:12:09.716+0900][214.927s][info][gc,start    ] GC(656) Pause Young (Normal) (G1 Evacuation Pause)
[2026-03-25T22:12:09.716+0900][214.927s][info][gc,task     ] GC(656) Using 8 workers of 10 for evacuation
[2026-03-25T22:12:09.716+0900][214.927s][info][gc,phases   ] GC(656)   Pre Evacuate Collection Set: 0.0ms
[2026-03-25T22:12:09.716+0900][214.927s][info][gc,phases   ] GC(656)   Merge Heap Roots: 0.0ms
[2026-03-25T22:12:09.716+0900][214.927s][info][gc,phases   ] GC(656)   Evacuate Collection Set: 0.5ms
[2026-03-25T22:12:09.716+0900][214.927s][info][gc,phases   ] GC(656)   Post Evacuate Collection Set: 0.1ms
[2026-03-25T22:12:09.716+0900][214.927s][info][gc,phases   ] GC(656)   Other: 0.1ms
[2026-03-25T22:12:09.716+0900][214.927s][info][gc,heap     ] GC(656) Eden regions: 6->0(6)
[2026-03-25T22:12:09.716+0900][214.927s][info][gc,heap     ] GC(656) Survivor regions: 1->1(1)
[2026-03-25T22:12:09.716+0900][214.927s][info][gc,heap     ] GC(656) Old regions: 23->23
[2026-03-25T22:12:09.716+0900][214.927s][info][gc,heap     ] GC(656) Archive regions: 2->2
[2026-03-25T22:12:09.716+0900][214.927s][info][gc,heap     ] GC(656) Humongous regions: 24->24
[2026-03-25T22:12:09.716+0900][214.927s][info][gc,metaspace] GC(656) Metaspace: 104199K(105216K)->104199K(105216K) NonClass: 88930K(89472K)->88930K(89472K) Class: 15269K(15744K)->15269K(15744K)
[2026-03-25T22:12:09.716+0900][214.927s][info][gc          ] GC(656) Pause Young (Normal) (G1 Evacuation Pause) 216M->192M(256M) 0.875ms
[2026-03-25T22:12:09.716+0900][214.927s][info][gc,cpu      ] GC(656) User=0.01s Sys=0.00s Real=0.00s
[2026-03-25T22:12:09.812+0900][215.023s][info][gc,start    ] GC(657) Pause Young (Normal) (G1 Evacuation Pause)
[2026-03-25T22:12:09.812+0900][215.023s][info][gc,task     ] GC(657) Using 8 workers of 10 for evacuation
[2026-03-25T22:12:09.813+0900][215.024s][info][gc,phases   ] GC(657)   Pre Evacuate Collection Set: 0.0ms
[2026-03-25T22:12:09.813+0900][215.024s][info][gc,phases   ] GC(657)   Merge Heap Roots: 0.0ms
[2026-03-25T22:12:09.813+0900][215.024s][info][gc,phases   ] GC(657)   Evacuate Collection Set: 0.5ms
[2026-03-25T22:12:09.813+0900][215.024s][info][gc,phases   ] GC(657)   Post Evacuate Collection Set: 0.1ms
[2026-03-25T22:12:09.813+0900][215.024s][info][gc,phases   ] GC(657)   Other: 0.1ms
[2026-03-25T22:12:09.813+0900][215.024s][info][gc,heap     ] GC(657) Eden regions: 6->0(6)
[2026-03-25T22:12:09.813+0900][215.024s][info][gc,heap     ] GC(657) Survivor regions: 1->1(1)
[2026-03-25T22:12:09.813+0900][215.024s][info][gc,heap     ] GC(657) Old regions: 23->23
[2026-03-25T22:12:09.813+0900][215.024s][info][gc,heap     ] GC(657) Archive regions: 2->2
[2026-03-25T22:12:09.813+0900][215.024s][info][gc,heap     ] GC(657) Humongous regions: 24->24
[2026-03-25T22:12:09.813+0900][215.024s][info][gc,metaspace] GC(657) Metaspace: 104199K(105216K)->104199K(105216K) NonClass: 88930K(89472K)->88930K(89472K) Class: 15269K(15744K)->15269K(15744K)
[2026-03-25T22:12:09.813+0900][215.024s][info][gc          ] GC(657) Pause Young (Normal) (G1 Evacuation Pause) 216M->192M(256M) 0.803ms
[2026-03-25T22:12:09.813+0900][215.024s][info][gc,cpu      ] GC(657) User=0.01s Sys=0.00s Real=0.00s
[2026-03-25T22:12:09.956+0900][215.167s][info][gc,start    ] GC(658) Pause Young (Normal) (G1 Evacuation Pause)
[2026-03-25T22:12:09.956+0900][215.167s][info][gc,task     ] GC(658) Using 8 workers of 10 for evacuation
[2026-03-25T22:12:09.956+0900][215.167s][info][gc,phases   ] GC(658)   Pre Evacuate Collection Set: 0.0ms
[2026-03-25T22:12:09.956+0900][215.167s][info][gc,phases   ] GC(658)   Merge Heap Roots: 0.0ms
[2026-03-25T22:12:09.956+0900][215.167s][info][gc,phases   ] GC(658)   Evacuate Collection Set: 0.5ms
[2026-03-25T22:12:09.956+0900][215.167s][info][gc,phases   ] GC(658)   Post Evacuate Collection Set: 0.2ms
[2026-03-25T22:12:09.956+0900][215.167s][info][gc,phases   ] GC(658)   Other: 0.1ms
[2026-03-25T22:12:09.956+0900][215.167s][info][gc,heap     ] GC(658) Eden regions: 6->0(6)
[2026-03-25T22:12:09.956+0900][215.167s][info][gc,heap     ] GC(658) Survivor regions: 1->1(1)
[2026-03-25T22:12:09.956+0900][215.167s][info][gc,heap     ] GC(658) Old regions: 23->23
[2026-03-25T22:12:09.956+0900][215.167s][info][gc,heap     ] GC(658) Archive regions: 2->2
[2026-03-25T22:12:09.956+0900][215.167s][info][gc,heap     ] GC(658) Humongous regions: 24->24
[2026-03-25T22:12:09.957+0900][215.167s][info][gc,metaspace] GC(658) Metaspace: 104199K(105216K)->104199K(105216K) NonClass: 88930K(89472K)->88930K(89472K) Class: 15269K(15744K)->15269K(15744K)
[2026-03-25T22:12:09.957+0900][215.167s][info][gc          ] GC(658) Pause Young (Normal) (G1 Evacuation Pause) 216M->192M(256M) 0.859ms
[2026-03-25T22:12:09.957+0900][215.167s][info][gc,cpu      ] GC(658) User=0.01s Sys=0.00s Real=0.00s
[2026-03-25T22:12:10.034+0900][215.245s][info][gc,start    ] GC(659) Pause Young (Normal) (G1 Evacuation Pause)
[2026-03-25T22:12:10.034+0900][215.245s][info][gc,task     ] GC(659) Using 8 workers of 10 for evacuation
[2026-03-25T22:12:10.035+0900][215.246s][info][gc,phases   ] GC(659)   Pre Evacuate Collection Set: 0.0ms
[2026-03-25T22:12:10.035+0900][215.246s][info][gc,phases   ] GC(659)   Merge Heap Roots: 0.0ms
[2026-03-25T22:12:10.035+0900][215.246s][info][gc,phases   ] GC(659)   Evacuate Collection Set: 0.5ms
[2026-03-25T22:12:10.035+0900][215.246s][info][gc,phases   ] GC(659)   Post Evacuate Collection Set: 0.1ms
[2026-03-25T22:12:10.035+0900][215.246s][info][gc,phases   ] GC(659)   Other: 0.1ms
[2026-03-25T22:12:10.035+0900][215.246s][info][gc,heap     ] GC(659) Eden regions: 6->0(6)
[2026-03-25T22:12:10.035+0900][215.246s][info][gc,heap     ] GC(659) Survivor regions: 1->1(1)
[2026-03-25T22:12:10.035+0900][215.246s][info][gc,heap     ] GC(659) Old regions: 23->23
[2026-03-25T22:12:10.035+0900][215.246s][info][gc,heap     ] GC(659) Archive regions: 2->2
[2026-03-25T22:12:10.035+0900][215.246s][info][gc,heap     ] GC(659) Humongous regions: 24->24
[2026-03-25T22:12:10.035+0900][215.246s][info][gc,metaspace] GC(659) Metaspace: 104199K(105216K)->104199K(105216K) NonClass: 88930K(89472K)->88930K(89472K) Class: 15269K(15744K)->15269K(15744K)
[2026-03-25T22:12:10.035+0900][215.246s][info][gc          ] GC(659) Pause Young (Normal) (G1 Evacuation Pause) 216M->192M(256M) 0.831ms
[2026-03-25T22:12:10.035+0900][215.246s][info][gc,cpu      ] GC(659) User=0.00s Sys=0.00s Real=0.00s
[2026-03-25T22:12:10.120+0900][215.331s][info][gc,start    ] GC(660) Pause Young (Normal) (G1 Evacuation Pause)
[2026-03-25T22:12:10.120+0900][215.331s][info][gc,task     ] GC(660) Using 8 workers of 10 for evacuation
[2026-03-25T22:12:10.121+0900][215.332s][info][gc,phases   ] GC(660)   Pre Evacuate Collection Set: 0.0ms
[2026-03-25T22:12:10.121+0900][215.332s][info][gc,phases   ] GC(660)   Merge Heap Roots: 0.0ms
[2026-03-25T22:12:10.121+0900][215.332s][info][gc,phases   ] GC(660)   Evacuate Collection Set: 0.4ms
[2026-03-25T22:12:10.121+0900][215.332s][info][gc,phases   ] GC(660)   Post Evacuate Collection Set: 0.2ms
[2026-03-25T22:12:10.121+0900][215.332s][info][gc,phases   ] GC(660)   Other: 0.1ms
[2026-03-25T22:12:10.121+0900][215.332s][info][gc,heap     ] GC(660) Eden regions: 6->0(6)
[2026-03-25T22:12:10.121+0900][215.332s][info][gc,heap     ] GC(660) Survivor regions: 1->1(1)
[2026-03-25T22:12:10.121+0900][215.332s][info][gc,heap     ] GC(660) Old regions: 23->23
[2026-03-25T22:12:10.121+0900][215.332s][info][gc,heap     ] GC(660) Archive regions: 2->2
[2026-03-25T22:12:10.121+0900][215.332s][info][gc,heap     ] GC(660) Humongous regions: 24->24
[2026-03-25T22:12:10.121+0900][215.332s][info][gc,metaspace] GC(660) Metaspace: 104199K(105216K)->104199K(105216K) NonClass: 88930K(89472K)->88930K(89472K) Class: 15269K(15744K)->15269K(15744K)
[2026-03-25T22:12:10.121+0900][215.332s][info][gc          ] GC(660) Pause Young (Normal) (G1 Evacuation Pause) 216M->192M(256M) 0.774ms
[2026-03-25T22:12:10.121+0900][215.332s][info][gc,cpu      ] GC(660) User=0.00s Sys=0.00s Real=0.00s
[2026-03-25T22:12:10.204+0900][215.415s][info][gc,start    ] GC(661) Pause Young (Normal) (G1 Evacuation Pause)
[2026-03-25T22:12:10.204+0900][215.415s][info][gc,task     ] GC(661) Using 8 workers of 10 for evacuation
[2026-03-25T22:12:10.205+0900][215.416s][info][gc,phases   ] GC(661)   Pre Evacuate Collection Set: 0.1ms
[2026-03-25T22:12:10.205+0900][215.416s][info][gc,phases   ] GC(661)   Merge Heap Roots: 0.0ms
[2026-03-25T22:12:10.205+0900][215.416s][info][gc,phases   ] GC(661)   Evacuate Collection Set: 0.5ms
[2026-03-25T22:12:10.205+0900][215.416s][info][gc,phases   ] GC(661)   Post Evacuate Collection Set: 0.1ms
[2026-03-25T22:12:10.205+0900][215.416s][info][gc,phases   ] GC(661)   Other: 0.1ms
[2026-03-25T22:12:10.205+0900][215.416s][info][gc,heap     ] GC(661) Eden regions: 6->0(6)
[2026-03-25T22:12:10.205+0900][215.416s][info][gc,heap     ] GC(661) Survivor regions: 1->1(1)
[2026-03-25T22:12:10.205+0900][215.416s][info][gc,heap     ] GC(661) Old regions: 23->23
[2026-03-25T22:12:10.205+0900][215.416s][info][gc,heap     ] GC(661) Archive regions: 2->2
[2026-03-25T22:12:10.205+0900][215.416s][info][gc,heap     ] GC(661) Humongous regions: 24->24
[2026-03-25T22:12:10.205+0900][215.416s][info][gc,metaspace] GC(661) Metaspace: 104199K(105216K)->104199K(105216K) NonClass: 88930K(89472K)->88930K(89472K) Class: 15269K(15744K)->15269K(15744K)
[2026-03-25T22:12:10.205+0900][215.416s][info][gc          ] GC(661) Pause Young (Normal) (G1 Evacuation Pause) 216M->193M(256M) 0.850ms
[2026-03-25T22:12:10.205+0900][215.416s][info][gc,cpu      ] GC(661) User=0.00s Sys=0.00s Real=0.00s
[2026-03-25T22:12:10.363+0900][215.574s][info][gc,start    ] GC(662) Pause Young (Normal) (G1 Evacuation Pause)
[2026-03-25T22:12:10.363+0900][215.574s][info][gc,task     ] GC(662) Using 8 workers of 10 for evacuation
[2026-03-25T22:12:10.364+0900][215.575s][info][gc,phases   ] GC(662)   Pre Evacuate Collection Set: 0.1ms
[2026-03-25T22:12:10.364+0900][215.575s][info][gc,phases   ] GC(662)   Merge Heap Roots: 0.0ms
[2026-03-25T22:12:10.364+0900][215.575s][info][gc,phases   ] GC(662)   Evacuate Collection Set: 0.5ms
[2026-03-25T22:12:10.364+0900][215.575s][info][gc,phases   ] GC(662)   Post Evacuate Collection Set: 0.1ms
[2026-03-25T22:12:10.364+0900][215.575s][info][gc,phases   ] GC(662)   Other: 0.1ms
[2026-03-25T22:12:10.364+0900][215.575s][info][gc,heap     ] GC(662) Eden regions: 6->0(6)
[2026-03-25T22:12:10.364+0900][215.575s][info][gc,heap     ] GC(662) Survivor regions: 1->1(1)
[2026-03-25T22:12:10.364+0900][215.575s][info][gc,heap     ] GC(662) Old regions: 23->23
[2026-03-25T22:12:10.364+0900][215.575s][info][gc,heap     ] GC(662) Archive regions: 2->2
[2026-03-25T22:12:10.364+0900][215.575s][info][gc,heap     ] GC(662) Humongous regions: 24->24
[2026-03-25T22:12:10.364+0900][215.575s][info][gc,metaspace] GC(662) Metaspace: 104200K(105216K)->104200K(105216K) NonClass: 88930K(89472K)->88930K(89472K) Class: 15269K(15744K)->15269K(15744K)
[2026-03-25T22:12:10.364+0900][215.575s][info][gc          ] GC(662) Pause Young (Normal) (G1 Evacuation Pause) 217M->193M(256M) 0.873ms
[2026-03-25T22:12:10.364+0900][215.575s][info][gc,cpu      ] GC(662) User=0.01s Sys=0.00s Real=0.00s
[2026-03-25T22:12:10.503+0900][215.714s][info][gc,start    ] GC(663) Pause Young (Normal) (G1 Evacuation Pause)
[2026-03-25T22:12:10.503+0900][215.714s][info][gc,task     ] GC(663) Using 8 workers of 10 for evacuation
[2026-03-25T22:12:10.504+0900][215.715s][info][gc,phases   ] GC(663)   Pre Evacuate Collection Set: 0.0ms
[2026-03-25T22:12:10.504+0900][215.715s][info][gc,phases   ] GC(663)   Merge Heap Roots: 0.0ms
[2026-03-25T22:12:10.504+0900][215.715s][info][gc,phases   ] GC(663)   Evacuate Collection Set: 0.5ms
[2026-03-25T22:12:10.504+0900][215.715s][info][gc,phases   ] GC(663)   Post Evacuate Collection Set: 0.1ms
[2026-03-25T22:12:10.504+0900][215.715s][info][gc,phases   ] GC(663)   Other: 0.1ms
[2026-03-25T22:12:10.504+0900][215.715s][info][gc,heap     ] GC(663) Eden regions: 6->0(6)
[2026-03-25T22:12:10.504+0900][215.715s][info][gc,heap     ] GC(663) Survivor regions: 1->1(1)
[2026-03-25T22:12:10.504+0900][215.715s][info][gc,heap     ] GC(663) Old regions: 23->23
[2026-03-25T22:12:10.504+0900][215.715s][info][gc,heap     ] GC(663) Archive regions: 2->2
[2026-03-25T22:12:10.504+0900][215.715s][info][gc,heap     ] GC(663) Humongous regions: 24->24
[2026-03-25T22:12:10.504+0900][215.715s][info][gc,metaspace] GC(663) Metaspace: 104200K(105216K)->104200K(105216K) NonClass: 88930K(89472K)->88930K(89472K) Class: 15269K(15744K)->15269K(15744K)
[2026-03-25T22:12:10.504+0900][215.715s][info][gc          ] GC(663) Pause Young (Normal) (G1 Evacuation Pause) 217M->193M(256M) 0.812ms
[2026-03-25T22:12:10.504+0900][215.715s][info][gc,cpu      ] GC(663) User=0.01s Sys=0.00s Real=0.00s
[2026-03-25T22:12:10.595+0900][215.806s][info][gc,start    ] GC(664) Pause Young (Normal) (G1 Evacuation Pause)
[2026-03-25T22:12:10.595+0900][215.806s][info][gc,task     ] GC(664) Using 8 workers of 10 for evacuation
[2026-03-25T22:12:10.595+0900][215.806s][info][gc,phases   ] GC(664)   Pre Evacuate Collection Set: 0.0ms
[2026-03-25T22:12:10.595+0900][215.806s][info][gc,phases   ] GC(664)   Merge Heap Roots: 0.0ms
[2026-03-25T22:12:10.595+0900][215.806s][info][gc,phases   ] GC(664)   Evacuate Collection Set: 0.4ms
[2026-03-25T22:12:10.595+0900][215.806s][info][gc,phases   ] GC(664)   Post Evacuate Collection Set: 0.1ms
[2026-03-25T22:12:10.595+0900][215.806s][info][gc,phases   ] GC(664)   Other: 0.1ms
[2026-03-25T22:12:10.595+0900][215.806s][info][gc,heap     ] GC(664) Eden regions: 6->0(6)
[2026-03-25T22:12:10.595+0900][215.806s][info][gc,heap     ] GC(664) Survivor regions: 1->1(1)
[2026-03-25T22:12:10.595+0900][215.806s][info][gc,heap     ] GC(664) Old regions: 23->23
[2026-03-25T22:12:10.595+0900][215.806s][info][gc,heap     ] GC(664) Archive regions: 2->2
[2026-03-25T22:12:10.595+0900][215.806s][info][gc,heap     ] GC(664) Humongous regions: 24->24
[2026-03-25T22:12:10.595+0900][215.806s][info][gc,metaspace] GC(664) Metaspace: 104200K(105216K)->104200K(105216K) NonClass: 88930K(89472K)->88930K(89472K) Class: 15269K(15744K)->15269K(15744K)
[2026-03-25T22:12:10.595+0900][215.806s][info][gc          ] GC(664) Pause Young (Normal) (G1 Evacuation Pause) 217M->193M(256M) 0.758ms
[2026-03-25T22:12:10.595+0900][215.806s][info][gc,cpu      ] GC(664) User=0.00s Sys=0.00s Real=0.00s
[2026-03-25T22:12:10.696+0900][215.907s][info][gc,start    ] GC(665) Pause Young (Normal) (G1 Evacuation Pause)
[2026-03-25T22:12:10.696+0900][215.907s][info][gc,task     ] GC(665) Using 8 workers of 10 for evacuation
[2026-03-25T22:12:10.697+0900][215.908s][info][gc,phases   ] GC(665)   Pre Evacuate Collection Set: 0.0ms
[2026-03-25T22:12:10.697+0900][215.908s][info][gc,phases   ] GC(665)   Merge Heap Roots: 0.0ms
[2026-03-25T22:12:10.697+0900][215.908s][info][gc,phases   ] GC(665)   Evacuate Collection Set: 0.4ms
[2026-03-25T22:12:10.697+0900][215.908s][info][gc,phases   ] GC(665)   Post Evacuate Collection Set: 0.1ms
[2026-03-25T22:12:10.697+0900][215.908s][info][gc,phases   ] GC(665)   Other: 0.1ms
[2026-03-25T22:12:10.697+0900][215.908s][info][gc,heap     ] GC(665) Eden regions: 6->0(6)
[2026-03-25T22:12:10.697+0900][215.908s][info][gc,heap     ] GC(665) Survivor regions: 1->1(1)
[2026-03-25T22:12:10.697+0900][215.908s][info][gc,heap     ] GC(665) Old regions: 23->23
[2026-03-25T22:12:10.697+0900][215.908s][info][gc,heap     ] GC(665) Archive regions: 2->2
[2026-03-25T22:12:10.697+0900][215.908s][info][gc,heap     ] GC(665) Humongous regions: 24->24
[2026-03-25T22:12:10.697+0900][215.908s][info][gc,metaspace] GC(665) Metaspace: 104200K(105216K)->104200K(105216K) NonClass: 88930K(89472K)->88930K(89472K) Class: 15269K(15744K)->15269K(15744K)
[2026-03-25T22:12:10.697+0900][215.908s][info][gc          ] GC(665) Pause Young (Normal) (G1 Evacuation Pause) 217M->193M(256M) 0.738ms
[2026-03-25T22:12:10.697+0900][215.908s][info][gc,cpu      ] GC(665) User=0.01s Sys=0.00s Real=0.00s
[2026-03-25T22:12:10.774+0900][215.985s][info][gc,start    ] GC(666) Pause Young (Normal) (G1 Evacuation Pause)
[2026-03-25T22:12:10.774+0900][215.985s][info][gc,task     ] GC(666) Using 8 workers of 10 for evacuation
[2026-03-25T22:12:10.775+0900][215.986s][info][gc,phases   ] GC(666)   Pre Evacuate Collection Set: 0.0ms
[2026-03-25T22:12:10.775+0900][215.986s][info][gc,phases   ] GC(666)   Merge Heap Roots: 0.0ms
[2026-03-25T22:12:10.775+0900][215.986s][info][gc,phases   ] GC(666)   Evacuate Collection Set: 0.5ms
[2026-03-25T22:12:10.775+0900][215.986s][info][gc,phases   ] GC(666)   Post Evacuate Collection Set: 0.1ms
[2026-03-25T22:12:10.775+0900][215.986s][info][gc,phases   ] GC(666)   Other: 0.1ms
[2026-03-25T22:12:10.775+0900][215.986s][info][gc,heap     ] GC(666) Eden regions: 6->0(5)
[2026-03-25T22:12:10.775+0900][215.986s][info][gc,heap     ] GC(666) Survivor regions: 1->1(1)
[2026-03-25T22:12:10.775+0900][215.986s][info][gc,heap     ] GC(666) Old regions: 23->24
[2026-03-25T22:12:10.775+0900][215.986s][info][gc,heap     ] GC(666) Archive regions: 2->2
[2026-03-25T22:12:10.775+0900][215.986s][info][gc,heap     ] GC(666) Humongous regions: 24->24
[2026-03-25T22:12:10.775+0900][215.986s][info][gc,metaspace] GC(666) Metaspace: 104200K(105216K)->104200K(105216K) NonClass: 88930K(89472K)->88930K(89472K) Class: 15269K(15744K)->15269K(15744K)
[2026-03-25T22:12:10.775+0900][215.986s][info][gc          ] GC(666) Pause Young (Normal) (G1 Evacuation Pause) 217M->193M(256M) 0.815ms
[2026-03-25T22:12:10.775+0900][215.986s][info][gc,cpu      ] GC(666) User=0.00s Sys=0.00s Real=0.00s
[2026-03-25T22:12:10.896+0900][216.107s][info][gc,start    ] GC(667) Pause Young (Normal) (G1 Evacuation Pause)
[2026-03-25T22:12:10.896+0900][216.107s][info][gc,task     ] GC(667) Using 8 workers of 10 for evacuation
[2026-03-25T22:12:10.896+0900][216.107s][info][gc,phases   ] GC(667)   Pre Evacuate Collection Set: 0.1ms
[2026-03-25T22:12:10.896+0900][216.107s][info][gc,phases   ] GC(667)   Merge Heap Roots: 0.0ms
[2026-03-25T22:12:10.896+0900][216.107s][info][gc,phases   ] GC(667)   Evacuate Collection Set: 0.4ms
[2026-03-25T22:12:10.896+0900][216.107s][info][gc,phases   ] GC(667)   Post Evacuate Collection Set: 0.1ms
[2026-03-25T22:12:10.897+0900][216.107s][info][gc,phases   ] GC(667)   Other: 0.1ms
[2026-03-25T22:12:10.897+0900][216.107s][info][gc,heap     ] GC(667) Eden regions: 5->0(5)
[2026-03-25T22:12:10.897+0900][216.107s][info][gc,heap     ] GC(667) Survivor regions: 1->1(1)
[2026-03-25T22:12:10.897+0900][216.107s][info][gc,heap     ] GC(667) Old regions: 24->24
[2026-03-25T22:12:10.897+0900][216.107s][info][gc,heap     ] GC(667) Archive regions: 2->2
[2026-03-25T22:12:10.897+0900][216.107s][info][gc,heap     ] GC(667) Humongous regions: 24->24
[2026-03-25T22:12:10.897+0900][216.107s][info][gc,metaspace] GC(667) Metaspace: 104200K(105216K)->104200K(105216K) NonClass: 88930K(89472K)->88930K(89472K) Class: 15269K(15744K)->15269K(15744K)
[2026-03-25T22:12:10.897+0900][216.107s][info][gc          ] GC(667) Pause Young (Normal) (G1 Evacuation Pause) 213M->193M(256M) 0.808ms
[2026-03-25T22:12:10.897+0900][216.107s][info][gc,cpu      ] GC(667) User=0.00s Sys=0.00s Real=0.00s
[2026-03-25T22:12:11.033+0900][216.244s][info][gc,start    ] GC(668) Pause Young (Normal) (G1 Evacuation Pause)
[2026-03-25T22:12:11.033+0900][216.244s][info][gc,task     ] GC(668) Using 8 workers of 10 for evacuation
[2026-03-25T22:12:11.034+0900][216.245s][info][gc,phases   ] GC(668)   Pre Evacuate Collection Set: 0.0ms
[2026-03-25T22:12:11.034+0900][216.245s][info][gc,phases   ] GC(668)   Merge Heap Roots: 0.0ms
[2026-03-25T22:12:11.034+0900][216.245s][info][gc,phases   ] GC(668)   Evacuate Collection Set: 0.4ms
[2026-03-25T22:12:11.034+0900][216.245s][info][gc,phases   ] GC(668)   Post Evacuate Collection Set: 0.1ms
[2026-03-25T22:12:11.034+0900][216.245s][info][gc,phases   ] GC(668)   Other: 0.1ms
[2026-03-25T22:12:11.034+0900][216.245s][info][gc,heap     ] GC(668) Eden regions: 5->0(5)
[2026-03-25T22:12:11.034+0900][216.245s][info][gc,heap     ] GC(668) Survivor regions: 1->1(1)
[2026-03-25T22:12:11.034+0900][216.245s][info][gc,heap     ] GC(668) Old regions: 24->24
[2026-03-25T22:12:11.034+0900][216.245s][info][gc,heap     ] GC(668) Archive regions: 2->2
[2026-03-25T22:12:11.034+0900][216.245s][info][gc,heap     ] GC(668) Humongous regions: 24->24
[2026-03-25T22:12:11.034+0900][216.245s][info][gc,metaspace] GC(668) Metaspace: 104200K(105216K)->104200K(105216K) NonClass: 88930K(89472K)->88930K(89472K) Class: 15269K(15744K)->15269K(15744K)
[2026-03-25T22:12:11.034+0900][216.245s][info][gc          ] GC(668) Pause Young (Normal) (G1 Evacuation Pause) 213M->193M(256M) 0.762ms
[2026-03-25T22:12:11.034+0900][216.245s][info][gc,cpu      ] GC(668) User=0.00s Sys=0.00s Real=0.00s
[2026-03-25T22:12:11.130+0900][216.341s][info][gc,start    ] GC(669) Pause Young (Normal) (G1 Evacuation Pause)
[2026-03-25T22:12:11.130+0900][216.341s][info][gc,task     ] GC(669) Using 8 workers of 10 for evacuation
[2026-03-25T22:12:11.131+0900][216.342s][info][gc,phases   ] GC(669)   Pre Evacuate Collection Set: 0.0ms
[2026-03-25T22:12:11.131+0900][216.342s][info][gc,phases   ] GC(669)   Merge Heap Roots: 0.0ms
[2026-03-25T22:12:11.131+0900][216.342s][info][gc,phases   ] GC(669)   Evacuate Collection Set: 0.4ms
[2026-03-25T22:12:11.131+0900][216.342s][info][gc,phases   ] GC(669)   Post Evacuate Collection Set: 0.2ms
[2026-03-25T22:12:11.131+0900][216.342s][info][gc,phases   ] GC(669)   Other: 0.1ms
[2026-03-25T22:12:11.131+0900][216.342s][info][gc,heap     ] GC(669) Eden regions: 5->0(5)
[2026-03-25T22:12:11.131+0900][216.342s][info][gc,heap     ] GC(669) Survivor regions: 1->1(1)
[2026-03-25T22:12:11.131+0900][216.342s][info][gc,heap     ] GC(669) Old regions: 24->24
[2026-03-25T22:12:11.131+0900][216.342s][info][gc,heap     ] GC(669) Archive regions: 2->2
[2026-03-25T22:12:11.131+0900][216.342s][info][gc,heap     ] GC(669) Humongous regions: 24->24
[2026-03-25T22:12:11.131+0900][216.342s][info][gc,metaspace] GC(669) Metaspace: 104200K(105216K)->104200K(105216K) NonClass: 88930K(89472K)->88930K(89472K) Class: 15269K(15744K)->15269K(15744K)
[2026-03-25T22:12:11.131+0900][216.342s][info][gc          ] GC(669) Pause Young (Normal) (G1 Evacuation Pause) 213M->193M(256M) 0.748ms
[2026-03-25T22:12:11.131+0900][216.342s][info][gc,cpu      ] GC(669) User=0.01s Sys=0.00s Real=0.00s
[2026-03-25T22:12:11.196+0900][216.407s][info][gc,start    ] GC(670) Pause Young (Normal) (G1 Evacuation Pause)
[2026-03-25T22:12:11.196+0900][216.407s][info][gc,task     ] GC(670) Using 8 workers of 10 for evacuation
[2026-03-25T22:12:11.196+0900][216.407s][info][gc,phases   ] GC(670)   Pre Evacuate Collection Set: 0.0ms
[2026-03-25T22:12:11.196+0900][216.407s][info][gc,phases   ] GC(670)   Merge Heap Roots: 0.0ms
[2026-03-25T22:12:11.196+0900][216.407s][info][gc,phases   ] GC(670)   Evacuate Collection Set: 0.5ms
[2026-03-25T22:12:11.196+0900][216.407s][info][gc,phases   ] GC(670)   Post Evacuate Collection Set: 0.1ms
[2026-03-25T22:12:11.196+0900][216.407s][info][gc,phases   ] GC(670)   Other: 0.1ms
[2026-03-25T22:12:11.196+0900][216.407s][info][gc,heap     ] GC(670) Eden regions: 5->0(5)
[2026-03-25T22:12:11.196+0900][216.407s][info][gc,heap     ] GC(670) Survivor regions: 1->1(1)
[2026-03-25T22:12:11.196+0900][216.407s][info][gc,heap     ] GC(670) Old regions: 24->24
[2026-03-25T22:12:11.196+0900][216.407s][info][gc,heap     ] GC(670) Archive regions: 2->2
[2026-03-25T22:12:11.196+0900][216.407s][info][gc,heap     ] GC(670) Humongous regions: 24->24
[2026-03-25T22:12:11.196+0900][216.407s][info][gc,metaspace] GC(670) Metaspace: 104200K(105216K)->104200K(105216K) NonClass: 88930K(89472K)->88930K(89472K) Class: 15269K(15744K)->15269K(15744K)
[2026-03-25T22:12:11.196+0900][216.407s][info][gc          ] GC(670) Pause Young (Normal) (G1 Evacuation Pause) 213M->193M(256M) 0.836ms
[2026-03-25T22:12:11.196+0900][216.407s][info][gc,cpu      ] GC(670) User=0.01s Sys=0.00s Real=0.00s
[2026-03-25T22:12:11.260+0900][216.471s][info][gc,start    ] GC(671) Pause Young (Normal) (G1 Evacuation Pause)
[2026-03-25T22:12:11.260+0900][216.471s][info][gc,task     ] GC(671) Using 8 workers of 10 for evacuation
[2026-03-25T22:12:11.261+0900][216.472s][info][gc,phases   ] GC(671)   Pre Evacuate Collection Set: 0.0ms
[2026-03-25T22:12:11.261+0900][216.472s][info][gc,phases   ] GC(671)   Merge Heap Roots: 0.0ms
[2026-03-25T22:12:11.261+0900][216.472s][info][gc,phases   ] GC(671)   Evacuate Collection Set: 0.5ms
[2026-03-25T22:12:11.261+0900][216.472s][info][gc,phases   ] GC(671)   Post Evacuate Collection Set: 0.1ms
[2026-03-25T22:12:11.261+0900][216.472s][info][gc,phases   ] GC(671)   Other: 0.1ms
[2026-03-25T22:12:11.261+0900][216.472s][info][gc,heap     ] GC(671) Eden regions: 5->0(5)
[2026-03-25T22:12:11.261+0900][216.472s][info][gc,heap     ] GC(671) Survivor regions: 1->1(1)
[2026-03-25T22:12:11.261+0900][216.472s][info][gc,heap     ] GC(671) Old regions: 24->24
[2026-03-25T22:12:11.261+0900][216.472s][info][gc,heap     ] GC(671) Archive regions: 2->2
[2026-03-25T22:12:11.261+0900][216.472s][info][gc,heap     ] GC(671) Humongous regions: 24->24
[2026-03-25T22:12:11.261+0900][216.472s][info][gc,metaspace] GC(671) Metaspace: 104200K(105216K)->104200K(105216K) NonClass: 88930K(89472K)->88930K(89472K) Class: 15269K(15744K)->15269K(15744K)
[2026-03-25T22:12:11.261+0900][216.472s][info][gc          ] GC(671) Pause Young (Normal) (G1 Evacuation Pause) 213M->193M(256M) 0.851ms
[2026-03-25T22:12:11.261+0900][216.472s][info][gc,cpu      ] GC(671) User=0.00s Sys=0.01s Real=0.00s
[2026-03-25T22:12:11.314+0900][216.525s][info][gc,start    ] GC(672) Pause Young (Normal) (G1 Evacuation Pause)
[2026-03-25T22:12:11.314+0900][216.525s][info][gc,task     ] GC(672) Using 8 workers of 10 for evacuation
[2026-03-25T22:12:11.315+0900][216.526s][info][gc,phases   ] GC(672)   Pre Evacuate Collection Set: 0.0ms
[2026-03-25T22:12:11.315+0900][216.526s][info][gc,phases   ] GC(672)   Merge Heap Roots: 0.0ms
[2026-03-25T22:12:11.315+0900][216.526s][info][gc,phases   ] GC(672)   Evacuate Collection Set: 0.4ms
[2026-03-25T22:12:11.315+0900][216.526s][info][gc,phases   ] GC(672)   Post Evacuate Collection Set: 0.1ms
[2026-03-25T22:12:11.315+0900][216.526s][info][gc,phases   ] GC(672)   Other: 0.1ms
[2026-03-25T22:12:11.315+0900][216.526s][info][gc,heap     ] GC(672) Eden regions: 5->0(5)
[2026-03-25T22:12:11.315+0900][216.526s][info][gc,heap     ] GC(672) Survivor regions: 1->1(1)
[2026-03-25T22:12:11.315+0900][216.526s][info][gc,heap     ] GC(672) Old regions: 24->24
[2026-03-25T22:12:11.315+0900][216.526s][info][gc,heap     ] GC(672) Archive regions: 2->2
[2026-03-25T22:12:11.315+0900][216.526s][info][gc,heap     ] GC(672) Humongous regions: 24->24
[2026-03-25T22:12:11.315+0900][216.526s][info][gc,metaspace] GC(672) Metaspace: 104200K(105216K)->104200K(105216K) NonClass: 88930K(89472K)->88930K(89472K) Class: 15269K(15744K)->15269K(15744K)
[2026-03-25T22:12:11.315+0900][216.526s][info][gc          ] GC(672) Pause Young (Normal) (G1 Evacuation Pause) 213M->193M(256M) 0.752ms
[2026-03-25T22:12:11.315+0900][216.526s][info][gc,cpu      ] GC(672) User=0.01s Sys=0.00s Real=0.00s
[2026-03-25T22:12:11.378+0900][216.589s][info][gc,start    ] GC(673) Pause Young (Normal) (G1 Evacuation Pause)
[2026-03-25T22:12:11.378+0900][216.589s][info][gc,task     ] GC(673) Using 8 workers of 10 for evacuation
[2026-03-25T22:12:11.379+0900][216.590s][info][gc,phases   ] GC(673)   Pre Evacuate Collection Set: 0.0ms
[2026-03-25T22:12:11.379+0900][216.590s][info][gc,phases   ] GC(673)   Merge Heap Roots: 0.0ms
[2026-03-25T22:12:11.379+0900][216.590s][info][gc,phases   ] GC(673)   Evacuate Collection Set: 0.4ms
[2026-03-25T22:12:11.379+0900][216.590s][info][gc,phases   ] GC(673)   Post Evacuate Collection Set: 0.1ms
[2026-03-25T22:12:11.379+0900][216.590s][info][gc,phases   ] GC(673)   Other: 0.1ms
[2026-03-25T22:12:11.379+0900][216.590s][info][gc,heap     ] GC(673) Eden regions: 5->0(5)
[2026-03-25T22:12:11.379+0900][216.590s][info][gc,heap     ] GC(673) Survivor regions: 1->1(1)
[2026-03-25T22:12:11.379+0900][216.590s][info][gc,heap     ] GC(673) Old regions: 24->24
[2026-03-25T22:12:11.379+0900][216.590s][info][gc,heap     ] GC(673) Archive regions: 2->2
[2026-03-25T22:12:11.379+0900][216.590s][info][gc,heap     ] GC(673) Humongous regions: 24->24
[2026-03-25T22:12:11.379+0900][216.590s][info][gc,metaspace] GC(673) Metaspace: 104200K(105216K)->104200K(105216K) NonClass: 88930K(89472K)->88930K(89472K) Class: 15269K(15744K)->15269K(15744K)
[2026-03-25T22:12:11.379+0900][216.590s][info][gc          ] GC(673) Pause Young (Normal) (G1 Evacuation Pause) 213M->193M(256M) 0.700ms
[2026-03-25T22:12:11.379+0900][216.590s][info][gc,cpu      ] GC(673) User=0.00s Sys=0.00s Real=0.00s
[2026-03-25T22:12:11.465+0900][216.676s][info][gc,start    ] GC(674) Pause Young (Normal) (G1 Evacuation Pause)
[2026-03-25T22:12:11.465+0900][216.676s][info][gc,task     ] GC(674) Using 8 workers of 10 for evacuation
[2026-03-25T22:12:11.466+0900][216.676s][info][gc,phases   ] GC(674)   Pre Evacuate Collection Set: 0.0ms
[2026-03-25T22:12:11.466+0900][216.676s][info][gc,phases   ] GC(674)   Merge Heap Roots: 0.0ms
[2026-03-25T22:12:11.466+0900][216.676s][info][gc,phases   ] GC(674)   Evacuate Collection Set: 0.4ms
[2026-03-25T22:12:11.466+0900][216.676s][info][gc,phases   ] GC(674)   Post Evacuate Collection Set: 0.1ms
[2026-03-25T22:12:11.466+0900][216.676s][info][gc,phases   ] GC(674)   Other: 0.1ms
[2026-03-25T22:12:11.466+0900][216.676s][info][gc,heap     ] GC(674) Eden regions: 5->0(5)
[2026-03-25T22:12:11.466+0900][216.676s][info][gc,heap     ] GC(674) Survivor regions: 1->1(1)
[2026-03-25T22:12:11.466+0900][216.676s][info][gc,heap     ] GC(674) Old regions: 24->24
[2026-03-25T22:12:11.466+0900][216.677s][info][gc,heap     ] GC(674) Archive regions: 2->2
[2026-03-25T22:12:11.466+0900][216.677s][info][gc,heap     ] GC(674) Humongous regions: 24->24
[2026-03-25T22:12:11.466+0900][216.677s][info][gc,metaspace] GC(674) Metaspace: 104200K(105216K)->104200K(105216K) NonClass: 88930K(89472K)->88930K(89472K) Class: 15269K(15744K)->15269K(15744K)
[2026-03-25T22:12:11.466+0900][216.677s][info][gc          ] GC(674) Pause Young (Normal) (G1 Evacuation Pause) 213M->193M(256M) 0.693ms
[2026-03-25T22:12:11.466+0900][216.677s][info][gc,cpu      ] GC(674) User=0.00s Sys=0.00s Real=0.00s
[2026-03-25T22:12:11.564+0900][216.775s][info][gc,start    ] GC(675) Pause Young (Normal) (G1 Evacuation Pause)
[2026-03-25T22:12:11.564+0900][216.775s][info][gc,task     ] GC(675) Using 8 workers of 10 for evacuation
[2026-03-25T22:12:11.564+0900][216.775s][info][gc,phases   ] GC(675)   Pre Evacuate Collection Set: 0.0ms
[2026-03-25T22:12:11.564+0900][216.775s][info][gc,phases   ] GC(675)   Merge Heap Roots: 0.0ms
[2026-03-25T22:12:11.564+0900][216.775s][info][gc,phases   ] GC(675)   Evacuate Collection Set: 0.5ms
[2026-03-25T22:12:11.564+0900][216.775s][info][gc,phases   ] GC(675)   Post Evacuate Collection Set: 0.1ms
[2026-03-25T22:12:11.564+0900][216.775s][info][gc,phases   ] GC(675)   Other: 0.1ms
[2026-03-25T22:12:11.564+0900][216.775s][info][gc,heap     ] GC(675) Eden regions: 5->0(5)
[2026-03-25T22:12:11.564+0900][216.775s][info][gc,heap     ] GC(675) Survivor regions: 1->1(1)
[2026-03-25T22:12:11.564+0900][216.775s][info][gc,heap     ] GC(675) Old regions: 24->24
[2026-03-25T22:12:11.564+0900][216.775s][info][gc,heap     ] GC(675) Archive regions: 2->2
[2026-03-25T22:12:11.564+0900][216.775s][info][gc,heap     ] GC(675) Humongous regions: 24->24
[2026-03-25T22:12:11.564+0900][216.775s][info][gc,metaspace] GC(675) Metaspace: 104200K(105216K)->104200K(105216K) NonClass: 88930K(89472K)->88930K(89472K) Class: 15269K(15744K)->15269K(15744K)
[2026-03-25T22:12:11.564+0900][216.775s][info][gc          ] GC(675) Pause Young (Normal) (G1 Evacuation Pause) 213M->193M(256M) 0.814ms
[2026-03-25T22:12:11.564+0900][216.775s][info][gc,cpu      ] GC(675) User=0.01s Sys=0.00s Real=0.00s
[2026-03-25T22:12:11.662+0900][216.873s][info][gc,start    ] GC(676) Pause Young (Normal) (G1 Evacuation Pause)
[2026-03-25T22:12:11.662+0900][216.873s][info][gc,task     ] GC(676) Using 8 workers of 10 for evacuation
[2026-03-25T22:12:11.662+0900][216.873s][info][gc,phases   ] GC(676)   Pre Evacuate Collection Set: 0.0ms
[2026-03-25T22:12:11.662+0900][216.873s][info][gc,phases   ] GC(676)   Merge Heap Roots: 0.0ms
[2026-03-25T22:12:11.662+0900][216.873s][info][gc,phases   ] GC(676)   Evacuate Collection Set: 0.4ms
[2026-03-25T22:12:11.662+0900][216.873s][info][gc,phases   ] GC(676)   Post Evacuate Collection Set: 0.1ms
[2026-03-25T22:12:11.662+0900][216.873s][info][gc,phases   ] GC(676)   Other: 0.1ms
[2026-03-25T22:12:11.662+0900][216.873s][info][gc,heap     ] GC(676) Eden regions: 5->0(5)
[2026-03-25T22:12:11.662+0900][216.873s][info][gc,heap     ] GC(676) Survivor regions: 1->1(1)
[2026-03-25T22:12:11.662+0900][216.873s][info][gc,heap     ] GC(676) Old regions: 24->24
[2026-03-25T22:12:11.662+0900][216.873s][info][gc,heap     ] GC(676) Archive regions: 2->2
[2026-03-25T22:12:11.662+0900][216.873s][info][gc,heap     ] GC(676) Humongous regions: 24->24
[2026-03-25T22:12:11.662+0900][216.873s][info][gc,metaspace] GC(676) Metaspace: 104200K(105216K)->104200K(105216K) NonClass: 88930K(89472K)->88930K(89472K) Class: 15269K(15744K)->15269K(15744K)
[2026-03-25T22:12:11.662+0900][216.873s][info][gc          ] GC(676) Pause Young (Normal) (G1 Evacuation Pause) 213M->193M(256M) 0.702ms
[2026-03-25T22:12:11.662+0900][216.873s][info][gc,cpu      ] GC(676) User=0.00s Sys=0.00s Real=0.00s
[2026-03-25T22:12:11.787+0900][216.998s][info][gc,start    ] GC(677) Pause Young (Normal) (G1 Evacuation Pause)
[2026-03-25T22:12:11.787+0900][216.998s][info][gc,task     ] GC(677) Using 8 workers of 10 for evacuation
[2026-03-25T22:12:11.788+0900][216.999s][info][gc,phases   ] GC(677)   Pre Evacuate Collection Set: 0.0ms
[2026-03-25T22:12:11.788+0900][216.999s][info][gc,phases   ] GC(677)   Merge Heap Roots: 0.0ms
[2026-03-25T22:12:11.788+0900][216.999s][info][gc,phases   ] GC(677)   Evacuate Collection Set: 0.5ms
[2026-03-25T22:12:11.788+0900][216.999s][info][gc,phases   ] GC(677)   Post Evacuate Collection Set: 0.1ms
[2026-03-25T22:12:11.788+0900][216.999s][info][gc,phases   ] GC(677)   Other: 0.1ms
[2026-03-25T22:12:11.788+0900][216.999s][info][gc,heap     ] GC(677) Eden regions: 5->0(5)
[2026-03-25T22:12:11.788+0900][216.999s][info][gc,heap     ] GC(677) Survivor regions: 1->1(1)
[2026-03-25T22:12:11.788+0900][216.999s][info][gc,heap     ] GC(677) Old regions: 24->24
[2026-03-25T22:12:11.788+0900][216.999s][info][gc,heap     ] GC(677) Archive regions: 2->2
[2026-03-25T22:12:11.788+0900][216.999s][info][gc,heap     ] GC(677) Humongous regions: 24->24
[2026-03-25T22:12:11.788+0900][216.999s][info][gc,metaspace] GC(677) Metaspace: 104200K(105216K)->104200K(105216K) NonClass: 88930K(89472K)->88930K(89472K) Class: 15269K(15744K)->15269K(15744K)
[2026-03-25T22:12:11.788+0900][216.999s][info][gc          ] GC(677) Pause Young (Normal) (G1 Evacuation Pause) 213M->193M(256M) 0.772ms
[2026-03-25T22:12:11.788+0900][216.999s][info][gc,cpu      ] GC(677) User=0.01s Sys=0.00s Real=0.00s
[2026-03-25T22:12:11.849+0900][217.060s][info][gc,start    ] GC(678) Pause Young (Normal) (G1 Evacuation Pause)
[2026-03-25T22:12:11.849+0900][217.060s][info][gc,task     ] GC(678) Using 8 workers of 10 for evacuation
[2026-03-25T22:12:11.850+0900][217.061s][info][gc,phases   ] GC(678)   Pre Evacuate Collection Set: 0.1ms
[2026-03-25T22:12:11.850+0900][217.061s][info][gc,phases   ] GC(678)   Merge Heap Roots: 0.1ms
[2026-03-25T22:12:11.850+0900][217.061s][info][gc,phases   ] GC(678)   Evacuate Collection Set: 0.4ms
[2026-03-25T22:12:11.850+0900][217.061s][info][gc,phases   ] GC(678)   Post Evacuate Collection Set: 0.1ms
[2026-03-25T22:12:11.850+0900][217.061s][info][gc,phases   ] GC(678)   Other: 0.1ms
[2026-03-25T22:12:11.850+0900][217.061s][info][gc,heap     ] GC(678) Eden regions: 5->0(5)
[2026-03-25T22:12:11.850+0900][217.061s][info][gc,heap     ] GC(678) Survivor regions: 1->1(1)
[2026-03-25T22:12:11.850+0900][217.061s][info][gc,heap     ] GC(678) Old regions: 24->24
[2026-03-25T22:12:11.850+0900][217.061s][info][gc,heap     ] GC(678) Archive regions: 2->2
[2026-03-25T22:12:11.850+0900][217.061s][info][gc,heap     ] GC(678) Humongous regions: 24->24
[2026-03-25T22:12:11.850+0900][217.061s][info][gc,metaspace] GC(678) Metaspace: 104200K(105216K)->104200K(105216K) NonClass: 88930K(89472K)->88930K(89472K) Class: 15269K(15744K)->15269K(15744K)
[2026-03-25T22:12:11.850+0900][217.061s][info][gc          ] GC(678) Pause Young (Normal) (G1 Evacuation Pause) 213M->193M(256M) 0.743ms
[2026-03-25T22:12:11.850+0900][217.061s][info][gc,cpu      ] GC(678) User=0.01s Sys=0.00s Real=0.01s
[2026-03-25T22:12:12.024+0900][217.235s][info][gc,start    ] GC(679) Pause Young (Normal) (G1 Evacuation Pause)
[2026-03-25T22:12:12.024+0900][217.235s][info][gc,task     ] GC(679) Using 8 workers of 10 for evacuation
[2026-03-25T22:12:12.025+0900][217.236s][info][gc,phases   ] GC(679)   Pre Evacuate Collection Set: 0.0ms
[2026-03-25T22:12:12.025+0900][217.236s][info][gc,phases   ] GC(679)   Merge Heap Roots: 0.0ms
[2026-03-25T22:12:12.025+0900][217.236s][info][gc,phases   ] GC(679)   Evacuate Collection Set: 0.4ms
[2026-03-25T22:12:12.025+0900][217.236s][info][gc,phases   ] GC(679)   Post Evacuate Collection Set: 0.2ms
[2026-03-25T22:12:12.025+0900][217.236s][info][gc,phases   ] GC(679)   Other: 0.1ms
[2026-03-25T22:12:12.025+0900][217.236s][info][gc,heap     ] GC(679) Eden regions: 5->0(5)
[2026-03-25T22:12:12.025+0900][217.236s][info][gc,heap     ] GC(679) Survivor regions: 1->1(1)
[2026-03-25T22:12:12.025+0900][217.236s][info][gc,heap     ] GC(679) Old regions: 24->24
[2026-03-25T22:12:12.025+0900][217.236s][info][gc,heap     ] GC(679) Archive regions: 2->2
[2026-03-25T22:12:12.025+0900][217.236s][info][gc,heap     ] GC(679) Humongous regions: 24->24
[2026-03-25T22:12:12.025+0900][217.236s][info][gc,metaspace] GC(679) Metaspace: 104200K(105216K)->104200K(105216K) NonClass: 88930K(89472K)->88930K(89472K) Class: 15269K(15744K)->15269K(15744K)
[2026-03-25T22:12:12.025+0900][217.236s][info][gc          ] GC(679) Pause Young (Normal) (G1 Evacuation Pause) 213M->193M(256M) 0.818ms
[2026-03-25T22:12:12.025+0900][217.236s][info][gc,cpu      ] GC(679) User=0.00s Sys=0.00s Real=0.00s
[2026-03-25T22:12:12.147+0900][217.358s][info][gc,start    ] GC(680) Pause Young (Normal) (G1 Evacuation Pause)
[2026-03-25T22:12:12.147+0900][217.358s][info][gc,task     ] GC(680) Using 8 workers of 10 for evacuation
[2026-03-25T22:12:12.148+0900][217.359s][info][gc,phases   ] GC(680)   Pre Evacuate Collection Set: 0.1ms
[2026-03-25T22:12:12.148+0900][217.359s][info][gc,phases   ] GC(680)   Merge Heap Roots: 0.1ms
[2026-03-25T22:12:12.148+0900][217.359s][info][gc,phases   ] GC(680)   Evacuate Collection Set: 0.4ms
[2026-03-25T22:12:12.148+0900][217.359s][info][gc,phases   ] GC(680)   Post Evacuate Collection Set: 0.1ms
[2026-03-25T22:12:12.148+0900][217.359s][info][gc,phases   ] GC(680)   Other: 0.1ms
[2026-03-25T22:12:12.148+0900][217.359s][info][gc,heap     ] GC(680) Eden regions: 5->0(5)
[2026-03-25T22:12:12.148+0900][217.359s][info][gc,heap     ] GC(680) Survivor regions: 1->1(1)
[2026-03-25T22:12:12.148+0900][217.359s][info][gc,heap     ] GC(680) Old regions: 24->24
[2026-03-25T22:12:12.148+0900][217.359s][info][gc,heap     ] GC(680) Archive regions: 2->2
[2026-03-25T22:12:12.148+0900][217.359s][info][gc,heap     ] GC(680) Humongous regions: 24->24
[2026-03-25T22:12:12.148+0900][217.359s][info][gc,metaspace] GC(680) Metaspace: 104200K(105216K)->104200K(105216K) NonClass: 88930K(89472K)->88930K(89472K) Class: 15269K(15744K)->15269K(15744K)
[2026-03-25T22:12:12.148+0900][217.359s][info][gc          ] GC(680) Pause Young (Normal) (G1 Evacuation Pause) 213M->193M(256M) 0.749ms
[2026-03-25T22:12:12.148+0900][217.359s][info][gc,cpu      ] GC(680) User=0.00s Sys=0.00s Real=0.00s
[2026-03-25T22:12:12.279+0900][217.490s][info][gc,start    ] GC(681) Pause Young (Normal) (G1 Evacuation Pause)
[2026-03-25T22:12:12.279+0900][217.490s][info][gc,task     ] GC(681) Using 8 workers of 10 for evacuation
[2026-03-25T22:12:12.279+0900][217.490s][info][gc,phases   ] GC(681)   Pre Evacuate Collection Set: 0.0ms
[2026-03-25T22:12:12.279+0900][217.490s][info][gc,phases   ] GC(681)   Merge Heap Roots: 0.0ms
[2026-03-25T22:12:12.279+0900][217.490s][info][gc,phases   ] GC(681)   Evacuate Collection Set: 0.4ms
[2026-03-25T22:12:12.279+0900][217.490s][info][gc,phases   ] GC(681)   Post Evacuate Collection Set: 0.1ms
[2026-03-25T22:12:12.279+0900][217.490s][info][gc,phases   ] GC(681)   Other: 0.1ms
[2026-03-25T22:12:12.279+0900][217.490s][info][gc,heap     ] GC(681) Eden regions: 5->0(5)
[2026-03-25T22:12:12.279+0900][217.490s][info][gc,heap     ] GC(681) Survivor regions: 1->1(1)
[2026-03-25T22:12:12.279+0900][217.490s][info][gc,heap     ] GC(681) Old regions: 24->24
[2026-03-25T22:12:12.279+0900][217.490s][info][gc,heap     ] GC(681) Archive regions: 2->2
[2026-03-25T22:12:12.279+0900][217.490s][info][gc,heap     ] GC(681) Humongous regions: 24->24
[2026-03-25T22:12:12.280+0900][217.490s][info][gc,metaspace] GC(681) Metaspace: 104200K(105216K)->104200K(105216K) NonClass: 88930K(89472K)->88930K(89472K) Class: 15269K(15744K)->15269K(15744K)
[2026-03-25T22:12:12.280+0900][217.490s][info][gc          ] GC(681) Pause Young (Normal) (G1 Evacuation Pause) 213M->193M(256M) 0.733ms
[2026-03-25T22:12:12.280+0900][217.490s][info][gc,cpu      ] GC(681) User=0.00s Sys=0.00s Real=0.01s
[2026-03-25T22:12:12.342+0900][217.553s][info][gc,start    ] GC(682) Pause Young (Normal) (G1 Evacuation Pause)
[2026-03-25T22:12:12.342+0900][217.553s][info][gc,task     ] GC(682) Using 8 workers of 10 for evacuation
[2026-03-25T22:12:12.342+0900][217.553s][info][gc,phases   ] GC(682)   Pre Evacuate Collection Set: 0.1ms
[2026-03-25T22:12:12.342+0900][217.553s][info][gc,phases   ] GC(682)   Merge Heap Roots: 0.1ms
[2026-03-25T22:12:12.342+0900][217.553s][info][gc,phases   ] GC(682)   Evacuate Collection Set: 0.4ms
[2026-03-25T22:12:12.342+0900][217.553s][info][gc,phases   ] GC(682)   Post Evacuate Collection Set: 0.1ms
[2026-03-25T22:12:12.342+0900][217.553s][info][gc,phases   ] GC(682)   Other: 0.1ms
[2026-03-25T22:12:12.342+0900][217.553s][info][gc,heap     ] GC(682) Eden regions: 5->0(5)
[2026-03-25T22:12:12.342+0900][217.553s][info][gc,heap     ] GC(682) Survivor regions: 1->1(1)
[2026-03-25T22:12:12.342+0900][217.553s][info][gc,heap     ] GC(682) Old regions: 24->24
[2026-03-25T22:12:12.342+0900][217.553s][info][gc,heap     ] GC(682) Archive regions: 2->2
[2026-03-25T22:12:12.342+0900][217.553s][info][gc,heap     ] GC(682) Humongous regions: 24->24
[2026-03-25T22:12:12.343+0900][217.553s][info][gc,metaspace] GC(682) Metaspace: 104200K(105216K)->104200K(105216K) NonClass: 88930K(89472K)->88930K(89472K) Class: 15269K(15744K)->15269K(15744K)
[2026-03-25T22:12:12.343+0900][217.553s][info][gc          ] GC(682) Pause Young (Normal) (G1 Evacuation Pause) 213M->193M(256M) 0.752ms
[2026-03-25T22:12:12.343+0900][217.553s][info][gc,cpu      ] GC(682) User=0.00s Sys=0.00s Real=0.00s
[2026-03-25T22:12:12.455+0900][217.666s][info][gc,start    ] GC(683) Pause Young (Normal) (G1 Evacuation Pause)
[2026-03-25T22:12:12.455+0900][217.666s][info][gc,task     ] GC(683) Using 8 workers of 10 for evacuation
[2026-03-25T22:12:12.456+0900][217.667s][info][gc,phases   ] GC(683)   Pre Evacuate Collection Set: 0.0ms
[2026-03-25T22:12:12.456+0900][217.667s][info][gc,phases   ] GC(683)   Merge Heap Roots: 0.0ms
[2026-03-25T22:12:12.456+0900][217.667s][info][gc,phases   ] GC(683)   Evacuate Collection Set: 0.4ms
[2026-03-25T22:12:12.456+0900][217.667s][info][gc,phases   ] GC(683)   Post Evacuate Collection Set: 0.1ms
[2026-03-25T22:12:12.456+0900][217.667s][info][gc,phases   ] GC(683)   Other: 0.1ms
[2026-03-25T22:12:12.456+0900][217.667s][info][gc,heap     ] GC(683) Eden regions: 5->0(5)
[2026-03-25T22:12:12.456+0900][217.667s][info][gc,heap     ] GC(683) Survivor regions: 1->1(1)
[2026-03-25T22:12:12.456+0900][217.667s][info][gc,heap     ] GC(683) Old regions: 24->24
[2026-03-25T22:12:12.456+0900][217.667s][info][gc,heap     ] GC(683) Archive regions: 2->2
[2026-03-25T22:12:12.456+0900][217.667s][info][gc,heap     ] GC(683) Humongous regions: 24->24
[2026-03-25T22:12:12.456+0900][217.667s][info][gc,metaspace] GC(683) Metaspace: 104200K(105216K)->104200K(105216K) NonClass: 88930K(89472K)->88930K(89472K) Class: 15269K(15744K)->15269K(15744K)
[2026-03-25T22:12:12.456+0900][217.667s][info][gc          ] GC(683) Pause Young (Normal) (G1 Evacuation Pause) 213M->193M(256M) 0.704ms
[2026-03-25T22:12:12.456+0900][217.667s][info][gc,cpu      ] GC(683) User=0.00s Sys=0.00s Real=0.00s
[2026-03-25T22:12:12.523+0900][217.734s][info][gc,start    ] GC(684) Pause Young (Normal) (G1 Evacuation Pause)
[2026-03-25T22:12:12.523+0900][217.734s][info][gc,task     ] GC(684) Using 8 workers of 10 for evacuation
[2026-03-25T22:12:12.524+0900][217.734s][info][gc,phases   ] GC(684)   Pre Evacuate Collection Set: 0.0ms
[2026-03-25T22:12:12.524+0900][217.735s][info][gc,phases   ] GC(684)   Merge Heap Roots: 0.0ms
[2026-03-25T22:12:12.524+0900][217.735s][info][gc,phases   ] GC(684)   Evacuate Collection Set: 0.4ms
[2026-03-25T22:12:12.524+0900][217.735s][info][gc,phases   ] GC(684)   Post Evacuate Collection Set: 0.1ms
[2026-03-25T22:12:12.524+0900][217.735s][info][gc,phases   ] GC(684)   Other: 0.1ms
[2026-03-25T22:12:12.524+0900][217.735s][info][gc,heap     ] GC(684) Eden regions: 5->0(5)
[2026-03-25T22:12:12.524+0900][217.735s][info][gc,heap     ] GC(684) Survivor regions: 1->1(1)
[2026-03-25T22:12:12.524+0900][217.735s][info][gc,heap     ] GC(684) Old regions: 24->24
[2026-03-25T22:12:12.524+0900][217.735s][info][gc,heap     ] GC(684) Archive regions: 2->2
[2026-03-25T22:12:12.524+0900][217.735s][info][gc,heap     ] GC(684) Humongous regions: 24->24
[2026-03-25T22:12:12.524+0900][217.735s][info][gc,metaspace] GC(684) Metaspace: 104200K(105216K)->104200K(105216K) NonClass: 88930K(89472K)->88930K(89472K) Class: 15269K(15744K)->15269K(15744K)
[2026-03-25T22:12:12.524+0900][217.735s][info][gc          ] GC(684) Pause Young (Normal) (G1 Evacuation Pause) 213M->193M(256M) 0.692ms
[2026-03-25T22:12:12.524+0900][217.735s][info][gc,cpu      ] GC(684) User=0.00s Sys=0.00s Real=0.00s
[2026-03-25T22:12:12.592+0900][217.803s][info][gc,start    ] GC(685) Pause Young (Normal) (G1 Evacuation Pause)
[2026-03-25T22:12:12.592+0900][217.803s][info][gc,task     ] GC(685) Using 8 workers of 10 for evacuation
[2026-03-25T22:12:12.593+0900][217.804s][info][gc,phases   ] GC(685)   Pre Evacuate Collection Set: 0.0ms
[2026-03-25T22:12:12.593+0900][217.804s][info][gc,phases   ] GC(685)   Merge Heap Roots: 0.0ms
[2026-03-25T22:12:12.593+0900][217.804s][info][gc,phases   ] GC(685)   Evacuate Collection Set: 0.4ms
[2026-03-25T22:12:12.593+0900][217.804s][info][gc,phases   ] GC(685)   Post Evacuate Collection Set: 0.1ms
[2026-03-25T22:12:12.593+0900][217.804s][info][gc,phases   ] GC(685)   Other: 0.1ms
[2026-03-25T22:12:12.593+0900][217.804s][info][gc,heap     ] GC(685) Eden regions: 5->0(5)
[2026-03-25T22:12:12.593+0900][217.804s][info][gc,heap     ] GC(685) Survivor regions: 1->1(1)
[2026-03-25T22:12:12.593+0900][217.804s][info][gc,heap     ] GC(685) Old regions: 24->24
[2026-03-25T22:12:12.593+0900][217.804s][info][gc,heap     ] GC(685) Archive regions: 2->2
[2026-03-25T22:12:12.593+0900][217.804s][info][gc,heap     ] GC(685) Humongous regions: 24->24
[2026-03-25T22:12:12.593+0900][217.804s][info][gc,metaspace] GC(685) Metaspace: 104200K(105216K)->104200K(105216K) NonClass: 88930K(89472K)->88930K(89472K) Class: 15269K(15744K)->15269K(15744K)
[2026-03-25T22:12:12.593+0900][217.804s][info][gc          ] GC(685) Pause Young (Normal) (G1 Evacuation Pause) 213M->193M(256M) 0.733ms
[2026-03-25T22:12:12.593+0900][217.804s][info][gc,cpu      ] GC(685) User=0.01s Sys=0.00s Real=0.00s
[2026-03-25T22:12:12.666+0900][217.877s][info][gc,start    ] GC(686) Pause Young (Normal) (G1 Evacuation Pause)
[2026-03-25T22:12:12.666+0900][217.877s][info][gc,task     ] GC(686) Using 8 workers of 10 for evacuation
[2026-03-25T22:12:12.666+0900][217.877s][info][gc,phases   ] GC(686)   Pre Evacuate Collection Set: 0.0ms
[2026-03-25T22:12:12.666+0900][217.877s][info][gc,phases   ] GC(686)   Merge Heap Roots: 0.0ms
[2026-03-25T22:12:12.666+0900][217.877s][info][gc,phases   ] GC(686)   Evacuate Collection Set: 0.4ms
[2026-03-25T22:12:12.666+0900][217.877s][info][gc,phases   ] GC(686)   Post Evacuate Collection Set: 0.1ms
[2026-03-25T22:12:12.666+0900][217.877s][info][gc,phases   ] GC(686)   Other: 0.1ms
[2026-03-25T22:12:12.666+0900][217.877s][info][gc,heap     ] GC(686) Eden regions: 5->0(5)
[2026-03-25T22:12:12.666+0900][217.877s][info][gc,heap     ] GC(686) Survivor regions: 1->1(1)
[2026-03-25T22:12:12.666+0900][217.877s][info][gc,heap     ] GC(686) Old regions: 24->24
[2026-03-25T22:12:12.666+0900][217.877s][info][gc,heap     ] GC(686) Archive regions: 2->2
[2026-03-25T22:12:12.666+0900][217.877s][info][gc,heap     ] GC(686) Humongous regions: 24->24
[2026-03-25T22:12:12.666+0900][217.877s][info][gc,metaspace] GC(686) Metaspace: 104200K(105216K)->104200K(105216K) NonClass: 88930K(89472K)->88930K(89472K) Class: 15269K(15744K)->15269K(15744K)
[2026-03-25T22:12:12.667+0900][217.877s][info][gc          ] GC(686) Pause Young (Normal) (G1 Evacuation Pause) 213M->193M(256M) 0.706ms
[2026-03-25T22:12:12.667+0900][217.877s][info][gc,cpu      ] GC(686) User=0.01s Sys=0.00s Real=0.00s
[2026-03-25T22:12:12.745+0900][217.955s][info][gc,start    ] GC(687) Pause Young (Normal) (G1 Evacuation Pause)
[2026-03-25T22:12:12.745+0900][217.955s][info][gc,task     ] GC(687) Using 8 workers of 10 for evacuation
[2026-03-25T22:12:12.745+0900][217.956s][info][gc,phases   ] GC(687)   Pre Evacuate Collection Set: 0.0ms
[2026-03-25T22:12:12.745+0900][217.956s][info][gc,phases   ] GC(687)   Merge Heap Roots: 0.0ms
[2026-03-25T22:12:12.745+0900][217.956s][info][gc,phases   ] GC(687)   Evacuate Collection Set: 0.4ms
[2026-03-25T22:12:12.745+0900][217.956s][info][gc,phases   ] GC(687)   Post Evacuate Collection Set: 0.1ms
[2026-03-25T22:12:12.745+0900][217.956s][info][gc,phases   ] GC(687)   Other: 0.1ms
[2026-03-25T22:12:12.745+0900][217.956s][info][gc,heap     ] GC(687) Eden regions: 5->0(5)
[2026-03-25T22:12:12.745+0900][217.956s][info][gc,heap     ] GC(687) Survivor regions: 1->1(1)
[2026-03-25T22:12:12.745+0900][217.956s][info][gc,heap     ] GC(687) Old regions: 24->24
[2026-03-25T22:12:12.745+0900][217.956s][info][gc,heap     ] GC(687) Archive regions: 2->2
[2026-03-25T22:12:12.745+0900][217.956s][info][gc,heap     ] GC(687) Humongous regions: 24->24
[2026-03-25T22:12:12.745+0900][217.956s][info][gc,metaspace] GC(687) Metaspace: 104200K(105216K)->104200K(105216K) NonClass: 88930K(89472K)->88930K(89472K) Class: 15269K(15744K)->15269K(15744K)
[2026-03-25T22:12:12.745+0900][217.956s][info][gc          ] GC(687) Pause Young (Normal) (G1 Evacuation Pause) 213M->193M(256M) 0.665ms
[2026-03-25T22:12:12.745+0900][217.956s][info][gc,cpu      ] GC(687) User=0.01s Sys=0.00s Real=0.00s
[2026-03-25T22:12:12.829+0900][218.040s][info][gc,start    ] GC(688) Pause Young (Normal) (G1 Evacuation Pause)
[2026-03-25T22:12:12.829+0900][218.040s][info][gc,task     ] GC(688) Using 8 workers of 10 for evacuation
[2026-03-25T22:12:12.830+0900][218.041s][info][gc,phases   ] GC(688)   Pre Evacuate Collection Set: 0.0ms
[2026-03-25T22:12:12.830+0900][218.041s][info][gc,phases   ] GC(688)   Merge Heap Roots: 0.0ms
[2026-03-25T22:12:12.830+0900][218.041s][info][gc,phases   ] GC(688)   Evacuate Collection Set: 0.4ms
[2026-03-25T22:12:12.830+0900][218.041s][info][gc,phases   ] GC(688)   Post Evacuate Collection Set: 0.1ms
[2026-03-25T22:12:12.830+0900][218.041s][info][gc,phases   ] GC(688)   Other: 0.1ms
[2026-03-25T22:12:12.830+0900][218.041s][info][gc,heap     ] GC(688) Eden regions: 5->0(5)
[2026-03-25T22:12:12.830+0900][218.041s][info][gc,heap     ] GC(688) Survivor regions: 1->1(1)
[2026-03-25T22:12:12.830+0900][218.041s][info][gc,heap     ] GC(688) Old regions: 24->24
[2026-03-25T22:12:12.830+0900][218.041s][info][gc,heap     ] GC(688) Archive regions: 2->2
[2026-03-25T22:12:12.830+0900][218.041s][info][gc,heap     ] GC(688) Humongous regions: 24->24
[2026-03-25T22:12:12.830+0900][218.041s][info][gc,metaspace] GC(688) Metaspace: 104200K(105216K)->104200K(105216K) NonClass: 88930K(89472K)->88930K(89472K) Class: 15269K(15744K)->15269K(15744K)
[2026-03-25T22:12:12.830+0900][218.041s][info][gc          ] GC(688) Pause Young (Normal) (G1 Evacuation Pause) 213M->193M(256M) 0.732ms
[2026-03-25T22:12:12.830+0900][218.041s][info][gc,cpu      ] GC(688) User=0.00s Sys=0.00s Real=0.01s
[2026-03-25T22:12:12.920+0900][218.131s][info][gc,start    ] GC(689) Pause Young (Normal) (G1 Evacuation Pause)
[2026-03-25T22:12:12.920+0900][218.131s][info][gc,task     ] GC(689) Using 8 workers of 10 for evacuation
[2026-03-25T22:12:12.921+0900][218.132s][info][gc,phases   ] GC(689)   Pre Evacuate Collection Set: 0.0ms
[2026-03-25T22:12:12.921+0900][218.132s][info][gc,phases   ] GC(689)   Merge Heap Roots: 0.0ms
[2026-03-25T22:12:12.921+0900][218.132s][info][gc,phases   ] GC(689)   Evacuate Collection Set: 0.4ms
[2026-03-25T22:12:12.921+0900][218.132s][info][gc,phases   ] GC(689)   Post Evacuate Collection Set: 0.1ms
[2026-03-25T22:12:12.921+0900][218.132s][info][gc,phases   ] GC(689)   Other: 0.1ms
[2026-03-25T22:12:12.921+0900][218.132s][info][gc,heap     ] GC(689) Eden regions: 5->0(5)
[2026-03-25T22:12:12.921+0900][218.132s][info][gc,heap     ] GC(689) Survivor regions: 1->1(1)
[2026-03-25T22:12:12.921+0900][218.132s][info][gc,heap     ] GC(689) Old regions: 24->24
[2026-03-25T22:12:12.921+0900][218.132s][info][gc,heap     ] GC(689) Archive regions: 2->2
[2026-03-25T22:12:12.921+0900][218.132s][info][gc,heap     ] GC(689) Humongous regions: 24->24
[2026-03-25T22:12:12.921+0900][218.132s][info][gc,metaspace] GC(689) Metaspace: 104200K(105216K)->104200K(105216K) NonClass: 88930K(89472K)->88930K(89472K) Class: 15269K(15744K)->15269K(15744K)
[2026-03-25T22:12:12.921+0900][218.132s][info][gc          ] GC(689) Pause Young (Normal) (G1 Evacuation Pause) 213M->194M(256M) 0.737ms
[2026-03-25T22:12:12.921+0900][218.132s][info][gc,cpu      ] GC(689) User=0.00s Sys=0.00s Real=0.00s
[2026-03-25T22:12:12.999+0900][218.210s][info][gc,start    ] GC(690) Pause Young (Normal) (G1 Evacuation Pause)
[2026-03-25T22:12:12.999+0900][218.210s][info][gc,task     ] GC(690) Using 8 workers of 10 for evacuation
[2026-03-25T22:12:13.000+0900][218.211s][info][gc,phases   ] GC(690)   Pre Evacuate Collection Set: 0.0ms
[2026-03-25T22:12:13.000+0900][218.211s][info][gc,phases   ] GC(690)   Merge Heap Roots: 0.0ms
[2026-03-25T22:12:13.000+0900][218.211s][info][gc,phases   ] GC(690)   Evacuate Collection Set: 0.5ms
[2026-03-25T22:12:13.000+0900][218.211s][info][gc,phases   ] GC(690)   Post Evacuate Collection Set: 0.1ms
[2026-03-25T22:12:13.000+0900][218.211s][info][gc,phases   ] GC(690)   Other: 0.1ms
[2026-03-25T22:12:13.000+0900][218.211s][info][gc,heap     ] GC(690) Eden regions: 5->0(5)
[2026-03-25T22:12:13.000+0900][218.211s][info][gc,heap     ] GC(690) Survivor regions: 1->1(1)
[2026-03-25T22:12:13.000+0900][218.211s][info][gc,heap     ] GC(690) Old regions: 24->24
[2026-03-25T22:12:13.000+0900][218.211s][info][gc,heap     ] GC(690) Archive regions: 2->2
[2026-03-25T22:12:13.000+0900][218.211s][info][gc,heap     ] GC(690) Humongous regions: 24->24
[2026-03-25T22:12:13.000+0900][218.211s][info][gc,metaspace] GC(690) Metaspace: 104200K(105216K)->104200K(105216K) NonClass: 88930K(89472K)->88930K(89472K) Class: 15269K(15744K)->15269K(15744K)
[2026-03-25T22:12:13.000+0900][218.211s][info][gc          ] GC(690) Pause Young (Normal) (G1 Evacuation Pause) 214M->194M(256M) 0.811ms
[2026-03-25T22:12:13.000+0900][218.211s][info][gc,cpu      ] GC(690) User=0.00s Sys=0.00s Real=0.01s
[2026-03-25T22:12:13.062+0900][218.273s][info][gc,start    ] GC(691) Pause Young (Normal) (G1 Evacuation Pause)
[2026-03-25T22:12:13.062+0900][218.273s][info][gc,task     ] GC(691) Using 8 workers of 10 for evacuation
[2026-03-25T22:12:13.063+0900][218.274s][info][gc,phases   ] GC(691)   Pre Evacuate Collection Set: 0.0ms
[2026-03-25T22:12:13.063+0900][218.274s][info][gc,phases   ] GC(691)   Merge Heap Roots: 0.0ms
[2026-03-25T22:12:13.063+0900][218.274s][info][gc,phases   ] GC(691)   Evacuate Collection Set: 0.5ms
[2026-03-25T22:12:13.063+0900][218.274s][info][gc,phases   ] GC(691)   Post Evacuate Collection Set: 0.2ms
[2026-03-25T22:12:13.063+0900][218.274s][info][gc,phases   ] GC(691)   Other: 0.1ms
[2026-03-25T22:12:13.063+0900][218.274s][info][gc,heap     ] GC(691) Eden regions: 5->0(5)
[2026-03-25T22:12:13.063+0900][218.274s][info][gc,heap     ] GC(691) Survivor regions: 1->1(1)
[2026-03-25T22:12:13.063+0900][218.274s][info][gc,heap     ] GC(691) Old regions: 24->24
[2026-03-25T22:12:13.063+0900][218.274s][info][gc,heap     ] GC(691) Archive regions: 2->2
[2026-03-25T22:12:13.063+0900][218.274s][info][gc,heap     ] GC(691) Humongous regions: 24->24
[2026-03-25T22:12:13.063+0900][218.274s][info][gc,metaspace] GC(691) Metaspace: 104200K(105216K)->104200K(105216K) NonClass: 88930K(89472K)->88930K(89472K) Class: 15269K(15744K)->15269K(15744K)
[2026-03-25T22:12:13.063+0900][218.274s][info][gc          ] GC(691) Pause Young (Normal) (G1 Evacuation Pause) 214M->194M(256M) 0.897ms
[2026-03-25T22:12:13.063+0900][218.274s][info][gc,cpu      ] GC(691) User=0.01s Sys=0.00s Real=0.00s
[2026-03-25T22:12:13.127+0900][218.338s][info][gc,start    ] GC(692) Pause Young (Normal) (G1 Evacuation Pause)
[2026-03-25T22:12:13.127+0900][218.338s][info][gc,task     ] GC(692) Using 8 workers of 10 for evacuation
[2026-03-25T22:12:13.128+0900][218.339s][info][gc,phases   ] GC(692)   Pre Evacuate Collection Set: 0.1ms
[2026-03-25T22:12:13.128+0900][218.339s][info][gc,phases   ] GC(692)   Merge Heap Roots: 0.0ms
[2026-03-25T22:12:13.128+0900][218.339s][info][gc,phases   ] GC(692)   Evacuate Collection Set: 0.4ms
[2026-03-25T22:12:13.128+0900][218.339s][info][gc,phases   ] GC(692)   Post Evacuate Collection Set: 0.2ms
[2026-03-25T22:12:13.128+0900][218.339s][info][gc,phases   ] GC(692)   Other: 0.1ms
[2026-03-25T22:12:13.128+0900][218.339s][info][gc,heap     ] GC(692) Eden regions: 5->0(5)
[2026-03-25T22:12:13.128+0900][218.339s][info][gc,heap     ] GC(692) Survivor regions: 1->1(1)
[2026-03-25T22:12:13.128+0900][218.339s][info][gc,heap     ] GC(692) Old regions: 24->24
[2026-03-25T22:12:13.128+0900][218.339s][info][gc,heap     ] GC(692) Archive regions: 2->2
[2026-03-25T22:12:13.128+0900][218.339s][info][gc,heap     ] GC(692) Humongous regions: 24->24
[2026-03-25T22:12:13.128+0900][218.339s][info][gc,metaspace] GC(692) Metaspace: 104200K(105216K)->104200K(105216K) NonClass: 88930K(89472K)->88930K(89472K) Class: 15269K(15744K)->15269K(15744K)
[2026-03-25T22:12:13.128+0900][218.339s][info][gc          ] GC(692) Pause Young (Normal) (G1 Evacuation Pause) 214M->194M(256M) 0.791ms
[2026-03-25T22:12:13.128+0900][218.339s][info][gc,cpu      ] GC(692) User=0.00s Sys=0.00s Real=0.00s
[2026-03-25T22:12:13.215+0900][218.426s][info][gc,start    ] GC(693) Pause Young (Normal) (G1 Evacuation Pause)
[2026-03-25T22:12:13.215+0900][218.426s][info][gc,task     ] GC(693) Using 8 workers of 10 for evacuation
[2026-03-25T22:12:13.215+0900][218.426s][info][gc,phases   ] GC(693)   Pre Evacuate Collection Set: 0.1ms
[2026-03-25T22:12:13.215+0900][218.426s][info][gc,phases   ] GC(693)   Merge Heap Roots: 0.0ms
[2026-03-25T22:12:13.215+0900][218.426s][info][gc,phases   ] GC(693)   Evacuate Collection Set: 0.4ms
[2026-03-25T22:12:13.215+0900][218.426s][info][gc,phases   ] GC(693)   Post Evacuate Collection Set: 0.1ms
[2026-03-25T22:12:13.215+0900][218.426s][info][gc,phases   ] GC(693)   Other: 0.1ms
[2026-03-25T22:12:13.215+0900][218.426s][info][gc,heap     ] GC(693) Eden regions: 5->0(5)
[2026-03-25T22:12:13.215+0900][218.426s][info][gc,heap     ] GC(693) Survivor regions: 1->1(1)
[2026-03-25T22:12:13.215+0900][218.426s][info][gc,heap     ] GC(693) Old regions: 24->24
[2026-03-25T22:12:13.215+0900][218.426s][info][gc,heap     ] GC(693) Archive regions: 2->2
[2026-03-25T22:12:13.215+0900][218.426s][info][gc,heap     ] GC(693) Humongous regions: 24->24
[2026-03-25T22:12:13.215+0900][218.426s][info][gc,metaspace] GC(693) Metaspace: 104200K(105216K)->104200K(105216K) NonClass: 88930K(89472K)->88930K(89472K) Class: 15269K(15744K)->15269K(15744K)
[2026-03-25T22:12:13.215+0900][218.426s][info][gc          ] GC(693) Pause Young (Normal) (G1 Evacuation Pause) 214M->194M(256M) 0.716ms
[2026-03-25T22:12:13.215+0900][218.426s][info][gc,cpu      ] GC(693) User=0.00s Sys=0.00s Real=0.00s
[2026-03-25T22:12:13.333+0900][218.544s][info][gc,start    ] GC(694) Pause Young (Normal) (G1 Evacuation Pause)
[2026-03-25T22:12:13.333+0900][218.544s][info][gc,task     ] GC(694) Using 8 workers of 10 for evacuation
[2026-03-25T22:12:13.334+0900][218.545s][info][gc,phases   ] GC(694)   Pre Evacuate Collection Set: 0.1ms
[2026-03-25T22:12:13.334+0900][218.545s][info][gc,phases   ] GC(694)   Merge Heap Roots: 0.0ms
[2026-03-25T22:12:13.334+0900][218.545s][info][gc,phases   ] GC(694)   Evacuate Collection Set: 0.4ms
[2026-03-25T22:12:13.334+0900][218.545s][info][gc,phases   ] GC(694)   Post Evacuate Collection Set: 0.1ms
[2026-03-25T22:12:13.334+0900][218.545s][info][gc,phases   ] GC(694)   Other: 0.1ms
[2026-03-25T22:12:13.334+0900][218.545s][info][gc,heap     ] GC(694) Eden regions: 5->0(5)
[2026-03-25T22:12:13.334+0900][218.545s][info][gc,heap     ] GC(694) Survivor regions: 1->1(1)
[2026-03-25T22:12:13.334+0900][218.545s][info][gc,heap     ] GC(694) Old regions: 24->24
[2026-03-25T22:12:13.334+0900][218.545s][info][gc,heap     ] GC(694) Archive regions: 2->2
[2026-03-25T22:12:13.334+0900][218.545s][info][gc,heap     ] GC(694) Humongous regions: 24->24
[2026-03-25T22:12:13.334+0900][218.545s][info][gc,metaspace] GC(694) Metaspace: 104200K(105216K)->104200K(105216K) NonClass: 88930K(89472K)->88930K(89472K) Class: 15269K(15744K)->15269K(15744K)
[2026-03-25T22:12:13.334+0900][218.545s][info][gc          ] GC(694) Pause Young (Normal) (G1 Evacuation Pause) 214M->194M(256M) 0.758ms
[2026-03-25T22:12:13.334+0900][218.545s][info][gc,cpu      ] GC(694) User=0.00s Sys=0.00s Real=0.00s
[2026-03-25T22:12:13.408+0900][218.619s][info][gc,start    ] GC(695) Pause Young (Normal) (G1 Evacuation Pause)
[2026-03-25T22:12:13.408+0900][218.619s][info][gc,task     ] GC(695) Using 8 workers of 10 for evacuation
[2026-03-25T22:12:13.409+0900][218.620s][info][gc,phases   ] GC(695)   Pre Evacuate Collection Set: 0.0ms
[2026-03-25T22:12:13.409+0900][218.620s][info][gc,phases   ] GC(695)   Merge Heap Roots: 0.0ms
[2026-03-25T22:12:13.409+0900][218.620s][info][gc,phases   ] GC(695)   Evacuate Collection Set: 0.4ms
[2026-03-25T22:12:13.409+0900][218.620s][info][gc,phases   ] GC(695)   Post Evacuate Collection Set: 0.1ms
[2026-03-25T22:12:13.409+0900][218.620s][info][gc,phases   ] GC(695)   Other: 0.1ms
[2026-03-25T22:12:13.409+0900][218.620s][info][gc,heap     ] GC(695) Eden regions: 5->0(5)
[2026-03-25T22:12:13.409+0900][218.620s][info][gc,heap     ] GC(695) Survivor regions: 1->1(1)
[2026-03-25T22:12:13.409+0900][218.620s][info][gc,heap     ] GC(695) Old regions: 24->24
[2026-03-25T22:12:13.409+0900][218.620s][info][gc,heap     ] GC(695) Archive regions: 2->2
[2026-03-25T22:12:13.409+0900][218.620s][info][gc,heap     ] GC(695) Humongous regions: 24->24
[2026-03-25T22:12:13.409+0900][218.620s][info][gc,metaspace] GC(695) Metaspace: 104200K(105216K)->104200K(105216K) NonClass: 88930K(89472K)->88930K(89472K) Class: 15269K(15744K)->15269K(15744K)
[2026-03-25T22:12:13.409+0900][218.620s][info][gc          ] GC(695) Pause Young (Normal) (G1 Evacuation Pause) 214M->194M(256M) 0.745ms
[2026-03-25T22:12:13.409+0900][218.620s][info][gc,cpu      ] GC(695) User=0.00s Sys=0.00s Real=0.00s
[2026-03-25T22:12:13.498+0900][218.709s][info][gc,start    ] GC(696) Pause Young (Normal) (G1 Evacuation Pause)
[2026-03-25T22:12:13.498+0900][218.709s][info][gc,task     ] GC(696) Using 8 workers of 10 for evacuation
[2026-03-25T22:12:13.499+0900][218.710s][info][gc,phases   ] GC(696)   Pre Evacuate Collection Set: 0.0ms
[2026-03-25T22:12:13.499+0900][218.710s][info][gc,phases   ] GC(696)   Merge Heap Roots: 0.0ms
[2026-03-25T22:12:13.499+0900][218.710s][info][gc,phases   ] GC(696)   Evacuate Collection Set: 0.4ms
[2026-03-25T22:12:13.499+0900][218.710s][info][gc,phases   ] GC(696)   Post Evacuate Collection Set: 0.1ms
[2026-03-25T22:12:13.499+0900][218.710s][info][gc,phases   ] GC(696)   Other: 0.1ms
[2026-03-25T22:12:13.499+0900][218.710s][info][gc,heap     ] GC(696) Eden regions: 5->0(5)
[2026-03-25T22:12:13.499+0900][218.710s][info][gc,heap     ] GC(696) Survivor regions: 1->1(1)
[2026-03-25T22:12:13.499+0900][218.710s][info][gc,heap     ] GC(696) Old regions: 24->24
[2026-03-25T22:12:13.499+0900][218.710s][info][gc,heap     ] GC(696) Archive regions: 2->2
[2026-03-25T22:12:13.499+0900][218.710s][info][gc,heap     ] GC(696) Humongous regions: 24->24
[2026-03-25T22:12:13.499+0900][218.710s][info][gc,metaspace] GC(696) Metaspace: 104200K(105216K)->104200K(105216K) NonClass: 88930K(89472K)->88930K(89472K) Class: 15269K(15744K)->15269K(15744K)
[2026-03-25T22:12:13.499+0900][218.710s][info][gc          ] GC(696) Pause Young (Normal) (G1 Evacuation Pause) 214M->194M(256M) 0.695ms
[2026-03-25T22:12:13.499+0900][218.710s][info][gc,cpu      ] GC(696) User=0.00s Sys=0.00s Real=0.00s
[2026-03-25T22:12:13.581+0900][218.792s][info][gc,start    ] GC(697) Pause Young (Normal) (G1 Evacuation Pause)
[2026-03-25T22:12:13.581+0900][218.792s][info][gc,task     ] GC(697) Using 8 workers of 10 for evacuation
[2026-03-25T22:12:13.582+0900][218.793s][info][gc,phases   ] GC(697)   Pre Evacuate Collection Set: 0.1ms
[2026-03-25T22:12:13.582+0900][218.793s][info][gc,phases   ] GC(697)   Merge Heap Roots: 0.0ms
[2026-03-25T22:12:13.582+0900][218.793s][info][gc,phases   ] GC(697)   Evacuate Collection Set: 0.5ms
[2026-03-25T22:12:13.582+0900][218.793s][info][gc,phases   ] GC(697)   Post Evacuate Collection Set: 0.1ms
[2026-03-25T22:12:13.582+0900][218.793s][info][gc,phases   ] GC(697)   Other: 0.1ms
[2026-03-25T22:12:13.582+0900][218.793s][info][gc,heap     ] GC(697) Eden regions: 5->0(5)
[2026-03-25T22:12:13.582+0900][218.793s][info][gc,heap     ] GC(697) Survivor regions: 1->1(1)
[2026-03-25T22:12:13.582+0900][218.793s][info][gc,heap     ] GC(697) Old regions: 24->24
[2026-03-25T22:12:13.582+0900][218.793s][info][gc,heap     ] GC(697) Archive regions: 2->2
[2026-03-25T22:12:13.582+0900][218.793s][info][gc,heap     ] GC(697) Humongous regions: 24->24
[2026-03-25T22:12:13.582+0900][218.793s][info][gc,metaspace] GC(697) Metaspace: 104200K(105216K)->104200K(105216K) NonClass: 88930K(89472K)->88930K(89472K) Class: 15269K(15744K)->15269K(15744K)
[2026-03-25T22:12:13.582+0900][218.793s][info][gc          ] GC(697) Pause Young (Normal) (G1 Evacuation Pause) 214M->194M(256M) 0.775ms
[2026-03-25T22:12:13.582+0900][218.793s][info][gc,cpu      ] GC(697) User=0.01s Sys=0.00s Real=0.00s
[2026-03-25T22:12:13.652+0900][218.863s][info][gc,start    ] GC(698) Pause Young (Normal) (G1 Evacuation Pause)
[2026-03-25T22:12:13.652+0900][218.863s][info][gc,task     ] GC(698) Using 8 workers of 10 for evacuation
[2026-03-25T22:12:13.653+0900][218.864s][info][gc,phases   ] GC(698)   Pre Evacuate Collection Set: 0.0ms
[2026-03-25T22:12:13.653+0900][218.864s][info][gc,phases   ] GC(698)   Merge Heap Roots: 0.0ms
[2026-03-25T22:12:13.653+0900][218.864s][info][gc,phases   ] GC(698)   Evacuate Collection Set: 0.4ms
[2026-03-25T22:12:13.653+0900][218.864s][info][gc,phases   ] GC(698)   Post Evacuate Collection Set: 0.1ms
[2026-03-25T22:12:13.653+0900][218.864s][info][gc,phases   ] GC(698)   Other: 0.1ms
[2026-03-25T22:12:13.653+0900][218.864s][info][gc,heap     ] GC(698) Eden regions: 5->0(5)
[2026-03-25T22:12:13.653+0900][218.864s][info][gc,heap     ] GC(698) Survivor regions: 1->1(1)
[2026-03-25T22:12:13.653+0900][218.864s][info][gc,heap     ] GC(698) Old regions: 24->24
[2026-03-25T22:12:13.653+0900][218.864s][info][gc,heap     ] GC(698) Archive regions: 2->2
[2026-03-25T22:12:13.653+0900][218.864s][info][gc,heap     ] GC(698) Humongous regions: 24->24
[2026-03-25T22:12:13.653+0900][218.864s][info][gc,metaspace] GC(698) Metaspace: 104200K(105216K)->104200K(105216K) NonClass: 88930K(89472K)->88930K(89472K) Class: 15269K(15744K)->15269K(15744K)
[2026-03-25T22:12:13.653+0900][218.864s][info][gc          ] GC(698) Pause Young (Normal) (G1 Evacuation Pause) 214M->194M(256M) 0.758ms
[2026-03-25T22:12:13.653+0900][218.864s][info][gc,cpu      ] GC(698) User=0.00s Sys=0.00s Real=0.00s
[2026-03-25T22:12:13.751+0900][218.962s][info][gc,start    ] GC(699) Pause Young (Normal) (G1 Evacuation Pause)
[2026-03-25T22:12:13.751+0900][218.962s][info][gc,task     ] GC(699) Using 8 workers of 10 for evacuation
[2026-03-25T22:12:13.752+0900][218.963s][info][gc,phases   ] GC(699)   Pre Evacuate Collection Set: 0.1ms
[2026-03-25T22:12:13.752+0900][218.963s][info][gc,phases   ] GC(699)   Merge Heap Roots: 0.1ms
[2026-03-25T22:12:13.752+0900][218.963s][info][gc,phases   ] GC(699)   Evacuate Collection Set: 0.4ms
[2026-03-25T22:12:13.752+0900][218.963s][info][gc,phases   ] GC(699)   Post Evacuate Collection Set: 0.1ms
[2026-03-25T22:12:13.752+0900][218.963s][info][gc,phases   ] GC(699)   Other: 0.1ms
[2026-03-25T22:12:13.752+0900][218.963s][info][gc,heap     ] GC(699) Eden regions: 5->0(5)
[2026-03-25T22:12:13.752+0900][218.963s][info][gc,heap     ] GC(699) Survivor regions: 1->1(1)
[2026-03-25T22:12:13.752+0900][218.963s][info][gc,heap     ] GC(699) Old regions: 24->24
[2026-03-25T22:12:13.752+0900][218.963s][info][gc,heap     ] GC(699) Archive regions: 2->2
[2026-03-25T22:12:13.752+0900][218.963s][info][gc,heap     ] GC(699) Humongous regions: 24->24
[2026-03-25T22:12:13.752+0900][218.963s][info][gc,metaspace] GC(699) Metaspace: 104200K(105216K)->104200K(105216K) NonClass: 88930K(89472K)->88930K(89472K) Class: 15269K(15744K)->15269K(15744K)
[2026-03-25T22:12:13.752+0900][218.963s][info][gc          ] GC(699) Pause Young (Normal) (G1 Evacuation Pause) 214M->193M(256M) 0.722ms
[2026-03-25T22:12:13.752+0900][218.963s][info][gc,cpu      ] GC(699) User=0.01s Sys=0.00s Real=0.00s
[2026-03-25T22:12:13.840+0900][219.051s][info][gc,start    ] GC(700) Pause Young (Normal) (G1 Evacuation Pause)
[2026-03-25T22:12:13.840+0900][219.051s][info][gc,task     ] GC(700) Using 8 workers of 10 for evacuation
[2026-03-25T22:12:13.841+0900][219.052s][info][gc,phases   ] GC(700)   Pre Evacuate Collection Set: 0.0ms
[2026-03-25T22:12:13.841+0900][219.052s][info][gc,phases   ] GC(700)   Merge Heap Roots: 0.0ms
[2026-03-25T22:12:13.841+0900][219.052s][info][gc,phases   ] GC(700)   Evacuate Collection Set: 0.5ms
[2026-03-25T22:12:13.841+0900][219.052s][info][gc,phases   ] GC(700)   Post Evacuate Collection Set: 0.1ms
[2026-03-25T22:12:13.841+0900][219.052s][info][gc,phases   ] GC(700)   Other: 0.1ms
[2026-03-25T22:12:13.841+0900][219.052s][info][gc,heap     ] GC(700) Eden regions: 5->0(5)
[2026-03-25T22:12:13.841+0900][219.052s][info][gc,heap     ] GC(700) Survivor regions: 1->1(1)
[2026-03-25T22:12:13.841+0900][219.052s][info][gc,heap     ] GC(700) Old regions: 24->24
[2026-03-25T22:12:13.841+0900][219.052s][info][gc,heap     ] GC(700) Archive regions: 2->2
[2026-03-25T22:12:13.841+0900][219.052s][info][gc,heap     ] GC(700) Humongous regions: 24->24
[2026-03-25T22:12:13.841+0900][219.052s][info][gc,metaspace] GC(700) Metaspace: 104200K(105216K)->104200K(105216K) NonClass: 88930K(89472K)->88930K(89472K) Class: 15269K(15744K)->15269K(15744K)
[2026-03-25T22:12:13.841+0900][219.052s][info][gc          ] GC(700) Pause Young (Normal) (G1 Evacuation Pause) 213M->194M(256M) 0.787ms
[2026-03-25T22:12:13.841+0900][219.052s][info][gc,cpu      ] GC(700) User=0.01s Sys=0.00s Real=0.00s
[2026-03-25T22:12:13.895+0900][219.106s][info][gc,start    ] GC(701) Pause Young (Normal) (G1 Evacuation Pause)
[2026-03-25T22:12:13.895+0900][219.106s][info][gc,task     ] GC(701) Using 8 workers of 10 for evacuation
[2026-03-25T22:12:13.896+0900][219.107s][info][gc,phases   ] GC(701)   Pre Evacuate Collection Set: 0.0ms
[2026-03-25T22:12:13.896+0900][219.107s][info][gc,phases   ] GC(701)   Merge Heap Roots: 0.0ms
[2026-03-25T22:12:13.896+0900][219.107s][info][gc,phases   ] GC(701)   Evacuate Collection Set: 0.4ms
[2026-03-25T22:12:13.896+0900][219.107s][info][gc,phases   ] GC(701)   Post Evacuate Collection Set: 0.1ms
[2026-03-25T22:12:13.896+0900][219.107s][info][gc,phases   ] GC(701)   Other: 0.1ms
[2026-03-25T22:12:13.896+0900][219.107s][info][gc,heap     ] GC(701) Eden regions: 5->0(5)
[2026-03-25T22:12:13.896+0900][219.107s][info][gc,heap     ] GC(701) Survivor regions: 1->1(1)
[2026-03-25T22:12:13.896+0900][219.107s][info][gc,heap     ] GC(701) Old regions: 24->24
[2026-03-25T22:12:13.896+0900][219.107s][info][gc,heap     ] GC(701) Archive regions: 2->2
[2026-03-25T22:12:13.896+0900][219.107s][info][gc,heap     ] GC(701) Humongous regions: 24->24
[2026-03-25T22:12:13.896+0900][219.107s][info][gc,metaspace] GC(701) Metaspace: 104200K(105216K)->104200K(105216K) NonClass: 88930K(89472K)->88930K(89472K) Class: 15269K(15744K)->15269K(15744K)
[2026-03-25T22:12:13.896+0900][219.107s][info][gc          ] GC(701) Pause Young (Normal) (G1 Evacuation Pause) 214M->194M(256M) 0.745ms
[2026-03-25T22:12:13.896+0900][219.107s][info][gc,cpu      ] GC(701) User=0.01s Sys=0.00s Real=0.00s
[2026-03-25T22:12:13.961+0900][219.172s][info][gc,start    ] GC(702) Pause Young (Normal) (G1 Evacuation Pause)
[2026-03-25T22:12:13.961+0900][219.172s][info][gc,task     ] GC(702) Using 8 workers of 10 for evacuation
[2026-03-25T22:12:13.962+0900][219.173s][info][gc,phases   ] GC(702)   Pre Evacuate Collection Set: 0.0ms
[2026-03-25T22:12:13.962+0900][219.173s][info][gc,phases   ] GC(702)   Merge Heap Roots: 0.0ms
[2026-03-25T22:12:13.962+0900][219.173s][info][gc,phases   ] GC(702)   Evacuate Collection Set: 0.5ms
[2026-03-25T22:12:13.962+0900][219.173s][info][gc,phases   ] GC(702)   Post Evacuate Collection Set: 0.1ms
[2026-03-25T22:12:13.962+0900][219.173s][info][gc,phases   ] GC(702)   Other: 0.1ms
[2026-03-25T22:12:13.962+0900][219.173s][info][gc,heap     ] GC(702) Eden regions: 5->0(5)
[2026-03-25T22:12:13.962+0900][219.173s][info][gc,heap     ] GC(702) Survivor regions: 1->1(1)
[2026-03-25T22:12:13.962+0900][219.173s][info][gc,heap     ] GC(702) Old regions: 24->24
[2026-03-25T22:12:13.962+0900][219.173s][info][gc,heap     ] GC(702) Archive regions: 2->2
[2026-03-25T22:12:13.962+0900][219.173s][info][gc,heap     ] GC(702) Humongous regions: 24->24
[2026-03-25T22:12:13.962+0900][219.173s][info][gc,metaspace] GC(702) Metaspace: 104200K(105216K)->104200K(105216K) NonClass: 88930K(89472K)->88930K(89472K) Class: 15269K(15744K)->15269K(15744K)
[2026-03-25T22:12:13.962+0900][219.173s][info][gc          ] GC(702) Pause Young (Normal) (G1 Evacuation Pause) 214M->194M(256M) 0.789ms
[2026-03-25T22:12:13.962+0900][219.173s][info][gc,cpu      ] GC(702) User=0.00s Sys=0.00s Real=0.00s
[2026-03-25T22:12:14.036+0900][219.247s][info][gc,start    ] GC(703) Pause Young (Normal) (G1 Evacuation Pause)
[2026-03-25T22:12:14.036+0900][219.247s][info][gc,task     ] GC(703) Using 8 workers of 10 for evacuation
[2026-03-25T22:12:14.036+0900][219.247s][info][gc,phases   ] GC(703)   Pre Evacuate Collection Set: 0.0ms
[2026-03-25T22:12:14.036+0900][219.247s][info][gc,phases   ] GC(703)   Merge Heap Roots: 0.0ms
[2026-03-25T22:12:14.036+0900][219.247s][info][gc,phases   ] GC(703)   Evacuate Collection Set: 0.4ms
[2026-03-25T22:12:14.036+0900][219.247s][info][gc,phases   ] GC(703)   Post Evacuate Collection Set: 0.1ms
[2026-03-25T22:12:14.036+0900][219.247s][info][gc,phases   ] GC(703)   Other: 0.1ms
[2026-03-25T22:12:14.036+0900][219.247s][info][gc,heap     ] GC(703) Eden regions: 5->0(5)
[2026-03-25T22:12:14.036+0900][219.247s][info][gc,heap     ] GC(703) Survivor regions: 1->1(1)
[2026-03-25T22:12:14.036+0900][219.247s][info][gc,heap     ] GC(703) Old regions: 24->24
[2026-03-25T22:12:14.036+0900][219.247s][info][gc,heap     ] GC(703) Archive regions: 2->2
[2026-03-25T22:12:14.036+0900][219.247s][info][gc,heap     ] GC(703) Humongous regions: 24->24
[2026-03-25T22:12:14.036+0900][219.247s][info][gc,metaspace] GC(703) Metaspace: 104200K(105216K)->104200K(105216K) NonClass: 88930K(89472K)->88930K(89472K) Class: 15269K(15744K)->15269K(15744K)
[2026-03-25T22:12:14.036+0900][219.247s][info][gc          ] GC(703) Pause Young (Normal) (G1 Evacuation Pause) 214M->194M(256M) 0.684ms
[2026-03-25T22:12:14.036+0900][219.247s][info][gc,cpu      ] GC(703) User=0.00s Sys=0.00s Real=0.00s
[2026-03-25T22:12:14.121+0900][219.332s][info][gc,start    ] GC(704) Pause Young (Normal) (G1 Evacuation Pause)
[2026-03-25T22:12:14.121+0900][219.332s][info][gc,task     ] GC(704) Using 8 workers of 10 for evacuation
[2026-03-25T22:12:14.122+0900][219.333s][info][gc,phases   ] GC(704)   Pre Evacuate Collection Set: 0.1ms
[2026-03-25T22:12:14.122+0900][219.333s][info][gc,phases   ] GC(704)   Merge Heap Roots: 0.1ms
[2026-03-25T22:12:14.122+0900][219.333s][info][gc,phases   ] GC(704)   Evacuate Collection Set: 0.4ms
[2026-03-25T22:12:14.122+0900][219.333s][info][gc,phases   ] GC(704)   Post Evacuate Collection Set: 0.1ms
[2026-03-25T22:12:14.122+0900][219.333s][info][gc,phases   ] GC(704)   Other: 0.1ms
[2026-03-25T22:12:14.122+0900][219.333s][info][gc,heap     ] GC(704) Eden regions: 5->0(5)
[2026-03-25T22:12:14.122+0900][219.333s][info][gc,heap     ] GC(704) Survivor regions: 1->1(1)
[2026-03-25T22:12:14.122+0900][219.333s][info][gc,heap     ] GC(704) Old regions: 24->24
[2026-03-25T22:12:14.122+0900][219.333s][info][gc,heap     ] GC(704) Archive regions: 2->2
[2026-03-25T22:12:14.122+0900][219.333s][info][gc,heap     ] GC(704) Humongous regions: 24->24
[2026-03-25T22:12:14.122+0900][219.333s][info][gc,metaspace] GC(704) Metaspace: 104200K(105216K)->104200K(105216K) NonClass: 88930K(89472K)->88930K(89472K) Class: 15269K(15744K)->15269K(15744K)
[2026-03-25T22:12:14.122+0900][219.333s][info][gc          ] GC(704) Pause Young (Normal) (G1 Evacuation Pause) 214M->194M(256M) 0.721ms
[2026-03-25T22:12:14.122+0900][219.333s][info][gc,cpu      ] GC(704) User=0.00s Sys=0.00s Real=0.00s
[2026-03-25T22:12:14.179+0900][219.390s][info][gc,start    ] GC(705) Pause Young (Normal) (G1 Evacuation Pause)
[2026-03-25T22:12:14.179+0900][219.390s][info][gc,task     ] GC(705) Using 8 workers of 10 for evacuation
[2026-03-25T22:12:14.180+0900][219.391s][info][gc,phases   ] GC(705)   Pre Evacuate Collection Set: 0.0ms
[2026-03-25T22:12:14.180+0900][219.391s][info][gc,phases   ] GC(705)   Merge Heap Roots: 0.0ms
[2026-03-25T22:12:14.180+0900][219.391s][info][gc,phases   ] GC(705)   Evacuate Collection Set: 0.4ms
[2026-03-25T22:12:14.180+0900][219.391s][info][gc,phases   ] GC(705)   Post Evacuate Collection Set: 0.1ms
[2026-03-25T22:12:14.180+0900][219.391s][info][gc,phases   ] GC(705)   Other: 0.1ms
[2026-03-25T22:12:14.180+0900][219.391s][info][gc,heap     ] GC(705) Eden regions: 5->0(5)
[2026-03-25T22:12:14.180+0900][219.391s][info][gc,heap     ] GC(705) Survivor regions: 1->1(1)
[2026-03-25T22:12:14.180+0900][219.391s][info][gc,heap     ] GC(705) Old regions: 24->24
[2026-03-25T22:12:14.180+0900][219.391s][info][gc,heap     ] GC(705) Archive regions: 2->2
[2026-03-25T22:12:14.180+0900][219.391s][info][gc,heap     ] GC(705) Humongous regions: 24->24
[2026-03-25T22:12:14.180+0900][219.391s][info][gc,metaspace] GC(705) Metaspace: 104200K(105216K)->104200K(105216K) NonClass: 88930K(89472K)->88930K(89472K) Class: 15269K(15744K)->15269K(15744K)
[2026-03-25T22:12:14.180+0900][219.391s][info][gc          ] GC(705) Pause Young (Normal) (G1 Evacuation Pause) 214M->194M(256M) 0.644ms
[2026-03-25T22:12:14.180+0900][219.391s][info][gc,cpu      ] GC(705) User=0.01s Sys=0.00s Real=0.01s
[2026-03-25T22:12:14.241+0900][219.452s][info][gc,start    ] GC(706) Pause Young (Normal) (G1 Evacuation Pause)
[2026-03-25T22:12:14.241+0900][219.452s][info][gc,task     ] GC(706) Using 8 workers of 10 for evacuation
[2026-03-25T22:12:14.242+0900][219.453s][info][gc,phases   ] GC(706)   Pre Evacuate Collection Set: 0.0ms
[2026-03-25T22:12:14.242+0900][219.453s][info][gc,phases   ] GC(706)   Merge Heap Roots: 0.0ms
[2026-03-25T22:12:14.242+0900][219.453s][info][gc,phases   ] GC(706)   Evacuate Collection Set: 0.4ms
[2026-03-25T22:12:14.242+0900][219.453s][info][gc,phases   ] GC(706)   Post Evacuate Collection Set: 0.1ms
[2026-03-25T22:12:14.242+0900][219.453s][info][gc,phases   ] GC(706)   Other: 0.0ms
[2026-03-25T22:12:14.242+0900][219.453s][info][gc,heap     ] GC(706) Eden regions: 5->0(5)
[2026-03-25T22:12:14.242+0900][219.453s][info][gc,heap     ] GC(706) Survivor regions: 1->1(1)
[2026-03-25T22:12:14.242+0900][219.453s][info][gc,heap     ] GC(706) Old regions: 24->24
[2026-03-25T22:12:14.242+0900][219.453s][info][gc,heap     ] GC(706) Archive regions: 2->2
[2026-03-25T22:12:14.242+0900][219.453s][info][gc,heap     ] GC(706) Humongous regions: 24->24
[2026-03-25T22:12:14.242+0900][219.453s][info][gc,metaspace] GC(706) Metaspace: 104200K(105216K)->104200K(105216K) NonClass: 88930K(89472K)->88930K(89472K) Class: 15269K(15744K)->15269K(15744K)
[2026-03-25T22:12:14.242+0900][219.453s][info][gc          ] GC(706) Pause Young (Normal) (G1 Evacuation Pause) 214M->194M(256M) 0.742ms
[2026-03-25T22:12:14.242+0900][219.453s][info][gc,cpu      ] GC(706) User=0.00s Sys=0.00s Real=0.00s
[2026-03-25T22:12:14.321+0900][219.532s][info][gc,start    ] GC(707) Pause Young (Normal) (G1 Evacuation Pause)
[2026-03-25T22:12:14.321+0900][219.532s][info][gc,task     ] GC(707) Using 8 workers of 10 for evacuation
[2026-03-25T22:12:14.321+0900][219.532s][info][gc,phases   ] GC(707)   Pre Evacuate Collection Set: 0.0ms
[2026-03-25T22:12:14.321+0900][219.532s][info][gc,phases   ] GC(707)   Merge Heap Roots: 0.0ms
[2026-03-25T22:12:14.321+0900][219.532s][info][gc,phases   ] GC(707)   Evacuate Collection Set: 0.4ms
[2026-03-25T22:12:14.321+0900][219.532s][info][gc,phases   ] GC(707)   Post Evacuate Collection Set: 0.1ms
[2026-03-25T22:12:14.321+0900][219.532s][info][gc,phases   ] GC(707)   Other: 0.1ms
[2026-03-25T22:12:14.321+0900][219.532s][info][gc,heap     ] GC(707) Eden regions: 5->0(5)
[2026-03-25T22:12:14.321+0900][219.532s][info][gc,heap     ] GC(707) Survivor regions: 1->1(1)
[2026-03-25T22:12:14.321+0900][219.532s][info][gc,heap     ] GC(707) Old regions: 24->24
[2026-03-25T22:12:14.321+0900][219.532s][info][gc,heap     ] GC(707) Archive regions: 2->2
[2026-03-25T22:12:14.321+0900][219.532s][info][gc,heap     ] GC(707) Humongous regions: 24->24
[2026-03-25T22:12:14.321+0900][219.532s][info][gc,metaspace] GC(707) Metaspace: 104200K(105216K)->104200K(105216K) NonClass: 88930K(89472K)->88930K(89472K) Class: 15269K(15744K)->15269K(15744K)
[2026-03-25T22:12:14.321+0900][219.532s][info][gc          ] GC(707) Pause Young (Normal) (G1 Evacuation Pause) 214M->194M(256M) 0.692ms
[2026-03-25T22:12:14.321+0900][219.532s][info][gc,cpu      ] GC(707) User=0.00s Sys=0.00s Real=0.00s
[2026-03-25T22:12:14.397+0900][219.607s][info][gc,start    ] GC(708) Pause Young (Normal) (G1 Evacuation Pause)
[2026-03-25T22:12:14.397+0900][219.607s][info][gc,task     ] GC(708) Using 8 workers of 10 for evacuation
[2026-03-25T22:12:14.397+0900][219.608s][info][gc,phases   ] GC(708)   Pre Evacuate Collection Set: 0.0ms
[2026-03-25T22:12:14.397+0900][219.608s][info][gc,phases   ] GC(708)   Merge Heap Roots: 0.0ms
[2026-03-25T22:12:14.397+0900][219.608s][info][gc,phases   ] GC(708)   Evacuate Collection Set: 0.4ms
[2026-03-25T22:12:14.397+0900][219.608s][info][gc,phases   ] GC(708)   Post Evacuate Collection Set: 0.1ms
[2026-03-25T22:12:14.397+0900][219.608s][info][gc,phases   ] GC(708)   Other: 0.1ms
[2026-03-25T22:12:14.397+0900][219.608s][info][gc,heap     ] GC(708) Eden regions: 5->0(5)
[2026-03-25T22:12:14.397+0900][219.608s][info][gc,heap     ] GC(708) Survivor regions: 1->1(1)
[2026-03-25T22:12:14.397+0900][219.608s][info][gc,heap     ] GC(708) Old regions: 24->24
[2026-03-25T22:12:14.397+0900][219.608s][info][gc,heap     ] GC(708) Archive regions: 2->2
[2026-03-25T22:12:14.397+0900][219.608s][info][gc,heap     ] GC(708) Humongous regions: 24->24
[2026-03-25T22:12:14.397+0900][219.608s][info][gc,metaspace] GC(708) Metaspace: 104200K(105216K)->104200K(105216K) NonClass: 88930K(89472K)->88930K(89472K) Class: 15269K(15744K)->15269K(15744K)
[2026-03-25T22:12:14.397+0900][219.608s][info][gc          ] GC(708) Pause Young (Normal) (G1 Evacuation Pause) 214M->194M(256M) 0.665ms
[2026-03-25T22:12:14.397+0900][219.608s][info][gc,cpu      ] GC(708) User=0.01s Sys=0.00s Real=0.00s
[2026-03-25T22:12:14.489+0900][219.699s][info][gc,start    ] GC(709) Pause Young (Normal) (G1 Evacuation Pause)
[2026-03-25T22:12:14.489+0900][219.699s][info][gc,task     ] GC(709) Using 8 workers of 10 for evacuation
[2026-03-25T22:12:14.489+0900][219.700s][info][gc,phases   ] GC(709)   Pre Evacuate Collection Set: 0.0ms
[2026-03-25T22:12:14.489+0900][219.700s][info][gc,phases   ] GC(709)   Merge Heap Roots: 0.0ms
[2026-03-25T22:12:14.489+0900][219.700s][info][gc,phases   ] GC(709)   Evacuate Collection Set: 0.4ms
[2026-03-25T22:12:14.489+0900][219.700s][info][gc,phases   ] GC(709)   Post Evacuate Collection Set: 0.1ms
[2026-03-25T22:12:14.489+0900][219.700s][info][gc,phases   ] GC(709)   Other: 0.1ms
[2026-03-25T22:12:14.489+0900][219.700s][info][gc,heap     ] GC(709) Eden regions: 5->0(5)
[2026-03-25T22:12:14.489+0900][219.700s][info][gc,heap     ] GC(709) Survivor regions: 1->1(1)
[2026-03-25T22:12:14.489+0900][219.700s][info][gc,heap     ] GC(709) Old regions: 24->24
[2026-03-25T22:12:14.489+0900][219.700s][info][gc,heap     ] GC(709) Archive regions: 2->2
[2026-03-25T22:12:14.489+0900][219.700s][info][gc,heap     ] GC(709) Humongous regions: 24->24
[2026-03-25T22:12:14.489+0900][219.700s][info][gc,metaspace] GC(709) Metaspace: 104200K(105216K)->104200K(105216K) NonClass: 88930K(89472K)->88930K(89472K) Class: 15269K(15744K)->15269K(15744K)
[2026-03-25T22:12:14.489+0900][219.700s][info][gc          ] GC(709) Pause Young (Normal) (G1 Evacuation Pause) 214M->194M(256M) 0.718ms
[2026-03-25T22:12:14.489+0900][219.700s][info][gc,cpu      ] GC(709) User=0.00s Sys=0.00s Real=0.00s
[2026-03-25T22:12:14.602+0900][219.813s][info][gc,start    ] GC(710) Pause Young (Normal) (G1 Evacuation Pause)
[2026-03-25T22:12:14.602+0900][219.813s][info][gc,task     ] GC(710) Using 8 workers of 10 for evacuation
[2026-03-25T22:12:14.603+0900][219.814s][info][gc,phases   ] GC(710)   Pre Evacuate Collection Set: 0.1ms
[2026-03-25T22:12:14.603+0900][219.814s][info][gc,phases   ] GC(710)   Merge Heap Roots: 0.1ms
[2026-03-25T22:12:14.603+0900][219.814s][info][gc,phases   ] GC(710)   Evacuate Collection Set: 0.4ms
[2026-03-25T22:12:14.603+0900][219.814s][info][gc,phases   ] GC(710)   Post Evacuate Collection Set: 0.1ms
[2026-03-25T22:12:14.603+0900][219.814s][info][gc,phases   ] GC(710)   Other: 0.1ms
[2026-03-25T22:12:14.603+0900][219.814s][info][gc,heap     ] GC(710) Eden regions: 5->0(5)
[2026-03-25T22:12:14.603+0900][219.814s][info][gc,heap     ] GC(710) Survivor regions: 1->1(1)
[2026-03-25T22:12:14.603+0900][219.814s][info][gc,heap     ] GC(710) Old regions: 24->24
[2026-03-25T22:12:14.603+0900][219.814s][info][gc,heap     ] GC(710) Archive regions: 2->2
[2026-03-25T22:12:14.603+0900][219.814s][info][gc,heap     ] GC(710) Humongous regions: 24->24
[2026-03-25T22:12:14.603+0900][219.814s][info][gc,metaspace] GC(710) Metaspace: 104200K(105216K)->104200K(105216K) NonClass: 88930K(89472K)->88930K(89472K) Class: 15269K(15744K)->15269K(15744K)
[2026-03-25T22:12:14.603+0900][219.814s][info][gc          ] GC(710) Pause Young (Normal) (G1 Evacuation Pause) 214M->194M(256M) 0.710ms
[2026-03-25T22:12:14.603+0900][219.814s][info][gc,cpu      ] GC(710) User=0.00s Sys=0.00s Real=0.00s
[2026-03-25T22:12:14.709+0900][219.920s][info][gc,start    ] GC(711) Pause Young (Normal) (G1 Evacuation Pause)
[2026-03-25T22:12:14.709+0900][219.920s][info][gc,task     ] GC(711) Using 8 workers of 10 for evacuation
[2026-03-25T22:12:14.710+0900][219.921s][info][gc,phases   ] GC(711)   Pre Evacuate Collection Set: 0.1ms
[2026-03-25T22:12:14.710+0900][219.921s][info][gc,phases   ] GC(711)   Merge Heap Roots: 0.1ms
[2026-03-25T22:12:14.710+0900][219.921s][info][gc,phases   ] GC(711)   Evacuate Collection Set: 0.4ms
[2026-03-25T22:12:14.710+0900][219.921s][info][gc,phases   ] GC(711)   Post Evacuate Collection Set: 0.1ms
[2026-03-25T22:12:14.710+0900][219.921s][info][gc,phases   ] GC(711)   Other: 0.1ms
[2026-03-25T22:12:14.710+0900][219.921s][info][gc,heap     ] GC(711) Eden regions: 5->0(5)
[2026-03-25T22:12:14.710+0900][219.921s][info][gc,heap     ] GC(711) Survivor regions: 1->1(1)
[2026-03-25T22:12:14.710+0900][219.921s][info][gc,heap     ] GC(711) Old regions: 24->24
[2026-03-25T22:12:14.710+0900][219.921s][info][gc,heap     ] GC(711) Archive regions: 2->2
[2026-03-25T22:12:14.710+0900][219.921s][info][gc,heap     ] GC(711) Humongous regions: 24->24
[2026-03-25T22:12:14.710+0900][219.921s][info][gc,metaspace] GC(711) Metaspace: 104200K(105216K)->104200K(105216K) NonClass: 88930K(89472K)->88930K(89472K) Class: 15269K(15744K)->15269K(15744K)
[2026-03-25T22:12:14.710+0900][219.921s][info][gc          ] GC(711) Pause Young (Normal) (G1 Evacuation Pause) 214M->194M(256M) 0.730ms
[2026-03-25T22:12:14.710+0900][219.921s][info][gc,cpu      ] GC(711) User=0.00s Sys=0.00s Real=0.01s
[2026-03-25T22:12:14.830+0900][220.041s][info][gc,start    ] GC(712) Pause Young (Normal) (G1 Evacuation Pause)
[2026-03-25T22:12:14.830+0900][220.041s][info][gc,task     ] GC(712) Using 8 workers of 10 for evacuation
[2026-03-25T22:12:14.831+0900][220.042s][info][gc,phases   ] GC(712)   Pre Evacuate Collection Set: 0.0ms
[2026-03-25T22:12:14.831+0900][220.042s][info][gc,phases   ] GC(712)   Merge Heap Roots: 0.0ms
[2026-03-25T22:12:14.831+0900][220.042s][info][gc,phases   ] GC(712)   Evacuate Collection Set: 0.4ms
[2026-03-25T22:12:14.831+0900][220.042s][info][gc,phases   ] GC(712)   Post Evacuate Collection Set: 0.1ms
[2026-03-25T22:12:14.831+0900][220.042s][info][gc,phases   ] GC(712)   Other: 0.1ms
[2026-03-25T22:12:14.831+0900][220.042s][info][gc,heap     ] GC(712) Eden regions: 5->0(5)
[2026-03-25T22:12:14.831+0900][220.042s][info][gc,heap     ] GC(712) Survivor regions: 1->1(1)
[2026-03-25T22:12:14.831+0900][220.042s][info][gc,heap     ] GC(712) Old regions: 24->24
[2026-03-25T22:12:14.831+0900][220.042s][info][gc,heap     ] GC(712) Archive regions: 2->2
[2026-03-25T22:12:14.831+0900][220.042s][info][gc,heap     ] GC(712) Humongous regions: 24->24
[2026-03-25T22:12:14.831+0900][220.042s][info][gc,metaspace] GC(712) Metaspace: 104200K(105216K)->104200K(105216K) NonClass: 88930K(89472K)->88930K(89472K) Class: 15269K(15744K)->15269K(15744K)
[2026-03-25T22:12:14.831+0900][220.042s][info][gc          ] GC(712) Pause Young (Normal) (G1 Evacuation Pause) 214M->194M(256M) 0.686ms
[2026-03-25T22:12:14.831+0900][220.042s][info][gc,cpu      ] GC(712) User=0.01s Sys=0.00s Real=0.00s
[2026-03-25T22:12:14.932+0900][220.143s][info][gc,start    ] GC(713) Pause Young (Normal) (G1 Evacuation Pause)
[2026-03-25T22:12:14.932+0900][220.143s][info][gc,task     ] GC(713) Using 8 workers of 10 for evacuation
[2026-03-25T22:12:14.932+0900][220.143s][info][gc,phases   ] GC(713)   Pre Evacuate Collection Set: 0.0ms
[2026-03-25T22:12:14.932+0900][220.143s][info][gc,phases   ] GC(713)   Merge Heap Roots: 0.0ms
[2026-03-25T22:12:14.932+0900][220.143s][info][gc,phases   ] GC(713)   Evacuate Collection Set: 0.4ms
[2026-03-25T22:12:14.932+0900][220.143s][info][gc,phases   ] GC(713)   Post Evacuate Collection Set: 0.2ms
[2026-03-25T22:12:14.932+0900][220.143s][info][gc,phases   ] GC(713)   Other: 0.1ms
[2026-03-25T22:12:14.932+0900][220.143s][info][gc,heap     ] GC(713) Eden regions: 5->0(5)
[2026-03-25T22:12:14.932+0900][220.143s][info][gc,heap     ] GC(713) Survivor regions: 1->1(1)
[2026-03-25T22:12:14.932+0900][220.143s][info][gc,heap     ] GC(713) Old regions: 24->24
[2026-03-25T22:12:14.932+0900][220.143s][info][gc,heap     ] GC(713) Archive regions: 2->2
[2026-03-25T22:12:14.932+0900][220.143s][info][gc,heap     ] GC(713) Humongous regions: 24->24
[2026-03-25T22:12:14.932+0900][220.143s][info][gc,metaspace] GC(713) Metaspace: 104200K(105216K)->104200K(105216K) NonClass: 88930K(89472K)->88930K(89472K) Class: 15269K(15744K)->15269K(15744K)
[2026-03-25T22:12:14.932+0900][220.143s][info][gc          ] GC(713) Pause Young (Normal) (G1 Evacuation Pause) 214M->194M(256M) 0.765ms
[2026-03-25T22:12:14.932+0900][220.143s][info][gc,cpu      ] GC(713) User=0.00s Sys=0.00s Real=0.00s
[2026-03-25T22:12:15.010+0900][220.221s][info][gc,start    ] GC(714) Pause Young (Normal) (G1 Evacuation Pause)
[2026-03-25T22:12:15.010+0900][220.221s][info][gc,task     ] GC(714) Using 8 workers of 10 for evacuation
[2026-03-25T22:12:15.011+0900][220.221s][info][gc,phases   ] GC(714)   Pre Evacuate Collection Set: 0.0ms
[2026-03-25T22:12:15.011+0900][220.221s][info][gc,phases   ] GC(714)   Merge Heap Roots: 0.1ms
[2026-03-25T22:12:15.011+0900][220.221s][info][gc,phases   ] GC(714)   Evacuate Collection Set: 0.4ms
[2026-03-25T22:12:15.011+0900][220.221s][info][gc,phases   ] GC(714)   Post Evacuate Collection Set: 0.1ms
[2026-03-25T22:12:15.011+0900][220.221s][info][gc,phases   ] GC(714)   Other: 0.1ms
[2026-03-25T22:12:15.011+0900][220.221s][info][gc,heap     ] GC(714) Eden regions: 5->0(5)
[2026-03-25T22:12:15.011+0900][220.221s][info][gc,heap     ] GC(714) Survivor regions: 1->1(1)
[2026-03-25T22:12:15.011+0900][220.221s][info][gc,heap     ] GC(714) Old regions: 24->24
[2026-03-25T22:12:15.011+0900][220.221s][info][gc,heap     ] GC(714) Archive regions: 2->2
[2026-03-25T22:12:15.011+0900][220.221s][info][gc,heap     ] GC(714) Humongous regions: 24->24
[2026-03-25T22:12:15.011+0900][220.222s][info][gc,metaspace] GC(714) Metaspace: 104200K(105216K)->104200K(105216K) NonClass: 88930K(89472K)->88930K(89472K) Class: 15269K(15744K)->15269K(15744K)
[2026-03-25T22:12:15.011+0900][220.222s][info][gc          ] GC(714) Pause Young (Normal) (G1 Evacuation Pause) 214M->194M(256M) 0.741ms
[2026-03-25T22:12:15.011+0900][220.222s][info][gc,cpu      ] GC(714) User=0.01s Sys=0.00s Real=0.00s
[2026-03-25T22:12:15.110+0900][220.321s][info][gc,start    ] GC(715) Pause Young (Normal) (G1 Evacuation Pause)
[2026-03-25T22:12:15.110+0900][220.321s][info][gc,task     ] GC(715) Using 8 workers of 10 for evacuation
[2026-03-25T22:12:15.111+0900][220.322s][info][gc,phases   ] GC(715)   Pre Evacuate Collection Set: 0.0ms
[2026-03-25T22:12:15.111+0900][220.322s][info][gc,phases   ] GC(715)   Merge Heap Roots: 0.0ms
[2026-03-25T22:12:15.111+0900][220.322s][info][gc,phases   ] GC(715)   Evacuate Collection Set: 0.4ms
[2026-03-25T22:12:15.111+0900][220.322s][info][gc,phases   ] GC(715)   Post Evacuate Collection Set: 0.1ms
[2026-03-25T22:12:15.111+0900][220.322s][info][gc,phases   ] GC(715)   Other: 0.1ms
[2026-03-25T22:12:15.111+0900][220.322s][info][gc,heap     ] GC(715) Eden regions: 5->0(5)
[2026-03-25T22:12:15.111+0900][220.322s][info][gc,heap     ] GC(715) Survivor regions: 1->1(1)
[2026-03-25T22:12:15.111+0900][220.322s][info][gc,heap     ] GC(715) Old regions: 24->24
[2026-03-25T22:12:15.111+0900][220.322s][info][gc,heap     ] GC(715) Archive regions: 2->2
[2026-03-25T22:12:15.111+0900][220.322s][info][gc,heap     ] GC(715) Humongous regions: 24->24
[2026-03-25T22:12:15.111+0900][220.322s][info][gc,metaspace] GC(715) Metaspace: 104200K(105216K)->104200K(105216K) NonClass: 88930K(89472K)->88930K(89472K) Class: 15269K(15744K)->15269K(15744K)
[2026-03-25T22:12:15.111+0900][220.322s][info][gc          ] GC(715) Pause Young (Normal) (G1 Evacuation Pause) 214M->195M(256M) 0.736ms
[2026-03-25T22:12:15.111+0900][220.322s][info][gc,cpu      ] GC(715) User=0.01s Sys=0.00s Real=0.00s
[2026-03-25T22:12:15.181+0900][220.392s][info][gc,start    ] GC(716) Pause Young (Normal) (G1 Evacuation Pause)
[2026-03-25T22:12:15.181+0900][220.392s][info][gc,task     ] GC(716) Using 8 workers of 10 for evacuation
[2026-03-25T22:12:15.182+0900][220.392s][info][gc,phases   ] GC(716)   Pre Evacuate Collection Set: 0.0ms
[2026-03-25T22:12:15.182+0900][220.392s][info][gc,phases   ] GC(716)   Merge Heap Roots: 0.0ms
[2026-03-25T22:12:15.182+0900][220.392s][info][gc,phases   ] GC(716)   Evacuate Collection Set: 0.5ms
[2026-03-25T22:12:15.182+0900][220.393s][info][gc,phases   ] GC(716)   Post Evacuate Collection Set: 0.2ms
[2026-03-25T22:12:15.182+0900][220.393s][info][gc,phases   ] GC(716)   Other: 0.1ms
[2026-03-25T22:12:15.182+0900][220.393s][info][gc,heap     ] GC(716) Eden regions: 5->0(5)
[2026-03-25T22:12:15.182+0900][220.393s][info][gc,heap     ] GC(716) Survivor regions: 1->1(1)
[2026-03-25T22:12:15.182+0900][220.393s][info][gc,heap     ] GC(716) Old regions: 24->24
[2026-03-25T22:12:15.182+0900][220.393s][info][gc,heap     ] GC(716) Archive regions: 2->2
[2026-03-25T22:12:15.182+0900][220.393s][info][gc,heap     ] GC(716) Humongous regions: 24->24
[2026-03-25T22:12:15.182+0900][220.393s][info][gc,metaspace] GC(716) Metaspace: 104200K(105216K)->104200K(105216K) NonClass: 88930K(89472K)->88930K(89472K) Class: 15269K(15744K)->15269K(15744K)
[2026-03-25T22:12:15.182+0900][220.393s][info][gc          ] GC(716) Pause Young (Normal) (G1 Evacuation Pause) 215M->195M(256M) 0.805ms
[2026-03-25T22:12:15.182+0900][220.393s][info][gc,cpu      ] GC(716) User=0.00s Sys=0.00s Real=0.00s
[2026-03-25T22:12:15.285+0900][220.496s][info][gc,start    ] GC(717) Pause Young (Normal) (G1 Evacuation Pause)
[2026-03-25T22:12:15.285+0900][220.496s][info][gc,task     ] GC(717) Using 8 workers of 10 for evacuation
[2026-03-25T22:12:15.285+0900][220.496s][info][gc,phases   ] GC(717)   Pre Evacuate Collection Set: 0.0ms
[2026-03-25T22:12:15.285+0900][220.496s][info][gc,phases   ] GC(717)   Merge Heap Roots: 0.0ms
[2026-03-25T22:12:15.285+0900][220.496s][info][gc,phases   ] GC(717)   Evacuate Collection Set: 0.4ms
[2026-03-25T22:12:15.285+0900][220.496s][info][gc,phases   ] GC(717)   Post Evacuate Collection Set: 0.1ms
[2026-03-25T22:12:15.285+0900][220.496s][info][gc,phases   ] GC(717)   Other: 0.1ms
[2026-03-25T22:12:15.285+0900][220.496s][info][gc,heap     ] GC(717) Eden regions: 5->0(5)
[2026-03-25T22:12:15.285+0900][220.496s][info][gc,heap     ] GC(717) Survivor regions: 1->1(1)
[2026-03-25T22:12:15.285+0900][220.496s][info][gc,heap     ] GC(717) Old regions: 24->24
[2026-03-25T22:12:15.285+0900][220.496s][info][gc,heap     ] GC(717) Archive regions: 2->2
[2026-03-25T22:12:15.285+0900][220.496s][info][gc,heap     ] GC(717) Humongous regions: 24->24
[2026-03-25T22:12:15.285+0900][220.496s][info][gc,metaspace] GC(717) Metaspace: 104200K(105216K)->104200K(105216K) NonClass: 88930K(89472K)->88930K(89472K) Class: 15269K(15744K)->15269K(15744K)
[2026-03-25T22:12:15.285+0900][220.496s][info][gc          ] GC(717) Pause Young (Normal) (G1 Evacuation Pause) 215M->195M(256M) 0.768ms
[2026-03-25T22:12:15.285+0900][220.496s][info][gc,cpu      ] GC(717) User=0.00s Sys=0.00s Real=0.00s
[2026-03-25T22:12:15.365+0900][220.576s][info][gc,start    ] GC(718) Pause Young (Normal) (G1 Evacuation Pause)
[2026-03-25T22:12:15.365+0900][220.576s][info][gc,task     ] GC(718) Using 8 workers of 10 for evacuation
[2026-03-25T22:12:15.366+0900][220.577s][info][gc,phases   ] GC(718)   Pre Evacuate Collection Set: 0.0ms
[2026-03-25T22:12:15.366+0900][220.577s][info][gc,phases   ] GC(718)   Merge Heap Roots: 0.0ms
[2026-03-25T22:12:15.366+0900][220.577s][info][gc,phases   ] GC(718)   Evacuate Collection Set: 0.4ms
[2026-03-25T22:12:15.366+0900][220.577s][info][gc,phases   ] GC(718)   Post Evacuate Collection Set: 0.1ms
[2026-03-25T22:12:15.366+0900][220.577s][info][gc,phases   ] GC(718)   Other: 0.1ms
[2026-03-25T22:12:15.366+0900][220.577s][info][gc,heap     ] GC(718) Eden regions: 5->0(5)
[2026-03-25T22:12:15.366+0900][220.577s][info][gc,heap     ] GC(718) Survivor regions: 1->1(1)
[2026-03-25T22:12:15.366+0900][220.577s][info][gc,heap     ] GC(718) Old regions: 24->24
[2026-03-25T22:12:15.366+0900][220.577s][info][gc,heap     ] GC(718) Archive regions: 2->2
[2026-03-25T22:12:15.366+0900][220.577s][info][gc,heap     ] GC(718) Humongous regions: 24->24
[2026-03-25T22:12:15.366+0900][220.577s][info][gc,metaspace] GC(718) Metaspace: 104200K(105216K)->104200K(105216K) NonClass: 88930K(89472K)->88930K(89472K) Class: 15269K(15744K)->15269K(15744K)
[2026-03-25T22:12:15.366+0900][220.577s][info][gc          ] GC(718) Pause Young (Normal) (G1 Evacuation Pause) 215M->195M(256M) 0.707ms
[2026-03-25T22:12:15.366+0900][220.577s][info][gc,cpu      ] GC(718) User=0.01s Sys=0.00s Real=0.00s
[2026-03-25T22:12:15.445+0900][220.656s][info][gc,start    ] GC(719) Pause Young (Normal) (G1 Evacuation Pause)
[2026-03-25T22:12:15.445+0900][220.656s][info][gc,task     ] GC(719) Using 8 workers of 10 for evacuation
[2026-03-25T22:12:15.445+0900][220.656s][info][gc,phases   ] GC(719)   Pre Evacuate Collection Set: 0.0ms
[2026-03-25T22:12:15.445+0900][220.656s][info][gc,phases   ] GC(719)   Merge Heap Roots: 0.0ms
[2026-03-25T22:12:15.445+0900][220.656s][info][gc,phases   ] GC(719)   Evacuate Collection Set: 0.4ms
[2026-03-25T22:12:15.445+0900][220.656s][info][gc,phases   ] GC(719)   Post Evacuate Collection Set: 0.1ms
[2026-03-25T22:12:15.445+0900][220.656s][info][gc,phases   ] GC(719)   Other: 0.1ms
[2026-03-25T22:12:15.445+0900][220.656s][info][gc,heap     ] GC(719) Eden regions: 5->0(5)
[2026-03-25T22:12:15.445+0900][220.656s][info][gc,heap     ] GC(719) Survivor regions: 1->1(1)
[2026-03-25T22:12:15.445+0900][220.656s][info][gc,heap     ] GC(719) Old regions: 24->24
[2026-03-25T22:12:15.445+0900][220.656s][info][gc,heap     ] GC(719) Archive regions: 2->2
[2026-03-25T22:12:15.445+0900][220.656s][info][gc,heap     ] GC(719) Humongous regions: 24->24
[2026-03-25T22:12:15.445+0900][220.656s][info][gc,metaspace] GC(719) Metaspace: 104200K(105216K)->104200K(105216K) NonClass: 88930K(89472K)->88930K(89472K) Class: 15269K(15744K)->15269K(15744K)
[2026-03-25T22:12:15.445+0900][220.656s][info][gc          ] GC(719) Pause Young (Normal) (G1 Evacuation Pause) 215M->195M(256M) 0.749ms
[2026-03-25T22:12:15.445+0900][220.656s][info][gc,cpu      ] GC(719) User=0.00s Sys=0.00s Real=0.00s
[2026-03-25T22:12:15.504+0900][220.715s][info][gc,start    ] GC(720) Pause Young (Normal) (G1 Evacuation Pause)
[2026-03-25T22:12:15.504+0900][220.715s][info][gc,task     ] GC(720) Using 8 workers of 10 for evacuation
[2026-03-25T22:12:15.505+0900][220.716s][info][gc,phases   ] GC(720)   Pre Evacuate Collection Set: 0.0ms
[2026-03-25T22:12:15.505+0900][220.716s][info][gc,phases   ] GC(720)   Merge Heap Roots: 0.0ms
[2026-03-25T22:12:15.505+0900][220.716s][info][gc,phases   ] GC(720)   Evacuate Collection Set: 0.4ms
[2026-03-25T22:12:15.505+0900][220.716s][info][gc,phases   ] GC(720)   Post Evacuate Collection Set: 0.1ms
[2026-03-25T22:12:15.505+0900][220.716s][info][gc,phases   ] GC(720)   Other: 0.1ms
[2026-03-25T22:12:15.505+0900][220.716s][info][gc,heap     ] GC(720) Eden regions: 5->0(5)
[2026-03-25T22:12:15.505+0900][220.716s][info][gc,heap     ] GC(720) Survivor regions: 1->1(1)
[2026-03-25T22:12:15.505+0900][220.716s][info][gc,heap     ] GC(720) Old regions: 24->24
[2026-03-25T22:12:15.505+0900][220.716s][info][gc,heap     ] GC(720) Archive regions: 2->2
[2026-03-25T22:12:15.505+0900][220.716s][info][gc,heap     ] GC(720) Humongous regions: 24->24
[2026-03-25T22:12:15.505+0900][220.716s][info][gc,metaspace] GC(720) Metaspace: 104200K(105216K)->104200K(105216K) NonClass: 88930K(89472K)->88930K(89472K) Class: 15269K(15744K)->15269K(15744K)
[2026-03-25T22:12:15.505+0900][220.716s][info][gc          ] GC(720) Pause Young (Normal) (G1 Evacuation Pause) 215M->195M(256M) 0.756ms
[2026-03-25T22:12:15.505+0900][220.716s][info][gc,cpu      ] GC(720) User=0.00s Sys=0.00s Real=0.00s
[2026-03-25T22:12:15.586+0900][220.797s][info][gc,start    ] GC(721) Pause Young (Normal) (G1 Evacuation Pause)
[2026-03-25T22:12:15.587+0900][220.797s][info][gc,task     ] GC(721) Using 8 workers of 10 for evacuation
[2026-03-25T22:12:15.587+0900][220.798s][info][gc,phases   ] GC(721)   Pre Evacuate Collection Set: 0.0ms
[2026-03-25T22:12:15.587+0900][220.798s][info][gc,phases   ] GC(721)   Merge Heap Roots: 0.0ms
[2026-03-25T22:12:15.587+0900][220.798s][info][gc,phases   ] GC(721)   Evacuate Collection Set: 0.4ms
[2026-03-25T22:12:15.587+0900][220.798s][info][gc,phases   ] GC(721)   Post Evacuate Collection Set: 0.1ms
[2026-03-25T22:12:15.587+0900][220.798s][info][gc,phases   ] GC(721)   Other: 0.1ms
[2026-03-25T22:12:15.587+0900][220.798s][info][gc,heap     ] GC(721) Eden regions: 5->0(5)
[2026-03-25T22:12:15.587+0900][220.798s][info][gc,heap     ] GC(721) Survivor regions: 1->1(1)
[2026-03-25T22:12:15.587+0900][220.798s][info][gc,heap     ] GC(721) Old regions: 24->24
[2026-03-25T22:12:15.587+0900][220.798s][info][gc,heap     ] GC(721) Archive regions: 2->2
[2026-03-25T22:12:15.587+0900][220.798s][info][gc,heap     ] GC(721) Humongous regions: 24->24
[2026-03-25T22:12:15.587+0900][220.798s][info][gc,metaspace] GC(721) Metaspace: 104200K(105216K)->104200K(105216K) NonClass: 88930K(89472K)->88930K(89472K) Class: 15269K(15744K)->15269K(15744K)
[2026-03-25T22:12:15.587+0900][220.798s][info][gc          ] GC(721) Pause Young (Normal) (G1 Evacuation Pause) 215M->195M(256M) 0.749ms
[2026-03-25T22:12:15.587+0900][220.798s][info][gc,cpu      ] GC(721) User=0.00s Sys=0.00s Real=0.00s
[2026-03-25T22:12:15.664+0900][220.875s][info][gc,start    ] GC(722) Pause Young (Normal) (G1 Evacuation Pause)
[2026-03-25T22:12:15.664+0900][220.875s][info][gc,task     ] GC(722) Using 8 workers of 10 for evacuation
[2026-03-25T22:12:15.665+0900][220.876s][info][gc,phases   ] GC(722)   Pre Evacuate Collection Set: 0.1ms
[2026-03-25T22:12:15.665+0900][220.876s][info][gc,phases   ] GC(722)   Merge Heap Roots: 0.0ms
[2026-03-25T22:12:15.665+0900][220.876s][info][gc,phases   ] GC(722)   Evacuate Collection Set: 0.5ms
[2026-03-25T22:12:15.665+0900][220.876s][info][gc,phases   ] GC(722)   Post Evacuate Collection Set: 0.2ms
[2026-03-25T22:12:15.665+0900][220.876s][info][gc,phases   ] GC(722)   Other: 0.1ms
[2026-03-25T22:12:15.665+0900][220.876s][info][gc,heap     ] GC(722) Eden regions: 5->0(5)
[2026-03-25T22:12:15.665+0900][220.876s][info][gc,heap     ] GC(722) Survivor regions: 1->1(1)
[2026-03-25T22:12:15.665+0900][220.876s][info][gc,heap     ] GC(722) Old regions: 24->24
[2026-03-25T22:12:15.665+0900][220.876s][info][gc,heap     ] GC(722) Archive regions: 2->2
[2026-03-25T22:12:15.665+0900][220.876s][info][gc,heap     ] GC(722) Humongous regions: 24->24
[2026-03-25T22:12:15.665+0900][220.876s][info][gc,metaspace] GC(722) Metaspace: 104200K(105216K)->104200K(105216K) NonClass: 88930K(89472K)->88930K(89472K) Class: 15269K(15744K)->15269K(15744K)
[2026-03-25T22:12:15.665+0900][220.876s][info][gc          ] GC(722) Pause Young (Normal) (G1 Evacuation Pause) 215M->195M(256M) 0.842ms
[2026-03-25T22:12:15.665+0900][220.876s][info][gc,cpu      ] GC(722) User=0.00s Sys=0.00s Real=0.00s
[2026-03-25T22:12:15.731+0900][220.942s][info][gc,start    ] GC(723) Pause Young (Normal) (G1 Evacuation Pause)
[2026-03-25T22:12:15.731+0900][220.942s][info][gc,task     ] GC(723) Using 8 workers of 10 for evacuation
[2026-03-25T22:12:15.731+0900][220.942s][info][gc,phases   ] GC(723)   Pre Evacuate Collection Set: 0.0ms
[2026-03-25T22:12:15.732+0900][220.942s][info][gc,phases   ] GC(723)   Merge Heap Roots: 0.0ms
[2026-03-25T22:12:15.732+0900][220.942s][info][gc,phases   ] GC(723)   Evacuate Collection Set: 0.4ms
[2026-03-25T22:12:15.732+0900][220.942s][info][gc,phases   ] GC(723)   Post Evacuate Collection Set: 0.1ms
[2026-03-25T22:12:15.732+0900][220.942s][info][gc,phases   ] GC(723)   Other: 0.1ms
[2026-03-25T22:12:15.732+0900][220.942s][info][gc,heap     ] GC(723) Eden regions: 5->0(5)
[2026-03-25T22:12:15.732+0900][220.942s][info][gc,heap     ] GC(723) Survivor regions: 1->1(1)
[2026-03-25T22:12:15.732+0900][220.942s][info][gc,heap     ] GC(723) Old regions: 24->24
[2026-03-25T22:12:15.732+0900][220.942s][info][gc,heap     ] GC(723) Archive regions: 2->2
[2026-03-25T22:12:15.732+0900][220.942s][info][gc,heap     ] GC(723) Humongous regions: 24->24
[2026-03-25T22:12:15.732+0900][220.942s][info][gc,metaspace] GC(723) Metaspace: 104200K(105216K)->104200K(105216K) NonClass: 88930K(89472K)->88930K(89472K) Class: 15269K(15744K)->15269K(15744K)
[2026-03-25T22:12:15.732+0900][220.942s][info][gc          ] GC(723) Pause Young (Normal) (G1 Evacuation Pause) 215M->195M(256M) 0.817ms
[2026-03-25T22:12:15.732+0900][220.942s][info][gc,cpu      ] GC(723) User=0.01s Sys=0.00s Real=0.00s
[2026-03-25T22:12:15.807+0900][221.018s][info][gc,start    ] GC(724) Pause Young (Normal) (G1 Evacuation Pause)
[2026-03-25T22:12:15.807+0900][221.018s][info][gc,task     ] GC(724) Using 8 workers of 10 for evacuation
[2026-03-25T22:12:15.808+0900][221.019s][info][gc,phases   ] GC(724)   Pre Evacuate Collection Set: 0.0ms
[2026-03-25T22:12:15.808+0900][221.019s][info][gc,phases   ] GC(724)   Merge Heap Roots: 0.0ms
[2026-03-25T22:12:15.808+0900][221.019s][info][gc,phases   ] GC(724)   Evacuate Collection Set: 0.4ms
[2026-03-25T22:12:15.808+0900][221.019s][info][gc,phases   ] GC(724)   Post Evacuate Collection Set: 0.1ms
[2026-03-25T22:12:15.808+0900][221.019s][info][gc,phases   ] GC(724)   Other: 0.1ms
[2026-03-25T22:12:15.808+0900][221.019s][info][gc,heap     ] GC(724) Eden regions: 5->0(5)
[2026-03-25T22:12:15.808+0900][221.019s][info][gc,heap     ] GC(724) Survivor regions: 1->1(1)
[2026-03-25T22:12:15.808+0900][221.019s][info][gc,heap     ] GC(724) Old regions: 24->24
[2026-03-25T22:12:15.808+0900][221.019s][info][gc,heap     ] GC(724) Archive regions: 2->2
[2026-03-25T22:12:15.808+0900][221.019s][info][gc,heap     ] GC(724) Humongous regions: 24->24
[2026-03-25T22:12:15.808+0900][221.019s][info][gc,metaspace] GC(724) Metaspace: 104200K(105216K)->104200K(105216K) NonClass: 88930K(89472K)->88930K(89472K) Class: 15269K(15744K)->15269K(15744K)
[2026-03-25T22:12:15.808+0900][221.019s][info][gc          ] GC(724) Pause Young (Normal) (G1 Evacuation Pause) 215M->195M(256M) 0.744ms
[2026-03-25T22:12:15.808+0900][221.019s][info][gc,cpu      ] GC(724) User=0.01s Sys=0.00s Real=0.00s
[2026-03-25T22:12:15.889+0900][221.100s][info][gc,start    ] GC(725) Pause Young (Normal) (G1 Evacuation Pause)
[2026-03-25T22:12:15.889+0900][221.100s][info][gc,task     ] GC(725) Using 8 workers of 10 for evacuation
[2026-03-25T22:12:15.890+0900][221.101s][info][gc,phases   ] GC(725)   Pre Evacuate Collection Set: 0.0ms
[2026-03-25T22:12:15.890+0900][221.101s][info][gc,phases   ] GC(725)   Merge Heap Roots: 0.0ms
[2026-03-25T22:12:15.890+0900][221.101s][info][gc,phases   ] GC(725)   Evacuate Collection Set: 0.4ms
[2026-03-25T22:12:15.890+0900][221.101s][info][gc,phases   ] GC(725)   Post Evacuate Collection Set: 0.1ms
[2026-03-25T22:12:15.890+0900][221.101s][info][gc,phases   ] GC(725)   Other: 0.1ms
[2026-03-25T22:12:15.890+0900][221.101s][info][gc,heap     ] GC(725) Eden regions: 5->0(5)
[2026-03-25T22:12:15.890+0900][221.101s][info][gc,heap     ] GC(725) Survivor regions: 1->1(1)
[2026-03-25T22:12:15.890+0900][221.101s][info][gc,heap     ] GC(725) Old regions: 24->24
[2026-03-25T22:12:15.890+0900][221.101s][info][gc,heap     ] GC(725) Archive regions: 2->2
[2026-03-25T22:12:15.890+0900][221.101s][info][gc,heap     ] GC(725) Humongous regions: 24->24
[2026-03-25T22:12:15.890+0900][221.101s][info][gc,metaspace] GC(725) Metaspace: 104200K(105216K)->104200K(105216K) NonClass: 88930K(89472K)->88930K(89472K) Class: 15269K(15744K)->15269K(15744K)
[2026-03-25T22:12:15.890+0900][221.101s][info][gc          ] GC(725) Pause Young (Normal) (G1 Evacuation Pause) 215M->195M(256M) 0.760ms
[2026-03-25T22:12:15.890+0900][221.101s][info][gc,cpu      ] GC(725) User=0.01s Sys=0.00s Real=0.01s
[2026-03-25T22:12:15.965+0900][221.176s][info][gc,start    ] GC(726) Pause Young (Normal) (G1 Evacuation Pause)
[2026-03-25T22:12:15.965+0900][221.176s][info][gc,task     ] GC(726) Using 8 workers of 10 for evacuation
[2026-03-25T22:12:15.966+0900][221.177s][info][gc,phases   ] GC(726)   Pre Evacuate Collection Set: 0.0ms
[2026-03-25T22:12:15.966+0900][221.177s][info][gc,phases   ] GC(726)   Merge Heap Roots: 0.0ms
[2026-03-25T22:12:15.966+0900][221.177s][info][gc,phases   ] GC(726)   Evacuate Collection Set: 0.4ms
[2026-03-25T22:12:15.966+0900][221.177s][info][gc,phases   ] GC(726)   Post Evacuate Collection Set: 0.1ms
[2026-03-25T22:12:15.966+0900][221.177s][info][gc,phases   ] GC(726)   Other: 0.1ms
[2026-03-25T22:12:15.966+0900][221.177s][info][gc,heap     ] GC(726) Eden regions: 5->0(5)
[2026-03-25T22:12:15.966+0900][221.177s][info][gc,heap     ] GC(726) Survivor regions: 1->1(1)
[2026-03-25T22:12:15.966+0900][221.177s][info][gc,heap     ] GC(726) Old regions: 24->24
[2026-03-25T22:12:15.966+0900][221.177s][info][gc,heap     ] GC(726) Archive regions: 2->2
[2026-03-25T22:12:15.966+0900][221.177s][info][gc,heap     ] GC(726) Humongous regions: 24->24
[2026-03-25T22:12:15.966+0900][221.177s][info][gc,metaspace] GC(726) Metaspace: 104200K(105216K)->104200K(105216K) NonClass: 88930K(89472K)->88930K(89472K) Class: 15269K(15744K)->15269K(15744K)
[2026-03-25T22:12:15.966+0900][221.177s][info][gc          ] GC(726) Pause Young (Normal) (G1 Evacuation Pause) 215M->195M(256M) 0.722ms
[2026-03-25T22:12:15.966+0900][221.177s][info][gc,cpu      ] GC(726) User=0.00s Sys=0.00s Real=0.00s
[2026-03-25T22:12:16.029+0900][221.240s][info][gc,start    ] GC(727) Pause Young (Normal) (G1 Evacuation Pause)
[2026-03-25T22:12:16.029+0900][221.240s][info][gc,task     ] GC(727) Using 8 workers of 10 for evacuation
[2026-03-25T22:12:16.030+0900][221.241s][info][gc,phases   ] GC(727)   Pre Evacuate Collection Set: 0.0ms
[2026-03-25T22:12:16.030+0900][221.241s][info][gc,phases   ] GC(727)   Merge Heap Roots: 0.0ms
[2026-03-25T22:12:16.030+0900][221.241s][info][gc,phases   ] GC(727)   Evacuate Collection Set: 0.4ms
[2026-03-25T22:12:16.030+0900][221.241s][info][gc,phases   ] GC(727)   Post Evacuate Collection Set: 0.1ms
[2026-03-25T22:12:16.030+0900][221.241s][info][gc,phases   ] GC(727)   Other: 0.1ms
[2026-03-25T22:12:16.030+0900][221.241s][info][gc,heap     ] GC(727) Eden regions: 5->0(5)
[2026-03-25T22:12:16.030+0900][221.241s][info][gc,heap     ] GC(727) Survivor regions: 1->1(1)
[2026-03-25T22:12:16.030+0900][221.241s][info][gc,heap     ] GC(727) Old regions: 24->24
[2026-03-25T22:12:16.030+0900][221.241s][info][gc,heap     ] GC(727) Archive regions: 2->2
[2026-03-25T22:12:16.030+0900][221.241s][info][gc,heap     ] GC(727) Humongous regions: 24->24
[2026-03-25T22:12:16.030+0900][221.241s][info][gc,metaspace] GC(727) Metaspace: 104200K(105216K)->104200K(105216K) NonClass: 88930K(89472K)->88930K(89472K) Class: 15269K(15744K)->15269K(15744K)
[2026-03-25T22:12:16.030+0900][221.241s][info][gc          ] GC(727) Pause Young (Normal) (G1 Evacuation Pause) 215M->195M(256M) 0.689ms
[2026-03-25T22:12:16.030+0900][221.241s][info][gc,cpu      ] GC(727) User=0.00s Sys=0.01s Real=0.01s
[2026-03-25T22:12:16.158+0900][221.369s][info][gc,start    ] GC(728) Pause Young (Normal) (G1 Evacuation Pause)
[2026-03-25T22:12:16.158+0900][221.369s][info][gc,task     ] GC(728) Using 8 workers of 10 for evacuation
[2026-03-25T22:12:16.159+0900][221.370s][info][gc,phases   ] GC(728)   Pre Evacuate Collection Set: 0.1ms
[2026-03-25T22:12:16.159+0900][221.370s][info][gc,phases   ] GC(728)   Merge Heap Roots: 0.1ms
[2026-03-25T22:12:16.159+0900][221.370s][info][gc,phases   ] GC(728)   Evacuate Collection Set: 0.4ms
[2026-03-25T22:12:16.159+0900][221.370s][info][gc,phases   ] GC(728)   Post Evacuate Collection Set: 0.1ms
[2026-03-25T22:12:16.159+0900][221.370s][info][gc,phases   ] GC(728)   Other: 0.1ms
[2026-03-25T22:12:16.159+0900][221.370s][info][gc,heap     ] GC(728) Eden regions: 5->0(5)
[2026-03-25T22:12:16.159+0900][221.370s][info][gc,heap     ] GC(728) Survivor regions: 1->1(1)
[2026-03-25T22:12:16.159+0900][221.370s][info][gc,heap     ] GC(728) Old regions: 24->24
[2026-03-25T22:12:16.159+0900][221.370s][info][gc,heap     ] GC(728) Archive regions: 2->2
[2026-03-25T22:12:16.159+0900][221.370s][info][gc,heap     ] GC(728) Humongous regions: 24->24
[2026-03-25T22:12:16.159+0900][221.370s][info][gc,metaspace] GC(728) Metaspace: 104200K(105216K)->104200K(105216K) NonClass: 88930K(89472K)->88930K(89472K) Class: 15269K(15744K)->15269K(15744K)
[2026-03-25T22:12:16.159+0900][221.370s][info][gc          ] GC(728) Pause Young (Normal) (G1 Evacuation Pause) 215M->195M(256M) 0.731ms
[2026-03-25T22:12:16.159+0900][221.370s][info][gc,cpu      ] GC(728) User=0.01s Sys=0.00s Real=0.00s
[2026-03-25T22:12:16.258+0900][221.469s][info][gc,start    ] GC(729) Pause Young (Normal) (G1 Evacuation Pause)
[2026-03-25T22:12:16.258+0900][221.469s][info][gc,task     ] GC(729) Using 8 workers of 10 for evacuation
[2026-03-25T22:12:16.259+0900][221.469s][info][gc,phases   ] GC(729)   Pre Evacuate Collection Set: 0.0ms
[2026-03-25T22:12:16.259+0900][221.469s][info][gc,phases   ] GC(729)   Merge Heap Roots: 0.0ms
[2026-03-25T22:12:16.259+0900][221.469s][info][gc,phases   ] GC(729)   Evacuate Collection Set: 0.4ms
[2026-03-25T22:12:16.259+0900][221.469s][info][gc,phases   ] GC(729)   Post Evacuate Collection Set: 0.1ms
[2026-03-25T22:12:16.259+0900][221.469s][info][gc,phases   ] GC(729)   Other: 0.1ms
[2026-03-25T22:12:16.259+0900][221.469s][info][gc,heap     ] GC(729) Eden regions: 5->0(5)
[2026-03-25T22:12:16.259+0900][221.469s][info][gc,heap     ] GC(729) Survivor regions: 1->1(1)
[2026-03-25T22:12:16.259+0900][221.469s][info][gc,heap     ] GC(729) Old regions: 24->24
[2026-03-25T22:12:16.259+0900][221.469s][info][gc,heap     ] GC(729) Archive regions: 2->2
[2026-03-25T22:12:16.259+0900][221.469s][info][gc,heap     ] GC(729) Humongous regions: 24->24
[2026-03-25T22:12:16.259+0900][221.469s][info][gc,metaspace] GC(729) Metaspace: 104200K(105216K)->104200K(105216K) NonClass: 88930K(89472K)->88930K(89472K) Class: 15269K(15744K)->15269K(15744K)
[2026-03-25T22:12:16.259+0900][221.470s][info][gc          ] GC(729) Pause Young (Normal) (G1 Evacuation Pause) 215M->195M(256M) 0.737ms
[2026-03-25T22:12:16.259+0900][221.470s][info][gc,cpu      ] GC(729) User=0.00s Sys=0.01s Real=0.00s
[2026-03-25T22:12:16.348+0900][221.559s][info][gc,start    ] GC(730) Pause Young (Normal) (G1 Evacuation Pause)
[2026-03-25T22:12:16.348+0900][221.559s][info][gc,task     ] GC(730) Using 8 workers of 10 for evacuation
[2026-03-25T22:12:16.348+0900][221.559s][info][gc,phases   ] GC(730)   Pre Evacuate Collection Set: 0.0ms
[2026-03-25T22:12:16.348+0900][221.559s][info][gc,phases   ] GC(730)   Merge Heap Roots: 0.0ms
[2026-03-25T22:12:16.348+0900][221.559s][info][gc,phases   ] GC(730)   Evacuate Collection Set: 0.4ms
[2026-03-25T22:12:16.348+0900][221.559s][info][gc,phases   ] GC(730)   Post Evacuate Collection Set: 0.1ms
[2026-03-25T22:12:16.348+0900][221.559s][info][gc,phases   ] GC(730)   Other: 0.1ms
[2026-03-25T22:12:16.348+0900][221.559s][info][gc,heap     ] GC(730) Eden regions: 5->0(5)
[2026-03-25T22:12:16.348+0900][221.559s][info][gc,heap     ] GC(730) Survivor regions: 1->1(1)
[2026-03-25T22:12:16.348+0900][221.559s][info][gc,heap     ] GC(730) Old regions: 24->24
[2026-03-25T22:12:16.348+0900][221.559s][info][gc,heap     ] GC(730) Archive regions: 2->2
[2026-03-25T22:12:16.348+0900][221.559s][info][gc,heap     ] GC(730) Humongous regions: 24->24
[2026-03-25T22:12:16.348+0900][221.559s][info][gc,metaspace] GC(730) Metaspace: 104200K(105216K)->104200K(105216K) NonClass: 88930K(89472K)->88930K(89472K) Class: 15269K(15744K)->15269K(15744K)
[2026-03-25T22:12:16.349+0900][221.559s][info][gc          ] GC(730) Pause Young (Normal) (G1 Evacuation Pause) 215M->195M(256M) 0.682ms
[2026-03-25T22:12:16.349+0900][221.559s][info][gc,cpu      ] GC(730) User=0.00s Sys=0.00s Real=0.00s
[2026-03-25T22:12:16.456+0900][221.667s][info][gc,start    ] GC(731) Pause Young (Normal) (G1 Evacuation Pause)
[2026-03-25T22:12:16.456+0900][221.667s][info][gc,task     ] GC(731) Using 8 workers of 10 for evacuation
[2026-03-25T22:12:16.457+0900][221.668s][info][gc,phases   ] GC(731)   Pre Evacuate Collection Set: 0.0ms
[2026-03-25T22:12:16.457+0900][221.668s][info][gc,phases   ] GC(731)   Merge Heap Roots: 0.0ms
[2026-03-25T22:12:16.457+0900][221.668s][info][gc,phases   ] GC(731)   Evacuate Collection Set: 0.4ms
[2026-03-25T22:12:16.457+0900][221.668s][info][gc,phases   ] GC(731)   Post Evacuate Collection Set: 0.1ms
[2026-03-25T22:12:16.457+0900][221.668s][info][gc,phases   ] GC(731)   Other: 0.1ms
[2026-03-25T22:12:16.457+0900][221.668s][info][gc,heap     ] GC(731) Eden regions: 5->0(5)
[2026-03-25T22:12:16.457+0900][221.668s][info][gc,heap     ] GC(731) Survivor regions: 1->1(1)
[2026-03-25T22:12:16.457+0900][221.668s][info][gc,heap     ] GC(731) Old regions: 24->24
[2026-03-25T22:12:16.457+0900][221.668s][info][gc,heap     ] GC(731) Archive regions: 2->2
[2026-03-25T22:12:16.457+0900][221.668s][info][gc,heap     ] GC(731) Humongous regions: 24->24
[2026-03-25T22:12:16.457+0900][221.668s][info][gc,metaspace] GC(731) Metaspace: 104200K(105216K)->104200K(105216K) NonClass: 88930K(89472K)->88930K(89472K) Class: 15269K(15744K)->15269K(15744K)
[2026-03-25T22:12:16.457+0900][221.668s][info][gc          ] GC(731) Pause Young (Normal) (G1 Evacuation Pause) 215M->195M(256M) 0.743ms
[2026-03-25T22:12:16.457+0900][221.668s][info][gc,cpu      ] GC(731) User=0.01s Sys=0.00s Real=0.00s
[2026-03-25T22:12:16.555+0900][221.766s][info][gc,start    ] GC(732) Pause Young (Normal) (G1 Evacuation Pause)
[2026-03-25T22:12:16.555+0900][221.766s][info][gc,task     ] GC(732) Using 8 workers of 10 for evacuation
[2026-03-25T22:12:16.556+0900][221.767s][info][gc,phases   ] GC(732)   Pre Evacuate Collection Set: 0.0ms
[2026-03-25T22:12:16.556+0900][221.767s][info][gc,phases   ] GC(732)   Merge Heap Roots: 0.0ms
[2026-03-25T22:12:16.556+0900][221.767s][info][gc,phases   ] GC(732)   Evacuate Collection Set: 0.4ms
[2026-03-25T22:12:16.556+0900][221.767s][info][gc,phases   ] GC(732)   Post Evacuate Collection Set: 0.1ms
[2026-03-25T22:12:16.556+0900][221.767s][info][gc,phases   ] GC(732)   Other: 0.1ms
[2026-03-25T22:12:16.556+0900][221.767s][info][gc,heap     ] GC(732) Eden regions: 5->0(5)
[2026-03-25T22:12:16.556+0900][221.767s][info][gc,heap     ] GC(732) Survivor regions: 1->1(1)
[2026-03-25T22:12:16.556+0900][221.767s][info][gc,heap     ] GC(732) Old regions: 24->24
[2026-03-25T22:12:16.556+0900][221.767s][info][gc,heap     ] GC(732) Archive regions: 2->2
[2026-03-25T22:12:16.556+0900][221.767s][info][gc,heap     ] GC(732) Humongous regions: 24->24
[2026-03-25T22:12:16.556+0900][221.767s][info][gc,metaspace] GC(732) Metaspace: 104200K(105216K)->104200K(105216K) NonClass: 88930K(89472K)->88930K(89472K) Class: 15269K(15744K)->15269K(15744K)
[2026-03-25T22:12:16.556+0900][221.767s][info][gc          ] GC(732) Pause Young (Normal) (G1 Evacuation Pause) 215M->195M(256M) 0.703ms
[2026-03-25T22:12:16.556+0900][221.767s][info][gc,cpu      ] GC(732) User=0.00s Sys=0.00s Real=0.00s
[2026-03-25T22:12:16.661+0900][221.872s][info][gc,start    ] GC(733) Pause Young (Normal) (G1 Evacuation Pause)
[2026-03-25T22:12:16.661+0900][221.872s][info][gc,task     ] GC(733) Using 8 workers of 10 for evacuation
[2026-03-25T22:12:16.662+0900][221.873s][info][gc,phases   ] GC(733)   Pre Evacuate Collection Set: 0.0ms
[2026-03-25T22:12:16.662+0900][221.873s][info][gc,phases   ] GC(733)   Merge Heap Roots: 0.0ms
[2026-03-25T22:12:16.662+0900][221.873s][info][gc,phases   ] GC(733)   Evacuate Collection Set: 0.4ms
[2026-03-25T22:12:16.662+0900][221.873s][info][gc,phases   ] GC(733)   Post Evacuate Collection Set: 0.1ms
[2026-03-25T22:12:16.662+0900][221.873s][info][gc,phases   ] GC(733)   Other: 0.1ms
[2026-03-25T22:12:16.662+0900][221.873s][info][gc,heap     ] GC(733) Eden regions: 5->0(5)
[2026-03-25T22:12:16.662+0900][221.873s][info][gc,heap     ] GC(733) Survivor regions: 1->1(1)
[2026-03-25T22:12:16.662+0900][221.873s][info][gc,heap     ] GC(733) Old regions: 24->24
[2026-03-25T22:12:16.662+0900][221.873s][info][gc,heap     ] GC(733) Archive regions: 2->2
[2026-03-25T22:12:16.662+0900][221.873s][info][gc,heap     ] GC(733) Humongous regions: 24->24
[2026-03-25T22:12:16.662+0900][221.873s][info][gc,metaspace] GC(733) Metaspace: 104200K(105216K)->104200K(105216K) NonClass: 88930K(89472K)->88930K(89472K) Class: 15269K(15744K)->15269K(15744K)
[2026-03-25T22:12:16.662+0900][221.873s][info][gc          ] GC(733) Pause Young (Normal) (G1 Evacuation Pause) 215M->195M(256M) 0.755ms
[2026-03-25T22:12:16.662+0900][221.873s][info][gc,cpu      ] GC(733) User=0.01s Sys=0.00s Real=0.00s
[2026-03-25T22:12:16.732+0900][221.942s][info][gc,start    ] GC(734) Pause Young (Normal) (G1 Evacuation Pause)
[2026-03-25T22:12:16.732+0900][221.942s][info][gc,task     ] GC(734) Using 8 workers of 10 for evacuation
[2026-03-25T22:12:16.732+0900][221.943s][info][gc,phases   ] GC(734)   Pre Evacuate Collection Set: 0.0ms
[2026-03-25T22:12:16.732+0900][221.943s][info][gc,phases   ] GC(734)   Merge Heap Roots: 0.0ms
[2026-03-25T22:12:16.732+0900][221.943s][info][gc,phases   ] GC(734)   Evacuate Collection Set: 0.4ms
[2026-03-25T22:12:16.732+0900][221.943s][info][gc,phases   ] GC(734)   Post Evacuate Collection Set: 0.1ms
[2026-03-25T22:12:16.732+0900][221.943s][info][gc,phases   ] GC(734)   Other: 0.1ms
[2026-03-25T22:12:16.732+0900][221.943s][info][gc,heap     ] GC(734) Eden regions: 5->0(5)
[2026-03-25T22:12:16.732+0900][221.943s][info][gc,heap     ] GC(734) Survivor regions: 1->1(1)
[2026-03-25T22:12:16.732+0900][221.943s][info][gc,heap     ] GC(734) Old regions: 24->24
[2026-03-25T22:12:16.732+0900][221.943s][info][gc,heap     ] GC(734) Archive regions: 2->2
[2026-03-25T22:12:16.732+0900][221.943s][info][gc,heap     ] GC(734) Humongous regions: 24->24
[2026-03-25T22:12:16.732+0900][221.943s][info][gc,metaspace] GC(734) Metaspace: 104200K(105216K)->104200K(105216K) NonClass: 88930K(89472K)->88930K(89472K) Class: 15269K(15744K)->15269K(15744K)
[2026-03-25T22:12:16.732+0900][221.943s][info][gc          ] GC(734) Pause Young (Normal) (G1 Evacuation Pause) 215M->195M(256M) 0.754ms
[2026-03-25T22:12:16.732+0900][221.943s][info][gc,cpu      ] GC(734) User=0.01s Sys=0.00s Real=0.00s
[2026-03-25T22:12:16.810+0900][222.020s][info][gc,start    ] GC(735) Pause Young (Normal) (G1 Evacuation Pause)
[2026-03-25T22:12:16.810+0900][222.020s][info][gc,task     ] GC(735) Using 8 workers of 10 for evacuation
[2026-03-25T22:12:16.810+0900][222.021s][info][gc,phases   ] GC(735)   Pre Evacuate Collection Set: 0.1ms
[2026-03-25T22:12:16.810+0900][222.021s][info][gc,phases   ] GC(735)   Merge Heap Roots: 0.0ms
[2026-03-25T22:12:16.810+0900][222.021s][info][gc,phases   ] GC(735)   Evacuate Collection Set: 0.4ms
[2026-03-25T22:12:16.810+0900][222.021s][info][gc,phases   ] GC(735)   Post Evacuate Collection Set: 0.1ms
[2026-03-25T22:12:16.810+0900][222.021s][info][gc,phases   ] GC(735)   Other: 0.1ms
[2026-03-25T22:12:16.810+0900][222.021s][info][gc,heap     ] GC(735) Eden regions: 5->0(5)
[2026-03-25T22:12:16.810+0900][222.021s][info][gc,heap     ] GC(735) Survivor regions: 1->1(1)
[2026-03-25T22:12:16.810+0900][222.021s][info][gc,heap     ] GC(735) Old regions: 24->24
[2026-03-25T22:12:16.810+0900][222.021s][info][gc,heap     ] GC(735) Archive regions: 2->2
[2026-03-25T22:12:16.810+0900][222.021s][info][gc,heap     ] GC(735) Humongous regions: 24->24
[2026-03-25T22:12:16.810+0900][222.021s][info][gc,metaspace] GC(735) Metaspace: 104200K(105216K)->104200K(105216K) NonClass: 88930K(89472K)->88930K(89472K) Class: 15269K(15744K)->15269K(15744K)
[2026-03-25T22:12:16.810+0900][222.021s][info][gc          ] GC(735) Pause Young (Normal) (G1 Evacuation Pause) 215M->196M(256M) 0.791ms
[2026-03-25T22:12:16.810+0900][222.021s][info][gc,cpu      ] GC(735) User=0.01s Sys=0.00s Real=0.00s
[2026-03-25T22:12:16.908+0900][222.119s][info][gc,start    ] GC(736) Pause Young (Normal) (G1 Evacuation Pause)
[2026-03-25T22:12:16.908+0900][222.119s][info][gc,task     ] GC(736) Using 8 workers of 10 for evacuation
[2026-03-25T22:12:16.909+0900][222.120s][info][gc,phases   ] GC(736)   Pre Evacuate Collection Set: 0.0ms
[2026-03-25T22:12:16.909+0900][222.120s][info][gc,phases   ] GC(736)   Merge Heap Roots: 0.0ms
[2026-03-25T22:12:16.909+0900][222.120s][info][gc,phases   ] GC(736)   Evacuate Collection Set: 0.4ms
[2026-03-25T22:12:16.909+0900][222.120s][info][gc,phases   ] GC(736)   Post Evacuate Collection Set: 0.2ms
[2026-03-25T22:12:16.909+0900][222.120s][info][gc,phases   ] GC(736)   Other: 0.1ms
[2026-03-25T22:12:16.909+0900][222.120s][info][gc,heap     ] GC(736) Eden regions: 5->0(5)
[2026-03-25T22:12:16.909+0900][222.120s][info][gc,heap     ] GC(736) Survivor regions: 1->1(1)
[2026-03-25T22:12:16.909+0900][222.120s][info][gc,heap     ] GC(736) Old regions: 24->24
[2026-03-25T22:12:16.909+0900][222.120s][info][gc,heap     ] GC(736) Archive regions: 2->2
[2026-03-25T22:12:16.909+0900][222.120s][info][gc,heap     ] GC(736) Humongous regions: 24->24
[2026-03-25T22:12:16.909+0900][222.120s][info][gc,metaspace] GC(736) Metaspace: 104200K(105216K)->104200K(105216K) NonClass: 88930K(89472K)->88930K(89472K) Class: 15269K(15744K)->15269K(15744K)
[2026-03-25T22:12:16.909+0900][222.120s][info][gc          ] GC(736) Pause Young (Normal) (G1 Evacuation Pause) 216M->195M(256M) 0.722ms
[2026-03-25T22:12:16.909+0900][222.120s][info][gc,cpu      ] GC(736) User=0.00s Sys=0.00s Real=0.00s
[2026-03-25T22:12:17.002+0900][222.213s][info][gc,start    ] GC(737) Pause Young (Normal) (G1 Evacuation Pause)
[2026-03-25T22:12:17.002+0900][222.213s][info][gc,task     ] GC(737) Using 8 workers of 10 for evacuation
[2026-03-25T22:12:17.003+0900][222.214s][info][gc,phases   ] GC(737)   Pre Evacuate Collection Set: 0.0ms
[2026-03-25T22:12:17.003+0900][222.214s][info][gc,phases   ] GC(737)   Merge Heap Roots: 0.0ms
[2026-03-25T22:12:17.003+0900][222.214s][info][gc,phases   ] GC(737)   Evacuate Collection Set: 0.4ms
[2026-03-25T22:12:17.003+0900][222.214s][info][gc,phases   ] GC(737)   Post Evacuate Collection Set: 0.1ms
[2026-03-25T22:12:17.003+0900][222.214s][info][gc,phases   ] GC(737)   Other: 0.1ms
[2026-03-25T22:12:17.003+0900][222.214s][info][gc,heap     ] GC(737) Eden regions: 5->0(5)
[2026-03-25T22:12:17.003+0900][222.214s][info][gc,heap     ] GC(737) Survivor regions: 1->1(1)
[2026-03-25T22:12:17.003+0900][222.214s][info][gc,heap     ] GC(737) Old regions: 24->24
[2026-03-25T22:12:17.003+0900][222.214s][info][gc,heap     ] GC(737) Archive regions: 2->2
[2026-03-25T22:12:17.003+0900][222.214s][info][gc,heap     ] GC(737) Humongous regions: 24->24
[2026-03-25T22:12:17.003+0900][222.214s][info][gc,metaspace] GC(737) Metaspace: 104200K(105216K)->104200K(105216K) NonClass: 88930K(89472K)->88930K(89472K) Class: 15269K(15744K)->15269K(15744K)
[2026-03-25T22:12:17.003+0900][222.214s][info][gc          ] GC(737) Pause Young (Normal) (G1 Evacuation Pause) 215M->195M(256M) 0.734ms
[2026-03-25T22:12:17.003+0900][222.214s][info][gc,cpu      ] GC(737) User=0.00s Sys=0.00s Real=0.00s
[2026-03-25T22:12:17.102+0900][222.313s][info][gc,start    ] GC(738) Pause Young (Normal) (G1 Evacuation Pause)
[2026-03-25T22:12:17.102+0900][222.313s][info][gc,task     ] GC(738) Using 8 workers of 10 for evacuation
[2026-03-25T22:12:17.103+0900][222.314s][info][gc,phases   ] GC(738)   Pre Evacuate Collection Set: 0.0ms
[2026-03-25T22:12:17.103+0900][222.314s][info][gc,phases   ] GC(738)   Merge Heap Roots: 0.0ms
[2026-03-25T22:12:17.103+0900][222.314s][info][gc,phases   ] GC(738)   Evacuate Collection Set: 0.4ms
[2026-03-25T22:12:17.103+0900][222.314s][info][gc,phases   ] GC(738)   Post Evacuate Collection Set: 0.1ms
[2026-03-25T22:12:17.103+0900][222.314s][info][gc,phases   ] GC(738)   Other: 0.1ms
[2026-03-25T22:12:17.103+0900][222.314s][info][gc,heap     ] GC(738) Eden regions: 5->0(5)
[2026-03-25T22:12:17.103+0900][222.314s][info][gc,heap     ] GC(738) Survivor regions: 1->1(1)
[2026-03-25T22:12:17.103+0900][222.314s][info][gc,heap     ] GC(738) Old regions: 24->24
[2026-03-25T22:12:17.103+0900][222.314s][info][gc,heap     ] GC(738) Archive regions: 2->2
[2026-03-25T22:12:17.103+0900][222.314s][info][gc,heap     ] GC(738) Humongous regions: 24->24
[2026-03-25T22:12:17.103+0900][222.314s][info][gc,metaspace] GC(738) Metaspace: 104200K(105216K)->104200K(105216K) NonClass: 88930K(89472K)->88930K(89472K) Class: 15269K(15744K)->15269K(15744K)
[2026-03-25T22:12:17.103+0900][222.314s][info][gc          ] GC(738) Pause Young (Normal) (G1 Evacuation Pause) 215M->195M(256M) 0.714ms
[2026-03-25T22:12:17.103+0900][222.314s][info][gc,cpu      ] GC(738) User=0.00s Sys=0.00s Real=0.00s
[2026-03-25T22:12:17.194+0900][222.405s][info][gc,start    ] GC(739) Pause Young (Normal) (G1 Evacuation Pause)
[2026-03-25T22:12:17.194+0900][222.405s][info][gc,task     ] GC(739) Using 8 workers of 10 for evacuation
[2026-03-25T22:12:17.195+0900][222.406s][info][gc,phases   ] GC(739)   Pre Evacuate Collection Set: 0.0ms
[2026-03-25T22:12:17.195+0900][222.406s][info][gc,phases   ] GC(739)   Merge Heap Roots: 0.0ms
[2026-03-25T22:12:17.195+0900][222.406s][info][gc,phases   ] GC(739)   Evacuate Collection Set: 0.4ms
[2026-03-25T22:12:17.195+0900][222.406s][info][gc,phases   ] GC(739)   Post Evacuate Collection Set: 0.1ms
[2026-03-25T22:12:17.195+0900][222.406s][info][gc,phases   ] GC(739)   Other: 0.1ms
[2026-03-25T22:12:17.195+0900][222.406s][info][gc,heap     ] GC(739) Eden regions: 5->0(5)
[2026-03-25T22:12:17.195+0900][222.406s][info][gc,heap     ] GC(739) Survivor regions: 1->1(1)
[2026-03-25T22:12:17.195+0900][222.406s][info][gc,heap     ] GC(739) Old regions: 24->24
[2026-03-25T22:12:17.195+0900][222.406s][info][gc,heap     ] GC(739) Archive regions: 2->2
[2026-03-25T22:12:17.195+0900][222.406s][info][gc,heap     ] GC(739) Humongous regions: 24->24
[2026-03-25T22:12:17.195+0900][222.406s][info][gc,metaspace] GC(739) Metaspace: 104200K(105216K)->104200K(105216K) NonClass: 88930K(89472K)->88930K(89472K) Class: 15269K(15744K)->15269K(15744K)
[2026-03-25T22:12:17.195+0900][222.406s][info][gc          ] GC(739) Pause Young (Normal) (G1 Evacuation Pause) 215M->196M(256M) 0.751ms
[2026-03-25T22:12:17.195+0900][222.406s][info][gc,cpu      ] GC(739) User=0.00s Sys=0.00s Real=0.00s
[2026-03-25T22:12:17.259+0900][222.470s][info][gc,start    ] GC(740) Pause Young (Normal) (G1 Evacuation Pause)
[2026-03-25T22:12:17.259+0900][222.470s][info][gc,task     ] GC(740) Using 8 workers of 10 for evacuation
[2026-03-25T22:12:17.260+0900][222.471s][info][gc,phases   ] GC(740)   Pre Evacuate Collection Set: 0.0ms
[2026-03-25T22:12:17.260+0900][222.471s][info][gc,phases   ] GC(740)   Merge Heap Roots: 0.0ms
[2026-03-25T22:12:17.260+0900][222.471s][info][gc,phases   ] GC(740)   Evacuate Collection Set: 0.4ms
[2026-03-25T22:12:17.260+0900][222.471s][info][gc,phases   ] GC(740)   Post Evacuate Collection Set: 0.1ms
[2026-03-25T22:12:17.260+0900][222.471s][info][gc,phases   ] GC(740)   Other: 0.1ms
[2026-03-25T22:12:17.260+0900][222.471s][info][gc,heap     ] GC(740) Eden regions: 5->0(5)
[2026-03-25T22:12:17.260+0900][222.471s][info][gc,heap     ] GC(740) Survivor regions: 1->1(1)
[2026-03-25T22:12:17.260+0900][222.471s][info][gc,heap     ] GC(740) Old regions: 24->24
[2026-03-25T22:12:17.260+0900][222.471s][info][gc,heap     ] GC(740) Archive regions: 2->2
[2026-03-25T22:12:17.260+0900][222.471s][info][gc,heap     ] GC(740) Humongous regions: 24->24
[2026-03-25T22:12:17.260+0900][222.471s][info][gc,metaspace] GC(740) Metaspace: 104200K(105216K)->104200K(105216K) NonClass: 88930K(89472K)->88930K(89472K) Class: 15269K(15744K)->15269K(15744K)
[2026-03-25T22:12:17.260+0900][222.471s][info][gc          ] GC(740) Pause Young (Normal) (G1 Evacuation Pause) 216M->196M(256M) 0.711ms
[2026-03-25T22:12:17.260+0900][222.471s][info][gc,cpu      ] GC(740) User=0.01s Sys=0.01s Real=0.01s
[2026-03-25T22:12:17.329+0900][222.540s][info][gc,start    ] GC(741) Pause Young (Normal) (G1 Evacuation Pause)
[2026-03-25T22:12:17.329+0900][222.540s][info][gc,task     ] GC(741) Using 8 workers of 10 for evacuation
[2026-03-25T22:12:17.330+0900][222.541s][info][gc,phases   ] GC(741)   Pre Evacuate Collection Set: 0.0ms
[2026-03-25T22:12:17.330+0900][222.541s][info][gc,phases   ] GC(741)   Merge Heap Roots: 0.0ms
[2026-03-25T22:12:17.330+0900][222.541s][info][gc,phases   ] GC(741)   Evacuate Collection Set: 0.4ms
[2026-03-25T22:12:17.330+0900][222.541s][info][gc,phases   ] GC(741)   Post Evacuate Collection Set: 0.1ms
[2026-03-25T22:12:17.330+0900][222.541s][info][gc,phases   ] GC(741)   Other: 0.1ms
[2026-03-25T22:12:17.330+0900][222.541s][info][gc,heap     ] GC(741) Eden regions: 5->0(5)
[2026-03-25T22:12:17.330+0900][222.541s][info][gc,heap     ] GC(741) Survivor regions: 1->1(1)
[2026-03-25T22:12:17.330+0900][222.541s][info][gc,heap     ] GC(741) Old regions: 24->24
[2026-03-25T22:12:17.330+0900][222.541s][info][gc,heap     ] GC(741) Archive regions: 2->2
[2026-03-25T22:12:17.330+0900][222.541s][info][gc,heap     ] GC(741) Humongous regions: 24->24
[2026-03-25T22:12:17.330+0900][222.541s][info][gc,metaspace] GC(741) Metaspace: 104200K(105216K)->104200K(105216K) NonClass: 88930K(89472K)->88930K(89472K) Class: 15269K(15744K)->15269K(15744K)
[2026-03-25T22:12:17.330+0900][222.541s][info][gc          ] GC(741) Pause Young (Normal) (G1 Evacuation Pause) 216M->196M(256M) 0.726ms
[2026-03-25T22:12:17.330+0900][222.541s][info][gc,cpu      ] GC(741) User=0.01s Sys=0.00s Real=0.01s
[2026-03-25T22:12:17.430+0900][222.641s][info][gc,start    ] GC(742) Pause Young (Normal) (G1 Evacuation Pause)
[2026-03-25T22:12:17.430+0900][222.641s][info][gc,task     ] GC(742) Using 8 workers of 10 for evacuation
[2026-03-25T22:12:17.431+0900][222.642s][info][gc,phases   ] GC(742)   Pre Evacuate Collection Set: 0.0ms
[2026-03-25T22:12:17.431+0900][222.642s][info][gc,phases   ] GC(742)   Merge Heap Roots: 0.0ms
[2026-03-25T22:12:17.431+0900][222.642s][info][gc,phases   ] GC(742)   Evacuate Collection Set: 0.4ms
[2026-03-25T22:12:17.431+0900][222.642s][info][gc,phases   ] GC(742)   Post Evacuate Collection Set: 0.1ms
[2026-03-25T22:12:17.431+0900][222.642s][info][gc,phases   ] GC(742)   Other: 0.1ms
[2026-03-25T22:12:17.431+0900][222.642s][info][gc,heap     ] GC(742) Eden regions: 5->0(5)
[2026-03-25T22:12:17.431+0900][222.642s][info][gc,heap     ] GC(742) Survivor regions: 1->1(1)
[2026-03-25T22:12:17.431+0900][222.642s][info][gc,heap     ] GC(742) Old regions: 24->24
[2026-03-25T22:12:17.431+0900][222.642s][info][gc,heap     ] GC(742) Archive regions: 2->2
[2026-03-25T22:12:17.431+0900][222.642s][info][gc,heap     ] GC(742) Humongous regions: 24->24
[2026-03-25T22:12:17.431+0900][222.642s][info][gc,metaspace] GC(742) Metaspace: 104200K(105216K)->104200K(105216K) NonClass: 88930K(89472K)->88930K(89472K) Class: 15269K(15744K)->15269K(15744K)
[2026-03-25T22:12:17.431+0900][222.642s][info][gc          ] GC(742) Pause Young (Normal) (G1 Evacuation Pause) 216M->196M(256M) 0.758ms
[2026-03-25T22:12:17.431+0900][222.642s][info][gc,cpu      ] GC(742) User=0.00s Sys=0.00s Real=0.00s
[2026-03-25T22:12:17.508+0900][222.719s][info][gc,start    ] GC(743) Pause Young (Normal) (G1 Evacuation Pause)
[2026-03-25T22:12:17.508+0900][222.719s][info][gc,task     ] GC(743) Using 8 workers of 10 for evacuation
[2026-03-25T22:12:17.508+0900][222.719s][info][gc,phases   ] GC(743)   Pre Evacuate Collection Set: 0.1ms
[2026-03-25T22:12:17.508+0900][222.719s][info][gc,phases   ] GC(743)   Merge Heap Roots: 0.1ms
[2026-03-25T22:12:17.509+0900][222.719s][info][gc,phases   ] GC(743)   Evacuate Collection Set: 0.4ms
[2026-03-25T22:12:17.509+0900][222.719s][info][gc,phases   ] GC(743)   Post Evacuate Collection Set: 0.1ms
[2026-03-25T22:12:17.509+0900][222.719s][info][gc,phases   ] GC(743)   Other: 0.1ms
[2026-03-25T22:12:17.509+0900][222.719s][info][gc,heap     ] GC(743) Eden regions: 5->0(5)
[2026-03-25T22:12:17.509+0900][222.719s][info][gc,heap     ] GC(743) Survivor regions: 1->1(1)
[2026-03-25T22:12:17.509+0900][222.719s][info][gc,heap     ] GC(743) Old regions: 24->24
[2026-03-25T22:12:17.509+0900][222.719s][info][gc,heap     ] GC(743) Archive regions: 2->2
[2026-03-25T22:12:17.509+0900][222.719s][info][gc,heap     ] GC(743) Humongous regions: 24->24
[2026-03-25T22:12:17.509+0900][222.719s][info][gc,metaspace] GC(743) Metaspace: 104200K(105216K)->104200K(105216K) NonClass: 88930K(89472K)->88930K(89472K) Class: 15269K(15744K)->15269K(15744K)
[2026-03-25T22:12:17.509+0900][222.719s][info][gc          ] GC(743) Pause Young (Normal) (G1 Evacuation Pause) 216M->196M(256M) 0.796ms
[2026-03-25T22:12:17.509+0900][222.719s][info][gc,cpu      ] GC(743) User=0.00s Sys=0.00s Real=0.00s
[2026-03-25T22:12:17.607+0900][222.817s][info][gc,start    ] GC(744) Pause Young (Normal) (G1 Evacuation Pause)
[2026-03-25T22:12:17.607+0900][222.818s][info][gc,task     ] GC(744) Using 8 workers of 10 for evacuation
[2026-03-25T22:12:17.607+0900][222.818s][info][gc,phases   ] GC(744)   Pre Evacuate Collection Set: 0.1ms
[2026-03-25T22:12:17.607+0900][222.818s][info][gc,phases   ] GC(744)   Merge Heap Roots: 0.1ms
[2026-03-25T22:12:17.607+0900][222.818s][info][gc,phases   ] GC(744)   Evacuate Collection Set: 0.4ms
[2026-03-25T22:12:17.607+0900][222.818s][info][gc,phases   ] GC(744)   Post Evacuate Collection Set: 0.1ms
[2026-03-25T22:12:17.607+0900][222.818s][info][gc,phases   ] GC(744)   Other: 0.1ms
[2026-03-25T22:12:17.607+0900][222.818s][info][gc,heap     ] GC(744) Eden regions: 5->0(5)
[2026-03-25T22:12:17.607+0900][222.818s][info][gc,heap     ] GC(744) Survivor regions: 1->1(1)
[2026-03-25T22:12:17.607+0900][222.818s][info][gc,heap     ] GC(744) Old regions: 24->24
[2026-03-25T22:12:17.607+0900][222.818s][info][gc,heap     ] GC(744) Archive regions: 2->2
[2026-03-25T22:12:17.607+0900][222.818s][info][gc,heap     ] GC(744) Humongous regions: 24->24
[2026-03-25T22:12:17.607+0900][222.818s][info][gc,metaspace] GC(744) Metaspace: 104200K(105216K)->104200K(105216K) NonClass: 88930K(89472K)->88930K(89472K) Class: 15269K(15744K)->15269K(15744K)
[2026-03-25T22:12:17.607+0900][222.818s][info][gc          ] GC(744) Pause Young (Normal) (G1 Evacuation Pause) 216M->196M(256M) 0.767ms
[2026-03-25T22:12:17.607+0900][222.818s][info][gc,cpu      ] GC(744) User=0.00s Sys=0.00s Real=0.00s
[2026-03-25T22:12:17.720+0900][222.931s][info][gc,start    ] GC(745) Pause Young (Normal) (G1 Evacuation Pause)
[2026-03-25T22:12:17.720+0900][222.931s][info][gc,task     ] GC(745) Using 8 workers of 10 for evacuation
[2026-03-25T22:12:17.720+0900][222.931s][info][gc,phases   ] GC(745)   Pre Evacuate Collection Set: 0.0ms
[2026-03-25T22:12:17.720+0900][222.931s][info][gc,phases   ] GC(745)   Merge Heap Roots: 0.0ms
[2026-03-25T22:12:17.720+0900][222.931s][info][gc,phases   ] GC(745)   Evacuate Collection Set: 0.5ms
[2026-03-25T22:12:17.720+0900][222.931s][info][gc,phases   ] GC(745)   Post Evacuate Collection Set: 0.1ms
[2026-03-25T22:12:17.720+0900][222.931s][info][gc,phases   ] GC(745)   Other: 0.1ms
[2026-03-25T22:12:17.720+0900][222.931s][info][gc,heap     ] GC(745) Eden regions: 5->0(5)
[2026-03-25T22:12:17.720+0900][222.931s][info][gc,heap     ] GC(745) Survivor regions: 1->1(1)
[2026-03-25T22:12:17.720+0900][222.931s][info][gc,heap     ] GC(745) Old regions: 24->24
[2026-03-25T22:12:17.720+0900][222.931s][info][gc,heap     ] GC(745) Archive regions: 2->2
[2026-03-25T22:12:17.720+0900][222.931s][info][gc,heap     ] GC(745) Humongous regions: 24->24
[2026-03-25T22:12:17.720+0900][222.931s][info][gc,metaspace] GC(745) Metaspace: 104200K(105216K)->104200K(105216K) NonClass: 88930K(89472K)->88930K(89472K) Class: 15269K(15744K)->15269K(15744K)
[2026-03-25T22:12:17.720+0900][222.931s][info][gc          ] GC(745) Pause Young (Normal) (G1 Evacuation Pause) 216M->196M(256M) 0.804ms
[2026-03-25T22:12:17.720+0900][222.931s][info][gc,cpu      ] GC(745) User=0.01s Sys=0.00s Real=0.00s
[2026-03-25T22:12:17.801+0900][223.012s][info][gc,start    ] GC(746) Pause Young (Normal) (G1 Evacuation Pause)
[2026-03-25T22:12:17.801+0900][223.012s][info][gc,task     ] GC(746) Using 8 workers of 10 for evacuation
[2026-03-25T22:12:17.802+0900][223.012s][info][gc,phases   ] GC(746)   Pre Evacuate Collection Set: 0.0ms
[2026-03-25T22:12:17.802+0900][223.012s][info][gc,phases   ] GC(746)   Merge Heap Roots: 0.0ms
[2026-03-25T22:12:17.802+0900][223.013s][info][gc,phases   ] GC(746)   Evacuate Collection Set: 0.4ms
[2026-03-25T22:12:17.802+0900][223.013s][info][gc,phases   ] GC(746)   Post Evacuate Collection Set: 0.1ms
[2026-03-25T22:12:17.802+0900][223.013s][info][gc,phases   ] GC(746)   Other: 0.1ms
[2026-03-25T22:12:17.802+0900][223.013s][info][gc,heap     ] GC(746) Eden regions: 5->0(5)
[2026-03-25T22:12:17.802+0900][223.013s][info][gc,heap     ] GC(746) Survivor regions: 1->1(1)
[2026-03-25T22:12:17.802+0900][223.013s][info][gc,heap     ] GC(746) Old regions: 24->24
[2026-03-25T22:12:17.802+0900][223.013s][info][gc,heap     ] GC(746) Archive regions: 2->2
[2026-03-25T22:12:17.802+0900][223.013s][info][gc,heap     ] GC(746) Humongous regions: 24->24
[2026-03-25T22:12:17.802+0900][223.013s][info][gc,metaspace] GC(746) Metaspace: 104200K(105216K)->104200K(105216K) NonClass: 88930K(89472K)->88930K(89472K) Class: 15269K(15744K)->15269K(15744K)
[2026-03-25T22:12:17.802+0900][223.013s][info][gc          ] GC(746) Pause Young (Normal) (G1 Evacuation Pause) 216M->196M(256M) 0.775ms
[2026-03-25T22:12:17.802+0900][223.013s][info][gc,cpu      ] GC(746) User=0.01s Sys=0.00s Real=0.00s
[2026-03-25T22:12:17.883+0900][223.094s][info][gc,start    ] GC(747) Pause Young (Normal) (G1 Evacuation Pause)
[2026-03-25T22:12:17.883+0900][223.094s][info][gc,task     ] GC(747) Using 8 workers of 10 for evacuation
[2026-03-25T22:12:17.884+0900][223.094s][info][gc,phases   ] GC(747)   Pre Evacuate Collection Set: 0.0ms
[2026-03-25T22:12:17.884+0900][223.094s][info][gc,phases   ] GC(747)   Merge Heap Roots: 0.0ms
[2026-03-25T22:12:17.884+0900][223.094s][info][gc,phases   ] GC(747)   Evacuate Collection Set: 0.4ms
[2026-03-25T22:12:17.884+0900][223.094s][info][gc,phases   ] GC(747)   Post Evacuate Collection Set: 0.1ms
[2026-03-25T22:12:17.884+0900][223.094s][info][gc,phases   ] GC(747)   Other: 0.1ms
[2026-03-25T22:12:17.884+0900][223.094s][info][gc,heap     ] GC(747) Eden regions: 5->0(5)
[2026-03-25T22:12:17.884+0900][223.094s][info][gc,heap     ] GC(747) Survivor regions: 1->1(1)
[2026-03-25T22:12:17.884+0900][223.094s][info][gc,heap     ] GC(747) Old regions: 24->24
[2026-03-25T22:12:17.884+0900][223.094s][info][gc,heap     ] GC(747) Archive regions: 2->2
[2026-03-25T22:12:17.884+0900][223.094s][info][gc,heap     ] GC(747) Humongous regions: 24->24
[2026-03-25T22:12:17.884+0900][223.095s][info][gc,metaspace] GC(747) Metaspace: 104200K(105216K)->104200K(105216K) NonClass: 88930K(89472K)->88930K(89472K) Class: 15269K(15744K)->15269K(15744K)
[2026-03-25T22:12:17.884+0900][223.095s][info][gc          ] GC(747) Pause Young (Normal) (G1 Evacuation Pause) 216M->196M(256M) 0.761ms
[2026-03-25T22:12:17.884+0900][223.095s][info][gc,cpu      ] GC(747) User=0.00s Sys=0.00s Real=0.00s
[2026-03-25T22:12:17.975+0900][223.186s][info][gc,start    ] GC(748) Pause Young (Normal) (G1 Evacuation Pause)
[2026-03-25T22:12:17.975+0900][223.186s][info][gc,task     ] GC(748) Using 8 workers of 10 for evacuation
[2026-03-25T22:12:17.976+0900][223.187s][info][gc,phases   ] GC(748)   Pre Evacuate Collection Set: 0.0ms
[2026-03-25T22:12:17.976+0900][223.187s][info][gc,phases   ] GC(748)   Merge Heap Roots: 0.0ms
[2026-03-25T22:12:17.976+0900][223.187s][info][gc,phases   ] GC(748)   Evacuate Collection Set: 0.4ms
[2026-03-25T22:12:17.976+0900][223.187s][info][gc,phases   ] GC(748)   Post Evacuate Collection Set: 0.1ms
[2026-03-25T22:12:17.976+0900][223.187s][info][gc,phases   ] GC(748)   Other: 0.1ms
[2026-03-25T22:12:17.976+0900][223.187s][info][gc,heap     ] GC(748) Eden regions: 5->0(5)
[2026-03-25T22:12:17.976+0900][223.187s][info][gc,heap     ] GC(748) Survivor regions: 1->1(1)
[2026-03-25T22:12:17.976+0900][223.187s][info][gc,heap     ] GC(748) Old regions: 24->24
[2026-03-25T22:12:17.976+0900][223.187s][info][gc,heap     ] GC(748) Archive regions: 2->2
[2026-03-25T22:12:17.976+0900][223.187s][info][gc,heap     ] GC(748) Humongous regions: 24->24
[2026-03-25T22:12:17.976+0900][223.187s][info][gc,metaspace] GC(748) Metaspace: 104200K(105216K)->104200K(105216K) NonClass: 88930K(89472K)->88930K(89472K) Class: 15269K(15744K)->15269K(15744K)
[2026-03-25T22:12:17.976+0900][223.187s][info][gc          ] GC(748) Pause Young (Normal) (G1 Evacuation Pause) 216M->196M(256M) 0.774ms
[2026-03-25T22:12:17.976+0900][223.187s][info][gc,cpu      ] GC(748) User=0.00s Sys=0.00s Real=0.00s
[2026-03-25T22:12:18.064+0900][223.275s][info][gc,start    ] GC(749) Pause Young (Normal) (G1 Evacuation Pause)
[2026-03-25T22:12:18.064+0900][223.275s][info][gc,task     ] GC(749) Using 8 workers of 10 for evacuation
[2026-03-25T22:12:18.064+0900][223.275s][info][gc,phases   ] GC(749)   Pre Evacuate Collection Set: 0.0ms
[2026-03-25T22:12:18.064+0900][223.275s][info][gc,phases   ] GC(749)   Merge Heap Roots: 0.0ms
[2026-03-25T22:12:18.064+0900][223.275s][info][gc,phases   ] GC(749)   Evacuate Collection Set: 0.4ms
[2026-03-25T22:12:18.064+0900][223.275s][info][gc,phases   ] GC(749)   Post Evacuate Collection Set: 0.1ms
[2026-03-25T22:12:18.064+0900][223.275s][info][gc,phases   ] GC(749)   Other: 0.1ms
[2026-03-25T22:12:18.064+0900][223.275s][info][gc,heap     ] GC(749) Eden regions: 5->0(5)
[2026-03-25T22:12:18.064+0900][223.275s][info][gc,heap     ] GC(749) Survivor regions: 1->1(1)
[2026-03-25T22:12:18.064+0900][223.275s][info][gc,heap     ] GC(749) Old regions: 24->24
[2026-03-25T22:12:18.064+0900][223.275s][info][gc,heap     ] GC(749) Archive regions: 2->2
[2026-03-25T22:12:18.064+0900][223.275s][info][gc,heap     ] GC(749) Humongous regions: 24->24
[2026-03-25T22:12:18.064+0900][223.275s][info][gc,metaspace] GC(749) Metaspace: 104200K(105216K)->104200K(105216K) NonClass: 88930K(89472K)->88930K(89472K) Class: 15269K(15744K)->15269K(15744K)
[2026-03-25T22:12:18.064+0900][223.275s][info][gc          ] GC(749) Pause Young (Normal) (G1 Evacuation Pause) 216M->196M(256M) 0.699ms
[2026-03-25T22:12:18.064+0900][223.275s][info][gc,cpu      ] GC(749) User=0.00s Sys=0.00s Real=0.00s
[2026-03-25T22:12:18.130+0900][223.341s][info][gc,start    ] GC(750) Pause Young (Normal) (G1 Evacuation Pause)
[2026-03-25T22:12:18.130+0900][223.341s][info][gc,task     ] GC(750) Using 8 workers of 10 for evacuation
[2026-03-25T22:12:18.131+0900][223.342s][info][gc,phases   ] GC(750)   Pre Evacuate Collection Set: 0.0ms
[2026-03-25T22:12:18.131+0900][223.342s][info][gc,phases   ] GC(750)   Merge Heap Roots: 0.0ms
[2026-03-25T22:12:18.131+0900][223.342s][info][gc,phases   ] GC(750)   Evacuate Collection Set: 0.4ms
[2026-03-25T22:12:18.131+0900][223.342s][info][gc,phases   ] GC(750)   Post Evacuate Collection Set: 0.1ms
[2026-03-25T22:12:18.131+0900][223.342s][info][gc,phases   ] GC(750)   Other: 0.1ms
[2026-03-25T22:12:18.131+0900][223.342s][info][gc,heap     ] GC(750) Eden regions: 5->0(5)
[2026-03-25T22:12:18.131+0900][223.342s][info][gc,heap     ] GC(750) Survivor regions: 1->1(1)
[2026-03-25T22:12:18.131+0900][223.342s][info][gc,heap     ] GC(750) Old regions: 24->24
[2026-03-25T22:12:18.131+0900][223.342s][info][gc,heap     ] GC(750) Archive regions: 2->2
[2026-03-25T22:12:18.131+0900][223.342s][info][gc,heap     ] GC(750) Humongous regions: 24->24
[2026-03-25T22:12:18.131+0900][223.342s][info][gc,metaspace] GC(750) Metaspace: 104200K(105216K)->104200K(105216K) NonClass: 88930K(89472K)->88930K(89472K) Class: 15269K(15744K)->15269K(15744K)
[2026-03-25T22:12:18.131+0900][223.342s][info][gc          ] GC(750) Pause Young (Normal) (G1 Evacuation Pause) 216M->196M(256M) 0.658ms
[2026-03-25T22:12:18.131+0900][223.342s][info][gc,cpu      ] GC(750) User=0.00s Sys=0.00s Real=0.00s
[2026-03-25T22:12:18.237+0900][223.448s][info][gc,start    ] GC(751) Pause Young (Normal) (G1 Evacuation Pause)
[2026-03-25T22:12:18.237+0900][223.448s][info][gc,task     ] GC(751) Using 8 workers of 10 for evacuation
[2026-03-25T22:12:18.238+0900][223.449s][info][gc,phases   ] GC(751)   Pre Evacuate Collection Set: 0.1ms
[2026-03-25T22:12:18.238+0900][223.449s][info][gc,phases   ] GC(751)   Merge Heap Roots: 0.1ms
[2026-03-25T22:12:18.238+0900][223.449s][info][gc,phases   ] GC(751)   Evacuate Collection Set: 0.4ms
[2026-03-25T22:12:18.238+0900][223.449s][info][gc,phases   ] GC(751)   Post Evacuate Collection Set: 0.1ms
[2026-03-25T22:12:18.238+0900][223.449s][info][gc,phases   ] GC(751)   Other: 0.1ms
[2026-03-25T22:12:18.238+0900][223.449s][info][gc,heap     ] GC(751) Eden regions: 5->0(5)
[2026-03-25T22:12:18.238+0900][223.449s][info][gc,heap     ] GC(751) Survivor regions: 1->1(1)
[2026-03-25T22:12:18.238+0900][223.449s][info][gc,heap     ] GC(751) Old regions: 24->24
[2026-03-25T22:12:18.238+0900][223.449s][info][gc,heap     ] GC(751) Archive regions: 2->2
[2026-03-25T22:12:18.238+0900][223.449s][info][gc,heap     ] GC(751) Humongous regions: 24->24
[2026-03-25T22:12:18.238+0900][223.449s][info][gc,metaspace] GC(751) Metaspace: 104200K(105216K)->104200K(105216K) NonClass: 88930K(89472K)->88930K(89472K) Class: 15269K(15744K)->15269K(15744K)
[2026-03-25T22:12:18.238+0900][223.449s][info][gc          ] GC(751) Pause Young (Normal) (G1 Evacuation Pause) 216M->196M(256M) 0.774ms
[2026-03-25T22:12:18.238+0900][223.449s][info][gc,cpu      ] GC(751) User=0.00s Sys=0.00s Real=0.00s
[2026-03-25T22:12:18.320+0900][223.531s][info][gc,start    ] GC(752) Pause Young (Normal) (G1 Evacuation Pause)
[2026-03-25T22:12:18.320+0900][223.531s][info][gc,task     ] GC(752) Using 8 workers of 10 for evacuation
[2026-03-25T22:12:18.320+0900][223.531s][info][gc,phases   ] GC(752)   Pre Evacuate Collection Set: 0.0ms
[2026-03-25T22:12:18.321+0900][223.531s][info][gc,phases   ] GC(752)   Merge Heap Roots: 0.0ms
[2026-03-25T22:12:18.321+0900][223.531s][info][gc,phases   ] GC(752)   Evacuate Collection Set: 0.4ms
[2026-03-25T22:12:18.321+0900][223.531s][info][gc,phases   ] GC(752)   Post Evacuate Collection Set: 0.2ms
[2026-03-25T22:12:18.321+0900][223.531s][info][gc,phases   ] GC(752)   Other: 0.1ms
[2026-03-25T22:12:18.321+0900][223.531s][info][gc,heap     ] GC(752) Eden regions: 5->0(5)
[2026-03-25T22:12:18.321+0900][223.531s][info][gc,heap     ] GC(752) Survivor regions: 1->1(1)
[2026-03-25T22:12:18.321+0900][223.531s][info][gc,heap     ] GC(752) Old regions: 24->24
[2026-03-25T22:12:18.321+0900][223.531s][info][gc,heap     ] GC(752) Archive regions: 2->2
[2026-03-25T22:12:18.321+0900][223.531s][info][gc,heap     ] GC(752) Humongous regions: 24->24
[2026-03-25T22:12:18.321+0900][223.531s][info][gc,metaspace] GC(752) Metaspace: 104200K(105216K)->104200K(105216K) NonClass: 88930K(89472K)->88930K(89472K) Class: 15269K(15744K)->15269K(15744K)
[2026-03-25T22:12:18.321+0900][223.531s][info][gc          ] GC(752) Pause Young (Normal) (G1 Evacuation Pause) 216M->196M(256M) 0.796ms
[2026-03-25T22:12:18.321+0900][223.531s][info][gc,cpu      ] GC(752) User=0.00s Sys=0.00s Real=0.00s
[2026-03-25T22:12:18.383+0900][223.594s][info][gc,start    ] GC(753) Pause Young (Normal) (G1 Evacuation Pause)
[2026-03-25T22:12:18.383+0900][223.594s][info][gc,task     ] GC(753) Using 8 workers of 10 for evacuation
[2026-03-25T22:12:18.384+0900][223.595s][info][gc,phases   ] GC(753)   Pre Evacuate Collection Set: 0.0ms
[2026-03-25T22:12:18.384+0900][223.595s][info][gc,phases   ] GC(753)   Merge Heap Roots: 0.0ms
[2026-03-25T22:12:18.384+0900][223.595s][info][gc,phases   ] GC(753)   Evacuate Collection Set: 0.4ms
[2026-03-25T22:12:18.384+0900][223.595s][info][gc,phases   ] GC(753)   Post Evacuate Collection Set: 0.1ms
[2026-03-25T22:12:18.384+0900][223.595s][info][gc,phases   ] GC(753)   Other: 0.1ms
[2026-03-25T22:12:18.384+0900][223.595s][info][gc,heap     ] GC(753) Eden regions: 5->0(5)
[2026-03-25T22:12:18.384+0900][223.595s][info][gc,heap     ] GC(753) Survivor regions: 1->1(1)
[2026-03-25T22:12:18.384+0900][223.595s][info][gc,heap     ] GC(753) Old regions: 24->24
[2026-03-25T22:12:18.384+0900][223.595s][info][gc,heap     ] GC(753) Archive regions: 2->2
[2026-03-25T22:12:18.384+0900][223.595s][info][gc,heap     ] GC(753) Humongous regions: 24->24
[2026-03-25T22:12:18.384+0900][223.595s][info][gc,metaspace] GC(753) Metaspace: 104200K(105216K)->104200K(105216K) NonClass: 88930K(89472K)->88930K(89472K) Class: 15269K(15744K)->15269K(15744K)
[2026-03-25T22:12:18.384+0900][223.595s][info][gc          ] GC(753) Pause Young (Normal) (G1 Evacuation Pause) 216M->196M(256M) 0.748ms
[2026-03-25T22:12:18.384+0900][223.595s][info][gc,cpu      ] GC(753) User=0.00s Sys=0.00s Real=0.00s
[2026-03-25T22:12:18.454+0900][223.665s][info][gc,start    ] GC(754) Pause Young (Normal) (G1 Evacuation Pause)
[2026-03-25T22:12:18.454+0900][223.665s][info][gc,task     ] GC(754) Using 8 workers of 10 for evacuation
[2026-03-25T22:12:18.455+0900][223.666s][info][gc,phases   ] GC(754)   Pre Evacuate Collection Set: 0.0ms
[2026-03-25T22:12:18.455+0900][223.666s][info][gc,phases   ] GC(754)   Merge Heap Roots: 0.0ms
[2026-03-25T22:12:18.455+0900][223.666s][info][gc,phases   ] GC(754)   Evacuate Collection Set: 0.4ms
[2026-03-25T22:12:18.455+0900][223.666s][info][gc,phases   ] GC(754)   Post Evacuate Collection Set: 0.1ms
[2026-03-25T22:12:18.455+0900][223.666s][info][gc,phases   ] GC(754)   Other: 0.1ms
[2026-03-25T22:12:18.455+0900][223.666s][info][gc,heap     ] GC(754) Eden regions: 5->0(5)
[2026-03-25T22:12:18.455+0900][223.666s][info][gc,heap     ] GC(754) Survivor regions: 1->1(1)
[2026-03-25T22:12:18.455+0900][223.666s][info][gc,heap     ] GC(754) Old regions: 24->24
[2026-03-25T22:12:18.455+0900][223.666s][info][gc,heap     ] GC(754) Archive regions: 2->2
[2026-03-25T22:12:18.455+0900][223.666s][info][gc,heap     ] GC(754) Humongous regions: 24->24
[2026-03-25T22:12:18.455+0900][223.666s][info][gc,metaspace] GC(754) Metaspace: 104200K(105216K)->104200K(105216K) NonClass: 88930K(89472K)->88930K(89472K) Class: 15269K(15744K)->15269K(15744K)
[2026-03-25T22:12:18.455+0900][223.666s][info][gc          ] GC(754) Pause Young (Normal) (G1 Evacuation Pause) 216M->196M(256M) 0.674ms
[2026-03-25T22:12:18.455+0900][223.666s][info][gc,cpu      ] GC(754) User=0.01s Sys=0.00s Real=0.00s
[2026-03-25T22:12:18.519+0900][223.730s][info][gc,start    ] GC(755) Pause Young (Normal) (G1 Evacuation Pause)
[2026-03-25T22:12:18.519+0900][223.730s][info][gc,task     ] GC(755) Using 8 workers of 10 for evacuation
[2026-03-25T22:12:18.520+0900][223.731s][info][gc,phases   ] GC(755)   Pre Evacuate Collection Set: 0.0ms
[2026-03-25T22:12:18.520+0900][223.731s][info][gc,phases   ] GC(755)   Merge Heap Roots: 0.0ms
[2026-03-25T22:12:18.520+0900][223.731s][info][gc,phases   ] GC(755)   Evacuate Collection Set: 0.5ms
[2026-03-25T22:12:18.520+0900][223.731s][info][gc,phases   ] GC(755)   Post Evacuate Collection Set: 0.1ms
[2026-03-25T22:12:18.520+0900][223.731s][info][gc,phases   ] GC(755)   Other: 0.1ms
[2026-03-25T22:12:18.520+0900][223.731s][info][gc,heap     ] GC(755) Eden regions: 5->0(5)
[2026-03-25T22:12:18.520+0900][223.731s][info][gc,heap     ] GC(755) Survivor regions: 1->1(1)
[2026-03-25T22:12:18.520+0900][223.731s][info][gc,heap     ] GC(755) Old regions: 24->24
[2026-03-25T22:12:18.520+0900][223.731s][info][gc,heap     ] GC(755) Archive regions: 2->2
[2026-03-25T22:12:18.520+0900][223.731s][info][gc,heap     ] GC(755) Humongous regions: 24->24
[2026-03-25T22:12:18.520+0900][223.731s][info][gc,metaspace] GC(755) Metaspace: 104200K(105216K)->104200K(105216K) NonClass: 88930K(89472K)->88930K(89472K) Class: 15269K(15744K)->15269K(15744K)
[2026-03-25T22:12:18.520+0900][223.731s][info][gc          ] GC(755) Pause Young (Normal) (G1 Evacuation Pause) 216M->196M(256M) 0.826ms
[2026-03-25T22:12:18.520+0900][223.731s][info][gc,cpu      ] GC(755) User=0.00s Sys=0.00s Real=0.01s
[2026-03-25T22:12:18.576+0900][223.787s][info][gc,start    ] GC(756) Pause Young (Normal) (G1 Evacuation Pause)
[2026-03-25T22:12:18.576+0900][223.787s][info][gc,task     ] GC(756) Using 8 workers of 10 for evacuation
[2026-03-25T22:12:18.577+0900][223.788s][info][gc,phases   ] GC(756)   Pre Evacuate Collection Set: 0.0ms
[2026-03-25T22:12:18.577+0900][223.788s][info][gc,phases   ] GC(756)   Merge Heap Roots: 0.0ms
[2026-03-25T22:12:18.577+0900][223.788s][info][gc,phases   ] GC(756)   Evacuate Collection Set: 0.4ms
[2026-03-25T22:12:18.577+0900][223.788s][info][gc,phases   ] GC(756)   Post Evacuate Collection Set: 0.1ms
[2026-03-25T22:12:18.577+0900][223.788s][info][gc,phases   ] GC(756)   Other: 0.1ms
[2026-03-25T22:12:18.577+0900][223.788s][info][gc,heap     ] GC(756) Eden regions: 5->0(5)
[2026-03-25T22:12:18.577+0900][223.788s][info][gc,heap     ] GC(756) Survivor regions: 1->1(1)
[2026-03-25T22:12:18.577+0900][223.788s][info][gc,heap     ] GC(756) Old regions: 24->24
[2026-03-25T22:12:18.577+0900][223.788s][info][gc,heap     ] GC(756) Archive regions: 2->2
[2026-03-25T22:12:18.577+0900][223.788s][info][gc,heap     ] GC(756) Humongous regions: 24->24
[2026-03-25T22:12:18.577+0900][223.788s][info][gc,metaspace] GC(756) Metaspace: 104200K(105216K)->104200K(105216K) NonClass: 88930K(89472K)->88930K(89472K) Class: 15269K(15744K)->15269K(15744K)
[2026-03-25T22:12:18.577+0900][223.788s][info][gc          ] GC(756) Pause Young (Normal) (G1 Evacuation Pause) 216M->196M(256M) 0.742ms
[2026-03-25T22:12:18.577+0900][223.788s][info][gc,cpu      ] GC(756) User=0.01s Sys=0.00s Real=0.00s
[2026-03-25T22:12:18.673+0900][223.884s][info][gc,start    ] GC(757) Pause Young (Normal) (G1 Evacuation Pause)
[2026-03-25T22:12:18.673+0900][223.884s][info][gc,task     ] GC(757) Using 8 workers of 10 for evacuation
[2026-03-25T22:12:18.673+0900][223.884s][info][gc,phases   ] GC(757)   Pre Evacuate Collection Set: 0.0ms
[2026-03-25T22:12:18.673+0900][223.884s][info][gc,phases   ] GC(757)   Merge Heap Roots: 0.0ms
[2026-03-25T22:12:18.673+0900][223.884s][info][gc,phases   ] GC(757)   Evacuate Collection Set: 0.4ms
[2026-03-25T22:12:18.673+0900][223.884s][info][gc,phases   ] GC(757)   Post Evacuate Collection Set: 0.1ms
[2026-03-25T22:12:18.673+0900][223.884s][info][gc,phases   ] GC(757)   Other: 0.1ms
[2026-03-25T22:12:18.673+0900][223.884s][info][gc,heap     ] GC(757) Eden regions: 5->0(4)
[2026-03-25T22:12:18.673+0900][223.884s][info][gc,heap     ] GC(757) Survivor regions: 1->1(1)
[2026-03-25T22:12:18.673+0900][223.884s][info][gc,heap     ] GC(757) Old regions: 24->25
[2026-03-25T22:12:18.673+0900][223.884s][info][gc,heap     ] GC(757) Archive regions: 2->2
[2026-03-25T22:12:18.673+0900][223.884s][info][gc,heap     ] GC(757) Humongous regions: 24->24
[2026-03-25T22:12:18.673+0900][223.884s][info][gc,metaspace] GC(757) Metaspace: 104200K(105216K)->104200K(105216K) NonClass: 88930K(89472K)->88930K(89472K) Class: 15269K(15744K)->15269K(15744K)
[2026-03-25T22:12:18.673+0900][223.884s][info][gc          ] GC(757) Pause Young (Normal) (G1 Evacuation Pause) 216M->196M(256M) 0.710ms
[2026-03-25T22:12:18.674+0900][223.884s][info][gc,cpu      ] GC(757) User=0.00s Sys=0.00s Real=0.00s
[2026-03-25T22:12:18.755+0900][223.966s][info][gc,start    ] GC(758) Pause Young (Normal) (G1 Evacuation Pause)
[2026-03-25T22:12:18.755+0900][223.966s][info][gc,task     ] GC(758) Using 8 workers of 10 for evacuation
[2026-03-25T22:12:18.756+0900][223.967s][info][gc,phases   ] GC(758)   Pre Evacuate Collection Set: 0.0ms
[2026-03-25T22:12:18.756+0900][223.967s][info][gc,phases   ] GC(758)   Merge Heap Roots: 0.0ms
[2026-03-25T22:12:18.756+0900][223.967s][info][gc,phases   ] GC(758)   Evacuate Collection Set: 0.4ms
[2026-03-25T22:12:18.756+0900][223.967s][info][gc,phases   ] GC(758)   Post Evacuate Collection Set: 0.1ms
[2026-03-25T22:12:18.756+0900][223.967s][info][gc,phases   ] GC(758)   Other: 0.1ms
[2026-03-25T22:12:18.756+0900][223.967s][info][gc,heap     ] GC(758) Eden regions: 4->0(4)
[2026-03-25T22:12:18.756+0900][223.967s][info][gc,heap     ] GC(758) Survivor regions: 1->1(1)
[2026-03-25T22:12:18.756+0900][223.967s][info][gc,heap     ] GC(758) Old regions: 25->25
[2026-03-25T22:12:18.756+0900][223.967s][info][gc,heap     ] GC(758) Archive regions: 2->2
[2026-03-25T22:12:18.756+0900][223.967s][info][gc,heap     ] GC(758) Humongous regions: 24->24
[2026-03-25T22:12:18.756+0900][223.967s][info][gc,metaspace] GC(758) Metaspace: 104200K(105216K)->104200K(105216K) NonClass: 88930K(89472K)->88930K(89472K) Class: 15269K(15744K)->15269K(15744K)
[2026-03-25T22:12:18.756+0900][223.967s][info][gc          ] GC(758) Pause Young (Normal) (G1 Evacuation Pause) 212M->196M(256M) 0.752ms
[2026-03-25T22:12:18.756+0900][223.967s][info][gc,cpu      ] GC(758) User=0.00s Sys=0.00s Real=0.00s
[2026-03-25T22:12:18.819+0900][224.030s][info][gc,start    ] GC(759) Pause Young (Normal) (G1 Evacuation Pause)
[2026-03-25T22:12:18.819+0900][224.030s][info][gc,task     ] GC(759) Using 8 workers of 10 for evacuation
[2026-03-25T22:12:18.819+0900][224.030s][info][gc,phases   ] GC(759)   Pre Evacuate Collection Set: 0.0ms
[2026-03-25T22:12:18.820+0900][224.030s][info][gc,phases   ] GC(759)   Merge Heap Roots: 0.0ms
[2026-03-25T22:12:18.820+0900][224.030s][info][gc,phases   ] GC(759)   Evacuate Collection Set: 0.4ms
[2026-03-25T22:12:18.820+0900][224.030s][info][gc,phases   ] GC(759)   Post Evacuate Collection Set: 0.1ms
[2026-03-25T22:12:18.820+0900][224.030s][info][gc,phases   ] GC(759)   Other: 0.1ms
[2026-03-25T22:12:18.820+0900][224.030s][info][gc,heap     ] GC(759) Eden regions: 4->0(4)
[2026-03-25T22:12:18.820+0900][224.030s][info][gc,heap     ] GC(759) Survivor regions: 1->1(1)
[2026-03-25T22:12:18.820+0900][224.030s][info][gc,heap     ] GC(759) Old regions: 25->25
[2026-03-25T22:12:18.820+0900][224.030s][info][gc,heap     ] GC(759) Archive regions: 2->2
[2026-03-25T22:12:18.820+0900][224.030s][info][gc,heap     ] GC(759) Humongous regions: 24->24
[2026-03-25T22:12:18.820+0900][224.030s][info][gc,metaspace] GC(759) Metaspace: 104200K(105216K)->104200K(105216K) NonClass: 88930K(89472K)->88930K(89472K) Class: 15269K(15744K)->15269K(15744K)
[2026-03-25T22:12:18.820+0900][224.030s][info][gc          ] GC(759) Pause Young (Normal) (G1 Evacuation Pause) 212M->196M(256M) 0.724ms
[2026-03-25T22:12:18.820+0900][224.030s][info][gc,cpu      ] GC(759) User=0.00s Sys=0.00s Real=0.01s
[2026-03-25T22:12:18.917+0900][224.128s][info][gc,start    ] GC(760) Pause Young (Normal) (G1 Evacuation Pause)
[2026-03-25T22:12:18.917+0900][224.128s][info][gc,task     ] GC(760) Using 8 workers of 10 for evacuation
[2026-03-25T22:12:18.917+0900][224.128s][info][gc,phases   ] GC(760)   Pre Evacuate Collection Set: 0.0ms
[2026-03-25T22:12:18.917+0900][224.128s][info][gc,phases   ] GC(760)   Merge Heap Roots: 0.0ms
[2026-03-25T22:12:18.917+0900][224.128s][info][gc,phases   ] GC(760)   Evacuate Collection Set: 0.4ms
[2026-03-25T22:12:18.917+0900][224.128s][info][gc,phases   ] GC(760)   Post Evacuate Collection Set: 0.1ms
[2026-03-25T22:12:18.917+0900][224.128s][info][gc,phases   ] GC(760)   Other: 0.1ms
[2026-03-25T22:12:18.918+0900][224.128s][info][gc,heap     ] GC(760) Eden regions: 4->0(4)
[2026-03-25T22:12:18.918+0900][224.128s][info][gc,heap     ] GC(760) Survivor regions: 1->1(1)
[2026-03-25T22:12:18.918+0900][224.128s][info][gc,heap     ] GC(760) Old regions: 25->25
[2026-03-25T22:12:18.918+0900][224.128s][info][gc,heap     ] GC(760) Archive regions: 2->2
[2026-03-25T22:12:18.918+0900][224.128s][info][gc,heap     ] GC(760) Humongous regions: 24->24
[2026-03-25T22:12:18.918+0900][224.128s][info][gc,metaspace] GC(760) Metaspace: 104200K(105216K)->104200K(105216K) NonClass: 88930K(89472K)->88930K(89472K) Class: 15269K(15744K)->15269K(15744K)
[2026-03-25T22:12:18.918+0900][224.128s][info][gc          ] GC(760) Pause Young (Normal) (G1 Evacuation Pause) 212M->196M(256M) 0.690ms
[2026-03-25T22:12:18.918+0900][224.128s][info][gc,cpu      ] GC(760) User=0.01s Sys=0.00s Real=0.00s
[2026-03-25T22:12:19.024+0900][224.235s][info][gc,start    ] GC(761) Pause Young (Normal) (G1 Evacuation Pause)
[2026-03-25T22:12:19.024+0900][224.235s][info][gc,task     ] GC(761) Using 8 workers of 10 for evacuation
[2026-03-25T22:12:19.024+0900][224.235s][info][gc,phases   ] GC(761)   Pre Evacuate Collection Set: 0.0ms
[2026-03-25T22:12:19.024+0900][224.235s][info][gc,phases   ] GC(761)   Merge Heap Roots: 0.0ms
[2026-03-25T22:12:19.024+0900][224.235s][info][gc,phases   ] GC(761)   Evacuate Collection Set: 0.3ms
[2026-03-25T22:12:19.024+0900][224.235s][info][gc,phases   ] GC(761)   Post Evacuate Collection Set: 0.2ms
[2026-03-25T22:12:19.024+0900][224.235s][info][gc,phases   ] GC(761)   Other: 0.1ms
[2026-03-25T22:12:19.024+0900][224.235s][info][gc,heap     ] GC(761) Eden regions: 4->0(4)
[2026-03-25T22:12:19.024+0900][224.235s][info][gc,heap     ] GC(761) Survivor regions: 1->1(1)
[2026-03-25T22:12:19.024+0900][224.235s][info][gc,heap     ] GC(761) Old regions: 25->25
[2026-03-25T22:12:19.024+0900][224.235s][info][gc,heap     ] GC(761) Archive regions: 2->2
[2026-03-25T22:12:19.024+0900][224.235s][info][gc,heap     ] GC(761) Humongous regions: 24->24
[2026-03-25T22:12:19.024+0900][224.235s][info][gc,metaspace] GC(761) Metaspace: 104200K(105216K)->104200K(105216K) NonClass: 88930K(89472K)->88930K(89472K) Class: 15269K(15744K)->15269K(15744K)
[2026-03-25T22:12:19.024+0900][224.235s][info][gc          ] GC(761) Pause Young (Normal) (G1 Evacuation Pause) 212M->196M(256M) 0.665ms
[2026-03-25T22:12:19.024+0900][224.235s][info][gc,cpu      ] GC(761) User=0.01s Sys=0.00s Real=0.00s
[2026-03-25T22:12:19.089+0900][224.300s][info][gc,start    ] GC(762) Pause Young (Normal) (G1 Evacuation Pause)
[2026-03-25T22:12:19.089+0900][224.300s][info][gc,task     ] GC(762) Using 8 workers of 10 for evacuation
[2026-03-25T22:12:19.090+0900][224.301s][info][gc,phases   ] GC(762)   Pre Evacuate Collection Set: 0.0ms
[2026-03-25T22:12:19.090+0900][224.301s][info][gc,phases   ] GC(762)   Merge Heap Roots: 0.0ms
[2026-03-25T22:12:19.090+0900][224.301s][info][gc,phases   ] GC(762)   Evacuate Collection Set: 0.4ms
[2026-03-25T22:12:19.090+0900][224.301s][info][gc,phases   ] GC(762)   Post Evacuate Collection Set: 0.1ms
[2026-03-25T22:12:19.090+0900][224.301s][info][gc,phases   ] GC(762)   Other: 0.1ms
[2026-03-25T22:12:19.090+0900][224.301s][info][gc,heap     ] GC(762) Eden regions: 4->0(4)
[2026-03-25T22:12:19.090+0900][224.301s][info][gc,heap     ] GC(762) Survivor regions: 1->1(1)
[2026-03-25T22:12:19.090+0900][224.301s][info][gc,heap     ] GC(762) Old regions: 25->25
[2026-03-25T22:12:19.090+0900][224.301s][info][gc,heap     ] GC(762) Archive regions: 2->2
[2026-03-25T22:12:19.090+0900][224.301s][info][gc,heap     ] GC(762) Humongous regions: 24->24
[2026-03-25T22:12:19.090+0900][224.301s][info][gc,metaspace] GC(762) Metaspace: 104200K(105216K)->104200K(105216K) NonClass: 88930K(89472K)->88930K(89472K) Class: 15269K(15744K)->15269K(15744K)
[2026-03-25T22:12:19.090+0900][224.301s][info][gc          ] GC(762) Pause Young (Normal) (G1 Evacuation Pause) 212M->196M(256M) 0.694ms
[2026-03-25T22:12:19.090+0900][224.301s][info][gc,cpu      ] GC(762) User=0.01s Sys=0.00s Real=0.01s
[2026-03-25T22:12:19.154+0900][224.365s][info][gc,start    ] GC(763) Pause Young (Normal) (G1 Evacuation Pause)
[2026-03-25T22:12:19.154+0900][224.365s][info][gc,task     ] GC(763) Using 8 workers of 10 for evacuation
[2026-03-25T22:12:19.154+0900][224.365s][info][gc,phases   ] GC(763)   Pre Evacuate Collection Set: 0.0ms
[2026-03-25T22:12:19.154+0900][224.365s][info][gc,phases   ] GC(763)   Merge Heap Roots: 0.0ms
[2026-03-25T22:12:19.154+0900][224.365s][info][gc,phases   ] GC(763)   Evacuate Collection Set: 0.4ms
[2026-03-25T22:12:19.154+0900][224.365s][info][gc,phases   ] GC(763)   Post Evacuate Collection Set: 0.1ms
[2026-03-25T22:12:19.154+0900][224.365s][info][gc,phases   ] GC(763)   Other: 0.1ms
[2026-03-25T22:12:19.154+0900][224.365s][info][gc,heap     ] GC(763) Eden regions: 4->0(4)
[2026-03-25T22:12:19.154+0900][224.365s][info][gc,heap     ] GC(763) Survivor regions: 1->1(1)
[2026-03-25T22:12:19.154+0900][224.365s][info][gc,heap     ] GC(763) Old regions: 25->25
[2026-03-25T22:12:19.154+0900][224.365s][info][gc,heap     ] GC(763) Archive regions: 2->2
[2026-03-25T22:12:19.154+0900][224.365s][info][gc,heap     ] GC(763) Humongous regions: 24->24
[2026-03-25T22:12:19.154+0900][224.365s][info][gc,metaspace] GC(763) Metaspace: 104200K(105216K)->104200K(105216K) NonClass: 88930K(89472K)->88930K(89472K) Class: 15269K(15744K)->15269K(15744K)
[2026-03-25T22:12:19.154+0900][224.365s][info][gc          ] GC(763) Pause Young (Normal) (G1 Evacuation Pause) 212M->196M(256M) 0.704ms
[2026-03-25T22:12:19.154+0900][224.365s][info][gc,cpu      ] GC(763) User=0.00s Sys=0.00s Real=0.00s
[2026-03-25T22:12:19.235+0900][224.446s][info][gc,start    ] GC(764) Pause Young (Normal) (G1 Evacuation Pause)
[2026-03-25T22:12:19.235+0900][224.446s][info][gc,task     ] GC(764) Using 8 workers of 10 for evacuation
[2026-03-25T22:12:19.235+0900][224.446s][info][gc,phases   ] GC(764)   Pre Evacuate Collection Set: 0.0ms
[2026-03-25T22:12:19.235+0900][224.446s][info][gc,phases   ] GC(764)   Merge Heap Roots: 0.0ms
[2026-03-25T22:12:19.235+0900][224.446s][info][gc,phases   ] GC(764)   Evacuate Collection Set: 0.3ms
[2026-03-25T22:12:19.235+0900][224.446s][info][gc,phases   ] GC(764)   Post Evacuate Collection Set: 0.1ms
[2026-03-25T22:12:19.235+0900][224.446s][info][gc,phases   ] GC(764)   Other: 0.1ms
[2026-03-25T22:12:19.235+0900][224.446s][info][gc,heap     ] GC(764) Eden regions: 4->0(4)
[2026-03-25T22:12:19.235+0900][224.446s][info][gc,heap     ] GC(764) Survivor regions: 1->1(1)
[2026-03-25T22:12:19.235+0900][224.446s][info][gc,heap     ] GC(764) Old regions: 25->25
[2026-03-25T22:12:19.235+0900][224.446s][info][gc,heap     ] GC(764) Archive regions: 2->2
[2026-03-25T22:12:19.235+0900][224.446s][info][gc,heap     ] GC(764) Humongous regions: 24->24
[2026-03-25T22:12:19.235+0900][224.446s][info][gc,metaspace] GC(764) Metaspace: 104200K(105216K)->104200K(105216K) NonClass: 88930K(89472K)->88930K(89472K) Class: 15269K(15744K)->15269K(15744K)
[2026-03-25T22:12:19.235+0900][224.446s][info][gc          ] GC(764) Pause Young (Normal) (G1 Evacuation Pause) 212M->196M(256M) 0.676ms
[2026-03-25T22:12:19.235+0900][224.446s][info][gc,cpu      ] GC(764) User=0.01s Sys=0.00s Real=0.00s
[2026-03-25T22:12:19.300+0900][224.511s][info][gc,start    ] GC(765) Pause Young (Normal) (G1 Evacuation Pause)
[2026-03-25T22:12:19.300+0900][224.511s][info][gc,task     ] GC(765) Using 8 workers of 10 for evacuation
[2026-03-25T22:12:19.300+0900][224.511s][info][gc,phases   ] GC(765)   Pre Evacuate Collection Set: 0.0ms
[2026-03-25T22:12:19.300+0900][224.511s][info][gc,phases   ] GC(765)   Merge Heap Roots: 0.0ms
[2026-03-25T22:12:19.301+0900][224.511s][info][gc,phases   ] GC(765)   Evacuate Collection Set: 0.3ms
[2026-03-25T22:12:19.301+0900][224.511s][info][gc,phases   ] GC(765)   Post Evacuate Collection Set: 0.1ms
[2026-03-25T22:12:19.301+0900][224.511s][info][gc,phases   ] GC(765)   Other: 0.1ms
[2026-03-25T22:12:19.301+0900][224.511s][info][gc,heap     ] GC(765) Eden regions: 4->0(4)
[2026-03-25T22:12:19.301+0900][224.511s][info][gc,heap     ] GC(765) Survivor regions: 1->1(1)
[2026-03-25T22:12:19.301+0900][224.511s][info][gc,heap     ] GC(765) Old regions: 25->25
[2026-03-25T22:12:19.301+0900][224.511s][info][gc,heap     ] GC(765) Archive regions: 2->2
[2026-03-25T22:12:19.301+0900][224.511s][info][gc,heap     ] GC(765) Humongous regions: 24->24
[2026-03-25T22:12:19.301+0900][224.511s][info][gc,metaspace] GC(765) Metaspace: 104200K(105216K)->104200K(105216K) NonClass: 88930K(89472K)->88930K(89472K) Class: 15269K(15744K)->15269K(15744K)
[2026-03-25T22:12:19.301+0900][224.511s][info][gc          ] GC(765) Pause Young (Normal) (G1 Evacuation Pause) 212M->196M(256M) 0.665ms
[2026-03-25T22:12:19.301+0900][224.511s][info][gc,cpu      ] GC(765) User=0.00s Sys=0.00s Real=0.00s
[2026-03-25T22:12:19.389+0900][224.600s][info][gc,start    ] GC(766) Pause Young (Normal) (G1 Evacuation Pause)
[2026-03-25T22:12:19.389+0900][224.600s][info][gc,task     ] GC(766) Using 8 workers of 10 for evacuation
[2026-03-25T22:12:19.389+0900][224.600s][info][gc,phases   ] GC(766)   Pre Evacuate Collection Set: 0.0ms
[2026-03-25T22:12:19.389+0900][224.600s][info][gc,phases   ] GC(766)   Merge Heap Roots: 0.0ms
[2026-03-25T22:12:19.389+0900][224.600s][info][gc,phases   ] GC(766)   Evacuate Collection Set: 0.4ms
[2026-03-25T22:12:19.389+0900][224.600s][info][gc,phases   ] GC(766)   Post Evacuate Collection Set: 0.1ms
[2026-03-25T22:12:19.389+0900][224.600s][info][gc,phases   ] GC(766)   Other: 0.1ms
[2026-03-25T22:12:19.389+0900][224.600s][info][gc,heap     ] GC(766) Eden regions: 4->0(4)
[2026-03-25T22:12:19.389+0900][224.600s][info][gc,heap     ] GC(766) Survivor regions: 1->1(1)
[2026-03-25T22:12:19.389+0900][224.600s][info][gc,heap     ] GC(766) Old regions: 25->25
[2026-03-25T22:12:19.389+0900][224.600s][info][gc,heap     ] GC(766) Archive regions: 2->2
[2026-03-25T22:12:19.389+0900][224.600s][info][gc,heap     ] GC(766) Humongous regions: 24->24
[2026-03-25T22:12:19.389+0900][224.600s][info][gc,metaspace] GC(766) Metaspace: 104200K(105216K)->104200K(105216K) NonClass: 88930K(89472K)->88930K(89472K) Class: 15269K(15744K)->15269K(15744K)
[2026-03-25T22:12:19.389+0900][224.600s][info][gc          ] GC(766) Pause Young (Normal) (G1 Evacuation Pause) 212M->196M(256M) 0.733ms
[2026-03-25T22:12:19.389+0900][224.600s][info][gc,cpu      ] GC(766) User=0.01s Sys=0.00s Real=0.00s
[2026-03-25T22:12:19.460+0900][224.671s][info][gc,start    ] GC(767) Pause Young (Normal) (G1 Evacuation Pause)
[2026-03-25T22:12:19.460+0900][224.671s][info][gc,task     ] GC(767) Using 8 workers of 10 for evacuation
[2026-03-25T22:12:19.461+0900][224.672s][info][gc,phases   ] GC(767)   Pre Evacuate Collection Set: 0.0ms
[2026-03-25T22:12:19.461+0900][224.672s][info][gc,phases   ] GC(767)   Merge Heap Roots: 0.0ms
[2026-03-25T22:12:19.461+0900][224.672s][info][gc,phases   ] GC(767)   Evacuate Collection Set: 0.4ms
[2026-03-25T22:12:19.461+0900][224.672s][info][gc,phases   ] GC(767)   Post Evacuate Collection Set: 0.1ms
[2026-03-25T22:12:19.461+0900][224.672s][info][gc,phases   ] GC(767)   Other: 0.1ms
[2026-03-25T22:12:19.461+0900][224.672s][info][gc,heap     ] GC(767) Eden regions: 4->0(4)
[2026-03-25T22:12:19.461+0900][224.672s][info][gc,heap     ] GC(767) Survivor regions: 1->1(1)
[2026-03-25T22:12:19.461+0900][224.672s][info][gc,heap     ] GC(767) Old regions: 25->25
[2026-03-25T22:12:19.461+0900][224.672s][info][gc,heap     ] GC(767) Archive regions: 2->2
[2026-03-25T22:12:19.461+0900][224.672s][info][gc,heap     ] GC(767) Humongous regions: 24->24
[2026-03-25T22:12:19.461+0900][224.672s][info][gc,metaspace] GC(767) Metaspace: 104200K(105216K)->104200K(105216K) NonClass: 88930K(89472K)->88930K(89472K) Class: 15269K(15744K)->15269K(15744K)
[2026-03-25T22:12:19.461+0900][224.672s][info][gc          ] GC(767) Pause Young (Normal) (G1 Evacuation Pause) 212M->197M(256M) 0.726ms
[2026-03-25T22:12:19.461+0900][224.672s][info][gc,cpu      ] GC(767) User=0.00s Sys=0.00s Real=0.00s
[2026-03-25T22:12:19.512+0900][224.723s][info][gc,start    ] GC(768) Pause Young (Normal) (G1 Evacuation Pause)
[2026-03-25T22:12:19.512+0900][224.723s][info][gc,task     ] GC(768) Using 8 workers of 10 for evacuation
[2026-03-25T22:12:19.513+0900][224.724s][info][gc,phases   ] GC(768)   Pre Evacuate Collection Set: 0.0ms
[2026-03-25T22:12:19.513+0900][224.724s][info][gc,phases   ] GC(768)   Merge Heap Roots: 0.0ms
[2026-03-25T22:12:19.513+0900][224.724s][info][gc,phases   ] GC(768)   Evacuate Collection Set: 0.4ms
[2026-03-25T22:12:19.513+0900][224.724s][info][gc,phases   ] GC(768)   Post Evacuate Collection Set: 0.1ms
[2026-03-25T22:12:19.513+0900][224.724s][info][gc,phases   ] GC(768)   Other: 0.1ms
[2026-03-25T22:12:19.513+0900][224.724s][info][gc,heap     ] GC(768) Eden regions: 4->0(4)
[2026-03-25T22:12:19.513+0900][224.724s][info][gc,heap     ] GC(768) Survivor regions: 1->1(1)
[2026-03-25T22:12:19.513+0900][224.724s][info][gc,heap     ] GC(768) Old regions: 25->25
[2026-03-25T22:12:19.513+0900][224.724s][info][gc,heap     ] GC(768) Archive regions: 2->2
[2026-03-25T22:12:19.513+0900][224.724s][info][gc,heap     ] GC(768) Humongous regions: 24->24
[2026-03-25T22:12:19.513+0900][224.724s][info][gc,metaspace] GC(768) Metaspace: 104200K(105216K)->104200K(105216K) NonClass: 88930K(89472K)->88930K(89472K) Class: 15269K(15744K)->15269K(15744K)
[2026-03-25T22:12:19.513+0900][224.724s][info][gc          ] GC(768) Pause Young (Normal) (G1 Evacuation Pause) 213M->197M(256M) 0.654ms
[2026-03-25T22:12:19.513+0900][224.724s][info][gc,cpu      ] GC(768) User=0.00s Sys=0.00s Real=0.00s
[2026-03-25T22:12:19.559+0900][224.770s][info][gc,start    ] GC(769) Pause Young (Normal) (G1 Evacuation Pause)
[2026-03-25T22:12:19.559+0900][224.770s][info][gc,task     ] GC(769) Using 8 workers of 10 for evacuation
[2026-03-25T22:12:19.560+0900][224.770s][info][gc,phases   ] GC(769)   Pre Evacuate Collection Set: 0.0ms
[2026-03-25T22:12:19.560+0900][224.770s][info][gc,phases   ] GC(769)   Merge Heap Roots: 0.0ms
[2026-03-25T22:12:19.560+0900][224.770s][info][gc,phases   ] GC(769)   Evacuate Collection Set: 0.4ms
[2026-03-25T22:12:19.560+0900][224.770s][info][gc,phases   ] GC(769)   Post Evacuate Collection Set: 0.1ms
[2026-03-25T22:12:19.560+0900][224.770s][info][gc,phases   ] GC(769)   Other: 0.1ms
[2026-03-25T22:12:19.560+0900][224.770s][info][gc,heap     ] GC(769) Eden regions: 4->0(4)
[2026-03-25T22:12:19.560+0900][224.770s][info][gc,heap     ] GC(769) Survivor regions: 1->1(1)
[2026-03-25T22:12:19.560+0900][224.770s][info][gc,heap     ] GC(769) Old regions: 25->25
[2026-03-25T22:12:19.560+0900][224.770s][info][gc,heap     ] GC(769) Archive regions: 2->2
[2026-03-25T22:12:19.560+0900][224.770s][info][gc,heap     ] GC(769) Humongous regions: 24->24
[2026-03-25T22:12:19.560+0900][224.770s][info][gc,metaspace] GC(769) Metaspace: 104200K(105216K)->104200K(105216K) NonClass: 88930K(89472K)->88930K(89472K) Class: 15269K(15744K)->15269K(15744K)
[2026-03-25T22:12:19.560+0900][224.770s][info][gc          ] GC(769) Pause Young (Normal) (G1 Evacuation Pause) 213M->197M(256M) 0.698ms
[2026-03-25T22:12:19.560+0900][224.770s][info][gc,cpu      ] GC(769) User=0.00s Sys=0.00s Real=0.01s
[2026-03-25T22:12:19.610+0900][224.821s][info][gc,start    ] GC(770) Pause Young (Normal) (G1 Evacuation Pause)
[2026-03-25T22:12:19.610+0900][224.821s][info][gc,task     ] GC(770) Using 8 workers of 10 for evacuation
[2026-03-25T22:12:19.611+0900][224.822s][info][gc,phases   ] GC(770)   Pre Evacuate Collection Set: 0.0ms
[2026-03-25T22:12:19.611+0900][224.822s][info][gc,phases   ] GC(770)   Merge Heap Roots: 0.0ms
[2026-03-25T22:12:19.611+0900][224.822s][info][gc,phases   ] GC(770)   Evacuate Collection Set: 0.4ms
[2026-03-25T22:12:19.611+0900][224.822s][info][gc,phases   ] GC(770)   Post Evacuate Collection Set: 0.1ms
[2026-03-25T22:12:19.611+0900][224.822s][info][gc,phases   ] GC(770)   Other: 0.1ms
[2026-03-25T22:12:19.611+0900][224.822s][info][gc,heap     ] GC(770) Eden regions: 4->0(4)
[2026-03-25T22:12:19.611+0900][224.822s][info][gc,heap     ] GC(770) Survivor regions: 1->1(1)
[2026-03-25T22:12:19.611+0900][224.822s][info][gc,heap     ] GC(770) Old regions: 25->25
[2026-03-25T22:12:19.611+0900][224.822s][info][gc,heap     ] GC(770) Archive regions: 2->2
[2026-03-25T22:12:19.611+0900][224.822s][info][gc,heap     ] GC(770) Humongous regions: 24->24
[2026-03-25T22:12:19.611+0900][224.822s][info][gc,metaspace] GC(770) Metaspace: 104200K(105216K)->104200K(105216K) NonClass: 88930K(89472K)->88930K(89472K) Class: 15269K(15744K)->15269K(15744K)
[2026-03-25T22:12:19.611+0900][224.822s][info][gc          ] GC(770) Pause Young (Normal) (G1 Evacuation Pause) 213M->197M(256M) 0.737ms
[2026-03-25T22:12:19.611+0900][224.822s][info][gc,cpu      ] GC(770) User=0.00s Sys=0.00s Real=0.00s
[2026-03-25T22:12:19.647+0900][224.858s][info][gc,start    ] GC(771) Pause Young (Normal) (G1 Evacuation Pause)
[2026-03-25T22:12:19.647+0900][224.858s][info][gc,task     ] GC(771) Using 8 workers of 10 for evacuation
[2026-03-25T22:12:19.648+0900][224.859s][info][gc,phases   ] GC(771)   Pre Evacuate Collection Set: 0.0ms
[2026-03-25T22:12:19.648+0900][224.859s][info][gc,phases   ] GC(771)   Merge Heap Roots: 0.0ms
[2026-03-25T22:12:19.648+0900][224.859s][info][gc,phases   ] GC(771)   Evacuate Collection Set: 0.4ms
[2026-03-25T22:12:19.648+0900][224.859s][info][gc,phases   ] GC(771)   Post Evacuate Collection Set: 0.1ms
[2026-03-25T22:12:19.648+0900][224.859s][info][gc,phases   ] GC(771)   Other: 0.1ms
[2026-03-25T22:12:19.648+0900][224.859s][info][gc,heap     ] GC(771) Eden regions: 4->0(4)
[2026-03-25T22:12:19.648+0900][224.859s][info][gc,heap     ] GC(771) Survivor regions: 1->1(1)
[2026-03-25T22:12:19.648+0900][224.859s][info][gc,heap     ] GC(771) Old regions: 25->25
[2026-03-25T22:12:19.648+0900][224.859s][info][gc,heap     ] GC(771) Archive regions: 2->2
[2026-03-25T22:12:19.648+0900][224.859s][info][gc,heap     ] GC(771) Humongous regions: 24->24
[2026-03-25T22:12:19.648+0900][224.859s][info][gc,metaspace] GC(771) Metaspace: 104200K(105216K)->104200K(105216K) NonClass: 88930K(89472K)->88930K(89472K) Class: 15269K(15744K)->15269K(15744K)
[2026-03-25T22:12:19.648+0900][224.859s][info][gc          ] GC(771) Pause Young (Normal) (G1 Evacuation Pause) 213M->197M(256M) 0.705ms
[2026-03-25T22:12:19.648+0900][224.859s][info][gc,cpu      ] GC(771) User=0.00s Sys=0.00s Real=0.00s
[2026-03-25T22:12:19.707+0900][224.918s][info][gc,start    ] GC(772) Pause Young (Normal) (G1 Evacuation Pause)
[2026-03-25T22:12:19.707+0900][224.918s][info][gc,task     ] GC(772) Using 8 workers of 10 for evacuation
[2026-03-25T22:12:19.708+0900][224.919s][info][gc,phases   ] GC(772)   Pre Evacuate Collection Set: 0.0ms
[2026-03-25T22:12:19.708+0900][224.919s][info][gc,phases   ] GC(772)   Merge Heap Roots: 0.0ms
[2026-03-25T22:12:19.708+0900][224.919s][info][gc,phases   ] GC(772)   Evacuate Collection Set: 0.4ms
[2026-03-25T22:12:19.708+0900][224.919s][info][gc,phases   ] GC(772)   Post Evacuate Collection Set: 0.2ms
[2026-03-25T22:12:19.708+0900][224.919s][info][gc,phases   ] GC(772)   Other: 0.1ms
[2026-03-25T22:12:19.708+0900][224.919s][info][gc,heap     ] GC(772) Eden regions: 4->0(16)
[2026-03-25T22:12:19.708+0900][224.919s][info][gc,heap     ] GC(772) Survivor regions: 1->1(1)
[2026-03-25T22:12:19.708+0900][224.919s][info][gc,heap     ] GC(772) Old regions: 25->25
[2026-03-25T22:12:19.708+0900][224.919s][info][gc,heap     ] GC(772) Archive regions: 2->2
[2026-03-25T22:12:19.708+0900][224.919s][info][gc,heap     ] GC(772) Humongous regions: 24->24
[2026-03-25T22:12:19.708+0900][224.919s][info][gc,metaspace] GC(772) Metaspace: 104200K(105216K)->104200K(105216K) NonClass: 88930K(89472K)->88930K(89472K) Class: 15269K(15744K)->15269K(15744K)
[2026-03-25T22:12:19.708+0900][224.919s][info][gc          ] GC(772) Pause Young (Normal) (G1 Evacuation Pause) 213M->197M(308M) 0.735ms
[2026-03-25T22:12:19.708+0900][224.919s][info][gc,cpu      ] GC(772) User=0.00s Sys=0.00s Real=0.00s
[2026-03-25T22:12:19.953+0900][225.164s][info][gc,start    ] GC(773) Pause Young (Normal) (G1 Evacuation Pause)
[2026-03-25T22:12:19.953+0900][225.164s][info][gc,task     ] GC(773) Using 8 workers of 10 for evacuation
[2026-03-25T22:12:19.954+0900][225.165s][info][gc,phases   ] GC(773)   Pre Evacuate Collection Set: 0.0ms
[2026-03-25T22:12:19.954+0900][225.165s][info][gc,phases   ] GC(773)   Merge Heap Roots: 0.0ms
[2026-03-25T22:12:19.954+0900][225.165s][info][gc,phases   ] GC(773)   Evacuate Collection Set: 0.5ms
[2026-03-25T22:12:19.954+0900][225.165s][info][gc,phases   ] GC(773)   Post Evacuate Collection Set: 0.2ms
[2026-03-25T22:12:19.954+0900][225.165s][info][gc,phases   ] GC(773)   Other: 0.1ms
[2026-03-25T22:12:19.954+0900][225.165s][info][gc,heap     ] GC(773) Eden regions: 16->0(16)
[2026-03-25T22:12:19.954+0900][225.165s][info][gc,heap     ] GC(773) Survivor regions: 1->1(3)
[2026-03-25T22:12:19.954+0900][225.165s][info][gc,heap     ] GC(773) Old regions: 25->25
[2026-03-25T22:12:19.954+0900][225.165s][info][gc,heap     ] GC(773) Archive regions: 2->2
[2026-03-25T22:12:19.954+0900][225.165s][info][gc,heap     ] GC(773) Humongous regions: 24->24
[2026-03-25T22:12:19.954+0900][225.165s][info][gc,metaspace] GC(773) Metaspace: 104200K(105216K)->104200K(105216K) NonClass: 88930K(89472K)->88930K(89472K) Class: 15269K(15744K)->15269K(15744K)
[2026-03-25T22:12:19.954+0900][225.165s][info][gc          ] GC(773) Pause Young (Normal) (G1 Evacuation Pause) 261M->197M(308M) 0.823ms
[2026-03-25T22:12:19.954+0900][225.165s][info][gc,cpu      ] GC(773) User=0.00s Sys=0.00s Real=0.00s
[2026-03-25T22:12:20.250+0900][225.461s][info][gc,start    ] GC(774) Pause Young (Normal) (G1 Evacuation Pause)
[2026-03-25T22:12:20.250+0900][225.461s][info][gc,task     ] GC(774) Using 8 workers of 10 for evacuation
[2026-03-25T22:12:20.251+0900][225.462s][info][gc,phases   ] GC(774)   Pre Evacuate Collection Set: 0.0ms
[2026-03-25T22:12:20.251+0900][225.462s][info][gc,phases   ] GC(774)   Merge Heap Roots: 0.0ms
[2026-03-25T22:12:20.251+0900][225.462s][info][gc,phases   ] GC(774)   Evacuate Collection Set: 0.5ms
[2026-03-25T22:12:20.251+0900][225.462s][info][gc,phases   ] GC(774)   Post Evacuate Collection Set: 0.1ms
[2026-03-25T22:12:20.251+0900][225.462s][info][gc,phases   ] GC(774)   Other: 0.2ms
[2026-03-25T22:12:20.251+0900][225.462s][info][gc,heap     ] GC(774) Eden regions: 16->0(16)
[2026-03-25T22:12:20.251+0900][225.462s][info][gc,heap     ] GC(774) Survivor regions: 1->1(3)
[2026-03-25T22:12:20.251+0900][225.462s][info][gc,heap     ] GC(774) Old regions: 25->25
[2026-03-25T22:12:20.251+0900][225.462s][info][gc,heap     ] GC(774) Archive regions: 2->2
[2026-03-25T22:12:20.251+0900][225.462s][info][gc,heap     ] GC(774) Humongous regions: 24->24
[2026-03-25T22:12:20.251+0900][225.462s][info][gc,metaspace] GC(774) Metaspace: 104200K(105216K)->104200K(105216K) NonClass: 88930K(89472K)->88930K(89472K) Class: 15269K(15744K)->15269K(15744K)
[2026-03-25T22:12:20.251+0900][225.462s][info][gc          ] GC(774) Pause Young (Normal) (G1 Evacuation Pause) 261M->197M(308M) 0.932ms
[2026-03-25T22:12:20.251+0900][225.462s][info][gc,cpu      ] GC(774) User=0.01s Sys=0.00s Real=0.00s
[2026-03-25T22:12:20.492+0900][225.703s][info][gc,start    ] GC(775) Pause Young (Normal) (G1 Evacuation Pause)
[2026-03-25T22:12:20.494+0900][225.705s][info][gc,task     ] GC(775) Using 8 workers of 10 for evacuation
[2026-03-25T22:12:20.495+0900][225.706s][info][gc,phases   ] GC(775)   Pre Evacuate Collection Set: 0.1ms
[2026-03-25T22:12:20.495+0900][225.706s][info][gc,phases   ] GC(775)   Merge Heap Roots: 0.0ms
[2026-03-25T22:12:20.495+0900][225.706s][info][gc,phases   ] GC(775)   Evacuate Collection Set: 0.5ms
[2026-03-25T22:12:20.495+0900][225.706s][info][gc,phases   ] GC(775)   Post Evacuate Collection Set: 0.2ms
[2026-03-25T22:12:20.495+0900][225.706s][info][gc,phases   ] GC(775)   Other: 1.7ms
[2026-03-25T22:12:20.495+0900][225.706s][info][gc,heap     ] GC(775) Eden regions: 16->0(16)
[2026-03-25T22:12:20.495+0900][225.706s][info][gc,heap     ] GC(775) Survivor regions: 1->1(3)
[2026-03-25T22:12:20.495+0900][225.706s][info][gc,heap     ] GC(775) Old regions: 25->25
[2026-03-25T22:12:20.495+0900][225.706s][info][gc,heap     ] GC(775) Archive regions: 2->2
[2026-03-25T22:12:20.495+0900][225.706s][info][gc,heap     ] GC(775) Humongous regions: 24->24
[2026-03-25T22:12:20.495+0900][225.706s][info][gc,metaspace] GC(775) Metaspace: 104200K(105216K)->104200K(105216K) NonClass: 88930K(89472K)->88930K(89472K) Class: 15269K(15744K)->15269K(15744K)
[2026-03-25T22:12:20.495+0900][225.706s][info][gc          ] GC(775) Pause Young (Normal) (G1 Evacuation Pause) 261M->197M(308M) 2.532ms
[2026-03-25T22:12:20.495+0900][225.706s][info][gc,cpu      ] GC(775) User=0.00s Sys=0.00s Real=0.00s
[2026-03-25T22:12:20.810+0900][226.021s][info][gc,start    ] GC(776) Pause Young (Normal) (G1 Evacuation Pause)
[2026-03-25T22:12:20.810+0900][226.021s][info][gc,task     ] GC(776) Using 8 workers of 10 for evacuation
[2026-03-25T22:12:20.811+0900][226.022s][info][gc,phases   ] GC(776)   Pre Evacuate Collection Set: 0.0ms
[2026-03-25T22:12:20.811+0900][226.022s][info][gc,phases   ] GC(776)   Merge Heap Roots: 0.0ms
[2026-03-25T22:12:20.811+0900][226.022s][info][gc,phases   ] GC(776)   Evacuate Collection Set: 0.5ms
[2026-03-25T22:12:20.811+0900][226.022s][info][gc,phases   ] GC(776)   Post Evacuate Collection Set: 0.1ms
[2026-03-25T22:12:20.811+0900][226.022s][info][gc,phases   ] GC(776)   Other: 0.1ms
[2026-03-25T22:12:20.811+0900][226.022s][info][gc,heap     ] GC(776) Eden regions: 16->0(16)
[2026-03-25T22:12:20.811+0900][226.022s][info][gc,heap     ] GC(776) Survivor regions: 1->1(3)
[2026-03-25T22:12:20.811+0900][226.022s][info][gc,heap     ] GC(776) Old regions: 25->25
[2026-03-25T22:12:20.811+0900][226.022s][info][gc,heap     ] GC(776) Archive regions: 2->2
[2026-03-25T22:12:20.811+0900][226.022s][info][gc,heap     ] GC(776) Humongous regions: 24->24
[2026-03-25T22:12:20.811+0900][226.022s][info][gc,metaspace] GC(776) Metaspace: 104200K(105216K)->104200K(105216K) NonClass: 88930K(89472K)->88930K(89472K) Class: 15269K(15744K)->15269K(15744K)
[2026-03-25T22:12:20.811+0900][226.022s][info][gc          ] GC(776) Pause Young (Normal) (G1 Evacuation Pause) 261M->197M(308M) 0.849ms
[2026-03-25T22:12:20.811+0900][226.022s][info][gc,cpu      ] GC(776) User=0.00s Sys=0.00s Real=0.00s
[2026-03-25T22:12:21.017+0900][226.228s][info][gc,start    ] GC(777) Pause Young (Normal) (G1 Evacuation Pause)
[2026-03-25T22:12:21.017+0900][226.228s][info][gc,task     ] GC(777) Using 8 workers of 10 for evacuation
[2026-03-25T22:12:21.017+0900][226.228s][info][gc,phases   ] GC(777)   Pre Evacuate Collection Set: 0.0ms
[2026-03-25T22:12:21.017+0900][226.228s][info][gc,phases   ] GC(777)   Merge Heap Roots: 0.0ms
[2026-03-25T22:12:21.017+0900][226.228s][info][gc,phases   ] GC(777)   Evacuate Collection Set: 0.4ms
[2026-03-25T22:12:21.017+0900][226.228s][info][gc,phases   ] GC(777)   Post Evacuate Collection Set: 0.1ms
[2026-03-25T22:12:21.017+0900][226.228s][info][gc,phases   ] GC(777)   Other: 0.1ms
[2026-03-25T22:12:21.017+0900][226.228s][info][gc,heap     ] GC(777) Eden regions: 16->0(16)
[2026-03-25T22:12:21.018+0900][226.228s][info][gc,heap     ] GC(777) Survivor regions: 1->1(3)
[2026-03-25T22:12:21.018+0900][226.228s][info][gc,heap     ] GC(777) Old regions: 25->25
[2026-03-25T22:12:21.018+0900][226.228s][info][gc,heap     ] GC(777) Archive regions: 2->2
[2026-03-25T22:12:21.018+0900][226.228s][info][gc,heap     ] GC(777) Humongous regions: 24->24
[2026-03-25T22:12:21.018+0900][226.228s][info][gc,metaspace] GC(777) Metaspace: 104200K(105216K)->104200K(105216K) NonClass: 88930K(89472K)->88930K(89472K) Class: 15269K(15744K)->15269K(15744K)
[2026-03-25T22:12:21.018+0900][226.228s][info][gc          ] GC(777) Pause Young (Normal) (G1 Evacuation Pause) 261M->197M(308M) 0.783ms
[2026-03-25T22:12:21.018+0900][226.228s][info][gc,cpu      ] GC(777) User=0.01s Sys=0.00s Real=0.00s
[2026-03-25T22:12:21.331+0900][226.542s][info][gc,start    ] GC(778) Pause Young (Normal) (G1 Evacuation Pause)
[2026-03-25T22:12:21.331+0900][226.542s][info][gc,task     ] GC(778) Using 8 workers of 10 for evacuation
[2026-03-25T22:12:21.332+0900][226.543s][info][gc,phases   ] GC(778)   Pre Evacuate Collection Set: 0.0ms
[2026-03-25T22:12:21.332+0900][226.543s][info][gc,phases   ] GC(778)   Merge Heap Roots: 0.0ms
[2026-03-25T22:12:21.332+0900][226.543s][info][gc,phases   ] GC(778)   Evacuate Collection Set: 0.5ms
[2026-03-25T22:12:21.332+0900][226.543s][info][gc,phases   ] GC(778)   Post Evacuate Collection Set: 0.1ms
[2026-03-25T22:12:21.332+0900][226.543s][info][gc,phases   ] GC(778)   Other: 0.1ms
[2026-03-25T22:12:21.332+0900][226.543s][info][gc,heap     ] GC(778) Eden regions: 16->0(16)
[2026-03-25T22:12:21.332+0900][226.543s][info][gc,heap     ] GC(778) Survivor regions: 1->1(3)
[2026-03-25T22:12:21.332+0900][226.543s][info][gc,heap     ] GC(778) Old regions: 25->25
[2026-03-25T22:12:21.332+0900][226.543s][info][gc,heap     ] GC(778) Archive regions: 2->2
[2026-03-25T22:12:21.332+0900][226.543s][info][gc,heap     ] GC(778) Humongous regions: 24->24
[2026-03-25T22:12:21.332+0900][226.543s][info][gc,metaspace] GC(778) Metaspace: 104200K(105216K)->104200K(105216K) NonClass: 88930K(89472K)->88930K(89472K) Class: 15269K(15744K)->15269K(15744K)
[2026-03-25T22:12:21.332+0900][226.543s][info][gc          ] GC(778) Pause Young (Normal) (G1 Evacuation Pause) 261M->198M(308M) 0.857ms
[2026-03-25T22:12:21.332+0900][226.543s][info][gc,cpu      ] GC(778) User=0.00s Sys=0.00s Real=0.00s
[2026-03-25T22:12:21.523+0900][226.734s][info][gc,start    ] GC(779) Pause Young (Normal) (G1 Evacuation Pause)
[2026-03-25T22:12:21.523+0900][226.734s][info][gc,task     ] GC(779) Using 8 workers of 10 for evacuation
[2026-03-25T22:12:21.524+0900][226.734s][info][gc,phases   ] GC(779)   Pre Evacuate Collection Set: 0.0ms
[2026-03-25T22:12:21.524+0900][226.734s][info][gc,phases   ] GC(779)   Merge Heap Roots: 0.0ms
[2026-03-25T22:12:21.524+0900][226.734s][info][gc,phases   ] GC(779)   Evacuate Collection Set: 0.5ms
[2026-03-25T22:12:21.524+0900][226.734s][info][gc,phases   ] GC(779)   Post Evacuate Collection Set: 0.1ms
[2026-03-25T22:12:21.524+0900][226.734s][info][gc,phases   ] GC(779)   Other: 0.1ms
[2026-03-25T22:12:21.524+0900][226.734s][info][gc,heap     ] GC(779) Eden regions: 16->0(16)
[2026-03-25T22:12:21.524+0900][226.734s][info][gc,heap     ] GC(779) Survivor regions: 1->1(3)
[2026-03-25T22:12:21.524+0900][226.734s][info][gc,heap     ] GC(779) Old regions: 25->25
[2026-03-25T22:12:21.524+0900][226.734s][info][gc,heap     ] GC(779) Archive regions: 2->2
[2026-03-25T22:12:21.524+0900][226.734s][info][gc,heap     ] GC(779) Humongous regions: 24->24
[2026-03-25T22:12:21.524+0900][226.734s][info][gc,metaspace] GC(779) Metaspace: 104200K(105216K)->104200K(105216K) NonClass: 88930K(89472K)->88930K(89472K) Class: 15269K(15744K)->15269K(15744K)
[2026-03-25T22:12:21.524+0900][226.734s][info][gc          ] GC(779) Pause Young (Normal) (G1 Evacuation Pause) 262M->198M(308M) 0.855ms
[2026-03-25T22:12:21.524+0900][226.734s][info][gc,cpu      ] GC(779) User=0.00s Sys=0.00s Real=0.00s
[2026-03-25T22:12:21.813+0900][227.024s][info][gc,start    ] GC(780) Pause Young (Normal) (G1 Evacuation Pause)
[2026-03-25T22:12:21.813+0900][227.024s][info][gc,task     ] GC(780) Using 8 workers of 10 for evacuation
[2026-03-25T22:12:21.813+0900][227.024s][info][gc,phases   ] GC(780)   Pre Evacuate Collection Set: 0.0ms
[2026-03-25T22:12:21.814+0900][227.024s][info][gc,phases   ] GC(780)   Merge Heap Roots: 0.0ms
[2026-03-25T22:12:21.814+0900][227.024s][info][gc,phases   ] GC(780)   Evacuate Collection Set: 0.5ms
[2026-03-25T22:12:21.814+0900][227.024s][info][gc,phases   ] GC(780)   Post Evacuate Collection Set: 0.1ms
[2026-03-25T22:12:21.814+0900][227.024s][info][gc,phases   ] GC(780)   Other: 0.1ms
[2026-03-25T22:12:21.814+0900][227.024s][info][gc,heap     ] GC(780) Eden regions: 16->0(16)
[2026-03-25T22:12:21.814+0900][227.024s][info][gc,heap     ] GC(780) Survivor regions: 1->1(3)
[2026-03-25T22:12:21.814+0900][227.024s][info][gc,heap     ] GC(780) Old regions: 25->25
[2026-03-25T22:12:21.814+0900][227.024s][info][gc,heap     ] GC(780) Archive regions: 2->2
[2026-03-25T22:12:21.814+0900][227.024s][info][gc,heap     ] GC(780) Humongous regions: 24->24
[2026-03-25T22:12:21.814+0900][227.024s][info][gc,metaspace] GC(780) Metaspace: 104200K(105216K)->104200K(105216K) NonClass: 88930K(89472K)->88930K(89472K) Class: 15269K(15744K)->15269K(15744K)
[2026-03-25T22:12:21.814+0900][227.024s][info][gc          ] GC(780) Pause Young (Normal) (G1 Evacuation Pause) 262M->198M(308M) 0.852ms
[2026-03-25T22:12:21.814+0900][227.024s][info][gc,cpu      ] GC(780) User=0.00s Sys=0.00s Real=0.00s
[2026-03-25T22:12:22.165+0900][227.376s][info][gc,start    ] GC(781) Pause Young (Normal) (G1 Evacuation Pause)
[2026-03-25T22:12:22.165+0900][227.376s][info][gc,task     ] GC(781) Using 8 workers of 10 for evacuation
[2026-03-25T22:12:22.166+0900][227.377s][info][gc,phases   ] GC(781)   Pre Evacuate Collection Set: 0.0ms
[2026-03-25T22:12:22.166+0900][227.377s][info][gc,phases   ] GC(781)   Merge Heap Roots: 0.0ms
[2026-03-25T22:12:22.166+0900][227.377s][info][gc,phases   ] GC(781)   Evacuate Collection Set: 0.5ms
[2026-03-25T22:12:22.166+0900][227.377s][info][gc,phases   ] GC(781)   Post Evacuate Collection Set: 0.1ms
[2026-03-25T22:12:22.166+0900][227.377s][info][gc,phases   ] GC(781)   Other: 0.1ms
[2026-03-25T22:12:22.166+0900][227.377s][info][gc,heap     ] GC(781) Eden regions: 16->0(16)
[2026-03-25T22:12:22.166+0900][227.377s][info][gc,heap     ] GC(781) Survivor regions: 1->1(3)
[2026-03-25T22:12:22.166+0900][227.377s][info][gc,heap     ] GC(781) Old regions: 25->25
[2026-03-25T22:12:22.166+0900][227.377s][info][gc,heap     ] GC(781) Archive regions: 2->2
[2026-03-25T22:12:22.166+0900][227.377s][info][gc,heap     ] GC(781) Humongous regions: 24->24
[2026-03-25T22:12:22.166+0900][227.377s][info][gc,metaspace] GC(781) Metaspace: 104200K(105216K)->104200K(105216K) NonClass: 88930K(89472K)->88930K(89472K) Class: 15269K(15744K)->15269K(15744K)
[2026-03-25T22:12:22.166+0900][227.377s][info][gc          ] GC(781) Pause Young (Normal) (G1 Evacuation Pause) 262M->198M(308M) 0.906ms
[2026-03-25T22:12:22.166+0900][227.377s][info][gc,cpu      ] GC(781) User=0.01s Sys=0.00s Real=0.00s
[2026-03-25T22:12:22.462+0900][227.672s][info][gc,start    ] GC(782) Pause Young (Normal) (G1 Evacuation Pause)
[2026-03-25T22:12:22.462+0900][227.673s][info][gc,task     ] GC(782) Using 8 workers of 10 for evacuation
[2026-03-25T22:12:22.462+0900][227.673s][info][gc,phases   ] GC(782)   Pre Evacuate Collection Set: 0.0ms
[2026-03-25T22:12:22.462+0900][227.673s][info][gc,phases   ] GC(782)   Merge Heap Roots: 0.0ms
[2026-03-25T22:12:22.462+0900][227.673s][info][gc,phases   ] GC(782)   Evacuate Collection Set: 0.5ms
[2026-03-25T22:12:22.462+0900][227.673s][info][gc,phases   ] GC(782)   Post Evacuate Collection Set: 0.1ms
[2026-03-25T22:12:22.462+0900][227.673s][info][gc,phases   ] GC(782)   Other: 0.1ms
[2026-03-25T22:12:22.462+0900][227.673s][info][gc,heap     ] GC(782) Eden regions: 16->0(16)
[2026-03-25T22:12:22.462+0900][227.673s][info][gc,heap     ] GC(782) Survivor regions: 1->1(3)
[2026-03-25T22:12:22.462+0900][227.673s][info][gc,heap     ] GC(782) Old regions: 25->25
[2026-03-25T22:12:22.462+0900][227.673s][info][gc,heap     ] GC(782) Archive regions: 2->2
[2026-03-25T22:12:22.462+0900][227.673s][info][gc,heap     ] GC(782) Humongous regions: 24->24
[2026-03-25T22:12:22.462+0900][227.673s][info][gc,metaspace] GC(782) Metaspace: 104200K(105216K)->104200K(105216K) NonClass: 88930K(89472K)->88930K(89472K) Class: 15269K(15744K)->15269K(15744K)
[2026-03-25T22:12:22.462+0900][227.673s][info][gc          ] GC(782) Pause Young (Normal) (G1 Evacuation Pause) 262M->198M(308M) 0.823ms
[2026-03-25T22:12:22.462+0900][227.673s][info][gc,cpu      ] GC(782) User=0.00s Sys=0.00s Real=0.00s
[2026-03-25T22:12:22.691+0900][227.901s][info][gc,start    ] GC(783) Pause Young (Normal) (G1 Evacuation Pause)
[2026-03-25T22:12:22.691+0900][227.902s][info][gc,task     ] GC(783) Using 8 workers of 10 for evacuation
[2026-03-25T22:12:22.691+0900][227.902s][info][gc,phases   ] GC(783)   Pre Evacuate Collection Set: 0.0ms
[2026-03-25T22:12:22.691+0900][227.902s][info][gc,phases   ] GC(783)   Merge Heap Roots: 0.0ms
[2026-03-25T22:12:22.691+0900][227.902s][info][gc,phases   ] GC(783)   Evacuate Collection Set: 0.5ms
[2026-03-25T22:12:22.691+0900][227.902s][info][gc,phases   ] GC(783)   Post Evacuate Collection Set: 0.1ms
[2026-03-25T22:12:22.691+0900][227.902s][info][gc,phases   ] GC(783)   Other: 0.1ms
[2026-03-25T22:12:22.691+0900][227.902s][info][gc,heap     ] GC(783) Eden regions: 16->0(16)
[2026-03-25T22:12:22.691+0900][227.902s][info][gc,heap     ] GC(783) Survivor regions: 1->1(3)
[2026-03-25T22:12:22.691+0900][227.902s][info][gc,heap     ] GC(783) Old regions: 25->25
[2026-03-25T22:12:22.691+0900][227.902s][info][gc,heap     ] GC(783) Archive regions: 2->2
[2026-03-25T22:12:22.691+0900][227.902s][info][gc,heap     ] GC(783) Humongous regions: 24->24
[2026-03-25T22:12:22.691+0900][227.902s][info][gc,metaspace] GC(783) Metaspace: 104200K(105216K)->104200K(105216K) NonClass: 88930K(89472K)->88930K(89472K) Class: 15269K(15744K)->15269K(15744K)
[2026-03-25T22:12:22.691+0900][227.902s][info][gc          ] GC(783) Pause Young (Normal) (G1 Evacuation Pause) 262M->198M(308M) 0.860ms
[2026-03-25T22:12:22.691+0900][227.902s][info][gc,cpu      ] GC(783) User=0.00s Sys=0.00s Real=0.00s
[2026-03-25T22:12:22.991+0900][228.202s][info][gc,start    ] GC(784) Pause Young (Normal) (G1 Evacuation Pause)
[2026-03-25T22:12:22.992+0900][228.202s][info][gc,task     ] GC(784) Using 8 workers of 10 for evacuation
[2026-03-25T22:12:22.992+0900][228.203s][info][gc,phases   ] GC(784)   Pre Evacuate Collection Set: 0.0ms
[2026-03-25T22:12:22.992+0900][228.203s][info][gc,phases   ] GC(784)   Merge Heap Roots: 0.0ms
[2026-03-25T22:12:22.992+0900][228.203s][info][gc,phases   ] GC(784)   Evacuate Collection Set: 0.6ms
[2026-03-25T22:12:22.992+0900][228.203s][info][gc,phases   ] GC(784)   Post Evacuate Collection Set: 0.2ms
[2026-03-25T22:12:22.992+0900][228.203s][info][gc,phases   ] GC(784)   Other: 0.1ms
[2026-03-25T22:12:22.992+0900][228.203s][info][gc,heap     ] GC(784) Eden regions: 16->0(16)
[2026-03-25T22:12:22.992+0900][228.203s][info][gc,heap     ] GC(784) Survivor regions: 1->1(3)
[2026-03-25T22:12:22.992+0900][228.203s][info][gc,heap     ] GC(784) Old regions: 25->25
[2026-03-25T22:12:22.992+0900][228.203s][info][gc,heap     ] GC(784) Archive regions: 2->2
[2026-03-25T22:12:22.992+0900][228.203s][info][gc,heap     ] GC(784) Humongous regions: 24->24
[2026-03-25T22:12:22.992+0900][228.203s][info][gc,metaspace] GC(784) Metaspace: 104200K(105216K)->104200K(105216K) NonClass: 88930K(89472K)->88930K(89472K) Class: 15269K(15744K)->15269K(15744K)
[2026-03-25T22:12:22.992+0900][228.203s][info][gc          ] GC(784) Pause Young (Normal) (G1 Evacuation Pause) 262M->198M(308M) 0.932ms
[2026-03-25T22:12:22.992+0900][228.203s][info][gc,cpu      ] GC(784) User=0.01s Sys=0.00s Real=0.00s
[2026-03-25T22:12:23.251+0900][228.462s][info][gc,start    ] GC(785) Pause Young (Normal) (G1 Evacuation Pause)
[2026-03-25T22:12:23.251+0900][228.462s][info][gc,task     ] GC(785) Using 8 workers of 10 for evacuation
[2026-03-25T22:12:23.252+0900][228.463s][info][gc,phases   ] GC(785)   Pre Evacuate Collection Set: 0.0ms
[2026-03-25T22:12:23.252+0900][228.463s][info][gc,phases   ] GC(785)   Merge Heap Roots: 0.0ms
[2026-03-25T22:12:23.252+0900][228.463s][info][gc,phases   ] GC(785)   Evacuate Collection Set: 0.6ms
[2026-03-25T22:12:23.252+0900][228.463s][info][gc,phases   ] GC(785)   Post Evacuate Collection Set: 0.2ms
[2026-03-25T22:12:23.252+0900][228.463s][info][gc,phases   ] GC(785)   Other: 0.1ms
[2026-03-25T22:12:23.252+0900][228.463s][info][gc,heap     ] GC(785) Eden regions: 16->0(16)
[2026-03-25T22:12:23.252+0900][228.463s][info][gc,heap     ] GC(785) Survivor regions: 1->1(3)
[2026-03-25T22:12:23.252+0900][228.463s][info][gc,heap     ] GC(785) Old regions: 25->25
[2026-03-25T22:12:23.252+0900][228.463s][info][gc,heap     ] GC(785) Archive regions: 2->2
[2026-03-25T22:12:23.252+0900][228.463s][info][gc,heap     ] GC(785) Humongous regions: 24->24
[2026-03-25T22:12:23.252+0900][228.463s][info][gc,metaspace] GC(785) Metaspace: 104200K(105216K)->104200K(105216K) NonClass: 88930K(89472K)->88930K(89472K) Class: 15269K(15744K)->15269K(15744K)
[2026-03-25T22:12:23.252+0900][228.463s][info][gc          ] GC(785) Pause Young (Normal) (G1 Evacuation Pause) 262M->198M(308M) 0.975ms
[2026-03-25T22:12:23.252+0900][228.463s][info][gc,cpu      ] GC(785) User=0.00s Sys=0.00s Real=0.00s
[2026-03-25T22:12:23.533+0900][228.743s][info][gc,start    ] GC(786) Pause Young (Normal) (G1 Evacuation Pause)
[2026-03-25T22:12:23.533+0900][228.743s][info][gc,task     ] GC(786) Using 8 workers of 10 for evacuation
[2026-03-25T22:12:23.533+0900][228.744s][info][gc,phases   ] GC(786)   Pre Evacuate Collection Set: 0.0ms
[2026-03-25T22:12:23.533+0900][228.744s][info][gc,phases   ] GC(786)   Merge Heap Roots: 0.0ms
[2026-03-25T22:12:23.533+0900][228.744s][info][gc,phases   ] GC(786)   Evacuate Collection Set: 0.5ms
[2026-03-25T22:12:23.533+0900][228.744s][info][gc,phases   ] GC(786)   Post Evacuate Collection Set: 0.1ms
[2026-03-25T22:12:23.533+0900][228.744s][info][gc,phases   ] GC(786)   Other: 0.1ms
[2026-03-25T22:12:23.533+0900][228.744s][info][gc,heap     ] GC(786) Eden regions: 16->0(16)
[2026-03-25T22:12:23.533+0900][228.744s][info][gc,heap     ] GC(786) Survivor regions: 1->1(3)
[2026-03-25T22:12:23.533+0900][228.744s][info][gc,heap     ] GC(786) Old regions: 25->25
[2026-03-25T22:12:23.533+0900][228.744s][info][gc,heap     ] GC(786) Archive regions: 2->2
[2026-03-25T22:12:23.533+0900][228.744s][info][gc,heap     ] GC(786) Humongous regions: 24->24
[2026-03-25T22:12:23.533+0900][228.744s][info][gc,metaspace] GC(786) Metaspace: 104200K(105216K)->104200K(105216K) NonClass: 88930K(89472K)->88930K(89472K) Class: 15269K(15744K)->15269K(15744K)
[2026-03-25T22:12:23.533+0900][228.744s][info][gc          ] GC(786) Pause Young (Normal) (G1 Evacuation Pause) 262M->198M(308M) 0.851ms
[2026-03-25T22:12:23.533+0900][228.744s][info][gc,cpu      ] GC(786) User=0.01s Sys=0.00s Real=0.00s
[2026-03-25T22:12:23.802+0900][229.012s][info][gc,start    ] GC(787) Pause Young (Normal) (G1 Evacuation Pause)
[2026-03-25T22:12:23.802+0900][229.012s][info][gc,task     ] GC(787) Using 8 workers of 10 for evacuation
[2026-03-25T22:12:23.802+0900][229.013s][info][gc,phases   ] GC(787)   Pre Evacuate Collection Set: 0.0ms
[2026-03-25T22:12:23.802+0900][229.013s][info][gc,phases   ] GC(787)   Merge Heap Roots: 0.0ms
[2026-03-25T22:12:23.802+0900][229.013s][info][gc,phases   ] GC(787)   Evacuate Collection Set: 0.5ms
[2026-03-25T22:12:23.802+0900][229.013s][info][gc,phases   ] GC(787)   Post Evacuate Collection Set: 0.2ms
[2026-03-25T22:12:23.802+0900][229.013s][info][gc,phases   ] GC(787)   Other: 0.1ms
[2026-03-25T22:12:23.802+0900][229.013s][info][gc,heap     ] GC(787) Eden regions: 16->0(16)
[2026-03-25T22:12:23.802+0900][229.013s][info][gc,heap     ] GC(787) Survivor regions: 1->1(3)
[2026-03-25T22:12:23.802+0900][229.013s][info][gc,heap     ] GC(787) Old regions: 25->25
[2026-03-25T22:12:23.802+0900][229.013s][info][gc,heap     ] GC(787) Archive regions: 2->2
[2026-03-25T22:12:23.802+0900][229.013s][info][gc,heap     ] GC(787) Humongous regions: 24->24
[2026-03-25T22:12:23.802+0900][229.013s][info][gc,metaspace] GC(787) Metaspace: 104200K(105216K)->104200K(105216K) NonClass: 88930K(89472K)->88930K(89472K) Class: 15269K(15744K)->15269K(15744K)
[2026-03-25T22:12:23.802+0900][229.013s][info][gc          ] GC(787) Pause Young (Normal) (G1 Evacuation Pause) 262M->198M(308M) 0.852ms
[2026-03-25T22:12:23.802+0900][229.013s][info][gc,cpu      ] GC(787) User=0.00s Sys=0.00s Real=0.00s
[2026-03-25T22:12:24.065+0900][229.275s][info][gc,start    ] GC(788) Pause Young (Normal) (G1 Evacuation Pause)
[2026-03-25T22:12:24.065+0900][229.276s][info][gc,task     ] GC(788) Using 8 workers of 10 for evacuation
[2026-03-25T22:12:24.065+0900][229.276s][info][gc,phases   ] GC(788)   Pre Evacuate Collection Set: 0.0ms
[2026-03-25T22:12:24.065+0900][229.276s][info][gc,phases   ] GC(788)   Merge Heap Roots: 0.0ms
[2026-03-25T22:12:24.065+0900][229.276s][info][gc,phases   ] GC(788)   Evacuate Collection Set: 0.5ms
[2026-03-25T22:12:24.065+0900][229.276s][info][gc,phases   ] GC(788)   Post Evacuate Collection Set: 0.1ms
[2026-03-25T22:12:24.065+0900][229.276s][info][gc,phases   ] GC(788)   Other: 0.1ms
[2026-03-25T22:12:24.065+0900][229.276s][info][gc,heap     ] GC(788) Eden regions: 16->0(16)
[2026-03-25T22:12:24.065+0900][229.276s][info][gc,heap     ] GC(788) Survivor regions: 1->1(3)
[2026-03-25T22:12:24.065+0900][229.276s][info][gc,heap     ] GC(788) Old regions: 25->25
[2026-03-25T22:12:24.065+0900][229.276s][info][gc,heap     ] GC(788) Archive regions: 2->2
[2026-03-25T22:12:24.065+0900][229.276s][info][gc,heap     ] GC(788) Humongous regions: 24->24
[2026-03-25T22:12:24.065+0900][229.276s][info][gc,metaspace] GC(788) Metaspace: 104200K(105216K)->104200K(105216K) NonClass: 88930K(89472K)->88930K(89472K) Class: 15269K(15744K)->15269K(15744K)
[2026-03-25T22:12:24.065+0900][229.276s][info][gc          ] GC(788) Pause Young (Normal) (G1 Evacuation Pause) 262M->198M(308M) 0.834ms
[2026-03-25T22:12:24.065+0900][229.276s][info][gc,cpu      ] GC(788) User=0.01s Sys=0.00s Real=0.00s
[2026-03-25T22:12:24.339+0900][229.550s][info][gc,start    ] GC(789) Pause Young (Normal) (G1 Evacuation Pause)
[2026-03-25T22:12:24.339+0900][229.550s][info][gc,task     ] GC(789) Using 8 workers of 10 for evacuation
[2026-03-25T22:12:24.340+0900][229.550s][info][gc,phases   ] GC(789)   Pre Evacuate Collection Set: 0.0ms
[2026-03-25T22:12:24.340+0900][229.550s][info][gc,phases   ] GC(789)   Merge Heap Roots: 0.0ms
[2026-03-25T22:12:24.340+0900][229.550s][info][gc,phases   ] GC(789)   Evacuate Collection Set: 0.5ms
[2026-03-25T22:12:24.340+0900][229.550s][info][gc,phases   ] GC(789)   Post Evacuate Collection Set: 0.2ms
[2026-03-25T22:12:24.340+0900][229.550s][info][gc,phases   ] GC(789)   Other: 0.1ms
[2026-03-25T22:12:24.340+0900][229.550s][info][gc,heap     ] GC(789) Eden regions: 16->0(16)
[2026-03-25T22:12:24.340+0900][229.550s][info][gc,heap     ] GC(789) Survivor regions: 1->1(3)
[2026-03-25T22:12:24.340+0900][229.550s][info][gc,heap     ] GC(789) Old regions: 25->25
[2026-03-25T22:12:24.340+0900][229.550s][info][gc,heap     ] GC(789) Archive regions: 2->2
[2026-03-25T22:12:24.340+0900][229.550s][info][gc,heap     ] GC(789) Humongous regions: 24->24
[2026-03-25T22:12:24.340+0900][229.550s][info][gc,metaspace] GC(789) Metaspace: 104200K(105216K)->104200K(105216K) NonClass: 88930K(89472K)->88930K(89472K) Class: 15269K(15744K)->15269K(15744K)
[2026-03-25T22:12:24.340+0900][229.550s][info][gc          ] GC(789) Pause Young (Normal) (G1 Evacuation Pause) 262M->198M(308M) 0.839ms
[2026-03-25T22:12:24.340+0900][229.550s][info][gc,cpu      ] GC(789) User=0.01s Sys=0.00s Real=0.01s
[2026-03-25T22:12:24.627+0900][229.838s][info][gc,start    ] GC(790) Pause Young (Normal) (G1 Evacuation Pause)
[2026-03-25T22:12:24.627+0900][229.838s][info][gc,task     ] GC(790) Using 8 workers of 10 for evacuation
[2026-03-25T22:12:24.628+0900][229.839s][info][gc,phases   ] GC(790)   Pre Evacuate Collection Set: 0.0ms
[2026-03-25T22:12:24.628+0900][229.839s][info][gc,phases   ] GC(790)   Merge Heap Roots: 0.0ms
[2026-03-25T22:12:24.628+0900][229.839s][info][gc,phases   ] GC(790)   Evacuate Collection Set: 0.6ms
[2026-03-25T22:12:24.628+0900][229.839s][info][gc,phases   ] GC(790)   Post Evacuate Collection Set: 0.2ms
[2026-03-25T22:12:24.628+0900][229.839s][info][gc,phases   ] GC(790)   Other: 0.1ms
[2026-03-25T22:12:24.628+0900][229.839s][info][gc,heap     ] GC(790) Eden regions: 16->0(16)
[2026-03-25T22:12:24.628+0900][229.839s][info][gc,heap     ] GC(790) Survivor regions: 1->1(3)
[2026-03-25T22:12:24.628+0900][229.839s][info][gc,heap     ] GC(790) Old regions: 25->25
[2026-03-25T22:12:24.628+0900][229.839s][info][gc,heap     ] GC(790) Archive regions: 2->2
[2026-03-25T22:12:24.628+0900][229.839s][info][gc,heap     ] GC(790) Humongous regions: 24->24
[2026-03-25T22:12:24.628+0900][229.839s][info][gc,metaspace] GC(790) Metaspace: 104200K(105216K)->104200K(105216K) NonClass: 88930K(89472K)->88930K(89472K) Class: 15269K(15744K)->15269K(15744K)
[2026-03-25T22:12:24.628+0900][229.839s][info][gc          ] GC(790) Pause Young (Normal) (G1 Evacuation Pause) 262M->199M(308M) 0.941ms
[2026-03-25T22:12:24.628+0900][229.839s][info][gc,cpu      ] GC(790) User=0.00s Sys=0.00s Real=0.00s
[2026-03-25T22:12:24.881+0900][230.091s][info][gc,start    ] GC(791) Pause Young (Normal) (G1 Evacuation Pause)
[2026-03-25T22:12:24.881+0900][230.092s][info][gc,task     ] GC(791) Using 8 workers of 10 for evacuation
[2026-03-25T22:12:24.881+0900][230.092s][info][gc,phases   ] GC(791)   Pre Evacuate Collection Set: 0.0ms
[2026-03-25T22:12:24.881+0900][230.092s][info][gc,phases   ] GC(791)   Merge Heap Roots: 0.0ms
[2026-03-25T22:12:24.881+0900][230.092s][info][gc,phases   ] GC(791)   Evacuate Collection Set: 0.5ms
[2026-03-25T22:12:24.881+0900][230.092s][info][gc,phases   ] GC(791)   Post Evacuate Collection Set: 0.2ms
[2026-03-25T22:12:24.881+0900][230.092s][info][gc,phases   ] GC(791)   Other: 0.1ms
[2026-03-25T22:12:24.881+0900][230.092s][info][gc,heap     ] GC(791) Eden regions: 16->0(16)
[2026-03-25T22:12:24.881+0900][230.092s][info][gc,heap     ] GC(791) Survivor regions: 1->1(3)
[2026-03-25T22:12:24.881+0900][230.092s][info][gc,heap     ] GC(791) Old regions: 25->25
[2026-03-25T22:12:24.881+0900][230.092s][info][gc,heap     ] GC(791) Archive regions: 2->2
[2026-03-25T22:12:24.881+0900][230.092s][info][gc,heap     ] GC(791) Humongous regions: 24->24
[2026-03-25T22:12:24.881+0900][230.092s][info][gc,metaspace] GC(791) Metaspace: 104200K(105216K)->104200K(105216K) NonClass: 88930K(89472K)->88930K(89472K) Class: 15269K(15744K)->15269K(15744K)
[2026-03-25T22:12:24.882+0900][230.092s][info][gc          ] GC(791) Pause Young (Normal) (G1 Evacuation Pause) 263M->198M(308M) 0.901ms
[2026-03-25T22:12:24.882+0900][230.092s][info][gc,cpu      ] GC(791) User=0.00s Sys=0.00s Real=0.00s
[2026-03-25T22:12:25.135+0900][230.346s][info][gc,start    ] GC(792) Pause Young (Normal) (G1 Evacuation Pause)
[2026-03-25T22:12:25.135+0900][230.346s][info][gc,task     ] GC(792) Using 8 workers of 10 for evacuation
[2026-03-25T22:12:25.136+0900][230.347s][info][gc,phases   ] GC(792)   Pre Evacuate Collection Set: 0.1ms
[2026-03-25T22:12:25.136+0900][230.347s][info][gc,phases   ] GC(792)   Merge Heap Roots: 0.1ms
[2026-03-25T22:12:25.136+0900][230.347s][info][gc,phases   ] GC(792)   Evacuate Collection Set: 0.7ms
[2026-03-25T22:12:25.136+0900][230.347s][info][gc,phases   ] GC(792)   Post Evacuate Collection Set: 0.2ms
[2026-03-25T22:12:25.136+0900][230.347s][info][gc,phases   ] GC(792)   Other: 0.1ms
[2026-03-25T22:12:25.136+0900][230.347s][info][gc,heap     ] GC(792) Eden regions: 16->0(16)
[2026-03-25T22:12:25.136+0900][230.347s][info][gc,heap     ] GC(792) Survivor regions: 1->1(3)
[2026-03-25T22:12:25.136+0900][230.347s][info][gc,heap     ] GC(792) Old regions: 25->25
[2026-03-25T22:12:25.136+0900][230.347s][info][gc,heap     ] GC(792) Archive regions: 2->2
[2026-03-25T22:12:25.136+0900][230.347s][info][gc,heap     ] GC(792) Humongous regions: 24->24
[2026-03-25T22:12:25.136+0900][230.347s][info][gc,metaspace] GC(792) Metaspace: 104200K(105216K)->104200K(105216K) NonClass: 88930K(89472K)->88930K(89472K) Class: 15269K(15744K)->15269K(15744K)
[2026-03-25T22:12:25.136+0900][230.347s][info][gc          ] GC(792) Pause Young (Normal) (G1 Evacuation Pause) 262M->199M(308M) 1.108ms
[2026-03-25T22:12:25.136+0900][230.347s][info][gc,cpu      ] GC(792) User=0.01s Sys=0.00s Real=0.00s
[2026-03-25T22:12:25.337+0900][230.548s][info][gc,start    ] GC(793) Pause Young (Normal) (G1 Evacuation Pause)
[2026-03-25T22:12:25.337+0900][230.548s][info][gc,task     ] GC(793) Using 8 workers of 10 for evacuation
[2026-03-25T22:12:25.338+0900][230.549s][info][gc,phases   ] GC(793)   Pre Evacuate Collection Set: 0.1ms
[2026-03-25T22:12:25.338+0900][230.549s][info][gc,phases   ] GC(793)   Merge Heap Roots: 0.0ms
[2026-03-25T22:12:25.338+0900][230.549s][info][gc,phases   ] GC(793)   Evacuate Collection Set: 0.6ms
[2026-03-25T22:12:25.338+0900][230.549s][info][gc,phases   ] GC(793)   Post Evacuate Collection Set: 0.1ms
[2026-03-25T22:12:25.338+0900][230.549s][info][gc,phases   ] GC(793)   Other: 0.1ms
[2026-03-25T22:12:25.338+0900][230.549s][info][gc,heap     ] GC(793) Eden regions: 16->0(16)
[2026-03-25T22:12:25.338+0900][230.549s][info][gc,heap     ] GC(793) Survivor regions: 1->1(3)
[2026-03-25T22:12:25.338+0900][230.549s][info][gc,heap     ] GC(793) Old regions: 25->25
[2026-03-25T22:12:25.338+0900][230.549s][info][gc,heap     ] GC(793) Archive regions: 2->2
[2026-03-25T22:12:25.338+0900][230.549s][info][gc,heap     ] GC(793) Humongous regions: 24->24
[2026-03-25T22:12:25.338+0900][230.549s][info][gc,metaspace] GC(793) Metaspace: 104200K(105216K)->104200K(105216K) NonClass: 88930K(89472K)->88930K(89472K) Class: 15269K(15744K)->15269K(15744K)
[2026-03-25T22:12:25.338+0900][230.549s][info][gc          ] GC(793) Pause Young (Normal) (G1 Evacuation Pause) 263M->199M(308M) 0.917ms
[2026-03-25T22:12:25.338+0900][230.549s][info][gc,cpu      ] GC(793) User=0.00s Sys=0.00s Real=0.00s
[2026-03-25T22:12:25.624+0900][230.835s][info][gc,start    ] GC(794) Pause Young (Normal) (G1 Evacuation Pause)
[2026-03-25T22:12:25.624+0900][230.835s][info][gc,task     ] GC(794) Using 8 workers of 10 for evacuation
[2026-03-25T22:12:25.625+0900][230.836s][info][gc,phases   ] GC(794)   Pre Evacuate Collection Set: 0.1ms
[2026-03-25T22:12:25.625+0900][230.836s][info][gc,phases   ] GC(794)   Merge Heap Roots: 0.0ms
[2026-03-25T22:12:25.625+0900][230.836s][info][gc,phases   ] GC(794)   Evacuate Collection Set: 0.6ms
[2026-03-25T22:12:25.625+0900][230.836s][info][gc,phases   ] GC(794)   Post Evacuate Collection Set: 0.1ms
[2026-03-25T22:12:25.625+0900][230.836s][info][gc,phases   ] GC(794)   Other: 0.1ms
[2026-03-25T22:12:25.625+0900][230.836s][info][gc,heap     ] GC(794) Eden regions: 16->0(16)
[2026-03-25T22:12:25.625+0900][230.836s][info][gc,heap     ] GC(794) Survivor regions: 1->1(3)
[2026-03-25T22:12:25.625+0900][230.836s][info][gc,heap     ] GC(794) Old regions: 25->25
[2026-03-25T22:12:25.625+0900][230.836s][info][gc,heap     ] GC(794) Archive regions: 2->2
[2026-03-25T22:12:25.625+0900][230.836s][info][gc,heap     ] GC(794) Humongous regions: 24->24
[2026-03-25T22:12:25.625+0900][230.836s][info][gc,metaspace] GC(794) Metaspace: 104200K(105216K)->104200K(105216K) NonClass: 88930K(89472K)->88930K(89472K) Class: 15269K(15744K)->15269K(15744K)
[2026-03-25T22:12:25.625+0900][230.836s][info][gc          ] GC(794) Pause Young (Normal) (G1 Evacuation Pause) 263M->199M(308M) 0.960ms
[2026-03-25T22:12:25.625+0900][230.836s][info][gc,cpu      ] GC(794) User=0.00s Sys=0.00s Real=0.00s
[2026-03-25T22:12:25.839+0900][231.049s][info][gc,start    ] GC(795) Pause Young (Normal) (G1 Evacuation Pause)
[2026-03-25T22:12:25.839+0900][231.049s][info][gc,task     ] GC(795) Using 8 workers of 10 for evacuation
[2026-03-25T22:12:25.839+0900][231.050s][info][gc,phases   ] GC(795)   Pre Evacuate Collection Set: 0.0ms
[2026-03-25T22:12:25.839+0900][231.050s][info][gc,phases   ] GC(795)   Merge Heap Roots: 0.0ms
[2026-03-25T22:12:25.839+0900][231.050s][info][gc,phases   ] GC(795)   Evacuate Collection Set: 0.5ms
[2026-03-25T22:12:25.839+0900][231.050s][info][gc,phases   ] GC(795)   Post Evacuate Collection Set: 0.2ms
[2026-03-25T22:12:25.839+0900][231.050s][info][gc,phases   ] GC(795)   Other: 0.1ms
[2026-03-25T22:12:25.839+0900][231.050s][info][gc,heap     ] GC(795) Eden regions: 16->0(16)
[2026-03-25T22:12:25.839+0900][231.050s][info][gc,heap     ] GC(795) Survivor regions: 1->1(3)
[2026-03-25T22:12:25.839+0900][231.050s][info][gc,heap     ] GC(795) Old regions: 25->25
[2026-03-25T22:12:25.839+0900][231.050s][info][gc,heap     ] GC(795) Archive regions: 2->2
[2026-03-25T22:12:25.839+0900][231.050s][info][gc,heap     ] GC(795) Humongous regions: 24->24
[2026-03-25T22:12:25.839+0900][231.050s][info][gc,metaspace] GC(795) Metaspace: 104200K(105216K)->104200K(105216K) NonClass: 88930K(89472K)->88930K(89472K) Class: 15269K(15744K)->15269K(15744K)
[2026-03-25T22:12:25.839+0900][231.050s][info][gc          ] GC(795) Pause Young (Normal) (G1 Evacuation Pause) 263M->199M(308M) 0.839ms
[2026-03-25T22:12:25.839+0900][231.050s][info][gc,cpu      ] GC(795) User=0.00s Sys=0.00s Real=0.00s
[2026-03-25T22:12:26.124+0900][231.335s][info][gc,start    ] GC(796) Pause Young (Normal) (G1 Evacuation Pause)
[2026-03-25T22:12:26.125+0900][231.335s][info][gc,task     ] GC(796) Using 8 workers of 10 for evacuation
[2026-03-25T22:12:26.125+0900][231.336s][info][gc,phases   ] GC(796)   Pre Evacuate Collection Set: 0.0ms
[2026-03-25T22:12:26.125+0900][231.336s][info][gc,phases   ] GC(796)   Merge Heap Roots: 0.0ms
[2026-03-25T22:12:26.125+0900][231.336s][info][gc,phases   ] GC(796)   Evacuate Collection Set: 0.4ms
[2026-03-25T22:12:26.125+0900][231.336s][info][gc,phases   ] GC(796)   Post Evacuate Collection Set: 0.1ms
[2026-03-25T22:12:26.125+0900][231.336s][info][gc,phases   ] GC(796)   Other: 0.1ms
[2026-03-25T22:12:26.125+0900][231.336s][info][gc,heap     ] GC(796) Eden regions: 16->0(16)
[2026-03-25T22:12:26.125+0900][231.336s][info][gc,heap     ] GC(796) Survivor regions: 1->1(3)
[2026-03-25T22:12:26.125+0900][231.336s][info][gc,heap     ] GC(796) Old regions: 25->25
[2026-03-25T22:12:26.125+0900][231.336s][info][gc,heap     ] GC(796) Archive regions: 2->2
[2026-03-25T22:12:26.125+0900][231.336s][info][gc,heap     ] GC(796) Humongous regions: 24->24
[2026-03-25T22:12:26.125+0900][231.336s][info][gc,metaspace] GC(796) Metaspace: 104200K(105216K)->104200K(105216K) NonClass: 88930K(89472K)->88930K(89472K) Class: 15269K(15744K)->15269K(15744K)
[2026-03-25T22:12:26.125+0900][231.336s][info][gc          ] GC(796) Pause Young (Normal) (G1 Evacuation Pause) 263M->198M(308M) 0.791ms
[2026-03-25T22:12:26.125+0900][231.336s][info][gc,cpu      ] GC(796) User=0.00s Sys=0.00s Real=0.00s
[2026-03-25T22:12:26.324+0900][231.535s][info][gc,start    ] GC(797) Pause Young (Normal) (G1 Evacuation Pause)
[2026-03-25T22:12:26.324+0900][231.535s][info][gc,task     ] GC(797) Using 8 workers of 10 for evacuation
[2026-03-25T22:12:26.325+0900][231.535s][info][gc,phases   ] GC(797)   Pre Evacuate Collection Set: 0.0ms
[2026-03-25T22:12:26.325+0900][231.535s][info][gc,phases   ] GC(797)   Merge Heap Roots: 0.0ms
[2026-03-25T22:12:26.325+0900][231.536s][info][gc,phases   ] GC(797)   Evacuate Collection Set: 0.6ms
[2026-03-25T22:12:26.325+0900][231.536s][info][gc,phases   ] GC(797)   Post Evacuate Collection Set: 0.2ms
[2026-03-25T22:12:26.325+0900][231.536s][info][gc,phases   ] GC(797)   Other: 0.1ms
[2026-03-25T22:12:26.325+0900][231.536s][info][gc,heap     ] GC(797) Eden regions: 16->0(16)
[2026-03-25T22:12:26.325+0900][231.536s][info][gc,heap     ] GC(797) Survivor regions: 1->1(3)
[2026-03-25T22:12:26.325+0900][231.536s][info][gc,heap     ] GC(797) Old regions: 25->25
[2026-03-25T22:12:26.325+0900][231.536s][info][gc,heap     ] GC(797) Archive regions: 2->2
[2026-03-25T22:12:26.325+0900][231.536s][info][gc,heap     ] GC(797) Humongous regions: 24->24
[2026-03-25T22:12:26.325+0900][231.536s][info][gc,metaspace] GC(797) Metaspace: 104200K(105216K)->104200K(105216K) NonClass: 88930K(89472K)->88930K(89472K) Class: 15269K(15744K)->15269K(15744K)
[2026-03-25T22:12:26.325+0900][231.536s][info][gc          ] GC(797) Pause Young (Normal) (G1 Evacuation Pause) 262M->199M(308M) 0.989ms
[2026-03-25T22:12:26.325+0900][231.536s][info][gc,cpu      ] GC(797) User=0.01s Sys=0.00s Real=0.00s
[2026-03-25T22:12:26.510+0900][231.721s][info][gc,start    ] GC(798) Pause Young (Normal) (G1 Evacuation Pause)
[2026-03-25T22:12:26.510+0900][231.721s][info][gc,task     ] GC(798) Using 8 workers of 10 for evacuation
[2026-03-25T22:12:26.511+0900][231.722s][info][gc,phases   ] GC(798)   Pre Evacuate Collection Set: 0.0ms
[2026-03-25T22:12:26.511+0900][231.722s][info][gc,phases   ] GC(798)   Merge Heap Roots: 0.0ms
[2026-03-25T22:12:26.511+0900][231.722s][info][gc,phases   ] GC(798)   Evacuate Collection Set: 0.5ms
[2026-03-25T22:12:26.511+0900][231.722s][info][gc,phases   ] GC(798)   Post Evacuate Collection Set: 0.1ms
[2026-03-25T22:12:26.511+0900][231.722s][info][gc,phases   ] GC(798)   Other: 0.1ms
[2026-03-25T22:12:26.511+0900][231.722s][info][gc,heap     ] GC(798) Eden regions: 16->0(16)
[2026-03-25T22:12:26.511+0900][231.722s][info][gc,heap     ] GC(798) Survivor regions: 1->1(3)
[2026-03-25T22:12:26.511+0900][231.722s][info][gc,heap     ] GC(798) Old regions: 25->25
[2026-03-25T22:12:26.511+0900][231.722s][info][gc,heap     ] GC(798) Archive regions: 2->2
[2026-03-25T22:12:26.511+0900][231.722s][info][gc,heap     ] GC(798) Humongous regions: 24->24
[2026-03-25T22:12:26.511+0900][231.722s][info][gc,metaspace] GC(798) Metaspace: 104200K(105216K)->104200K(105216K) NonClass: 88930K(89472K)->88930K(89472K) Class: 15269K(15744K)->15269K(15744K)
[2026-03-25T22:12:26.511+0900][231.722s][info][gc          ] GC(798) Pause Young (Normal) (G1 Evacuation Pause) 263M->199M(308M) 0.809ms
[2026-03-25T22:12:26.511+0900][231.722s][info][gc,cpu      ] GC(798) User=0.00s Sys=0.00s Real=0.00s
[2026-03-25T22:12:26.835+0900][232.046s][info][gc,start    ] GC(799) Pause Young (Normal) (G1 Evacuation Pause)
[2026-03-25T22:12:26.835+0900][232.046s][info][gc,task     ] GC(799) Using 8 workers of 10 for evacuation
[2026-03-25T22:12:26.836+0900][232.047s][info][gc,phases   ] GC(799)   Pre Evacuate Collection Set: 0.0ms
[2026-03-25T22:12:26.836+0900][232.047s][info][gc,phases   ] GC(799)   Merge Heap Roots: 0.0ms
[2026-03-25T22:12:26.836+0900][232.047s][info][gc,phases   ] GC(799)   Evacuate Collection Set: 0.5ms
[2026-03-25T22:12:26.836+0900][232.047s][info][gc,phases   ] GC(799)   Post Evacuate Collection Set: 0.1ms
[2026-03-25T22:12:26.836+0900][232.047s][info][gc,phases   ] GC(799)   Other: 0.3ms
[2026-03-25T22:12:26.836+0900][232.047s][info][gc,heap     ] GC(799) Eden regions: 16->0(16)
[2026-03-25T22:12:26.836+0900][232.047s][info][gc,heap     ] GC(799) Survivor regions: 1->1(3)
[2026-03-25T22:12:26.836+0900][232.047s][info][gc,heap     ] GC(799) Old regions: 25->25
[2026-03-25T22:12:26.836+0900][232.047s][info][gc,heap     ] GC(799) Archive regions: 2->2
[2026-03-25T22:12:26.836+0900][232.047s][info][gc,heap     ] GC(799) Humongous regions: 24->24
[2026-03-25T22:12:26.836+0900][232.047s][info][gc,metaspace] GC(799) Metaspace: 104200K(105216K)->104200K(105216K) NonClass: 88930K(89472K)->88930K(89472K) Class: 15269K(15744K)->15269K(15744K)
[2026-03-25T22:12:26.836+0900][232.047s][info][gc          ] GC(799) Pause Young (Normal) (G1 Evacuation Pause) 263M->199M(308M) 1.065ms
[2026-03-25T22:12:26.836+0900][232.047s][info][gc,cpu      ] GC(799) User=0.01s Sys=0.00s Real=0.00s
[2026-03-25T22:12:27.113+0900][232.324s][info][gc,start    ] GC(800) Pause Young (Normal) (G1 Evacuation Pause)
[2026-03-25T22:12:27.113+0900][232.324s][info][gc,task     ] GC(800) Using 8 workers of 10 for evacuation
[2026-03-25T22:12:27.114+0900][232.325s][info][gc,phases   ] GC(800)   Pre Evacuate Collection Set: 0.0ms
[2026-03-25T22:12:27.114+0900][232.325s][info][gc,phases   ] GC(800)   Merge Heap Roots: 0.0ms
[2026-03-25T22:12:27.114+0900][232.325s][info][gc,phases   ] GC(800)   Evacuate Collection Set: 0.5ms
[2026-03-25T22:12:27.114+0900][232.325s][info][gc,phases   ] GC(800)   Post Evacuate Collection Set: 0.2ms
[2026-03-25T22:12:27.114+0900][232.325s][info][gc,phases   ] GC(800)   Other: 0.1ms
[2026-03-25T22:12:27.114+0900][232.325s][info][gc,heap     ] GC(800) Eden regions: 16->0(16)
[2026-03-25T22:12:27.114+0900][232.325s][info][gc,heap     ] GC(800) Survivor regions: 1->1(3)
[2026-03-25T22:12:27.114+0900][232.325s][info][gc,heap     ] GC(800) Old regions: 25->25
[2026-03-25T22:12:27.114+0900][232.325s][info][gc,heap     ] GC(800) Archive regions: 2->2
[2026-03-25T22:12:27.114+0900][232.325s][info][gc,heap     ] GC(800) Humongous regions: 24->24
[2026-03-25T22:12:27.114+0900][232.325s][info][gc,metaspace] GC(800) Metaspace: 104200K(105216K)->104200K(105216K) NonClass: 88930K(89472K)->88930K(89472K) Class: 15269K(15744K)->15269K(15744K)
[2026-03-25T22:12:27.114+0900][232.325s][info][gc          ] GC(800) Pause Young (Normal) (G1 Evacuation Pause) 263M->199M(308M) 0.870ms
[2026-03-25T22:12:27.114+0900][232.325s][info][gc,cpu      ] GC(800) User=0.00s Sys=0.00s Real=0.00s
[2026-03-25T22:12:27.355+0900][232.566s][info][gc,start    ] GC(801) Pause Young (Normal) (G1 Evacuation Pause)
[2026-03-25T22:12:27.355+0900][232.566s][info][gc,task     ] GC(801) Using 8 workers of 10 for evacuation
[2026-03-25T22:12:27.356+0900][232.566s][info][gc,phases   ] GC(801)   Pre Evacuate Collection Set: 0.0ms
[2026-03-25T22:12:27.356+0900][232.566s][info][gc,phases   ] GC(801)   Merge Heap Roots: 0.0ms
[2026-03-25T22:12:27.356+0900][232.566s][info][gc,phases   ] GC(801)   Evacuate Collection Set: 0.5ms
[2026-03-25T22:12:27.356+0900][232.566s][info][gc,phases   ] GC(801)   Post Evacuate Collection Set: 0.1ms
[2026-03-25T22:12:27.356+0900][232.566s][info][gc,phases   ] GC(801)   Other: 0.1ms
[2026-03-25T22:12:27.356+0900][232.566s][info][gc,heap     ] GC(801) Eden regions: 16->0(16)
[2026-03-25T22:12:27.356+0900][232.566s][info][gc,heap     ] GC(801) Survivor regions: 1->1(3)
[2026-03-25T22:12:27.356+0900][232.566s][info][gc,heap     ] GC(801) Old regions: 25->25
[2026-03-25T22:12:27.356+0900][232.566s][info][gc,heap     ] GC(801) Archive regions: 2->2
[2026-03-25T22:12:27.356+0900][232.566s][info][gc,heap     ] GC(801) Humongous regions: 24->24
[2026-03-25T22:12:27.356+0900][232.566s][info][gc,metaspace] GC(801) Metaspace: 104200K(105216K)->104200K(105216K) NonClass: 88930K(89472K)->88930K(89472K) Class: 15269K(15744K)->15269K(15744K)
[2026-03-25T22:12:27.356+0900][232.566s][info][gc          ] GC(801) Pause Young (Normal) (G1 Evacuation Pause) 263M->199M(308M) 0.852ms
[2026-03-25T22:12:27.356+0900][232.566s][info][gc,cpu      ] GC(801) User=0.01s Sys=0.00s Real=0.00s
[2026-03-25T22:12:27.654+0900][232.865s][info][gc,start    ] GC(802) Pause Young (Normal) (G1 Evacuation Pause)
[2026-03-25T22:12:27.654+0900][232.865s][info][gc,task     ] GC(802) Using 8 workers of 10 for evacuation
[2026-03-25T22:12:27.655+0900][232.866s][info][gc,phases   ] GC(802)   Pre Evacuate Collection Set: 0.0ms
[2026-03-25T22:12:27.655+0900][232.866s][info][gc,phases   ] GC(802)   Merge Heap Roots: 0.0ms
[2026-03-25T22:12:27.655+0900][232.866s][info][gc,phases   ] GC(802)   Evacuate Collection Set: 0.5ms
[2026-03-25T22:12:27.655+0900][232.866s][info][gc,phases   ] GC(802)   Post Evacuate Collection Set: 0.2ms
[2026-03-25T22:12:27.655+0900][232.866s][info][gc,phases   ] GC(802)   Other: 0.1ms
[2026-03-25T22:12:27.655+0900][232.866s][info][gc,heap     ] GC(802) Eden regions: 16->0(16)
[2026-03-25T22:12:27.655+0900][232.866s][info][gc,heap     ] GC(802) Survivor regions: 1->1(3)
[2026-03-25T22:12:27.655+0900][232.866s][info][gc,heap     ] GC(802) Old regions: 25->25
[2026-03-25T22:12:27.655+0900][232.866s][info][gc,heap     ] GC(802) Archive regions: 2->2
[2026-03-25T22:12:27.655+0900][232.866s][info][gc,heap     ] GC(802) Humongous regions: 24->24
[2026-03-25T22:12:27.655+0900][232.866s][info][gc,metaspace] GC(802) Metaspace: 104200K(105216K)->104200K(105216K) NonClass: 88930K(89472K)->88930K(89472K) Class: 15269K(15744K)->15269K(15744K)
[2026-03-25T22:12:27.655+0900][232.866s][info][gc          ] GC(802) Pause Young (Normal) (G1 Evacuation Pause) 263M->199M(308M) 0.876ms
[2026-03-25T22:12:27.655+0900][232.866s][info][gc,cpu      ] GC(802) User=0.01s Sys=0.00s Real=0.00s
[2026-03-25T22:12:27.930+0900][233.141s][info][gc,start    ] GC(803) Pause Young (Normal) (G1 Evacuation Pause)
[2026-03-25T22:12:27.930+0900][233.141s][info][gc,task     ] GC(803) Using 8 workers of 10 for evacuation
[2026-03-25T22:12:27.931+0900][233.142s][info][gc,phases   ] GC(803)   Pre Evacuate Collection Set: 0.0ms
[2026-03-25T22:12:27.931+0900][233.142s][info][gc,phases   ] GC(803)   Merge Heap Roots: 0.0ms
[2026-03-25T22:12:27.931+0900][233.142s][info][gc,phases   ] GC(803)   Evacuate Collection Set: 0.4ms
[2026-03-25T22:12:27.931+0900][233.142s][info][gc,phases   ] GC(803)   Post Evacuate Collection Set: 0.1ms
[2026-03-25T22:12:27.931+0900][233.142s][info][gc,phases   ] GC(803)   Other: 0.1ms
[2026-03-25T22:12:27.931+0900][233.142s][info][gc,heap     ] GC(803) Eden regions: 16->0(16)
[2026-03-25T22:12:27.931+0900][233.142s][info][gc,heap     ] GC(803) Survivor regions: 1->1(3)
[2026-03-25T22:12:27.931+0900][233.142s][info][gc,heap     ] GC(803) Old regions: 25->25
[2026-03-25T22:12:27.931+0900][233.142s][info][gc,heap     ] GC(803) Archive regions: 2->2
[2026-03-25T22:12:27.931+0900][233.142s][info][gc,heap     ] GC(803) Humongous regions: 24->24
[2026-03-25T22:12:27.931+0900][233.142s][info][gc,metaspace] GC(803) Metaspace: 104200K(105216K)->104200K(105216K) NonClass: 88930K(89472K)->88930K(89472K) Class: 15269K(15744K)->15269K(15744K)
[2026-03-25T22:12:27.931+0900][233.142s][info][gc          ] GC(803) Pause Young (Normal) (G1 Evacuation Pause) 263M->199M(308M) 0.819ms
[2026-03-25T22:12:27.931+0900][233.142s][info][gc,cpu      ] GC(803) User=0.00s Sys=0.00s Real=0.00s
[2026-03-25T22:12:28.158+0900][233.369s][info][gc,start    ] GC(804) Pause Young (Normal) (G1 Evacuation Pause)
[2026-03-25T22:12:28.158+0900][233.369s][info][gc,task     ] GC(804) Using 8 workers of 10 for evacuation
[2026-03-25T22:12:28.159+0900][233.369s][info][gc,phases   ] GC(804)   Pre Evacuate Collection Set: 0.1ms
[2026-03-25T22:12:28.159+0900][233.369s][info][gc,phases   ] GC(804)   Merge Heap Roots: 0.1ms
[2026-03-25T22:12:28.159+0900][233.369s][info][gc,phases   ] GC(804)   Evacuate Collection Set: 0.4ms
[2026-03-25T22:12:28.159+0900][233.369s][info][gc,phases   ] GC(804)   Post Evacuate Collection Set: 0.1ms
[2026-03-25T22:12:28.159+0900][233.369s][info][gc,phases   ] GC(804)   Other: 0.1ms
[2026-03-25T22:12:28.159+0900][233.369s][info][gc,heap     ] GC(804) Eden regions: 16->0(16)
[2026-03-25T22:12:28.159+0900][233.369s][info][gc,heap     ] GC(804) Survivor regions: 1->1(3)
[2026-03-25T22:12:28.159+0900][233.369s][info][gc,heap     ] GC(804) Old regions: 25->25
[2026-03-25T22:12:28.159+0900][233.369s][info][gc,heap     ] GC(804) Archive regions: 2->2
[2026-03-25T22:12:28.159+0900][233.369s][info][gc,heap     ] GC(804) Humongous regions: 24->24
[2026-03-25T22:12:28.159+0900][233.369s][info][gc,metaspace] GC(804) Metaspace: 104200K(105216K)->104200K(105216K) NonClass: 88930K(89472K)->88930K(89472K) Class: 15269K(15744K)->15269K(15744K)
[2026-03-25T22:12:28.159+0900][233.369s][info][gc          ] GC(804) Pause Young (Normal) (G1 Evacuation Pause) 263M->199M(308M) 0.837ms
[2026-03-25T22:12:28.159+0900][233.369s][info][gc,cpu      ] GC(804) User=0.00s Sys=0.00s Real=0.00s
[2026-03-25T22:12:28.459+0900][233.670s][info][gc,start    ] GC(805) Pause Young (Normal) (G1 Evacuation Pause)
[2026-03-25T22:12:28.459+0900][233.670s][info][gc,task     ] GC(805) Using 8 workers of 10 for evacuation
[2026-03-25T22:12:28.460+0900][233.671s][info][gc,phases   ] GC(805)   Pre Evacuate Collection Set: 0.0ms
[2026-03-25T22:12:28.460+0900][233.671s][info][gc,phases   ] GC(805)   Merge Heap Roots: 0.0ms
[2026-03-25T22:12:28.460+0900][233.671s][info][gc,phases   ] GC(805)   Evacuate Collection Set: 0.5ms
[2026-03-25T22:12:28.460+0900][233.671s][info][gc,phases   ] GC(805)   Post Evacuate Collection Set: 0.1ms
[2026-03-25T22:12:28.460+0900][233.671s][info][gc,phases   ] GC(805)   Other: 0.1ms
[2026-03-25T22:12:28.460+0900][233.671s][info][gc,heap     ] GC(805) Eden regions: 16->0(16)
[2026-03-25T22:12:28.460+0900][233.671s][info][gc,heap     ] GC(805) Survivor regions: 1->1(3)
[2026-03-25T22:12:28.460+0900][233.671s][info][gc,heap     ] GC(805) Old regions: 25->25
[2026-03-25T22:12:28.460+0900][233.671s][info][gc,heap     ] GC(805) Archive regions: 2->2
[2026-03-25T22:12:28.460+0900][233.671s][info][gc,heap     ] GC(805) Humongous regions: 24->24
[2026-03-25T22:12:28.460+0900][233.671s][info][gc,metaspace] GC(805) Metaspace: 104200K(105216K)->104200K(105216K) NonClass: 88930K(89472K)->88930K(89472K) Class: 15269K(15744K)->15269K(15744K)
[2026-03-25T22:12:28.460+0900][233.671s][info][gc          ] GC(805) Pause Young (Normal) (G1 Evacuation Pause) 263M->199M(308M) 0.816ms
[2026-03-25T22:12:28.460+0900][233.671s][info][gc,cpu      ] GC(805) User=0.00s Sys=0.00s Real=0.01s
[2026-03-25T22:12:28.745+0900][233.956s][info][gc,start    ] GC(806) Pause Young (Normal) (G1 Evacuation Pause)
[2026-03-25T22:12:28.745+0900][233.956s][info][gc,task     ] GC(806) Using 8 workers of 10 for evacuation
[2026-03-25T22:12:28.746+0900][233.957s][info][gc,phases   ] GC(806)   Pre Evacuate Collection Set: 0.1ms
[2026-03-25T22:12:28.746+0900][233.957s][info][gc,phases   ] GC(806)   Merge Heap Roots: 0.0ms
[2026-03-25T22:12:28.746+0900][233.957s][info][gc,phases   ] GC(806)   Evacuate Collection Set: 0.5ms
[2026-03-25T22:12:28.746+0900][233.957s][info][gc,phases   ] GC(806)   Post Evacuate Collection Set: 0.2ms
[2026-03-25T22:12:28.746+0900][233.957s][info][gc,phases   ] GC(806)   Other: 0.1ms
[2026-03-25T22:12:28.746+0900][233.957s][info][gc,heap     ] GC(806) Eden regions: 16->0(16)
[2026-03-25T22:12:28.746+0900][233.957s][info][gc,heap     ] GC(806) Survivor regions: 1->1(3)
[2026-03-25T22:12:28.746+0900][233.957s][info][gc,heap     ] GC(806) Old regions: 25->25
[2026-03-25T22:12:28.746+0900][233.957s][info][gc,heap     ] GC(806) Archive regions: 2->2
[2026-03-25T22:12:28.746+0900][233.957s][info][gc,heap     ] GC(806) Humongous regions: 24->24
[2026-03-25T22:12:28.746+0900][233.957s][info][gc,metaspace] GC(806) Metaspace: 104200K(105216K)->104200K(105216K) NonClass: 88930K(89472K)->88930K(89472K) Class: 15269K(15744K)->15269K(15744K)
[2026-03-25T22:12:28.746+0900][233.957s][info][gc          ] GC(806) Pause Young (Normal) (G1 Evacuation Pause) 263M->199M(308M) 0.941ms
[2026-03-25T22:12:28.746+0900][233.957s][info][gc,cpu      ] GC(806) User=0.00s Sys=0.00s Real=0.00s
[2026-03-25T22:12:29.045+0900][234.256s][info][gc,start    ] GC(807) Pause Young (Normal) (G1 Evacuation Pause)
[2026-03-25T22:12:29.045+0900][234.256s][info][gc,task     ] GC(807) Using 8 workers of 10 for evacuation
[2026-03-25T22:12:29.046+0900][234.257s][info][gc,phases   ] GC(807)   Pre Evacuate Collection Set: 0.0ms
[2026-03-25T22:12:29.046+0900][234.257s][info][gc,phases   ] GC(807)   Merge Heap Roots: 0.0ms
[2026-03-25T22:12:29.046+0900][234.257s][info][gc,phases   ] GC(807)   Evacuate Collection Set: 0.4ms
[2026-03-25T22:12:29.046+0900][234.257s][info][gc,phases   ] GC(807)   Post Evacuate Collection Set: 0.2ms
[2026-03-25T22:12:29.046+0900][234.257s][info][gc,phases   ] GC(807)   Other: 0.1ms
[2026-03-25T22:12:29.046+0900][234.257s][info][gc,heap     ] GC(807) Eden regions: 16->0(16)
[2026-03-25T22:12:29.046+0900][234.257s][info][gc,heap     ] GC(807) Survivor regions: 1->1(3)
[2026-03-25T22:12:29.046+0900][234.257s][info][gc,heap     ] GC(807) Old regions: 25->25
[2026-03-25T22:12:29.046+0900][234.257s][info][gc,heap     ] GC(807) Archive regions: 2->2
[2026-03-25T22:12:29.046+0900][234.257s][info][gc,heap     ] GC(807) Humongous regions: 24->24
[2026-03-25T22:12:29.046+0900][234.257s][info][gc,metaspace] GC(807) Metaspace: 104200K(105216K)->104200K(105216K) NonClass: 88930K(89472K)->88930K(89472K) Class: 15269K(15744K)->15269K(15744K)
[2026-03-25T22:12:29.046+0900][234.257s][info][gc          ] GC(807) Pause Young (Normal) (G1 Evacuation Pause) 263M->199M(308M) 0.806ms
[2026-03-25T22:12:29.046+0900][234.257s][info][gc,cpu      ] GC(807) User=0.01s Sys=0.00s Real=0.00s
[2026-03-25T22:12:29.330+0900][234.540s][info][gc,start    ] GC(808) Pause Young (Normal) (G1 Evacuation Pause)
[2026-03-25T22:12:29.330+0900][234.541s][info][gc,task     ] GC(808) Using 8 workers of 10 for evacuation
[2026-03-25T22:12:29.330+0900][234.541s][info][gc,phases   ] GC(808)   Pre Evacuate Collection Set: 0.0ms
[2026-03-25T22:12:29.331+0900][234.541s][info][gc,phases   ] GC(808)   Merge Heap Roots: 0.0ms
[2026-03-25T22:12:29.331+0900][234.541s][info][gc,phases   ] GC(808)   Evacuate Collection Set: 0.5ms
[2026-03-25T22:12:29.331+0900][234.541s][info][gc,phases   ] GC(808)   Post Evacuate Collection Set: 0.1ms
[2026-03-25T22:12:29.331+0900][234.541s][info][gc,phases   ] GC(808)   Other: 0.1ms
[2026-03-25T22:12:29.331+0900][234.541s][info][gc,heap     ] GC(808) Eden regions: 16->0(16)
[2026-03-25T22:12:29.331+0900][234.541s][info][gc,heap     ] GC(808) Survivor regions: 1->1(3)
[2026-03-25T22:12:29.331+0900][234.541s][info][gc,heap     ] GC(808) Old regions: 25->25
[2026-03-25T22:12:29.331+0900][234.541s][info][gc,heap     ] GC(808) Archive regions: 2->2
[2026-03-25T22:12:29.331+0900][234.541s][info][gc,heap     ] GC(808) Humongous regions: 24->24
[2026-03-25T22:12:29.331+0900][234.541s][info][gc,metaspace] GC(808) Metaspace: 104200K(105216K)->104200K(105216K) NonClass: 88930K(89472K)->88930K(89472K) Class: 15269K(15744K)->15269K(15744K)
[2026-03-25T22:12:29.331+0900][234.541s][info][gc          ] GC(808) Pause Young (Normal) (G1 Evacuation Pause) 263M->199M(308M) 0.947ms
[2026-03-25T22:12:29.331+0900][234.541s][info][gc,cpu      ] GC(808) User=0.01s Sys=0.00s Real=0.00s
[2026-03-25T22:12:29.541+0900][234.752s][info][gc,start    ] GC(809) Pause Young (Normal) (G1 Evacuation Pause)
[2026-03-25T22:12:29.541+0900][234.752s][info][gc,task     ] GC(809) Using 8 workers of 10 for evacuation
[2026-03-25T22:12:29.542+0900][234.753s][info][gc,phases   ] GC(809)   Pre Evacuate Collection Set: 0.0ms
[2026-03-25T22:12:29.542+0900][234.753s][info][gc,phases   ] GC(809)   Merge Heap Roots: 0.0ms
[2026-03-25T22:12:29.542+0900][234.753s][info][gc,phases   ] GC(809)   Evacuate Collection Set: 0.5ms
[2026-03-25T22:12:29.542+0900][234.753s][info][gc,phases   ] GC(809)   Post Evacuate Collection Set: 0.1ms
[2026-03-25T22:12:29.542+0900][234.753s][info][gc,phases   ] GC(809)   Other: 0.1ms
[2026-03-25T22:12:29.542+0900][234.753s][info][gc,heap     ] GC(809) Eden regions: 16->0(16)
[2026-03-25T22:12:29.542+0900][234.753s][info][gc,heap     ] GC(809) Survivor regions: 1->1(3)
[2026-03-25T22:12:29.542+0900][234.753s][info][gc,heap     ] GC(809) Old regions: 25->25
[2026-03-25T22:12:29.542+0900][234.753s][info][gc,heap     ] GC(809) Archive regions: 2->2
[2026-03-25T22:12:29.542+0900][234.753s][info][gc,heap     ] GC(809) Humongous regions: 24->24
[2026-03-25T22:12:29.542+0900][234.753s][info][gc,metaspace] GC(809) Metaspace: 104200K(105216K)->104200K(105216K) NonClass: 88930K(89472K)->88930K(89472K) Class: 15269K(15744K)->15269K(15744K)
[2026-03-25T22:12:29.542+0900][234.753s][info][gc          ] GC(809) Pause Young (Normal) (G1 Evacuation Pause) 263M->199M(308M) 0.837ms
[2026-03-25T22:12:29.542+0900][234.753s][info][gc,cpu      ] GC(809) User=0.00s Sys=0.00s Real=0.00s
[2026-03-25T22:12:29.761+0900][234.972s][info][gc,start    ] GC(810) Pause Young (Normal) (G1 Evacuation Pause)
[2026-03-25T22:12:29.761+0900][234.972s][info][gc,task     ] GC(810) Using 8 workers of 10 for evacuation
[2026-03-25T22:12:29.762+0900][234.973s][info][gc,phases   ] GC(810)   Pre Evacuate Collection Set: 0.0ms
[2026-03-25T22:12:29.762+0900][234.973s][info][gc,phases   ] GC(810)   Merge Heap Roots: 0.0ms
[2026-03-25T22:12:29.762+0900][234.973s][info][gc,phases   ] GC(810)   Evacuate Collection Set: 0.4ms
[2026-03-25T22:12:29.762+0900][234.973s][info][gc,phases   ] GC(810)   Post Evacuate Collection Set: 0.1ms
[2026-03-25T22:12:29.762+0900][234.973s][info][gc,phases   ] GC(810)   Other: 0.1ms
[2026-03-25T22:12:29.762+0900][234.973s][info][gc,heap     ] GC(810) Eden regions: 16->0(16)
[2026-03-25T22:12:29.762+0900][234.973s][info][gc,heap     ] GC(810) Survivor regions: 1->1(3)
[2026-03-25T22:12:29.762+0900][234.973s][info][gc,heap     ] GC(810) Old regions: 25->25
[2026-03-25T22:12:29.762+0900][234.973s][info][gc,heap     ] GC(810) Archive regions: 2->2
[2026-03-25T22:12:29.762+0900][234.973s][info][gc,heap     ] GC(810) Humongous regions: 24->24
[2026-03-25T22:12:29.762+0900][234.973s][info][gc,metaspace] GC(810) Metaspace: 104200K(105216K)->104200K(105216K) NonClass: 88930K(89472K)->88930K(89472K) Class: 15269K(15744K)->15269K(15744K)
[2026-03-25T22:12:29.762+0900][234.973s][info][gc          ] GC(810) Pause Young (Normal) (G1 Evacuation Pause) 263M->199M(308M) 0.816ms
[2026-03-25T22:12:29.762+0900][234.973s][info][gc,cpu      ] GC(810) User=0.01s Sys=0.00s Real=0.00s
[2026-03-25T22:12:29.965+0900][235.175s][info][gc,start    ] GC(811) Pause Young (Normal) (G1 Evacuation Pause)
[2026-03-25T22:12:29.965+0900][235.175s][info][gc,task     ] GC(811) Using 8 workers of 10 for evacuation
[2026-03-25T22:12:29.965+0900][235.176s][info][gc,phases   ] GC(811)   Pre Evacuate Collection Set: 0.1ms
[2026-03-25T22:12:29.965+0900][235.176s][info][gc,phases   ] GC(811)   Merge Heap Roots: 0.0ms
[2026-03-25T22:12:29.965+0900][235.176s][info][gc,phases   ] GC(811)   Evacuate Collection Set: 0.4ms
[2026-03-25T22:12:29.965+0900][235.176s][info][gc,phases   ] GC(811)   Post Evacuate Collection Set: 0.1ms
[2026-03-25T22:12:29.965+0900][235.176s][info][gc,phases   ] GC(811)   Other: 0.1ms
[2026-03-25T22:12:29.965+0900][235.176s][info][gc,heap     ] GC(811) Eden regions: 16->0(16)
[2026-03-25T22:12:29.965+0900][235.176s][info][gc,heap     ] GC(811) Survivor regions: 1->1(3)
[2026-03-25T22:12:29.965+0900][235.176s][info][gc,heap     ] GC(811) Old regions: 25->25
[2026-03-25T22:12:29.965+0900][235.176s][info][gc,heap     ] GC(811) Archive regions: 2->2
[2026-03-25T22:12:29.965+0900][235.176s][info][gc,heap     ] GC(811) Humongous regions: 24->24
[2026-03-25T22:12:29.965+0900][235.176s][info][gc,metaspace] GC(811) Metaspace: 104200K(105216K)->104200K(105216K) NonClass: 88930K(89472K)->88930K(89472K) Class: 15269K(15744K)->15269K(15744K)
[2026-03-25T22:12:29.965+0900][235.176s][info][gc          ] GC(811) Pause Young (Normal) (G1 Evacuation Pause) 263M->199M(308M) 0.812ms
[2026-03-25T22:12:29.965+0900][235.176s][info][gc,cpu      ] GC(811) User=0.00s Sys=0.00s Real=0.00s
[2026-03-25T22:12:30.194+0900][235.405s][info][gc,start    ] GC(812) Pause Young (Normal) (G1 Evacuation Pause)
[2026-03-25T22:12:30.194+0900][235.405s][info][gc,task     ] GC(812) Using 8 workers of 10 for evacuation
[2026-03-25T22:12:30.195+0900][235.406s][info][gc,phases   ] GC(812)   Pre Evacuate Collection Set: 0.1ms
[2026-03-25T22:12:30.195+0900][235.406s][info][gc,phases   ] GC(812)   Merge Heap Roots: 0.1ms
[2026-03-25T22:12:30.195+0900][235.406s][info][gc,phases   ] GC(812)   Evacuate Collection Set: 0.4ms
[2026-03-25T22:12:30.195+0900][235.406s][info][gc,phases   ] GC(812)   Post Evacuate Collection Set: 0.1ms
[2026-03-25T22:12:30.195+0900][235.406s][info][gc,phases   ] GC(812)   Other: 0.1ms
[2026-03-25T22:12:30.195+0900][235.406s][info][gc,heap     ] GC(812) Eden regions: 16->0(16)
[2026-03-25T22:12:30.195+0900][235.406s][info][gc,heap     ] GC(812) Survivor regions: 1->1(3)
[2026-03-25T22:12:30.195+0900][235.406s][info][gc,heap     ] GC(812) Old regions: 25->25
[2026-03-25T22:12:30.195+0900][235.406s][info][gc,heap     ] GC(812) Archive regions: 2->2
[2026-03-25T22:12:30.195+0900][235.406s][info][gc,heap     ] GC(812) Humongous regions: 24->24
[2026-03-25T22:12:30.195+0900][235.406s][info][gc,metaspace] GC(812) Metaspace: 104200K(105216K)->104200K(105216K) NonClass: 88930K(89472K)->88930K(89472K) Class: 15269K(15744K)->15269K(15744K)
[2026-03-25T22:12:30.195+0900][235.406s][info][gc          ] GC(812) Pause Young (Normal) (G1 Evacuation Pause) 263M->199M(308M) 0.826ms
[2026-03-25T22:12:30.195+0900][235.406s][info][gc,cpu      ] GC(812) User=0.00s Sys=0.00s Real=0.00s
[2026-03-25T22:12:30.492+0900][235.703s][info][gc,start    ] GC(813) Pause Young (Normal) (G1 Evacuation Pause)
[2026-03-25T22:12:30.492+0900][235.703s][info][gc,task     ] GC(813) Using 8 workers of 10 for evacuation
[2026-03-25T22:12:30.493+0900][235.704s][info][gc,phases   ] GC(813)   Pre Evacuate Collection Set: 0.1ms
[2026-03-25T22:12:30.493+0900][235.704s][info][gc,phases   ] GC(813)   Merge Heap Roots: 0.0ms
[2026-03-25T22:12:30.493+0900][235.704s][info][gc,phases   ] GC(813)   Evacuate Collection Set: 0.6ms
[2026-03-25T22:12:30.493+0900][235.704s][info][gc,phases   ] GC(813)   Post Evacuate Collection Set: 0.1ms
[2026-03-25T22:12:30.493+0900][235.704s][info][gc,phases   ] GC(813)   Other: 0.1ms
[2026-03-25T22:12:30.493+0900][235.704s][info][gc,heap     ] GC(813) Eden regions: 16->0(16)
[2026-03-25T22:12:30.493+0900][235.704s][info][gc,heap     ] GC(813) Survivor regions: 1->1(3)
[2026-03-25T22:12:30.493+0900][235.704s][info][gc,heap     ] GC(813) Old regions: 25->25
[2026-03-25T22:12:30.493+0900][235.704s][info][gc,heap     ] GC(813) Archive regions: 2->2
[2026-03-25T22:12:30.493+0900][235.704s][info][gc,heap     ] GC(813) Humongous regions: 24->24
[2026-03-25T22:12:30.493+0900][235.704s][info][gc,metaspace] GC(813) Metaspace: 104200K(105216K)->104200K(105216K) NonClass: 88930K(89472K)->88930K(89472K) Class: 15269K(15744K)->15269K(15744K)
[2026-03-25T22:12:30.493+0900][235.704s][info][gc          ] GC(813) Pause Young (Normal) (G1 Evacuation Pause) 263M->200M(308M) 0.942ms
[2026-03-25T22:12:30.493+0900][235.704s][info][gc,cpu      ] GC(813) User=0.00s Sys=0.00s Real=0.00s
[2026-03-25T22:12:30.672+0900][235.883s][info][gc,start    ] GC(814) Pause Young (Normal) (G1 Evacuation Pause)
[2026-03-25T22:12:30.672+0900][235.883s][info][gc,task     ] GC(814) Using 8 workers of 10 for evacuation
[2026-03-25T22:12:30.673+0900][235.884s][info][gc,phases   ] GC(814)   Pre Evacuate Collection Set: 0.0ms
[2026-03-25T22:12:30.673+0900][235.884s][info][gc,phases   ] GC(814)   Merge Heap Roots: 0.0ms
[2026-03-25T22:12:30.673+0900][235.884s][info][gc,phases   ] GC(814)   Evacuate Collection Set: 0.7ms
[2026-03-25T22:12:30.673+0900][235.884s][info][gc,phases   ] GC(814)   Post Evacuate Collection Set: 0.2ms
[2026-03-25T22:12:30.673+0900][235.884s][info][gc,phases   ] GC(814)   Other: 0.1ms
[2026-03-25T22:12:30.673+0900][235.884s][info][gc,heap     ] GC(814) Eden regions: 16->0(16)
[2026-03-25T22:12:30.673+0900][235.884s][info][gc,heap     ] GC(814) Survivor regions: 1->1(3)
[2026-03-25T22:12:30.673+0900][235.884s][info][gc,heap     ] GC(814) Old regions: 25->25
[2026-03-25T22:12:30.673+0900][235.884s][info][gc,heap     ] GC(814) Archive regions: 2->2
[2026-03-25T22:12:30.673+0900][235.884s][info][gc,heap     ] GC(814) Humongous regions: 24->24
[2026-03-25T22:12:30.673+0900][235.884s][info][gc,metaspace] GC(814) Metaspace: 104200K(105216K)->104200K(105216K) NonClass: 88930K(89472K)->88930K(89472K) Class: 15269K(15744K)->15269K(15744K)
[2026-03-25T22:12:30.673+0900][235.884s][info][gc          ] GC(814) Pause Young (Normal) (G1 Evacuation Pause) 264M->201M(308M) 1.086ms
[2026-03-25T22:12:30.673+0900][235.884s][info][gc,cpu      ] GC(814) User=0.00s Sys=0.00s Real=0.00s
[2026-03-25T22:12:30.863+0900][236.074s][info][gc,start    ] GC(815) Pause Young (Normal) (G1 Evacuation Pause)
[2026-03-25T22:12:30.863+0900][236.074s][info][gc,task     ] GC(815) Using 8 workers of 10 for evacuation
[2026-03-25T22:12:30.864+0900][236.075s][info][gc,phases   ] GC(815)   Pre Evacuate Collection Set: 0.0ms
[2026-03-25T22:12:30.864+0900][236.075s][info][gc,phases   ] GC(815)   Merge Heap Roots: 0.0ms
[2026-03-25T22:12:30.864+0900][236.075s][info][gc,phases   ] GC(815)   Evacuate Collection Set: 0.5ms
[2026-03-25T22:12:30.864+0900][236.075s][info][gc,phases   ] GC(815)   Post Evacuate Collection Set: 0.2ms
[2026-03-25T22:12:30.864+0900][236.075s][info][gc,phases   ] GC(815)   Other: 0.1ms
[2026-03-25T22:12:30.864+0900][236.075s][info][gc,heap     ] GC(815) Eden regions: 16->0(16)
[2026-03-25T22:12:30.864+0900][236.075s][info][gc,heap     ] GC(815) Survivor regions: 1->1(3)
[2026-03-25T22:12:30.864+0900][236.075s][info][gc,heap     ] GC(815) Old regions: 25->25
[2026-03-25T22:12:30.864+0900][236.075s][info][gc,heap     ] GC(815) Archive regions: 2->2
[2026-03-25T22:12:30.864+0900][236.075s][info][gc,heap     ] GC(815) Humongous regions: 24->24
[2026-03-25T22:12:30.864+0900][236.075s][info][gc,metaspace] GC(815) Metaspace: 104200K(105216K)->104200K(105216K) NonClass: 88930K(89472K)->88930K(89472K) Class: 15269K(15744K)->15269K(15744K)
[2026-03-25T22:12:30.864+0900][236.075s][info][gc          ] GC(815) Pause Young (Normal) (G1 Evacuation Pause) 265M->200M(308M) 0.899ms
[2026-03-25T22:12:30.864+0900][236.075s][info][gc,cpu      ] GC(815) User=0.00s Sys=0.00s Real=0.00s
[2026-03-25T22:12:31.047+0900][236.257s][info][gc,start    ] GC(816) Pause Young (Normal) (G1 Evacuation Pause)
[2026-03-25T22:12:31.047+0900][236.257s][info][gc,task     ] GC(816) Using 8 workers of 10 for evacuation
[2026-03-25T22:12:31.048+0900][236.258s][info][gc,phases   ] GC(816)   Pre Evacuate Collection Set: 0.1ms
[2026-03-25T22:12:31.048+0900][236.258s][info][gc,phases   ] GC(816)   Merge Heap Roots: 0.0ms
[2026-03-25T22:12:31.048+0900][236.258s][info][gc,phases   ] GC(816)   Evacuate Collection Set: 0.7ms
[2026-03-25T22:12:31.048+0900][236.258s][info][gc,phases   ] GC(816)   Post Evacuate Collection Set: 0.1ms
[2026-03-25T22:12:31.048+0900][236.258s][info][gc,phases   ] GC(816)   Other: 0.1ms
[2026-03-25T22:12:31.048+0900][236.258s][info][gc,heap     ] GC(816) Eden regions: 16->0(16)
[2026-03-25T22:12:31.048+0900][236.258s][info][gc,heap     ] GC(816) Survivor regions: 1->1(3)
[2026-03-25T22:12:31.048+0900][236.258s][info][gc,heap     ] GC(816) Old regions: 25->25
[2026-03-25T22:12:31.048+0900][236.258s][info][gc,heap     ] GC(816) Archive regions: 2->2
[2026-03-25T22:12:31.048+0900][236.258s][info][gc,heap     ] GC(816) Humongous regions: 24->24
[2026-03-25T22:12:31.048+0900][236.258s][info][gc,metaspace] GC(816) Metaspace: 104200K(105216K)->104200K(105216K) NonClass: 88930K(89472K)->88930K(89472K) Class: 15269K(15744K)->15269K(15744K)
[2026-03-25T22:12:31.048+0900][236.258s][info][gc          ] GC(816) Pause Young (Normal) (G1 Evacuation Pause) 264M->201M(308M) 1.070ms
[2026-03-25T22:12:31.048+0900][236.259s][info][gc,cpu      ] GC(816) User=0.01s Sys=0.00s Real=0.00s
[2026-03-25T22:12:31.307+0900][236.518s][info][gc,start    ] GC(817) Pause Young (Normal) (G1 Evacuation Pause)
[2026-03-25T22:12:31.308+0900][236.518s][info][gc,task     ] GC(817) Using 8 workers of 10 for evacuation
[2026-03-25T22:12:31.308+0900][236.519s][info][gc,phases   ] GC(817)   Pre Evacuate Collection Set: 0.0ms
[2026-03-25T22:12:31.308+0900][236.519s][info][gc,phases   ] GC(817)   Merge Heap Roots: 0.0ms
[2026-03-25T22:12:31.308+0900][236.519s][info][gc,phases   ] GC(817)   Evacuate Collection Set: 0.6ms
[2026-03-25T22:12:31.308+0900][236.519s][info][gc,phases   ] GC(817)   Post Evacuate Collection Set: 0.2ms
[2026-03-25T22:12:31.308+0900][236.519s][info][gc,phases   ] GC(817)   Other: 0.1ms
[2026-03-25T22:12:31.308+0900][236.519s][info][gc,heap     ] GC(817) Eden regions: 16->0(16)
[2026-03-25T22:12:31.308+0900][236.519s][info][gc,heap     ] GC(817) Survivor regions: 1->1(3)
[2026-03-25T22:12:31.308+0900][236.519s][info][gc,heap     ] GC(817) Old regions: 25->25
[2026-03-25T22:12:31.308+0900][236.519s][info][gc,heap     ] GC(817) Archive regions: 2->2
[2026-03-25T22:12:31.308+0900][236.519s][info][gc,heap     ] GC(817) Humongous regions: 24->24
[2026-03-25T22:12:31.308+0900][236.519s][info][gc,metaspace] GC(817) Metaspace: 104200K(105216K)->104200K(105216K) NonClass: 88930K(89472K)->88930K(89472K) Class: 15269K(15744K)->15269K(15744K)
[2026-03-25T22:12:31.308+0900][236.519s][info][gc          ] GC(817) Pause Young (Normal) (G1 Evacuation Pause) 265M->200M(308M) 0.978ms
[2026-03-25T22:12:31.308+0900][236.519s][info][gc,cpu      ] GC(817) User=0.01s Sys=0.00s Real=0.00s
[2026-03-25T22:12:31.604+0900][236.815s][info][gc,start    ] GC(818) Pause Young (Normal) (G1 Evacuation Pause)
[2026-03-25T22:12:31.604+0900][236.815s][info][gc,task     ] GC(818) Using 8 workers of 10 for evacuation
[2026-03-25T22:12:31.605+0900][236.816s][info][gc,phases   ] GC(818)   Pre Evacuate Collection Set: 0.1ms
[2026-03-25T22:12:31.605+0900][236.816s][info][gc,phases   ] GC(818)   Merge Heap Roots: 0.0ms
[2026-03-25T22:12:31.605+0900][236.816s][info][gc,phases   ] GC(818)   Evacuate Collection Set: 0.7ms
[2026-03-25T22:12:31.605+0900][236.816s][info][gc,phases   ] GC(818)   Post Evacuate Collection Set: 0.2ms
[2026-03-25T22:12:31.605+0900][236.816s][info][gc,phases   ] GC(818)   Other: 0.1ms
[2026-03-25T22:12:31.605+0900][236.816s][info][gc,heap     ] GC(818) Eden regions: 16->0(16)
[2026-03-25T22:12:31.605+0900][236.816s][info][gc,heap     ] GC(818) Survivor regions: 1->1(3)
[2026-03-25T22:12:31.605+0900][236.816s][info][gc,heap     ] GC(818) Old regions: 25->25
[2026-03-25T22:12:31.605+0900][236.816s][info][gc,heap     ] GC(818) Archive regions: 2->2
[2026-03-25T22:12:31.605+0900][236.816s][info][gc,heap     ] GC(818) Humongous regions: 24->24
[2026-03-25T22:12:31.605+0900][236.816s][info][gc,metaspace] GC(818) Metaspace: 104200K(105216K)->104200K(105216K) NonClass: 88930K(89472K)->88930K(89472K) Class: 15269K(15744K)->15269K(15744K)
[2026-03-25T22:12:31.605+0900][236.816s][info][gc          ] GC(818) Pause Young (Normal) (G1 Evacuation Pause) 264M->200M(308M) 1.108ms
[2026-03-25T22:12:31.605+0900][236.816s][info][gc,cpu      ] GC(818) User=0.01s Sys=0.00s Real=0.00s
[2026-03-25T22:12:31.811+0900][237.022s][info][gc,start    ] GC(819) Pause Young (Normal) (G1 Evacuation Pause)
[2026-03-25T22:12:31.811+0900][237.022s][info][gc,task     ] GC(819) Using 8 workers of 10 for evacuation
[2026-03-25T22:12:31.812+0900][237.023s][info][gc,phases   ] GC(819)   Pre Evacuate Collection Set: 0.1ms
[2026-03-25T22:12:31.812+0900][237.023s][info][gc,phases   ] GC(819)   Merge Heap Roots: 0.0ms
[2026-03-25T22:12:31.812+0900][237.023s][info][gc,phases   ] GC(819)   Evacuate Collection Set: 0.5ms
[2026-03-25T22:12:31.812+0900][237.023s][info][gc,phases   ] GC(819)   Post Evacuate Collection Set: 0.1ms
[2026-03-25T22:12:31.812+0900][237.023s][info][gc,phases   ] GC(819)   Other: 0.1ms
[2026-03-25T22:12:31.812+0900][237.023s][info][gc,heap     ] GC(819) Eden regions: 16->0(16)
[2026-03-25T22:12:31.812+0900][237.023s][info][gc,heap     ] GC(819) Survivor regions: 1->1(3)
[2026-03-25T22:12:31.812+0900][237.023s][info][gc,heap     ] GC(819) Old regions: 25->25
[2026-03-25T22:12:31.812+0900][237.023s][info][gc,heap     ] GC(819) Archive regions: 2->2
[2026-03-25T22:12:31.812+0900][237.023s][info][gc,heap     ] GC(819) Humongous regions: 24->24
[2026-03-25T22:12:31.812+0900][237.023s][info][gc,metaspace] GC(819) Metaspace: 104200K(105216K)->104200K(105216K) NonClass: 88930K(89472K)->88930K(89472K) Class: 15269K(15744K)->15269K(15744K)
[2026-03-25T22:12:31.812+0900][237.023s][info][gc          ] GC(819) Pause Young (Normal) (G1 Evacuation Pause) 264M->200M(308M) 0.883ms
[2026-03-25T22:12:31.812+0900][237.023s][info][gc,cpu      ] GC(819) User=0.01s Sys=0.00s Real=0.00s
[2026-03-25T22:12:32.140+0900][237.351s][info][gc,start    ] GC(820) Pause Young (Normal) (G1 Evacuation Pause)
[2026-03-25T22:12:32.140+0900][237.351s][info][gc,task     ] GC(820) Using 8 workers of 10 for evacuation
[2026-03-25T22:12:32.141+0900][237.352s][info][gc,phases   ] GC(820)   Pre Evacuate Collection Set: 0.1ms
[2026-03-25T22:12:32.141+0900][237.352s][info][gc,phases   ] GC(820)   Merge Heap Roots: 0.1ms
[2026-03-25T22:12:32.141+0900][237.352s][info][gc,phases   ] GC(820)   Evacuate Collection Set: 0.6ms
[2026-03-25T22:12:32.141+0900][237.352s][info][gc,phases   ] GC(820)   Post Evacuate Collection Set: 0.1ms
[2026-03-25T22:12:32.141+0900][237.352s][info][gc,phases   ] GC(820)   Other: 0.1ms
[2026-03-25T22:12:32.141+0900][237.352s][info][gc,heap     ] GC(820) Eden regions: 16->0(16)
[2026-03-25T22:12:32.141+0900][237.352s][info][gc,heap     ] GC(820) Survivor regions: 1->1(3)
[2026-03-25T22:12:32.141+0900][237.352s][info][gc,heap     ] GC(820) Old regions: 25->25
[2026-03-25T22:12:32.141+0900][237.352s][info][gc,heap     ] GC(820) Archive regions: 2->2
[2026-03-25T22:12:32.141+0900][237.352s][info][gc,heap     ] GC(820) Humongous regions: 24->24
[2026-03-25T22:12:32.141+0900][237.352s][info][gc,metaspace] GC(820) Metaspace: 104200K(105216K)->104200K(105216K) NonClass: 88930K(89472K)->88930K(89472K) Class: 15269K(15744K)->15269K(15744K)
[2026-03-25T22:12:32.141+0900][237.352s][info][gc          ] GC(820) Pause Young (Normal) (G1 Evacuation Pause) 264M->200M(308M) 0.984ms
[2026-03-25T22:12:32.141+0900][237.352s][info][gc,cpu      ] GC(820) User=0.00s Sys=0.00s Real=0.00s
[2026-03-25T22:12:32.298+0900][237.509s][info][gc,start    ] GC(821) Pause Young (Normal) (G1 Evacuation Pause)
[2026-03-25T22:12:32.298+0900][237.509s][info][gc,task     ] GC(821) Using 8 workers of 10 for evacuation
[2026-03-25T22:12:32.300+0900][237.510s][info][gc,phases   ] GC(821)   Pre Evacuate Collection Set: 0.1ms
[2026-03-25T22:12:32.300+0900][237.510s][info][gc,phases   ] GC(821)   Merge Heap Roots: 0.0ms
[2026-03-25T22:12:32.300+0900][237.510s][info][gc,phases   ] GC(821)   Evacuate Collection Set: 0.8ms
[2026-03-25T22:12:32.300+0900][237.510s][info][gc,phases   ] GC(821)   Post Evacuate Collection Set: 0.2ms
[2026-03-25T22:12:32.300+0900][237.510s][info][gc,phases   ] GC(821)   Other: 0.1ms
[2026-03-25T22:12:32.300+0900][237.510s][info][gc,heap     ] GC(821) Eden regions: 16->0(14)
[2026-03-25T22:12:32.300+0900][237.510s][info][gc,heap     ] GC(821) Survivor regions: 1->2(3)
[2026-03-25T22:12:32.300+0900][237.510s][info][gc,heap     ] GC(821) Old regions: 25->25
[2026-03-25T22:12:32.300+0900][237.510s][info][gc,heap     ] GC(821) Archive regions: 2->2
[2026-03-25T22:12:32.300+0900][237.510s][info][gc,heap     ] GC(821) Humongous regions: 24->24
[2026-03-25T22:12:32.300+0900][237.510s][info][gc,metaspace] GC(821) Metaspace: 104200K(105216K)->104200K(105216K) NonClass: 88930K(89472K)->88930K(89472K) Class: 15269K(15744K)->15269K(15744K)
[2026-03-25T22:12:32.300+0900][237.510s][info][gc          ] GC(821) Pause Young (Normal) (G1 Evacuation Pause) 264M->202M(308M) 1.215ms
[2026-03-25T22:12:32.300+0900][237.510s][info][gc,cpu      ] GC(821) User=0.00s Sys=0.00s Real=0.01s
[2026-03-25T22:12:32.452+0900][237.663s][info][gc,start    ] GC(822) Pause Young (Normal) (G1 Evacuation Pause)
[2026-03-25T22:12:32.452+0900][237.663s][info][gc,task     ] GC(822) Using 8 workers of 10 for evacuation
[2026-03-25T22:12:32.453+0900][237.664s][info][gc,phases   ] GC(822)   Pre Evacuate Collection Set: 0.0ms
[2026-03-25T22:12:32.453+0900][237.664s][info][gc,phases   ] GC(822)   Merge Heap Roots: 0.1ms
[2026-03-25T22:12:32.453+0900][237.664s][info][gc,phases   ] GC(822)   Evacuate Collection Set: 0.7ms
[2026-03-25T22:12:32.453+0900][237.664s][info][gc,phases   ] GC(822)   Post Evacuate Collection Set: 0.2ms
[2026-03-25T22:12:32.453+0900][237.664s][info][gc,phases   ] GC(822)   Other: 0.1ms
[2026-03-25T22:12:32.453+0900][237.664s][info][gc,heap     ] GC(822) Eden regions: 14->0(15)
[2026-03-25T22:12:32.453+0900][237.664s][info][gc,heap     ] GC(822) Survivor regions: 2->1(2)
[2026-03-25T22:12:32.453+0900][237.664s][info][gc,heap     ] GC(822) Old regions: 25->25
[2026-03-25T22:12:32.453+0900][237.664s][info][gc,heap     ] GC(822) Archive regions: 2->2
[2026-03-25T22:12:32.453+0900][237.664s][info][gc,heap     ] GC(822) Humongous regions: 24->24
[2026-03-25T22:12:32.453+0900][237.664s][info][gc,metaspace] GC(822) Metaspace: 104200K(105216K)->104200K(105216K) NonClass: 88930K(89472K)->88930K(89472K) Class: 15269K(15744K)->15269K(15744K)
[2026-03-25T22:12:32.453+0900][237.664s][info][gc          ] GC(822) Pause Young (Normal) (G1 Evacuation Pause) 258M->202M(308M) 1.045ms
[2026-03-25T22:12:32.453+0900][237.664s][info][gc,cpu      ] GC(822) User=0.00s Sys=0.00s Real=0.00s
[2026-03-25T22:12:32.813+0900][238.024s][info][gc,start    ] GC(823) Pause Young (Normal) (G1 Evacuation Pause)
[2026-03-25T22:12:32.813+0900][238.024s][info][gc,task     ] GC(823) Using 8 workers of 10 for evacuation
[2026-03-25T22:12:32.814+0900][238.025s][info][gc,phases   ] GC(823)   Pre Evacuate Collection Set: 0.1ms
[2026-03-25T22:12:32.814+0900][238.025s][info][gc,phases   ] GC(823)   Merge Heap Roots: 0.1ms
[2026-03-25T22:12:32.814+0900][238.025s][info][gc,phases   ] GC(823)   Evacuate Collection Set: 0.5ms
[2026-03-25T22:12:32.814+0900][238.025s][info][gc,phases   ] GC(823)   Post Evacuate Collection Set: 0.1ms
[2026-03-25T22:12:32.814+0900][238.025s][info][gc,phases   ] GC(823)   Other: 0.1ms
[2026-03-25T22:12:32.814+0900][238.025s][info][gc,heap     ] GC(823) Eden regions: 15->0(16)
[2026-03-25T22:12:32.814+0900][238.025s][info][gc,heap     ] GC(823) Survivor regions: 1->1(2)
[2026-03-25T22:12:32.814+0900][238.025s][info][gc,heap     ] GC(823) Old regions: 25->25
[2026-03-25T22:12:32.814+0900][238.025s][info][gc,heap     ] GC(823) Archive regions: 2->2
[2026-03-25T22:12:32.814+0900][238.025s][info][gc,heap     ] GC(823) Humongous regions: 24->24
[2026-03-25T22:12:32.814+0900][238.025s][info][gc,metaspace] GC(823) Metaspace: 104200K(105216K)->104200K(105216K) NonClass: 88930K(89472K)->88930K(89472K) Class: 15269K(15744K)->15269K(15744K)
[2026-03-25T22:12:32.814+0900][238.025s][info][gc          ] GC(823) Pause Young (Normal) (G1 Evacuation Pause) 262M->202M(308M) 0.883ms
[2026-03-25T22:12:32.814+0900][238.025s][info][gc,cpu      ] GC(823) User=0.00s Sys=0.00s Real=0.00s
[2026-03-25T22:12:33.287+0900][238.498s][info][gc,start    ] GC(824) Pause Young (Normal) (G1 Evacuation Pause)
[2026-03-25T22:12:33.287+0900][238.498s][info][gc,task     ] GC(824) Using 8 workers of 10 for evacuation
[2026-03-25T22:12:33.288+0900][238.499s][info][gc,phases   ] GC(824)   Pre Evacuate Collection Set: 0.0ms
[2026-03-25T22:12:33.288+0900][238.499s][info][gc,phases   ] GC(824)   Merge Heap Roots: 0.0ms
[2026-03-25T22:12:33.288+0900][238.499s][info][gc,phases   ] GC(824)   Evacuate Collection Set: 0.5ms
[2026-03-25T22:12:33.288+0900][238.499s][info][gc,phases   ] GC(824)   Post Evacuate Collection Set: 0.1ms
[2026-03-25T22:12:33.288+0900][238.499s][info][gc,phases   ] GC(824)   Other: 0.1ms
[2026-03-25T22:12:33.288+0900][238.499s][info][gc,heap     ] GC(824) Eden regions: 16->0(16)
[2026-03-25T22:12:33.288+0900][238.499s][info][gc,heap     ] GC(824) Survivor regions: 1->1(3)
[2026-03-25T22:12:33.288+0900][238.499s][info][gc,heap     ] GC(824) Old regions: 25->25
[2026-03-25T22:12:33.288+0900][238.499s][info][gc,heap     ] GC(824) Archive regions: 2->2
[2026-03-25T22:12:33.288+0900][238.499s][info][gc,heap     ] GC(824) Humongous regions: 24->24
[2026-03-25T22:12:33.288+0900][238.499s][info][gc,metaspace] GC(824) Metaspace: 104200K(105216K)->104200K(105216K) NonClass: 88930K(89472K)->88930K(89472K) Class: 15269K(15744K)->15269K(15744K)
[2026-03-25T22:12:33.288+0900][238.499s][info][gc          ] GC(824) Pause Young (Normal) (G1 Evacuation Pause) 266M->202M(308M) 0.941ms
[2026-03-25T22:12:33.288+0900][238.499s][info][gc,cpu      ] GC(824) User=0.00s Sys=0.00s Real=0.00s
[2026-03-25T22:12:33.500+0900][238.711s][info][gc,start    ] GC(825) Pause Young (Normal) (G1 Evacuation Pause)
[2026-03-25T22:12:33.500+0900][238.711s][info][gc,task     ] GC(825) Using 8 workers of 10 for evacuation
[2026-03-25T22:12:33.501+0900][238.712s][info][gc,phases   ] GC(825)   Pre Evacuate Collection Set: 0.0ms
[2026-03-25T22:12:33.501+0900][238.712s][info][gc,phases   ] GC(825)   Merge Heap Roots: 0.0ms
[2026-03-25T22:12:33.501+0900][238.712s][info][gc,phases   ] GC(825)   Evacuate Collection Set: 0.7ms
[2026-03-25T22:12:33.501+0900][238.712s][info][gc,phases   ] GC(825)   Post Evacuate Collection Set: 0.1ms
[2026-03-25T22:12:33.501+0900][238.712s][info][gc,phases   ] GC(825)   Other: 0.1ms
[2026-03-25T22:12:33.501+0900][238.712s][info][gc,heap     ] GC(825) Eden regions: 16->0(14)
[2026-03-25T22:12:33.501+0900][238.712s][info][gc,heap     ] GC(825) Survivor regions: 1->2(3)
[2026-03-25T22:12:33.501+0900][238.712s][info][gc,heap     ] GC(825) Old regions: 25->25
[2026-03-25T22:12:33.501+0900][238.712s][info][gc,heap     ] GC(825) Archive regions: 2->2
[2026-03-25T22:12:33.501+0900][238.712s][info][gc,heap     ] GC(825) Humongous regions: 24->24
[2026-03-25T22:12:33.501+0900][238.712s][info][gc,metaspace] GC(825) Metaspace: 104200K(105216K)->104200K(105216K) NonClass: 88930K(89472K)->88930K(89472K) Class: 15269K(15744K)->15269K(15744K)
[2026-03-25T22:12:33.501+0900][238.712s][info][gc          ] GC(825) Pause Young (Normal) (G1 Evacuation Pause) 266M->203M(308M) 1.094ms
[2026-03-25T22:12:33.501+0900][238.712s][info][gc,cpu      ] GC(825) User=0.00s Sys=0.01s Real=0.00s
[2026-03-25T22:12:33.720+0900][238.931s][info][gc,start    ] GC(826) Pause Young (Normal) (G1 Evacuation Pause)
[2026-03-25T22:12:33.720+0900][238.931s][info][gc,task     ] GC(826) Using 8 workers of 10 for evacuation
[2026-03-25T22:12:33.721+0900][238.932s][info][gc,phases   ] GC(826)   Pre Evacuate Collection Set: 0.0ms
[2026-03-25T22:12:33.721+0900][238.932s][info][gc,phases   ] GC(826)   Merge Heap Roots: 0.0ms
[2026-03-25T22:12:33.721+0900][238.932s][info][gc,phases   ] GC(826)   Evacuate Collection Set: 0.5ms
[2026-03-25T22:12:33.721+0900][238.932s][info][gc,phases   ] GC(826)   Post Evacuate Collection Set: 0.1ms
[2026-03-25T22:12:33.721+0900][238.932s][info][gc,phases   ] GC(826)   Other: 0.1ms
[2026-03-25T22:12:33.721+0900][238.932s][info][gc,heap     ] GC(826) Eden regions: 14->0(16)
[2026-03-25T22:12:33.721+0900][238.932s][info][gc,heap     ] GC(826) Survivor regions: 2->1(2)
[2026-03-25T22:12:33.721+0900][238.932s][info][gc,heap     ] GC(826) Old regions: 25->25
[2026-03-25T22:12:33.721+0900][238.932s][info][gc,heap     ] GC(826) Archive regions: 2->2
[2026-03-25T22:12:33.721+0900][238.932s][info][gc,heap     ] GC(826) Humongous regions: 24->24
[2026-03-25T22:12:33.721+0900][238.932s][info][gc,metaspace] GC(826) Metaspace: 104200K(105216K)->104200K(105216K) NonClass: 88930K(89472K)->88930K(89472K) Class: 15269K(15744K)->15269K(15744K)
[2026-03-25T22:12:33.721+0900][238.932s][info][gc          ] GC(826) Pause Young (Normal) (G1 Evacuation Pause) 259M->202M(308M) 0.839ms
[2026-03-25T22:12:33.721+0900][238.932s][info][gc,cpu      ] GC(826) User=0.00s Sys=0.00s Real=0.00s
[2026-03-25T22:12:33.952+0900][239.163s][info][gc,start    ] GC(827) Pause Young (Normal) (G1 Evacuation Pause)
[2026-03-25T22:12:33.952+0900][239.163s][info][gc,task     ] GC(827) Using 8 workers of 10 for evacuation
[2026-03-25T22:12:33.953+0900][239.164s][info][gc,phases   ] GC(827)   Pre Evacuate Collection Set: 0.1ms
[2026-03-25T22:12:33.953+0900][239.164s][info][gc,phases   ] GC(827)   Merge Heap Roots: 0.1ms
[2026-03-25T22:12:33.953+0900][239.164s][info][gc,phases   ] GC(827)   Evacuate Collection Set: 0.7ms
[2026-03-25T22:12:33.953+0900][239.164s][info][gc,phases   ] GC(827)   Post Evacuate Collection Set: 0.2ms
[2026-03-25T22:12:33.953+0900][239.164s][info][gc,phases   ] GC(827)   Other: 0.1ms
[2026-03-25T22:12:33.953+0900][239.164s][info][gc,heap     ] GC(827) Eden regions: 16->0(14)
[2026-03-25T22:12:33.953+0900][239.164s][info][gc,heap     ] GC(827) Survivor regions: 1->2(3)
[2026-03-25T22:12:33.953+0900][239.164s][info][gc,heap     ] GC(827) Old regions: 25->25
[2026-03-25T22:12:33.953+0900][239.164s][info][gc,heap     ] GC(827) Archive regions: 2->2
[2026-03-25T22:12:33.953+0900][239.164s][info][gc,heap     ] GC(827) Humongous regions: 24->24
[2026-03-25T22:12:33.953+0900][239.164s][info][gc,metaspace] GC(827) Metaspace: 104200K(105216K)->104200K(105216K) NonClass: 88930K(89472K)->88930K(89472K) Class: 15269K(15744K)->15269K(15744K)
[2026-03-25T22:12:33.953+0900][239.164s][info][gc          ] GC(827) Pause Young (Normal) (G1 Evacuation Pause) 266M->203M(308M) 1.150ms
[2026-03-25T22:12:33.953+0900][239.164s][info][gc,cpu      ] GC(827) User=0.01s Sys=0.00s Real=0.00s
[2026-03-25T22:12:34.110+0900][239.320s][info][gc,start    ] GC(828) Pause Young (Normal) (G1 Evacuation Pause)
[2026-03-25T22:12:34.110+0900][239.320s][info][gc,task     ] GC(828) Using 8 workers of 10 for evacuation
[2026-03-25T22:12:34.110+0900][239.321s][info][gc,phases   ] GC(828)   Pre Evacuate Collection Set: 0.0ms
[2026-03-25T22:12:34.110+0900][239.321s][info][gc,phases   ] GC(828)   Merge Heap Roots: 0.0ms
[2026-03-25T22:12:34.110+0900][239.321s][info][gc,phases   ] GC(828)   Evacuate Collection Set: 0.5ms
[2026-03-25T22:12:34.110+0900][239.321s][info][gc,phases   ] GC(828)   Post Evacuate Collection Set: 0.2ms
[2026-03-25T22:12:34.110+0900][239.321s][info][gc,phases   ] GC(828)   Other: 0.1ms
[2026-03-25T22:12:34.110+0900][239.321s][info][gc,heap     ] GC(828) Eden regions: 14->0(16)
[2026-03-25T22:12:34.110+0900][239.321s][info][gc,heap     ] GC(828) Survivor regions: 2->1(2)
[2026-03-25T22:12:34.110+0900][239.321s][info][gc,heap     ] GC(828) Old regions: 25->25
[2026-03-25T22:12:34.110+0900][239.321s][info][gc,heap     ] GC(828) Archive regions: 2->2
[2026-03-25T22:12:34.110+0900][239.321s][info][gc,heap     ] GC(828) Humongous regions: 24->24
[2026-03-25T22:12:34.110+0900][239.321s][info][gc,metaspace] GC(828) Metaspace: 104200K(105216K)->104200K(105216K) NonClass: 88930K(89472K)->88930K(89472K) Class: 15269K(15744K)->15269K(15744K)
[2026-03-25T22:12:34.110+0900][239.321s][info][gc          ] GC(828) Pause Young (Normal) (G1 Evacuation Pause) 259M->202M(308M) 0.898ms
[2026-03-25T22:12:34.110+0900][239.321s][info][gc,cpu      ] GC(828) User=0.01s Sys=0.00s Real=0.01s
[2026-03-25T22:12:34.348+0900][239.559s][info][gc,start    ] GC(829) Pause Young (Normal) (G1 Evacuation Pause)
[2026-03-25T22:12:34.348+0900][239.559s][info][gc,task     ] GC(829) Using 8 workers of 10 for evacuation
[2026-03-25T22:12:34.349+0900][239.560s][info][gc,phases   ] GC(829)   Pre Evacuate Collection Set: 0.0ms
[2026-03-25T22:12:34.349+0900][239.560s][info][gc,phases   ] GC(829)   Merge Heap Roots: 0.0ms
[2026-03-25T22:12:34.349+0900][239.560s][info][gc,phases   ] GC(829)   Evacuate Collection Set: 0.5ms
[2026-03-25T22:12:34.349+0900][239.560s][info][gc,phases   ] GC(829)   Post Evacuate Collection Set: 0.1ms
[2026-03-25T22:12:34.349+0900][239.560s][info][gc,phases   ] GC(829)   Other: 0.1ms
[2026-03-25T22:12:34.349+0900][239.560s][info][gc,heap     ] GC(829) Eden regions: 16->0(16)
[2026-03-25T22:12:34.349+0900][239.560s][info][gc,heap     ] GC(829) Survivor regions: 1->1(3)
[2026-03-25T22:12:34.349+0900][239.560s][info][gc,heap     ] GC(829) Old regions: 25->25
[2026-03-25T22:12:34.349+0900][239.560s][info][gc,heap     ] GC(829) Archive regions: 2->2
[2026-03-25T22:12:34.349+0900][239.560s][info][gc,heap     ] GC(829) Humongous regions: 24->24
[2026-03-25T22:12:34.349+0900][239.560s][info][gc,metaspace] GC(829) Metaspace: 104200K(105216K)->104200K(105216K) NonClass: 88930K(89472K)->88930K(89472K) Class: 15269K(15744K)->15269K(15744K)
[2026-03-25T22:12:34.349+0900][239.560s][info][gc          ] GC(829) Pause Young (Normal) (G1 Evacuation Pause) 266M->202M(308M) 0.820ms
[2026-03-25T22:12:34.349+0900][239.560s][info][gc,cpu      ] GC(829) User=0.00s Sys=0.00s Real=0.00s
[2026-03-25T22:12:34.578+0900][239.789s][info][gc,start    ] GC(830) Pause Young (Normal) (G1 Evacuation Pause)
[2026-03-25T22:12:34.578+0900][239.789s][info][gc,task     ] GC(830) Using 8 workers of 10 for evacuation
[2026-03-25T22:12:34.579+0900][239.789s][info][gc,phases   ] GC(830)   Pre Evacuate Collection Set: 0.0ms
[2026-03-25T22:12:34.579+0900][239.789s][info][gc,phases   ] GC(830)   Merge Heap Roots: 0.0ms
[2026-03-25T22:12:34.579+0900][239.789s][info][gc,phases   ] GC(830)   Evacuate Collection Set: 0.4ms
[2026-03-25T22:12:34.579+0900][239.789s][info][gc,phases   ] GC(830)   Post Evacuate Collection Set: 0.1ms
[2026-03-25T22:12:34.579+0900][239.789s][info][gc,phases   ] GC(830)   Other: 0.1ms
[2026-03-25T22:12:34.579+0900][239.789s][info][gc,heap     ] GC(830) Eden regions: 16->0(16)
[2026-03-25T22:12:34.579+0900][239.789s][info][gc,heap     ] GC(830) Survivor regions: 1->1(3)
[2026-03-25T22:12:34.579+0900][239.789s][info][gc,heap     ] GC(830) Old regions: 25->25
[2026-03-25T22:12:34.579+0900][239.789s][info][gc,heap     ] GC(830) Archive regions: 2->2
[2026-03-25T22:12:34.579+0900][239.789s][info][gc,heap     ] GC(830) Humongous regions: 24->24
[2026-03-25T22:12:34.579+0900][239.790s][info][gc,metaspace] GC(830) Metaspace: 104200K(105216K)->104200K(105216K) NonClass: 88930K(89472K)->88930K(89472K) Class: 15269K(15744K)->15269K(15744K)
[2026-03-25T22:12:34.579+0900][239.790s][info][gc          ] GC(830) Pause Young (Normal) (G1 Evacuation Pause) 266M->202M(308M) 0.814ms
[2026-03-25T22:12:34.579+0900][239.790s][info][gc,cpu      ] GC(830) User=0.00s Sys=0.00s Real=0.00s
[2026-03-25T22:12:34.920+0900][240.130s][info][gc,start    ] GC(831) Pause Young (Normal) (G1 Evacuation Pause)
[2026-03-25T22:12:34.920+0900][240.131s][info][gc,task     ] GC(831) Using 8 workers of 10 for evacuation
[2026-03-25T22:12:34.920+0900][240.131s][info][gc,phases   ] GC(831)   Pre Evacuate Collection Set: 0.0ms
[2026-03-25T22:12:34.920+0900][240.131s][info][gc,phases   ] GC(831)   Merge Heap Roots: 0.0ms
[2026-03-25T22:12:34.920+0900][240.131s][info][gc,phases   ] GC(831)   Evacuate Collection Set: 0.4ms
[2026-03-25T22:12:34.920+0900][240.131s][info][gc,phases   ] GC(831)   Post Evacuate Collection Set: 0.2ms
[2026-03-25T22:12:34.920+0900][240.131s][info][gc,phases   ] GC(831)   Other: 0.1ms
[2026-03-25T22:12:34.920+0900][240.131s][info][gc,heap     ] GC(831) Eden regions: 16->0(15)
[2026-03-25T22:12:34.920+0900][240.131s][info][gc,heap     ] GC(831) Survivor regions: 1->1(3)
[2026-03-25T22:12:34.920+0900][240.131s][info][gc,heap     ] GC(831) Old regions: 25->26
[2026-03-25T22:12:34.920+0900][240.131s][info][gc,heap     ] GC(831) Archive regions: 2->2
[2026-03-25T22:12:34.920+0900][240.131s][info][gc,heap     ] GC(831) Humongous regions: 24->24
[2026-03-25T22:12:34.920+0900][240.131s][info][gc,metaspace] GC(831) Metaspace: 104200K(105216K)->104200K(105216K) NonClass: 88930K(89472K)->88930K(89472K) Class: 15269K(15744K)->15269K(15744K)
[2026-03-25T22:12:34.920+0900][240.131s][info][gc          ] GC(831) Pause Young (Normal) (G1 Evacuation Pause) 266M->202M(308M) 0.817ms
[2026-03-25T22:12:34.921+0900][240.131s][info][gc,cpu      ] GC(831) User=0.00s Sys=0.00s Real=0.00s
[2026-03-25T22:12:35.121+0900][240.332s][info][gc,start    ] GC(832) Pause Young (Normal) (G1 Evacuation Pause)
[2026-03-25T22:12:35.121+0900][240.332s][info][gc,task     ] GC(832) Using 8 workers of 10 for evacuation
[2026-03-25T22:12:35.122+0900][240.333s][info][gc,phases   ] GC(832)   Pre Evacuate Collection Set: 0.0ms
[2026-03-25T22:12:35.122+0900][240.333s][info][gc,phases   ] GC(832)   Merge Heap Roots: 0.0ms
[2026-03-25T22:12:35.122+0900][240.333s][info][gc,phases   ] GC(832)   Evacuate Collection Set: 0.7ms
[2026-03-25T22:12:35.122+0900][240.333s][info][gc,phases   ] GC(832)   Post Evacuate Collection Set: 0.1ms
[2026-03-25T22:12:35.122+0900][240.333s][info][gc,phases   ] GC(832)   Other: 0.1ms
[2026-03-25T22:12:35.122+0900][240.333s][info][gc,heap     ] GC(832) Eden regions: 15->0(15)
[2026-03-25T22:12:35.122+0900][240.333s][info][gc,heap     ] GC(832) Survivor regions: 1->1(2)
[2026-03-25T22:12:35.122+0900][240.333s][info][gc,heap     ] GC(832) Old regions: 26->26
[2026-03-25T22:12:35.122+0900][240.333s][info][gc,heap     ] GC(832) Archive regions: 2->2
[2026-03-25T22:12:35.122+0900][240.333s][info][gc,heap     ] GC(832) Humongous regions: 24->24
[2026-03-25T22:12:35.122+0900][240.333s][info][gc,metaspace] GC(832) Metaspace: 104200K(105216K)->104200K(105216K) NonClass: 88930K(89472K)->88930K(89472K) Class: 15269K(15744K)->15269K(15744K)
[2026-03-25T22:12:35.122+0900][240.333s][info][gc          ] GC(832) Pause Young (Normal) (G1 Evacuation Pause) 262M->203M(308M) 1.075ms
[2026-03-25T22:12:35.122+0900][240.333s][info][gc,cpu      ] GC(832) User=0.01s Sys=0.00s Real=0.00s
[2026-03-25T22:12:35.289+0900][240.500s][info][gc,start    ] GC(833) Pause Young (Normal) (G1 Evacuation Pause)
[2026-03-25T22:12:35.290+0900][240.500s][info][gc,task     ] GC(833) Using 8 workers of 10 for evacuation
[2026-03-25T22:12:35.290+0900][240.501s][info][gc,phases   ] GC(833)   Pre Evacuate Collection Set: 0.0ms
[2026-03-25T22:12:35.290+0900][240.501s][info][gc,phases   ] GC(833)   Merge Heap Roots: 0.0ms
[2026-03-25T22:12:35.290+0900][240.501s][info][gc,phases   ] GC(833)   Evacuate Collection Set: 0.6ms
[2026-03-25T22:12:35.290+0900][240.501s][info][gc,phases   ] GC(833)   Post Evacuate Collection Set: 0.2ms
[2026-03-25T22:12:35.290+0900][240.501s][info][gc,phases   ] GC(833)   Other: 0.1ms
[2026-03-25T22:12:35.290+0900][240.501s][info][gc,heap     ] GC(833) Eden regions: 15->0(15)
[2026-03-25T22:12:35.290+0900][240.501s][info][gc,heap     ] GC(833) Survivor regions: 1->1(2)
[2026-03-25T22:12:35.290+0900][240.501s][info][gc,heap     ] GC(833) Old regions: 26->26
[2026-03-25T22:12:35.290+0900][240.501s][info][gc,heap     ] GC(833) Archive regions: 2->2
[2026-03-25T22:12:35.290+0900][240.501s][info][gc,heap     ] GC(833) Humongous regions: 24->24
[2026-03-25T22:12:35.290+0900][240.501s][info][gc,metaspace] GC(833) Metaspace: 104200K(105216K)->104200K(105216K) NonClass: 88930K(89472K)->88930K(89472K) Class: 15269K(15744K)->15269K(15744K)
[2026-03-25T22:12:35.290+0900][240.501s][info][gc          ] GC(833) Pause Young (Normal) (G1 Evacuation Pause) 263M->203M(308M) 1.022ms
[2026-03-25T22:12:35.291+0900][240.501s][info][gc,cpu      ] GC(833) User=0.00s Sys=0.00s Real=0.01s
[2026-03-25T22:12:35.470+0900][240.681s][info][gc,start    ] GC(834) Pause Young (Normal) (G1 Evacuation Pause)
[2026-03-25T22:12:35.470+0900][240.681s][info][gc,task     ] GC(834) Using 8 workers of 10 for evacuation
[2026-03-25T22:12:35.471+0900][240.682s][info][gc,phases   ] GC(834)   Pre Evacuate Collection Set: 0.1ms
[2026-03-25T22:12:35.471+0900][240.682s][info][gc,phases   ] GC(834)   Merge Heap Roots: 0.0ms
[2026-03-25T22:12:35.471+0900][240.682s][info][gc,phases   ] GC(834)   Evacuate Collection Set: 0.7ms
[2026-03-25T22:12:35.471+0900][240.682s][info][gc,phases   ] GC(834)   Post Evacuate Collection Set: 0.2ms
[2026-03-25T22:12:35.471+0900][240.682s][info][gc,phases   ] GC(834)   Other: 0.1ms
[2026-03-25T22:12:35.471+0900][240.682s][info][gc,heap     ] GC(834) Eden regions: 15->0(15)
[2026-03-25T22:12:35.471+0900][240.682s][info][gc,heap     ] GC(834) Survivor regions: 1->1(2)
[2026-03-25T22:12:35.471+0900][240.682s][info][gc,heap     ] GC(834) Old regions: 26->26
[2026-03-25T22:12:35.471+0900][240.682s][info][gc,heap     ] GC(834) Archive regions: 2->2
[2026-03-25T22:12:35.471+0900][240.682s][info][gc,heap     ] GC(834) Humongous regions: 24->24
[2026-03-25T22:12:35.471+0900][240.682s][info][gc,metaspace] GC(834) Metaspace: 104200K(105216K)->104200K(105216K) NonClass: 88930K(89472K)->88930K(89472K) Class: 15269K(15744K)->15269K(15744K)
[2026-03-25T22:12:35.471+0900][240.682s][info][gc          ] GC(834) Pause Young (Normal) (G1 Evacuation Pause) 263M->203M(308M) 1.030ms
[2026-03-25T22:12:35.471+0900][240.682s][info][gc,cpu      ] GC(834) User=0.01s Sys=0.00s Real=0.00s
[2026-03-25T22:12:35.639+0900][240.850s][info][gc,start    ] GC(835) Pause Young (Normal) (G1 Evacuation Pause)
[2026-03-25T22:12:35.639+0900][240.850s][info][gc,task     ] GC(835) Using 8 workers of 10 for evacuation
[2026-03-25T22:12:35.640+0900][240.851s][info][gc,phases   ] GC(835)   Pre Evacuate Collection Set: 0.0ms
[2026-03-25T22:12:35.640+0900][240.851s][info][gc,phases   ] GC(835)   Merge Heap Roots: 0.0ms
[2026-03-25T22:12:35.640+0900][240.851s][info][gc,phases   ] GC(835)   Evacuate Collection Set: 0.7ms
[2026-03-25T22:12:35.640+0900][240.851s][info][gc,phases   ] GC(835)   Post Evacuate Collection Set: 0.1ms
[2026-03-25T22:12:35.640+0900][240.851s][info][gc,phases   ] GC(835)   Other: 0.1ms
[2026-03-25T22:12:35.640+0900][240.851s][info][gc,heap     ] GC(835) Eden regions: 15->0(15)
[2026-03-25T22:12:35.640+0900][240.851s][info][gc,heap     ] GC(835) Survivor regions: 1->1(2)
[2026-03-25T22:12:35.640+0900][240.851s][info][gc,heap     ] GC(835) Old regions: 26->26
[2026-03-25T22:12:35.640+0900][240.851s][info][gc,heap     ] GC(835) Archive regions: 2->2
[2026-03-25T22:12:35.640+0900][240.851s][info][gc,heap     ] GC(835) Humongous regions: 24->24
[2026-03-25T22:12:35.640+0900][240.851s][info][gc,metaspace] GC(835) Metaspace: 104200K(105216K)->104200K(105216K) NonClass: 88930K(89472K)->88930K(89472K) Class: 15269K(15744K)->15269K(15744K)
[2026-03-25T22:12:35.640+0900][240.851s][info][gc          ] GC(835) Pause Young (Normal) (G1 Evacuation Pause) 263M->203M(308M) 1.043ms
[2026-03-25T22:12:35.640+0900][240.851s][info][gc,cpu      ] GC(835) User=0.01s Sys=0.00s Real=0.01s
[2026-03-25T22:12:35.875+0900][241.086s][info][gc,start    ] GC(836) Pause Young (Normal) (G1 Evacuation Pause)
[2026-03-25T22:12:35.875+0900][241.086s][info][gc,task     ] GC(836) Using 8 workers of 10 for evacuation
[2026-03-25T22:12:35.876+0900][241.087s][info][gc,phases   ] GC(836)   Pre Evacuate Collection Set: 0.1ms
[2026-03-25T22:12:35.876+0900][241.087s][info][gc,phases   ] GC(836)   Merge Heap Roots: 0.0ms
[2026-03-25T22:12:35.876+0900][241.087s][info][gc,phases   ] GC(836)   Evacuate Collection Set: 0.6ms
[2026-03-25T22:12:35.876+0900][241.087s][info][gc,phases   ] GC(836)   Post Evacuate Collection Set: 0.2ms
[2026-03-25T22:12:35.876+0900][241.087s][info][gc,phases   ] GC(836)   Other: 0.1ms
[2026-03-25T22:12:35.876+0900][241.087s][info][gc,heap     ] GC(836) Eden regions: 15->0(15)
[2026-03-25T22:12:35.876+0900][241.087s][info][gc,heap     ] GC(836) Survivor regions: 1->1(2)
[2026-03-25T22:12:35.876+0900][241.087s][info][gc,heap     ] GC(836) Old regions: 26->26
[2026-03-25T22:12:35.876+0900][241.087s][info][gc,heap     ] GC(836) Archive regions: 2->2
[2026-03-25T22:12:35.876+0900][241.087s][info][gc,heap     ] GC(836) Humongous regions: 24->24
[2026-03-25T22:12:35.876+0900][241.087s][info][gc,metaspace] GC(836) Metaspace: 104200K(105216K)->104200K(105216K) NonClass: 88930K(89472K)->88930K(89472K) Class: 15269K(15744K)->15269K(15744K)
[2026-03-25T22:12:35.876+0900][241.087s][info][gc          ] GC(836) Pause Young (Normal) (G1 Evacuation Pause) 263M->203M(308M) 0.991ms
[2026-03-25T22:12:35.876+0900][241.087s][info][gc,cpu      ] GC(836) User=0.00s Sys=0.00s Real=0.00s
[2026-03-25T22:12:36.164+0900][241.375s][info][gc,start    ] GC(837) Pause Young (Normal) (G1 Evacuation Pause)
[2026-03-25T22:12:36.164+0900][241.375s][info][gc,task     ] GC(837) Using 8 workers of 10 for evacuation
[2026-03-25T22:12:36.165+0900][241.376s][info][gc,phases   ] GC(837)   Pre Evacuate Collection Set: 0.1ms
[2026-03-25T22:12:36.165+0900][241.376s][info][gc,phases   ] GC(837)   Merge Heap Roots: 0.0ms
[2026-03-25T22:12:36.165+0900][241.376s][info][gc,phases   ] GC(837)   Evacuate Collection Set: 0.7ms
[2026-03-25T22:12:36.165+0900][241.376s][info][gc,phases   ] GC(837)   Post Evacuate Collection Set: 0.2ms
[2026-03-25T22:12:36.165+0900][241.376s][info][gc,phases   ] GC(837)   Other: 0.1ms
[2026-03-25T22:12:36.165+0900][241.376s][info][gc,heap     ] GC(837) Eden regions: 15->0(15)
[2026-03-25T22:12:36.165+0900][241.376s][info][gc,heap     ] GC(837) Survivor regions: 1->1(2)
[2026-03-25T22:12:36.165+0900][241.376s][info][gc,heap     ] GC(837) Old regions: 26->26
[2026-03-25T22:12:36.165+0900][241.376s][info][gc,heap     ] GC(837) Archive regions: 2->2
[2026-03-25T22:12:36.165+0900][241.376s][info][gc,heap     ] GC(837) Humongous regions: 24->24
[2026-03-25T22:12:36.165+0900][241.376s][info][gc,metaspace] GC(837) Metaspace: 104200K(105216K)->104200K(105216K) NonClass: 88930K(89472K)->88930K(89472K) Class: 15269K(15744K)->15269K(15744K)
[2026-03-25T22:12:36.165+0900][241.376s][info][gc          ] GC(837) Pause Young (Normal) (G1 Evacuation Pause) 263M->203M(308M) 1.099ms
[2026-03-25T22:12:36.165+0900][241.376s][info][gc,cpu      ] GC(837) User=0.00s Sys=0.00s Real=0.00s
[2026-03-25T22:12:36.478+0900][241.689s][info][gc,start    ] GC(838) Pause Young (Normal) (G1 Evacuation Pause)
[2026-03-25T22:12:36.478+0900][241.689s][info][gc,task     ] GC(838) Using 8 workers of 10 for evacuation
[2026-03-25T22:12:36.479+0900][241.690s][info][gc,phases   ] GC(838)   Pre Evacuate Collection Set: 0.1ms
[2026-03-25T22:12:36.479+0900][241.690s][info][gc,phases   ] GC(838)   Merge Heap Roots: 0.0ms
[2026-03-25T22:12:36.479+0900][241.690s][info][gc,phases   ] GC(838)   Evacuate Collection Set: 0.6ms
[2026-03-25T22:12:36.479+0900][241.690s][info][gc,phases   ] GC(838)   Post Evacuate Collection Set: 0.2ms
[2026-03-25T22:12:36.479+0900][241.690s][info][gc,phases   ] GC(838)   Other: 0.1ms
[2026-03-25T22:12:36.479+0900][241.690s][info][gc,heap     ] GC(838) Eden regions: 15->0(15)
[2026-03-25T22:12:36.479+0900][241.690s][info][gc,heap     ] GC(838) Survivor regions: 1->1(2)
[2026-03-25T22:12:36.479+0900][241.690s][info][gc,heap     ] GC(838) Old regions: 26->26
[2026-03-25T22:12:36.479+0900][241.690s][info][gc,heap     ] GC(838) Archive regions: 2->2
[2026-03-25T22:12:36.479+0900][241.690s][info][gc,heap     ] GC(838) Humongous regions: 24->24
[2026-03-25T22:12:36.479+0900][241.690s][info][gc,metaspace] GC(838) Metaspace: 104200K(105216K)->104200K(105216K) NonClass: 88930K(89472K)->88930K(89472K) Class: 15269K(15744K)->15269K(15744K)
[2026-03-25T22:12:36.479+0900][241.690s][info][gc          ] GC(838) Pause Young (Normal) (G1 Evacuation Pause) 263M->203M(308M) 1.045ms
[2026-03-25T22:12:36.479+0900][241.690s][info][gc,cpu      ] GC(838) User=0.00s Sys=0.00s Real=0.00s
[2026-03-25T22:12:36.689+0900][241.900s][info][gc,start    ] GC(839) Pause Young (Normal) (G1 Evacuation Pause)
[2026-03-25T22:12:36.689+0900][241.900s][info][gc,task     ] GC(839) Using 8 workers of 10 for evacuation
[2026-03-25T22:12:36.690+0900][241.901s][info][gc,phases   ] GC(839)   Pre Evacuate Collection Set: 0.1ms
[2026-03-25T22:12:36.690+0900][241.901s][info][gc,phases   ] GC(839)   Merge Heap Roots: 0.0ms
[2026-03-25T22:12:36.690+0900][241.901s][info][gc,phases   ] GC(839)   Evacuate Collection Set: 0.8ms
[2026-03-25T22:12:36.690+0900][241.901s][info][gc,phases   ] GC(839)   Post Evacuate Collection Set: 0.2ms
[2026-03-25T22:12:36.690+0900][241.901s][info][gc,phases   ] GC(839)   Other: 0.1ms
[2026-03-25T22:12:36.690+0900][241.901s][info][gc,heap     ] GC(839) Eden regions: 15->0(15)
[2026-03-25T22:12:36.691+0900][241.901s][info][gc,heap     ] GC(839) Survivor regions: 1->1(2)
[2026-03-25T22:12:36.691+0900][241.901s][info][gc,heap     ] GC(839) Old regions: 26->26
[2026-03-25T22:12:36.691+0900][241.901s][info][gc,heap     ] GC(839) Archive regions: 2->2
[2026-03-25T22:12:36.691+0900][241.901s][info][gc,heap     ] GC(839) Humongous regions: 24->24
[2026-03-25T22:12:36.691+0900][241.901s][info][gc,metaspace] GC(839) Metaspace: 104200K(105216K)->104200K(105216K) NonClass: 88931K(89472K)->88931K(89472K) Class: 15269K(15744K)->15269K(15744K)
[2026-03-25T22:12:36.691+0900][241.901s][info][gc          ] GC(839) Pause Young (Normal) (G1 Evacuation Pause) 263M->204M(308M) 1.267ms
[2026-03-25T22:12:36.691+0900][241.901s][info][gc,cpu      ] GC(839) User=0.01s Sys=0.00s Real=0.01s
[2026-03-25T22:12:36.851+0900][242.061s][info][gc,start    ] GC(840) Pause Young (Normal) (G1 Evacuation Pause)
[2026-03-25T22:12:36.851+0900][242.061s][info][gc,task     ] GC(840) Using 8 workers of 10 for evacuation
[2026-03-25T22:12:36.852+0900][242.063s][info][gc,phases   ] GC(840)   Pre Evacuate Collection Set: 0.1ms
[2026-03-25T22:12:36.852+0900][242.063s][info][gc,phases   ] GC(840)   Merge Heap Roots: 0.1ms
[2026-03-25T22:12:36.852+0900][242.063s][info][gc,phases   ] GC(840)   Evacuate Collection Set: 1.0ms
[2026-03-25T22:12:36.852+0900][242.063s][info][gc,phases   ] GC(840)   Post Evacuate Collection Set: 0.2ms
[2026-03-25T22:12:36.852+0900][242.063s][info][gc,phases   ] GC(840)   Other: 0.1ms
[2026-03-25T22:12:36.852+0900][242.063s][info][gc,heap     ] GC(840) Eden regions: 15->0(13)
[2026-03-25T22:12:36.852+0900][242.063s][info][gc,heap     ] GC(840) Survivor regions: 1->2(2)
[2026-03-25T22:12:36.852+0900][242.063s][info][gc,heap     ] GC(840) Old regions: 26->26
[2026-03-25T22:12:36.852+0900][242.063s][info][gc,heap     ] GC(840) Archive regions: 2->2
[2026-03-25T22:12:36.852+0900][242.063s][info][gc,heap     ] GC(840) Humongous regions: 24->24
[2026-03-25T22:12:36.852+0900][242.063s][info][gc,metaspace] GC(840) Metaspace: 104200K(105216K)->104200K(105216K) NonClass: 88931K(89472K)->88931K(89472K) Class: 15269K(15744K)->15269K(15744K)
[2026-03-25T22:12:36.852+0900][242.063s][info][gc          ] GC(840) Pause Young (Normal) (G1 Evacuation Pause) 264M->208M(308M) 1.396ms
[2026-03-25T22:12:36.852+0900][242.063s][info][gc,cpu      ] GC(840) User=0.01s Sys=0.00s Real=0.00s
[2026-03-25T22:12:36.979+0900][242.189s][info][gc,start    ] GC(841) Pause Young (Normal) (G1 Evacuation Pause)
[2026-03-25T22:12:36.979+0900][242.190s][info][gc,task     ] GC(841) Using 8 workers of 10 for evacuation
[2026-03-25T22:12:36.980+0900][242.191s][info][gc,phases   ] GC(841)   Pre Evacuate Collection Set: 0.1ms
[2026-03-25T22:12:36.980+0900][242.191s][info][gc,phases   ] GC(841)   Merge Heap Roots: 0.0ms
[2026-03-25T22:12:36.980+0900][242.191s][info][gc,phases   ] GC(841)   Evacuate Collection Set: 0.9ms
[2026-03-25T22:12:36.980+0900][242.191s][info][gc,phases   ] GC(841)   Post Evacuate Collection Set: 0.2ms
[2026-03-25T22:12:36.980+0900][242.191s][info][gc,phases   ] GC(841)   Other: 0.3ms
[2026-03-25T22:12:36.980+0900][242.191s][info][gc,heap     ] GC(841) Eden regions: 13->0(13)
[2026-03-25T22:12:36.980+0900][242.191s][info][gc,heap     ] GC(841) Survivor regions: 2->1(2)
[2026-03-25T22:12:36.980+0900][242.191s][info][gc,heap     ] GC(841) Old regions: 26->27
[2026-03-25T22:12:36.980+0900][242.191s][info][gc,heap     ] GC(841) Archive regions: 2->2
[2026-03-25T22:12:36.980+0900][242.191s][info][gc,heap     ] GC(841) Humongous regions: 24->24
[2026-03-25T22:12:36.980+0900][242.191s][info][gc,metaspace] GC(841) Metaspace: 104200K(105216K)->104200K(105216K) NonClass: 88931K(89472K)->88931K(89472K) Class: 15269K(15744K)->15269K(15744K)
[2026-03-25T22:12:36.980+0900][242.191s][info][gc          ] GC(841) Pause Young (Normal) (G1 Evacuation Pause) 260M->208M(308M) 1.538ms
[2026-03-25T22:12:36.980+0900][242.191s][info][gc,cpu      ] GC(841) User=0.01s Sys=0.01s Real=0.01s
[2026-03-25T22:12:37.154+0900][242.365s][info][gc,start    ] GC(842) Pause Young (Normal) (G1 Evacuation Pause)
[2026-03-25T22:12:37.154+0900][242.365s][info][gc,task     ] GC(842) Using 8 workers of 10 for evacuation
[2026-03-25T22:12:37.155+0900][242.366s][info][gc,phases   ] GC(842)   Pre Evacuate Collection Set: 0.0ms
[2026-03-25T22:12:37.155+0900][242.366s][info][gc,phases   ] GC(842)   Merge Heap Roots: 0.0ms
[2026-03-25T22:12:37.155+0900][242.366s][info][gc,phases   ] GC(842)   Evacuate Collection Set: 0.5ms
[2026-03-25T22:12:37.155+0900][242.366s][info][gc,phases   ] GC(842)   Post Evacuate Collection Set: 0.2ms
[2026-03-25T22:12:37.155+0900][242.366s][info][gc,phases   ] GC(842)   Other: 0.1ms
[2026-03-25T22:12:37.155+0900][242.366s][info][gc,heap     ] GC(842) Eden regions: 13->0(13)
[2026-03-25T22:12:37.155+0900][242.366s][info][gc,heap     ] GC(842) Survivor regions: 1->1(2)
[2026-03-25T22:12:37.155+0900][242.366s][info][gc,heap     ] GC(842) Old regions: 27->27
[2026-03-25T22:12:37.155+0900][242.366s][info][gc,heap     ] GC(842) Archive regions: 2->2
[2026-03-25T22:12:37.155+0900][242.366s][info][gc,heap     ] GC(842) Humongous regions: 24->24
[2026-03-25T22:12:37.155+0900][242.366s][info][gc,metaspace] GC(842) Metaspace: 104200K(105216K)->104200K(105216K) NonClass: 88931K(89472K)->88931K(89472K) Class: 15269K(15744K)->15269K(15744K)
[2026-03-25T22:12:37.155+0900][242.366s][info][gc          ] GC(842) Pause Young (Normal) (G1 Evacuation Pause) 260M->207M(308M) 0.854ms
[2026-03-25T22:12:37.155+0900][242.366s][info][gc,cpu      ] GC(842) User=0.00s Sys=0.00s Real=0.00s
[2026-03-25T22:12:37.483+0900][242.694s][info][gc,start    ] GC(843) Pause Young (Normal) (G1 Evacuation Pause)
[2026-03-25T22:12:37.483+0900][242.694s][info][gc,task     ] GC(843) Using 8 workers of 10 for evacuation
[2026-03-25T22:12:37.484+0900][242.695s][info][gc,phases   ] GC(843)   Pre Evacuate Collection Set: 0.0ms
[2026-03-25T22:12:37.484+0900][242.695s][info][gc,phases   ] GC(843)   Merge Heap Roots: 0.0ms
[2026-03-25T22:12:37.484+0900][242.695s][info][gc,phases   ] GC(843)   Evacuate Collection Set: 0.5ms
[2026-03-25T22:12:37.484+0900][242.695s][info][gc,phases   ] GC(843)   Post Evacuate Collection Set: 0.2ms
[2026-03-25T22:12:37.484+0900][242.695s][info][gc,phases   ] GC(843)   Other: 0.1ms
[2026-03-25T22:12:37.484+0900][242.695s][info][gc,heap     ] GC(843) Eden regions: 13->0(13)
[2026-03-25T22:12:37.484+0900][242.695s][info][gc,heap     ] GC(843) Survivor regions: 1->1(2)
[2026-03-25T22:12:37.484+0900][242.695s][info][gc,heap     ] GC(843) Old regions: 27->27
[2026-03-25T22:12:37.484+0900][242.695s][info][gc,heap     ] GC(843) Archive regions: 2->2
[2026-03-25T22:12:37.484+0900][242.695s][info][gc,heap     ] GC(843) Humongous regions: 24->24
[2026-03-25T22:12:37.484+0900][242.695s][info][gc,metaspace] GC(843) Metaspace: 104200K(105216K)->104200K(105216K) NonClass: 88931K(89472K)->88931K(89472K) Class: 15269K(15744K)->15269K(15744K)
[2026-03-25T22:12:37.484+0900][242.695s][info][gc          ] GC(843) Pause Young (Normal) (G1 Evacuation Pause) 259M->208M(308M) 0.930ms
[2026-03-25T22:12:37.484+0900][242.695s][info][gc,cpu      ] GC(843) User=0.01s Sys=0.00s Real=0.00s
[2026-03-25T22:12:37.838+0900][243.049s][info][gc,start    ] GC(844) Pause Young (Normal) (G1 Evacuation Pause)
[2026-03-25T22:12:37.838+0900][243.049s][info][gc,task     ] GC(844) Using 8 workers of 10 for evacuation
[2026-03-25T22:12:37.839+0900][243.050s][info][gc,phases   ] GC(844)   Pre Evacuate Collection Set: 0.0ms
[2026-03-25T22:12:37.839+0900][243.050s][info][gc,phases   ] GC(844)   Merge Heap Roots: 0.1ms
[2026-03-25T22:12:37.839+0900][243.050s][info][gc,phases   ] GC(844)   Evacuate Collection Set: 0.6ms
[2026-03-25T22:12:37.839+0900][243.050s][info][gc,phases   ] GC(844)   Post Evacuate Collection Set: 0.2ms
[2026-03-25T22:12:37.839+0900][243.050s][info][gc,phases   ] GC(844)   Other: 0.1ms
[2026-03-25T22:12:37.839+0900][243.050s][info][gc,heap     ] GC(844) Eden regions: 13->0(13)
[2026-03-25T22:12:37.839+0900][243.050s][info][gc,heap     ] GC(844) Survivor regions: 1->1(2)
[2026-03-25T22:12:37.839+0900][243.050s][info][gc,heap     ] GC(844) Old regions: 27->27
[2026-03-25T22:12:37.839+0900][243.050s][info][gc,heap     ] GC(844) Archive regions: 2->2
[2026-03-25T22:12:37.839+0900][243.050s][info][gc,heap     ] GC(844) Humongous regions: 24->24
[2026-03-25T22:12:37.839+0900][243.050s][info][gc,metaspace] GC(844) Metaspace: 104200K(105216K)->104200K(105216K) NonClass: 88931K(89472K)->88931K(89472K) Class: 15269K(15744K)->15269K(15744K)
[2026-03-25T22:12:37.839+0900][243.050s][info][gc          ] GC(844) Pause Young (Normal) (G1 Evacuation Pause) 260M->208M(308M) 0.954ms
[2026-03-25T22:12:37.839+0900][243.050s][info][gc,cpu      ] GC(844) User=0.01s Sys=0.00s Real=0.00s
[2026-03-25T22:12:38.030+0900][243.241s][info][gc,start    ] GC(845) Pause Young (Normal) (G1 Evacuation Pause)
[2026-03-25T22:12:38.030+0900][243.241s][info][gc,task     ] GC(845) Using 8 workers of 10 for evacuation
[2026-03-25T22:12:38.031+0900][243.242s][info][gc,phases   ] GC(845)   Pre Evacuate Collection Set: 0.1ms
[2026-03-25T22:12:38.031+0900][243.242s][info][gc,phases   ] GC(845)   Merge Heap Roots: 0.0ms
[2026-03-25T22:12:38.031+0900][243.242s][info][gc,phases   ] GC(845)   Evacuate Collection Set: 0.5ms
[2026-03-25T22:12:38.031+0900][243.242s][info][gc,phases   ] GC(845)   Post Evacuate Collection Set: 0.2ms
[2026-03-25T22:12:38.031+0900][243.242s][info][gc,phases   ] GC(845)   Other: 0.1ms
[2026-03-25T22:12:38.031+0900][243.242s][info][gc,heap     ] GC(845) Eden regions: 13->0(14)
[2026-03-25T22:12:38.031+0900][243.242s][info][gc,heap     ] GC(845) Survivor regions: 1->1(2)
[2026-03-25T22:12:38.031+0900][243.242s][info][gc,heap     ] GC(845) Old regions: 27->27
[2026-03-25T22:12:38.031+0900][243.242s][info][gc,heap     ] GC(845) Archive regions: 2->2
[2026-03-25T22:12:38.031+0900][243.242s][info][gc,heap     ] GC(845) Humongous regions: 24->24
[2026-03-25T22:12:38.031+0900][243.242s][info][gc,metaspace] GC(845) Metaspace: 104200K(105216K)->104200K(105216K) NonClass: 88931K(89472K)->88931K(89472K) Class: 15269K(15744K)->15269K(15744K)
[2026-03-25T22:12:38.031+0900][243.242s][info][gc          ] GC(845) Pause Young (Normal) (G1 Evacuation Pause) 260M->208M(308M) 0.935ms
[2026-03-25T22:12:38.031+0900][243.242s][info][gc,cpu      ] GC(845) User=0.00s Sys=0.00s Real=0.00s
[2026-03-25T22:12:38.251+0900][243.462s][info][gc,start    ] GC(846) Pause Young (Normal) (G1 Evacuation Pause)
[2026-03-25T22:12:38.251+0900][243.462s][info][gc,task     ] GC(846) Using 8 workers of 10 for evacuation
[2026-03-25T22:12:38.252+0900][243.463s][info][gc,phases   ] GC(846)   Pre Evacuate Collection Set: 0.1ms
[2026-03-25T22:12:38.252+0900][243.463s][info][gc,phases   ] GC(846)   Merge Heap Roots: 0.1ms
[2026-03-25T22:12:38.252+0900][243.463s][info][gc,phases   ] GC(846)   Evacuate Collection Set: 0.5ms
[2026-03-25T22:12:38.252+0900][243.463s][info][gc,phases   ] GC(846)   Post Evacuate Collection Set: 0.2ms
[2026-03-25T22:12:38.252+0900][243.463s][info][gc,phases   ] GC(846)   Other: 0.1ms
[2026-03-25T22:12:38.252+0900][243.463s][info][gc,heap     ] GC(846) Eden regions: 14->0(14)
[2026-03-25T22:12:38.252+0900][243.463s][info][gc,heap     ] GC(846) Survivor regions: 1->1(2)
[2026-03-25T22:12:38.252+0900][243.463s][info][gc,heap     ] GC(846) Old regions: 27->27
[2026-03-25T22:12:38.252+0900][243.463s][info][gc,heap     ] GC(846) Archive regions: 2->2
[2026-03-25T22:12:38.252+0900][243.463s][info][gc,heap     ] GC(846) Humongous regions: 24->24
[2026-03-25T22:12:38.252+0900][243.463s][info][gc,metaspace] GC(846) Metaspace: 104200K(105216K)->104200K(105216K) NonClass: 88931K(89472K)->88931K(89472K) Class: 15269K(15744K)->15269K(15744K)
[2026-03-25T22:12:38.252+0900][243.463s][info][gc          ] GC(846) Pause Young (Normal) (G1 Evacuation Pause) 264M->208M(308M) 0.955ms
[2026-03-25T22:12:38.252+0900][243.463s][info][gc,cpu      ] GC(846) User=0.00s Sys=0.00s Real=0.00s
[2026-03-25T22:12:38.484+0900][243.695s][info][gc,start    ] GC(847) Pause Young (Normal) (G1 Evacuation Pause)
[2026-03-25T22:12:38.484+0900][243.695s][info][gc,task     ] GC(847) Using 8 workers of 10 for evacuation
[2026-03-25T22:12:38.485+0900][243.696s][info][gc,phases   ] GC(847)   Pre Evacuate Collection Set: 0.1ms
[2026-03-25T22:12:38.485+0900][243.696s][info][gc,phases   ] GC(847)   Merge Heap Roots: 0.1ms
[2026-03-25T22:12:38.485+0900][243.696s][info][gc,phases   ] GC(847)   Evacuate Collection Set: 0.7ms
[2026-03-25T22:12:38.485+0900][243.696s][info][gc,phases   ] GC(847)   Post Evacuate Collection Set: 0.2ms
[2026-03-25T22:12:38.485+0900][243.696s][info][gc,phases   ] GC(847)   Other: 0.1ms
[2026-03-25T22:12:38.485+0900][243.696s][info][gc,heap     ] GC(847) Eden regions: 14->0(14)
[2026-03-25T22:12:38.485+0900][243.696s][info][gc,heap     ] GC(847) Survivor regions: 1->1(2)
[2026-03-25T22:12:38.485+0900][243.696s][info][gc,heap     ] GC(847) Old regions: 27->27
[2026-03-25T22:12:38.485+0900][243.696s][info][gc,heap     ] GC(847) Archive regions: 2->2
[2026-03-25T22:12:38.485+0900][243.696s][info][gc,heap     ] GC(847) Humongous regions: 24->24
[2026-03-25T22:12:38.485+0900][243.696s][info][gc,metaspace] GC(847) Metaspace: 104200K(105216K)->104200K(105216K) NonClass: 88931K(89472K)->88931K(89472K) Class: 15269K(15744K)->15269K(15744K)
[2026-03-25T22:12:38.485+0900][243.696s][info][gc          ] GC(847) Pause Young (Normal) (G1 Evacuation Pause) 264M->208M(308M) 1.201ms
[2026-03-25T22:12:38.485+0900][243.696s][info][gc,cpu      ] GC(847) User=0.00s Sys=0.00s Real=0.00s
[2026-03-25T22:12:38.775+0900][243.986s][info][gc,start    ] GC(848) Pause Young (Normal) (G1 Evacuation Pause)
[2026-03-25T22:12:38.776+0900][243.986s][info][gc,task     ] GC(848) Using 8 workers of 10 for evacuation
[2026-03-25T22:12:38.777+0900][243.987s][info][gc,phases   ] GC(848)   Pre Evacuate Collection Set: 0.0ms
[2026-03-25T22:12:38.777+0900][243.987s][info][gc,phases   ] GC(848)   Merge Heap Roots: 0.0ms
[2026-03-25T22:12:38.777+0900][243.987s][info][gc,phases   ] GC(848)   Evacuate Collection Set: 0.8ms
[2026-03-25T22:12:38.777+0900][243.987s][info][gc,phases   ] GC(848)   Post Evacuate Collection Set: 0.2ms
[2026-03-25T22:12:38.777+0900][243.987s][info][gc,phases   ] GC(848)   Other: 0.1ms
[2026-03-25T22:12:38.777+0900][243.987s][info][gc,heap     ] GC(848) Eden regions: 14->0(14)
[2026-03-25T22:12:38.777+0900][243.987s][info][gc,heap     ] GC(848) Survivor regions: 1->1(2)
[2026-03-25T22:12:38.777+0900][243.987s][info][gc,heap     ] GC(848) Old regions: 27->27
[2026-03-25T22:12:38.777+0900][243.987s][info][gc,heap     ] GC(848) Archive regions: 2->2
[2026-03-25T22:12:38.777+0900][243.987s][info][gc,heap     ] GC(848) Humongous regions: 24->24
[2026-03-25T22:12:38.777+0900][243.987s][info][gc,metaspace] GC(848) Metaspace: 104200K(105216K)->104200K(105216K) NonClass: 88931K(89472K)->88931K(89472K) Class: 15269K(15744K)->15269K(15744K)
[2026-03-25T22:12:38.777+0900][243.987s][info][gc          ] GC(848) Pause Young (Normal) (G1 Evacuation Pause) 264M->209M(308M) 1.197ms
[2026-03-25T22:12:38.777+0900][243.987s][info][gc,cpu      ] GC(848) User=0.00s Sys=0.00s Real=0.00s
[2026-03-25T22:12:38.983+0900][244.194s][info][gc,start    ] GC(849) Pause Young (Normal) (G1 Evacuation Pause)
[2026-03-25T22:12:38.983+0900][244.194s][info][gc,task     ] GC(849) Using 8 workers of 10 for evacuation
[2026-03-25T22:12:38.984+0900][244.195s][info][gc,phases   ] GC(849)   Pre Evacuate Collection Set: 0.0ms
[2026-03-25T22:12:38.984+0900][244.195s][info][gc,phases   ] GC(849)   Merge Heap Roots: 0.0ms
[2026-03-25T22:12:38.984+0900][244.195s][info][gc,phases   ] GC(849)   Evacuate Collection Set: 0.5ms
[2026-03-25T22:12:38.984+0900][244.195s][info][gc,phases   ] GC(849)   Post Evacuate Collection Set: 0.2ms
[2026-03-25T22:12:38.984+0900][244.195s][info][gc,phases   ] GC(849)   Other: 0.1ms
[2026-03-25T22:12:38.984+0900][244.195s][info][gc,heap     ] GC(849) Eden regions: 14->0(14)
[2026-03-25T22:12:38.984+0900][244.195s][info][gc,heap     ] GC(849) Survivor regions: 1->1(2)
[2026-03-25T22:12:38.984+0900][244.195s][info][gc,heap     ] GC(849) Old regions: 27->27
[2026-03-25T22:12:38.984+0900][244.195s][info][gc,heap     ] GC(849) Archive regions: 2->2
[2026-03-25T22:12:38.984+0900][244.195s][info][gc,heap     ] GC(849) Humongous regions: 24->24
[2026-03-25T22:12:38.984+0900][244.195s][info][gc,metaspace] GC(849) Metaspace: 104200K(105216K)->104200K(105216K) NonClass: 88931K(89472K)->88931K(89472K) Class: 15269K(15744K)->15269K(15744K)
[2026-03-25T22:12:38.984+0900][244.195s][info][gc          ] GC(849) Pause Young (Normal) (G1 Evacuation Pause) 265M->208M(308M) 0.892ms
[2026-03-25T22:12:38.984+0900][244.195s][info][gc,cpu      ] GC(849) User=0.01s Sys=0.00s Real=0.00s
[2026-03-25T22:12:39.161+0900][244.372s][info][gc,start    ] GC(850) Pause Young (Normal) (G1 Evacuation Pause)
[2026-03-25T22:12:39.161+0900][244.372s][info][gc,task     ] GC(850) Using 8 workers of 10 for evacuation
[2026-03-25T22:12:39.162+0900][244.373s][info][gc,phases   ] GC(850)   Pre Evacuate Collection Set: 0.1ms
[2026-03-25T22:12:39.162+0900][244.373s][info][gc,phases   ] GC(850)   Merge Heap Roots: 0.0ms
[2026-03-25T22:12:39.162+0900][244.373s][info][gc,phases   ] GC(850)   Evacuate Collection Set: 0.7ms
[2026-03-25T22:12:39.162+0900][244.373s][info][gc,phases   ] GC(850)   Post Evacuate Collection Set: 0.2ms
[2026-03-25T22:12:39.162+0900][244.373s][info][gc,phases   ] GC(850)   Other: 0.1ms
[2026-03-25T22:12:39.162+0900][244.373s][info][gc,heap     ] GC(850) Eden regions: 14->0(14)
[2026-03-25T22:12:39.162+0900][244.373s][info][gc,heap     ] GC(850) Survivor regions: 1->1(2)
[2026-03-25T22:12:39.162+0900][244.373s][info][gc,heap     ] GC(850) Old regions: 27->27
[2026-03-25T22:12:39.162+0900][244.373s][info][gc,heap     ] GC(850) Archive regions: 2->2
[2026-03-25T22:12:39.162+0900][244.373s][info][gc,heap     ] GC(850) Humongous regions: 24->24
[2026-03-25T22:12:39.162+0900][244.373s][info][gc,metaspace] GC(850) Metaspace: 104200K(105216K)->104200K(105216K) NonClass: 88931K(89472K)->88931K(89472K) Class: 15269K(15744K)->15269K(15744K)
[2026-03-25T22:12:39.162+0900][244.373s][info][gc          ] GC(850) Pause Young (Normal) (G1 Evacuation Pause) 264M->209M(308M) 1.122ms
[2026-03-25T22:12:39.162+0900][244.373s][info][gc,cpu      ] GC(850) User=0.01s Sys=0.00s Real=0.00s
[2026-03-25T22:12:39.436+0900][244.647s][info][gc,start    ] GC(851) Pause Young (Normal) (G1 Evacuation Pause)
[2026-03-25T22:12:39.436+0900][244.647s][info][gc,task     ] GC(851) Using 8 workers of 10 for evacuation
[2026-03-25T22:12:39.437+0900][244.648s][info][gc,phases   ] GC(851)   Pre Evacuate Collection Set: 0.1ms
[2026-03-25T22:12:39.437+0900][244.648s][info][gc,phases   ] GC(851)   Merge Heap Roots: 0.0ms
[2026-03-25T22:12:39.437+0900][244.648s][info][gc,phases   ] GC(851)   Evacuate Collection Set: 0.7ms
[2026-03-25T22:12:39.437+0900][244.648s][info][gc,phases   ] GC(851)   Post Evacuate Collection Set: 0.2ms
[2026-03-25T22:12:39.437+0900][244.648s][info][gc,phases   ] GC(851)   Other: 0.1ms
[2026-03-25T22:12:39.437+0900][244.648s][info][gc,heap     ] GC(851) Eden regions: 14->0(14)
[2026-03-25T22:12:39.437+0900][244.648s][info][gc,heap     ] GC(851) Survivor regions: 1->1(2)
[2026-03-25T22:12:39.437+0900][244.648s][info][gc,heap     ] GC(851) Old regions: 27->27
[2026-03-25T22:12:39.437+0900][244.648s][info][gc,heap     ] GC(851) Archive regions: 2->2
[2026-03-25T22:12:39.437+0900][244.648s][info][gc,heap     ] GC(851) Humongous regions: 24->24
[2026-03-25T22:12:39.437+0900][244.648s][info][gc,metaspace] GC(851) Metaspace: 104200K(105216K)->104200K(105216K) NonClass: 88931K(89472K)->88931K(89472K) Class: 15269K(15744K)->15269K(15744K)
[2026-03-25T22:12:39.437+0900][244.648s][info][gc          ] GC(851) Pause Young (Normal) (G1 Evacuation Pause) 265M->209M(308M) 1.206ms
[2026-03-25T22:12:39.437+0900][244.648s][info][gc,cpu      ] GC(851) User=0.01s Sys=0.00s Real=0.00s
[2026-03-25T22:12:39.622+0900][244.833s][info][gc,start    ] GC(852) Pause Young (Normal) (G1 Evacuation Pause)
[2026-03-25T22:12:39.622+0900][244.833s][info][gc,task     ] GC(852) Using 8 workers of 10 for evacuation
[2026-03-25T22:12:39.623+0900][244.834s][info][gc,phases   ] GC(852)   Pre Evacuate Collection Set: 0.1ms
[2026-03-25T22:12:39.623+0900][244.834s][info][gc,phases   ] GC(852)   Merge Heap Roots: 0.1ms
[2026-03-25T22:12:39.623+0900][244.834s][info][gc,phases   ] GC(852)   Evacuate Collection Set: 0.7ms
[2026-03-25T22:12:39.623+0900][244.834s][info][gc,phases   ] GC(852)   Post Evacuate Collection Set: 0.2ms
[2026-03-25T22:12:39.623+0900][244.834s][info][gc,phases   ] GC(852)   Other: 0.1ms
[2026-03-25T22:12:39.623+0900][244.834s][info][gc,heap     ] GC(852) Eden regions: 14->0(14)
[2026-03-25T22:12:39.623+0900][244.834s][info][gc,heap     ] GC(852) Survivor regions: 1->1(2)
[2026-03-25T22:12:39.623+0900][244.834s][info][gc,heap     ] GC(852) Old regions: 27->27
[2026-03-25T22:12:39.623+0900][244.834s][info][gc,heap     ] GC(852) Archive regions: 2->2
[2026-03-25T22:12:39.623+0900][244.834s][info][gc,heap     ] GC(852) Humongous regions: 24->24
[2026-03-25T22:12:39.623+0900][244.834s][info][gc,metaspace] GC(852) Metaspace: 104200K(105216K)->104200K(105216K) NonClass: 88931K(89472K)->88931K(89472K) Class: 15269K(15744K)->15269K(15744K)
[2026-03-25T22:12:39.624+0900][244.834s][info][gc          ] GC(852) Pause Young (Normal) (G1 Evacuation Pause) 265M->209M(308M) 1.190ms
[2026-03-25T22:12:39.624+0900][244.834s][info][gc,cpu      ] GC(852) User=0.01s Sys=0.00s Real=0.00s
[2026-03-25T22:12:39.780+0900][244.991s][info][gc,start    ] GC(853) Pause Young (Normal) (G1 Evacuation Pause)
[2026-03-25T22:12:39.780+0900][244.991s][info][gc,task     ] GC(853) Using 8 workers of 10 for evacuation
[2026-03-25T22:12:39.781+0900][244.992s][info][gc,phases   ] GC(853)   Pre Evacuate Collection Set: 0.1ms
[2026-03-25T22:12:39.781+0900][244.992s][info][gc,phases   ] GC(853)   Merge Heap Roots: 0.0ms
[2026-03-25T22:12:39.781+0900][244.992s][info][gc,phases   ] GC(853)   Evacuate Collection Set: 0.9ms
[2026-03-25T22:12:39.781+0900][244.992s][info][gc,phases   ] GC(853)   Post Evacuate Collection Set: 0.1ms
[2026-03-25T22:12:39.781+0900][244.992s][info][gc,phases   ] GC(853)   Other: 0.1ms
[2026-03-25T22:12:39.781+0900][244.992s][info][gc,heap     ] GC(853) Eden regions: 14->0(14)
[2026-03-25T22:12:39.781+0900][244.992s][info][gc,heap     ] GC(853) Survivor regions: 1->1(2)
[2026-03-25T22:12:39.781+0900][244.992s][info][gc,heap     ] GC(853) Old regions: 27->27
[2026-03-25T22:12:39.781+0900][244.992s][info][gc,heap     ] GC(853) Archive regions: 2->2
[2026-03-25T22:12:39.781+0900][244.992s][info][gc,heap     ] GC(853) Humongous regions: 24->24
[2026-03-25T22:12:39.781+0900][244.992s][info][gc,metaspace] GC(853) Metaspace: 104200K(105216K)->104200K(105216K) NonClass: 88931K(89472K)->88931K(89472K) Class: 15269K(15744K)->15269K(15744K)
[2026-03-25T22:12:39.781+0900][244.992s][info][gc          ] GC(853) Pause Young (Normal) (G1 Evacuation Pause) 265M->209M(308M) 1.246ms
[2026-03-25T22:12:39.781+0900][244.992s][info][gc,cpu      ] GC(853) User=0.01s Sys=0.00s Real=0.00s
[2026-03-25T22:12:39.962+0900][245.173s][info][gc,start    ] GC(854) Pause Young (Normal) (G1 Evacuation Pause)
[2026-03-25T22:12:39.962+0900][245.173s][info][gc,task     ] GC(854) Using 8 workers of 10 for evacuation
[2026-03-25T22:12:39.963+0900][245.174s][info][gc,phases   ] GC(854)   Pre Evacuate Collection Set: 0.1ms
[2026-03-25T22:12:39.963+0900][245.174s][info][gc,phases   ] GC(854)   Merge Heap Roots: 0.0ms
[2026-03-25T22:12:39.963+0900][245.174s][info][gc,phases   ] GC(854)   Evacuate Collection Set: 0.8ms
[2026-03-25T22:12:39.963+0900][245.174s][info][gc,phases   ] GC(854)   Post Evacuate Collection Set: 0.2ms
[2026-03-25T22:12:39.963+0900][245.174s][info][gc,phases   ] GC(854)   Other: 0.1ms
[2026-03-25T22:12:39.963+0900][245.174s][info][gc,heap     ] GC(854) Eden regions: 14->0(14)
[2026-03-25T22:12:39.963+0900][245.174s][info][gc,heap     ] GC(854) Survivor regions: 1->1(2)
[2026-03-25T22:12:39.963+0900][245.174s][info][gc,heap     ] GC(854) Old regions: 27->27
[2026-03-25T22:12:39.963+0900][245.174s][info][gc,heap     ] GC(854) Archive regions: 2->2
[2026-03-25T22:12:39.963+0900][245.174s][info][gc,heap     ] GC(854) Humongous regions: 24->24
[2026-03-25T22:12:39.963+0900][245.174s][info][gc,metaspace] GC(854) Metaspace: 104200K(105216K)->104200K(105216K) NonClass: 88931K(89472K)->88931K(89472K) Class: 15269K(15744K)->15269K(15744K)
[2026-03-25T22:12:39.963+0900][245.174s][info][gc          ] GC(854) Pause Young (Normal) (G1 Evacuation Pause) 265M->210M(308M) 1.232ms
[2026-03-25T22:12:39.963+0900][245.174s][info][gc,cpu      ] GC(854) User=0.01s Sys=0.00s Real=0.00s
[2026-03-25T22:12:40.147+0900][245.357s][info][gc,start    ] GC(855) Pause Young (Normal) (G1 Evacuation Pause)
[2026-03-25T22:12:40.147+0900][245.357s][info][gc,task     ] GC(855) Using 8 workers of 10 for evacuation
[2026-03-25T22:12:40.148+0900][245.359s][info][gc,phases   ] GC(855)   Pre Evacuate Collection Set: 0.1ms
[2026-03-25T22:12:40.148+0900][245.359s][info][gc,phases   ] GC(855)   Merge Heap Roots: 0.0ms
[2026-03-25T22:12:40.148+0900][245.359s][info][gc,phases   ] GC(855)   Evacuate Collection Set: 1.1ms
[2026-03-25T22:12:40.148+0900][245.359s][info][gc,phases   ] GC(855)   Post Evacuate Collection Set: 0.2ms
[2026-03-25T22:12:40.148+0900][245.359s][info][gc,phases   ] GC(855)   Other: 0.1ms
[2026-03-25T22:12:40.148+0900][245.359s][info][gc,heap     ] GC(855) Eden regions: 14->0(12)
[2026-03-25T22:12:40.148+0900][245.359s][info][gc,heap     ] GC(855) Survivor regions: 1->2(2)
[2026-03-25T22:12:40.148+0900][245.359s][info][gc,heap     ] GC(855) Old regions: 27->27
[2026-03-25T22:12:40.148+0900][245.359s][info][gc,heap     ] GC(855) Archive regions: 2->2
[2026-03-25T22:12:40.148+0900][245.359s][info][gc,heap     ] GC(855) Humongous regions: 24->24
[2026-03-25T22:12:40.148+0900][245.359s][info][gc,metaspace] GC(855) Metaspace: 104200K(105216K)->104200K(105216K) NonClass: 88931K(89472K)->88931K(89472K) Class: 15269K(15744K)->15269K(15744K)
[2026-03-25T22:12:40.148+0900][245.359s][info][gc          ] GC(855) Pause Young (Normal) (G1 Evacuation Pause) 266M->210M(308M) 1.479ms
[2026-03-25T22:12:40.148+0900][245.359s][info][gc,cpu      ] GC(855) User=0.00s Sys=0.00s Real=0.00s
[2026-03-25T22:12:40.302+0900][245.512s][info][gc,start    ] GC(856) Pause Young (Normal) (G1 Evacuation Pause)
[2026-03-25T22:12:40.302+0900][245.512s][info][gc,task     ] GC(856) Using 8 workers of 10 for evacuation
[2026-03-25T22:12:40.303+0900][245.514s][info][gc,phases   ] GC(856)   Pre Evacuate Collection Set: 0.0ms
[2026-03-25T22:12:40.303+0900][245.514s][info][gc,phases   ] GC(856)   Merge Heap Roots: 0.0ms
[2026-03-25T22:12:40.303+0900][245.514s][info][gc,phases   ] GC(856)   Evacuate Collection Set: 1.0ms
[2026-03-25T22:12:40.303+0900][245.514s][info][gc,phases   ] GC(856)   Post Evacuate Collection Set: 0.2ms
[2026-03-25T22:12:40.303+0900][245.514s][info][gc,phases   ] GC(856)   Other: 0.1ms
[2026-03-25T22:12:40.303+0900][245.514s][info][gc,heap     ] GC(856) Eden regions: 12->0(12)
[2026-03-25T22:12:40.303+0900][245.514s][info][gc,heap     ] GC(856) Survivor regions: 2->2(2)
[2026-03-25T22:12:40.303+0900][245.514s][info][gc,heap     ] GC(856) Old regions: 27->27
[2026-03-25T22:12:40.303+0900][245.514s][info][gc,heap     ] GC(856) Archive regions: 2->2
[2026-03-25T22:12:40.303+0900][245.514s][info][gc,heap     ] GC(856) Humongous regions: 24->24
[2026-03-25T22:12:40.303+0900][245.514s][info][gc,metaspace] GC(856) Metaspace: 104200K(105216K)->104200K(105216K) NonClass: 88931K(89472K)->88931K(89472K) Class: 15269K(15744K)->15269K(15744K)
[2026-03-25T22:12:40.303+0900][245.514s][info][gc          ] GC(856) Pause Young (Normal) (G1 Evacuation Pause) 258M->211M(308M) 1.422ms
[2026-03-25T22:12:40.303+0900][245.514s][info][gc,cpu      ] GC(856) User=0.01s Sys=0.00s Real=0.00s
[2026-03-25T22:12:40.444+0900][245.655s][info][gc,start    ] GC(857) Pause Young (Normal) (G1 Evacuation Pause)
[2026-03-25T22:12:40.444+0900][245.655s][info][gc,task     ] GC(857) Using 8 workers of 10 for evacuation
[2026-03-25T22:12:40.446+0900][245.656s][info][gc,phases   ] GC(857)   Pre Evacuate Collection Set: 0.0ms
[2026-03-25T22:12:40.446+0900][245.656s][info][gc,phases   ] GC(857)   Merge Heap Roots: 0.0ms
[2026-03-25T22:12:40.446+0900][245.656s][info][gc,phases   ] GC(857)   Evacuate Collection Set: 0.9ms
[2026-03-25T22:12:40.446+0900][245.656s][info][gc,phases   ] GC(857)   Post Evacuate Collection Set: 0.1ms
[2026-03-25T22:12:40.446+0900][245.656s][info][gc,phases   ] GC(857)   Other: 0.1ms
[2026-03-25T22:12:40.446+0900][245.656s][info][gc,heap     ] GC(857) Eden regions: 12->0(12)
[2026-03-25T22:12:40.446+0900][245.656s][info][gc,heap     ] GC(857) Survivor regions: 2->2(2)
[2026-03-25T22:12:40.446+0900][245.656s][info][gc,heap     ] GC(857) Old regions: 27->27
[2026-03-25T22:12:40.446+0900][245.656s][info][gc,heap     ] GC(857) Archive regions: 2->2
[2026-03-25T22:12:40.446+0900][245.656s][info][gc,heap     ] GC(857) Humongous regions: 24->24
[2026-03-25T22:12:40.446+0900][245.656s][info][gc,metaspace] GC(857) Metaspace: 104200K(105216K)->104200K(105216K) NonClass: 88931K(89472K)->88931K(89472K) Class: 15269K(15744K)->15269K(15744K)
[2026-03-25T22:12:40.446+0900][245.656s][info][gc          ] GC(857) Pause Young (Normal) (G1 Evacuation Pause) 259M->211M(308M) 1.282ms
[2026-03-25T22:12:40.446+0900][245.656s][info][gc,cpu      ] GC(857) User=0.01s Sys=0.00s Real=0.00s
[2026-03-25T22:12:40.577+0900][245.788s][info][gc,start    ] GC(858) Pause Young (Normal) (G1 Evacuation Pause)
[2026-03-25T22:12:40.577+0900][245.788s][info][gc,task     ] GC(858) Using 8 workers of 10 for evacuation
[2026-03-25T22:12:40.578+0900][245.789s][info][gc,phases   ] GC(858)   Pre Evacuate Collection Set: 0.1ms
[2026-03-25T22:12:40.578+0900][245.789s][info][gc,phases   ] GC(858)   Merge Heap Roots: 0.0ms
[2026-03-25T22:12:40.578+0900][245.789s][info][gc,phases   ] GC(858)   Evacuate Collection Set: 0.6ms
[2026-03-25T22:12:40.578+0900][245.789s][info][gc,phases   ] GC(858)   Post Evacuate Collection Set: 0.2ms
[2026-03-25T22:12:40.578+0900][245.789s][info][gc,phases   ] GC(858)   Other: 0.1ms
[2026-03-25T22:12:40.578+0900][245.789s][info][gc,heap     ] GC(858) Eden regions: 12->0(14)
[2026-03-25T22:12:40.578+0900][245.789s][info][gc,heap     ] GC(858) Survivor regions: 2->1(2)
[2026-03-25T22:12:40.578+0900][245.789s][info][gc,heap     ] GC(858) Old regions: 27->27
[2026-03-25T22:12:40.578+0900][245.789s][info][gc,heap     ] GC(858) Archive regions: 2->2
[2026-03-25T22:12:40.578+0900][245.789s][info][gc,heap     ] GC(858) Humongous regions: 24->24
[2026-03-25T22:12:40.578+0900][245.789s][info][gc,metaspace] GC(858) Metaspace: 104200K(105216K)->104200K(105216K) NonClass: 88931K(89472K)->88931K(89472K) Class: 15269K(15744K)->15269K(15744K)
[2026-03-25T22:12:40.578+0900][245.789s][info][gc          ] GC(858) Pause Young (Normal) (G1 Evacuation Pause) 259M->210M(308M) 1.018ms
[2026-03-25T22:12:40.578+0900][245.789s][info][gc,cpu      ] GC(858) User=0.01s Sys=0.00s Real=0.00s
[2026-03-25T22:12:40.812+0900][246.023s][info][gc,start    ] GC(859) Pause Young (Normal) (G1 Evacuation Pause)
[2026-03-25T22:12:40.812+0900][246.023s][info][gc,task     ] GC(859) Using 8 workers of 10 for evacuation
[2026-03-25T22:12:40.813+0900][246.024s][info][gc,phases   ] GC(859)   Pre Evacuate Collection Set: 0.1ms
[2026-03-25T22:12:40.813+0900][246.024s][info][gc,phases   ] GC(859)   Merge Heap Roots: 0.1ms
[2026-03-25T22:12:40.813+0900][246.024s][info][gc,phases   ] GC(859)   Evacuate Collection Set: 0.5ms
[2026-03-25T22:12:40.813+0900][246.024s][info][gc,phases   ] GC(859)   Post Evacuate Collection Set: 0.1ms
[2026-03-25T22:12:40.813+0900][246.024s][info][gc,phases   ] GC(859)   Other: 0.1ms
[2026-03-25T22:12:40.813+0900][246.024s][info][gc,heap     ] GC(859) Eden regions: 14->0(13)
[2026-03-25T22:12:40.813+0900][246.024s][info][gc,heap     ] GC(859) Survivor regions: 1->1(2)
[2026-03-25T22:12:40.813+0900][246.024s][info][gc,heap     ] GC(859) Old regions: 27->28
[2026-03-25T22:12:40.813+0900][246.024s][info][gc,heap     ] GC(859) Archive regions: 2->2
[2026-03-25T22:12:40.813+0900][246.024s][info][gc,heap     ] GC(859) Humongous regions: 24->24
[2026-03-25T22:12:40.813+0900][246.024s][info][gc,metaspace] GC(859) Metaspace: 104200K(105216K)->104200K(105216K) NonClass: 88931K(89472K)->88931K(89472K) Class: 15269K(15744K)->15269K(15744K)
[2026-03-25T22:12:40.813+0900][246.024s][info][gc          ] GC(859) Pause Young (Normal) (G1 Evacuation Pause) 266M->210M(308M) 0.975ms
[2026-03-25T22:12:40.813+0900][246.024s][info][gc,cpu      ] GC(859) User=0.00s Sys=0.00s Real=0.00s
[2026-03-25T22:12:40.998+0900][246.209s][info][gc,start    ] GC(860) Pause Young (Normal) (G1 Evacuation Pause)
[2026-03-25T22:12:40.998+0900][246.209s][info][gc,task     ] GC(860) Using 8 workers of 10 for evacuation
[2026-03-25T22:12:40.999+0900][246.210s][info][gc,phases   ] GC(860)   Pre Evacuate Collection Set: 0.1ms
[2026-03-25T22:12:40.999+0900][246.210s][info][gc,phases   ] GC(860)   Merge Heap Roots: 0.0ms
[2026-03-25T22:12:40.999+0900][246.210s][info][gc,phases   ] GC(860)   Evacuate Collection Set: 0.7ms
[2026-03-25T22:12:40.999+0900][246.210s][info][gc,phases   ] GC(860)   Post Evacuate Collection Set: 0.2ms
[2026-03-25T22:12:40.999+0900][246.210s][info][gc,phases   ] GC(860)   Other: 0.1ms
[2026-03-25T22:12:40.999+0900][246.210s][info][gc,heap     ] GC(860) Eden regions: 13->0(13)
[2026-03-25T22:12:40.999+0900][246.210s][info][gc,heap     ] GC(860) Survivor regions: 1->1(2)
[2026-03-25T22:12:40.999+0900][246.210s][info][gc,heap     ] GC(860) Old regions: 28->28
[2026-03-25T22:12:40.999+0900][246.210s][info][gc,heap     ] GC(860) Archive regions: 2->2
[2026-03-25T22:12:40.999+0900][246.210s][info][gc,heap     ] GC(860) Humongous regions: 24->24
[2026-03-25T22:12:40.999+0900][246.210s][info][gc,metaspace] GC(860) Metaspace: 104200K(105216K)->104200K(105216K) NonClass: 88931K(89472K)->88931K(89472K) Class: 15269K(15744K)->15269K(15744K)
[2026-03-25T22:12:40.999+0900][246.210s][info][gc          ] GC(860) Pause Young (Normal) (G1 Evacuation Pause) 262M->210M(308M) 1.128ms
[2026-03-25T22:12:40.999+0900][246.210s][info][gc,cpu      ] GC(860) User=0.00s Sys=0.00s Real=0.00s
[2026-03-25T22:12:41.212+0900][246.422s][info][gc,start    ] GC(861) Pause Young (Normal) (G1 Evacuation Pause)
[2026-03-25T22:12:41.212+0900][246.422s][info][gc,task     ] GC(861) Using 8 workers of 10 for evacuation
[2026-03-25T22:12:41.213+0900][246.423s][info][gc,phases   ] GC(861)   Pre Evacuate Collection Set: 0.1ms
[2026-03-25T22:12:41.213+0900][246.423s][info][gc,phases   ] GC(861)   Merge Heap Roots: 0.1ms
[2026-03-25T22:12:41.213+0900][246.423s][info][gc,phases   ] GC(861)   Evacuate Collection Set: 0.6ms
[2026-03-25T22:12:41.213+0900][246.423s][info][gc,phases   ] GC(861)   Post Evacuate Collection Set: 0.2ms
[2026-03-25T22:12:41.213+0900][246.423s][info][gc,phases   ] GC(861)   Other: 0.1ms
[2026-03-25T22:12:41.213+0900][246.423s][info][gc,heap     ] GC(861) Eden regions: 13->0(13)
[2026-03-25T22:12:41.213+0900][246.423s][info][gc,heap     ] GC(861) Survivor regions: 1->1(2)
[2026-03-25T22:12:41.213+0900][246.423s][info][gc,heap     ] GC(861) Old regions: 28->28
[2026-03-25T22:12:41.213+0900][246.423s][info][gc,heap     ] GC(861) Archive regions: 2->2
[2026-03-25T22:12:41.213+0900][246.423s][info][gc,heap     ] GC(861) Humongous regions: 24->24
[2026-03-25T22:12:41.213+0900][246.423s][info][gc,metaspace] GC(861) Metaspace: 104200K(105216K)->104200K(105216K) NonClass: 88931K(89472K)->88931K(89472K) Class: 15269K(15744K)->15269K(15744K)
[2026-03-25T22:12:41.213+0900][246.424s][info][gc          ] GC(861) Pause Young (Normal) (G1 Evacuation Pause) 262M->210M(308M) 1.131ms
[2026-03-25T22:12:41.213+0900][246.424s][info][gc,cpu      ] GC(861) User=0.01s Sys=0.00s Real=0.00s
[2026-03-25T22:12:41.481+0900][246.691s][info][gc,start    ] GC(862) Pause Young (Normal) (G1 Evacuation Pause)
[2026-03-25T22:12:41.481+0900][246.691s][info][gc,task     ] GC(862) Using 8 workers of 10 for evacuation
[2026-03-25T22:12:41.482+0900][246.693s][info][gc,phases   ] GC(862)   Pre Evacuate Collection Set: 0.0ms
[2026-03-25T22:12:41.482+0900][246.693s][info][gc,phases   ] GC(862)   Merge Heap Roots: 0.0ms
[2026-03-25T22:12:41.482+0900][246.693s][info][gc,phases   ] GC(862)   Evacuate Collection Set: 0.8ms
[2026-03-25T22:12:41.482+0900][246.693s][info][gc,phases   ] GC(862)   Post Evacuate Collection Set: 0.1ms
[2026-03-25T22:12:41.482+0900][246.693s][info][gc,phases   ] GC(862)   Other: 0.1ms
[2026-03-25T22:12:41.482+0900][246.693s][info][gc,heap     ] GC(862) Eden regions: 13->0(13)
[2026-03-25T22:12:41.482+0900][246.693s][info][gc,heap     ] GC(862) Survivor regions: 1->1(2)
[2026-03-25T22:12:41.482+0900][246.693s][info][gc,heap     ] GC(862) Old regions: 28->28
[2026-03-25T22:12:41.482+0900][246.693s][info][gc,heap     ] GC(862) Archive regions: 2->2
[2026-03-25T22:12:41.482+0900][246.693s][info][gc,heap     ] GC(862) Humongous regions: 24->24
[2026-03-25T22:12:41.482+0900][246.693s][info][gc,metaspace] GC(862) Metaspace: 104200K(105216K)->104200K(105216K) NonClass: 88931K(89472K)->88931K(89472K) Class: 15269K(15744K)->15269K(15744K)
[2026-03-25T22:12:41.482+0900][246.693s][info][gc          ] GC(862) Pause Young (Normal) (G1 Evacuation Pause) 262M->211M(308M) 1.250ms
[2026-03-25T22:12:41.482+0900][246.693s][info][gc,cpu      ] GC(862) User=0.01s Sys=0.00s Real=0.00s
[2026-03-25T22:12:41.602+0900][246.813s][info][gc,start    ] GC(863) Pause Young (Normal) (G1 Evacuation Pause)
[2026-03-25T22:12:41.602+0900][246.813s][info][gc,task     ] GC(863) Using 8 workers of 10 for evacuation
[2026-03-25T22:12:41.603+0900][246.813s][info][gc,phases   ] GC(863)   Pre Evacuate Collection Set: 0.0ms
[2026-03-25T22:12:41.603+0900][246.813s][info][gc,phases   ] GC(863)   Merge Heap Roots: 0.1ms
[2026-03-25T22:12:41.603+0900][246.813s][info][gc,phases   ] GC(863)   Evacuate Collection Set: 0.6ms
[2026-03-25T22:12:41.603+0900][246.813s][info][gc,phases   ] GC(863)   Post Evacuate Collection Set: 0.1ms
[2026-03-25T22:12:41.603+0900][246.813s][info][gc,phases   ] GC(863)   Other: 0.1ms
[2026-03-25T22:12:41.603+0900][246.813s][info][gc,heap     ] GC(863) Eden regions: 13->0(13)
[2026-03-25T22:12:41.603+0900][246.813s][info][gc,heap     ] GC(863) Survivor regions: 1->1(2)
[2026-03-25T22:12:41.603+0900][246.813s][info][gc,heap     ] GC(863) Old regions: 28->28
[2026-03-25T22:12:41.603+0900][246.813s][info][gc,heap     ] GC(863) Archive regions: 2->2
[2026-03-25T22:12:41.603+0900][246.814s][info][gc,heap     ] GC(863) Humongous regions: 24->24
[2026-03-25T22:12:41.603+0900][246.814s][info][gc,metaspace] GC(863) Metaspace: 104200K(105216K)->104200K(105216K) NonClass: 88931K(89472K)->88931K(89472K) Class: 15269K(15744K)->15269K(15744K)
[2026-03-25T22:12:41.603+0900][246.814s][info][gc          ] GC(863) Pause Young (Normal) (G1 Evacuation Pause) 263M->211M(308M) 0.959ms
[2026-03-25T22:12:41.603+0900][246.814s][info][gc,cpu      ] GC(863) User=0.01s Sys=0.00s Real=0.00s
[2026-03-25T22:12:41.758+0900][246.969s][info][gc,start    ] GC(864) Pause Young (Normal) (G1 Evacuation Pause)
[2026-03-25T22:12:41.758+0900][246.969s][info][gc,task     ] GC(864) Using 8 workers of 10 for evacuation
[2026-03-25T22:12:41.759+0900][246.970s][info][gc,phases   ] GC(864)   Pre Evacuate Collection Set: 0.0ms
[2026-03-25T22:12:41.759+0900][246.970s][info][gc,phases   ] GC(864)   Merge Heap Roots: 0.0ms
[2026-03-25T22:12:41.759+0900][246.970s][info][gc,phases   ] GC(864)   Evacuate Collection Set: 0.6ms
[2026-03-25T22:12:41.759+0900][246.970s][info][gc,phases   ] GC(864)   Post Evacuate Collection Set: 0.1ms
[2026-03-25T22:12:41.759+0900][246.970s][info][gc,phases   ] GC(864)   Other: 0.1ms
[2026-03-25T22:12:41.759+0900][246.970s][info][gc,heap     ] GC(864) Eden regions: 13->0(13)
[2026-03-25T22:12:41.759+0900][246.970s][info][gc,heap     ] GC(864) Survivor regions: 1->1(2)
[2026-03-25T22:12:41.759+0900][246.970s][info][gc,heap     ] GC(864) Old regions: 28->28
[2026-03-25T22:12:41.759+0900][246.970s][info][gc,heap     ] GC(864) Archive regions: 2->2
[2026-03-25T22:12:41.759+0900][246.970s][info][gc,heap     ] GC(864) Humongous regions: 24->24
[2026-03-25T22:12:41.759+0900][246.970s][info][gc,metaspace] GC(864) Metaspace: 104200K(105216K)->104200K(105216K) NonClass: 88931K(89472K)->88931K(89472K) Class: 15269K(15744K)->15269K(15744K)
[2026-03-25T22:12:41.759+0900][246.970s][info][gc          ] GC(864) Pause Young (Normal) (G1 Evacuation Pause) 263M->211M(308M) 0.993ms
[2026-03-25T22:12:41.759+0900][246.970s][info][gc,cpu      ] GC(864) User=0.00s Sys=0.00s Real=0.00s
[2026-03-25T22:12:42.061+0900][247.272s][info][gc,start    ] GC(865) Pause Young (Normal) (G1 Evacuation Pause)
[2026-03-25T22:12:42.061+0900][247.272s][info][gc,task     ] GC(865) Using 8 workers of 10 for evacuation
[2026-03-25T22:12:42.062+0900][247.273s][info][gc,phases   ] GC(865)   Pre Evacuate Collection Set: 0.1ms
[2026-03-25T22:12:42.062+0900][247.273s][info][gc,phases   ] GC(865)   Merge Heap Roots: 0.1ms
[2026-03-25T22:12:42.062+0900][247.273s][info][gc,phases   ] GC(865)   Evacuate Collection Set: 0.7ms
[2026-03-25T22:12:42.062+0900][247.273s][info][gc,phases   ] GC(865)   Post Evacuate Collection Set: 0.2ms
[2026-03-25T22:12:42.062+0900][247.273s][info][gc,phases   ] GC(865)   Other: 0.1ms
[2026-03-25T22:12:42.062+0900][247.273s][info][gc,heap     ] GC(865) Eden regions: 13->0(13)
[2026-03-25T22:12:42.062+0900][247.273s][info][gc,heap     ] GC(865) Survivor regions: 1->1(2)
[2026-03-25T22:12:42.062+0900][247.273s][info][gc,heap     ] GC(865) Old regions: 28->28
[2026-03-25T22:12:42.062+0900][247.273s][info][gc,heap     ] GC(865) Archive regions: 2->2
[2026-03-25T22:12:42.062+0900][247.273s][info][gc,heap     ] GC(865) Humongous regions: 24->24
[2026-03-25T22:12:42.062+0900][247.273s][info][gc,metaspace] GC(865) Metaspace: 104200K(105216K)->104200K(105216K) NonClass: 88931K(89472K)->88931K(89472K) Class: 15269K(15744K)->15269K(15744K)
[2026-03-25T22:12:42.062+0900][247.273s][info][gc          ] GC(865) Pause Young (Normal) (G1 Evacuation Pause) 263M->211M(308M) 1.145ms
[2026-03-25T22:12:42.062+0900][247.273s][info][gc,cpu      ] GC(865) User=0.00s Sys=0.00s Real=0.00s
[2026-03-25T22:12:42.276+0900][247.487s][info][gc,start    ] GC(866) Pause Young (Normal) (G1 Evacuation Pause)
[2026-03-25T22:12:42.276+0900][247.487s][info][gc,task     ] GC(866) Using 8 workers of 10 for evacuation
[2026-03-25T22:12:42.277+0900][247.488s][info][gc,phases   ] GC(866)   Pre Evacuate Collection Set: 0.0ms
[2026-03-25T22:12:42.277+0900][247.488s][info][gc,phases   ] GC(866)   Merge Heap Roots: 0.1ms
[2026-03-25T22:12:42.277+0900][247.488s][info][gc,phases   ] GC(866)   Evacuate Collection Set: 0.8ms
[2026-03-25T22:12:42.277+0900][247.488s][info][gc,phases   ] GC(866)   Post Evacuate Collection Set: 0.1ms
[2026-03-25T22:12:42.277+0900][247.488s][info][gc,phases   ] GC(866)   Other: 0.1ms
[2026-03-25T22:12:42.277+0900][247.488s][info][gc,heap     ] GC(866) Eden regions: 13->0(11)
[2026-03-25T22:12:42.277+0900][247.488s][info][gc,heap     ] GC(866) Survivor regions: 1->2(2)
[2026-03-25T22:12:42.277+0900][247.488s][info][gc,heap     ] GC(866) Old regions: 28->28
[2026-03-25T22:12:42.277+0900][247.488s][info][gc,heap     ] GC(866) Archive regions: 2->2
[2026-03-25T22:12:42.277+0900][247.488s][info][gc,heap     ] GC(866) Humongous regions: 24->24
[2026-03-25T22:12:42.277+0900][247.488s][info][gc,metaspace] GC(866) Metaspace: 104200K(105216K)->104200K(105216K) NonClass: 88931K(89472K)->88931K(89472K) Class: 15269K(15744K)->15269K(15744K)
[2026-03-25T22:12:42.277+0900][247.488s][info][gc          ] GC(866) Pause Young (Normal) (G1 Evacuation Pause) 263M->212M(308M) 1.171ms
[2026-03-25T22:12:42.277+0900][247.488s][info][gc,cpu      ] GC(866) User=0.00s Sys=0.00s Real=0.00s
[2026-03-25T22:12:42.559+0900][247.770s][info][gc,start    ] GC(867) Pause Young (Normal) (G1 Evacuation Pause)
[2026-03-25T22:12:42.560+0900][247.770s][info][gc,task     ] GC(867) Using 8 workers of 10 for evacuation
[2026-03-25T22:12:42.560+0900][247.771s][info][gc,phases   ] GC(867)   Pre Evacuate Collection Set: 0.0ms
[2026-03-25T22:12:42.560+0900][247.771s][info][gc,phases   ] GC(867)   Merge Heap Roots: 0.1ms
[2026-03-25T22:12:42.560+0900][247.771s][info][gc,phases   ] GC(867)   Evacuate Collection Set: 0.7ms
[2026-03-25T22:12:42.560+0900][247.771s][info][gc,phases   ] GC(867)   Post Evacuate Collection Set: 0.2ms
[2026-03-25T22:12:42.561+0900][247.771s][info][gc,phases   ] GC(867)   Other: 0.1ms
[2026-03-25T22:12:42.561+0900][247.771s][info][gc,heap     ] GC(867) Eden regions: 11->0(13)
[2026-03-25T22:12:42.561+0900][247.771s][info][gc,heap     ] GC(867) Survivor regions: 2->1(2)
[2026-03-25T22:12:42.561+0900][247.771s][info][gc,heap     ] GC(867) Old regions: 28->28
[2026-03-25T22:12:42.561+0900][247.771s][info][gc,heap     ] GC(867) Archive regions: 2->2
[2026-03-25T22:12:42.561+0900][247.771s][info][gc,heap     ] GC(867) Humongous regions: 24->24
[2026-03-25T22:12:42.561+0900][247.771s][info][gc,metaspace] GC(867) Metaspace: 104200K(105216K)->104200K(105216K) NonClass: 88931K(89472K)->88931K(89472K) Class: 15269K(15744K)->15269K(15744K)
[2026-03-25T22:12:42.561+0900][247.771s][info][gc          ] GC(867) Pause Young (Normal) (G1 Evacuation Pause) 256M->211M(308M) 1.068ms
[2026-03-25T22:12:42.561+0900][247.771s][info][gc,cpu      ] GC(867) User=0.00s Sys=0.00s Real=0.01s
[2026-03-25T22:12:42.722+0900][247.932s][info][gc,start    ] GC(868) Pause Young (Normal) (G1 Evacuation Pause)
[2026-03-25T22:12:42.722+0900][247.932s][info][gc,task     ] GC(868) Using 8 workers of 10 for evacuation
[2026-03-25T22:12:42.723+0900][247.934s][info][gc,phases   ] GC(868)   Pre Evacuate Collection Set: 0.1ms
[2026-03-25T22:12:42.723+0900][247.934s][info][gc,phases   ] GC(868)   Merge Heap Roots: 0.0ms
[2026-03-25T22:12:42.723+0900][247.934s][info][gc,phases   ] GC(868)   Evacuate Collection Set: 0.9ms
[2026-03-25T22:12:42.723+0900][247.934s][info][gc,phases   ] GC(868)   Post Evacuate Collection Set: 0.1ms
[2026-03-25T22:12:42.723+0900][247.934s][info][gc,phases   ] GC(868)   Other: 0.1ms
[2026-03-25T22:12:42.723+0900][247.934s][info][gc,heap     ] GC(868) Eden regions: 13->0(11)
[2026-03-25T22:12:42.723+0900][247.934s][info][gc,heap     ] GC(868) Survivor regions: 1->2(2)
[2026-03-25T22:12:42.723+0900][247.934s][info][gc,heap     ] GC(868) Old regions: 28->28
[2026-03-25T22:12:42.723+0900][247.934s][info][gc,heap     ] GC(868) Archive regions: 2->2
[2026-03-25T22:12:42.723+0900][247.934s][info][gc,heap     ] GC(868) Humongous regions: 24->24
[2026-03-25T22:12:42.723+0900][247.934s][info][gc,metaspace] GC(868) Metaspace: 104200K(105216K)->104200K(105216K) NonClass: 88931K(89472K)->88931K(89472K) Class: 15269K(15744K)->15269K(15744K)
[2026-03-25T22:12:42.723+0900][247.934s][info][gc          ] GC(868) Pause Young (Normal) (G1 Evacuation Pause) 263M->212M(308M) 1.334ms
[2026-03-25T22:12:42.723+0900][247.934s][info][gc,cpu      ] GC(868) User=0.01s Sys=0.00s Real=0.00s
[2026-03-25T22:12:42.842+0900][248.052s][info][gc,start    ] GC(869) Pause Young (Normal) (G1 Evacuation Pause)
[2026-03-25T22:12:42.842+0900][248.052s][info][gc,task     ] GC(869) Using 8 workers of 10 for evacuation
[2026-03-25T22:12:42.843+0900][248.053s][info][gc,phases   ] GC(869)   Pre Evacuate Collection Set: 0.1ms
[2026-03-25T22:12:42.843+0900][248.053s][info][gc,phases   ] GC(869)   Merge Heap Roots: 0.0ms
[2026-03-25T22:12:42.843+0900][248.053s][info][gc,phases   ] GC(869)   Evacuate Collection Set: 0.7ms
[2026-03-25T22:12:42.843+0900][248.053s][info][gc,phases   ] GC(869)   Post Evacuate Collection Set: 0.2ms
[2026-03-25T22:12:42.843+0900][248.053s][info][gc,phases   ] GC(869)   Other: 0.1ms
[2026-03-25T22:12:42.843+0900][248.053s][info][gc,heap     ] GC(869) Eden regions: 11->0(13)
[2026-03-25T22:12:42.843+0900][248.053s][info][gc,heap     ] GC(869) Survivor regions: 2->1(2)
[2026-03-25T22:12:42.843+0900][248.053s][info][gc,heap     ] GC(869) Old regions: 28->28
[2026-03-25T22:12:42.843+0900][248.053s][info][gc,heap     ] GC(869) Archive regions: 2->2
[2026-03-25T22:12:42.843+0900][248.053s][info][gc,heap     ] GC(869) Humongous regions: 24->24
[2026-03-25T22:12:42.843+0900][248.053s][info][gc,metaspace] GC(869) Metaspace: 104200K(105216K)->104200K(105216K) NonClass: 88931K(89472K)->88931K(89472K) Class: 15269K(15744K)->15269K(15744K)
[2026-03-25T22:12:42.843+0900][248.053s][info][gc          ] GC(869) Pause Young (Normal) (G1 Evacuation Pause) 256M->212M(308M) 1.107ms
[2026-03-25T22:12:42.843+0900][248.053s][info][gc,cpu      ] GC(869) User=0.01s Sys=0.00s Real=0.00s
[2026-03-25T22:12:43.012+0900][248.223s][info][gc,start    ] GC(870) Pause Young (Normal) (G1 Evacuation Pause)
[2026-03-25T22:12:43.012+0900][248.223s][info][gc,task     ] GC(870) Using 8 workers of 10 for evacuation
[2026-03-25T22:12:43.013+0900][248.223s][info][gc,phases   ] GC(870)   Pre Evacuate Collection Set: 0.0ms
[2026-03-25T22:12:43.013+0900][248.223s][info][gc,phases   ] GC(870)   Merge Heap Roots: 0.1ms
[2026-03-25T22:12:43.013+0900][248.223s][info][gc,phases   ] GC(870)   Evacuate Collection Set: 0.6ms
[2026-03-25T22:12:43.013+0900][248.223s][info][gc,phases   ] GC(870)   Post Evacuate Collection Set: 0.2ms
[2026-03-25T22:12:43.013+0900][248.224s][info][gc,phases   ] GC(870)   Other: 0.1ms
[2026-03-25T22:12:43.013+0900][248.224s][info][gc,heap     ] GC(870) Eden regions: 13->0(13)
[2026-03-25T22:12:43.013+0900][248.224s][info][gc,heap     ] GC(870) Survivor regions: 1->1(2)
[2026-03-25T22:12:43.013+0900][248.224s][info][gc,heap     ] GC(870) Old regions: 28->28
[2026-03-25T22:12:43.013+0900][248.224s][info][gc,heap     ] GC(870) Archive regions: 2->2
[2026-03-25T22:12:43.013+0900][248.224s][info][gc,heap     ] GC(870) Humongous regions: 24->24
[2026-03-25T22:12:43.013+0900][248.224s][info][gc,metaspace] GC(870) Metaspace: 104200K(105216K)->104200K(105216K) NonClass: 88931K(89472K)->88931K(89472K) Class: 15269K(15744K)->15269K(15744K)
[2026-03-25T22:12:43.013+0900][248.224s][info][gc          ] GC(870) Pause Young (Normal) (G1 Evacuation Pause) 264M->211M(308M) 1.025ms
[2026-03-25T22:12:43.013+0900][248.224s][info][gc,cpu      ] GC(870) User=0.00s Sys=0.00s Real=0.00s
[2026-03-25T22:12:43.227+0900][248.438s][info][gc,start    ] GC(871) Pause Young (Normal) (G1 Evacuation Pause)
[2026-03-25T22:12:43.227+0900][248.438s][info][gc,task     ] GC(871) Using 8 workers of 10 for evacuation
[2026-03-25T22:12:43.228+0900][248.438s][info][gc,phases   ] GC(871)   Pre Evacuate Collection Set: 0.0ms
[2026-03-25T22:12:43.228+0900][248.438s][info][gc,phases   ] GC(871)   Merge Heap Roots: 0.0ms
[2026-03-25T22:12:43.228+0900][248.438s][info][gc,phases   ] GC(871)   Evacuate Collection Set: 0.5ms
[2026-03-25T22:12:43.228+0900][248.438s][info][gc,phases   ] GC(871)   Post Evacuate Collection Set: 0.1ms
[2026-03-25T22:12:43.228+0900][248.438s][info][gc,phases   ] GC(871)   Other: 0.1ms
[2026-03-25T22:12:43.228+0900][248.438s][info][gc,heap     ] GC(871) Eden regions: 13->0(13)
[2026-03-25T22:12:43.228+0900][248.438s][info][gc,heap     ] GC(871) Survivor regions: 1->1(2)
[2026-03-25T22:12:43.228+0900][248.438s][info][gc,heap     ] GC(871) Old regions: 28->28
[2026-03-25T22:12:43.228+0900][248.438s][info][gc,heap     ] GC(871) Archive regions: 2->2
[2026-03-25T22:12:43.228+0900][248.438s][info][gc,heap     ] GC(871) Humongous regions: 24->24
[2026-03-25T22:12:43.228+0900][248.438s][info][gc,metaspace] GC(871) Metaspace: 104200K(105216K)->104200K(105216K) NonClass: 88931K(89472K)->88931K(89472K) Class: 15269K(15744K)->15269K(15744K)
[2026-03-25T22:12:43.228+0900][248.438s][info][gc          ] GC(871) Pause Young (Normal) (G1 Evacuation Pause) 263M->211M(308M) 0.929ms
[2026-03-25T22:12:43.228+0900][248.439s][info][gc,cpu      ] GC(871) User=0.00s Sys=0.00s Real=0.00s
[2026-03-25T22:12:43.462+0900][248.673s][info][gc,start    ] GC(872) Pause Young (Normal) (G1 Evacuation Pause)
[2026-03-25T22:12:43.462+0900][248.673s][info][gc,task     ] GC(872) Using 8 workers of 10 for evacuation
[2026-03-25T22:12:43.463+0900][248.674s][info][gc,phases   ] GC(872)   Pre Evacuate Collection Set: 0.0ms
[2026-03-25T22:12:43.463+0900][248.674s][info][gc,phases   ] GC(872)   Merge Heap Roots: 0.1ms
[2026-03-25T22:12:43.463+0900][248.674s][info][gc,phases   ] GC(872)   Evacuate Collection Set: 0.6ms
[2026-03-25T22:12:43.463+0900][248.674s][info][gc,phases   ] GC(872)   Post Evacuate Collection Set: 0.1ms
[2026-03-25T22:12:43.463+0900][248.674s][info][gc,phases   ] GC(872)   Other: 0.1ms
[2026-03-25T22:12:43.463+0900][248.674s][info][gc,heap     ] GC(872) Eden regions: 13->0(13)
[2026-03-25T22:12:43.463+0900][248.674s][info][gc,heap     ] GC(872) Survivor regions: 1->1(2)
[2026-03-25T22:12:43.463+0900][248.674s][info][gc,heap     ] GC(872) Old regions: 28->28
[2026-03-25T22:12:43.463+0900][248.674s][info][gc,heap     ] GC(872) Archive regions: 2->2
[2026-03-25T22:12:43.463+0900][248.674s][info][gc,heap     ] GC(872) Humongous regions: 24->24
[2026-03-25T22:12:43.463+0900][248.674s][info][gc,metaspace] GC(872) Metaspace: 104200K(105216K)->104200K(105216K) NonClass: 88931K(89472K)->88931K(89472K) Class: 15269K(15744K)->15269K(15744K)
[2026-03-25T22:12:43.463+0900][248.674s][info][gc          ] GC(872) Pause Young (Normal) (G1 Evacuation Pause) 263M->211M(308M) 0.989ms
[2026-03-25T22:12:43.463+0900][248.674s][info][gc,cpu      ] GC(872) User=0.00s Sys=0.00s Real=0.00s
[2026-03-25T22:12:43.758+0900][248.969s][info][gc,start    ] GC(873) Pause Young (Normal) (G1 Evacuation Pause)
[2026-03-25T22:12:43.758+0900][248.969s][info][gc,task     ] GC(873) Using 8 workers of 10 for evacuation
[2026-03-25T22:12:43.759+0900][248.970s][info][gc,phases   ] GC(873)   Pre Evacuate Collection Set: 0.1ms
[2026-03-25T22:12:43.759+0900][248.970s][info][gc,phases   ] GC(873)   Merge Heap Roots: 0.1ms
[2026-03-25T22:12:43.759+0900][248.970s][info][gc,phases   ] GC(873)   Evacuate Collection Set: 0.5ms
[2026-03-25T22:12:43.759+0900][248.970s][info][gc,phases   ] GC(873)   Post Evacuate Collection Set: 0.2ms
[2026-03-25T22:12:43.759+0900][248.970s][info][gc,phases   ] GC(873)   Other: 0.1ms
[2026-03-25T22:12:43.759+0900][248.970s][info][gc,heap     ] GC(873) Eden regions: 13->0(13)
[2026-03-25T22:12:43.759+0900][248.970s][info][gc,heap     ] GC(873) Survivor regions: 1->1(2)
[2026-03-25T22:12:43.759+0900][248.970s][info][gc,heap     ] GC(873) Old regions: 28->28
[2026-03-25T22:12:43.759+0900][248.970s][info][gc,heap     ] GC(873) Archive regions: 2->2
[2026-03-25T22:12:43.759+0900][248.970s][info][gc,heap     ] GC(873) Humongous regions: 24->24
[2026-03-25T22:12:43.759+0900][248.970s][info][gc,metaspace] GC(873) Metaspace: 104200K(105216K)->104200K(105216K) NonClass: 88931K(89472K)->88931K(89472K) Class: 15269K(15744K)->15269K(15744K)
[2026-03-25T22:12:43.759+0900][248.970s][info][gc          ] GC(873) Pause Young (Normal) (G1 Evacuation Pause) 263M->211M(308M) 0.891ms
[2026-03-25T22:12:43.759+0900][248.970s][info][gc,cpu      ] GC(873) User=0.01s Sys=0.00s Real=0.00s
[2026-03-25T22:12:43.980+0900][249.191s][info][gc,start    ] GC(874) Pause Young (Normal) (G1 Evacuation Pause)
[2026-03-25T22:12:43.980+0900][249.191s][info][gc,task     ] GC(874) Using 8 workers of 10 for evacuation
[2026-03-25T22:12:43.981+0900][249.192s][info][gc,phases   ] GC(874)   Pre Evacuate Collection Set: 0.1ms
[2026-03-25T22:12:43.981+0900][249.192s][info][gc,phases   ] GC(874)   Merge Heap Roots: 0.1ms
[2026-03-25T22:12:43.981+0900][249.192s][info][gc,phases   ] GC(874)   Evacuate Collection Set: 0.5ms
[2026-03-25T22:12:43.981+0900][249.192s][info][gc,phases   ] GC(874)   Post Evacuate Collection Set: 0.1ms
[2026-03-25T22:12:43.981+0900][249.192s][info][gc,phases   ] GC(874)   Other: 0.1ms
[2026-03-25T22:12:43.981+0900][249.192s][info][gc,heap     ] GC(874) Eden regions: 13->0(13)
[2026-03-25T22:12:43.981+0900][249.192s][info][gc,heap     ] GC(874) Survivor regions: 1->1(2)
[2026-03-25T22:12:43.981+0900][249.192s][info][gc,heap     ] GC(874) Old regions: 28->28
[2026-03-25T22:12:43.981+0900][249.192s][info][gc,heap     ] GC(874) Archive regions: 2->2
[2026-03-25T22:12:43.981+0900][249.192s][info][gc,heap     ] GC(874) Humongous regions: 24->24
[2026-03-25T22:12:43.981+0900][249.192s][info][gc,metaspace] GC(874) Metaspace: 104200K(105216K)->104200K(105216K) NonClass: 88931K(89472K)->88931K(89472K) Class: 15269K(15744K)->15269K(15744K)
[2026-03-25T22:12:43.981+0900][249.192s][info][gc          ] GC(874) Pause Young (Normal) (G1 Evacuation Pause) 263M->211M(308M) 0.895ms
[2026-03-25T22:12:43.981+0900][249.192s][info][gc,cpu      ] GC(874) User=0.01s Sys=0.00s Real=0.00s
[2026-03-25T22:12:44.288+0900][249.499s][info][gc,start    ] GC(875) Pause Young (Normal) (G1 Evacuation Pause)
[2026-03-25T22:12:44.288+0900][249.499s][info][gc,task     ] GC(875) Using 8 workers of 10 for evacuation
[2026-03-25T22:12:44.289+0900][249.500s][info][gc,phases   ] GC(875)   Pre Evacuate Collection Set: 0.0ms
[2026-03-25T22:12:44.289+0900][249.500s][info][gc,phases   ] GC(875)   Merge Heap Roots: 0.1ms
[2026-03-25T22:12:44.289+0900][249.500s][info][gc,phases   ] GC(875)   Evacuate Collection Set: 0.5ms
[2026-03-25T22:12:44.289+0900][249.500s][info][gc,phases   ] GC(875)   Post Evacuate Collection Set: 0.2ms
[2026-03-25T22:12:44.289+0900][249.500s][info][gc,phases   ] GC(875)   Other: 0.1ms
[2026-03-25T22:12:44.289+0900][249.500s][info][gc,heap     ] GC(875) Eden regions: 13->0(13)
[2026-03-25T22:12:44.289+0900][249.500s][info][gc,heap     ] GC(875) Survivor regions: 1->1(2)
[2026-03-25T22:12:44.289+0900][249.500s][info][gc,heap     ] GC(875) Old regions: 28->28
[2026-03-25T22:12:44.289+0900][249.500s][info][gc,heap     ] GC(875) Archive regions: 2->2
[2026-03-25T22:12:44.289+0900][249.500s][info][gc,heap     ] GC(875) Humongous regions: 24->24
[2026-03-25T22:12:44.289+0900][249.500s][info][gc,metaspace] GC(875) Metaspace: 104200K(105216K)->104200K(105216K) NonClass: 88931K(89472K)->88931K(89472K) Class: 15269K(15744K)->15269K(15744K)
[2026-03-25T22:12:44.289+0900][249.500s][info][gc          ] GC(875) Pause Young (Normal) (G1 Evacuation Pause) 263M->211M(308M) 0.882ms
[2026-03-25T22:12:44.289+0900][249.500s][info][gc,cpu      ] GC(875) User=0.00s Sys=0.00s Real=0.00s
[2026-03-25T22:12:44.509+0900][249.720s][info][gc,start    ] GC(876) Pause Young (Normal) (G1 Evacuation Pause)
[2026-03-25T22:12:44.509+0900][249.720s][info][gc,task     ] GC(876) Using 8 workers of 10 for evacuation
[2026-03-25T22:12:44.510+0900][249.721s][info][gc,phases   ] GC(876)   Pre Evacuate Collection Set: 0.0ms
[2026-03-25T22:12:44.510+0900][249.721s][info][gc,phases   ] GC(876)   Merge Heap Roots: 0.0ms
[2026-03-25T22:12:44.510+0900][249.721s][info][gc,phases   ] GC(876)   Evacuate Collection Set: 0.7ms
[2026-03-25T22:12:44.510+0900][249.721s][info][gc,phases   ] GC(876)   Post Evacuate Collection Set: 0.2ms
[2026-03-25T22:12:44.510+0900][249.721s][info][gc,phases   ] GC(876)   Other: 0.1ms
[2026-03-25T22:12:44.510+0900][249.721s][info][gc,heap     ] GC(876) Eden regions: 13->0(13)
[2026-03-25T22:12:44.510+0900][249.721s][info][gc,heap     ] GC(876) Survivor regions: 1->1(2)
[2026-03-25T22:12:44.510+0900][249.721s][info][gc,heap     ] GC(876) Old regions: 28->28
[2026-03-25T22:12:44.510+0900][249.721s][info][gc,heap     ] GC(876) Archive regions: 2->2
[2026-03-25T22:12:44.510+0900][249.721s][info][gc,heap     ] GC(876) Humongous regions: 24->24
[2026-03-25T22:12:44.510+0900][249.721s][info][gc,metaspace] GC(876) Metaspace: 104200K(105216K)->104200K(105216K) NonClass: 88931K(89472K)->88931K(89472K) Class: 15269K(15744K)->15269K(15744K)
[2026-03-25T22:12:44.510+0900][249.721s][info][gc          ] GC(876) Pause Young (Normal) (G1 Evacuation Pause) 263M->212M(308M) 1.126ms
[2026-03-25T22:12:44.510+0900][249.721s][info][gc,cpu      ] GC(876) User=0.00s Sys=0.00s Real=0.01s
[2026-03-25T22:12:44.659+0900][249.870s][info][gc,start    ] GC(877) Pause Young (Normal) (G1 Evacuation Pause)
[2026-03-25T22:12:44.659+0900][249.870s][info][gc,task     ] GC(877) Using 8 workers of 10 for evacuation
[2026-03-25T22:12:44.660+0900][249.871s][info][gc,phases   ] GC(877)   Pre Evacuate Collection Set: 0.0ms
[2026-03-25T22:12:44.660+0900][249.871s][info][gc,phases   ] GC(877)   Merge Heap Roots: 0.1ms
[2026-03-25T22:12:44.660+0900][249.871s][info][gc,phases   ] GC(877)   Evacuate Collection Set: 0.6ms
[2026-03-25T22:12:44.660+0900][249.871s][info][gc,phases   ] GC(877)   Post Evacuate Collection Set: 0.2ms
[2026-03-25T22:12:44.660+0900][249.871s][info][gc,phases   ] GC(877)   Other: 0.1ms
[2026-03-25T22:12:44.660+0900][249.871s][info][gc,heap     ] GC(877) Eden regions: 13->0(13)
[2026-03-25T22:12:44.660+0900][249.871s][info][gc,heap     ] GC(877) Survivor regions: 1->1(2)
[2026-03-25T22:12:44.660+0900][249.871s][info][gc,heap     ] GC(877) Old regions: 28->28
[2026-03-25T22:12:44.660+0900][249.871s][info][gc,heap     ] GC(877) Archive regions: 2->2
[2026-03-25T22:12:44.660+0900][249.871s][info][gc,heap     ] GC(877) Humongous regions: 24->24
[2026-03-25T22:12:44.660+0900][249.871s][info][gc,metaspace] GC(877) Metaspace: 104200K(105216K)->104200K(105216K) NonClass: 88931K(89472K)->88931K(89472K) Class: 15269K(15744K)->15269K(15744K)
[2026-03-25T22:12:44.660+0900][249.871s][info][gc          ] GC(877) Pause Young (Normal) (G1 Evacuation Pause) 264M->211M(308M) 0.950ms
[2026-03-25T22:12:44.660+0900][249.871s][info][gc,cpu      ] GC(877) User=0.01s Sys=0.00s Real=0.01s
[2026-03-25T22:12:44.837+0900][250.047s][info][gc,start    ] GC(878) Pause Young (Normal) (G1 Evacuation Pause)
[2026-03-25T22:12:44.837+0900][250.047s][info][gc,task     ] GC(878) Using 8 workers of 10 for evacuation
[2026-03-25T22:12:44.838+0900][250.048s][info][gc,phases   ] GC(878)   Pre Evacuate Collection Set: 0.0ms
[2026-03-25T22:12:44.838+0900][250.048s][info][gc,phases   ] GC(878)   Merge Heap Roots: 0.0ms
[2026-03-25T22:12:44.838+0900][250.048s][info][gc,phases   ] GC(878)   Evacuate Collection Set: 0.8ms
[2026-03-25T22:12:44.838+0900][250.048s][info][gc,phases   ] GC(878)   Post Evacuate Collection Set: 0.1ms
[2026-03-25T22:12:44.838+0900][250.048s][info][gc,phases   ] GC(878)   Other: 0.1ms
[2026-03-25T22:12:44.838+0900][250.048s][info][gc,heap     ] GC(878) Eden regions: 13->0(13)
[2026-03-25T22:12:44.838+0900][250.048s][info][gc,heap     ] GC(878) Survivor regions: 1->1(2)
[2026-03-25T22:12:44.838+0900][250.048s][info][gc,heap     ] GC(878) Old regions: 28->28
[2026-03-25T22:12:44.838+0900][250.048s][info][gc,heap     ] GC(878) Archive regions: 2->2
[2026-03-25T22:12:44.838+0900][250.048s][info][gc,heap     ] GC(878) Humongous regions: 24->24
[2026-03-25T22:12:44.838+0900][250.048s][info][gc,metaspace] GC(878) Metaspace: 104200K(105216K)->104200K(105216K) NonClass: 88931K(89472K)->88931K(89472K) Class: 15269K(15744K)->15269K(15744K)
[2026-03-25T22:12:44.838+0900][250.048s][info][gc          ] GC(878) Pause Young (Normal) (G1 Evacuation Pause) 263M->212M(308M) 1.139ms
[2026-03-25T22:12:44.838+0900][250.048s][info][gc,cpu      ] GC(878) User=0.01s Sys=0.00s Real=0.00s
[2026-03-25T22:12:45.003+0900][250.214s][info][gc,start    ] GC(879) Pause Young (Normal) (G1 Evacuation Pause)
[2026-03-25T22:12:45.003+0900][250.214s][info][gc,task     ] GC(879) Using 8 workers of 10 for evacuation
[2026-03-25T22:12:45.004+0900][250.215s][info][gc,phases   ] GC(879)   Pre Evacuate Collection Set: 0.1ms
[2026-03-25T22:12:45.004+0900][250.215s][info][gc,phases   ] GC(879)   Merge Heap Roots: 0.1ms
[2026-03-25T22:12:45.004+0900][250.215s][info][gc,phases   ] GC(879)   Evacuate Collection Set: 0.9ms
[2026-03-25T22:12:45.004+0900][250.215s][info][gc,phases   ] GC(879)   Post Evacuate Collection Set: 0.2ms
[2026-03-25T22:12:45.004+0900][250.215s][info][gc,phases   ] GC(879)   Other: 0.1ms
[2026-03-25T22:12:45.004+0900][250.215s][info][gc,heap     ] GC(879) Eden regions: 13->0(13)
[2026-03-25T22:12:45.004+0900][250.215s][info][gc,heap     ] GC(879) Survivor regions: 1->1(2)
[2026-03-25T22:12:45.004+0900][250.215s][info][gc,heap     ] GC(879) Old regions: 28->28
[2026-03-25T22:12:45.004+0900][250.215s][info][gc,heap     ] GC(879) Archive regions: 2->2
[2026-03-25T22:12:45.004+0900][250.215s][info][gc,heap     ] GC(879) Humongous regions: 24->24
[2026-03-25T22:12:45.004+0900][250.215s][info][gc,metaspace] GC(879) Metaspace: 104200K(105216K)->104200K(105216K) NonClass: 88931K(89472K)->88931K(89472K) Class: 15269K(15744K)->15269K(15744K)
[2026-03-25T22:12:45.004+0900][250.215s][info][gc          ] GC(879) Pause Young (Normal) (G1 Evacuation Pause) 264M->213M(308M) 1.351ms
[2026-03-25T22:12:45.004+0900][250.215s][info][gc,cpu      ] GC(879) User=0.01s Sys=0.00s Real=0.00s
[2026-03-25T22:12:45.161+0900][250.371s][info][gc,start    ] GC(880) Pause Young (Normal) (G1 Evacuation Pause)
[2026-03-25T22:12:45.161+0900][250.372s][info][gc,task     ] GC(880) Using 8 workers of 10 for evacuation
[2026-03-25T22:12:45.162+0900][250.373s][info][gc,phases   ] GC(880)   Pre Evacuate Collection Set: 0.1ms
[2026-03-25T22:12:45.162+0900][250.373s][info][gc,phases   ] GC(880)   Merge Heap Roots: 0.0ms
[2026-03-25T22:12:45.162+0900][250.373s][info][gc,phases   ] GC(880)   Evacuate Collection Set: 1.0ms
[2026-03-25T22:12:45.162+0900][250.373s][info][gc,phases   ] GC(880)   Post Evacuate Collection Set: 0.1ms
[2026-03-25T22:12:45.162+0900][250.373s][info][gc,phases   ] GC(880)   Other: 0.1ms
[2026-03-25T22:12:45.162+0900][250.373s][info][gc,heap     ] GC(880) Eden regions: 13->0(11)
[2026-03-25T22:12:45.162+0900][250.373s][info][gc,heap     ] GC(880) Survivor regions: 1->2(2)
[2026-03-25T22:12:45.162+0900][250.373s][info][gc,heap     ] GC(880) Old regions: 28->28
[2026-03-25T22:12:45.162+0900][250.373s][info][gc,heap     ] GC(880) Archive regions: 2->2
[2026-03-25T22:12:45.162+0900][250.373s][info][gc,heap     ] GC(880) Humongous regions: 24->24
[2026-03-25T22:12:45.162+0900][250.373s][info][gc,metaspace] GC(880) Metaspace: 104200K(105216K)->104200K(105216K) NonClass: 88931K(89472K)->88931K(89472K) Class: 15269K(15744K)->15269K(15744K)
[2026-03-25T22:12:45.162+0900][250.373s][info][gc          ] GC(880) Pause Young (Normal) (G1 Evacuation Pause) 265M->214M(308M) 1.367ms
[2026-03-25T22:12:45.162+0900][250.373s][info][gc,cpu      ] GC(880) User=0.01s Sys=0.00s Real=0.00s
[2026-03-25T22:12:45.286+0900][250.497s][info][gc,start    ] GC(881) Pause Young (Normal) (G1 Evacuation Pause)
[2026-03-25T22:12:45.286+0900][250.497s][info][gc,task     ] GC(881) Using 8 workers of 10 for evacuation
[2026-03-25T22:12:45.287+0900][250.498s][info][gc,phases   ] GC(881)   Pre Evacuate Collection Set: 0.1ms
[2026-03-25T22:12:45.287+0900][250.498s][info][gc,phases   ] GC(881)   Merge Heap Roots: 0.0ms
[2026-03-25T22:12:45.287+0900][250.498s][info][gc,phases   ] GC(881)   Evacuate Collection Set: 0.8ms
[2026-03-25T22:12:45.287+0900][250.498s][info][gc,phases   ] GC(881)   Post Evacuate Collection Set: 0.2ms
[2026-03-25T22:12:45.287+0900][250.498s][info][gc,phases   ] GC(881)   Other: 0.1ms
[2026-03-25T22:12:45.287+0900][250.498s][info][gc,heap     ] GC(881) Eden regions: 11->0(11)
[2026-03-25T22:12:45.287+0900][250.498s][info][gc,heap     ] GC(881) Survivor regions: 2->2(2)
[2026-03-25T22:12:45.287+0900][250.498s][info][gc,heap     ] GC(881) Old regions: 28->28
[2026-03-25T22:12:45.287+0900][250.498s][info][gc,heap     ] GC(881) Archive regions: 2->2
[2026-03-25T22:12:45.287+0900][250.498s][info][gc,heap     ] GC(881) Humongous regions: 24->24
[2026-03-25T22:12:45.287+0900][250.498s][info][gc,metaspace] GC(881) Metaspace: 104200K(105216K)->104200K(105216K) NonClass: 88931K(89472K)->88931K(89472K) Class: 15269K(15744K)->15269K(15744K)
[2026-03-25T22:12:45.287+0900][250.498s][info][gc          ] GC(881) Pause Young (Normal) (G1 Evacuation Pause) 258M->214M(308M) 1.282ms
[2026-03-25T22:12:45.287+0900][250.498s][info][gc,cpu      ] GC(881) User=0.00s Sys=0.00s Real=0.00s
[2026-03-25T22:12:45.450+0900][250.661s][info][gc,start    ] GC(882) Pause Young (Normal) (G1 Evacuation Pause)
[2026-03-25T22:12:45.450+0900][250.661s][info][gc,task     ] GC(882) Using 8 workers of 10 for evacuation
[2026-03-25T22:12:45.451+0900][250.662s][info][gc,phases   ] GC(882)   Pre Evacuate Collection Set: 0.0ms
[2026-03-25T22:12:45.451+0900][250.662s][info][gc,phases   ] GC(882)   Merge Heap Roots: 0.0ms
[2026-03-25T22:12:45.451+0900][250.662s][info][gc,phases   ] GC(882)   Evacuate Collection Set: 0.8ms
[2026-03-25T22:12:45.451+0900][250.662s][info][gc,phases   ] GC(882)   Post Evacuate Collection Set: 0.1ms
[2026-03-25T22:12:45.451+0900][250.662s][info][gc,phases   ] GC(882)   Other: 0.1ms
[2026-03-25T22:12:45.451+0900][250.662s][info][gc,heap     ] GC(882) Eden regions: 11->0(11)
[2026-03-25T22:12:45.451+0900][250.662s][info][gc,heap     ] GC(882) Survivor regions: 2->2(2)
[2026-03-25T22:12:45.451+0900][250.662s][info][gc,heap     ] GC(882) Old regions: 28->28
[2026-03-25T22:12:45.451+0900][250.662s][info][gc,heap     ] GC(882) Archive regions: 2->2
[2026-03-25T22:12:45.451+0900][250.662s][info][gc,heap     ] GC(882) Humongous regions: 24->24
[2026-03-25T22:12:45.451+0900][250.662s][info][gc,metaspace] GC(882) Metaspace: 104200K(105216K)->104200K(105216K) NonClass: 88931K(89472K)->88931K(89472K) Class: 15269K(15744K)->15269K(15744K)
[2026-03-25T22:12:45.451+0900][250.662s][info][gc          ] GC(882) Pause Young (Normal) (G1 Evacuation Pause) 258M->214M(308M) 1.263ms
[2026-03-25T22:12:45.451+0900][250.662s][info][gc,cpu      ] GC(882) User=0.01s Sys=0.00s Real=0.00s
[2026-03-25T22:12:45.601+0900][250.812s][info][gc,start    ] GC(883) Pause Young (Normal) (G1 Evacuation Pause)
[2026-03-25T22:12:45.601+0900][250.812s][info][gc,task     ] GC(883) Using 8 workers of 10 for evacuation
[2026-03-25T22:12:45.602+0900][250.813s][info][gc,phases   ] GC(883)   Pre Evacuate Collection Set: 0.1ms
[2026-03-25T22:12:45.602+0900][250.813s][info][gc,phases   ] GC(883)   Merge Heap Roots: 0.0ms
[2026-03-25T22:12:45.602+0900][250.813s][info][gc,phases   ] GC(883)   Evacuate Collection Set: 0.8ms
[2026-03-25T22:12:45.602+0900][250.813s][info][gc,phases   ] GC(883)   Post Evacuate Collection Set: 0.2ms
[2026-03-25T22:12:45.602+0900][250.813s][info][gc,phases   ] GC(883)   Other: 0.1ms
[2026-03-25T22:12:45.602+0900][250.813s][info][gc,heap     ] GC(883) Eden regions: 11->0(11)
[2026-03-25T22:12:45.602+0900][250.813s][info][gc,heap     ] GC(883) Survivor regions: 2->2(2)
[2026-03-25T22:12:45.602+0900][250.813s][info][gc,heap     ] GC(883) Old regions: 28->28
[2026-03-25T22:12:45.602+0900][250.813s][info][gc,heap     ] GC(883) Archive regions: 2->2
[2026-03-25T22:12:45.602+0900][250.813s][info][gc,heap     ] GC(883) Humongous regions: 24->24
[2026-03-25T22:12:45.602+0900][250.813s][info][gc,metaspace] GC(883) Metaspace: 104200K(105216K)->104200K(105216K) NonClass: 88931K(89472K)->88931K(89472K) Class: 15269K(15744K)->15269K(15744K)
[2026-03-25T22:12:45.602+0900][250.813s][info][gc          ] GC(883) Pause Young (Normal) (G1 Evacuation Pause) 258M->214M(308M) 1.246ms
[2026-03-25T22:12:45.602+0900][250.813s][info][gc,cpu      ] GC(883) User=0.00s Sys=0.00s Real=0.00s
[2026-03-25T22:12:45.740+0900][250.950s][info][gc,start    ] GC(884) Pause Young (Normal) (G1 Evacuation Pause)
[2026-03-25T22:12:45.740+0900][250.950s][info][gc,task     ] GC(884) Using 8 workers of 10 for evacuation
[2026-03-25T22:12:45.741+0900][250.952s][info][gc,phases   ] GC(884)   Pre Evacuate Collection Set: 0.0ms
[2026-03-25T22:12:45.741+0900][250.952s][info][gc,phases   ] GC(884)   Merge Heap Roots: 0.1ms
[2026-03-25T22:12:45.741+0900][250.952s][info][gc,phases   ] GC(884)   Evacuate Collection Set: 1.0ms
[2026-03-25T22:12:45.741+0900][250.952s][info][gc,phases   ] GC(884)   Post Evacuate Collection Set: 0.2ms
[2026-03-25T22:12:45.741+0900][250.952s][info][gc,phases   ] GC(884)   Other: 0.1ms
[2026-03-25T22:12:45.741+0900][250.952s][info][gc,heap     ] GC(884) Eden regions: 11->0(11)
[2026-03-25T22:12:45.741+0900][250.952s][info][gc,heap     ] GC(884) Survivor regions: 2->2(2)
[2026-03-25T22:12:45.741+0900][250.952s][info][gc,heap     ] GC(884) Old regions: 28->28
[2026-03-25T22:12:45.741+0900][250.952s][info][gc,heap     ] GC(884) Archive regions: 2->2
[2026-03-25T22:12:45.741+0900][250.952s][info][gc,heap     ] GC(884) Humongous regions: 24->24
[2026-03-25T22:12:45.741+0900][250.952s][info][gc,metaspace] GC(884) Metaspace: 104200K(105216K)->104200K(105216K) NonClass: 88931K(89472K)->88931K(89472K) Class: 15269K(15744K)->15269K(15744K)
[2026-03-25T22:12:45.741+0900][250.952s][info][gc          ] GC(884) Pause Young (Normal) (G1 Evacuation Pause) 258M->214M(308M) 1.360ms
[2026-03-25T22:12:45.741+0900][250.952s][info][gc,cpu      ] GC(884) User=0.01s Sys=0.00s Real=0.00s
[2026-03-25T22:12:45.853+0900][251.063s][info][gc,start    ] GC(885) Pause Young (Normal) (G1 Evacuation Pause)
[2026-03-25T22:12:45.853+0900][251.064s][info][gc,task     ] GC(885) Using 8 workers of 10 for evacuation
[2026-03-25T22:12:45.854+0900][251.065s][info][gc,phases   ] GC(885)   Pre Evacuate Collection Set: 0.0ms
[2026-03-25T22:12:45.854+0900][251.065s][info][gc,phases   ] GC(885)   Merge Heap Roots: 0.0ms
[2026-03-25T22:12:45.854+0900][251.065s][info][gc,phases   ] GC(885)   Evacuate Collection Set: 0.9ms
[2026-03-25T22:12:45.854+0900][251.065s][info][gc,phases   ] GC(885)   Post Evacuate Collection Set: 0.1ms
[2026-03-25T22:12:45.854+0900][251.065s][info][gc,phases   ] GC(885)   Other: 0.1ms
[2026-03-25T22:12:45.854+0900][251.065s][info][gc,heap     ] GC(885) Eden regions: 11->0(11)
[2026-03-25T22:12:45.854+0900][251.065s][info][gc,heap     ] GC(885) Survivor regions: 2->2(2)
[2026-03-25T22:12:45.854+0900][251.065s][info][gc,heap     ] GC(885) Old regions: 28->28
[2026-03-25T22:12:45.854+0900][251.065s][info][gc,heap     ] GC(885) Archive regions: 2->2
[2026-03-25T22:12:45.854+0900][251.065s][info][gc,heap     ] GC(885) Humongous regions: 24->24
[2026-03-25T22:12:45.854+0900][251.065s][info][gc,metaspace] GC(885) Metaspace: 104200K(105216K)->104200K(105216K) NonClass: 88931K(89472K)->88931K(89472K) Class: 15269K(15744K)->15269K(15744K)
[2026-03-25T22:12:45.854+0900][251.065s][info][gc          ] GC(885) Pause Young (Normal) (G1 Evacuation Pause) 258M->215M(308M) 1.242ms
[2026-03-25T22:12:45.854+0900][251.065s][info][gc,cpu      ] GC(885) User=0.01s Sys=0.00s Real=0.00s
[2026-03-25T22:12:45.993+0900][251.203s][info][gc,start    ] GC(886) Pause Young (Normal) (G1 Evacuation Pause)
[2026-03-25T22:12:45.993+0900][251.203s][info][gc,task     ] GC(886) Using 8 workers of 10 for evacuation
[2026-03-25T22:12:45.994+0900][251.204s][info][gc,phases   ] GC(886)   Pre Evacuate Collection Set: 0.1ms
[2026-03-25T22:12:45.994+0900][251.204s][info][gc,phases   ] GC(886)   Merge Heap Roots: 0.1ms
[2026-03-25T22:12:45.994+0900][251.204s][info][gc,phases   ] GC(886)   Evacuate Collection Set: 0.7ms
[2026-03-25T22:12:45.994+0900][251.204s][info][gc,phases   ] GC(886)   Post Evacuate Collection Set: 0.2ms
[2026-03-25T22:12:45.994+0900][251.204s][info][gc,phases   ] GC(886)   Other: 0.1ms
[2026-03-25T22:12:45.994+0900][251.204s][info][gc,heap     ] GC(886) Eden regions: 11->0(13)
[2026-03-25T22:12:45.994+0900][251.204s][info][gc,heap     ] GC(886) Survivor regions: 2->1(2)
[2026-03-25T22:12:45.994+0900][251.204s][info][gc,heap     ] GC(886) Old regions: 28->28
[2026-03-25T22:12:45.994+0900][251.204s][info][gc,heap     ] GC(886) Archive regions: 2->2
[2026-03-25T22:12:45.994+0900][251.204s][info][gc,heap     ] GC(886) Humongous regions: 24->24
[2026-03-25T22:12:45.994+0900][251.204s][info][gc,metaspace] GC(886) Metaspace: 104200K(105216K)->104200K(105216K) NonClass: 88931K(89472K)->88931K(89472K) Class: 15269K(15744K)->15269K(15744K)
[2026-03-25T22:12:45.994+0900][251.204s][info][gc          ] GC(886) Pause Young (Normal) (G1 Evacuation Pause) 259M->214M(308M) 1.126ms
[2026-03-25T22:12:45.994+0900][251.204s][info][gc,cpu      ] GC(886) User=0.01s Sys=0.00s Real=0.00s
[2026-03-25T22:12:46.158+0900][251.369s][info][gc,start    ] GC(887) Pause Young (Normal) (G1 Evacuation Pause)
[2026-03-25T22:12:46.158+0900][251.369s][info][gc,task     ] GC(887) Using 8 workers of 10 for evacuation
[2026-03-25T22:12:46.159+0900][251.370s][info][gc,phases   ] GC(887)   Pre Evacuate Collection Set: 0.0ms
[2026-03-25T22:12:46.159+0900][251.370s][info][gc,phases   ] GC(887)   Merge Heap Roots: 0.0ms
[2026-03-25T22:12:46.159+0900][251.370s][info][gc,phases   ] GC(887)   Evacuate Collection Set: 0.7ms
[2026-03-25T22:12:46.159+0900][251.370s][info][gc,phases   ] GC(887)   Post Evacuate Collection Set: 0.2ms
[2026-03-25T22:12:46.159+0900][251.370s][info][gc,phases   ] GC(887)   Other: 0.1ms
[2026-03-25T22:12:46.159+0900][251.370s][info][gc,heap     ] GC(887) Eden regions: 13->0(13)
[2026-03-25T22:12:46.159+0900][251.370s][info][gc,heap     ] GC(887) Survivor regions: 1->1(2)
[2026-03-25T22:12:46.159+0900][251.370s][info][gc,heap     ] GC(887) Old regions: 28->28
[2026-03-25T22:12:46.159+0900][251.370s][info][gc,heap     ] GC(887) Archive regions: 2->2
[2026-03-25T22:12:46.159+0900][251.370s][info][gc,heap     ] GC(887) Humongous regions: 24->24
[2026-03-25T22:12:46.159+0900][251.370s][info][gc,metaspace] GC(887) Metaspace: 104200K(105216K)->104200K(105216K) NonClass: 88931K(89472K)->88931K(89472K) Class: 15269K(15744K)->15269K(15744K)
[2026-03-25T22:12:46.159+0900][251.370s][info][gc          ] GC(887) Pause Young (Normal) (G1 Evacuation Pause) 266M->213M(308M) 1.055ms
[2026-03-25T22:12:46.159+0900][251.370s][info][gc,cpu      ] GC(887) User=0.01s Sys=0.00s Real=0.00s
[2026-03-25T22:12:46.324+0900][251.535s][info][gc,start    ] GC(888) Pause Young (Normal) (G1 Evacuation Pause)
[2026-03-25T22:12:46.324+0900][251.535s][info][gc,task     ] GC(888) Using 8 workers of 10 for evacuation
[2026-03-25T22:12:46.325+0900][251.536s][info][gc,phases   ] GC(888)   Pre Evacuate Collection Set: 0.0ms
[2026-03-25T22:12:46.325+0900][251.536s][info][gc,phases   ] GC(888)   Merge Heap Roots: 0.1ms
[2026-03-25T22:12:46.325+0900][251.536s][info][gc,phases   ] GC(888)   Evacuate Collection Set: 0.6ms
[2026-03-25T22:12:46.325+0900][251.536s][info][gc,phases   ] GC(888)   Post Evacuate Collection Set: 0.2ms
[2026-03-25T22:12:46.325+0900][251.536s][info][gc,phases   ] GC(888)   Other: 0.1ms
[2026-03-25T22:12:46.325+0900][251.536s][info][gc,heap     ] GC(888) Eden regions: 13->0(13)
[2026-03-25T22:12:46.325+0900][251.536s][info][gc,heap     ] GC(888) Survivor regions: 1->1(2)
[2026-03-25T22:12:46.325+0900][251.536s][info][gc,heap     ] GC(888) Old regions: 28->28
[2026-03-25T22:12:46.325+0900][251.536s][info][gc,heap     ] GC(888) Archive regions: 2->2
[2026-03-25T22:12:46.325+0900][251.536s][info][gc,heap     ] GC(888) Humongous regions: 24->24
[2026-03-25T22:12:46.325+0900][251.536s][info][gc,metaspace] GC(888) Metaspace: 104200K(105216K)->104200K(105216K) NonClass: 88931K(89472K)->88931K(89472K) Class: 15269K(15744K)->15269K(15744K)
[2026-03-25T22:12:46.325+0900][251.536s][info][gc          ] GC(888) Pause Young (Normal) (G1 Evacuation Pause) 265M->213M(308M) 0.985ms
[2026-03-25T22:12:46.325+0900][251.536s][info][gc,cpu      ] GC(888) User=0.01s Sys=0.00s Real=0.00s
[2026-03-25T22:12:46.515+0900][251.726s][info][gc,start    ] GC(889) Pause Young (Normal) (G1 Evacuation Pause)
[2026-03-25T22:12:46.515+0900][251.726s][info][gc,task     ] GC(889) Using 8 workers of 10 for evacuation
[2026-03-25T22:12:46.516+0900][251.727s][info][gc,phases   ] GC(889)   Pre Evacuate Collection Set: 0.0ms
[2026-03-25T22:12:46.516+0900][251.727s][info][gc,phases   ] GC(889)   Merge Heap Roots: 0.1ms
[2026-03-25T22:12:46.516+0900][251.727s][info][gc,phases   ] GC(889)   Evacuate Collection Set: 0.6ms
[2026-03-25T22:12:46.516+0900][251.727s][info][gc,phases   ] GC(889)   Post Evacuate Collection Set: 0.1ms
[2026-03-25T22:12:46.516+0900][251.727s][info][gc,phases   ] GC(889)   Other: 0.1ms
[2026-03-25T22:12:46.516+0900][251.727s][info][gc,heap     ] GC(889) Eden regions: 13->0(13)
[2026-03-25T22:12:46.516+0900][251.727s][info][gc,heap     ] GC(889) Survivor regions: 1->1(2)
[2026-03-25T22:12:46.516+0900][251.727s][info][gc,heap     ] GC(889) Old regions: 28->28
[2026-03-25T22:12:46.516+0900][251.727s][info][gc,heap     ] GC(889) Archive regions: 2->2
[2026-03-25T22:12:46.516+0900][251.727s][info][gc,heap     ] GC(889) Humongous regions: 24->24
[2026-03-25T22:12:46.516+0900][251.727s][info][gc,metaspace] GC(889) Metaspace: 104200K(105216K)->104200K(105216K) NonClass: 88931K(89472K)->88931K(89472K) Class: 15269K(15744K)->15269K(15744K)
[2026-03-25T22:12:46.516+0900][251.727s][info][gc          ] GC(889) Pause Young (Normal) (G1 Evacuation Pause) 265M->213M(308M) 0.930ms
[2026-03-25T22:12:46.516+0900][251.727s][info][gc,cpu      ] GC(889) User=0.01s Sys=0.00s Real=0.00s
[2026-03-25T22:12:46.798+0900][252.009s][info][gc,start    ] GC(890) Pause Young (Normal) (G1 Evacuation Pause)
[2026-03-25T22:12:46.798+0900][252.009s][info][gc,task     ] GC(890) Using 8 workers of 10 for evacuation
[2026-03-25T22:12:46.799+0900][252.010s][info][gc,phases   ] GC(890)   Pre Evacuate Collection Set: 0.1ms
[2026-03-25T22:12:46.799+0900][252.010s][info][gc,phases   ] GC(890)   Merge Heap Roots: 0.1ms
[2026-03-25T22:12:46.799+0900][252.010s][info][gc,phases   ] GC(890)   Evacuate Collection Set: 0.8ms
[2026-03-25T22:12:46.799+0900][252.010s][info][gc,phases   ] GC(890)   Post Evacuate Collection Set: 0.2ms
[2026-03-25T22:12:46.799+0900][252.010s][info][gc,phases   ] GC(890)   Other: 0.2ms
[2026-03-25T22:12:46.799+0900][252.010s][info][gc,heap     ] GC(890) Eden regions: 13->0(13)
[2026-03-25T22:12:46.799+0900][252.010s][info][gc,heap     ] GC(890) Survivor regions: 1->1(2)
[2026-03-25T22:12:46.799+0900][252.010s][info][gc,heap     ] GC(890) Old regions: 28->28
[2026-03-25T22:12:46.799+0900][252.010s][info][gc,heap     ] GC(890) Archive regions: 2->2
[2026-03-25T22:12:46.799+0900][252.010s][info][gc,heap     ] GC(890) Humongous regions: 24->24
[2026-03-25T22:12:46.799+0900][252.010s][info][gc,metaspace] GC(890) Metaspace: 104200K(105216K)->104200K(105216K) NonClass: 88931K(89472K)->88931K(89472K) Class: 15269K(15744K)->15269K(15744K)
[2026-03-25T22:12:46.799+0900][252.010s][info][gc          ] GC(890) Pause Young (Normal) (G1 Evacuation Pause) 265M->213M(308M) 1.353ms
[2026-03-25T22:12:46.799+0900][252.010s][info][gc,cpu      ] GC(890) User=0.01s Sys=0.00s Real=0.00s
[2026-03-25T22:12:47.013+0900][252.223s][info][gc,start    ] GC(891) Pause Young (Normal) (G1 Evacuation Pause)
[2026-03-25T22:12:47.013+0900][252.223s][info][gc,task     ] GC(891) Using 8 workers of 10 for evacuation
[2026-03-25T22:12:47.014+0900][252.224s][info][gc,phases   ] GC(891)   Pre Evacuate Collection Set: 0.1ms
[2026-03-25T22:12:47.014+0900][252.225s][info][gc,phases   ] GC(891)   Merge Heap Roots: 0.1ms
[2026-03-25T22:12:47.014+0900][252.225s][info][gc,phases   ] GC(891)   Evacuate Collection Set: 0.7ms
[2026-03-25T22:12:47.014+0900][252.225s][info][gc,phases   ] GC(891)   Post Evacuate Collection Set: 0.2ms
[2026-03-25T22:12:47.014+0900][252.225s][info][gc,phases   ] GC(891)   Other: 0.1ms
[2026-03-25T22:12:47.014+0900][252.225s][info][gc,heap     ] GC(891) Eden regions: 13->0(13)
[2026-03-25T22:12:47.014+0900][252.225s][info][gc,heap     ] GC(891) Survivor regions: 1->1(2)
[2026-03-25T22:12:47.014+0900][252.225s][info][gc,heap     ] GC(891) Old regions: 28->28
[2026-03-25T22:12:47.014+0900][252.225s][info][gc,heap     ] GC(891) Archive regions: 2->2
[2026-03-25T22:12:47.014+0900][252.225s][info][gc,heap     ] GC(891) Humongous regions: 24->24
[2026-03-25T22:12:47.014+0900][252.225s][info][gc,metaspace] GC(891) Metaspace: 104200K(105216K)->104200K(105216K) NonClass: 88931K(89472K)->88931K(89472K) Class: 15269K(15744K)->15269K(15744K)
[2026-03-25T22:12:47.014+0900][252.225s][info][gc          ] GC(891) Pause Young (Normal) (G1 Evacuation Pause) 265M->214M(308M) 1.155ms
[2026-03-25T22:12:47.014+0900][252.225s][info][gc,cpu      ] GC(891) User=0.01s Sys=0.00s Real=0.00s
[2026-03-25T22:12:47.223+0900][252.433s][info][gc,start    ] GC(892) Pause Young (Normal) (G1 Evacuation Pause)
[2026-03-25T22:12:47.223+0900][252.433s][info][gc,task     ] GC(892) Using 8 workers of 10 for evacuation
[2026-03-25T22:12:47.224+0900][252.434s][info][gc,phases   ] GC(892)   Pre Evacuate Collection Set: 0.1ms
[2026-03-25T22:12:47.224+0900][252.434s][info][gc,phases   ] GC(892)   Merge Heap Roots: 0.0ms
[2026-03-25T22:12:47.224+0900][252.434s][info][gc,phases   ] GC(892)   Evacuate Collection Set: 0.7ms
[2026-03-25T22:12:47.224+0900][252.434s][info][gc,phases   ] GC(892)   Post Evacuate Collection Set: 0.2ms
[2026-03-25T22:12:47.224+0900][252.434s][info][gc,phases   ] GC(892)   Other: 0.1ms
[2026-03-25T22:12:47.224+0900][252.434s][info][gc,heap     ] GC(892) Eden regions: 13->0(11)
[2026-03-25T22:12:47.224+0900][252.434s][info][gc,heap     ] GC(892) Survivor regions: 1->2(2)
[2026-03-25T22:12:47.224+0900][252.434s][info][gc,heap     ] GC(892) Old regions: 28->28
[2026-03-25T22:12:47.224+0900][252.434s][info][gc,heap     ] GC(892) Archive regions: 2->2
[2026-03-25T22:12:47.224+0900][252.434s][info][gc,heap     ] GC(892) Humongous regions: 24->24
[2026-03-25T22:12:47.224+0900][252.434s][info][gc,metaspace] GC(892) Metaspace: 104200K(105216K)->104200K(105216K) NonClass: 88931K(89472K)->88931K(89472K) Class: 15269K(15744K)->15269K(15744K)
[2026-03-25T22:12:47.224+0900][252.434s][info][gc          ] GC(892) Pause Young (Normal) (G1 Evacuation Pause) 266M->215M(308M) 1.093ms
[2026-03-25T22:12:47.224+0900][252.434s][info][gc,cpu      ] GC(892) User=0.00s Sys=0.00s Real=0.00s
[2026-03-25T22:12:47.360+0900][252.571s][info][gc,start    ] GC(893) Pause Young (Normal) (G1 Evacuation Pause)
[2026-03-25T22:12:47.360+0900][252.571s][info][gc,task     ] GC(893) Using 8 workers of 10 for evacuation
[2026-03-25T22:12:47.361+0900][252.572s][info][gc,phases   ] GC(893)   Pre Evacuate Collection Set: 0.0ms
[2026-03-25T22:12:47.361+0900][252.572s][info][gc,phases   ] GC(893)   Merge Heap Roots: 0.1ms
[2026-03-25T22:12:47.361+0900][252.572s][info][gc,phases   ] GC(893)   Evacuate Collection Set: 0.8ms
[2026-03-25T22:12:47.361+0900][252.572s][info][gc,phases   ] GC(893)   Post Evacuate Collection Set: 0.2ms
[2026-03-25T22:12:47.361+0900][252.572s][info][gc,phases   ] GC(893)   Other: 0.1ms
[2026-03-25T22:12:47.361+0900][252.572s][info][gc,heap     ] GC(893) Eden regions: 11->0(11)
[2026-03-25T22:12:47.361+0900][252.572s][info][gc,heap     ] GC(893) Survivor regions: 2->2(2)
[2026-03-25T22:12:47.361+0900][252.572s][info][gc,heap     ] GC(893) Old regions: 28->28
[2026-03-25T22:12:47.361+0900][252.572s][info][gc,heap     ] GC(893) Archive regions: 2->2
[2026-03-25T22:12:47.361+0900][252.572s][info][gc,heap     ] GC(893) Humongous regions: 24->24
[2026-03-25T22:12:47.361+0900][252.572s][info][gc,metaspace] GC(893) Metaspace: 104200K(105216K)->104200K(105216K) NonClass: 88931K(89472K)->88931K(89472K) Class: 15269K(15744K)->15269K(15744K)
[2026-03-25T22:12:47.361+0900][252.572s][info][gc          ] GC(893) Pause Young (Normal) (G1 Evacuation Pause) 259M->215M(308M) 1.244ms
[2026-03-25T22:12:47.361+0900][252.572s][info][gc,cpu      ] GC(893) User=0.00s Sys=0.00s Real=0.00s
[2026-03-25T22:12:47.473+0900][252.683s][info][gc,start    ] GC(894) Pause Young (Normal) (G1 Evacuation Pause)
[2026-03-25T22:12:47.473+0900][252.683s][info][gc,task     ] GC(894) Using 8 workers of 10 for evacuation
[2026-03-25T22:12:47.474+0900][252.684s][info][gc,phases   ] GC(894)   Pre Evacuate Collection Set: 0.1ms
[2026-03-25T22:12:47.474+0900][252.684s][info][gc,phases   ] GC(894)   Merge Heap Roots: 0.0ms
[2026-03-25T22:12:47.474+0900][252.684s][info][gc,phases   ] GC(894)   Evacuate Collection Set: 0.7ms
[2026-03-25T22:12:47.474+0900][252.684s][info][gc,phases   ] GC(894)   Post Evacuate Collection Set: 0.1ms
[2026-03-25T22:12:47.474+0900][252.684s][info][gc,phases   ] GC(894)   Other: 0.1ms
[2026-03-25T22:12:47.474+0900][252.684s][info][gc,heap     ] GC(894) Eden regions: 11->0(11)
[2026-03-25T22:12:47.474+0900][252.684s][info][gc,heap     ] GC(894) Survivor regions: 2->2(2)
[2026-03-25T22:12:47.474+0900][252.684s][info][gc,heap     ] GC(894) Old regions: 28->28
[2026-03-25T22:12:47.474+0900][252.684s][info][gc,heap     ] GC(894) Archive regions: 2->2
[2026-03-25T22:12:47.474+0900][252.684s][info][gc,heap     ] GC(894) Humongous regions: 24->24
[2026-03-25T22:12:47.474+0900][252.684s][info][gc,metaspace] GC(894) Metaspace: 104200K(105216K)->104200K(105216K) NonClass: 88931K(89472K)->88931K(89472K) Class: 15269K(15744K)->15269K(15744K)
[2026-03-25T22:12:47.474+0900][252.684s][info][gc          ] GC(894) Pause Young (Normal) (G1 Evacuation Pause) 259M->215M(308M) 1.120ms
[2026-03-25T22:12:47.474+0900][252.684s][info][gc,cpu      ] GC(894) User=0.01s Sys=0.00s Real=0.00s
[2026-03-25T22:12:47.605+0900][252.815s][info][gc,start    ] GC(895) Pause Young (Normal) (G1 Evacuation Pause)
[2026-03-25T22:12:47.605+0900][252.815s][info][gc,task     ] GC(895) Using 8 workers of 10 for evacuation
[2026-03-25T22:12:47.606+0900][252.816s][info][gc,phases   ] GC(895)   Pre Evacuate Collection Set: 0.0ms
[2026-03-25T22:12:47.606+0900][252.816s][info][gc,phases   ] GC(895)   Merge Heap Roots: 0.1ms
[2026-03-25T22:12:47.606+0900][252.816s][info][gc,phases   ] GC(895)   Evacuate Collection Set: 0.7ms
[2026-03-25T22:12:47.606+0900][252.816s][info][gc,phases   ] GC(895)   Post Evacuate Collection Set: 0.2ms
[2026-03-25T22:12:47.606+0900][252.816s][info][gc,phases   ] GC(895)   Other: 0.1ms
[2026-03-25T22:12:47.606+0900][252.816s][info][gc,heap     ] GC(895) Eden regions: 11->0(11)
[2026-03-25T22:12:47.606+0900][252.816s][info][gc,heap     ] GC(895) Survivor regions: 2->2(2)
[2026-03-25T22:12:47.606+0900][252.816s][info][gc,heap     ] GC(895) Old regions: 28->28
[2026-03-25T22:12:47.606+0900][252.816s][info][gc,heap     ] GC(895) Archive regions: 2->2
[2026-03-25T22:12:47.606+0900][252.816s][info][gc,heap     ] GC(895) Humongous regions: 24->24
[2026-03-25T22:12:47.606+0900][252.816s][info][gc,metaspace] GC(895) Metaspace: 104200K(105216K)->104200K(105216K) NonClass: 88931K(89472K)->88931K(89472K) Class: 15269K(15744K)->15269K(15744K)
[2026-03-25T22:12:47.606+0900][252.816s][info][gc          ] GC(895) Pause Young (Normal) (G1 Evacuation Pause) 259M->215M(308M) 1.076ms
[2026-03-25T22:12:47.606+0900][252.816s][info][gc,cpu      ] GC(895) User=0.01s Sys=0.00s Real=0.00s
[2026-03-25T22:12:47.902+0900][253.113s][info][gc,start    ] GC(896) Pause Young (Normal) (G1 Evacuation Pause)
[2026-03-25T22:12:47.902+0900][253.113s][info][gc,task     ] GC(896) Using 8 workers of 10 for evacuation
[2026-03-25T22:12:47.904+0900][253.114s][info][gc,phases   ] GC(896)   Pre Evacuate Collection Set: 0.1ms
[2026-03-25T22:12:47.904+0900][253.114s][info][gc,phases   ] GC(896)   Merge Heap Roots: 0.0ms
[2026-03-25T22:12:47.904+0900][253.115s][info][gc,phases   ] GC(896)   Evacuate Collection Set: 0.9ms
[2026-03-25T22:12:47.904+0900][253.115s][info][gc,phases   ] GC(896)   Post Evacuate Collection Set: 0.2ms
[2026-03-25T22:12:47.904+0900][253.115s][info][gc,phases   ] GC(896)   Other: 0.1ms
[2026-03-25T22:12:47.904+0900][253.115s][info][gc,heap     ] GC(896) Eden regions: 11->0(12)
[2026-03-25T22:12:47.904+0900][253.115s][info][gc,heap     ] GC(896) Survivor regions: 2->1(2)
[2026-03-25T22:12:47.904+0900][253.115s][info][gc,heap     ] GC(896) Old regions: 28->29
[2026-03-25T22:12:47.904+0900][253.115s][info][gc,heap     ] GC(896) Archive regions: 2->2
[2026-03-25T22:12:47.904+0900][253.115s][info][gc,heap     ] GC(896) Humongous regions: 24->24
[2026-03-25T22:12:47.904+0900][253.115s][info][gc,metaspace] GC(896) Metaspace: 104200K(105216K)->104200K(105216K) NonClass: 88931K(89472K)->88931K(89472K) Class: 15269K(15744K)->15269K(15744K)
[2026-03-25T22:12:47.904+0900][253.115s][info][gc          ] GC(896) Pause Young (Normal) (G1 Evacuation Pause) 259M->215M(308M) 1.397ms
[2026-03-25T22:12:47.904+0900][253.115s][info][gc,cpu      ] GC(896) User=0.01s Sys=0.00s Real=0.00s
[2026-03-25T22:12:48.116+0900][253.326s][info][gc,start    ] GC(897) Pause Young (Normal) (G1 Evacuation Pause)
[2026-03-25T22:12:48.116+0900][253.326s][info][gc,task     ] GC(897) Using 8 workers of 10 for evacuation
[2026-03-25T22:12:48.117+0900][253.328s][info][gc,phases   ] GC(897)   Pre Evacuate Collection Set: 0.1ms
[2026-03-25T22:12:48.117+0900][253.328s][info][gc,phases   ] GC(897)   Merge Heap Roots: 0.1ms
[2026-03-25T22:12:48.117+0900][253.328s][info][gc,phases   ] GC(897)   Evacuate Collection Set: 0.8ms
[2026-03-25T22:12:48.117+0900][253.328s][info][gc,phases   ] GC(897)   Post Evacuate Collection Set: 0.2ms
[2026-03-25T22:12:48.117+0900][253.328s][info][gc,phases   ] GC(897)   Other: 0.1ms
[2026-03-25T22:12:48.117+0900][253.328s][info][gc,heap     ] GC(897) Eden regions: 12->0(12)
[2026-03-25T22:12:48.117+0900][253.328s][info][gc,heap     ] GC(897) Survivor regions: 1->1(2)
[2026-03-25T22:12:48.117+0900][253.328s][info][gc,heap     ] GC(897) Old regions: 29->29
[2026-03-25T22:12:48.117+0900][253.328s][info][gc,heap     ] GC(897) Archive regions: 2->2
[2026-03-25T22:12:48.117+0900][253.328s][info][gc,heap     ] GC(897) Humongous regions: 24->24
[2026-03-25T22:12:48.117+0900][253.328s][info][gc,metaspace] GC(897) Metaspace: 104200K(105216K)->104200K(105216K) NonClass: 88931K(89472K)->88931K(89472K) Class: 15269K(15744K)->15269K(15744K)
[2026-03-25T22:12:48.117+0900][253.328s][info][gc          ] GC(897) Pause Young (Normal) (G1 Evacuation Pause) 263M->215M(308M) 1.237ms
[2026-03-25T22:12:48.117+0900][253.328s][info][gc,cpu      ] GC(897) User=0.00s Sys=0.00s Real=0.00s
[2026-03-25T22:12:48.340+0900][253.551s][info][gc,start    ] GC(898) Pause Young (Normal) (G1 Evacuation Pause)
[2026-03-25T22:12:48.340+0900][253.551s][info][gc,task     ] GC(898) Using 8 workers of 10 for evacuation
[2026-03-25T22:12:48.341+0900][253.552s][info][gc,phases   ] GC(898)   Pre Evacuate Collection Set: 0.1ms
[2026-03-25T22:12:48.341+0900][253.552s][info][gc,phases   ] GC(898)   Merge Heap Roots: 0.1ms
[2026-03-25T22:12:48.341+0900][253.552s][info][gc,phases   ] GC(898)   Evacuate Collection Set: 0.6ms
[2026-03-25T22:12:48.341+0900][253.552s][info][gc,phases   ] GC(898)   Post Evacuate Collection Set: 0.2ms
[2026-03-25T22:12:48.341+0900][253.552s][info][gc,phases   ] GC(898)   Other: 0.1ms
[2026-03-25T22:12:48.341+0900][253.552s][info][gc,heap     ] GC(898) Eden regions: 12->0(12)
[2026-03-25T22:12:48.341+0900][253.552s][info][gc,heap     ] GC(898) Survivor regions: 1->1(2)
[2026-03-25T22:12:48.341+0900][253.552s][info][gc,heap     ] GC(898) Old regions: 29->29
[2026-03-25T22:12:48.341+0900][253.552s][info][gc,heap     ] GC(898) Archive regions: 2->2
[2026-03-25T22:12:48.341+0900][253.552s][info][gc,heap     ] GC(898) Humongous regions: 24->24
[2026-03-25T22:12:48.341+0900][253.552s][info][gc,metaspace] GC(898) Metaspace: 104200K(105216K)->104200K(105216K) NonClass: 88931K(89472K)->88931K(89472K) Class: 15269K(15744K)->15269K(15744K)
[2026-03-25T22:12:48.341+0900][253.552s][info][gc          ] GC(898) Pause Young (Normal) (G1 Evacuation Pause) 263M->214M(308M) 1.000ms
[2026-03-25T22:12:48.341+0900][253.552s][info][gc,cpu      ] GC(898) User=0.01s Sys=0.00s Real=0.00s
[2026-03-25T22:12:48.587+0900][253.798s][info][gc,start    ] GC(899) Pause Young (Normal) (G1 Evacuation Pause)
[2026-03-25T22:12:48.587+0900][253.798s][info][gc,task     ] GC(899) Using 8 workers of 10 for evacuation
[2026-03-25T22:12:48.588+0900][253.799s][info][gc,phases   ] GC(899)   Pre Evacuate Collection Set: 0.0ms
[2026-03-25T22:12:48.588+0900][253.799s][info][gc,phases   ] GC(899)   Merge Heap Roots: 0.1ms
[2026-03-25T22:12:48.588+0900][253.799s][info][gc,phases   ] GC(899)   Evacuate Collection Set: 0.6ms
[2026-03-25T22:12:48.588+0900][253.799s][info][gc,phases   ] GC(899)   Post Evacuate Collection Set: 0.1ms
[2026-03-25T22:12:48.588+0900][253.799s][info][gc,phases   ] GC(899)   Other: 0.1ms
[2026-03-25T22:12:48.588+0900][253.799s][info][gc,heap     ] GC(899) Eden regions: 12->0(12)
[2026-03-25T22:12:48.588+0900][253.799s][info][gc,heap     ] GC(899) Survivor regions: 1->1(2)
[2026-03-25T22:12:48.588+0900][253.799s][info][gc,heap     ] GC(899) Old regions: 29->29
[2026-03-25T22:12:48.588+0900][253.799s][info][gc,heap     ] GC(899) Archive regions: 2->2
[2026-03-25T22:12:48.588+0900][253.799s][info][gc,heap     ] GC(899) Humongous regions: 24->24
[2026-03-25T22:12:48.588+0900][253.799s][info][gc,metaspace] GC(899) Metaspace: 104200K(105216K)->104200K(105216K) NonClass: 88931K(89472K)->88931K(89472K) Class: 15269K(15744K)->15269K(15744K)
[2026-03-25T22:12:48.588+0900][253.799s][info][gc          ] GC(899) Pause Young (Normal) (G1 Evacuation Pause) 262M->214M(308M) 0.945ms
[2026-03-25T22:12:48.588+0900][253.799s][info][gc,cpu      ] GC(899) User=0.00s Sys=0.00s Real=0.00s
[2026-03-25T22:12:48.801+0900][254.012s][info][gc,start    ] GC(900) Pause Young (Normal) (G1 Evacuation Pause)
[2026-03-25T22:12:48.801+0900][254.012s][info][gc,task     ] GC(900) Using 8 workers of 10 for evacuation
[2026-03-25T22:12:48.802+0900][254.013s][info][gc,phases   ] GC(900)   Pre Evacuate Collection Set: 0.1ms
[2026-03-25T22:12:48.802+0900][254.013s][info][gc,phases   ] GC(900)   Merge Heap Roots: 0.1ms
[2026-03-25T22:12:48.802+0900][254.013s][info][gc,phases   ] GC(900)   Evacuate Collection Set: 0.5ms
[2026-03-25T22:12:48.802+0900][254.013s][info][gc,phases   ] GC(900)   Post Evacuate Collection Set: 0.2ms
[2026-03-25T22:12:48.802+0900][254.013s][info][gc,phases   ] GC(900)   Other: 0.1ms
[2026-03-25T22:12:48.802+0900][254.013s][info][gc,heap     ] GC(900) Eden regions: 12->0(12)
[2026-03-25T22:12:48.802+0900][254.013s][info][gc,heap     ] GC(900) Survivor regions: 1->1(2)
[2026-03-25T22:12:48.802+0900][254.013s][info][gc,heap     ] GC(900) Old regions: 29->29
[2026-03-25T22:12:48.802+0900][254.013s][info][gc,heap     ] GC(900) Archive regions: 2->2
[2026-03-25T22:12:48.802+0900][254.013s][info][gc,heap     ] GC(900) Humongous regions: 24->24
[2026-03-25T22:12:48.802+0900][254.013s][info][gc,metaspace] GC(900) Metaspace: 104200K(105216K)->104200K(105216K) NonClass: 88931K(89472K)->88931K(89472K) Class: 15269K(15744K)->15269K(15744K)
[2026-03-25T22:12:48.802+0900][254.013s][info][gc          ] GC(900) Pause Young (Normal) (G1 Evacuation Pause) 262M->214M(308M) 0.889ms
[2026-03-25T22:12:48.802+0900][254.013s][info][gc,cpu      ] GC(900) User=0.00s Sys=0.00s Real=0.00s
[2026-03-25T22:12:49.018+0900][254.229s][info][gc,start    ] GC(901) Pause Young (Normal) (G1 Evacuation Pause)
[2026-03-25T22:12:49.018+0900][254.229s][info][gc,task     ] GC(901) Using 8 workers of 10 for evacuation
[2026-03-25T22:12:49.019+0900][254.230s][info][gc,phases   ] GC(901)   Pre Evacuate Collection Set: 0.0ms
[2026-03-25T22:12:49.019+0900][254.230s][info][gc,phases   ] GC(901)   Merge Heap Roots: 0.0ms
[2026-03-25T22:12:49.019+0900][254.230s][info][gc,phases   ] GC(901)   Evacuate Collection Set: 0.5ms
[2026-03-25T22:12:49.019+0900][254.230s][info][gc,phases   ] GC(901)   Post Evacuate Collection Set: 0.1ms
[2026-03-25T22:12:49.019+0900][254.230s][info][gc,phases   ] GC(901)   Other: 0.1ms
[2026-03-25T22:12:49.019+0900][254.230s][info][gc,heap     ] GC(901) Eden regions: 12->0(12)
[2026-03-25T22:12:49.019+0900][254.230s][info][gc,heap     ] GC(901) Survivor regions: 1->1(2)
[2026-03-25T22:12:49.019+0900][254.230s][info][gc,heap     ] GC(901) Old regions: 29->29
[2026-03-25T22:12:49.019+0900][254.230s][info][gc,heap     ] GC(901) Archive regions: 2->2
[2026-03-25T22:12:49.019+0900][254.230s][info][gc,heap     ] GC(901) Humongous regions: 24->24
[2026-03-25T22:12:49.019+0900][254.230s][info][gc,metaspace] GC(901) Metaspace: 104200K(105216K)->104200K(105216K) NonClass: 88931K(89472K)->88931K(89472K) Class: 15269K(15744K)->15269K(15744K)
[2026-03-25T22:12:49.019+0900][254.230s][info][gc          ] GC(901) Pause Young (Normal) (G1 Evacuation Pause) 262M->214M(308M) 0.879ms
[2026-03-25T22:12:49.019+0900][254.230s][info][gc,cpu      ] GC(901) User=0.01s Sys=0.01s Real=0.00s
[2026-03-25T22:12:49.310+0900][254.521s][info][gc,start    ] GC(902) Pause Young (Normal) (G1 Evacuation Pause)
[2026-03-25T22:12:49.310+0900][254.521s][info][gc,task     ] GC(902) Using 8 workers of 10 for evacuation
[2026-03-25T22:12:49.311+0900][254.522s][info][gc,phases   ] GC(902)   Pre Evacuate Collection Set: 0.1ms
[2026-03-25T22:12:49.311+0900][254.522s][info][gc,phases   ] GC(902)   Merge Heap Roots: 0.1ms
[2026-03-25T22:12:49.311+0900][254.522s][info][gc,phases   ] GC(902)   Evacuate Collection Set: 1.1ms
[2026-03-25T22:12:49.311+0900][254.522s][info][gc,phases   ] GC(902)   Post Evacuate Collection Set: 0.2ms
[2026-03-25T22:12:49.311+0900][254.522s][info][gc,phases   ] GC(902)   Other: 0.1ms
[2026-03-25T22:12:49.311+0900][254.522s][info][gc,heap     ] GC(902) Eden regions: 12->0(12)
[2026-03-25T22:12:49.311+0900][254.522s][info][gc,heap     ] GC(902) Survivor regions: 1->1(2)
[2026-03-25T22:12:49.311+0900][254.522s][info][gc,heap     ] GC(902) Old regions: 29->29
[2026-03-25T22:12:49.311+0900][254.522s][info][gc,heap     ] GC(902) Archive regions: 2->2
[2026-03-25T22:12:49.311+0900][254.522s][info][gc,heap     ] GC(902) Humongous regions: 24->24
[2026-03-25T22:12:49.311+0900][254.522s][info][gc,metaspace] GC(902) Metaspace: 104200K(105216K)->104200K(105216K) NonClass: 88931K(89472K)->88931K(89472K) Class: 15269K(15744K)->15269K(15744K)
[2026-03-25T22:12:49.311+0900][254.522s][info][gc          ] GC(902) Pause Young (Normal) (G1 Evacuation Pause) 262M->214M(308M) 1.549ms
[2026-03-25T22:12:49.311+0900][254.522s][info][gc,cpu      ] GC(902) User=0.01s Sys=0.00s Real=0.00s
[2026-03-25T22:12:49.606+0900][254.817s][info][gc,start    ] GC(903) Pause Young (Normal) (G1 Evacuation Pause)
[2026-03-25T22:12:49.606+0900][254.817s][info][gc,task     ] GC(903) Using 8 workers of 10 for evacuation
[2026-03-25T22:12:49.607+0900][254.818s][info][gc,phases   ] GC(903)   Pre Evacuate Collection Set: 0.1ms
[2026-03-25T22:12:49.607+0900][254.818s][info][gc,phases   ] GC(903)   Merge Heap Roots: 0.1ms
[2026-03-25T22:12:49.607+0900][254.818s][info][gc,phases   ] GC(903)   Evacuate Collection Set: 0.5ms
[2026-03-25T22:12:49.607+0900][254.818s][info][gc,phases   ] GC(903)   Post Evacuate Collection Set: 0.2ms
[2026-03-25T22:12:49.607+0900][254.818s][info][gc,phases   ] GC(903)   Other: 0.1ms
[2026-03-25T22:12:49.607+0900][254.818s][info][gc,heap     ] GC(903) Eden regions: 12->0(12)
[2026-03-25T22:12:49.607+0900][254.818s][info][gc,heap     ] GC(903) Survivor regions: 1->1(2)
[2026-03-25T22:12:49.607+0900][254.818s][info][gc,heap     ] GC(903) Old regions: 29->29
[2026-03-25T22:12:49.607+0900][254.818s][info][gc,heap     ] GC(903) Archive regions: 2->2
[2026-03-25T22:12:49.607+0900][254.818s][info][gc,heap     ] GC(903) Humongous regions: 24->24
[2026-03-25T22:12:49.607+0900][254.818s][info][gc,metaspace] GC(903) Metaspace: 104200K(105216K)->104200K(105216K) NonClass: 88931K(89472K)->88931K(89472K) Class: 15269K(15744K)->15269K(15744K)
[2026-03-25T22:12:49.607+0900][254.818s][info][gc          ] GC(903) Pause Young (Normal) (G1 Evacuation Pause) 262M->214M(308M) 0.870ms
[2026-03-25T22:12:49.607+0900][254.818s][info][gc,cpu      ] GC(903) User=0.01s Sys=0.00s Real=0.00s
[2026-03-25T22:12:49.803+0900][255.014s][info][gc,start    ] GC(904) Pause Young (Normal) (G1 Evacuation Pause)
[2026-03-25T22:12:49.803+0900][255.014s][info][gc,task     ] GC(904) Using 8 workers of 10 for evacuation
[2026-03-25T22:12:49.804+0900][255.015s][info][gc,phases   ] GC(904)   Pre Evacuate Collection Set: 0.1ms
[2026-03-25T22:12:49.804+0900][255.015s][info][gc,phases   ] GC(904)   Merge Heap Roots: 0.0ms
[2026-03-25T22:12:49.804+0900][255.015s][info][gc,phases   ] GC(904)   Evacuate Collection Set: 0.5ms
[2026-03-25T22:12:49.804+0900][255.015s][info][gc,phases   ] GC(904)   Post Evacuate Collection Set: 0.1ms
[2026-03-25T22:12:49.804+0900][255.015s][info][gc,phases   ] GC(904)   Other: 0.1ms
[2026-03-25T22:12:49.804+0900][255.015s][info][gc,heap     ] GC(904) Eden regions: 12->0(12)
[2026-03-25T22:12:49.804+0900][255.015s][info][gc,heap     ] GC(904) Survivor regions: 1->1(2)
[2026-03-25T22:12:49.804+0900][255.015s][info][gc,heap     ] GC(904) Old regions: 29->29
[2026-03-25T22:12:49.804+0900][255.015s][info][gc,heap     ] GC(904) Archive regions: 2->2
[2026-03-25T22:12:49.804+0900][255.015s][info][gc,heap     ] GC(904) Humongous regions: 24->24
[2026-03-25T22:12:49.804+0900][255.015s][info][gc,metaspace] GC(904) Metaspace: 104200K(105216K)->104200K(105216K) NonClass: 88931K(89472K)->88931K(89472K) Class: 15269K(15744K)->15269K(15744K)
[2026-03-25T22:12:49.804+0900][255.015s][info][gc          ] GC(904) Pause Young (Normal) (G1 Evacuation Pause) 262M->214M(308M) 0.833ms
[2026-03-25T22:12:49.804+0900][255.015s][info][gc,cpu      ] GC(904) User=0.00s Sys=0.00s Real=0.00s
[2026-03-25T22:12:50.014+0900][255.224s][info][gc,start    ] GC(905) Pause Young (Normal) (G1 Evacuation Pause)
[2026-03-25T22:12:50.014+0900][255.225s][info][gc,task     ] GC(905) Using 8 workers of 10 for evacuation
[2026-03-25T22:12:50.015+0900][255.225s][info][gc,phases   ] GC(905)   Pre Evacuate Collection Set: 0.0ms
[2026-03-25T22:12:50.015+0900][255.225s][info][gc,phases   ] GC(905)   Merge Heap Roots: 0.0ms
[2026-03-25T22:12:50.015+0900][255.225s][info][gc,phases   ] GC(905)   Evacuate Collection Set: 0.5ms
[2026-03-25T22:12:50.015+0900][255.225s][info][gc,phases   ] GC(905)   Post Evacuate Collection Set: 0.2ms
[2026-03-25T22:12:50.015+0900][255.225s][info][gc,phases   ] GC(905)   Other: 0.1ms
[2026-03-25T22:12:50.015+0900][255.225s][info][gc,heap     ] GC(905) Eden regions: 12->0(12)
[2026-03-25T22:12:50.015+0900][255.225s][info][gc,heap     ] GC(905) Survivor regions: 1->1(2)
[2026-03-25T22:12:50.015+0900][255.225s][info][gc,heap     ] GC(905) Old regions: 29->29
[2026-03-25T22:12:50.015+0900][255.225s][info][gc,heap     ] GC(905) Archive regions: 2->2
[2026-03-25T22:12:50.015+0900][255.225s][info][gc,heap     ] GC(905) Humongous regions: 24->24
[2026-03-25T22:12:50.015+0900][255.225s][info][gc,metaspace] GC(905) Metaspace: 104200K(105216K)->104200K(105216K) NonClass: 88931K(89472K)->88931K(89472K) Class: 15269K(15744K)->15269K(15744K)
[2026-03-25T22:12:50.015+0900][255.225s][info][gc          ] GC(905) Pause Young (Normal) (G1 Evacuation Pause) 262M->214M(308M) 0.895ms
[2026-03-25T22:12:50.015+0900][255.225s][info][gc,cpu      ] GC(905) User=0.00s Sys=0.00s Real=0.00s
[2026-03-25T22:12:50.159+0900][255.369s][info][gc,start    ] GC(906) Pause Young (Normal) (G1 Evacuation Pause)
[2026-03-25T22:12:50.159+0900][255.369s][info][gc,task     ] GC(906) Using 8 workers of 10 for evacuation
[2026-03-25T22:12:50.160+0900][255.371s][info][gc,phases   ] GC(906)   Pre Evacuate Collection Set: 0.1ms
[2026-03-25T22:12:50.160+0900][255.371s][info][gc,phases   ] GC(906)   Merge Heap Roots: 0.1ms
[2026-03-25T22:12:50.160+0900][255.371s][info][gc,phases   ] GC(906)   Evacuate Collection Set: 1.3ms
[2026-03-25T22:12:50.160+0900][255.371s][info][gc,phases   ] GC(906)   Post Evacuate Collection Set: 0.3ms
[2026-03-25T22:12:50.160+0900][255.371s][info][gc,phases   ] GC(906)   Other: 0.1ms
[2026-03-25T22:12:50.160+0900][255.371s][info][gc,heap     ] GC(906) Eden regions: 12->0(12)
[2026-03-25T22:12:50.160+0900][255.371s][info][gc,heap     ] GC(906) Survivor regions: 1->1(2)
[2026-03-25T22:12:50.160+0900][255.371s][info][gc,heap     ] GC(906) Old regions: 29->29
[2026-03-25T22:12:50.160+0900][255.371s][info][gc,heap     ] GC(906) Archive regions: 2->2
[2026-03-25T22:12:50.160+0900][255.371s][info][gc,heap     ] GC(906) Humongous regions: 24->24
[2026-03-25T22:12:50.160+0900][255.371s][info][gc,metaspace] GC(906) Metaspace: 104200K(105216K)->104200K(105216K) NonClass: 88931K(89472K)->88931K(89472K) Class: 15269K(15744K)->15269K(15744K)
[2026-03-25T22:12:50.160+0900][255.371s][info][gc          ] GC(906) Pause Young (Normal) (G1 Evacuation Pause) 262M->215M(308M) 1.810ms
[2026-03-25T22:12:50.160+0900][255.371s][info][gc,cpu      ] GC(906) User=0.01s Sys=0.01s Real=0.01s
[2026-03-25T22:12:50.313+0900][255.524s][info][gc,start    ] GC(907) Pause Young (Normal) (G1 Evacuation Pause)
[2026-03-25T22:12:50.313+0900][255.524s][info][gc,task     ] GC(907) Using 8 workers of 10 for evacuation
[2026-03-25T22:12:50.315+0900][255.525s][info][gc,phases   ] GC(907)   Pre Evacuate Collection Set: 0.0ms
[2026-03-25T22:12:50.315+0900][255.525s][info][gc,phases   ] GC(907)   Merge Heap Roots: 0.1ms
[2026-03-25T22:12:50.315+0900][255.525s][info][gc,phases   ] GC(907)   Evacuate Collection Set: 0.9ms
[2026-03-25T22:12:50.315+0900][255.525s][info][gc,phases   ] GC(907)   Post Evacuate Collection Set: 0.2ms
[2026-03-25T22:12:50.315+0900][255.525s][info][gc,phases   ] GC(907)   Other: 0.1ms
[2026-03-25T22:12:50.315+0900][255.525s][info][gc,heap     ] GC(907) Eden regions: 12->0(12)
[2026-03-25T22:12:50.315+0900][255.525s][info][gc,heap     ] GC(907) Survivor regions: 1->1(2)
[2026-03-25T22:12:50.315+0900][255.525s][info][gc,heap     ] GC(907) Old regions: 29->29
[2026-03-25T22:12:50.315+0900][255.525s][info][gc,heap     ] GC(907) Archive regions: 2->2
[2026-03-25T22:12:50.315+0900][255.525s][info][gc,heap     ] GC(907) Humongous regions: 24->24
[2026-03-25T22:12:50.315+0900][255.525s][info][gc,metaspace] GC(907) Metaspace: 104200K(105216K)->104200K(105216K) NonClass: 88931K(89472K)->88931K(89472K) Class: 15269K(15744K)->15269K(15744K)
[2026-03-25T22:12:50.315+0900][255.525s][info][gc          ] GC(907) Pause Young (Normal) (G1 Evacuation Pause) 263M->216M(308M) 1.321ms
[2026-03-25T22:12:50.315+0900][255.525s][info][gc,cpu      ] GC(907) User=0.01s Sys=0.01s Real=0.00s
[2026-03-25T22:12:50.467+0900][255.677s][info][gc,start    ] GC(908) Pause Young (Normal) (G1 Evacuation Pause)
[2026-03-25T22:12:50.467+0900][255.677s][info][gc,task     ] GC(908) Using 8 workers of 10 for evacuation
[2026-03-25T22:12:50.468+0900][255.679s][info][gc,phases   ] GC(908)   Pre Evacuate Collection Set: 0.0ms
[2026-03-25T22:12:50.468+0900][255.679s][info][gc,phases   ] GC(908)   Merge Heap Roots: 0.0ms
[2026-03-25T22:12:50.468+0900][255.679s][info][gc,phases   ] GC(908)   Evacuate Collection Set: 0.9ms
[2026-03-25T22:12:50.468+0900][255.679s][info][gc,phases   ] GC(908)   Post Evacuate Collection Set: 0.1ms
[2026-03-25T22:12:50.468+0900][255.679s][info][gc,phases   ] GC(908)   Other: 0.1ms
[2026-03-25T22:12:50.468+0900][255.679s][info][gc,heap     ] GC(908) Eden regions: 12->0(12)
[2026-03-25T22:12:50.468+0900][255.679s][info][gc,heap     ] GC(908) Survivor regions: 1->1(2)
[2026-03-25T22:12:50.468+0900][255.679s][info][gc,heap     ] GC(908) Old regions: 29->29
[2026-03-25T22:12:50.468+0900][255.679s][info][gc,heap     ] GC(908) Archive regions: 2->2
[2026-03-25T22:12:50.468+0900][255.679s][info][gc,heap     ] GC(908) Humongous regions: 24->24
[2026-03-25T22:12:50.468+0900][255.679s][info][gc,metaspace] GC(908) Metaspace: 104200K(105216K)->104200K(105216K) NonClass: 88931K(89472K)->88931K(89472K) Class: 15269K(15744K)->15269K(15744K)
[2026-03-25T22:12:50.468+0900][255.679s][info][gc          ] GC(908) Pause Young (Normal) (G1 Evacuation Pause) 264M->216M(308M) 1.237ms
[2026-03-25T22:12:50.468+0900][255.679s][info][gc,cpu      ] GC(908) User=0.00s Sys=0.01s Real=0.00s
[2026-03-25T22:12:50.624+0900][255.835s][info][gc,start    ] GC(909) Pause Young (Normal) (G1 Evacuation Pause)
[2026-03-25T22:12:50.624+0900][255.835s][info][gc,task     ] GC(909) Using 8 workers of 10 for evacuation
[2026-03-25T22:12:50.625+0900][255.836s][info][gc,phases   ] GC(909)   Pre Evacuate Collection Set: 0.0ms
[2026-03-25T22:12:50.625+0900][255.836s][info][gc,phases   ] GC(909)   Merge Heap Roots: 0.1ms
[2026-03-25T22:12:50.625+0900][255.836s][info][gc,phases   ] GC(909)   Evacuate Collection Set: 0.8ms
[2026-03-25T22:12:50.625+0900][255.836s][info][gc,phases   ] GC(909)   Post Evacuate Collection Set: 0.1ms
[2026-03-25T22:12:50.625+0900][255.836s][info][gc,phases   ] GC(909)   Other: 0.1ms
[2026-03-25T22:12:50.625+0900][255.836s][info][gc,heap     ] GC(909) Eden regions: 12->0(12)
[2026-03-25T22:12:50.625+0900][255.836s][info][gc,heap     ] GC(909) Survivor regions: 1->1(2)
[2026-03-25T22:12:50.625+0900][255.836s][info][gc,heap     ] GC(909) Old regions: 29->29
[2026-03-25T22:12:50.625+0900][255.836s][info][gc,heap     ] GC(909) Archive regions: 2->2
[2026-03-25T22:12:50.625+0900][255.836s][info][gc,heap     ] GC(909) Humongous regions: 24->24
[2026-03-25T22:12:50.625+0900][255.836s][info][gc,metaspace] GC(909) Metaspace: 104200K(105216K)->104200K(105216K) NonClass: 88931K(89472K)->88931K(89472K) Class: 15269K(15744K)->15269K(15744K)
[2026-03-25T22:12:50.625+0900][255.836s][info][gc          ] GC(909) Pause Young (Normal) (G1 Evacuation Pause) 264M->216M(308M) 1.167ms
[2026-03-25T22:12:50.625+0900][255.836s][info][gc,cpu      ] GC(909) User=0.01s Sys=0.00s Real=0.00s
[2026-03-25T22:12:50.778+0900][255.989s][info][gc,start    ] GC(910) Pause Young (Normal) (G1 Evacuation Pause)
[2026-03-25T22:12:50.778+0900][255.989s][info][gc,task     ] GC(910) Using 8 workers of 10 for evacuation
[2026-03-25T22:12:50.779+0900][255.990s][info][gc,phases   ] GC(910)   Pre Evacuate Collection Set: 0.1ms
[2026-03-25T22:12:50.779+0900][255.990s][info][gc,phases   ] GC(910)   Merge Heap Roots: 0.0ms
[2026-03-25T22:12:50.779+0900][255.990s][info][gc,phases   ] GC(910)   Evacuate Collection Set: 0.9ms
[2026-03-25T22:12:50.779+0900][255.990s][info][gc,phases   ] GC(910)   Post Evacuate Collection Set: 0.2ms
[2026-03-25T22:12:50.779+0900][255.990s][info][gc,phases   ] GC(910)   Other: 0.1ms
[2026-03-25T22:12:50.779+0900][255.990s][info][gc,heap     ] GC(910) Eden regions: 12->0(12)
[2026-03-25T22:12:50.779+0900][255.990s][info][gc,heap     ] GC(910) Survivor regions: 1->1(2)
[2026-03-25T22:12:50.779+0900][255.990s][info][gc,heap     ] GC(910) Old regions: 29->29
[2026-03-25T22:12:50.779+0900][255.990s][info][gc,heap     ] GC(910) Archive regions: 2->2
[2026-03-25T22:12:50.779+0900][255.990s][info][gc,heap     ] GC(910) Humongous regions: 24->24
[2026-03-25T22:12:50.779+0900][255.990s][info][gc,metaspace] GC(910) Metaspace: 104200K(105216K)->104200K(105216K) NonClass: 88931K(89472K)->88931K(89472K) Class: 15269K(15744K)->15269K(15744K)
[2026-03-25T22:12:50.779+0900][255.990s][info][gc          ] GC(910) Pause Young (Normal) (G1 Evacuation Pause) 264M->216M(308M) 1.263ms
[2026-03-25T22:12:50.779+0900][255.990s][info][gc,cpu      ] GC(910) User=0.01s Sys=0.00s Real=0.00s
[2026-03-25T22:12:50.936+0900][256.147s][info][gc,start    ] GC(911) Pause Young (Normal) (G1 Evacuation Pause)
[2026-03-25T22:12:50.936+0900][256.147s][info][gc,task     ] GC(911) Using 8 workers of 10 for evacuation
[2026-03-25T22:12:50.937+0900][256.148s][info][gc,phases   ] GC(911)   Pre Evacuate Collection Set: 0.1ms
[2026-03-25T22:12:50.937+0900][256.148s][info][gc,phases   ] GC(911)   Merge Heap Roots: 0.0ms
[2026-03-25T22:12:50.937+0900][256.148s][info][gc,phases   ] GC(911)   Evacuate Collection Set: 0.8ms
[2026-03-25T22:12:50.937+0900][256.148s][info][gc,phases   ] GC(911)   Post Evacuate Collection Set: 0.1ms
[2026-03-25T22:12:50.937+0900][256.148s][info][gc,phases   ] GC(911)   Other: 0.1ms
[2026-03-25T22:12:50.937+0900][256.148s][info][gc,heap     ] GC(911) Eden regions: 12->0(12)
[2026-03-25T22:12:50.937+0900][256.148s][info][gc,heap     ] GC(911) Survivor regions: 1->1(2)
[2026-03-25T22:12:50.937+0900][256.148s][info][gc,heap     ] GC(911) Old regions: 29->29
[2026-03-25T22:12:50.937+0900][256.148s][info][gc,heap     ] GC(911) Archive regions: 2->2
[2026-03-25T22:12:50.937+0900][256.148s][info][gc,heap     ] GC(911) Humongous regions: 24->24
[2026-03-25T22:12:50.937+0900][256.148s][info][gc,metaspace] GC(911) Metaspace: 104200K(105216K)->104200K(105216K) NonClass: 88931K(89472K)->88931K(89472K) Class: 15269K(15744K)->15269K(15744K)
[2026-03-25T22:12:50.937+0900][256.148s][info][gc          ] GC(911) Pause Young (Normal) (G1 Evacuation Pause) 264M->216M(308M) 1.187ms
[2026-03-25T22:12:50.937+0900][256.148s][info][gc,cpu      ] GC(911) User=0.01s Sys=0.00s Real=0.00s
[2026-03-25T22:12:51.097+0900][256.308s][info][gc,start    ] GC(912) Pause Young (Normal) (G1 Evacuation Pause)
[2026-03-25T22:12:51.097+0900][256.308s][info][gc,task     ] GC(912) Using 8 workers of 10 for evacuation
[2026-03-25T22:12:51.098+0900][256.309s][info][gc,phases   ] GC(912)   Pre Evacuate Collection Set: 0.1ms
[2026-03-25T22:12:51.098+0900][256.309s][info][gc,phases   ] GC(912)   Merge Heap Roots: 0.0ms
[2026-03-25T22:12:51.098+0900][256.309s][info][gc,phases   ] GC(912)   Evacuate Collection Set: 0.9ms
[2026-03-25T22:12:51.098+0900][256.309s][info][gc,phases   ] GC(912)   Post Evacuate Collection Set: 0.2ms
[2026-03-25T22:12:51.098+0900][256.309s][info][gc,phases   ] GC(912)   Other: 0.1ms
[2026-03-25T22:12:51.098+0900][256.309s][info][gc,heap     ] GC(912) Eden regions: 12->0(12)
[2026-03-25T22:12:51.098+0900][256.309s][info][gc,heap     ] GC(912) Survivor regions: 1->1(2)
[2026-03-25T22:12:51.098+0900][256.309s][info][gc,heap     ] GC(912) Old regions: 29->29
[2026-03-25T22:12:51.098+0900][256.309s][info][gc,heap     ] GC(912) Archive regions: 2->2
[2026-03-25T22:12:51.098+0900][256.309s][info][gc,heap     ] GC(912) Humongous regions: 24->24
[2026-03-25T22:12:51.098+0900][256.309s][info][gc,metaspace] GC(912) Metaspace: 104200K(105216K)->104200K(105216K) NonClass: 88931K(89472K)->88931K(89472K) Class: 15269K(15744K)->15269K(15744K)
[2026-03-25T22:12:51.098+0900][256.309s][info][gc          ] GC(912) Pause Young (Normal) (G1 Evacuation Pause) 264M->216M(308M) 1.283ms
[2026-03-25T22:12:51.098+0900][256.309s][info][gc,cpu      ] GC(912) User=0.01s Sys=0.00s Real=0.00s
[2026-03-25T22:12:51.220+0900][256.431s][info][gc,start    ] GC(913) Pause Young (Normal) (G1 Evacuation Pause)
[2026-03-25T22:12:51.220+0900][256.431s][info][gc,task     ] GC(913) Using 8 workers of 10 for evacuation
[2026-03-25T22:12:51.221+0900][256.431s][info][gc,phases   ] GC(913)   Pre Evacuate Collection Set: 0.0ms
[2026-03-25T22:12:51.221+0900][256.431s][info][gc,phases   ] GC(913)   Merge Heap Roots: 0.1ms
[2026-03-25T22:12:51.221+0900][256.431s][info][gc,phases   ] GC(913)   Evacuate Collection Set: 0.6ms
[2026-03-25T22:12:51.221+0900][256.431s][info][gc,phases   ] GC(913)   Post Evacuate Collection Set: 0.2ms
[2026-03-25T22:12:51.221+0900][256.431s][info][gc,phases   ] GC(913)   Other: 0.1ms
[2026-03-25T22:12:51.221+0900][256.432s][info][gc,heap     ] GC(913) Eden regions: 12->0(12)
[2026-03-25T22:12:51.221+0900][256.432s][info][gc,heap     ] GC(913) Survivor regions: 1->1(2)
[2026-03-25T22:12:51.221+0900][256.432s][info][gc,heap     ] GC(913) Old regions: 29->29
[2026-03-25T22:12:51.221+0900][256.432s][info][gc,heap     ] GC(913) Archive regions: 2->2
[2026-03-25T22:12:51.221+0900][256.432s][info][gc,heap     ] GC(913) Humongous regions: 24->24
[2026-03-25T22:12:51.221+0900][256.432s][info][gc,metaspace] GC(913) Metaspace: 104200K(105216K)->104200K(105216K) NonClass: 88931K(89472K)->88931K(89472K) Class: 15269K(15744K)->15269K(15744K)
[2026-03-25T22:12:51.221+0900][256.432s][info][gc          ] GC(913) Pause Young (Normal) (G1 Evacuation Pause) 264M->215M(308M) 0.935ms
[2026-03-25T22:12:51.221+0900][256.432s][info][gc,cpu      ] GC(913) User=0.00s Sys=0.00s Real=0.00s
[2026-03-25T22:12:51.451+0900][256.662s][info][gc,start    ] GC(914) Pause Young (Normal) (G1 Evacuation Pause)
[2026-03-25T22:12:51.452+0900][256.662s][info][gc,task     ] GC(914) Using 8 workers of 10 for evacuation
[2026-03-25T22:12:51.452+0900][256.663s][info][gc,phases   ] GC(914)   Pre Evacuate Collection Set: 0.0ms
[2026-03-25T22:12:51.452+0900][256.663s][info][gc,phases   ] GC(914)   Merge Heap Roots: 0.1ms
[2026-03-25T22:12:51.452+0900][256.663s][info][gc,phases   ] GC(914)   Evacuate Collection Set: 0.5ms
[2026-03-25T22:12:51.452+0900][256.663s][info][gc,phases   ] GC(914)   Post Evacuate Collection Set: 0.1ms
[2026-03-25T22:12:51.452+0900][256.663s][info][gc,phases   ] GC(914)   Other: 0.3ms
[2026-03-25T22:12:51.452+0900][256.663s][info][gc,heap     ] GC(914) Eden regions: 12->0(12)
[2026-03-25T22:12:51.452+0900][256.663s][info][gc,heap     ] GC(914) Survivor regions: 1->1(2)
[2026-03-25T22:12:51.452+0900][256.663s][info][gc,heap     ] GC(914) Old regions: 29->29
[2026-03-25T22:12:51.452+0900][256.663s][info][gc,heap     ] GC(914) Archive regions: 2->2
[2026-03-25T22:12:51.452+0900][256.663s][info][gc,heap     ] GC(914) Humongous regions: 24->24
[2026-03-25T22:12:51.452+0900][256.663s][info][gc,metaspace] GC(914) Metaspace: 104200K(105216K)->104200K(105216K) NonClass: 88931K(89472K)->88931K(89472K) Class: 15269K(15744K)->15269K(15744K)
[2026-03-25T22:12:51.452+0900][256.663s][info][gc          ] GC(914) Pause Young (Normal) (G1 Evacuation Pause) 263M->215M(308M) 1.059ms
[2026-03-25T22:12:51.452+0900][256.663s][info][gc,cpu      ] GC(914) User=0.01s Sys=0.00s Real=0.00s
[2026-03-25T22:12:51.707+0900][256.918s][info][gc,start    ] GC(915) Pause Young (Normal) (G1 Evacuation Pause)
[2026-03-25T22:12:51.707+0900][256.918s][info][gc,task     ] GC(915) Using 8 workers of 10 for evacuation
[2026-03-25T22:12:51.709+0900][256.920s][info][gc,phases   ] GC(915)   Pre Evacuate Collection Set: 0.6ms
[2026-03-25T22:12:51.710+0900][256.920s][info][gc,phases   ] GC(915)   Merge Heap Roots: 0.1ms
[2026-03-25T22:12:51.710+0900][256.920s][info][gc,phases   ] GC(915)   Evacuate Collection Set: 1.5ms
[2026-03-25T22:12:51.710+0900][256.920s][info][gc,phases   ] GC(915)   Post Evacuate Collection Set: 0.3ms
[2026-03-25T22:12:51.710+0900][256.920s][info][gc,phases   ] GC(915)   Other: 0.1ms
[2026-03-25T22:12:51.710+0900][256.920s][info][gc,heap     ] GC(915) Eden regions: 12->0(12)
[2026-03-25T22:12:51.710+0900][256.920s][info][gc,heap     ] GC(915) Survivor regions: 1->1(2)
[2026-03-25T22:12:51.710+0900][256.920s][info][gc,heap     ] GC(915) Old regions: 29->29
[2026-03-25T22:12:51.710+0900][256.920s][info][gc,heap     ] GC(915) Archive regions: 2->2
[2026-03-25T22:12:51.710+0900][256.920s][info][gc,heap     ] GC(915) Humongous regions: 24->24
[2026-03-25T22:12:51.710+0900][256.920s][info][gc,metaspace] GC(915) Metaspace: 104200K(105216K)->104200K(105216K) NonClass: 88931K(89472K)->88931K(89472K) Class: 15269K(15744K)->15269K(15744K)
[2026-03-25T22:12:51.710+0900][256.920s][info][gc          ] GC(915) Pause Young (Normal) (G1 Evacuation Pause) 263M->215M(308M) 2.693ms
[2026-03-25T22:12:51.710+0900][256.920s][info][gc,cpu      ] GC(915) User=0.00s Sys=0.00s Real=0.01s
[2026-03-25T22:12:51.847+0900][257.058s][info][gc,start    ] GC(916) Pause Young (Normal) (G1 Evacuation Pause)
[2026-03-25T22:12:51.847+0900][257.058s][info][gc,task     ] GC(916) Using 8 workers of 10 for evacuation
[2026-03-25T22:12:51.848+0900][257.059s][info][gc,phases   ] GC(916)   Pre Evacuate Collection Set: 0.1ms
[2026-03-25T22:12:51.848+0900][257.059s][info][gc,phases   ] GC(916)   Merge Heap Roots: 0.1ms
[2026-03-25T22:12:51.848+0900][257.059s][info][gc,phases   ] GC(916)   Evacuate Collection Set: 0.9ms
[2026-03-25T22:12:51.848+0900][257.059s][info][gc,phases   ] GC(916)   Post Evacuate Collection Set: 0.2ms
[2026-03-25T22:12:51.848+0900][257.059s][info][gc,phases   ] GC(916)   Other: 0.1ms
[2026-03-25T22:12:51.848+0900][257.059s][info][gc,heap     ] GC(916) Eden regions: 12->0(12)
[2026-03-25T22:12:51.848+0900][257.059s][info][gc,heap     ] GC(916) Survivor regions: 1->1(2)
[2026-03-25T22:12:51.848+0900][257.059s][info][gc,heap     ] GC(916) Old regions: 29->29
[2026-03-25T22:12:51.848+0900][257.059s][info][gc,heap     ] GC(916) Archive regions: 2->2
[2026-03-25T22:12:51.848+0900][257.059s][info][gc,heap     ] GC(916) Humongous regions: 24->24
[2026-03-25T22:12:51.848+0900][257.059s][info][gc,metaspace] GC(916) Metaspace: 104200K(105216K)->104200K(105216K) NonClass: 88931K(89472K)->88931K(89472K) Class: 15269K(15744K)->15269K(15744K)
[2026-03-25T22:12:51.848+0900][257.059s][info][gc          ] GC(916) Pause Young (Normal) (G1 Evacuation Pause) 263M->216M(308M) 1.385ms
[2026-03-25T22:12:51.848+0900][257.059s][info][gc,cpu      ] GC(916) User=0.01s Sys=0.00s Real=0.00s
[2026-03-25T22:12:51.984+0900][257.195s][info][gc,start    ] GC(917) Pause Young (Normal) (G1 Evacuation Pause)
[2026-03-25T22:12:51.984+0900][257.195s][info][gc,task     ] GC(917) Using 8 workers of 10 for evacuation
[2026-03-25T22:12:51.985+0900][257.196s][info][gc,phases   ] GC(917)   Pre Evacuate Collection Set: 0.0ms
[2026-03-25T22:12:51.985+0900][257.196s][info][gc,phases   ] GC(917)   Merge Heap Roots: 0.1ms
[2026-03-25T22:12:51.985+0900][257.196s][info][gc,phases   ] GC(917)   Evacuate Collection Set: 0.6ms
[2026-03-25T22:12:51.985+0900][257.196s][info][gc,phases   ] GC(917)   Post Evacuate Collection Set: 0.2ms
[2026-03-25T22:12:51.985+0900][257.196s][info][gc,phases   ] GC(917)   Other: 0.1ms
[2026-03-25T22:12:51.985+0900][257.196s][info][gc,heap     ] GC(917) Eden regions: 12->0(12)
[2026-03-25T22:12:51.985+0900][257.196s][info][gc,heap     ] GC(917) Survivor regions: 1->1(2)
[2026-03-25T22:12:51.985+0900][257.196s][info][gc,heap     ] GC(917) Old regions: 29->29
[2026-03-25T22:12:51.985+0900][257.196s][info][gc,heap     ] GC(917) Archive regions: 2->2
[2026-03-25T22:12:51.985+0900][257.196s][info][gc,heap     ] GC(917) Humongous regions: 24->24
[2026-03-25T22:12:51.985+0900][257.196s][info][gc,metaspace] GC(917) Metaspace: 104200K(105216K)->104200K(105216K) NonClass: 88931K(89472K)->88931K(89472K) Class: 15269K(15744K)->15269K(15744K)
[2026-03-25T22:12:51.985+0900][257.196s][info][gc          ] GC(917) Pause Young (Normal) (G1 Evacuation Pause) 264M->215M(308M) 1.004ms
[2026-03-25T22:12:51.985+0900][257.196s][info][gc,cpu      ] GC(917) User=0.00s Sys=0.00s Real=0.00s
[2026-03-25T22:12:52.304+0900][257.515s][info][gc,start    ] GC(918) Pause Young (Normal) (G1 Evacuation Pause)
[2026-03-25T22:12:52.304+0900][257.515s][info][gc,task     ] GC(918) Using 8 workers of 10 for evacuation
[2026-03-25T22:12:52.305+0900][257.516s][info][gc,phases   ] GC(918)   Pre Evacuate Collection Set: 0.0ms
[2026-03-25T22:12:52.305+0900][257.516s][info][gc,phases   ] GC(918)   Merge Heap Roots: 0.0ms
[2026-03-25T22:12:52.305+0900][257.516s][info][gc,phases   ] GC(918)   Evacuate Collection Set: 0.6ms
[2026-03-25T22:12:52.305+0900][257.516s][info][gc,phases   ] GC(918)   Post Evacuate Collection Set: 0.2ms
[2026-03-25T22:12:52.305+0900][257.516s][info][gc,phases   ] GC(918)   Other: 0.1ms
[2026-03-25T22:12:52.305+0900][257.516s][info][gc,heap     ] GC(918) Eden regions: 12->0(12)
[2026-03-25T22:12:52.305+0900][257.516s][info][gc,heap     ] GC(918) Survivor regions: 1->1(2)
[2026-03-25T22:12:52.305+0900][257.516s][info][gc,heap     ] GC(918) Old regions: 29->29
[2026-03-25T22:12:52.305+0900][257.516s][info][gc,heap     ] GC(918) Archive regions: 2->2
[2026-03-25T22:12:52.305+0900][257.516s][info][gc,heap     ] GC(918) Humongous regions: 24->24
[2026-03-25T22:12:52.305+0900][257.516s][info][gc,metaspace] GC(918) Metaspace: 104200K(105216K)->104200K(105216K) NonClass: 88931K(89472K)->88931K(89472K) Class: 15269K(15744K)->15269K(15744K)
[2026-03-25T22:12:52.305+0900][257.516s][info][gc          ] GC(918) Pause Young (Normal) (G1 Evacuation Pause) 263M->215M(308M) 0.968ms
[2026-03-25T22:12:52.305+0900][257.516s][info][gc,cpu      ] GC(918) User=0.00s Sys=0.00s Real=0.00s
[2026-03-25T22:12:52.361+0900][257.572s][info][gc,start    ] GC(919) Pause Young (Normal) (G1 Evacuation Pause)
[2026-03-25T22:12:52.361+0900][257.572s][info][gc,task     ] GC(919) Using 8 workers of 10 for evacuation
[2026-03-25T22:12:52.362+0900][257.573s][info][gc,phases   ] GC(919)   Pre Evacuate Collection Set: 0.1ms
[2026-03-25T22:12:52.362+0900][257.573s][info][gc,phases   ] GC(919)   Merge Heap Roots: 0.0ms
[2026-03-25T22:12:52.362+0900][257.573s][info][gc,phases   ] GC(919)   Evacuate Collection Set: 0.8ms
[2026-03-25T22:12:52.362+0900][257.573s][info][gc,phases   ] GC(919)   Post Evacuate Collection Set: 0.1ms
[2026-03-25T22:12:52.362+0900][257.573s][info][gc,phases   ] GC(919)   Other: 0.1ms
[2026-03-25T22:12:52.362+0900][257.573s][info][gc,heap     ] GC(919) Eden regions: 12->0(12)
[2026-03-25T22:12:52.362+0900][257.573s][info][gc,heap     ] GC(919) Survivor regions: 1->1(2)
[2026-03-25T22:12:52.362+0900][257.573s][info][gc,heap     ] GC(919) Old regions: 29->29
[2026-03-25T22:12:52.362+0900][257.573s][info][gc,heap     ] GC(919) Archive regions: 2->2
[2026-03-25T22:12:52.362+0900][257.573s][info][gc,heap     ] GC(919) Humongous regions: 24->24
[2026-03-25T22:12:52.362+0900][257.573s][info][gc,metaspace] GC(919) Metaspace: 104200K(105216K)->104200K(105216K) NonClass: 88931K(89472K)->88931K(89472K) Class: 15269K(15744K)->15269K(15744K)
[2026-03-25T22:12:52.362+0900][257.573s][info][gc          ] GC(919) Pause Young (Normal) (G1 Evacuation Pause) 263M->217M(308M) 1.170ms
[2026-03-25T22:12:52.362+0900][257.573s][info][gc,cpu      ] GC(919) User=0.00s Sys=0.00s Real=0.00s
[2026-03-25T22:12:52.668+0900][257.878s][info][gc,start    ] GC(920) Pause Young (Normal) (G1 Evacuation Pause)
[2026-03-25T22:12:52.668+0900][257.879s][info][gc,task     ] GC(920) Using 8 workers of 10 for evacuation
[2026-03-25T22:12:52.669+0900][257.879s][info][gc,phases   ] GC(920)   Pre Evacuate Collection Set: 0.1ms
[2026-03-25T22:12:52.669+0900][257.879s][info][gc,phases   ] GC(920)   Merge Heap Roots: 0.1ms
[2026-03-25T22:12:52.669+0900][257.879s][info][gc,phases   ] GC(920)   Evacuate Collection Set: 0.6ms
[2026-03-25T22:12:52.669+0900][257.879s][info][gc,phases   ] GC(920)   Post Evacuate Collection Set: 0.1ms
[2026-03-25T22:12:52.669+0900][257.879s][info][gc,phases   ] GC(920)   Other: 0.1ms
[2026-03-25T22:12:52.669+0900][257.879s][info][gc,heap     ] GC(920) Eden regions: 12->0(12)
[2026-03-25T22:12:52.669+0900][257.879s][info][gc,heap     ] GC(920) Survivor regions: 1->1(2)
[2026-03-25T22:12:52.669+0900][257.879s][info][gc,heap     ] GC(920) Old regions: 29->29
[2026-03-25T22:12:52.669+0900][257.879s][info][gc,heap     ] GC(920) Archive regions: 2->2
[2026-03-25T22:12:52.669+0900][257.879s][info][gc,heap     ] GC(920) Humongous regions: 24->24
[2026-03-25T22:12:52.669+0900][257.879s][info][gc,metaspace] GC(920) Metaspace: 104200K(105216K)->104200K(105216K) NonClass: 88931K(89472K)->88931K(89472K) Class: 15269K(15744K)->15269K(15744K)
[2026-03-25T22:12:52.669+0900][257.880s][info][gc          ] GC(920) Pause Young (Normal) (G1 Evacuation Pause) 265M->216M(308M) 1.012ms
[2026-03-25T22:12:52.669+0900][257.880s][info][gc,cpu      ] GC(920) User=0.01s Sys=0.00s Real=0.00s
[2026-03-25T22:12:52.865+0900][258.076s][info][gc,start    ] GC(921) Pause Young (Normal) (G1 Evacuation Pause)
[2026-03-25T22:12:52.865+0900][258.076s][info][gc,task     ] GC(921) Using 8 workers of 10 for evacuation
[2026-03-25T22:12:52.866+0900][258.077s][info][gc,phases   ] GC(921)   Pre Evacuate Collection Set: 0.0ms
[2026-03-25T22:12:52.866+0900][258.077s][info][gc,phases   ] GC(921)   Merge Heap Roots: 0.1ms
[2026-03-25T22:12:52.866+0900][258.077s][info][gc,phases   ] GC(921)   Evacuate Collection Set: 0.7ms
[2026-03-25T22:12:52.866+0900][258.077s][info][gc,phases   ] GC(921)   Post Evacuate Collection Set: 0.1ms
[2026-03-25T22:12:52.866+0900][258.077s][info][gc,phases   ] GC(921)   Other: 0.1ms
[2026-03-25T22:12:52.866+0900][258.077s][info][gc,heap     ] GC(921) Eden regions: 12->0(12)
[2026-03-25T22:12:52.866+0900][258.077s][info][gc,heap     ] GC(921) Survivor regions: 1->1(2)
[2026-03-25T22:12:52.866+0900][258.077s][info][gc,heap     ] GC(921) Old regions: 29->29
[2026-03-25T22:12:52.866+0900][258.077s][info][gc,heap     ] GC(921) Archive regions: 2->2
[2026-03-25T22:12:52.866+0900][258.077s][info][gc,heap     ] GC(921) Humongous regions: 24->24
[2026-03-25T22:12:52.866+0900][258.077s][info][gc,metaspace] GC(921) Metaspace: 104200K(105216K)->104200K(105216K) NonClass: 88931K(89472K)->88931K(89472K) Class: 15269K(15744K)->15269K(15744K)
[2026-03-25T22:12:52.866+0900][258.077s][info][gc          ] GC(921) Pause Young (Normal) (G1 Evacuation Pause) 264M->217M(308M) 1.079ms
[2026-03-25T22:12:52.866+0900][258.077s][info][gc,cpu      ] GC(921) User=0.01s Sys=0.00s Real=0.00s
[2026-03-25T22:12:53.063+0900][258.274s][info][gc,start    ] GC(922) Pause Young (Normal) (G1 Evacuation Pause)
[2026-03-25T22:12:53.063+0900][258.274s][info][gc,task     ] GC(922) Using 8 workers of 10 for evacuation
[2026-03-25T22:12:53.064+0900][258.275s][info][gc,phases   ] GC(922)   Pre Evacuate Collection Set: 0.1ms
[2026-03-25T22:12:53.064+0900][258.275s][info][gc,phases   ] GC(922)   Merge Heap Roots: 0.1ms
[2026-03-25T22:12:53.064+0900][258.275s][info][gc,phases   ] GC(922)   Evacuate Collection Set: 0.7ms
[2026-03-25T22:12:53.064+0900][258.275s][info][gc,phases   ] GC(922)   Post Evacuate Collection Set: 0.2ms
[2026-03-25T22:12:53.064+0900][258.275s][info][gc,phases   ] GC(922)   Other: 0.1ms
[2026-03-25T22:12:53.064+0900][258.275s][info][gc,heap     ] GC(922) Eden regions: 12->0(12)
[2026-03-25T22:12:53.064+0900][258.275s][info][gc,heap     ] GC(922) Survivor regions: 1->1(2)
[2026-03-25T22:12:53.064+0900][258.275s][info][gc,heap     ] GC(922) Old regions: 29->29
[2026-03-25T22:12:53.064+0900][258.275s][info][gc,heap     ] GC(922) Archive regions: 2->2
[2026-03-25T22:12:53.064+0900][258.275s][info][gc,heap     ] GC(922) Humongous regions: 24->24
[2026-03-25T22:12:53.064+0900][258.275s][info][gc,metaspace] GC(922) Metaspace: 104200K(105216K)->104200K(105216K) NonClass: 88931K(89472K)->88931K(89472K) Class: 15269K(15744K)->15269K(15744K)
[2026-03-25T22:12:53.064+0900][258.275s][info][gc          ] GC(922) Pause Young (Normal) (G1 Evacuation Pause) 265M->217M(308M) 1.141ms
[2026-03-25T22:12:53.064+0900][258.275s][info][gc,cpu      ] GC(922) User=0.01s Sys=0.00s Real=0.00s
[2026-03-25T22:12:53.392+0900][258.603s][info][gc,start    ] GC(923) Pause Young (Normal) (G1 Evacuation Pause)
[2026-03-25T22:12:53.393+0900][258.603s][info][gc,task     ] GC(923) Using 8 workers of 10 for evacuation
[2026-03-25T22:12:53.394+0900][258.604s][info][gc,phases   ] GC(923)   Pre Evacuate Collection Set: 0.1ms
[2026-03-25T22:12:53.394+0900][258.604s][info][gc,phases   ] GC(923)   Merge Heap Roots: 0.1ms
[2026-03-25T22:12:53.394+0900][258.604s][info][gc,phases   ] GC(923)   Evacuate Collection Set: 0.8ms
[2026-03-25T22:12:53.394+0900][258.604s][info][gc,phases   ] GC(923)   Post Evacuate Collection Set: 0.1ms
[2026-03-25T22:12:53.394+0900][258.604s][info][gc,phases   ] GC(923)   Other: 0.1ms
[2026-03-25T22:12:53.394+0900][258.604s][info][gc,heap     ] GC(923) Eden regions: 12->0(12)
[2026-03-25T22:12:53.394+0900][258.604s][info][gc,heap     ] GC(923) Survivor regions: 1->1(2)
[2026-03-25T22:12:53.394+0900][258.604s][info][gc,heap     ] GC(923) Old regions: 29->29
[2026-03-25T22:12:53.394+0900][258.604s][info][gc,heap     ] GC(923) Archive regions: 2->2
[2026-03-25T22:12:53.394+0900][258.604s][info][gc,heap     ] GC(923) Humongous regions: 24->24
[2026-03-25T22:12:53.394+0900][258.604s][info][gc,metaspace] GC(923) Metaspace: 104200K(105216K)->104200K(105216K) NonClass: 88931K(89472K)->88931K(89472K) Class: 15269K(15744K)->15269K(15744K)
[2026-03-25T22:12:53.394+0900][258.604s][info][gc          ] GC(923) Pause Young (Normal) (G1 Evacuation Pause) 265M->217M(308M) 1.268ms
[2026-03-25T22:12:53.394+0900][258.604s][info][gc,cpu      ] GC(923) User=0.01s Sys=0.00s Real=0.00s
[2026-03-25T22:12:53.764+0900][258.975s][info][gc,start    ] GC(924) Pause Young (Normal) (G1 Evacuation Pause)
[2026-03-25T22:12:53.765+0900][258.975s][info][gc,task     ] GC(924) Using 8 workers of 10 for evacuation
[2026-03-25T22:12:53.766+0900][258.977s][info][gc,phases   ] GC(924)   Pre Evacuate Collection Set: 0.1ms
[2026-03-25T22:12:53.766+0900][258.977s][info][gc,phases   ] GC(924)   Merge Heap Roots: 0.1ms
[2026-03-25T22:12:53.766+0900][258.977s][info][gc,phases   ] GC(924)   Evacuate Collection Set: 1.1ms
[2026-03-25T22:12:53.766+0900][258.977s][info][gc,phases   ] GC(924)   Post Evacuate Collection Set: 0.2ms
[2026-03-25T22:12:53.766+0900][258.977s][info][gc,phases   ] GC(924)   Other: 0.2ms
[2026-03-25T22:12:53.766+0900][258.977s][info][gc,heap     ] GC(924) Eden regions: 12->0(12)
[2026-03-25T22:12:53.766+0900][258.977s][info][gc,heap     ] GC(924) Survivor regions: 1->1(2)
[2026-03-25T22:12:53.766+0900][258.977s][info][gc,heap     ] GC(924) Old regions: 29->29
[2026-03-25T22:12:53.766+0900][258.977s][info][gc,heap     ] GC(924) Archive regions: 2->2
[2026-03-25T22:12:53.766+0900][258.977s][info][gc,heap     ] GC(924) Humongous regions: 24->24
[2026-03-25T22:12:53.766+0900][258.977s][info][gc,metaspace] GC(924) Metaspace: 104200K(105216K)->104200K(105216K) NonClass: 88931K(89472K)->88931K(89472K) Class: 15269K(15744K)->15269K(15744K)
[2026-03-25T22:12:53.766+0900][258.977s][info][gc          ] GC(924) Pause Young (Normal) (G1 Evacuation Pause) 265M->216M(308M) 1.798ms
[2026-03-25T22:12:53.766+0900][258.977s][info][gc,cpu      ] GC(924) User=0.01s Sys=0.00s Real=0.00s
[2026-03-25T22:12:54.002+0900][259.212s][info][gc,start    ] GC(925) Pause Young (Normal) (G1 Evacuation Pause)
[2026-03-25T22:12:54.002+0900][259.212s][info][gc,task     ] GC(925) Using 8 workers of 10 for evacuation
[2026-03-25T22:12:54.003+0900][259.213s][info][gc,phases   ] GC(925)   Pre Evacuate Collection Set: 0.0ms
[2026-03-25T22:12:54.003+0900][259.213s][info][gc,phases   ] GC(925)   Merge Heap Roots: 0.0ms
[2026-03-25T22:12:54.003+0900][259.213s][info][gc,phases   ] GC(925)   Evacuate Collection Set: 0.7ms
[2026-03-25T22:12:54.003+0900][259.213s][info][gc,phases   ] GC(925)   Post Evacuate Collection Set: 0.1ms
[2026-03-25T22:12:54.003+0900][259.213s][info][gc,phases   ] GC(925)   Other: 0.1ms
[2026-03-25T22:12:54.003+0900][259.213s][info][gc,heap     ] GC(925) Eden regions: 12->0(12)
[2026-03-25T22:12:54.003+0900][259.213s][info][gc,heap     ] GC(925) Survivor regions: 1->1(2)
[2026-03-25T22:12:54.003+0900][259.213s][info][gc,heap     ] GC(925) Old regions: 29->29
[2026-03-25T22:12:54.003+0900][259.213s][info][gc,heap     ] GC(925) Archive regions: 2->2
[2026-03-25T22:12:54.003+0900][259.213s][info][gc,heap     ] GC(925) Humongous regions: 24->24
[2026-03-25T22:12:54.003+0900][259.213s][info][gc,metaspace] GC(925) Metaspace: 104200K(105216K)->104200K(105216K) NonClass: 88931K(89472K)->88931K(89472K) Class: 15269K(15744K)->15269K(15744K)
[2026-03-25T22:12:54.003+0900][259.213s][info][gc          ] GC(925) Pause Young (Normal) (G1 Evacuation Pause) 264M->217M(308M) 1.089ms
[2026-03-25T22:12:54.003+0900][259.213s][info][gc,cpu      ] GC(925) User=0.00s Sys=0.00s Real=0.00s
[2026-03-25T22:12:54.279+0900][259.490s][info][gc,start    ] GC(926) Pause Young (Normal) (G1 Evacuation Pause)
[2026-03-25T22:12:54.279+0900][259.490s][info][gc,task     ] GC(926) Using 8 workers of 10 for evacuation
[2026-03-25T22:12:54.280+0900][259.491s][info][gc,phases   ] GC(926)   Pre Evacuate Collection Set: 0.0ms
[2026-03-25T22:12:54.280+0900][259.491s][info][gc,phases   ] GC(926)   Merge Heap Roots: 0.1ms
[2026-03-25T22:12:54.280+0900][259.491s][info][gc,phases   ] GC(926)   Evacuate Collection Set: 0.5ms
[2026-03-25T22:12:54.280+0900][259.491s][info][gc,phases   ] GC(926)   Post Evacuate Collection Set: 0.1ms
[2026-03-25T22:12:54.280+0900][259.491s][info][gc,phases   ] GC(926)   Other: 0.1ms
[2026-03-25T22:12:54.280+0900][259.491s][info][gc,heap     ] GC(926) Eden regions: 12->0(12)
[2026-03-25T22:12:54.280+0900][259.491s][info][gc,heap     ] GC(926) Survivor regions: 1->1(2)
[2026-03-25T22:12:54.280+0900][259.491s][info][gc,heap     ] GC(926) Old regions: 29->29
[2026-03-25T22:12:54.280+0900][259.491s][info][gc,heap     ] GC(926) Archive regions: 2->2
[2026-03-25T22:12:54.280+0900][259.491s][info][gc,heap     ] GC(926) Humongous regions: 24->24
[2026-03-25T22:12:54.280+0900][259.491s][info][gc,metaspace] GC(926) Metaspace: 104200K(105216K)->104200K(105216K) NonClass: 88931K(89472K)->88931K(89472K) Class: 15269K(15744K)->15269K(15744K)
[2026-03-25T22:12:54.280+0900][259.491s][info][gc          ] GC(926) Pause Young (Normal) (G1 Evacuation Pause) 265M->216M(308M) 0.907ms
[2026-03-25T22:12:54.280+0900][259.491s][info][gc,cpu      ] GC(926) User=0.01s Sys=0.00s Real=0.01s
[2026-03-25T22:12:54.532+0900][259.743s][info][gc,start    ] GC(927) Pause Young (Normal) (G1 Evacuation Pause)
[2026-03-25T22:12:54.532+0900][259.743s][info][gc,task     ] GC(927) Using 8 workers of 10 for evacuation
[2026-03-25T22:12:54.533+0900][259.744s][info][gc,phases   ] GC(927)   Pre Evacuate Collection Set: 0.0ms
[2026-03-25T22:12:54.533+0900][259.744s][info][gc,phases   ] GC(927)   Merge Heap Roots: 0.1ms
[2026-03-25T22:12:54.533+0900][259.744s][info][gc,phases   ] GC(927)   Evacuate Collection Set: 0.5ms
[2026-03-25T22:12:54.533+0900][259.744s][info][gc,phases   ] GC(927)   Post Evacuate Collection Set: 0.2ms
[2026-03-25T22:12:54.533+0900][259.744s][info][gc,phases   ] GC(927)   Other: 0.1ms
[2026-03-25T22:12:54.533+0900][259.744s][info][gc,heap     ] GC(927) Eden regions: 12->0(12)
[2026-03-25T22:12:54.533+0900][259.744s][info][gc,heap     ] GC(927) Survivor regions: 1->1(2)
[2026-03-25T22:12:54.533+0900][259.744s][info][gc,heap     ] GC(927) Old regions: 29->29
[2026-03-25T22:12:54.533+0900][259.744s][info][gc,heap     ] GC(927) Archive regions: 2->2
[2026-03-25T22:12:54.533+0900][259.744s][info][gc,heap     ] GC(927) Humongous regions: 24->24
[2026-03-25T22:12:54.533+0900][259.744s][info][gc,metaspace] GC(927) Metaspace: 104200K(105216K)->104200K(105216K) NonClass: 88931K(89472K)->88931K(89472K) Class: 15269K(15744K)->15269K(15744K)
[2026-03-25T22:12:54.533+0900][259.744s][info][gc          ] GC(927) Pause Young (Normal) (G1 Evacuation Pause) 264M->216M(308M) 0.950ms
[2026-03-25T22:12:54.533+0900][259.744s][info][gc,cpu      ] GC(927) User=0.00s Sys=0.00s Real=0.00s
[2026-03-25T22:12:54.909+0900][260.120s][info][gc,start    ] GC(928) Pause Young (Normal) (G1 Evacuation Pause)
[2026-03-25T22:12:54.909+0900][260.120s][info][gc,task     ] GC(928) Using 8 workers of 10 for evacuation
[2026-03-25T22:12:54.910+0900][260.121s][info][gc,phases   ] GC(928)   Pre Evacuate Collection Set: 0.0ms
[2026-03-25T22:12:54.910+0900][260.121s][info][gc,phases   ] GC(928)   Merge Heap Roots: 0.1ms
[2026-03-25T22:12:54.910+0900][260.121s][info][gc,phases   ] GC(928)   Evacuate Collection Set: 0.6ms
[2026-03-25T22:12:54.910+0900][260.121s][info][gc,phases   ] GC(928)   Post Evacuate Collection Set: 0.2ms
[2026-03-25T22:12:54.910+0900][260.121s][info][gc,phases   ] GC(928)   Other: 0.1ms
[2026-03-25T22:12:54.910+0900][260.121s][info][gc,heap     ] GC(928) Eden regions: 12->0(12)
[2026-03-25T22:12:54.910+0900][260.121s][info][gc,heap     ] GC(928) Survivor regions: 1->1(2)
[2026-03-25T22:12:54.910+0900][260.121s][info][gc,heap     ] GC(928) Old regions: 29->29
[2026-03-25T22:12:54.910+0900][260.121s][info][gc,heap     ] GC(928) Archive regions: 2->2
[2026-03-25T22:12:54.910+0900][260.121s][info][gc,heap     ] GC(928) Humongous regions: 24->24
[2026-03-25T22:12:54.910+0900][260.121s][info][gc,metaspace] GC(928) Metaspace: 104200K(105216K)->104200K(105216K) NonClass: 88931K(89472K)->88931K(89472K) Class: 15269K(15744K)->15269K(15744K)
[2026-03-25T22:12:54.910+0900][260.121s][info][gc          ] GC(928) Pause Young (Normal) (G1 Evacuation Pause) 264M->215M(308M) 1.024ms
[2026-03-25T22:12:54.910+0900][260.121s][info][gc,cpu      ] GC(928) User=0.00s Sys=0.00s Real=0.01s
[2026-03-25T22:12:55.042+0900][260.253s][info][gc,start    ] GC(929) Pause Young (Normal) (G1 Evacuation Pause)
[2026-03-25T22:12:55.042+0900][260.253s][info][gc,task     ] GC(929) Using 8 workers of 10 for evacuation
[2026-03-25T22:12:55.043+0900][260.254s][info][gc,phases   ] GC(929)   Pre Evacuate Collection Set: 0.0ms
[2026-03-25T22:12:55.043+0900][260.254s][info][gc,phases   ] GC(929)   Merge Heap Roots: 0.0ms
[2026-03-25T22:12:55.043+0900][260.254s][info][gc,phases   ] GC(929)   Evacuate Collection Set: 0.6ms
[2026-03-25T22:12:55.043+0900][260.254s][info][gc,phases   ] GC(929)   Post Evacuate Collection Set: 0.1ms
[2026-03-25T22:12:55.043+0900][260.254s][info][gc,phases   ] GC(929)   Other: 0.1ms
[2026-03-25T22:12:55.043+0900][260.254s][info][gc,heap     ] GC(929) Eden regions: 12->0(12)
[2026-03-25T22:12:55.043+0900][260.254s][info][gc,heap     ] GC(929) Survivor regions: 1->1(2)
[2026-03-25T22:12:55.043+0900][260.254s][info][gc,heap     ] GC(929) Old regions: 29->29
[2026-03-25T22:12:55.043+0900][260.254s][info][gc,heap     ] GC(929) Archive regions: 2->2
[2026-03-25T22:12:55.043+0900][260.254s][info][gc,heap     ] GC(929) Humongous regions: 24->24
[2026-03-25T22:12:55.043+0900][260.254s][info][gc,metaspace] GC(929) Metaspace: 104200K(105216K)->104200K(105216K) NonClass: 88931K(89472K)->88931K(89472K) Class: 15269K(15744K)->15269K(15744K)
[2026-03-25T22:12:55.043+0900][260.254s][info][gc          ] GC(929) Pause Young (Normal) (G1 Evacuation Pause) 263M->216M(308M) 0.985ms
[2026-03-25T22:12:55.043+0900][260.254s][info][gc,cpu      ] GC(929) User=0.00s Sys=0.00s Real=0.00s
[2026-03-25T22:12:55.409+0900][260.620s][info][gc,start    ] GC(930) Pause Young (Normal) (G1 Evacuation Pause)
[2026-03-25T22:12:55.409+0900][260.620s][info][gc,task     ] GC(930) Using 8 workers of 10 for evacuation
[2026-03-25T22:12:55.410+0900][260.621s][info][gc,phases   ] GC(930)   Pre Evacuate Collection Set: 0.0ms
[2026-03-25T22:12:55.410+0900][260.621s][info][gc,phases   ] GC(930)   Merge Heap Roots: 0.1ms
[2026-03-25T22:12:55.410+0900][260.621s][info][gc,phases   ] GC(930)   Evacuate Collection Set: 0.5ms
[2026-03-25T22:12:55.410+0900][260.621s][info][gc,phases   ] GC(930)   Post Evacuate Collection Set: 0.2ms
[2026-03-25T22:12:55.410+0900][260.621s][info][gc,phases   ] GC(930)   Other: 0.1ms
[2026-03-25T22:12:55.410+0900][260.621s][info][gc,heap     ] GC(930) Eden regions: 12->0(12)
[2026-03-25T22:12:55.410+0900][260.621s][info][gc,heap     ] GC(930) Survivor regions: 1->1(2)
[2026-03-25T22:12:55.410+0900][260.621s][info][gc,heap     ] GC(930) Old regions: 29->29
[2026-03-25T22:12:55.410+0900][260.621s][info][gc,heap     ] GC(930) Archive regions: 2->2
[2026-03-25T22:12:55.410+0900][260.621s][info][gc,heap     ] GC(930) Humongous regions: 24->24
[2026-03-25T22:12:55.410+0900][260.621s][info][gc,metaspace] GC(930) Metaspace: 104200K(105216K)->104200K(105216K) NonClass: 88931K(89472K)->88931K(89472K) Class: 15269K(15744K)->15269K(15744K)
[2026-03-25T22:12:55.410+0900][260.621s][info][gc          ] GC(930) Pause Young (Normal) (G1 Evacuation Pause) 264M->215M(308M) 0.862ms
[2026-03-25T22:12:55.410+0900][260.621s][info][gc,cpu      ] GC(930) User=0.00s Sys=0.00s Real=0.01s
[2026-03-25T22:12:55.568+0900][260.778s][info][gc,start    ] GC(931) Pause Young (Normal) (G1 Evacuation Pause)
[2026-03-25T22:12:55.568+0900][260.778s][info][gc,task     ] GC(931) Using 8 workers of 10 for evacuation
[2026-03-25T22:12:55.569+0900][260.779s][info][gc,phases   ] GC(931)   Pre Evacuate Collection Set: 0.0ms
[2026-03-25T22:12:55.569+0900][260.779s][info][gc,phases   ] GC(931)   Merge Heap Roots: 0.0ms
[2026-03-25T22:12:55.569+0900][260.779s][info][gc,phases   ] GC(931)   Evacuate Collection Set: 0.6ms
[2026-03-25T22:12:55.569+0900][260.779s][info][gc,phases   ] GC(931)   Post Evacuate Collection Set: 0.1ms
[2026-03-25T22:12:55.569+0900][260.779s][info][gc,phases   ] GC(931)   Other: 0.1ms
[2026-03-25T22:12:55.569+0900][260.779s][info][gc,heap     ] GC(931) Eden regions: 12->0(12)
[2026-03-25T22:12:55.569+0900][260.779s][info][gc,heap     ] GC(931) Survivor regions: 1->1(2)
[2026-03-25T22:12:55.569+0900][260.779s][info][gc,heap     ] GC(931) Old regions: 29->29
[2026-03-25T22:12:55.569+0900][260.779s][info][gc,heap     ] GC(931) Archive regions: 2->2
[2026-03-25T22:12:55.569+0900][260.779s][info][gc,heap     ] GC(931) Humongous regions: 24->24
[2026-03-25T22:12:55.569+0900][260.779s][info][gc,metaspace] GC(931) Metaspace: 104200K(105216K)->104200K(105216K) NonClass: 88931K(89472K)->88931K(89472K) Class: 15269K(15744K)->15269K(15744K)
[2026-03-25T22:12:55.569+0900][260.779s][info][gc          ] GC(931) Pause Young (Normal) (G1 Evacuation Pause) 263M->216M(308M) 1.011ms
[2026-03-25T22:12:55.569+0900][260.779s][info][gc,cpu      ] GC(931) User=0.00s Sys=0.00s Real=0.00s
[2026-03-25T22:12:55.707+0900][260.917s][info][gc,start    ] GC(932) Pause Young (Normal) (G1 Evacuation Pause)
[2026-03-25T22:12:55.707+0900][260.917s][info][gc,task     ] GC(932) Using 8 workers of 10 for evacuation
[2026-03-25T22:12:55.708+0900][260.919s][info][gc,phases   ] GC(932)   Pre Evacuate Collection Set: 0.0ms
[2026-03-25T22:12:55.708+0900][260.919s][info][gc,phases   ] GC(932)   Merge Heap Roots: 0.0ms
[2026-03-25T22:12:55.708+0900][260.919s][info][gc,phases   ] GC(932)   Evacuate Collection Set: 0.8ms
[2026-03-25T22:12:55.708+0900][260.919s][info][gc,phases   ] GC(932)   Post Evacuate Collection Set: 0.2ms
[2026-03-25T22:12:55.708+0900][260.919s][info][gc,phases   ] GC(932)   Other: 0.1ms
[2026-03-25T22:12:55.708+0900][260.919s][info][gc,heap     ] GC(932) Eden regions: 12->0(12)
[2026-03-25T22:12:55.708+0900][260.919s][info][gc,heap     ] GC(932) Survivor regions: 1->1(2)
[2026-03-25T22:12:55.708+0900][260.919s][info][gc,heap     ] GC(932) Old regions: 29->29
[2026-03-25T22:12:55.708+0900][260.919s][info][gc,heap     ] GC(932) Archive regions: 2->2
[2026-03-25T22:12:55.708+0900][260.919s][info][gc,heap     ] GC(932) Humongous regions: 24->24
[2026-03-25T22:12:55.708+0900][260.919s][info][gc,metaspace] GC(932) Metaspace: 104200K(105216K)->104200K(105216K) NonClass: 88931K(89472K)->88931K(89472K) Class: 15269K(15744K)->15269K(15744K)
[2026-03-25T22:12:55.708+0900][260.919s][info][gc          ] GC(932) Pause Young (Normal) (G1 Evacuation Pause) 264M->216M(308M) 1.133ms
[2026-03-25T22:12:55.708+0900][260.919s][info][gc,cpu      ] GC(932) User=0.00s Sys=0.00s Real=0.00s
[2026-03-25T22:12:55.862+0900][261.073s][info][gc,start    ] GC(933) Pause Young (Normal) (G1 Evacuation Pause)
[2026-03-25T22:12:55.862+0900][261.073s][info][gc,task     ] GC(933) Using 8 workers of 10 for evacuation
[2026-03-25T22:12:55.863+0900][261.074s][info][gc,phases   ] GC(933)   Pre Evacuate Collection Set: 0.1ms
[2026-03-25T22:12:55.863+0900][261.074s][info][gc,phases   ] GC(933)   Merge Heap Roots: 0.1ms
[2026-03-25T22:12:55.863+0900][261.074s][info][gc,phases   ] GC(933)   Evacuate Collection Set: 1.0ms
[2026-03-25T22:12:55.863+0900][261.074s][info][gc,phases   ] GC(933)   Post Evacuate Collection Set: 0.2ms
[2026-03-25T22:12:55.863+0900][261.074s][info][gc,phases   ] GC(933)   Other: 0.2ms
[2026-03-25T22:12:55.863+0900][261.074s][info][gc,heap     ] GC(933) Eden regions: 12->0(12)
[2026-03-25T22:12:55.863+0900][261.074s][info][gc,heap     ] GC(933) Survivor regions: 1->1(2)
[2026-03-25T22:12:55.863+0900][261.074s][info][gc,heap     ] GC(933) Old regions: 29->29
[2026-03-25T22:12:55.863+0900][261.074s][info][gc,heap     ] GC(933) Archive regions: 2->2
[2026-03-25T22:12:55.863+0900][261.074s][info][gc,heap     ] GC(933) Humongous regions: 24->24
[2026-03-25T22:12:55.863+0900][261.074s][info][gc,metaspace] GC(933) Metaspace: 104200K(105216K)->104200K(105216K) NonClass: 88931K(89472K)->88931K(89472K) Class: 15269K(15744K)->15269K(15744K)
[2026-03-25T22:12:55.864+0900][261.074s][info][gc          ] GC(933) Pause Young (Normal) (G1 Evacuation Pause) 264M->217M(308M) 1.570ms
[2026-03-25T22:12:55.864+0900][261.074s][info][gc,cpu      ] GC(933) User=0.01s Sys=0.01s Real=0.00s
[2026-03-25T22:12:56.018+0900][261.229s][info][gc,start    ] GC(934) Pause Young (Normal) (G1 Evacuation Pause)
[2026-03-25T22:12:56.018+0900][261.229s][info][gc,task     ] GC(934) Using 8 workers of 10 for evacuation
[2026-03-25T22:12:56.019+0900][261.230s][info][gc,phases   ] GC(934)   Pre Evacuate Collection Set: 0.1ms
[2026-03-25T22:12:56.019+0900][261.230s][info][gc,phases   ] GC(934)   Merge Heap Roots: 0.1ms
[2026-03-25T22:12:56.019+0900][261.230s][info][gc,phases   ] GC(934)   Evacuate Collection Set: 0.8ms
[2026-03-25T22:12:56.019+0900][261.230s][info][gc,phases   ] GC(934)   Post Evacuate Collection Set: 0.1ms
[2026-03-25T22:12:56.019+0900][261.230s][info][gc,phases   ] GC(934)   Other: 0.1ms
[2026-03-25T22:12:56.019+0900][261.230s][info][gc,heap     ] GC(934) Eden regions: 12->0(12)
[2026-03-25T22:12:56.019+0900][261.230s][info][gc,heap     ] GC(934) Survivor regions: 1->1(2)
[2026-03-25T22:12:56.019+0900][261.230s][info][gc,heap     ] GC(934) Old regions: 29->29
[2026-03-25T22:12:56.019+0900][261.230s][info][gc,heap     ] GC(934) Archive regions: 2->2
[2026-03-25T22:12:56.019+0900][261.230s][info][gc,heap     ] GC(934) Humongous regions: 24->24
[2026-03-25T22:12:56.019+0900][261.230s][info][gc,metaspace] GC(934) Metaspace: 104200K(105216K)->104200K(105216K) NonClass: 88931K(89472K)->88931K(89472K) Class: 15269K(15744K)->15269K(15744K)
[2026-03-25T22:12:56.019+0900][261.230s][info][gc          ] GC(934) Pause Young (Normal) (G1 Evacuation Pause) 265M->216M(308M) 1.135ms
[2026-03-25T22:12:56.019+0900][261.230s][info][gc,cpu      ] GC(934) User=0.01s Sys=0.00s Real=0.00s
[2026-03-25T22:12:56.170+0900][261.381s][info][gc,start    ] GC(935) Pause Young (Normal) (G1 Evacuation Pause)
[2026-03-25T22:12:56.170+0900][261.381s][info][gc,task     ] GC(935) Using 8 workers of 10 for evacuation
[2026-03-25T22:12:56.171+0900][261.382s][info][gc,phases   ] GC(935)   Pre Evacuate Collection Set: 0.0ms
[2026-03-25T22:12:56.171+0900][261.382s][info][gc,phases   ] GC(935)   Merge Heap Roots: 0.0ms
[2026-03-25T22:12:56.171+0900][261.382s][info][gc,phases   ] GC(935)   Evacuate Collection Set: 0.6ms
[2026-03-25T22:12:56.171+0900][261.382s][info][gc,phases   ] GC(935)   Post Evacuate Collection Set: 0.1ms
[2026-03-25T22:12:56.171+0900][261.382s][info][gc,phases   ] GC(935)   Other: 0.1ms
[2026-03-25T22:12:56.171+0900][261.382s][info][gc,heap     ] GC(935) Eden regions: 12->0(12)
[2026-03-25T22:12:56.171+0900][261.382s][info][gc,heap     ] GC(935) Survivor regions: 1->1(2)
[2026-03-25T22:12:56.171+0900][261.382s][info][gc,heap     ] GC(935) Old regions: 29->29
[2026-03-25T22:12:56.171+0900][261.382s][info][gc,heap     ] GC(935) Archive regions: 2->2
[2026-03-25T22:12:56.171+0900][261.382s][info][gc,heap     ] GC(935) Humongous regions: 24->24
[2026-03-25T22:12:56.171+0900][261.382s][info][gc,metaspace] GC(935) Metaspace: 104200K(105216K)->104200K(105216K) NonClass: 88931K(89472K)->88931K(89472K) Class: 15269K(15744K)->15269K(15744K)
[2026-03-25T22:12:56.171+0900][261.382s][info][gc          ] GC(935) Pause Young (Normal) (G1 Evacuation Pause) 264M->216M(308M) 0.978ms
[2026-03-25T22:12:56.171+0900][261.382s][info][gc,cpu      ] GC(935) User=0.01s Sys=0.00s Real=0.00s
[2026-03-25T22:12:56.317+0900][261.527s][info][gc,start    ] GC(936) Pause Young (Normal) (G1 Evacuation Pause)
[2026-03-25T22:12:56.317+0900][261.527s][info][gc,task     ] GC(936) Using 8 workers of 10 for evacuation
[2026-03-25T22:12:56.318+0900][261.528s][info][gc,phases   ] GC(936)   Pre Evacuate Collection Set: 0.0ms
[2026-03-25T22:12:56.318+0900][261.528s][info][gc,phases   ] GC(936)   Merge Heap Roots: 0.0ms
[2026-03-25T22:12:56.318+0900][261.528s][info][gc,phases   ] GC(936)   Evacuate Collection Set: 0.6ms
[2026-03-25T22:12:56.318+0900][261.528s][info][gc,phases   ] GC(936)   Post Evacuate Collection Set: 0.1ms
[2026-03-25T22:12:56.318+0900][261.528s][info][gc,phases   ] GC(936)   Other: 0.1ms
[2026-03-25T22:12:56.318+0900][261.528s][info][gc,heap     ] GC(936) Eden regions: 12->0(12)
[2026-03-25T22:12:56.318+0900][261.528s][info][gc,heap     ] GC(936) Survivor regions: 1->1(2)
[2026-03-25T22:12:56.318+0900][261.528s][info][gc,heap     ] GC(936) Old regions: 29->29
[2026-03-25T22:12:56.318+0900][261.528s][info][gc,heap     ] GC(936) Archive regions: 2->2
[2026-03-25T22:12:56.318+0900][261.528s][info][gc,heap     ] GC(936) Humongous regions: 24->24
[2026-03-25T22:12:56.318+0900][261.528s][info][gc,metaspace] GC(936) Metaspace: 104200K(105216K)->104200K(105216K) NonClass: 88931K(89472K)->88931K(89472K) Class: 15269K(15744K)->15269K(15744K)
[2026-03-25T22:12:56.318+0900][261.528s][info][gc          ] GC(936) Pause Young (Normal) (G1 Evacuation Pause) 264M->216M(308M) 0.969ms
[2026-03-25T22:12:56.318+0900][261.528s][info][gc,cpu      ] GC(936) User=0.01s Sys=0.00s Real=0.00s
[2026-03-25T22:12:56.492+0900][261.703s][info][gc,start    ] GC(937) Pause Young (Normal) (G1 Evacuation Pause)
[2026-03-25T22:12:56.492+0900][261.703s][info][gc,task     ] GC(937) Using 8 workers of 10 for evacuation
[2026-03-25T22:12:56.493+0900][261.704s][info][gc,phases   ] GC(937)   Pre Evacuate Collection Set: 0.0ms
[2026-03-25T22:12:56.493+0900][261.704s][info][gc,phases   ] GC(937)   Merge Heap Roots: 0.0ms
[2026-03-25T22:12:56.493+0900][261.704s][info][gc,phases   ] GC(937)   Evacuate Collection Set: 0.5ms
[2026-03-25T22:12:56.493+0900][261.704s][info][gc,phases   ] GC(937)   Post Evacuate Collection Set: 0.2ms
[2026-03-25T22:12:56.493+0900][261.704s][info][gc,phases   ] GC(937)   Other: 0.1ms
[2026-03-25T22:12:56.493+0900][261.704s][info][gc,heap     ] GC(937) Eden regions: 12->0(12)
[2026-03-25T22:12:56.493+0900][261.704s][info][gc,heap     ] GC(937) Survivor regions: 1->1(2)
[2026-03-25T22:12:56.493+0900][261.704s][info][gc,heap     ] GC(937) Old regions: 29->29
[2026-03-25T22:12:56.493+0900][261.704s][info][gc,heap     ] GC(937) Archive regions: 2->2
[2026-03-25T22:12:56.493+0900][261.704s][info][gc,heap     ] GC(937) Humongous regions: 24->24
[2026-03-25T22:12:56.493+0900][261.704s][info][gc,metaspace] GC(937) Metaspace: 104200K(105216K)->104200K(105216K) NonClass: 88931K(89472K)->88931K(89472K) Class: 15269K(15744K)->15269K(15744K)
[2026-03-25T22:12:56.493+0900][261.704s][info][gc          ] GC(937) Pause Young (Normal) (G1 Evacuation Pause) 264M->215M(308M) 0.894ms
[2026-03-25T22:12:56.493+0900][261.704s][info][gc,cpu      ] GC(937) User=0.00s Sys=0.01s Real=0.00s
[2026-03-25T22:12:56.644+0900][261.855s][info][gc,start    ] GC(938) Pause Young (Normal) (G1 Evacuation Pause)
[2026-03-25T22:12:56.644+0900][261.855s][info][gc,task     ] GC(938) Using 8 workers of 10 for evacuation
[2026-03-25T22:12:56.645+0900][261.855s][info][gc,phases   ] GC(938)   Pre Evacuate Collection Set: 0.0ms
[2026-03-25T22:12:56.645+0900][261.855s][info][gc,phases   ] GC(938)   Merge Heap Roots: 0.0ms
[2026-03-25T22:12:56.645+0900][261.855s][info][gc,phases   ] GC(938)   Evacuate Collection Set: 0.4ms
[2026-03-25T22:12:56.645+0900][261.855s][info][gc,phases   ] GC(938)   Post Evacuate Collection Set: 0.1ms
[2026-03-25T22:12:56.645+0900][261.855s][info][gc,phases   ] GC(938)   Other: 0.1ms
[2026-03-25T22:12:56.645+0900][261.855s][info][gc,heap     ] GC(938) Eden regions: 12->0(12)
[2026-03-25T22:12:56.645+0900][261.855s][info][gc,heap     ] GC(938) Survivor regions: 1->1(2)
[2026-03-25T22:12:56.645+0900][261.855s][info][gc,heap     ] GC(938) Old regions: 29->29
[2026-03-25T22:12:56.645+0900][261.855s][info][gc,heap     ] GC(938) Archive regions: 2->2
[2026-03-25T22:12:56.645+0900][261.855s][info][gc,heap     ] GC(938) Humongous regions: 24->24
[2026-03-25T22:12:56.645+0900][261.855s][info][gc,metaspace] GC(938) Metaspace: 104200K(105216K)->104200K(105216K) NonClass: 88931K(89472K)->88931K(89472K) Class: 15269K(15744K)->15269K(15744K)
[2026-03-25T22:12:56.645+0900][261.855s][info][gc          ] GC(938) Pause Young (Normal) (G1 Evacuation Pause) 263M->215M(308M) 0.723ms
[2026-03-25T22:12:56.645+0900][261.855s][info][gc,cpu      ] GC(938) User=0.00s Sys=0.00s Real=0.00s
[2026-03-25T22:12:56.950+0900][262.161s][info][gc,start    ] GC(939) Pause Young (Normal) (G1 Evacuation Pause)
[2026-03-25T22:12:56.951+0900][262.161s][info][gc,task     ] GC(939) Using 8 workers of 10 for evacuation
[2026-03-25T22:12:56.951+0900][262.162s][info][gc,phases   ] GC(939)   Pre Evacuate Collection Set: 0.1ms
[2026-03-25T22:12:56.951+0900][262.162s][info][gc,phases   ] GC(939)   Merge Heap Roots: 0.0ms
[2026-03-25T22:12:56.951+0900][262.162s][info][gc,phases   ] GC(939)   Evacuate Collection Set: 0.6ms
[2026-03-25T22:12:56.951+0900][262.162s][info][gc,phases   ] GC(939)   Post Evacuate Collection Set: 0.1ms
[2026-03-25T22:12:56.951+0900][262.162s][info][gc,phases   ] GC(939)   Other: 0.1ms
[2026-03-25T22:12:56.951+0900][262.162s][info][gc,heap     ] GC(939) Eden regions: 12->0(12)
[2026-03-25T22:12:56.951+0900][262.162s][info][gc,heap     ] GC(939) Survivor regions: 1->1(2)
[2026-03-25T22:12:56.951+0900][262.162s][info][gc,heap     ] GC(939) Old regions: 29->29
[2026-03-25T22:12:56.951+0900][262.162s][info][gc,heap     ] GC(939) Archive regions: 2->2
[2026-03-25T22:12:56.951+0900][262.162s][info][gc,heap     ] GC(939) Humongous regions: 24->24
[2026-03-25T22:12:56.951+0900][262.162s][info][gc,metaspace] GC(939) Metaspace: 104200K(105216K)->104200K(105216K) NonClass: 88931K(89472K)->88931K(89472K) Class: 15269K(15744K)->15269K(15744K)
[2026-03-25T22:12:56.951+0900][262.162s][info][gc          ] GC(939) Pause Young (Normal) (G1 Evacuation Pause) 263M->216M(308M) 0.939ms
[2026-03-25T22:12:56.951+0900][262.162s][info][gc,cpu      ] GC(939) User=0.00s Sys=0.00s Real=0.00s
[2026-03-25T22:12:57.089+0900][262.299s][info][gc,start    ] GC(940) Pause Young (Normal) (G1 Evacuation Pause)
[2026-03-25T22:12:57.089+0900][262.299s][info][gc,task     ] GC(940) Using 8 workers of 10 for evacuation
[2026-03-25T22:12:57.090+0900][262.300s][info][gc,phases   ] GC(940)   Pre Evacuate Collection Set: 0.1ms
[2026-03-25T22:12:57.090+0900][262.300s][info][gc,phases   ] GC(940)   Merge Heap Roots: 0.0ms
[2026-03-25T22:12:57.090+0900][262.300s][info][gc,phases   ] GC(940)   Evacuate Collection Set: 0.7ms
[2026-03-25T22:12:57.090+0900][262.300s][info][gc,phases   ] GC(940)   Post Evacuate Collection Set: 0.1ms
[2026-03-25T22:12:57.090+0900][262.300s][info][gc,phases   ] GC(940)   Other: 0.1ms
[2026-03-25T22:12:57.090+0900][262.300s][info][gc,heap     ] GC(940) Eden regions: 12->0(12)
[2026-03-25T22:12:57.090+0900][262.300s][info][gc,heap     ] GC(940) Survivor regions: 1->1(2)
[2026-03-25T22:12:57.090+0900][262.300s][info][gc,heap     ] GC(940) Old regions: 29->29
[2026-03-25T22:12:57.090+0900][262.300s][info][gc,heap     ] GC(940) Archive regions: 2->2
[2026-03-25T22:12:57.090+0900][262.300s][info][gc,heap     ] GC(940) Humongous regions: 24->24
[2026-03-25T22:12:57.090+0900][262.300s][info][gc,metaspace] GC(940) Metaspace: 104200K(105216K)->104200K(105216K) NonClass: 88931K(89472K)->88931K(89472K) Class: 15269K(15744K)->15269K(15744K)
[2026-03-25T22:12:57.090+0900][262.300s][info][gc          ] GC(940) Pause Young (Normal) (G1 Evacuation Pause) 264M->216M(308M) 1.062ms
[2026-03-25T22:12:57.090+0900][262.300s][info][gc,cpu      ] GC(940) User=0.01s Sys=0.00s Real=0.01s
[2026-03-25T22:12:57.239+0900][262.450s][info][gc,start    ] GC(941) Pause Young (Normal) (G1 Evacuation Pause)
[2026-03-25T22:12:57.239+0900][262.450s][info][gc,task     ] GC(941) Using 8 workers of 10 for evacuation
[2026-03-25T22:12:57.240+0900][262.451s][info][gc,phases   ] GC(941)   Pre Evacuate Collection Set: 0.0ms
[2026-03-25T22:12:57.240+0900][262.451s][info][gc,phases   ] GC(941)   Merge Heap Roots: 0.0ms
[2026-03-25T22:12:57.240+0900][262.451s][info][gc,phases   ] GC(941)   Evacuate Collection Set: 0.7ms
[2026-03-25T22:12:57.240+0900][262.451s][info][gc,phases   ] GC(941)   Post Evacuate Collection Set: 0.1ms
[2026-03-25T22:12:57.240+0900][262.451s][info][gc,phases   ] GC(941)   Other: 0.1ms
[2026-03-25T22:12:57.240+0900][262.451s][info][gc,heap     ] GC(941) Eden regions: 12->0(12)
[2026-03-25T22:12:57.240+0900][262.451s][info][gc,heap     ] GC(941) Survivor regions: 1->1(2)
[2026-03-25T22:12:57.240+0900][262.451s][info][gc,heap     ] GC(941) Old regions: 29->29
[2026-03-25T22:12:57.240+0900][262.451s][info][gc,heap     ] GC(941) Archive regions: 2->2
[2026-03-25T22:12:57.240+0900][262.451s][info][gc,heap     ] GC(941) Humongous regions: 24->24
[2026-03-25T22:12:57.240+0900][262.451s][info][gc,metaspace] GC(941) Metaspace: 104200K(105216K)->104200K(105216K) NonClass: 88931K(89472K)->88931K(89472K) Class: 15269K(15744K)->15269K(15744K)
[2026-03-25T22:12:57.240+0900][262.451s][info][gc          ] GC(941) Pause Young (Normal) (G1 Evacuation Pause) 264M->216M(308M) 1.004ms
[2026-03-25T22:12:57.240+0900][262.451s][info][gc,cpu      ] GC(941) User=0.00s Sys=0.00s Real=0.01s
[2026-03-25T22:12:57.378+0900][262.589s][info][gc,start    ] GC(942) Pause Young (Normal) (G1 Evacuation Pause)
[2026-03-25T22:12:57.378+0900][262.589s][info][gc,task     ] GC(942) Using 8 workers of 10 for evacuation
[2026-03-25T22:12:57.379+0900][262.590s][info][gc,phases   ] GC(942)   Pre Evacuate Collection Set: 0.0ms
[2026-03-25T22:12:57.379+0900][262.590s][info][gc,phases   ] GC(942)   Merge Heap Roots: 0.0ms
[2026-03-25T22:12:57.379+0900][262.590s][info][gc,phases   ] GC(942)   Evacuate Collection Set: 0.4ms
[2026-03-25T22:12:57.379+0900][262.590s][info][gc,phases   ] GC(942)   Post Evacuate Collection Set: 0.2ms
[2026-03-25T22:12:57.379+0900][262.590s][info][gc,phases   ] GC(942)   Other: 0.1ms
[2026-03-25T22:12:57.379+0900][262.590s][info][gc,heap     ] GC(942) Eden regions: 12->0(12)
[2026-03-25T22:12:57.379+0900][262.590s][info][gc,heap     ] GC(942) Survivor regions: 1->1(2)
[2026-03-25T22:12:57.379+0900][262.590s][info][gc,heap     ] GC(942) Old regions: 29->29
[2026-03-25T22:12:57.379+0900][262.590s][info][gc,heap     ] GC(942) Archive regions: 2->2
[2026-03-25T22:12:57.379+0900][262.590s][info][gc,heap     ] GC(942) Humongous regions: 24->24
[2026-03-25T22:12:57.379+0900][262.590s][info][gc,metaspace] GC(942) Metaspace: 104200K(105216K)->104200K(105216K) NonClass: 88931K(89472K)->88931K(89472K) Class: 15269K(15744K)->15269K(15744K)
[2026-03-25T22:12:57.379+0900][262.590s][info][gc          ] GC(942) Pause Young (Normal) (G1 Evacuation Pause) 264M->216M(308M) 0.769ms
[2026-03-25T22:12:57.379+0900][262.590s][info][gc,cpu      ] GC(942) User=0.00s Sys=0.00s Real=0.00s
[2026-03-25T22:12:57.526+0900][262.737s][info][gc,start    ] GC(943) Pause Young (Normal) (G1 Evacuation Pause)
[2026-03-25T22:12:57.526+0900][262.737s][info][gc,task     ] GC(943) Using 8 workers of 10 for evacuation
[2026-03-25T22:12:57.527+0900][262.738s][info][gc,phases   ] GC(943)   Pre Evacuate Collection Set: 0.1ms
[2026-03-25T22:12:57.527+0900][262.738s][info][gc,phases   ] GC(943)   Merge Heap Roots: 0.1ms
[2026-03-25T22:12:57.527+0900][262.738s][info][gc,phases   ] GC(943)   Evacuate Collection Set: 0.5ms
[2026-03-25T22:12:57.527+0900][262.738s][info][gc,phases   ] GC(943)   Post Evacuate Collection Set: 0.1ms
[2026-03-25T22:12:57.527+0900][262.738s][info][gc,phases   ] GC(943)   Other: 0.1ms
[2026-03-25T22:12:57.527+0900][262.738s][info][gc,heap     ] GC(943) Eden regions: 12->0(12)
[2026-03-25T22:12:57.527+0900][262.738s][info][gc,heap     ] GC(943) Survivor regions: 1->1(2)
[2026-03-25T22:12:57.527+0900][262.738s][info][gc,heap     ] GC(943) Old regions: 29->29
[2026-03-25T22:12:57.527+0900][262.738s][info][gc,heap     ] GC(943) Archive regions: 2->2
[2026-03-25T22:12:57.527+0900][262.738s][info][gc,heap     ] GC(943) Humongous regions: 24->24
[2026-03-25T22:12:57.527+0900][262.738s][info][gc,metaspace] GC(943) Metaspace: 104200K(105216K)->104200K(105216K) NonClass: 88931K(89472K)->88931K(89472K) Class: 15269K(15744K)->15269K(15744K)
[2026-03-25T22:12:57.527+0900][262.738s][info][gc          ] GC(943) Pause Young (Normal) (G1 Evacuation Pause) 264M->216M(308M) 0.842ms
[2026-03-25T22:12:57.527+0900][262.738s][info][gc,cpu      ] GC(943) User=0.00s Sys=0.01s Real=0.00s
[2026-03-25T22:12:57.794+0900][263.005s][info][gc,start    ] GC(944) Pause Young (Normal) (G1 Evacuation Pause)
[2026-03-25T22:12:57.794+0900][263.005s][info][gc,task     ] GC(944) Using 8 workers of 10 for evacuation
[2026-03-25T22:12:57.795+0900][263.006s][info][gc,phases   ] GC(944)   Pre Evacuate Collection Set: 0.0ms
[2026-03-25T22:12:57.795+0900][263.006s][info][gc,phases   ] GC(944)   Merge Heap Roots: 0.1ms
[2026-03-25T22:12:57.795+0900][263.006s][info][gc,phases   ] GC(944)   Evacuate Collection Set: 0.5ms
[2026-03-25T22:12:57.795+0900][263.006s][info][gc,phases   ] GC(944)   Post Evacuate Collection Set: 0.1ms
[2026-03-25T22:12:57.795+0900][263.006s][info][gc,phases   ] GC(944)   Other: 0.1ms
[2026-03-25T22:12:57.795+0900][263.006s][info][gc,heap     ] GC(944) Eden regions: 12->0(12)
[2026-03-25T22:12:57.795+0900][263.006s][info][gc,heap     ] GC(944) Survivor regions: 1->1(2)
[2026-03-25T22:12:57.795+0900][263.006s][info][gc,heap     ] GC(944) Old regions: 29->29
[2026-03-25T22:12:57.795+0900][263.006s][info][gc,heap     ] GC(944) Archive regions: 2->2
[2026-03-25T22:12:57.795+0900][263.006s][info][gc,heap     ] GC(944) Humongous regions: 24->24
[2026-03-25T22:12:57.795+0900][263.006s][info][gc,metaspace] GC(944) Metaspace: 104200K(105216K)->104200K(105216K) NonClass: 88931K(89472K)->88931K(89472K) Class: 15269K(15744K)->15269K(15744K)
[2026-03-25T22:12:57.795+0900][263.006s][info][gc          ] GC(944) Pause Young (Normal) (G1 Evacuation Pause) 264M->216M(308M) 0.882ms
[2026-03-25T22:12:57.795+0900][263.006s][info][gc,cpu      ] GC(944) User=0.01s Sys=0.00s Real=0.00s
[2026-03-25T22:12:58.028+0900][263.239s][info][gc,start    ] GC(945) Pause Young (Normal) (G1 Evacuation Pause)
[2026-03-25T22:12:58.028+0900][263.239s][info][gc,task     ] GC(945) Using 8 workers of 10 for evacuation
[2026-03-25T22:12:58.029+0900][263.240s][info][gc,phases   ] GC(945)   Pre Evacuate Collection Set: 0.1ms
[2026-03-25T22:12:58.029+0900][263.240s][info][gc,phases   ] GC(945)   Merge Heap Roots: 0.1ms
[2026-03-25T22:12:58.029+0900][263.240s][info][gc,phases   ] GC(945)   Evacuate Collection Set: 0.6ms
[2026-03-25T22:12:58.029+0900][263.240s][info][gc,phases   ] GC(945)   Post Evacuate Collection Set: 0.2ms
[2026-03-25T22:12:58.029+0900][263.240s][info][gc,phases   ] GC(945)   Other: 0.1ms
[2026-03-25T22:12:58.029+0900][263.240s][info][gc,heap     ] GC(945) Eden regions: 12->0(12)
[2026-03-25T22:12:58.029+0900][263.240s][info][gc,heap     ] GC(945) Survivor regions: 1->1(2)
[2026-03-25T22:12:58.029+0900][263.240s][info][gc,heap     ] GC(945) Old regions: 29->29
[2026-03-25T22:12:58.029+0900][263.240s][info][gc,heap     ] GC(945) Archive regions: 2->2
[2026-03-25T22:12:58.029+0900][263.240s][info][gc,heap     ] GC(945) Humongous regions: 24->24
[2026-03-25T22:12:58.029+0900][263.240s][info][gc,metaspace] GC(945) Metaspace: 104200K(105216K)->104200K(105216K) NonClass: 88931K(89472K)->88931K(89472K) Class: 15269K(15744K)->15269K(15744K)
[2026-03-25T22:12:58.029+0900][263.240s][info][gc          ] GC(945) Pause Young (Normal) (G1 Evacuation Pause) 264M->216M(308M) 1.062ms
[2026-03-25T22:12:58.029+0900][263.240s][info][gc,cpu      ] GC(945) User=0.00s Sys=0.00s Real=0.00s
[2026-03-25T22:12:58.453+0900][263.664s][info][gc,start    ] GC(946) Pause Young (Normal) (G1 Evacuation Pause)
[2026-03-25T22:12:58.453+0900][263.664s][info][gc,task     ] GC(946) Using 8 workers of 10 for evacuation
[2026-03-25T22:12:58.454+0900][263.665s][info][gc,phases   ] GC(946)   Pre Evacuate Collection Set: 0.1ms
[2026-03-25T22:12:58.454+0900][263.665s][info][gc,phases   ] GC(946)   Merge Heap Roots: 0.1ms
[2026-03-25T22:12:58.455+0900][263.665s][info][gc,phases   ] GC(946)   Evacuate Collection Set: 0.9ms
[2026-03-25T22:12:58.455+0900][263.665s][info][gc,phases   ] GC(946)   Post Evacuate Collection Set: 0.2ms
[2026-03-25T22:12:58.455+0900][263.665s][info][gc,phases   ] GC(946)   Other: 0.1ms
[2026-03-25T22:12:58.455+0900][263.665s][info][gc,heap     ] GC(946) Eden regions: 12->0(12)
[2026-03-25T22:12:58.455+0900][263.665s][info][gc,heap     ] GC(946) Survivor regions: 1->1(2)
[2026-03-25T22:12:58.455+0900][263.665s][info][gc,heap     ] GC(946) Old regions: 29->29
[2026-03-25T22:12:58.455+0900][263.665s][info][gc,heap     ] GC(946) Archive regions: 2->2
[2026-03-25T22:12:58.455+0900][263.665s][info][gc,heap     ] GC(946) Humongous regions: 24->24
[2026-03-25T22:12:58.455+0900][263.665s][info][gc,metaspace] GC(946) Metaspace: 104200K(105216K)->104200K(105216K) NonClass: 88931K(89472K)->88931K(89472K) Class: 15269K(15744K)->15269K(15744K)
[2026-03-25T22:12:58.455+0900][263.665s][info][gc          ] GC(946) Pause Young (Normal) (G1 Evacuation Pause) 264M->216M(308M) 1.345ms
[2026-03-25T22:12:58.455+0900][263.665s][info][gc,cpu      ] GC(946) User=0.01s Sys=0.00s Real=0.00s
[2026-03-25T22:12:58.730+0900][263.940s][info][gc,start    ] GC(947) Pause Young (Normal) (G1 Evacuation Pause)
[2026-03-25T22:12:58.730+0900][263.940s][info][gc,task     ] GC(947) Using 8 workers of 10 for evacuation
[2026-03-25T22:12:58.731+0900][263.941s][info][gc,phases   ] GC(947)   Pre Evacuate Collection Set: 0.0ms
[2026-03-25T22:12:58.731+0900][263.941s][info][gc,phases   ] GC(947)   Merge Heap Roots: 0.1ms
[2026-03-25T22:12:58.731+0900][263.941s][info][gc,phases   ] GC(947)   Evacuate Collection Set: 0.5ms
[2026-03-25T22:12:58.731+0900][263.941s][info][gc,phases   ] GC(947)   Post Evacuate Collection Set: 0.1ms
[2026-03-25T22:12:58.731+0900][263.941s][info][gc,phases   ] GC(947)   Other: 0.1ms
[2026-03-25T22:12:58.731+0900][263.941s][info][gc,heap     ] GC(947) Eden regions: 12->0(12)
[2026-03-25T22:12:58.731+0900][263.941s][info][gc,heap     ] GC(947) Survivor regions: 1->1(2)
[2026-03-25T22:12:58.731+0900][263.941s][info][gc,heap     ] GC(947) Old regions: 29->29
[2026-03-25T22:12:58.731+0900][263.941s][info][gc,heap     ] GC(947) Archive regions: 2->2
[2026-03-25T22:12:58.731+0900][263.941s][info][gc,heap     ] GC(947) Humongous regions: 24->24
[2026-03-25T22:12:58.731+0900][263.941s][info][gc,metaspace] GC(947) Metaspace: 104200K(105216K)->104200K(105216K) NonClass: 88931K(89472K)->88931K(89472K) Class: 15269K(15744K)->15269K(15744K)
[2026-03-25T22:12:58.731+0900][263.941s][info][gc          ] GC(947) Pause Young (Normal) (G1 Evacuation Pause) 264M->216M(308M) 0.910ms
[2026-03-25T22:12:58.731+0900][263.941s][info][gc,cpu      ] GC(947) User=0.00s Sys=0.00s Real=0.00s
[2026-03-25T22:12:58.908+0900][264.119s][info][gc,start    ] GC(948) Pause Young (Normal) (G1 Evacuation Pause)
[2026-03-25T22:12:58.908+0900][264.119s][info][gc,task     ] GC(948) Using 8 workers of 10 for evacuation
[2026-03-25T22:12:58.909+0900][264.120s][info][gc,phases   ] GC(948)   Pre Evacuate Collection Set: 0.0ms
[2026-03-25T22:12:58.909+0900][264.120s][info][gc,phases   ] GC(948)   Merge Heap Roots: 0.0ms
[2026-03-25T22:12:58.909+0900][264.120s][info][gc,phases   ] GC(948)   Evacuate Collection Set: 0.5ms
[2026-03-25T22:12:58.909+0900][264.120s][info][gc,phases   ] GC(948)   Post Evacuate Collection Set: 0.1ms
[2026-03-25T22:12:58.909+0900][264.120s][info][gc,phases   ] GC(948)   Other: 0.1ms
[2026-03-25T22:12:58.909+0900][264.120s][info][gc,heap     ] GC(948) Eden regions: 12->0(12)
[2026-03-25T22:12:58.909+0900][264.120s][info][gc,heap     ] GC(948) Survivor regions: 1->1(2)
[2026-03-25T22:12:58.909+0900][264.120s][info][gc,heap     ] GC(948) Old regions: 29->29
[2026-03-25T22:12:58.909+0900][264.120s][info][gc,heap     ] GC(948) Archive regions: 2->2
[2026-03-25T22:12:58.909+0900][264.120s][info][gc,heap     ] GC(948) Humongous regions: 24->24
[2026-03-25T22:12:58.909+0900][264.120s][info][gc,metaspace] GC(948) Metaspace: 104200K(105216K)->104200K(105216K) NonClass: 88931K(89472K)->88931K(89472K) Class: 15269K(15744K)->15269K(15744K)
[2026-03-25T22:12:58.909+0900][264.120s][info][gc          ] GC(948) Pause Young (Normal) (G1 Evacuation Pause) 264M->216M(308M) 0.906ms
[2026-03-25T22:12:58.909+0900][264.120s][info][gc,cpu      ] GC(948) User=0.00s Sys=0.00s Real=0.00s
[2026-03-25T22:12:59.287+0900][264.498s][info][gc,start    ] GC(949) Pause Young (Normal) (G1 Evacuation Pause)
[2026-03-25T22:12:59.287+0900][264.498s][info][gc,task     ] GC(949) Using 8 workers of 10 for evacuation
[2026-03-25T22:12:59.288+0900][264.499s][info][gc,phases   ] GC(949)   Pre Evacuate Collection Set: 0.1ms
[2026-03-25T22:12:59.288+0900][264.499s][info][gc,phases   ] GC(949)   Merge Heap Roots: 0.1ms
[2026-03-25T22:12:59.288+0900][264.499s][info][gc,phases   ] GC(949)   Evacuate Collection Set: 0.5ms
[2026-03-25T22:12:59.288+0900][264.499s][info][gc,phases   ] GC(949)   Post Evacuate Collection Set: 0.2ms
[2026-03-25T22:12:59.288+0900][264.499s][info][gc,phases   ] GC(949)   Other: 0.1ms
[2026-03-25T22:12:59.288+0900][264.499s][info][gc,heap     ] GC(949) Eden regions: 12->0(12)
[2026-03-25T22:12:59.288+0900][264.499s][info][gc,heap     ] GC(949) Survivor regions: 1->1(2)
[2026-03-25T22:12:59.288+0900][264.499s][info][gc,heap     ] GC(949) Old regions: 29->29
[2026-03-25T22:12:59.288+0900][264.499s][info][gc,heap     ] GC(949) Archive regions: 2->2
[2026-03-25T22:12:59.288+0900][264.499s][info][gc,heap     ] GC(949) Humongous regions: 24->24
[2026-03-25T22:12:59.288+0900][264.499s][info][gc,metaspace] GC(949) Metaspace: 104200K(105216K)->104200K(105216K) NonClass: 88931K(89472K)->88931K(89472K) Class: 15269K(15744K)->15269K(15744K)
[2026-03-25T22:12:59.288+0900][264.499s][info][gc          ] GC(949) Pause Young (Normal) (G1 Evacuation Pause) 264M->216M(308M) 0.879ms
[2026-03-25T22:12:59.288+0900][264.499s][info][gc,cpu      ] GC(949) User=0.00s Sys=0.00s Real=0.00s
[2026-03-25T22:12:59.495+0900][264.706s][info][gc,start    ] GC(950) Pause Young (Normal) (G1 Evacuation Pause)
[2026-03-25T22:12:59.495+0900][264.706s][info][gc,task     ] GC(950) Using 8 workers of 10 for evacuation
[2026-03-25T22:12:59.496+0900][264.706s][info][gc,phases   ] GC(950)   Pre Evacuate Collection Set: 0.1ms
[2026-03-25T22:12:59.496+0900][264.706s][info][gc,phases   ] GC(950)   Merge Heap Roots: 0.0ms
[2026-03-25T22:12:59.496+0900][264.706s][info][gc,phases   ] GC(950)   Evacuate Collection Set: 0.4ms
[2026-03-25T22:12:59.496+0900][264.706s][info][gc,phases   ] GC(950)   Post Evacuate Collection Set: 0.1ms
[2026-03-25T22:12:59.496+0900][264.706s][info][gc,phases   ] GC(950)   Other: 0.1ms
[2026-03-25T22:12:59.496+0900][264.706s][info][gc,heap     ] GC(950) Eden regions: 12->0(12)
[2026-03-25T22:12:59.496+0900][264.706s][info][gc,heap     ] GC(950) Survivor regions: 1->1(2)
[2026-03-25T22:12:59.496+0900][264.706s][info][gc,heap     ] GC(950) Old regions: 29->29
[2026-03-25T22:12:59.496+0900][264.706s][info][gc,heap     ] GC(950) Archive regions: 2->2
[2026-03-25T22:12:59.496+0900][264.706s][info][gc,heap     ] GC(950) Humongous regions: 24->24
[2026-03-25T22:12:59.496+0900][264.706s][info][gc,metaspace] GC(950) Metaspace: 104200K(105216K)->104200K(105216K) NonClass: 88931K(89472K)->88931K(89472K) Class: 15269K(15744K)->15269K(15744K)
[2026-03-25T22:12:59.496+0900][264.706s][info][gc          ] GC(950) Pause Young (Normal) (G1 Evacuation Pause) 264M->216M(308M) 0.774ms
[2026-03-25T22:12:59.496+0900][264.706s][info][gc,cpu      ] GC(950) User=0.00s Sys=0.00s Real=0.00s
[2026-03-25T22:12:59.815+0900][265.026s][info][gc,start    ] GC(951) Pause Young (Normal) (G1 Evacuation Pause)
[2026-03-25T22:12:59.815+0900][265.026s][info][gc,task     ] GC(951) Using 8 workers of 10 for evacuation
[2026-03-25T22:12:59.816+0900][265.027s][info][gc,phases   ] GC(951)   Pre Evacuate Collection Set: 0.1ms
[2026-03-25T22:12:59.816+0900][265.027s][info][gc,phases   ] GC(951)   Merge Heap Roots: 0.1ms
[2026-03-25T22:12:59.816+0900][265.027s][info][gc,phases   ] GC(951)   Evacuate Collection Set: 0.4ms
[2026-03-25T22:12:59.816+0900][265.027s][info][gc,phases   ] GC(951)   Post Evacuate Collection Set: 0.1ms
[2026-03-25T22:12:59.816+0900][265.027s][info][gc,phases   ] GC(951)   Other: 0.1ms
[2026-03-25T22:12:59.816+0900][265.027s][info][gc,heap     ] GC(951) Eden regions: 12->0(12)
[2026-03-25T22:12:59.816+0900][265.027s][info][gc,heap     ] GC(951) Survivor regions: 1->1(2)
[2026-03-25T22:12:59.816+0900][265.027s][info][gc,heap     ] GC(951) Old regions: 29->29
[2026-03-25T22:12:59.816+0900][265.027s][info][gc,heap     ] GC(951) Archive regions: 2->2
[2026-03-25T22:12:59.816+0900][265.027s][info][gc,heap     ] GC(951) Humongous regions: 24->24
[2026-03-25T22:12:59.816+0900][265.027s][info][gc,metaspace] GC(951) Metaspace: 104200K(105216K)->104200K(105216K) NonClass: 88931K(89472K)->88931K(89472K) Class: 15269K(15744K)->15269K(15744K)
[2026-03-25T22:12:59.816+0900][265.027s][info][gc          ] GC(951) Pause Young (Normal) (G1 Evacuation Pause) 264M->216M(308M) 0.831ms
[2026-03-25T22:12:59.816+0900][265.027s][info][gc,cpu      ] GC(951) User=0.01s Sys=0.00s Real=0.00s
[2026-03-25T22:12:59.973+0900][265.184s][info][gc,start    ] GC(952) Pause Young (Normal) (G1 Evacuation Pause)
[2026-03-25T22:12:59.973+0900][265.184s][info][gc,task     ] GC(952) Using 8 workers of 10 for evacuation
[2026-03-25T22:12:59.974+0900][265.185s][info][gc,phases   ] GC(952)   Pre Evacuate Collection Set: 0.0ms
[2026-03-25T22:12:59.974+0900][265.185s][info][gc,phases   ] GC(952)   Merge Heap Roots: 0.0ms
[2026-03-25T22:12:59.974+0900][265.185s][info][gc,phases   ] GC(952)   Evacuate Collection Set: 0.6ms
[2026-03-25T22:12:59.974+0900][265.185s][info][gc,phases   ] GC(952)   Post Evacuate Collection Set: 0.1ms
[2026-03-25T22:12:59.974+0900][265.185s][info][gc,phases   ] GC(952)   Other: 0.1ms
[2026-03-25T22:12:59.974+0900][265.185s][info][gc,heap     ] GC(952) Eden regions: 12->0(12)
[2026-03-25T22:12:59.974+0900][265.185s][info][gc,heap     ] GC(952) Survivor regions: 1->1(2)
[2026-03-25T22:12:59.974+0900][265.185s][info][gc,heap     ] GC(952) Old regions: 29->29
[2026-03-25T22:12:59.974+0900][265.185s][info][gc,heap     ] GC(952) Archive regions: 2->2
[2026-03-25T22:12:59.974+0900][265.185s][info][gc,heap     ] GC(952) Humongous regions: 24->24
[2026-03-25T22:12:59.974+0900][265.185s][info][gc,metaspace] GC(952) Metaspace: 104200K(105216K)->104200K(105216K) NonClass: 88931K(89472K)->88931K(89472K) Class: 15269K(15744K)->15269K(15744K)
[2026-03-25T22:12:59.974+0900][265.185s][info][gc          ] GC(952) Pause Young (Normal) (G1 Evacuation Pause) 264M->216M(308M) 0.937ms
[2026-03-25T22:12:59.974+0900][265.185s][info][gc,cpu      ] GC(952) User=0.01s Sys=0.00s Real=0.00s
[2026-03-25T22:13:00.267+0900][265.478s][info][gc,start    ] GC(953) Pause Young (Normal) (G1 Evacuation Pause)
[2026-03-25T22:13:00.267+0900][265.478s][info][gc,task     ] GC(953) Using 8 workers of 10 for evacuation
[2026-03-25T22:13:00.268+0900][265.478s][info][gc,phases   ] GC(953)   Pre Evacuate Collection Set: 0.1ms
[2026-03-25T22:13:00.268+0900][265.478s][info][gc,phases   ] GC(953)   Merge Heap Roots: 0.1ms
[2026-03-25T22:13:00.268+0900][265.479s][info][gc,phases   ] GC(953)   Evacuate Collection Set: 0.5ms
[2026-03-25T22:13:00.268+0900][265.479s][info][gc,phases   ] GC(953)   Post Evacuate Collection Set: 0.2ms
[2026-03-25T22:13:00.268+0900][265.479s][info][gc,phases   ] GC(953)   Other: 0.1ms
[2026-03-25T22:13:00.268+0900][265.479s][info][gc,heap     ] GC(953) Eden regions: 12->0(12)
[2026-03-25T22:13:00.268+0900][265.479s][info][gc,heap     ] GC(953) Survivor regions: 1->1(2)
[2026-03-25T22:13:00.268+0900][265.479s][info][gc,heap     ] GC(953) Old regions: 29->29
[2026-03-25T22:13:00.268+0900][265.479s][info][gc,heap     ] GC(953) Archive regions: 2->2
[2026-03-25T22:13:00.268+0900][265.479s][info][gc,heap     ] GC(953) Humongous regions: 24->24
[2026-03-25T22:13:00.268+0900][265.479s][info][gc,metaspace] GC(953) Metaspace: 104200K(105216K)->104200K(105216K) NonClass: 88931K(89472K)->88931K(89472K) Class: 15269K(15744K)->15269K(15744K)
[2026-03-25T22:13:00.268+0900][265.479s][info][gc          ] GC(953) Pause Young (Normal) (G1 Evacuation Pause) 264M->216M(308M) 0.987ms
[2026-03-25T22:13:00.268+0900][265.479s][info][gc,cpu      ] GC(953) User=0.00s Sys=0.00s Real=0.00s
[2026-03-25T22:13:00.560+0900][265.771s][info][gc,start    ] GC(954) Pause Young (Normal) (G1 Evacuation Pause)
[2026-03-25T22:13:00.560+0900][265.771s][info][gc,task     ] GC(954) Using 8 workers of 10 for evacuation
[2026-03-25T22:13:00.561+0900][265.771s][info][gc,phases   ] GC(954)   Pre Evacuate Collection Set: 0.0ms
[2026-03-25T22:13:00.561+0900][265.771s][info][gc,phases   ] GC(954)   Merge Heap Roots: 0.0ms
[2026-03-25T22:13:00.561+0900][265.771s][info][gc,phases   ] GC(954)   Evacuate Collection Set: 0.6ms
[2026-03-25T22:13:00.561+0900][265.771s][info][gc,phases   ] GC(954)   Post Evacuate Collection Set: 0.1ms
[2026-03-25T22:13:00.561+0900][265.771s][info][gc,phases   ] GC(954)   Other: 0.1ms
[2026-03-25T22:13:00.561+0900][265.772s][info][gc,heap     ] GC(954) Eden regions: 12->0(11)
[2026-03-25T22:13:00.561+0900][265.772s][info][gc,heap     ] GC(954) Survivor regions: 1->1(2)
[2026-03-25T22:13:00.561+0900][265.772s][info][gc,heap     ] GC(954) Old regions: 29->30
[2026-03-25T22:13:00.561+0900][265.772s][info][gc,heap     ] GC(954) Archive regions: 2->2
[2026-03-25T22:13:00.561+0900][265.772s][info][gc,heap     ] GC(954) Humongous regions: 24->24
[2026-03-25T22:13:00.561+0900][265.772s][info][gc,metaspace] GC(954) Metaspace: 104200K(105216K)->104200K(105216K) NonClass: 88931K(89472K)->88931K(89472K) Class: 15269K(15744K)->15269K(15744K)
[2026-03-25T22:13:00.561+0900][265.772s][info][gc          ] GC(954) Pause Young (Normal) (G1 Evacuation Pause) 264M->216M(308M) 1.030ms
[2026-03-25T22:13:00.561+0900][265.772s][info][gc,cpu      ] GC(954) User=0.01s Sys=0.00s Real=0.00s
[2026-03-25T22:13:00.692+0900][265.903s][info][gc,start    ] GC(955) Pause Young (Normal) (G1 Evacuation Pause)
[2026-03-25T22:13:00.692+0900][265.903s][info][gc,task     ] GC(955) Using 8 workers of 10 for evacuation
[2026-03-25T22:13:00.693+0900][265.904s][info][gc,phases   ] GC(955)   Pre Evacuate Collection Set: 0.1ms
[2026-03-25T22:13:00.693+0900][265.904s][info][gc,phases   ] GC(955)   Merge Heap Roots: 0.0ms
[2026-03-25T22:13:00.693+0900][265.904s][info][gc,phases   ] GC(955)   Evacuate Collection Set: 0.6ms
[2026-03-25T22:13:00.693+0900][265.904s][info][gc,phases   ] GC(955)   Post Evacuate Collection Set: 0.1ms
[2026-03-25T22:13:00.693+0900][265.904s][info][gc,phases   ] GC(955)   Other: 0.1ms
[2026-03-25T22:13:00.693+0900][265.904s][info][gc,heap     ] GC(955) Eden regions: 11->0(11)
[2026-03-25T22:13:00.693+0900][265.904s][info][gc,heap     ] GC(955) Survivor regions: 1->1(2)
[2026-03-25T22:13:00.693+0900][265.904s][info][gc,heap     ] GC(955) Old regions: 30->30
[2026-03-25T22:13:00.693+0900][265.904s][info][gc,heap     ] GC(955) Archive regions: 2->2
[2026-03-25T22:13:00.693+0900][265.904s][info][gc,heap     ] GC(955) Humongous regions: 24->24
[2026-03-25T22:13:00.693+0900][265.904s][info][gc,metaspace] GC(955) Metaspace: 104200K(105216K)->104200K(105216K) NonClass: 88931K(89472K)->88931K(89472K) Class: 15269K(15744K)->15269K(15744K)
[2026-03-25T22:13:00.693+0900][265.904s][info][gc          ] GC(955) Pause Young (Normal) (G1 Evacuation Pause) 260M->216M(308M) 1.001ms
[2026-03-25T22:13:00.693+0900][265.904s][info][gc,cpu      ] GC(955) User=0.00s Sys=0.00s Real=0.00s
[2026-03-25T22:13:00.845+0900][266.055s][info][gc,start    ] GC(956) Pause Young (Normal) (G1 Evacuation Pause)
[2026-03-25T22:13:00.845+0900][266.055s][info][gc,task     ] GC(956) Using 8 workers of 10 for evacuation
[2026-03-25T22:13:00.845+0900][266.056s][info][gc,phases   ] GC(956)   Pre Evacuate Collection Set: 0.0ms
[2026-03-25T22:13:00.845+0900][266.056s][info][gc,phases   ] GC(956)   Merge Heap Roots: 0.0ms
[2026-03-25T22:13:00.845+0900][266.056s][info][gc,phases   ] GC(956)   Evacuate Collection Set: 0.4ms
[2026-03-25T22:13:00.845+0900][266.056s][info][gc,phases   ] GC(956)   Post Evacuate Collection Set: 0.1ms
[2026-03-25T22:13:00.845+0900][266.056s][info][gc,phases   ] GC(956)   Other: 0.1ms
[2026-03-25T22:13:00.845+0900][266.056s][info][gc,heap     ] GC(956) Eden regions: 11->0(11)
[2026-03-25T22:13:00.845+0900][266.056s][info][gc,heap     ] GC(956) Survivor regions: 1->1(2)
[2026-03-25T22:13:00.845+0900][266.056s][info][gc,heap     ] GC(956) Old regions: 30->30
[2026-03-25T22:13:00.845+0900][266.056s][info][gc,heap     ] GC(956) Archive regions: 2->2
[2026-03-25T22:13:00.845+0900][266.056s][info][gc,heap     ] GC(956) Humongous regions: 24->24
[2026-03-25T22:13:00.845+0900][266.056s][info][gc,metaspace] GC(956) Metaspace: 104200K(105216K)->104200K(105216K) NonClass: 88931K(89472K)->88931K(89472K) Class: 15269K(15744K)->15269K(15744K)
[2026-03-25T22:13:00.845+0900][266.056s][info][gc          ] GC(956) Pause Young (Normal) (G1 Evacuation Pause) 260M->216M(308M) 0.735ms
[2026-03-25T22:13:00.845+0900][266.056s][info][gc,cpu      ] GC(956) User=0.00s Sys=0.00s Real=0.00s
[2026-03-25T22:13:01.111+0900][266.322s][info][gc,start    ] GC(957) Pause Young (Normal) (G1 Evacuation Pause)
[2026-03-25T22:13:01.111+0900][266.322s][info][gc,task     ] GC(957) Using 8 workers of 10 for evacuation
[2026-03-25T22:13:01.112+0900][266.323s][info][gc,phases   ] GC(957)   Pre Evacuate Collection Set: 0.0ms
[2026-03-25T22:13:01.112+0900][266.323s][info][gc,phases   ] GC(957)   Merge Heap Roots: 0.0ms
[2026-03-25T22:13:01.112+0900][266.323s][info][gc,phases   ] GC(957)   Evacuate Collection Set: 0.5ms
[2026-03-25T22:13:01.112+0900][266.323s][info][gc,phases   ] GC(957)   Post Evacuate Collection Set: 0.1ms
[2026-03-25T22:13:01.112+0900][266.323s][info][gc,phases   ] GC(957)   Other: 0.1ms
[2026-03-25T22:13:01.112+0900][266.323s][info][gc,heap     ] GC(957) Eden regions: 11->0(11)
[2026-03-25T22:13:01.112+0900][266.323s][info][gc,heap     ] GC(957) Survivor regions: 1->1(2)
[2026-03-25T22:13:01.112+0900][266.323s][info][gc,heap     ] GC(957) Old regions: 30->30
[2026-03-25T22:13:01.112+0900][266.323s][info][gc,heap     ] GC(957) Archive regions: 2->2
[2026-03-25T22:13:01.112+0900][266.323s][info][gc,heap     ] GC(957) Humongous regions: 24->24
[2026-03-25T22:13:01.112+0900][266.323s][info][gc,metaspace] GC(957) Metaspace: 104200K(105216K)->104200K(105216K) NonClass: 88931K(89472K)->88931K(89472K) Class: 15269K(15744K)->15269K(15744K)
[2026-03-25T22:13:01.112+0900][266.323s][info][gc          ] GC(957) Pause Young (Normal) (G1 Evacuation Pause) 260M->216M(308M) 0.875ms
[2026-03-25T22:13:01.112+0900][266.323s][info][gc,cpu      ] GC(957) User=0.01s Sys=0.00s Real=0.00s
[2026-03-25T22:13:01.262+0900][266.472s][info][gc,start    ] GC(958) Pause Young (Normal) (G1 Evacuation Pause)
[2026-03-25T22:13:01.262+0900][266.472s][info][gc,task     ] GC(958) Using 8 workers of 10 for evacuation
[2026-03-25T22:13:01.263+0900][266.473s][info][gc,phases   ] GC(958)   Pre Evacuate Collection Set: 0.1ms
[2026-03-25T22:13:01.263+0900][266.473s][info][gc,phases   ] GC(958)   Merge Heap Roots: 0.0ms
[2026-03-25T22:13:01.263+0900][266.473s][info][gc,phases   ] GC(958)   Evacuate Collection Set: 0.6ms
[2026-03-25T22:13:01.263+0900][266.473s][info][gc,phases   ] GC(958)   Post Evacuate Collection Set: 0.2ms
[2026-03-25T22:13:01.263+0900][266.473s][info][gc,phases   ] GC(958)   Other: 0.1ms
[2026-03-25T22:13:01.263+0900][266.473s][info][gc,heap     ] GC(958) Eden regions: 11->0(11)
[2026-03-25T22:13:01.263+0900][266.473s][info][gc,heap     ] GC(958) Survivor regions: 1->1(2)
[2026-03-25T22:13:01.263+0900][266.473s][info][gc,heap     ] GC(958) Old regions: 30->30
[2026-03-25T22:13:01.263+0900][266.473s][info][gc,heap     ] GC(958) Archive regions: 2->2
[2026-03-25T22:13:01.263+0900][266.473s][info][gc,heap     ] GC(958) Humongous regions: 24->24
[2026-03-25T22:13:01.263+0900][266.473s][info][gc,metaspace] GC(958) Metaspace: 104200K(105216K)->104200K(105216K) NonClass: 88931K(89472K)->88931K(89472K) Class: 15269K(15744K)->15269K(15744K)
[2026-03-25T22:13:01.263+0900][266.473s][info][gc          ] GC(958) Pause Young (Normal) (G1 Evacuation Pause) 260M->217M(308M) 1.078ms
[2026-03-25T22:13:01.263+0900][266.473s][info][gc,cpu      ] GC(958) User=0.01s Sys=0.00s Real=0.00s
[2026-03-25T22:13:01.411+0900][266.621s][info][gc,start    ] GC(959) Pause Young (Normal) (G1 Evacuation Pause)
[2026-03-25T22:13:01.411+0900][266.621s][info][gc,task     ] GC(959) Using 8 workers of 10 for evacuation
[2026-03-25T22:13:01.412+0900][266.623s][info][gc,phases   ] GC(959)   Pre Evacuate Collection Set: 0.1ms
[2026-03-25T22:13:01.412+0900][266.623s][info][gc,phases   ] GC(959)   Merge Heap Roots: 0.1ms
[2026-03-25T22:13:01.412+0900][266.623s][info][gc,phases   ] GC(959)   Evacuate Collection Set: 0.8ms
[2026-03-25T22:13:01.412+0900][266.623s][info][gc,phases   ] GC(959)   Post Evacuate Collection Set: 0.1ms
[2026-03-25T22:13:01.412+0900][266.623s][info][gc,phases   ] GC(959)   Other: 0.1ms
[2026-03-25T22:13:01.412+0900][266.623s][info][gc,heap     ] GC(959) Eden regions: 11->0(11)
[2026-03-25T22:13:01.412+0900][266.623s][info][gc,heap     ] GC(959) Survivor regions: 1->1(2)
[2026-03-25T22:13:01.412+0900][266.623s][info][gc,heap     ] GC(959) Old regions: 30->30
[2026-03-25T22:13:01.412+0900][266.623s][info][gc,heap     ] GC(959) Archive regions: 2->2
[2026-03-25T22:13:01.412+0900][266.623s][info][gc,heap     ] GC(959) Humongous regions: 24->24
[2026-03-25T22:13:01.412+0900][266.623s][info][gc,metaspace] GC(959) Metaspace: 104200K(105216K)->104200K(105216K) NonClass: 88931K(89472K)->88931K(89472K) Class: 15269K(15744K)->15269K(15744K)
[2026-03-25T22:13:01.412+0900][266.623s][info][gc          ] GC(959) Pause Young (Normal) (G1 Evacuation Pause) 261M->217M(308M) 1.226ms
[2026-03-25T22:13:01.412+0900][266.623s][info][gc,cpu      ] GC(959) User=0.00s Sys=0.00s Real=0.00s
[2026-03-25T22:13:01.592+0900][266.803s][info][gc,start    ] GC(960) Pause Young (Normal) (G1 Evacuation Pause)
[2026-03-25T22:13:01.592+0900][266.803s][info][gc,task     ] GC(960) Using 8 workers of 10 for evacuation
[2026-03-25T22:13:01.593+0900][266.803s][info][gc,phases   ] GC(960)   Pre Evacuate Collection Set: 0.1ms
[2026-03-25T22:13:01.593+0900][266.803s][info][gc,phases   ] GC(960)   Merge Heap Roots: 0.0ms
[2026-03-25T22:13:01.593+0900][266.803s][info][gc,phases   ] GC(960)   Evacuate Collection Set: 0.4ms
[2026-03-25T22:13:01.593+0900][266.803s][info][gc,phases   ] GC(960)   Post Evacuate Collection Set: 0.1ms
[2026-03-25T22:13:01.593+0900][266.803s][info][gc,phases   ] GC(960)   Other: 0.1ms
[2026-03-25T22:13:01.593+0900][266.803s][info][gc,heap     ] GC(960) Eden regions: 11->0(11)
[2026-03-25T22:13:01.593+0900][266.803s][info][gc,heap     ] GC(960) Survivor regions: 1->1(2)
[2026-03-25T22:13:01.593+0900][266.803s][info][gc,heap     ] GC(960) Old regions: 30->30
[2026-03-25T22:13:01.593+0900][266.803s][info][gc,heap     ] GC(960) Archive regions: 2->2
[2026-03-25T22:13:01.593+0900][266.803s][info][gc,heap     ] GC(960) Humongous regions: 24->24
[2026-03-25T22:13:01.593+0900][266.803s][info][gc,metaspace] GC(960) Metaspace: 104200K(105216K)->104200K(105216K) NonClass: 88931K(89472K)->88931K(89472K) Class: 15269K(15744K)->15269K(15744K)
[2026-03-25T22:13:01.593+0900][266.804s][info][gc          ] GC(960) Pause Young (Normal) (G1 Evacuation Pause) 261M->216M(308M) 0.740ms
[2026-03-25T22:13:01.593+0900][266.804s][info][gc,cpu      ] GC(960) User=0.00s Sys=0.00s Real=0.00s
[2026-03-25T22:13:01.794+0900][267.005s][info][gc,start    ] GC(961) Pause Young (Normal) (G1 Evacuation Pause)
[2026-03-25T22:13:01.794+0900][267.005s][info][gc,task     ] GC(961) Using 8 workers of 10 for evacuation
[2026-03-25T22:13:01.795+0900][267.006s][info][gc,phases   ] GC(961)   Pre Evacuate Collection Set: 0.1ms
[2026-03-25T22:13:01.795+0900][267.006s][info][gc,phases   ] GC(961)   Merge Heap Roots: 0.0ms
[2026-03-25T22:13:01.795+0900][267.006s][info][gc,phases   ] GC(961)   Evacuate Collection Set: 0.8ms
[2026-03-25T22:13:01.795+0900][267.006s][info][gc,phases   ] GC(961)   Post Evacuate Collection Set: 0.2ms
[2026-03-25T22:13:01.795+0900][267.006s][info][gc,phases   ] GC(961)   Other: 0.1ms
[2026-03-25T22:13:01.795+0900][267.006s][info][gc,heap     ] GC(961) Eden regions: 11->0(11)
[2026-03-25T22:13:01.795+0900][267.006s][info][gc,heap     ] GC(961) Survivor regions: 1->1(2)
[2026-03-25T22:13:01.795+0900][267.006s][info][gc,heap     ] GC(961) Old regions: 30->30
[2026-03-25T22:13:01.795+0900][267.006s][info][gc,heap     ] GC(961) Archive regions: 2->2
[2026-03-25T22:13:01.795+0900][267.006s][info][gc,heap     ] GC(961) Humongous regions: 24->24
[2026-03-25T22:13:01.795+0900][267.006s][info][gc,metaspace] GC(961) Metaspace: 104200K(105216K)->104200K(105216K) NonClass: 88931K(89472K)->88931K(89472K) Class: 15269K(15744K)->15269K(15744K)
[2026-03-25T22:13:01.795+0900][267.006s][info][gc          ] GC(961) Pause Young (Normal) (G1 Evacuation Pause) 260M->217M(308M) 1.148ms
[2026-03-25T22:13:01.795+0900][267.006s][info][gc,cpu      ] GC(961) User=0.01s Sys=0.01s Real=0.00s
[2026-03-25T22:13:01.939+0900][267.149s][info][gc,start    ] GC(962) Pause Young (Normal) (G1 Evacuation Pause)
[2026-03-25T22:13:01.939+0900][267.150s][info][gc,task     ] GC(962) Using 8 workers of 10 for evacuation
[2026-03-25T22:13:01.940+0900][267.151s][info][gc,phases   ] GC(962)   Pre Evacuate Collection Set: 0.1ms
[2026-03-25T22:13:01.940+0900][267.151s][info][gc,phases   ] GC(962)   Merge Heap Roots: 0.0ms
[2026-03-25T22:13:01.940+0900][267.151s][info][gc,phases   ] GC(962)   Evacuate Collection Set: 0.9ms
[2026-03-25T22:13:01.940+0900][267.151s][info][gc,phases   ] GC(962)   Post Evacuate Collection Set: 0.2ms
[2026-03-25T22:13:01.940+0900][267.151s][info][gc,phases   ] GC(962)   Other: 0.1ms
[2026-03-25T22:13:01.940+0900][267.151s][info][gc,heap     ] GC(962) Eden regions: 11->0(11)
[2026-03-25T22:13:01.940+0900][267.151s][info][gc,heap     ] GC(962) Survivor regions: 1->1(2)
[2026-03-25T22:13:01.940+0900][267.151s][info][gc,heap     ] GC(962) Old regions: 30->30
[2026-03-25T22:13:01.940+0900][267.151s][info][gc,heap     ] GC(962) Archive regions: 2->2
[2026-03-25T22:13:01.940+0900][267.151s][info][gc,heap     ] GC(962) Humongous regions: 24->24
[2026-03-25T22:13:01.940+0900][267.151s][info][gc,metaspace] GC(962) Metaspace: 104200K(105216K)->104200K(105216K) NonClass: 88931K(89472K)->88931K(89472K) Class: 15269K(15744K)->15269K(15744K)
[2026-03-25T22:13:01.940+0900][267.151s][info][gc          ] GC(962) Pause Young (Normal) (G1 Evacuation Pause) 261M->217M(308M) 1.402ms
[2026-03-25T22:13:01.940+0900][267.151s][info][gc,cpu      ] GC(962) User=0.01s Sys=0.00s Real=0.01s
[2026-03-25T22:13:02.052+0900][267.263s][info][gc,start    ] GC(963) Pause Young (Normal) (G1 Evacuation Pause)
[2026-03-25T22:13:02.052+0900][267.263s][info][gc,task     ] GC(963) Using 8 workers of 10 for evacuation
[2026-03-25T22:13:02.054+0900][267.264s][info][gc,phases   ] GC(963)   Pre Evacuate Collection Set: 0.1ms
[2026-03-25T22:13:02.054+0900][267.264s][info][gc,phases   ] GC(963)   Merge Heap Roots: 0.1ms
[2026-03-25T22:13:02.054+0900][267.264s][info][gc,phases   ] GC(963)   Evacuate Collection Set: 0.9ms
[2026-03-25T22:13:02.054+0900][267.264s][info][gc,phases   ] GC(963)   Post Evacuate Collection Set: 0.1ms
[2026-03-25T22:13:02.054+0900][267.264s][info][gc,phases   ] GC(963)   Other: 0.1ms
[2026-03-25T22:13:02.054+0900][267.264s][info][gc,heap     ] GC(963) Eden regions: 11->0(11)
[2026-03-25T22:13:02.054+0900][267.264s][info][gc,heap     ] GC(963) Survivor regions: 1->1(2)
[2026-03-25T22:13:02.054+0900][267.264s][info][gc,heap     ] GC(963) Old regions: 30->30
[2026-03-25T22:13:02.054+0900][267.264s][info][gc,heap     ] GC(963) Archive regions: 2->2
[2026-03-25T22:13:02.054+0900][267.264s][info][gc,heap     ] GC(963) Humongous regions: 24->24
[2026-03-25T22:13:02.054+0900][267.264s][info][gc,metaspace] GC(963) Metaspace: 104200K(105216K)->104200K(105216K) NonClass: 88931K(89472K)->88931K(89472K) Class: 15269K(15744K)->15269K(15744K)
[2026-03-25T22:13:02.054+0900][267.264s][info][gc          ] GC(963) Pause Young (Normal) (G1 Evacuation Pause) 261M->218M(308M) 1.259ms
[2026-03-25T22:13:02.054+0900][267.264s][info][gc,cpu      ] GC(963) User=0.01s Sys=0.01s Real=0.00s
[2026-03-25T22:13:02.165+0900][267.376s][info][gc,start    ] GC(964) Pause Young (Normal) (G1 Evacuation Pause)
[2026-03-25T22:13:02.165+0900][267.376s][info][gc,task     ] GC(964) Using 8 workers of 10 for evacuation
[2026-03-25T22:13:02.166+0900][267.377s][info][gc,phases   ] GC(964)   Pre Evacuate Collection Set: 0.1ms
[2026-03-25T22:13:02.166+0900][267.377s][info][gc,phases   ] GC(964)   Merge Heap Roots: 0.0ms
[2026-03-25T22:13:02.166+0900][267.377s][info][gc,phases   ] GC(964)   Evacuate Collection Set: 0.5ms
[2026-03-25T22:13:02.166+0900][267.377s][info][gc,phases   ] GC(964)   Post Evacuate Collection Set: 0.1ms
[2026-03-25T22:13:02.166+0900][267.377s][info][gc,phases   ] GC(964)   Other: 0.1ms
[2026-03-25T22:13:02.166+0900][267.377s][info][gc,heap     ] GC(964) Eden regions: 11->0(11)
[2026-03-25T22:13:02.166+0900][267.377s][info][gc,heap     ] GC(964) Survivor regions: 1->1(2)
[2026-03-25T22:13:02.166+0900][267.377s][info][gc,heap     ] GC(964) Old regions: 30->30
[2026-03-25T22:13:02.166+0900][267.377s][info][gc,heap     ] GC(964) Archive regions: 2->2
[2026-03-25T22:13:02.166+0900][267.377s][info][gc,heap     ] GC(964) Humongous regions: 24->24
[2026-03-25T22:13:02.166+0900][267.377s][info][gc,metaspace] GC(964) Metaspace: 104200K(105216K)->104200K(105216K) NonClass: 88931K(89472K)->88931K(89472K) Class: 15269K(15744K)->15269K(15744K)
[2026-03-25T22:13:02.166+0900][267.377s][info][gc          ] GC(964) Pause Young (Normal) (G1 Evacuation Pause) 262M->216M(308M) 0.822ms
[2026-03-25T22:13:02.166+0900][267.377s][info][gc,cpu      ] GC(964) User=0.00s Sys=0.00s Real=0.00s
[2026-03-25T22:13:02.560+0900][267.771s][info][gc,start    ] GC(965) Pause Young (Normal) (G1 Evacuation Pause)
[2026-03-25T22:13:02.560+0900][267.771s][info][gc,task     ] GC(965) Using 8 workers of 10 for evacuation
[2026-03-25T22:13:02.561+0900][267.772s][info][gc,phases   ] GC(965)   Pre Evacuate Collection Set: 0.1ms
[2026-03-25T22:13:02.561+0900][267.772s][info][gc,phases   ] GC(965)   Merge Heap Roots: 0.1ms
[2026-03-25T22:13:02.561+0900][267.772s][info][gc,phases   ] GC(965)   Evacuate Collection Set: 0.4ms
[2026-03-25T22:13:02.561+0900][267.772s][info][gc,phases   ] GC(965)   Post Evacuate Collection Set: 0.1ms
[2026-03-25T22:13:02.561+0900][267.772s][info][gc,phases   ] GC(965)   Other: 0.1ms
[2026-03-25T22:13:02.561+0900][267.772s][info][gc,heap     ] GC(965) Eden regions: 11->0(11)
[2026-03-25T22:13:02.561+0900][267.772s][info][gc,heap     ] GC(965) Survivor regions: 1->1(2)
[2026-03-25T22:13:02.561+0900][267.772s][info][gc,heap     ] GC(965) Old regions: 30->30
[2026-03-25T22:13:02.561+0900][267.772s][info][gc,heap     ] GC(965) Archive regions: 2->2
[2026-03-25T22:13:02.561+0900][267.772s][info][gc,heap     ] GC(965) Humongous regions: 24->24
[2026-03-25T22:13:02.561+0900][267.772s][info][gc,metaspace] GC(965) Metaspace: 104200K(105216K)->104200K(105216K) NonClass: 88931K(89472K)->88931K(89472K) Class: 15269K(15744K)->15269K(15744K)
[2026-03-25T22:13:02.561+0900][267.772s][info][gc          ] GC(965) Pause Young (Normal) (G1 Evacuation Pause) 260M->216M(308M) 0.790ms
[2026-03-25T22:13:02.561+0900][267.772s][info][gc,cpu      ] GC(965) User=0.00s Sys=0.00s Real=0.00s
[2026-03-25T22:13:02.687+0900][267.898s][info][gc,start    ] GC(966) Pause Young (Normal) (G1 Evacuation Pause)
[2026-03-25T22:13:02.687+0900][267.898s][info][gc,task     ] GC(966) Using 8 workers of 10 for evacuation
[2026-03-25T22:13:02.688+0900][267.898s][info][gc,phases   ] GC(966)   Pre Evacuate Collection Set: 0.1ms
[2026-03-25T22:13:02.688+0900][267.898s][info][gc,phases   ] GC(966)   Merge Heap Roots: 0.1ms
[2026-03-25T22:13:02.688+0900][267.898s][info][gc,phases   ] GC(966)   Evacuate Collection Set: 0.4ms
[2026-03-25T22:13:02.688+0900][267.898s][info][gc,phases   ] GC(966)   Post Evacuate Collection Set: 0.1ms
[2026-03-25T22:13:02.688+0900][267.898s][info][gc,phases   ] GC(966)   Other: 0.1ms
[2026-03-25T22:13:02.688+0900][267.898s][info][gc,heap     ] GC(966) Eden regions: 11->0(11)
[2026-03-25T22:13:02.688+0900][267.898s][info][gc,heap     ] GC(966) Survivor regions: 1->1(2)
[2026-03-25T22:13:02.688+0900][267.898s][info][gc,heap     ] GC(966) Old regions: 30->30
[2026-03-25T22:13:02.688+0900][267.898s][info][gc,heap     ] GC(966) Archive regions: 2->2
[2026-03-25T22:13:02.688+0900][267.898s][info][gc,heap     ] GC(966) Humongous regions: 24->24
[2026-03-25T22:13:02.688+0900][267.898s][info][gc,metaspace] GC(966) Metaspace: 104200K(105216K)->104200K(105216K) NonClass: 88931K(89472K)->88931K(89472K) Class: 15269K(15744K)->15269K(15744K)
[2026-03-25T22:13:02.688+0900][267.898s][info][gc          ] GC(966) Pause Young (Normal) (G1 Evacuation Pause) 260M->216M(308M) 0.808ms
[2026-03-25T22:13:02.688+0900][267.898s][info][gc,cpu      ] GC(966) User=0.00s Sys=0.00s Real=0.00s
[2026-03-25T22:13:03.147+0900][268.357s][info][gc,start    ] GC(967) Pause Young (Normal) (G1 Evacuation Pause)
[2026-03-25T22:13:03.147+0900][268.357s][info][gc,task     ] GC(967) Using 8 workers of 10 for evacuation
[2026-03-25T22:13:03.148+0900][268.358s][info][gc,phases   ] GC(967)   Pre Evacuate Collection Set: 0.1ms
[2026-03-25T22:13:03.148+0900][268.358s][info][gc,phases   ] GC(967)   Merge Heap Roots: 0.1ms
[2026-03-25T22:13:03.148+0900][268.358s][info][gc,phases   ] GC(967)   Evacuate Collection Set: 0.7ms
[2026-03-25T22:13:03.148+0900][268.358s][info][gc,phases   ] GC(967)   Post Evacuate Collection Set: 0.2ms
[2026-03-25T22:13:03.148+0900][268.358s][info][gc,phases   ] GC(967)   Other: 0.1ms
[2026-03-25T22:13:03.148+0900][268.358s][info][gc,heap     ] GC(967) Eden regions: 11->0(11)
[2026-03-25T22:13:03.148+0900][268.358s][info][gc,heap     ] GC(967) Survivor regions: 1->1(2)
[2026-03-25T22:13:03.148+0900][268.358s][info][gc,heap     ] GC(967) Old regions: 30->30
[2026-03-25T22:13:03.148+0900][268.358s][info][gc,heap     ] GC(967) Archive regions: 2->2
[2026-03-25T22:13:03.148+0900][268.358s][info][gc,heap     ] GC(967) Humongous regions: 24->24
[2026-03-25T22:13:03.148+0900][268.358s][info][gc,metaspace] GC(967) Metaspace: 104200K(105216K)->104200K(105216K) NonClass: 88931K(89472K)->88931K(89472K) Class: 15269K(15744K)->15269K(15744K)
[2026-03-25T22:13:03.148+0900][268.358s][info][gc          ] GC(967) Pause Young (Normal) (G1 Evacuation Pause) 260M->217M(308M) 1.092ms
[2026-03-25T22:13:03.148+0900][268.358s][info][gc,cpu      ] GC(967) User=0.01s Sys=0.00s Real=0.00s
[2026-03-25T22:13:03.268+0900][268.478s][info][gc,start    ] GC(968) Pause Young (Normal) (G1 Evacuation Pause)
[2026-03-25T22:13:03.268+0900][268.478s][info][gc,task     ] GC(968) Using 8 workers of 10 for evacuation
[2026-03-25T22:13:03.269+0900][268.480s][info][gc,phases   ] GC(968)   Pre Evacuate Collection Set: 0.0ms
[2026-03-25T22:13:03.269+0900][268.480s][info][gc,phases   ] GC(968)   Merge Heap Roots: 0.0ms
[2026-03-25T22:13:03.269+0900][268.480s][info][gc,phases   ] GC(968)   Evacuate Collection Set: 0.8ms
[2026-03-25T22:13:03.269+0900][268.480s][info][gc,phases   ] GC(968)   Post Evacuate Collection Set: 0.1ms
[2026-03-25T22:13:03.269+0900][268.480s][info][gc,phases   ] GC(968)   Other: 0.1ms
[2026-03-25T22:13:03.269+0900][268.480s][info][gc,heap     ] GC(968) Eden regions: 11->0(11)
[2026-03-25T22:13:03.269+0900][268.480s][info][gc,heap     ] GC(968) Survivor regions: 1->1(2)
[2026-03-25T22:13:03.269+0900][268.480s][info][gc,heap     ] GC(968) Old regions: 30->30
[2026-03-25T22:13:03.269+0900][268.480s][info][gc,heap     ] GC(968) Archive regions: 2->2
[2026-03-25T22:13:03.269+0900][268.480s][info][gc,heap     ] GC(968) Humongous regions: 24->24
[2026-03-25T22:13:03.269+0900][268.480s][info][gc,metaspace] GC(968) Metaspace: 104200K(105216K)->104200K(105216K) NonClass: 88931K(89472K)->88931K(89472K) Class: 15269K(15744K)->15269K(15744K)
[2026-03-25T22:13:03.269+0900][268.480s][info][gc          ] GC(968) Pause Young (Normal) (G1 Evacuation Pause) 261M->217M(308M) 1.162ms
[2026-03-25T22:13:03.269+0900][268.480s][info][gc,cpu      ] GC(968) User=0.01s Sys=0.01s Real=0.00s
[2026-03-25T22:13:03.638+0900][268.849s][info][gc,start    ] GC(969) Pause Young (Normal) (G1 Evacuation Pause)
[2026-03-25T22:13:03.638+0900][268.849s][info][gc,task     ] GC(969) Using 8 workers of 10 for evacuation
[2026-03-25T22:13:03.639+0900][268.850s][info][gc,phases   ] GC(969)   Pre Evacuate Collection Set: 0.1ms
[2026-03-25T22:13:03.639+0900][268.850s][info][gc,phases   ] GC(969)   Merge Heap Roots: 0.1ms
[2026-03-25T22:13:03.639+0900][268.850s][info][gc,phases   ] GC(969)   Evacuate Collection Set: 0.6ms
[2026-03-25T22:13:03.639+0900][268.850s][info][gc,phases   ] GC(969)   Post Evacuate Collection Set: 0.1ms
[2026-03-25T22:13:03.639+0900][268.850s][info][gc,phases   ] GC(969)   Other: 0.1ms
[2026-03-25T22:13:03.639+0900][268.850s][info][gc,heap     ] GC(969) Eden regions: 11->0(11)
[2026-03-25T22:13:03.639+0900][268.850s][info][gc,heap     ] GC(969) Survivor regions: 1->1(2)
[2026-03-25T22:13:03.639+0900][268.850s][info][gc,heap     ] GC(969) Old regions: 30->30
[2026-03-25T22:13:03.639+0900][268.850s][info][gc,heap     ] GC(969) Archive regions: 2->2
[2026-03-25T22:13:03.639+0900][268.850s][info][gc,heap     ] GC(969) Humongous regions: 24->24
[2026-03-25T22:13:03.639+0900][268.850s][info][gc,metaspace] GC(969) Metaspace: 104200K(105216K)->104200K(105216K) NonClass: 88931K(89472K)->88931K(89472K) Class: 15269K(15744K)->15269K(15744K)
[2026-03-25T22:13:03.639+0900][268.850s][info][gc          ] GC(969) Pause Young (Normal) (G1 Evacuation Pause) 261M->217M(308M) 1.014ms
[2026-03-25T22:13:03.639+0900][268.850s][info][gc,cpu      ] GC(969) User=0.01s Sys=0.00s Real=0.00s
[2026-03-25T22:13:03.970+0900][269.181s][info][gc,start    ] GC(970) Pause Young (Normal) (G1 Evacuation Pause)
[2026-03-25T22:13:03.970+0900][269.181s][info][gc,task     ] GC(970) Using 8 workers of 10 for evacuation
[2026-03-25T22:13:03.971+0900][269.182s][info][gc,phases   ] GC(970)   Pre Evacuate Collection Set: 0.1ms
[2026-03-25T22:13:03.971+0900][269.182s][info][gc,phases   ] GC(970)   Merge Heap Roots: 0.1ms
[2026-03-25T22:13:03.971+0900][269.182s][info][gc,phases   ] GC(970)   Evacuate Collection Set: 0.9ms
[2026-03-25T22:13:03.971+0900][269.182s][info][gc,phases   ] GC(970)   Post Evacuate Collection Set: 0.2ms
[2026-03-25T22:13:03.971+0900][269.182s][info][gc,phases   ] GC(970)   Other: 0.2ms
[2026-03-25T22:13:03.971+0900][269.182s][info][gc,heap     ] GC(970) Eden regions: 11->0(11)
[2026-03-25T22:13:03.971+0900][269.182s][info][gc,heap     ] GC(970) Survivor regions: 1->1(2)
[2026-03-25T22:13:03.972+0900][269.182s][info][gc,heap     ] GC(970) Old regions: 30->30
[2026-03-25T22:13:03.972+0900][269.182s][info][gc,heap     ] GC(970) Archive regions: 2->2
[2026-03-25T22:13:03.972+0900][269.182s][info][gc,heap     ] GC(970) Humongous regions: 24->24
[2026-03-25T22:13:03.972+0900][269.182s][info][gc,metaspace] GC(970) Metaspace: 104200K(105216K)->104200K(105216K) NonClass: 88931K(89472K)->88931K(89472K) Class: 15269K(15744K)->15269K(15744K)
[2026-03-25T22:13:03.972+0900][269.182s][info][gc          ] GC(970) Pause Young (Normal) (G1 Evacuation Pause) 261M->217M(308M) 1.471ms
[2026-03-25T22:13:03.972+0900][269.182s][info][gc,cpu      ] GC(970) User=0.01s Sys=0.01s Real=0.00s
[2026-03-25T22:13:04.285+0900][269.495s][info][gc,start    ] GC(971) Pause Young (Normal) (G1 Evacuation Pause)
[2026-03-25T22:13:04.285+0900][269.495s][info][gc,task     ] GC(971) Using 8 workers of 10 for evacuation
[2026-03-25T22:13:04.286+0900][269.496s][info][gc,phases   ] GC(971)   Pre Evacuate Collection Set: 0.0ms
[2026-03-25T22:13:04.286+0900][269.496s][info][gc,phases   ] GC(971)   Merge Heap Roots: 0.1ms
[2026-03-25T22:13:04.286+0900][269.496s][info][gc,phases   ] GC(971)   Evacuate Collection Set: 0.7ms
[2026-03-25T22:13:04.286+0900][269.496s][info][gc,phases   ] GC(971)   Post Evacuate Collection Set: 0.2ms
[2026-03-25T22:13:04.286+0900][269.496s][info][gc,phases   ] GC(971)   Other: 0.1ms
[2026-03-25T22:13:04.286+0900][269.496s][info][gc,heap     ] GC(971) Eden regions: 11->0(11)
[2026-03-25T22:13:04.286+0900][269.496s][info][gc,heap     ] GC(971) Survivor regions: 1->1(2)
[2026-03-25T22:13:04.286+0900][269.496s][info][gc,heap     ] GC(971) Old regions: 30->30
[2026-03-25T22:13:04.286+0900][269.496s][info][gc,heap     ] GC(971) Archive regions: 2->2
[2026-03-25T22:13:04.286+0900][269.496s][info][gc,heap     ] GC(971) Humongous regions: 24->24
[2026-03-25T22:13:04.286+0900][269.496s][info][gc,metaspace] GC(971) Metaspace: 104200K(105216K)->104200K(105216K) NonClass: 88931K(89472K)->88931K(89472K) Class: 15269K(15744K)->15269K(15744K)
[2026-03-25T22:13:04.286+0900][269.496s][info][gc          ] GC(971) Pause Young (Normal) (G1 Evacuation Pause) 261M->217M(308M) 1.083ms
[2026-03-25T22:13:04.286+0900][269.496s][info][gc,cpu      ] GC(971) User=0.01s Sys=0.00s Real=0.00s
[2026-03-25T22:13:04.414+0900][269.625s][info][gc,start    ] GC(972) Pause Young (Normal) (G1 Evacuation Pause)
[2026-03-25T22:13:04.415+0900][269.625s][info][gc,task     ] GC(972) Using 8 workers of 10 for evacuation
[2026-03-25T22:13:04.415+0900][269.626s][info][gc,phases   ] GC(972)   Pre Evacuate Collection Set: 0.0ms
[2026-03-25T22:13:04.415+0900][269.626s][info][gc,phases   ] GC(972)   Merge Heap Roots: 0.0ms
[2026-03-25T22:13:04.415+0900][269.626s][info][gc,phases   ] GC(972)   Evacuate Collection Set: 0.5ms
[2026-03-25T22:13:04.415+0900][269.626s][info][gc,phases   ] GC(972)   Post Evacuate Collection Set: 0.1ms
[2026-03-25T22:13:04.415+0900][269.626s][info][gc,phases   ] GC(972)   Other: 0.1ms
[2026-03-25T22:13:04.415+0900][269.626s][info][gc,heap     ] GC(972) Eden regions: 11->0(11)
[2026-03-25T22:13:04.415+0900][269.626s][info][gc,heap     ] GC(972) Survivor regions: 1->1(2)
[2026-03-25T22:13:04.415+0900][269.626s][info][gc,heap     ] GC(972) Old regions: 30->30
[2026-03-25T22:13:04.415+0900][269.626s][info][gc,heap     ] GC(972) Archive regions: 2->2
[2026-03-25T22:13:04.415+0900][269.626s][info][gc,heap     ] GC(972) Humongous regions: 24->24
[2026-03-25T22:13:04.415+0900][269.626s][info][gc,metaspace] GC(972) Metaspace: 104200K(105216K)->104200K(105216K) NonClass: 88931K(89472K)->88931K(89472K) Class: 15269K(15744K)->15269K(15744K)
[2026-03-25T22:13:04.415+0900][269.626s][info][gc          ] GC(972) Pause Young (Normal) (G1 Evacuation Pause) 261M->217M(308M) 0.895ms
[2026-03-25T22:13:04.415+0900][269.626s][info][gc,cpu      ] GC(972) User=0.00s Sys=0.00s Real=0.00s
[2026-03-25T22:13:04.768+0900][269.979s][info][gc,start    ] GC(973) Pause Young (Normal) (G1 Evacuation Pause)
[2026-03-25T22:13:04.768+0900][269.979s][info][gc,task     ] GC(973) Using 8 workers of 10 for evacuation
[2026-03-25T22:13:04.769+0900][269.980s][info][gc,phases   ] GC(973)   Pre Evacuate Collection Set: 0.0ms
[2026-03-25T22:13:04.769+0900][269.980s][info][gc,phases   ] GC(973)   Merge Heap Roots: 0.0ms
[2026-03-25T22:13:04.769+0900][269.980s][info][gc,phases   ] GC(973)   Evacuate Collection Set: 0.5ms
[2026-03-25T22:13:04.769+0900][269.980s][info][gc,phases   ] GC(973)   Post Evacuate Collection Set: 0.1ms
[2026-03-25T22:13:04.769+0900][269.980s][info][gc,phases   ] GC(973)   Other: 0.1ms
[2026-03-25T22:13:04.769+0900][269.980s][info][gc,heap     ] GC(973) Eden regions: 11->0(11)
[2026-03-25T22:13:04.769+0900][269.980s][info][gc,heap     ] GC(973) Survivor regions: 1->1(2)
[2026-03-25T22:13:04.769+0900][269.980s][info][gc,heap     ] GC(973) Old regions: 30->30
[2026-03-25T22:13:04.769+0900][269.980s][info][gc,heap     ] GC(973) Archive regions: 2->2
[2026-03-25T22:13:04.769+0900][269.980s][info][gc,heap     ] GC(973) Humongous regions: 24->24
[2026-03-25T22:13:04.769+0900][269.980s][info][gc,metaspace] GC(973) Metaspace: 104200K(105216K)->104200K(105216K) NonClass: 88931K(89472K)->88931K(89472K) Class: 15269K(15744K)->15269K(15744K)
[2026-03-25T22:13:04.769+0900][269.980s][info][gc          ] GC(973) Pause Young (Normal) (G1 Evacuation Pause) 261M->216M(308M) 0.834ms
[2026-03-25T22:13:04.769+0900][269.980s][info][gc,cpu      ] GC(973) User=0.00s Sys=0.00s Real=0.00s
[2026-03-25T22:13:05.005+0900][270.215s][info][gc,start    ] GC(974) Pause Young (Normal) (G1 Evacuation Pause)
[2026-03-25T22:13:05.005+0900][270.215s][info][gc,task     ] GC(974) Using 8 workers of 10 for evacuation
[2026-03-25T22:13:05.005+0900][270.216s][info][gc,phases   ] GC(974)   Pre Evacuate Collection Set: 0.0ms
[2026-03-25T22:13:05.005+0900][270.216s][info][gc,phases   ] GC(974)   Merge Heap Roots: 0.0ms
[2026-03-25T22:13:05.005+0900][270.216s][info][gc,phases   ] GC(974)   Evacuate Collection Set: 0.5ms
[2026-03-25T22:13:05.005+0900][270.216s][info][gc,phases   ] GC(974)   Post Evacuate Collection Set: 0.1ms
[2026-03-25T22:13:05.005+0900][270.216s][info][gc,phases   ] GC(974)   Other: 0.1ms
[2026-03-25T22:13:05.005+0900][270.216s][info][gc,heap     ] GC(974) Eden regions: 11->0(11)
[2026-03-25T22:13:05.005+0900][270.216s][info][gc,heap     ] GC(974) Survivor regions: 1->1(2)
[2026-03-25T22:13:05.005+0900][270.216s][info][gc,heap     ] GC(974) Old regions: 30->30
[2026-03-25T22:13:05.005+0900][270.216s][info][gc,heap     ] GC(974) Archive regions: 2->2
[2026-03-25T22:13:05.005+0900][270.216s][info][gc,heap     ] GC(974) Humongous regions: 24->24
[2026-03-25T22:13:05.005+0900][270.216s][info][gc,metaspace] GC(974) Metaspace: 104200K(105216K)->104200K(105216K) NonClass: 88931K(89472K)->88931K(89472K) Class: 15269K(15744K)->15269K(15744K)
[2026-03-25T22:13:05.005+0900][270.216s][info][gc          ] GC(974) Pause Young (Normal) (G1 Evacuation Pause) 260M->216M(308M) 0.851ms
[2026-03-25T22:13:05.005+0900][270.216s][info][gc,cpu      ] GC(974) User=0.00s Sys=0.00s Real=0.00s
[2026-03-25T22:13:05.286+0900][270.497s][info][gc,start    ] GC(975) Pause Young (Normal) (G1 Evacuation Pause)
[2026-03-25T22:13:05.286+0900][270.497s][info][gc,task     ] GC(975) Using 8 workers of 10 for evacuation
[2026-03-25T22:13:05.287+0900][270.497s][info][gc,phases   ] GC(975)   Pre Evacuate Collection Set: 0.0ms
[2026-03-25T22:13:05.287+0900][270.497s][info][gc,phases   ] GC(975)   Merge Heap Roots: 0.0ms
[2026-03-25T22:13:05.287+0900][270.497s][info][gc,phases   ] GC(975)   Evacuate Collection Set: 0.4ms
[2026-03-25T22:13:05.287+0900][270.497s][info][gc,phases   ] GC(975)   Post Evacuate Collection Set: 0.1ms
[2026-03-25T22:13:05.287+0900][270.497s][info][gc,phases   ] GC(975)   Other: 0.1ms
[2026-03-25T22:13:05.287+0900][270.497s][info][gc,heap     ] GC(975) Eden regions: 11->0(11)
[2026-03-25T22:13:05.287+0900][270.497s][info][gc,heap     ] GC(975) Survivor regions: 1->1(2)
[2026-03-25T22:13:05.287+0900][270.497s][info][gc,heap     ] GC(975) Old regions: 30->30
[2026-03-25T22:13:05.287+0900][270.497s][info][gc,heap     ] GC(975) Archive regions: 2->2
[2026-03-25T22:13:05.287+0900][270.497s][info][gc,heap     ] GC(975) Humongous regions: 24->24
[2026-03-25T22:13:05.287+0900][270.497s][info][gc,metaspace] GC(975) Metaspace: 104200K(105216K)->104200K(105216K) NonClass: 88931K(89472K)->88931K(89472K) Class: 15269K(15744K)->15269K(15744K)
[2026-03-25T22:13:05.287+0900][270.497s][info][gc          ] GC(975) Pause Young (Normal) (G1 Evacuation Pause) 260M->216M(308M) 0.757ms
[2026-03-25T22:13:05.287+0900][270.497s][info][gc,cpu      ] GC(975) User=0.00s Sys=0.00s Real=0.00s
[2026-03-25T22:13:05.659+0900][270.870s][info][gc,start    ] GC(976) Pause Young (Normal) (G1 Evacuation Pause)
[2026-03-25T22:13:05.659+0900][270.870s][info][gc,task     ] GC(976) Using 8 workers of 10 for evacuation
[2026-03-25T22:13:05.660+0900][270.871s][info][gc,phases   ] GC(976)   Pre Evacuate Collection Set: 0.0ms
[2026-03-25T22:13:05.660+0900][270.871s][info][gc,phases   ] GC(976)   Merge Heap Roots: 0.1ms
[2026-03-25T22:13:05.660+0900][270.871s][info][gc,phases   ] GC(976)   Evacuate Collection Set: 0.5ms
[2026-03-25T22:13:05.660+0900][270.871s][info][gc,phases   ] GC(976)   Post Evacuate Collection Set: 0.1ms
[2026-03-25T22:13:05.660+0900][270.871s][info][gc,phases   ] GC(976)   Other: 0.1ms
[2026-03-25T22:13:05.660+0900][270.871s][info][gc,heap     ] GC(976) Eden regions: 11->0(11)
[2026-03-25T22:13:05.660+0900][270.871s][info][gc,heap     ] GC(976) Survivor regions: 1->1(2)
[2026-03-25T22:13:05.660+0900][270.871s][info][gc,heap     ] GC(976) Old regions: 30->30
[2026-03-25T22:13:05.660+0900][270.871s][info][gc,heap     ] GC(976) Archive regions: 2->2
[2026-03-25T22:13:05.660+0900][270.871s][info][gc,heap     ] GC(976) Humongous regions: 24->24
[2026-03-25T22:13:05.660+0900][270.871s][info][gc,metaspace] GC(976) Metaspace: 104200K(105216K)->104200K(105216K) NonClass: 88931K(89472K)->88931K(89472K) Class: 15269K(15744K)->15269K(15744K)
[2026-03-25T22:13:05.660+0900][270.871s][info][gc          ] GC(976) Pause Young (Normal) (G1 Evacuation Pause) 260M->216M(308M) 0.914ms
[2026-03-25T22:13:05.660+0900][270.871s][info][gc,cpu      ] GC(976) User=0.00s Sys=0.01s Real=0.01s
[2026-03-25T22:13:05.968+0900][271.179s][info][gc,start    ] GC(977) Pause Young (Normal) (G1 Evacuation Pause)
[2026-03-25T22:13:05.968+0900][271.179s][info][gc,task     ] GC(977) Using 8 workers of 10 for evacuation
[2026-03-25T22:13:05.969+0900][271.179s][info][gc,phases   ] GC(977)   Pre Evacuate Collection Set: 0.1ms
[2026-03-25T22:13:05.969+0900][271.179s][info][gc,phases   ] GC(977)   Merge Heap Roots: 0.0ms
[2026-03-25T22:13:05.969+0900][271.179s][info][gc,phases   ] GC(977)   Evacuate Collection Set: 0.5ms
[2026-03-25T22:13:05.969+0900][271.179s][info][gc,phases   ] GC(977)   Post Evacuate Collection Set: 0.2ms
[2026-03-25T22:13:05.969+0900][271.179s][info][gc,phases   ] GC(977)   Other: 0.1ms
[2026-03-25T22:13:05.969+0900][271.179s][info][gc,heap     ] GC(977) Eden regions: 11->0(11)
[2026-03-25T22:13:05.969+0900][271.179s][info][gc,heap     ] GC(977) Survivor regions: 1->1(2)
[2026-03-25T22:13:05.969+0900][271.179s][info][gc,heap     ] GC(977) Old regions: 30->30
[2026-03-25T22:13:05.969+0900][271.179s][info][gc,heap     ] GC(977) Archive regions: 2->2
[2026-03-25T22:13:05.969+0900][271.179s][info][gc,heap     ] GC(977) Humongous regions: 24->24
[2026-03-25T22:13:05.969+0900][271.179s][info][gc,metaspace] GC(977) Metaspace: 104200K(105216K)->104200K(105216K) NonClass: 88931K(89472K)->88931K(89472K) Class: 15269K(15744K)->15269K(15744K)
[2026-03-25T22:13:05.969+0900][271.179s][info][gc          ] GC(977) Pause Young (Normal) (G1 Evacuation Pause) 260M->216M(308M) 0.936ms
[2026-03-25T22:13:05.969+0900][271.179s][info][gc,cpu      ] GC(977) User=0.01s Sys=0.00s Real=0.00s
[2026-03-25T22:13:06.272+0900][271.483s][info][gc,start    ] GC(978) Pause Young (Normal) (G1 Evacuation Pause)
[2026-03-25T22:13:06.272+0900][271.483s][info][gc,task     ] GC(978) Using 8 workers of 10 for evacuation
[2026-03-25T22:13:06.273+0900][271.483s][info][gc,phases   ] GC(978)   Pre Evacuate Collection Set: 0.1ms
[2026-03-25T22:13:06.273+0900][271.483s][info][gc,phases   ] GC(978)   Merge Heap Roots: 0.0ms
[2026-03-25T22:13:06.273+0900][271.483s][info][gc,phases   ] GC(978)   Evacuate Collection Set: 0.4ms
[2026-03-25T22:13:06.273+0900][271.483s][info][gc,phases   ] GC(978)   Post Evacuate Collection Set: 0.1ms
[2026-03-25T22:13:06.273+0900][271.483s][info][gc,phases   ] GC(978)   Other: 0.1ms
[2026-03-25T22:13:06.273+0900][271.483s][info][gc,heap     ] GC(978) Eden regions: 11->0(11)
[2026-03-25T22:13:06.273+0900][271.483s][info][gc,heap     ] GC(978) Survivor regions: 1->1(2)
[2026-03-25T22:13:06.273+0900][271.483s][info][gc,heap     ] GC(978) Old regions: 30->30
[2026-03-25T22:13:06.273+0900][271.483s][info][gc,heap     ] GC(978) Archive regions: 2->2
[2026-03-25T22:13:06.273+0900][271.483s][info][gc,heap     ] GC(978) Humongous regions: 24->24
[2026-03-25T22:13:06.273+0900][271.483s][info][gc,metaspace] GC(978) Metaspace: 104200K(105216K)->104200K(105216K) NonClass: 88931K(89472K)->88931K(89472K) Class: 15269K(15744K)->15269K(15744K)
[2026-03-25T22:13:06.273+0900][271.483s][info][gc          ] GC(978) Pause Young (Normal) (G1 Evacuation Pause) 260M->216M(308M) 0.842ms
[2026-03-25T22:13:06.273+0900][271.483s][info][gc,cpu      ] GC(978) User=0.01s Sys=0.00s Real=0.00s
[2026-03-25T22:13:06.425+0900][271.635s][info][gc,start    ] GC(979) Pause Young (Normal) (G1 Evacuation Pause)
[2026-03-25T22:13:06.425+0900][271.635s][info][gc,task     ] GC(979) Using 8 workers of 10 for evacuation
[2026-03-25T22:13:06.425+0900][271.636s][info][gc,phases   ] GC(979)   Pre Evacuate Collection Set: 0.0ms
[2026-03-25T22:13:06.426+0900][271.636s][info][gc,phases   ] GC(979)   Merge Heap Roots: 0.0ms
[2026-03-25T22:13:06.426+0900][271.636s][info][gc,phases   ] GC(979)   Evacuate Collection Set: 0.5ms
[2026-03-25T22:13:06.426+0900][271.636s][info][gc,phases   ] GC(979)   Post Evacuate Collection Set: 0.1ms
[2026-03-25T22:13:06.426+0900][271.636s][info][gc,phases   ] GC(979)   Other: 0.1ms
[2026-03-25T22:13:06.426+0900][271.636s][info][gc,heap     ] GC(979) Eden regions: 11->0(11)
[2026-03-25T22:13:06.426+0900][271.636s][info][gc,heap     ] GC(979) Survivor regions: 1->1(2)
[2026-03-25T22:13:06.426+0900][271.636s][info][gc,heap     ] GC(979) Old regions: 30->30
[2026-03-25T22:13:06.426+0900][271.636s][info][gc,heap     ] GC(979) Archive regions: 2->2
[2026-03-25T22:13:06.426+0900][271.636s][info][gc,heap     ] GC(979) Humongous regions: 24->24
[2026-03-25T22:13:06.426+0900][271.636s][info][gc,metaspace] GC(979) Metaspace: 104200K(105216K)->104200K(105216K) NonClass: 88931K(89472K)->88931K(89472K) Class: 15269K(15744K)->15269K(15744K)
[2026-03-25T22:13:06.426+0900][271.636s][info][gc          ] GC(979) Pause Young (Normal) (G1 Evacuation Pause) 260M->216M(308M) 0.869ms
[2026-03-25T22:13:06.426+0900][271.636s][info][gc,cpu      ] GC(979) User=0.00s Sys=0.01s Real=0.00s
[2026-03-25T22:13:06.582+0900][271.793s][info][gc,start    ] GC(980) Pause Young (Normal) (G1 Evacuation Pause)
[2026-03-25T22:13:06.582+0900][271.793s][info][gc,task     ] GC(980) Using 8 workers of 10 for evacuation
[2026-03-25T22:13:06.583+0900][271.793s][info][gc,phases   ] GC(980)   Pre Evacuate Collection Set: 0.0ms
[2026-03-25T22:13:06.583+0900][271.794s][info][gc,phases   ] GC(980)   Merge Heap Roots: 0.0ms
[2026-03-25T22:13:06.583+0900][271.794s][info][gc,phases   ] GC(980)   Evacuate Collection Set: 0.5ms
[2026-03-25T22:13:06.583+0900][271.794s][info][gc,phases   ] GC(980)   Post Evacuate Collection Set: 0.1ms
[2026-03-25T22:13:06.583+0900][271.794s][info][gc,phases   ] GC(980)   Other: 0.1ms
[2026-03-25T22:13:06.583+0900][271.794s][info][gc,heap     ] GC(980) Eden regions: 11->0(11)
[2026-03-25T22:13:06.583+0900][271.794s][info][gc,heap     ] GC(980) Survivor regions: 1->1(2)
[2026-03-25T22:13:06.583+0900][271.794s][info][gc,heap     ] GC(980) Old regions: 30->30
[2026-03-25T22:13:06.583+0900][271.794s][info][gc,heap     ] GC(980) Archive regions: 2->2
[2026-03-25T22:13:06.583+0900][271.794s][info][gc,heap     ] GC(980) Humongous regions: 24->24
[2026-03-25T22:13:06.583+0900][271.794s][info][gc,metaspace] GC(980) Metaspace: 104200K(105216K)->104200K(105216K) NonClass: 88931K(89472K)->88931K(89472K) Class: 15269K(15744K)->15269K(15744K)
[2026-03-25T22:13:06.583+0900][271.794s][info][gc          ] GC(980) Pause Young (Normal) (G1 Evacuation Pause) 260M->216M(308M) 0.816ms
[2026-03-25T22:13:06.583+0900][271.794s][info][gc,cpu      ] GC(980) User=0.00s Sys=0.00s Real=0.00s
[2026-03-25T22:13:06.727+0900][271.938s][info][gc,start    ] GC(981) Pause Young (Normal) (G1 Evacuation Pause)
[2026-03-25T22:13:06.727+0900][271.938s][info][gc,task     ] GC(981) Using 8 workers of 10 for evacuation
[2026-03-25T22:13:06.728+0900][271.939s][info][gc,phases   ] GC(981)   Pre Evacuate Collection Set: 0.1ms
[2026-03-25T22:13:06.728+0900][271.939s][info][gc,phases   ] GC(981)   Merge Heap Roots: 0.0ms
[2026-03-25T22:13:06.728+0900][271.939s][info][gc,phases   ] GC(981)   Evacuate Collection Set: 0.6ms
[2026-03-25T22:13:06.728+0900][271.939s][info][gc,phases   ] GC(981)   Post Evacuate Collection Set: 0.2ms
[2026-03-25T22:13:06.728+0900][271.939s][info][gc,phases   ] GC(981)   Other: 0.1ms
[2026-03-25T22:13:06.728+0900][271.939s][info][gc,heap     ] GC(981) Eden regions: 11->0(11)
[2026-03-25T22:13:06.728+0900][271.939s][info][gc,heap     ] GC(981) Survivor regions: 1->1(2)
[2026-03-25T22:13:06.728+0900][271.939s][info][gc,heap     ] GC(981) Old regions: 30->30
[2026-03-25T22:13:06.728+0900][271.939s][info][gc,heap     ] GC(981) Archive regions: 2->2
[2026-03-25T22:13:06.728+0900][271.939s][info][gc,heap     ] GC(981) Humongous regions: 24->24
[2026-03-25T22:13:06.728+0900][271.939s][info][gc,metaspace] GC(981) Metaspace: 104200K(105216K)->104200K(105216K) NonClass: 88931K(89472K)->88931K(89472K) Class: 15269K(15744K)->15269K(15744K)
[2026-03-25T22:13:06.728+0900][271.939s][info][gc          ] GC(981) Pause Young (Normal) (G1 Evacuation Pause) 260M->216M(308M) 1.037ms
[2026-03-25T22:13:06.728+0900][271.939s][info][gc,cpu      ] GC(981) User=0.01s Sys=0.00s Real=0.00s
[2026-03-25T22:13:06.873+0900][272.083s][info][gc,start    ] GC(982) Pause Young (Normal) (G1 Evacuation Pause)
[2026-03-25T22:13:06.873+0900][272.083s][info][gc,task     ] GC(982) Using 8 workers of 10 for evacuation
[2026-03-25T22:13:06.873+0900][272.084s][info][gc,phases   ] GC(982)   Pre Evacuate Collection Set: 0.1ms
[2026-03-25T22:13:06.873+0900][272.084s][info][gc,phases   ] GC(982)   Merge Heap Roots: 0.0ms
[2026-03-25T22:13:06.873+0900][272.084s][info][gc,phases   ] GC(982)   Evacuate Collection Set: 0.4ms
[2026-03-25T22:13:06.873+0900][272.084s][info][gc,phases   ] GC(982)   Post Evacuate Collection Set: 0.2ms
[2026-03-25T22:13:06.873+0900][272.084s][info][gc,phases   ] GC(982)   Other: 0.1ms
[2026-03-25T22:13:06.873+0900][272.084s][info][gc,heap     ] GC(982) Eden regions: 11->0(11)
[2026-03-25T22:13:06.873+0900][272.084s][info][gc,heap     ] GC(982) Survivor regions: 1->1(2)
[2026-03-25T22:13:06.873+0900][272.084s][info][gc,heap     ] GC(982) Old regions: 30->30
[2026-03-25T22:13:06.873+0900][272.084s][info][gc,heap     ] GC(982) Archive regions: 2->2
[2026-03-25T22:13:06.873+0900][272.084s][info][gc,heap     ] GC(982) Humongous regions: 24->24
[2026-03-25T22:13:06.873+0900][272.084s][info][gc,metaspace] GC(982) Metaspace: 104200K(105216K)->104200K(105216K) NonClass: 88931K(89472K)->88931K(89472K) Class: 15269K(15744K)->15269K(15744K)
[2026-03-25T22:13:06.873+0900][272.084s][info][gc          ] GC(982) Pause Young (Normal) (G1 Evacuation Pause) 260M->216M(308M) 0.793ms
[2026-03-25T22:13:06.873+0900][272.084s][info][gc,cpu      ] GC(982) User=0.00s Sys=0.00s Real=0.00s
[2026-03-25T22:13:07.036+0900][272.246s][info][gc,start    ] GC(983) Pause Young (Normal) (G1 Evacuation Pause)
[2026-03-25T22:13:07.036+0900][272.246s][info][gc,task     ] GC(983) Using 8 workers of 10 for evacuation
[2026-03-25T22:13:07.037+0900][272.247s][info][gc,phases   ] GC(983)   Pre Evacuate Collection Set: 0.1ms
[2026-03-25T22:13:07.037+0900][272.247s][info][gc,phases   ] GC(983)   Merge Heap Roots: 0.1ms
[2026-03-25T22:13:07.037+0900][272.247s][info][gc,phases   ] GC(983)   Evacuate Collection Set: 0.6ms
[2026-03-25T22:13:07.037+0900][272.247s][info][gc,phases   ] GC(983)   Post Evacuate Collection Set: 0.2ms
[2026-03-25T22:13:07.037+0900][272.247s][info][gc,phases   ] GC(983)   Other: 0.1ms
[2026-03-25T22:13:07.037+0900][272.247s][info][gc,heap     ] GC(983) Eden regions: 11->0(11)
[2026-03-25T22:13:07.037+0900][272.247s][info][gc,heap     ] GC(983) Survivor regions: 1->1(2)
[2026-03-25T22:13:07.037+0900][272.247s][info][gc,heap     ] GC(983) Old regions: 30->30
[2026-03-25T22:13:07.037+0900][272.247s][info][gc,heap     ] GC(983) Archive regions: 2->2
[2026-03-25T22:13:07.037+0900][272.247s][info][gc,heap     ] GC(983) Humongous regions: 24->24
[2026-03-25T22:13:07.037+0900][272.247s][info][gc,metaspace] GC(983) Metaspace: 104200K(105216K)->104200K(105216K) NonClass: 88931K(89472K)->88931K(89472K) Class: 15269K(15744K)->15269K(15744K)
[2026-03-25T22:13:07.037+0900][272.247s][info][gc          ] GC(983) Pause Young (Normal) (G1 Evacuation Pause) 260M->216M(308M) 1.099ms
[2026-03-25T22:13:07.037+0900][272.247s][info][gc,cpu      ] GC(983) User=0.01s Sys=0.00s Real=0.00s
[2026-03-25T22:13:07.218+0900][272.429s][info][gc,start    ] GC(984) Pause Young (Normal) (G1 Evacuation Pause)
[2026-03-25T22:13:07.218+0900][272.429s][info][gc,task     ] GC(984) Using 8 workers of 10 for evacuation
[2026-03-25T22:13:07.219+0900][272.429s][info][gc,phases   ] GC(984)   Pre Evacuate Collection Set: 0.0ms
[2026-03-25T22:13:07.219+0900][272.429s][info][gc,phases   ] GC(984)   Merge Heap Roots: 0.0ms
[2026-03-25T22:13:07.219+0900][272.429s][info][gc,phases   ] GC(984)   Evacuate Collection Set: 0.4ms
[2026-03-25T22:13:07.219+0900][272.429s][info][gc,phases   ] GC(984)   Post Evacuate Collection Set: 0.1ms
[2026-03-25T22:13:07.219+0900][272.429s][info][gc,phases   ] GC(984)   Other: 0.1ms
[2026-03-25T22:13:07.219+0900][272.429s][info][gc,heap     ] GC(984) Eden regions: 11->0(11)
[2026-03-25T22:13:07.219+0900][272.429s][info][gc,heap     ] GC(984) Survivor regions: 1->1(2)
[2026-03-25T22:13:07.219+0900][272.429s][info][gc,heap     ] GC(984) Old regions: 30->30
[2026-03-25T22:13:07.219+0900][272.429s][info][gc,heap     ] GC(984) Archive regions: 2->2
[2026-03-25T22:13:07.219+0900][272.429s][info][gc,heap     ] GC(984) Humongous regions: 24->24
[2026-03-25T22:13:07.219+0900][272.429s][info][gc,metaspace] GC(984) Metaspace: 104200K(105216K)->104200K(105216K) NonClass: 88931K(89472K)->88931K(89472K) Class: 15269K(15744K)->15269K(15744K)
[2026-03-25T22:13:07.219+0900][272.429s][info][gc          ] GC(984) Pause Young (Normal) (G1 Evacuation Pause) 260M->216M(308M) 0.754ms
[2026-03-25T22:13:07.219+0900][272.429s][info][gc,cpu      ] GC(984) User=0.00s Sys=0.00s Real=0.00s
[2026-03-25T22:13:07.430+0900][272.641s][info][gc,start    ] GC(985) Pause Young (Normal) (G1 Evacuation Pause)
[2026-03-25T22:13:07.430+0900][272.641s][info][gc,task     ] GC(985) Using 8 workers of 10 for evacuation
[2026-03-25T22:13:07.431+0900][272.642s][info][gc,phases   ] GC(985)   Pre Evacuate Collection Set: 0.0ms
[2026-03-25T22:13:07.431+0900][272.642s][info][gc,phases   ] GC(985)   Merge Heap Roots: 0.0ms
[2026-03-25T22:13:07.431+0900][272.642s][info][gc,phases   ] GC(985)   Evacuate Collection Set: 0.4ms
[2026-03-25T22:13:07.431+0900][272.642s][info][gc,phases   ] GC(985)   Post Evacuate Collection Set: 0.1ms
[2026-03-25T22:13:07.431+0900][272.642s][info][gc,phases   ] GC(985)   Other: 0.1ms
[2026-03-25T22:13:07.431+0900][272.642s][info][gc,heap     ] GC(985) Eden regions: 11->0(11)
[2026-03-25T22:13:07.431+0900][272.642s][info][gc,heap     ] GC(985) Survivor regions: 1->1(2)
[2026-03-25T22:13:07.431+0900][272.642s][info][gc,heap     ] GC(985) Old regions: 30->30
[2026-03-25T22:13:07.431+0900][272.642s][info][gc,heap     ] GC(985) Archive regions: 2->2
[2026-03-25T22:13:07.431+0900][272.642s][info][gc,heap     ] GC(985) Humongous regions: 24->24
[2026-03-25T22:13:07.431+0900][272.642s][info][gc,metaspace] GC(985) Metaspace: 104200K(105216K)->104200K(105216K) NonClass: 88931K(89472K)->88931K(89472K) Class: 15269K(15744K)->15269K(15744K)
[2026-03-25T22:13:07.431+0900][272.642s][info][gc          ] GC(985) Pause Young (Normal) (G1 Evacuation Pause) 260M->216M(308M) 0.773ms
[2026-03-25T22:13:07.431+0900][272.642s][info][gc,cpu      ] GC(985) User=0.01s Sys=0.00s Real=0.00s
[2026-03-25T22:13:07.636+0900][272.847s][info][gc,start    ] GC(986) Pause Young (Normal) (G1 Evacuation Pause)
[2026-03-25T22:13:07.636+0900][272.847s][info][gc,task     ] GC(986) Using 8 workers of 10 for evacuation
[2026-03-25T22:13:07.637+0900][272.847s][info][gc,phases   ] GC(986)   Pre Evacuate Collection Set: 0.1ms
[2026-03-25T22:13:07.637+0900][272.847s][info][gc,phases   ] GC(986)   Merge Heap Roots: 0.0ms
[2026-03-25T22:13:07.637+0900][272.847s][info][gc,phases   ] GC(986)   Evacuate Collection Set: 0.4ms
[2026-03-25T22:13:07.637+0900][272.847s][info][gc,phases   ] GC(986)   Post Evacuate Collection Set: 0.1ms
[2026-03-25T22:13:07.637+0900][272.847s][info][gc,phases   ] GC(986)   Other: 0.1ms
[2026-03-25T22:13:07.637+0900][272.847s][info][gc,heap     ] GC(986) Eden regions: 11->0(11)
[2026-03-25T22:13:07.637+0900][272.847s][info][gc,heap     ] GC(986) Survivor regions: 1->1(2)
[2026-03-25T22:13:07.637+0900][272.847s][info][gc,heap     ] GC(986) Old regions: 30->30
[2026-03-25T22:13:07.637+0900][272.847s][info][gc,heap     ] GC(986) Archive regions: 2->2
[2026-03-25T22:13:07.637+0900][272.847s][info][gc,heap     ] GC(986) Humongous regions: 24->24
[2026-03-25T22:13:07.637+0900][272.847s][info][gc,metaspace] GC(986) Metaspace: 104200K(105216K)->104200K(105216K) NonClass: 88931K(89472K)->88931K(89472K) Class: 15269K(15744K)->15269K(15744K)
[2026-03-25T22:13:07.637+0900][272.847s][info][gc          ] GC(986) Pause Young (Normal) (G1 Evacuation Pause) 260M->216M(308M) 0.758ms
[2026-03-25T22:13:07.637+0900][272.847s][info][gc,cpu      ] GC(986) User=0.00s Sys=0.00s Real=0.00s
[2026-03-25T22:13:07.837+0900][273.048s][info][gc,start    ] GC(987) Pause Young (Normal) (G1 Evacuation Pause)
[2026-03-25T22:13:07.838+0900][273.048s][info][gc,task     ] GC(987) Using 8 workers of 10 for evacuation
[2026-03-25T22:13:07.838+0900][273.049s][info][gc,phases   ] GC(987)   Pre Evacuate Collection Set: 0.0ms
[2026-03-25T22:13:07.838+0900][273.049s][info][gc,phases   ] GC(987)   Merge Heap Roots: 0.0ms
[2026-03-25T22:13:07.838+0900][273.049s][info][gc,phases   ] GC(987)   Evacuate Collection Set: 0.5ms
[2026-03-25T22:13:07.838+0900][273.049s][info][gc,phases   ] GC(987)   Post Evacuate Collection Set: 0.1ms
[2026-03-25T22:13:07.838+0900][273.049s][info][gc,phases   ] GC(987)   Other: 0.1ms
[2026-03-25T22:13:07.838+0900][273.049s][info][gc,heap     ] GC(987) Eden regions: 11->0(11)
[2026-03-25T22:13:07.838+0900][273.049s][info][gc,heap     ] GC(987) Survivor regions: 1->1(2)
[2026-03-25T22:13:07.838+0900][273.049s][info][gc,heap     ] GC(987) Old regions: 30->30
[2026-03-25T22:13:07.838+0900][273.049s][info][gc,heap     ] GC(987) Archive regions: 2->2
[2026-03-25T22:13:07.838+0900][273.049s][info][gc,heap     ] GC(987) Humongous regions: 24->24
[2026-03-25T22:13:07.838+0900][273.049s][info][gc,metaspace] GC(987) Metaspace: 104200K(105216K)->104200K(105216K) NonClass: 88931K(89472K)->88931K(89472K) Class: 15269K(15744K)->15269K(15744K)
[2026-03-25T22:13:07.838+0900][273.049s][info][gc          ] GC(987) Pause Young (Normal) (G1 Evacuation Pause) 260M->216M(308M) 0.849ms
[2026-03-25T22:13:07.838+0900][273.049s][info][gc,cpu      ] GC(987) User=0.01s Sys=0.00s Real=0.00s
[2026-03-25T22:13:07.983+0900][273.193s][info][gc,start    ] GC(988) Pause Young (Normal) (G1 Evacuation Pause)
[2026-03-25T22:13:07.983+0900][273.193s][info][gc,task     ] GC(988) Using 8 workers of 10 for evacuation
[2026-03-25T22:13:07.983+0900][273.194s][info][gc,phases   ] GC(988)   Pre Evacuate Collection Set: 0.0ms
[2026-03-25T22:13:07.983+0900][273.194s][info][gc,phases   ] GC(988)   Merge Heap Roots: 0.0ms
[2026-03-25T22:13:07.983+0900][273.194s][info][gc,phases   ] GC(988)   Evacuate Collection Set: 0.4ms
[2026-03-25T22:13:07.983+0900][273.194s][info][gc,phases   ] GC(988)   Post Evacuate Collection Set: 0.1ms
[2026-03-25T22:13:07.983+0900][273.194s][info][gc,phases   ] GC(988)   Other: 0.1ms
[2026-03-25T22:13:07.983+0900][273.194s][info][gc,heap     ] GC(988) Eden regions: 11->0(11)
[2026-03-25T22:13:07.983+0900][273.194s][info][gc,heap     ] GC(988) Survivor regions: 1->1(2)
[2026-03-25T22:13:07.983+0900][273.194s][info][gc,heap     ] GC(988) Old regions: 30->30
[2026-03-25T22:13:07.983+0900][273.194s][info][gc,heap     ] GC(988) Archive regions: 2->2
[2026-03-25T22:13:07.983+0900][273.194s][info][gc,heap     ] GC(988) Humongous regions: 24->24
[2026-03-25T22:13:07.983+0900][273.194s][info][gc,metaspace] GC(988) Metaspace: 104200K(105216K)->104200K(105216K) NonClass: 88931K(89472K)->88931K(89472K) Class: 15269K(15744K)->15269K(15744K)
[2026-03-25T22:13:07.983+0900][273.194s][info][gc          ] GC(988) Pause Young (Normal) (G1 Evacuation Pause) 260M->216M(308M) 0.718ms
[2026-03-25T22:13:07.983+0900][273.194s][info][gc,cpu      ] GC(988) User=0.01s Sys=0.00s Real=0.00s
[2026-03-25T22:13:08.336+0900][273.547s][info][gc,start    ] GC(989) Pause Young (Normal) (G1 Evacuation Pause)
[2026-03-25T22:13:08.336+0900][273.547s][info][gc,task     ] GC(989) Using 8 workers of 10 for evacuation
[2026-03-25T22:13:08.337+0900][273.548s][info][gc,phases   ] GC(989)   Pre Evacuate Collection Set: 0.1ms
[2026-03-25T22:13:08.337+0900][273.548s][info][gc,phases   ] GC(989)   Merge Heap Roots: 0.0ms
[2026-03-25T22:13:08.337+0900][273.548s][info][gc,phases   ] GC(989)   Evacuate Collection Set: 0.8ms
[2026-03-25T22:13:08.337+0900][273.548s][info][gc,phases   ] GC(989)   Post Evacuate Collection Set: 0.1ms
[2026-03-25T22:13:08.337+0900][273.548s][info][gc,phases   ] GC(989)   Other: 0.1ms
[2026-03-25T22:13:08.337+0900][273.548s][info][gc,heap     ] GC(989) Eden regions: 11->0(11)
[2026-03-25T22:13:08.337+0900][273.548s][info][gc,heap     ] GC(989) Survivor regions: 1->1(2)
[2026-03-25T22:13:08.337+0900][273.548s][info][gc,heap     ] GC(989) Old regions: 30->30
[2026-03-25T22:13:08.337+0900][273.548s][info][gc,heap     ] GC(989) Archive regions: 2->2
[2026-03-25T22:13:08.337+0900][273.548s][info][gc,heap     ] GC(989) Humongous regions: 24->24
[2026-03-25T22:13:08.337+0900][273.548s][info][gc,metaspace] GC(989) Metaspace: 104200K(105216K)->104200K(105216K) NonClass: 88931K(89472K)->88931K(89472K) Class: 15269K(15744K)->15269K(15744K)
[2026-03-25T22:13:08.337+0900][273.548s][info][gc          ] GC(989) Pause Young (Normal) (G1 Evacuation Pause) 260M->217M(308M) 1.173ms
[2026-03-25T22:13:08.337+0900][273.548s][info][gc,cpu      ] GC(989) User=0.01s Sys=0.00s Real=0.00s
[2026-03-25T22:13:08.542+0900][273.753s][info][gc,start    ] GC(990) Pause Young (Normal) (G1 Evacuation Pause)
[2026-03-25T22:13:08.542+0900][273.753s][info][gc,task     ] GC(990) Using 8 workers of 10 for evacuation
[2026-03-25T22:13:08.543+0900][273.754s][info][gc,phases   ] GC(990)   Pre Evacuate Collection Set: 0.0ms
[2026-03-25T22:13:08.543+0900][273.754s][info][gc,phases   ] GC(990)   Merge Heap Roots: 0.0ms
[2026-03-25T22:13:08.543+0900][273.754s][info][gc,phases   ] GC(990)   Evacuate Collection Set: 0.5ms
[2026-03-25T22:13:08.543+0900][273.754s][info][gc,phases   ] GC(990)   Post Evacuate Collection Set: 0.1ms
[2026-03-25T22:13:08.543+0900][273.754s][info][gc,phases   ] GC(990)   Other: 0.1ms
[2026-03-25T22:13:08.543+0900][273.754s][info][gc,heap     ] GC(990) Eden regions: 11->0(11)
[2026-03-25T22:13:08.543+0900][273.754s][info][gc,heap     ] GC(990) Survivor regions: 1->1(2)
[2026-03-25T22:13:08.543+0900][273.754s][info][gc,heap     ] GC(990) Old regions: 30->30
[2026-03-25T22:13:08.543+0900][273.754s][info][gc,heap     ] GC(990) Archive regions: 2->2
[2026-03-25T22:13:08.543+0900][273.754s][info][gc,heap     ] GC(990) Humongous regions: 24->24
[2026-03-25T22:13:08.543+0900][273.754s][info][gc,metaspace] GC(990) Metaspace: 104200K(105216K)->104200K(105216K) NonClass: 88931K(89472K)->88931K(89472K) Class: 15269K(15744K)->15269K(15744K)
[2026-03-25T22:13:08.543+0900][273.754s][info][gc          ] GC(990) Pause Young (Normal) (G1 Evacuation Pause) 261M->217M(308M) 0.815ms
[2026-03-25T22:13:08.543+0900][273.754s][info][gc,cpu      ] GC(990) User=0.00s Sys=0.01s Real=0.00s
[2026-03-25T22:13:08.907+0900][274.117s][info][gc,start    ] GC(991) Pause Young (Normal) (G1 Evacuation Pause)
[2026-03-25T22:13:08.907+0900][274.118s][info][gc,task     ] GC(991) Using 8 workers of 10 for evacuation
[2026-03-25T22:13:08.908+0900][274.118s][info][gc,phases   ] GC(991)   Pre Evacuate Collection Set: 0.1ms
[2026-03-25T22:13:08.908+0900][274.118s][info][gc,phases   ] GC(991)   Merge Heap Roots: 0.0ms
[2026-03-25T22:13:08.908+0900][274.118s][info][gc,phases   ] GC(991)   Evacuate Collection Set: 0.6ms
[2026-03-25T22:13:08.908+0900][274.118s][info][gc,phases   ] GC(991)   Post Evacuate Collection Set: 0.1ms
[2026-03-25T22:13:08.908+0900][274.118s][info][gc,phases   ] GC(991)   Other: 0.2ms
[2026-03-25T22:13:08.908+0900][274.118s][info][gc,heap     ] GC(991) Eden regions: 11->0(11)
[2026-03-25T22:13:08.908+0900][274.118s][info][gc,heap     ] GC(991) Survivor regions: 1->1(2)
[2026-03-25T22:13:08.908+0900][274.118s][info][gc,heap     ] GC(991) Old regions: 30->30
[2026-03-25T22:13:08.908+0900][274.118s][info][gc,heap     ] GC(991) Archive regions: 2->2
[2026-03-25T22:13:08.908+0900][274.118s][info][gc,heap     ] GC(991) Humongous regions: 24->24
[2026-03-25T22:13:08.908+0900][274.118s][info][gc,metaspace] GC(991) Metaspace: 104200K(105216K)->104200K(105216K) NonClass: 88931K(89472K)->88931K(89472K) Class: 15269K(15744K)->15269K(15744K)
[2026-03-25T22:13:08.908+0900][274.119s][info][gc          ] GC(991) Pause Young (Normal) (G1 Evacuation Pause) 261M->217M(308M) 1.051ms
[2026-03-25T22:13:08.908+0900][274.119s][info][gc,cpu      ] GC(991) User=0.01s Sys=0.00s Real=0.00s
[2026-03-25T22:13:09.161+0900][274.372s][info][gc,start    ] GC(992) Pause Young (Normal) (G1 Evacuation Pause)
[2026-03-25T22:13:09.161+0900][274.372s][info][gc,task     ] GC(992) Using 8 workers of 10 for evacuation
[2026-03-25T22:13:09.162+0900][274.373s][info][gc,phases   ] GC(992)   Pre Evacuate Collection Set: 0.0ms
[2026-03-25T22:13:09.162+0900][274.373s][info][gc,phases   ] GC(992)   Merge Heap Roots: 0.1ms
[2026-03-25T22:13:09.162+0900][274.373s][info][gc,phases   ] GC(992)   Evacuate Collection Set: 0.6ms
[2026-03-25T22:13:09.162+0900][274.373s][info][gc,phases   ] GC(992)   Post Evacuate Collection Set: 0.1ms
[2026-03-25T22:13:09.162+0900][274.373s][info][gc,phases   ] GC(992)   Other: 0.1ms
[2026-03-25T22:13:09.162+0900][274.373s][info][gc,heap     ] GC(992) Eden regions: 11->0(11)
[2026-03-25T22:13:09.162+0900][274.373s][info][gc,heap     ] GC(992) Survivor regions: 1->1(2)
[2026-03-25T22:13:09.162+0900][274.373s][info][gc,heap     ] GC(992) Old regions: 30->30
[2026-03-25T22:13:09.162+0900][274.373s][info][gc,heap     ] GC(992) Archive regions: 2->2
[2026-03-25T22:13:09.162+0900][274.373s][info][gc,heap     ] GC(992) Humongous regions: 24->24
[2026-03-25T22:13:09.162+0900][274.373s][info][gc,metaspace] GC(992) Metaspace: 104200K(105216K)->104200K(105216K) NonClass: 88931K(89472K)->88931K(89472K) Class: 15269K(15744K)->15269K(15744K)
[2026-03-25T22:13:09.162+0900][274.373s][info][gc          ] GC(992) Pause Young (Normal) (G1 Evacuation Pause) 261M->217M(308M) 0.959ms
[2026-03-25T22:13:09.162+0900][274.373s][info][gc,cpu      ] GC(992) User=0.00s Sys=0.00s Real=0.00s
[2026-03-25T22:13:09.464+0900][274.675s][info][gc,start    ] GC(993) Pause Young (Normal) (G1 Evacuation Pause)
[2026-03-25T22:13:09.464+0900][274.675s][info][gc,task     ] GC(993) Using 8 workers of 10 for evacuation
[2026-03-25T22:13:09.465+0900][274.675s][info][gc,phases   ] GC(993)   Pre Evacuate Collection Set: 0.1ms
[2026-03-25T22:13:09.465+0900][274.675s][info][gc,phases   ] GC(993)   Merge Heap Roots: 0.1ms
[2026-03-25T22:13:09.465+0900][274.675s][info][gc,phases   ] GC(993)   Evacuate Collection Set: 0.6ms
[2026-03-25T22:13:09.465+0900][274.675s][info][gc,phases   ] GC(993)   Post Evacuate Collection Set: 0.2ms
[2026-03-25T22:13:09.465+0900][274.675s][info][gc,phases   ] GC(993)   Other: 0.1ms
[2026-03-25T22:13:09.465+0900][274.675s][info][gc,heap     ] GC(993) Eden regions: 11->0(11)
[2026-03-25T22:13:09.465+0900][274.675s][info][gc,heap     ] GC(993) Survivor regions: 1->1(2)
[2026-03-25T22:13:09.465+0900][274.675s][info][gc,heap     ] GC(993) Old regions: 30->30
[2026-03-25T22:13:09.465+0900][274.675s][info][gc,heap     ] GC(993) Archive regions: 2->2
[2026-03-25T22:13:09.465+0900][274.676s][info][gc,heap     ] GC(993) Humongous regions: 24->24
[2026-03-25T22:13:09.465+0900][274.676s][info][gc,metaspace] GC(993) Metaspace: 104200K(105216K)->104200K(105216K) NonClass: 88931K(89472K)->88931K(89472K) Class: 15269K(15744K)->15269K(15744K)
[2026-03-25T22:13:09.465+0900][274.676s][info][gc          ] GC(993) Pause Young (Normal) (G1 Evacuation Pause) 261M->217M(308M) 1.012ms
[2026-03-25T22:13:09.465+0900][274.676s][info][gc,cpu      ] GC(993) User=0.01s Sys=0.00s Real=0.00s
[2026-03-25T22:13:09.919+0900][275.130s][info][gc,start    ] GC(994) Pause Young (Normal) (G1 Evacuation Pause)
[2026-03-25T22:13:09.919+0900][275.130s][info][gc,task     ] GC(994) Using 8 workers of 10 for evacuation
[2026-03-25T22:13:09.920+0900][275.131s][info][gc,phases   ] GC(994)   Pre Evacuate Collection Set: 0.1ms
[2026-03-25T22:13:09.920+0900][275.131s][info][gc,phases   ] GC(994)   Merge Heap Roots: 0.1ms
[2026-03-25T22:13:09.920+0900][275.131s][info][gc,phases   ] GC(994)   Evacuate Collection Set: 0.5ms
[2026-03-25T22:13:09.920+0900][275.131s][info][gc,phases   ] GC(994)   Post Evacuate Collection Set: 0.1ms
[2026-03-25T22:13:09.920+0900][275.131s][info][gc,phases   ] GC(994)   Other: 0.1ms
[2026-03-25T22:13:09.920+0900][275.131s][info][gc,heap     ] GC(994) Eden regions: 11->0(11)
[2026-03-25T22:13:09.920+0900][275.131s][info][gc,heap     ] GC(994) Survivor regions: 1->1(2)
[2026-03-25T22:13:09.920+0900][275.131s][info][gc,heap     ] GC(994) Old regions: 30->30
[2026-03-25T22:13:09.920+0900][275.131s][info][gc,heap     ] GC(994) Archive regions: 2->2
[2026-03-25T22:13:09.920+0900][275.131s][info][gc,heap     ] GC(994) Humongous regions: 24->24
[2026-03-25T22:13:09.920+0900][275.131s][info][gc,metaspace] GC(994) Metaspace: 104200K(105216K)->104200K(105216K) NonClass: 88931K(89472K)->88931K(89472K) Class: 15269K(15744K)->15269K(15744K)
[2026-03-25T22:13:09.920+0900][275.131s][info][gc          ] GC(994) Pause Young (Normal) (G1 Evacuation Pause) 261M->216M(308M) 0.921ms
[2026-03-25T22:13:09.920+0900][275.131s][info][gc,cpu      ] GC(994) User=0.00s Sys=0.00s Real=0.01s
[2026-03-25T22:13:10.363+0900][275.574s][info][gc,start    ] GC(995) Pause Young (Normal) (G1 Evacuation Pause)
[2026-03-25T22:13:10.363+0900][275.574s][info][gc,task     ] GC(995) Using 8 workers of 10 for evacuation
[2026-03-25T22:13:10.364+0900][275.575s][info][gc,phases   ] GC(995)   Pre Evacuate Collection Set: 0.1ms
[2026-03-25T22:13:10.365+0900][275.575s][info][gc,phases   ] GC(995)   Merge Heap Roots: 0.1ms
[2026-03-25T22:13:10.365+0900][275.575s][info][gc,phases   ] GC(995)   Evacuate Collection Set: 0.9ms
[2026-03-25T22:13:10.365+0900][275.575s][info][gc,phases   ] GC(995)   Post Evacuate Collection Set: 0.2ms
[2026-03-25T22:13:10.365+0900][275.575s][info][gc,phases   ] GC(995)   Other: 0.1ms
[2026-03-25T22:13:10.365+0900][275.575s][info][gc,heap     ] GC(995) Eden regions: 11->0(11)
[2026-03-25T22:13:10.365+0900][275.575s][info][gc,heap     ] GC(995) Survivor regions: 1->1(2)
[2026-03-25T22:13:10.365+0900][275.575s][info][gc,heap     ] GC(995) Old regions: 30->30
[2026-03-25T22:13:10.365+0900][275.575s][info][gc,heap     ] GC(995) Archive regions: 2->2
[2026-03-25T22:13:10.365+0900][275.575s][info][gc,heap     ] GC(995) Humongous regions: 24->24
[2026-03-25T22:13:10.365+0900][275.575s][info][gc,metaspace] GC(995) Metaspace: 104200K(105216K)->104200K(105216K) NonClass: 88931K(89472K)->88931K(89472K) Class: 15269K(15744K)->15269K(15744K)
[2026-03-25T22:13:10.365+0900][275.575s][info][gc          ] GC(995) Pause Young (Normal) (G1 Evacuation Pause) 260M->216M(308M) 1.476ms
[2026-03-25T22:13:10.365+0900][275.575s][info][gc,cpu      ] GC(995) User=0.01s Sys=0.01s Real=0.00s
[2026-03-25T22:13:10.560+0900][275.770s][info][gc,start    ] GC(996) Pause Young (Normal) (G1 Evacuation Pause)
[2026-03-25T22:13:10.560+0900][275.770s][info][gc,task     ] GC(996) Using 8 workers of 10 for evacuation
[2026-03-25T22:13:10.560+0900][275.771s][info][gc,phases   ] GC(996)   Pre Evacuate Collection Set: 0.1ms
[2026-03-25T22:13:10.561+0900][275.771s][info][gc,phases   ] GC(996)   Merge Heap Roots: 0.0ms
[2026-03-25T22:13:10.561+0900][275.771s][info][gc,phases   ] GC(996)   Evacuate Collection Set: 0.5ms
[2026-03-25T22:13:10.561+0900][275.771s][info][gc,phases   ] GC(996)   Post Evacuate Collection Set: 0.1ms
[2026-03-25T22:13:10.561+0900][275.771s][info][gc,phases   ] GC(996)   Other: 0.1ms
[2026-03-25T22:13:10.561+0900][275.771s][info][gc,heap     ] GC(996) Eden regions: 11->0(11)
[2026-03-25T22:13:10.561+0900][275.771s][info][gc,heap     ] GC(996) Survivor regions: 1->1(2)
[2026-03-25T22:13:10.561+0900][275.771s][info][gc,heap     ] GC(996) Old regions: 30->30
[2026-03-25T22:13:10.561+0900][275.771s][info][gc,heap     ] GC(996) Archive regions: 2->2
[2026-03-25T22:13:10.561+0900][275.771s][info][gc,heap     ] GC(996) Humongous regions: 24->24
[2026-03-25T22:13:10.561+0900][275.771s][info][gc,metaspace] GC(996) Metaspace: 104200K(105216K)->104200K(105216K) NonClass: 88931K(89472K)->88931K(89472K) Class: 15269K(15744K)->15269K(15744K)
[2026-03-25T22:13:10.561+0900][275.771s][info][gc          ] GC(996) Pause Young (Normal) (G1 Evacuation Pause) 260M->216M(308M) 0.858ms
[2026-03-25T22:13:10.561+0900][275.771s][info][gc,cpu      ] GC(996) User=0.01s Sys=0.01s Real=0.00s
[2026-03-25T22:13:10.979+0900][276.190s][info][gc,start    ] GC(997) Pause Young (Normal) (G1 Evacuation Pause)
[2026-03-25T22:13:10.979+0900][276.190s][info][gc,task     ] GC(997) Using 8 workers of 10 for evacuation
[2026-03-25T22:13:10.980+0900][276.190s][info][gc,phases   ] GC(997)   Pre Evacuate Collection Set: 0.0ms
[2026-03-25T22:13:10.980+0900][276.190s][info][gc,phases   ] GC(997)   Merge Heap Roots: 0.0ms
[2026-03-25T22:13:10.980+0900][276.190s][info][gc,phases   ] GC(997)   Evacuate Collection Set: 0.5ms
[2026-03-25T22:13:10.980+0900][276.190s][info][gc,phases   ] GC(997)   Post Evacuate Collection Set: 0.1ms
[2026-03-25T22:13:10.980+0900][276.190s][info][gc,phases   ] GC(997)   Other: 0.1ms
[2026-03-25T22:13:10.980+0900][276.190s][info][gc,heap     ] GC(997) Eden regions: 11->0(11)
[2026-03-25T22:13:10.980+0900][276.190s][info][gc,heap     ] GC(997) Survivor regions: 1->1(2)
[2026-03-25T22:13:10.980+0900][276.190s][info][gc,heap     ] GC(997) Old regions: 30->30
[2026-03-25T22:13:10.980+0900][276.190s][info][gc,heap     ] GC(997) Archive regions: 2->2
[2026-03-25T22:13:10.980+0900][276.190s][info][gc,heap     ] GC(997) Humongous regions: 24->24
[2026-03-25T22:13:10.980+0900][276.190s][info][gc,metaspace] GC(997) Metaspace: 104200K(105216K)->104200K(105216K) NonClass: 88931K(89472K)->88931K(89472K) Class: 15269K(15744K)->15269K(15744K)
[2026-03-25T22:13:10.980+0900][276.190s][info][gc          ] GC(997) Pause Young (Normal) (G1 Evacuation Pause) 260M->216M(308M) 0.886ms
[2026-03-25T22:13:10.980+0900][276.190s][info][gc,cpu      ] GC(997) User=0.00s Sys=0.00s Real=0.01s
[2026-03-25T22:13:11.372+0900][276.582s][info][gc,start    ] GC(998) Pause Young (Normal) (G1 Evacuation Pause)
[2026-03-25T22:13:11.372+0900][276.582s][info][gc,task     ] GC(998) Using 8 workers of 10 for evacuation
[2026-03-25T22:13:11.372+0900][276.583s][info][gc,phases   ] GC(998)   Pre Evacuate Collection Set: 0.1ms
[2026-03-25T22:13:11.373+0900][276.583s][info][gc,phases   ] GC(998)   Merge Heap Roots: 0.0ms
[2026-03-25T22:13:11.373+0900][276.583s][info][gc,phases   ] GC(998)   Evacuate Collection Set: 0.6ms
[2026-03-25T22:13:11.373+0900][276.583s][info][gc,phases   ] GC(998)   Post Evacuate Collection Set: 0.2ms
[2026-03-25T22:13:11.373+0900][276.583s][info][gc,phases   ] GC(998)   Other: 0.1ms
[2026-03-25T22:13:11.373+0900][276.583s][info][gc,heap     ] GC(998) Eden regions: 11->0(11)
[2026-03-25T22:13:11.373+0900][276.583s][info][gc,heap     ] GC(998) Survivor regions: 1->1(2)
[2026-03-25T22:13:11.373+0900][276.583s][info][gc,heap     ] GC(998) Old regions: 30->30
[2026-03-25T22:13:11.373+0900][276.583s][info][gc,heap     ] GC(998) Archive regions: 2->2
[2026-03-25T22:13:11.373+0900][276.583s][info][gc,heap     ] GC(998) Humongous regions: 24->24
[2026-03-25T22:13:11.373+0900][276.583s][info][gc,metaspace] GC(998) Metaspace: 104200K(105216K)->104200K(105216K) NonClass: 88931K(89472K)->88931K(89472K) Class: 15269K(15744K)->15269K(15744K)
[2026-03-25T22:13:11.373+0900][276.583s][info][gc          ] GC(998) Pause Young (Normal) (G1 Evacuation Pause) 260M->216M(308M) 0.969ms
[2026-03-25T22:13:11.373+0900][276.583s][info][gc,cpu      ] GC(998) User=0.01s Sys=0.00s Real=0.00s
[2026-03-25T22:13:11.607+0900][276.818s][info][gc,start    ] GC(999) Pause Young (Normal) (G1 Evacuation Pause)
[2026-03-25T22:13:11.607+0900][276.818s][info][gc,task     ] GC(999) Using 8 workers of 10 for evacuation
[2026-03-25T22:13:11.608+0900][276.819s][info][gc,phases   ] GC(999)   Pre Evacuate Collection Set: 0.0ms
[2026-03-25T22:13:11.608+0900][276.819s][info][gc,phases   ] GC(999)   Merge Heap Roots: 0.0ms
[2026-03-25T22:13:11.608+0900][276.819s][info][gc,phases   ] GC(999)   Evacuate Collection Set: 0.6ms
[2026-03-25T22:13:11.608+0900][276.819s][info][gc,phases   ] GC(999)   Post Evacuate Collection Set: 0.1ms
[2026-03-25T22:13:11.608+0900][276.819s][info][gc,phases   ] GC(999)   Other: 0.1ms
[2026-03-25T22:13:11.608+0900][276.819s][info][gc,heap     ] GC(999) Eden regions: 11->0(11)
[2026-03-25T22:13:11.608+0900][276.819s][info][gc,heap     ] GC(999) Survivor regions: 1->1(2)
[2026-03-25T22:13:11.608+0900][276.819s][info][gc,heap     ] GC(999) Old regions: 30->30
[2026-03-25T22:13:11.608+0900][276.819s][info][gc,heap     ] GC(999) Archive regions: 2->2
[2026-03-25T22:13:11.608+0900][276.819s][info][gc,heap     ] GC(999) Humongous regions: 24->24
[2026-03-25T22:13:11.608+0900][276.819s][info][gc,metaspace] GC(999) Metaspace: 104200K(105216K)->104200K(105216K) NonClass: 88931K(89472K)->88931K(89472K) Class: 15269K(15744K)->15269K(15744K)
[2026-03-25T22:13:11.608+0900][276.819s][info][gc          ] GC(999) Pause Young (Normal) (G1 Evacuation Pause) 260M->217M(308M) 1.009ms
[2026-03-25T22:13:11.608+0900][276.819s][info][gc,cpu      ] GC(999) User=0.00s Sys=0.00s Real=0.00s
[2026-03-25T22:13:11.746+0900][276.956s][info][gc,start    ] GC(1000) Pause Young (Normal) (G1 Evacuation Pause)
[2026-03-25T22:13:11.746+0900][276.956s][info][gc,task     ] GC(1000) Using 8 workers of 10 for evacuation
[2026-03-25T22:13:11.747+0900][276.957s][info][gc,phases   ] GC(1000)   Pre Evacuate Collection Set: 0.1ms
[2026-03-25T22:13:11.747+0900][276.957s][info][gc,phases   ] GC(1000)   Merge Heap Roots: 0.0ms
[2026-03-25T22:13:11.747+0900][276.957s][info][gc,phases   ] GC(1000)   Evacuate Collection Set: 0.5ms
[2026-03-25T22:13:11.747+0900][276.957s][info][gc,phases   ] GC(1000)   Post Evacuate Collection Set: 0.1ms
[2026-03-25T22:13:11.747+0900][276.957s][info][gc,phases   ] GC(1000)   Other: 0.1ms
[2026-03-25T22:13:11.747+0900][276.957s][info][gc,heap     ] GC(1000) Eden regions: 11->0(11)
[2026-03-25T22:13:11.747+0900][276.957s][info][gc,heap     ] GC(1000) Survivor regions: 1->1(2)
[2026-03-25T22:13:11.747+0900][276.957s][info][gc,heap     ] GC(1000) Old regions: 30->30
[2026-03-25T22:13:11.747+0900][276.957s][info][gc,heap     ] GC(1000) Archive regions: 2->2
[2026-03-25T22:13:11.747+0900][276.957s][info][gc,heap     ] GC(1000) Humongous regions: 24->24
[2026-03-25T22:13:11.747+0900][276.957s][info][gc,metaspace] GC(1000) Metaspace: 104200K(105216K)->104200K(105216K) NonClass: 88931K(89472K)->88931K(89472K) Class: 15269K(15744K)->15269K(15744K)
[2026-03-25T22:13:11.747+0900][276.957s][info][gc          ] GC(1000) Pause Young (Normal) (G1 Evacuation Pause) 261M->216M(308M) 0.894ms
[2026-03-25T22:13:11.747+0900][276.957s][info][gc,cpu      ] GC(1000) User=0.00s Sys=0.01s Real=0.00s
[2026-03-25T22:13:11.974+0900][277.184s][info][gc,start    ] GC(1001) Pause Young (Normal) (G1 Evacuation Pause)
[2026-03-25T22:13:11.974+0900][277.184s][info][gc,task     ] GC(1001) Using 8 workers of 10 for evacuation
[2026-03-25T22:13:11.974+0900][277.185s][info][gc,phases   ] GC(1001)   Pre Evacuate Collection Set: 0.0ms
[2026-03-25T22:13:11.974+0900][277.185s][info][gc,phases   ] GC(1001)   Merge Heap Roots: 0.0ms
[2026-03-25T22:13:11.974+0900][277.185s][info][gc,phases   ] GC(1001)   Evacuate Collection Set: 0.5ms
[2026-03-25T22:13:11.974+0900][277.185s][info][gc,phases   ] GC(1001)   Post Evacuate Collection Set: 0.2ms
[2026-03-25T22:13:11.974+0900][277.185s][info][gc,phases   ] GC(1001)   Other: 0.1ms
[2026-03-25T22:13:11.974+0900][277.185s][info][gc,heap     ] GC(1001) Eden regions: 11->0(11)
[2026-03-25T22:13:11.974+0900][277.185s][info][gc,heap     ] GC(1001) Survivor regions: 1->1(2)
[2026-03-25T22:13:11.974+0900][277.185s][info][gc,heap     ] GC(1001) Old regions: 30->30
[2026-03-25T22:13:11.974+0900][277.185s][info][gc,heap     ] GC(1001) Archive regions: 2->2
[2026-03-25T22:13:11.974+0900][277.185s][info][gc,heap     ] GC(1001) Humongous regions: 24->24
[2026-03-25T22:13:11.974+0900][277.185s][info][gc,metaspace] GC(1001) Metaspace: 104200K(105216K)->104200K(105216K) NonClass: 88931K(89472K)->88931K(89472K) Class: 15269K(15744K)->15269K(15744K)
[2026-03-25T22:13:11.974+0900][277.185s][info][gc          ] GC(1001) Pause Young (Normal) (G1 Evacuation Pause) 260M->216M(308M) 0.910ms
[2026-03-25T22:13:11.974+0900][277.185s][info][gc,cpu      ] GC(1001) User=0.00s Sys=0.01s Real=0.00s
[2026-03-25T22:13:12.136+0900][277.347s][info][gc,start    ] GC(1002) Pause Young (Normal) (G1 Evacuation Pause)
[2026-03-25T22:13:12.136+0900][277.347s][info][gc,task     ] GC(1002) Using 8 workers of 10 for evacuation
[2026-03-25T22:13:12.137+0900][277.348s][info][gc,phases   ] GC(1002)   Pre Evacuate Collection Set: 0.1ms
[2026-03-25T22:13:12.137+0900][277.348s][info][gc,phases   ] GC(1002)   Merge Heap Roots: 0.0ms
[2026-03-25T22:13:12.137+0900][277.348s][info][gc,phases   ] GC(1002)   Evacuate Collection Set: 0.5ms
[2026-03-25T22:13:12.137+0900][277.348s][info][gc,phases   ] GC(1002)   Post Evacuate Collection Set: 0.2ms
[2026-03-25T22:13:12.137+0900][277.348s][info][gc,phases   ] GC(1002)   Other: 0.1ms
[2026-03-25T22:13:12.137+0900][277.348s][info][gc,heap     ] GC(1002) Eden regions: 11->0(11)
[2026-03-25T22:13:12.137+0900][277.348s][info][gc,heap     ] GC(1002) Survivor regions: 1->1(2)
[2026-03-25T22:13:12.137+0900][277.348s][info][gc,heap     ] GC(1002) Old regions: 30->30
[2026-03-25T22:13:12.137+0900][277.348s][info][gc,heap     ] GC(1002) Archive regions: 2->2
[2026-03-25T22:13:12.137+0900][277.348s][info][gc,heap     ] GC(1002) Humongous regions: 24->24
[2026-03-25T22:13:12.137+0900][277.348s][info][gc,metaspace] GC(1002) Metaspace: 104200K(105216K)->104200K(105216K) NonClass: 88931K(89472K)->88931K(89472K) Class: 15269K(15744K)->15269K(15744K)
[2026-03-25T22:13:12.137+0900][277.348s][info][gc          ] GC(1002) Pause Young (Normal) (G1 Evacuation Pause) 260M->217M(308M) 0.946ms
[2026-03-25T22:13:12.137+0900][277.348s][info][gc,cpu      ] GC(1002) User=0.00s Sys=0.00s Real=0.00s
[2026-03-25T22:13:12.280+0900][277.491s][info][gc,start    ] GC(1003) Pause Young (Normal) (G1 Evacuation Pause)
[2026-03-25T22:13:12.280+0900][277.491s][info][gc,task     ] GC(1003) Using 8 workers of 10 for evacuation
[2026-03-25T22:13:12.281+0900][277.492s][info][gc,phases   ] GC(1003)   Pre Evacuate Collection Set: 0.0ms
[2026-03-25T22:13:12.281+0900][277.492s][info][gc,phases   ] GC(1003)   Merge Heap Roots: 0.0ms
[2026-03-25T22:13:12.281+0900][277.492s][info][gc,phases   ] GC(1003)   Evacuate Collection Set: 0.5ms
[2026-03-25T22:13:12.281+0900][277.492s][info][gc,phases   ] GC(1003)   Post Evacuate Collection Set: 0.1ms
[2026-03-25T22:13:12.281+0900][277.492s][info][gc,phases   ] GC(1003)   Other: 0.1ms
[2026-03-25T22:13:12.281+0900][277.492s][info][gc,heap     ] GC(1003) Eden regions: 11->0(11)
[2026-03-25T22:13:12.281+0900][277.492s][info][gc,heap     ] GC(1003) Survivor regions: 1->1(2)
[2026-03-25T22:13:12.281+0900][277.492s][info][gc,heap     ] GC(1003) Old regions: 30->30
[2026-03-25T22:13:12.281+0900][277.492s][info][gc,heap     ] GC(1003) Archive regions: 2->2
[2026-03-25T22:13:12.281+0900][277.492s][info][gc,heap     ] GC(1003) Humongous regions: 24->24
[2026-03-25T22:13:12.281+0900][277.492s][info][gc,metaspace] GC(1003) Metaspace: 104200K(105216K)->104200K(105216K) NonClass: 88931K(89472K)->88931K(89472K) Class: 15269K(15744K)->15269K(15744K)
[2026-03-25T22:13:12.281+0900][277.492s][info][gc          ] GC(1003) Pause Young (Normal) (G1 Evacuation Pause) 261M->217M(308M) 0.842ms
[2026-03-25T22:13:12.281+0900][277.492s][info][gc,cpu      ] GC(1003) User=0.01s Sys=0.00s Real=0.00s
[2026-03-25T22:13:12.463+0900][277.674s][info][gc,start    ] GC(1004) Pause Young (Normal) (G1 Evacuation Pause)
[2026-03-25T22:13:12.464+0900][277.674s][info][gc,task     ] GC(1004) Using 8 workers of 10 for evacuation
[2026-03-25T22:13:12.464+0900][277.675s][info][gc,phases   ] GC(1004)   Pre Evacuate Collection Set: 0.1ms
[2026-03-25T22:13:12.464+0900][277.675s][info][gc,phases   ] GC(1004)   Merge Heap Roots: 0.0ms
[2026-03-25T22:13:12.464+0900][277.675s][info][gc,phases   ] GC(1004)   Evacuate Collection Set: 0.5ms
[2026-03-25T22:13:12.464+0900][277.675s][info][gc,phases   ] GC(1004)   Post Evacuate Collection Set: 0.1ms
[2026-03-25T22:13:12.464+0900][277.675s][info][gc,phases   ] GC(1004)   Other: 0.1ms
[2026-03-25T22:13:12.464+0900][277.675s][info][gc,heap     ] GC(1004) Eden regions: 11->0(11)
[2026-03-25T22:13:12.464+0900][277.675s][info][gc,heap     ] GC(1004) Survivor regions: 1->1(2)
[2026-03-25T22:13:12.464+0900][277.675s][info][gc,heap     ] GC(1004) Old regions: 30->30
[2026-03-25T22:13:12.464+0900][277.675s][info][gc,heap     ] GC(1004) Archive regions: 2->2
[2026-03-25T22:13:12.464+0900][277.675s][info][gc,heap     ] GC(1004) Humongous regions: 24->24
[2026-03-25T22:13:12.464+0900][277.675s][info][gc,metaspace] GC(1004) Metaspace: 104200K(105216K)->104200K(105216K) NonClass: 88931K(89472K)->88931K(89472K) Class: 15269K(15744K)->15269K(15744K)
[2026-03-25T22:13:12.464+0900][277.675s][info][gc          ] GC(1004) Pause Young (Normal) (G1 Evacuation Pause) 261M->216M(308M) 0.823ms
[2026-03-25T22:13:12.464+0900][277.675s][info][gc,cpu      ] GC(1004) User=0.00s Sys=0.00s Real=0.00s
[2026-03-25T22:13:12.705+0900][277.916s][info][gc,start    ] GC(1005) Pause Young (Normal) (G1 Evacuation Pause)
[2026-03-25T22:13:12.705+0900][277.916s][info][gc,task     ] GC(1005) Using 8 workers of 10 for evacuation
[2026-03-25T22:13:12.706+0900][277.917s][info][gc,phases   ] GC(1005)   Pre Evacuate Collection Set: 0.1ms
[2026-03-25T22:13:12.707+0900][277.917s][info][gc,phases   ] GC(1005)   Merge Heap Roots: 0.0ms
[2026-03-25T22:13:12.707+0900][277.917s][info][gc,phases   ] GC(1005)   Evacuate Collection Set: 0.8ms
[2026-03-25T22:13:12.707+0900][277.917s][info][gc,phases   ] GC(1005)   Post Evacuate Collection Set: 0.2ms
[2026-03-25T22:13:12.707+0900][277.917s][info][gc,phases   ] GC(1005)   Other: 0.1ms
[2026-03-25T22:13:12.707+0900][277.917s][info][gc,heap     ] GC(1005) Eden regions: 11->0(11)
[2026-03-25T22:13:12.707+0900][277.917s][info][gc,heap     ] GC(1005) Survivor regions: 1->1(2)
[2026-03-25T22:13:12.707+0900][277.917s][info][gc,heap     ] GC(1005) Old regions: 30->30
[2026-03-25T22:13:12.707+0900][277.917s][info][gc,heap     ] GC(1005) Archive regions: 2->2
[2026-03-25T22:13:12.707+0900][277.917s][info][gc,heap     ] GC(1005) Humongous regions: 24->24
[2026-03-25T22:13:12.707+0900][277.917s][info][gc,metaspace] GC(1005) Metaspace: 104200K(105216K)->104200K(105216K) NonClass: 88931K(89472K)->88931K(89472K) Class: 15269K(15744K)->15269K(15744K)
[2026-03-25T22:13:12.707+0900][277.917s][info][gc          ] GC(1005) Pause Young (Normal) (G1 Evacuation Pause) 260M->217M(308M) 1.192ms
[2026-03-25T22:13:12.707+0900][277.917s][info][gc,cpu      ] GC(1005) User=0.01s Sys=0.00s Real=0.00s
[2026-03-25T22:13:12.909+0900][278.119s][info][gc,start    ] GC(1006) Pause Young (Normal) (G1 Evacuation Pause)
[2026-03-25T22:13:12.909+0900][278.119s][info][gc,task     ] GC(1006) Using 8 workers of 10 for evacuation
[2026-03-25T22:13:12.909+0900][278.120s][info][gc,phases   ] GC(1006)   Pre Evacuate Collection Set: 0.1ms
[2026-03-25T22:13:12.909+0900][278.120s][info][gc,phases   ] GC(1006)   Merge Heap Roots: 0.0ms
[2026-03-25T22:13:12.909+0900][278.120s][info][gc,phases   ] GC(1006)   Evacuate Collection Set: 0.4ms
[2026-03-25T22:13:12.909+0900][278.120s][info][gc,phases   ] GC(1006)   Post Evacuate Collection Set: 0.2ms
[2026-03-25T22:13:12.909+0900][278.120s][info][gc,phases   ] GC(1006)   Other: 0.1ms
[2026-03-25T22:13:12.909+0900][278.120s][info][gc,heap     ] GC(1006) Eden regions: 11->0(11)
[2026-03-25T22:13:12.909+0900][278.120s][info][gc,heap     ] GC(1006) Survivor regions: 1->1(2)
[2026-03-25T22:13:12.909+0900][278.120s][info][gc,heap     ] GC(1006) Old regions: 30->30
[2026-03-25T22:13:12.909+0900][278.120s][info][gc,heap     ] GC(1006) Archive regions: 2->2
[2026-03-25T22:13:12.909+0900][278.120s][info][gc,heap     ] GC(1006) Humongous regions: 24->24
[2026-03-25T22:13:12.909+0900][278.120s][info][gc,metaspace] GC(1006) Metaspace: 104200K(105216K)->104200K(105216K) NonClass: 88931K(89472K)->88931K(89472K) Class: 15269K(15744K)->15269K(15744K)
[2026-03-25T22:13:12.909+0900][278.120s][info][gc          ] GC(1006) Pause Young (Normal) (G1 Evacuation Pause) 261M->216M(308M) 0.833ms
[2026-03-25T22:13:12.909+0900][278.120s][info][gc,cpu      ] GC(1006) User=0.00s Sys=0.00s Real=0.00s
[2026-03-25T22:13:13.286+0900][278.496s][info][gc,start    ] GC(1007) Pause Young (Normal) (G1 Evacuation Pause)
[2026-03-25T22:13:13.286+0900][278.496s][info][gc,task     ] GC(1007) Using 8 workers of 10 for evacuation
[2026-03-25T22:13:13.287+0900][278.497s][info][gc,phases   ] GC(1007)   Pre Evacuate Collection Set: 0.1ms
[2026-03-25T22:13:13.287+0900][278.497s][info][gc,phases   ] GC(1007)   Merge Heap Roots: 0.0ms
[2026-03-25T22:13:13.287+0900][278.497s][info][gc,phases   ] GC(1007)   Evacuate Collection Set: 0.5ms
[2026-03-25T22:13:13.287+0900][278.497s][info][gc,phases   ] GC(1007)   Post Evacuate Collection Set: 0.2ms
[2026-03-25T22:13:13.287+0900][278.497s][info][gc,phases   ] GC(1007)   Other: 0.1ms
[2026-03-25T22:13:13.287+0900][278.497s][info][gc,heap     ] GC(1007) Eden regions: 11->0(11)
[2026-03-25T22:13:13.287+0900][278.497s][info][gc,heap     ] GC(1007) Survivor regions: 1->1(2)
[2026-03-25T22:13:13.287+0900][278.497s][info][gc,heap     ] GC(1007) Old regions: 30->30
[2026-03-25T22:13:13.287+0900][278.497s][info][gc,heap     ] GC(1007) Archive regions: 2->2
[2026-03-25T22:13:13.287+0900][278.497s][info][gc,heap     ] GC(1007) Humongous regions: 24->24
[2026-03-25T22:13:13.287+0900][278.497s][info][gc,metaspace] GC(1007) Metaspace: 104200K(105216K)->104200K(105216K) NonClass: 88931K(89472K)->88931K(89472K) Class: 15269K(15744K)->15269K(15744K)
[2026-03-25T22:13:13.287+0900][278.497s][info][gc          ] GC(1007) Pause Young (Normal) (G1 Evacuation Pause) 260M->216M(308M) 1.056ms
[2026-03-25T22:13:13.287+0900][278.497s][info][gc,cpu      ] GC(1007) User=0.00s Sys=0.00s Real=0.00s
[2026-03-25T22:13:13.460+0900][278.671s][info][gc,start    ] GC(1008) Pause Young (Normal) (G1 Evacuation Pause)
[2026-03-25T22:13:13.460+0900][278.671s][info][gc,task     ] GC(1008) Using 8 workers of 10 for evacuation
[2026-03-25T22:13:13.461+0900][278.672s][info][gc,phases   ] GC(1008)   Pre Evacuate Collection Set: 0.1ms
[2026-03-25T22:13:13.461+0900][278.672s][info][gc,phases   ] GC(1008)   Merge Heap Roots: 0.0ms
[2026-03-25T22:13:13.461+0900][278.672s][info][gc,phases   ] GC(1008)   Evacuate Collection Set: 0.5ms
[2026-03-25T22:13:13.461+0900][278.672s][info][gc,phases   ] GC(1008)   Post Evacuate Collection Set: 0.2ms
[2026-03-25T22:13:13.461+0900][278.672s][info][gc,phases   ] GC(1008)   Other: 0.1ms
[2026-03-25T22:13:13.461+0900][278.672s][info][gc,heap     ] GC(1008) Eden regions: 11->0(11)
[2026-03-25T22:13:13.461+0900][278.672s][info][gc,heap     ] GC(1008) Survivor regions: 1->1(2)
[2026-03-25T22:13:13.461+0900][278.672s][info][gc,heap     ] GC(1008) Old regions: 30->30
[2026-03-25T22:13:13.461+0900][278.672s][info][gc,heap     ] GC(1008) Archive regions: 2->2
[2026-03-25T22:13:13.461+0900][278.672s][info][gc,heap     ] GC(1008) Humongous regions: 24->24
[2026-03-25T22:13:13.461+0900][278.672s][info][gc,metaspace] GC(1008) Metaspace: 104200K(105216K)->104200K(105216K) NonClass: 88931K(89472K)->88931K(89472K) Class: 15269K(15744K)->15269K(15744K)
[2026-03-25T22:13:13.461+0900][278.672s][info][gc          ] GC(1008) Pause Young (Normal) (G1 Evacuation Pause) 260M->217M(308M) 0.954ms
[2026-03-25T22:13:13.461+0900][278.672s][info][gc,cpu      ] GC(1008) User=0.00s Sys=0.00s Real=0.00s
[2026-03-25T22:13:13.860+0900][279.071s][info][gc,start    ] GC(1009) Pause Young (Normal) (G1 Evacuation Pause)
[2026-03-25T22:13:13.860+0900][279.071s][info][gc,task     ] GC(1009) Using 8 workers of 10 for evacuation
[2026-03-25T22:13:13.861+0900][279.072s][info][gc,phases   ] GC(1009)   Pre Evacuate Collection Set: 0.1ms
[2026-03-25T22:13:13.861+0900][279.072s][info][gc,phases   ] GC(1009)   Merge Heap Roots: 0.1ms
[2026-03-25T22:13:13.861+0900][279.072s][info][gc,phases   ] GC(1009)   Evacuate Collection Set: 0.6ms
[2026-03-25T22:13:13.861+0900][279.072s][info][gc,phases   ] GC(1009)   Post Evacuate Collection Set: 0.2ms
[2026-03-25T22:13:13.861+0900][279.072s][info][gc,phases   ] GC(1009)   Other: 0.1ms
[2026-03-25T22:13:13.861+0900][279.072s][info][gc,heap     ] GC(1009) Eden regions: 11->0(11)
[2026-03-25T22:13:13.861+0900][279.072s][info][gc,heap     ] GC(1009) Survivor regions: 1->1(2)
[2026-03-25T22:13:13.861+0900][279.072s][info][gc,heap     ] GC(1009) Old regions: 30->30
[2026-03-25T22:13:13.861+0900][279.072s][info][gc,heap     ] GC(1009) Archive regions: 2->2
[2026-03-25T22:13:13.861+0900][279.072s][info][gc,heap     ] GC(1009) Humongous regions: 24->24
[2026-03-25T22:13:13.861+0900][279.072s][info][gc,metaspace] GC(1009) Metaspace: 104200K(105216K)->104200K(105216K) NonClass: 88931K(89472K)->88931K(89472K) Class: 15269K(15744K)->15269K(15744K)
[2026-03-25T22:13:13.861+0900][279.072s][info][gc          ] GC(1009) Pause Young (Normal) (G1 Evacuation Pause) 261M->217M(308M) 1.068ms
[2026-03-25T22:13:13.861+0900][279.072s][info][gc,cpu      ] GC(1009) User=0.00s Sys=0.00s Real=0.00s
[2026-03-25T22:13:14.271+0900][279.481s][info][gc,start    ] GC(1010) Pause Young (Normal) (G1 Evacuation Pause)
[2026-03-25T22:13:14.271+0900][279.481s][info][gc,task     ] GC(1010) Using 8 workers of 10 for evacuation
[2026-03-25T22:13:14.272+0900][279.482s][info][gc,phases   ] GC(1010)   Pre Evacuate Collection Set: 0.0ms
[2026-03-25T22:13:14.272+0900][279.482s][info][gc,phases   ] GC(1010)   Merge Heap Roots: 0.0ms
[2026-03-25T22:13:14.272+0900][279.482s][info][gc,phases   ] GC(1010)   Evacuate Collection Set: 0.5ms
[2026-03-25T22:13:14.272+0900][279.482s][info][gc,phases   ] GC(1010)   Post Evacuate Collection Set: 0.1ms
[2026-03-25T22:13:14.272+0900][279.482s][info][gc,phases   ] GC(1010)   Other: 0.1ms
[2026-03-25T22:13:14.272+0900][279.482s][info][gc,heap     ] GC(1010) Eden regions: 11->0(11)
[2026-03-25T22:13:14.272+0900][279.482s][info][gc,heap     ] GC(1010) Survivor regions: 1->1(2)
[2026-03-25T22:13:14.272+0900][279.482s][info][gc,heap     ] GC(1010) Old regions: 30->30
[2026-03-25T22:13:14.272+0900][279.482s][info][gc,heap     ] GC(1010) Archive regions: 2->2
[2026-03-25T22:13:14.272+0900][279.482s][info][gc,heap     ] GC(1010) Humongous regions: 24->24
[2026-03-25T22:13:14.272+0900][279.482s][info][gc,metaspace] GC(1010) Metaspace: 104200K(105216K)->104200K(105216K) NonClass: 88931K(89472K)->88931K(89472K) Class: 15269K(15744K)->15269K(15744K)
[2026-03-25T22:13:14.272+0900][279.482s][info][gc          ] GC(1010) Pause Young (Normal) (G1 Evacuation Pause) 261M->217M(308M) 0.918ms
[2026-03-25T22:13:14.272+0900][279.482s][info][gc,cpu      ] GC(1010) User=0.00s Sys=0.00s Real=0.00s
[2026-03-25T22:13:14.787+0900][279.998s][info][gc,start    ] GC(1011) Pause Young (Normal) (G1 Evacuation Pause)
[2026-03-25T22:13:14.787+0900][279.998s][info][gc,task     ] GC(1011) Using 8 workers of 10 for evacuation
[2026-03-25T22:13:14.788+0900][279.999s][info][gc,phases   ] GC(1011)   Pre Evacuate Collection Set: 0.0ms
[2026-03-25T22:13:14.788+0900][279.999s][info][gc,phases   ] GC(1011)   Merge Heap Roots: 0.1ms
[2026-03-25T22:13:14.788+0900][279.999s][info][gc,phases   ] GC(1011)   Evacuate Collection Set: 0.5ms
[2026-03-25T22:13:14.788+0900][279.999s][info][gc,phases   ] GC(1011)   Post Evacuate Collection Set: 0.1ms
[2026-03-25T22:13:14.788+0900][279.999s][info][gc,phases   ] GC(1011)   Other: 0.1ms
[2026-03-25T22:13:14.788+0900][279.999s][info][gc,heap     ] GC(1011) Eden regions: 11->0(11)
[2026-03-25T22:13:14.788+0900][279.999s][info][gc,heap     ] GC(1011) Survivor regions: 1->1(2)
[2026-03-25T22:13:14.788+0900][279.999s][info][gc,heap     ] GC(1011) Old regions: 30->30
[2026-03-25T22:13:14.788+0900][279.999s][info][gc,heap     ] GC(1011) Archive regions: 2->2
[2026-03-25T22:13:14.788+0900][279.999s][info][gc,heap     ] GC(1011) Humongous regions: 24->24
[2026-03-25T22:13:14.788+0900][279.999s][info][gc,metaspace] GC(1011) Metaspace: 104200K(105216K)->104200K(105216K) NonClass: 88931K(89472K)->88931K(89472K) Class: 15269K(15744K)->15269K(15744K)
[2026-03-25T22:13:14.788+0900][279.999s][info][gc          ] GC(1011) Pause Young (Normal) (G1 Evacuation Pause) 261M->217M(308M) 0.907ms
[2026-03-25T22:13:14.788+0900][279.999s][info][gc,cpu      ] GC(1011) User=0.00s Sys=0.00s Real=0.00s
[2026-03-25T22:13:15.160+0900][280.370s][info][gc,start    ] GC(1012) Pause Young (Normal) (G1 Evacuation Pause)
[2026-03-25T22:13:15.160+0900][280.371s][info][gc,task     ] GC(1012) Using 8 workers of 10 for evacuation
[2026-03-25T22:13:15.161+0900][280.371s][info][gc,phases   ] GC(1012)   Pre Evacuate Collection Set: 0.0ms
[2026-03-25T22:13:15.161+0900][280.371s][info][gc,phases   ] GC(1012)   Merge Heap Roots: 0.1ms
[2026-03-25T22:13:15.161+0900][280.371s][info][gc,phases   ] GC(1012)   Evacuate Collection Set: 0.5ms
[2026-03-25T22:13:15.161+0900][280.371s][info][gc,phases   ] GC(1012)   Post Evacuate Collection Set: 0.1ms
[2026-03-25T22:13:15.161+0900][280.371s][info][gc,phases   ] GC(1012)   Other: 0.1ms
[2026-03-25T22:13:15.161+0900][280.371s][info][gc,heap     ] GC(1012) Eden regions: 11->0(11)
[2026-03-25T22:13:15.161+0900][280.371s][info][gc,heap     ] GC(1012) Survivor regions: 1->1(2)
[2026-03-25T22:13:15.161+0900][280.371s][info][gc,heap     ] GC(1012) Old regions: 30->30
[2026-03-25T22:13:15.161+0900][280.371s][info][gc,heap     ] GC(1012) Archive regions: 2->2
[2026-03-25T22:13:15.161+0900][280.371s][info][gc,heap     ] GC(1012) Humongous regions: 24->24
[2026-03-25T22:13:15.161+0900][280.371s][info][gc,metaspace] GC(1012) Metaspace: 104200K(105216K)->104200K(105216K) NonClass: 88931K(89472K)->88931K(89472K) Class: 15269K(15744K)->15269K(15744K)
[2026-03-25T22:13:15.161+0900][280.371s][info][gc          ] GC(1012) Pause Young (Normal) (G1 Evacuation Pause) 261M->217M(308M) 0.922ms
[2026-03-25T22:13:15.161+0900][280.371s][info][gc,cpu      ] GC(1012) User=0.00s Sys=0.01s Real=0.00s
[2026-03-25T22:13:15.573+0900][280.784s][info][gc,start    ] GC(1013) Pause Young (Normal) (G1 Evacuation Pause)
[2026-03-25T22:13:15.573+0900][280.784s][info][gc,task     ] GC(1013) Using 8 workers of 10 for evacuation
[2026-03-25T22:13:15.574+0900][280.784s][info][gc,phases   ] GC(1013)   Pre Evacuate Collection Set: 0.1ms
[2026-03-25T22:13:15.574+0900][280.784s][info][gc,phases   ] GC(1013)   Merge Heap Roots: 0.1ms
[2026-03-25T22:13:15.574+0900][280.784s][info][gc,phases   ] GC(1013)   Evacuate Collection Set: 0.4ms
[2026-03-25T22:13:15.574+0900][280.784s][info][gc,phases   ] GC(1013)   Post Evacuate Collection Set: 0.1ms
[2026-03-25T22:13:15.574+0900][280.784s][info][gc,phases   ] GC(1013)   Other: 0.1ms
[2026-03-25T22:13:15.574+0900][280.784s][info][gc,heap     ] GC(1013) Eden regions: 11->0(11)
[2026-03-25T22:13:15.574+0900][280.784s][info][gc,heap     ] GC(1013) Survivor regions: 1->1(2)
[2026-03-25T22:13:15.574+0900][280.784s][info][gc,heap     ] GC(1013) Old regions: 30->30
[2026-03-25T22:13:15.574+0900][280.784s][info][gc,heap     ] GC(1013) Archive regions: 2->2
[2026-03-25T22:13:15.574+0900][280.784s][info][gc,heap     ] GC(1013) Humongous regions: 24->24
[2026-03-25T22:13:15.574+0900][280.784s][info][gc,metaspace] GC(1013) Metaspace: 104200K(105216K)->104200K(105216K) NonClass: 88931K(89472K)->88931K(89472K) Class: 15269K(15744K)->15269K(15744K)
[2026-03-25T22:13:15.574+0900][280.784s][info][gc          ] GC(1013) Pause Young (Normal) (G1 Evacuation Pause) 261M->216M(308M) 0.810ms
[2026-03-25T22:13:15.574+0900][280.784s][info][gc,cpu      ] GC(1013) User=0.00s Sys=0.00s Real=0.00s
[2026-03-25T22:13:15.952+0900][281.163s][info][gc,start    ] GC(1014) Pause Young (Normal) (G1 Evacuation Pause)
[2026-03-25T22:13:15.953+0900][281.163s][info][gc,task     ] GC(1014) Using 8 workers of 10 for evacuation
[2026-03-25T22:13:15.953+0900][281.164s][info][gc,phases   ] GC(1014)   Pre Evacuate Collection Set: 0.1ms
[2026-03-25T22:13:15.953+0900][281.164s][info][gc,phases   ] GC(1014)   Merge Heap Roots: 0.1ms
[2026-03-25T22:13:15.953+0900][281.164s][info][gc,phases   ] GC(1014)   Evacuate Collection Set: 0.5ms
[2026-03-25T22:13:15.953+0900][281.164s][info][gc,phases   ] GC(1014)   Post Evacuate Collection Set: 0.1ms
[2026-03-25T22:13:15.953+0900][281.164s][info][gc,phases   ] GC(1014)   Other: 0.1ms
[2026-03-25T22:13:15.953+0900][281.164s][info][gc,heap     ] GC(1014) Eden regions: 11->0(11)
[2026-03-25T22:13:15.953+0900][281.164s][info][gc,heap     ] GC(1014) Survivor regions: 1->1(2)
[2026-03-25T22:13:15.953+0900][281.164s][info][gc,heap     ] GC(1014) Old regions: 30->30
[2026-03-25T22:13:15.953+0900][281.164s][info][gc,heap     ] GC(1014) Archive regions: 2->2
[2026-03-25T22:13:15.953+0900][281.164s][info][gc,heap     ] GC(1014) Humongous regions: 24->24
[2026-03-25T22:13:15.953+0900][281.164s][info][gc,metaspace] GC(1014) Metaspace: 104200K(105216K)->104200K(105216K) NonClass: 88931K(89472K)->88931K(89472K) Class: 15269K(15744K)->15269K(15744K)
[2026-03-25T22:13:15.953+0900][281.164s][info][gc          ] GC(1014) Pause Young (Normal) (G1 Evacuation Pause) 260M->217M(308M) 0.878ms
[2026-03-25T22:13:15.953+0900][281.164s][info][gc,cpu      ] GC(1014) User=0.00s Sys=0.00s Real=0.00s
[2026-03-25T22:13:16.330+0900][281.540s][info][gc,start    ] GC(1015) Pause Young (Normal) (G1 Evacuation Pause)
[2026-03-25T22:13:16.330+0900][281.540s][info][gc,task     ] GC(1015) Using 8 workers of 10 for evacuation
[2026-03-25T22:13:16.331+0900][281.541s][info][gc,phases   ] GC(1015)   Pre Evacuate Collection Set: 0.1ms
[2026-03-25T22:13:16.331+0900][281.541s][info][gc,phases   ] GC(1015)   Merge Heap Roots: 0.0ms
[2026-03-25T22:13:16.331+0900][281.541s][info][gc,phases   ] GC(1015)   Evacuate Collection Set: 0.5ms
[2026-03-25T22:13:16.331+0900][281.541s][info][gc,phases   ] GC(1015)   Post Evacuate Collection Set: 0.1ms
[2026-03-25T22:13:16.331+0900][281.541s][info][gc,phases   ] GC(1015)   Other: 0.1ms
[2026-03-25T22:13:16.331+0900][281.541s][info][gc,heap     ] GC(1015) Eden regions: 11->0(11)
[2026-03-25T22:13:16.331+0900][281.541s][info][gc,heap     ] GC(1015) Survivor regions: 1->1(2)
[2026-03-25T22:13:16.331+0900][281.541s][info][gc,heap     ] GC(1015) Old regions: 30->30
[2026-03-25T22:13:16.331+0900][281.541s][info][gc,heap     ] GC(1015) Archive regions: 2->2
[2026-03-25T22:13:16.331+0900][281.541s][info][gc,heap     ] GC(1015) Humongous regions: 24->24
[2026-03-25T22:13:16.331+0900][281.541s][info][gc,metaspace] GC(1015) Metaspace: 104200K(105216K)->104200K(105216K) NonClass: 88931K(89472K)->88931K(89472K) Class: 15269K(15744K)->15269K(15744K)
[2026-03-25T22:13:16.331+0900][281.541s][info][gc          ] GC(1015) Pause Young (Normal) (G1 Evacuation Pause) 261M->216M(308M) 0.871ms
[2026-03-25T22:13:16.331+0900][281.541s][info][gc,cpu      ] GC(1015) User=0.01s Sys=0.00s Real=0.00s
[2026-03-25T22:13:16.693+0900][281.904s][info][gc,start    ] GC(1016) Pause Young (Normal) (G1 Evacuation Pause)
[2026-03-25T22:13:16.693+0900][281.904s][info][gc,task     ] GC(1016) Using 8 workers of 10 for evacuation
[2026-03-25T22:13:16.694+0900][281.904s][info][gc,phases   ] GC(1016)   Pre Evacuate Collection Set: 0.0ms
[2026-03-25T22:13:16.694+0900][281.904s][info][gc,phases   ] GC(1016)   Merge Heap Roots: 0.0ms
[2026-03-25T22:13:16.694+0900][281.904s][info][gc,phases   ] GC(1016)   Evacuate Collection Set: 0.4ms
[2026-03-25T22:13:16.694+0900][281.904s][info][gc,phases   ] GC(1016)   Post Evacuate Collection Set: 0.1ms
[2026-03-25T22:13:16.694+0900][281.905s][info][gc,phases   ] GC(1016)   Other: 0.1ms
[2026-03-25T22:13:16.694+0900][281.905s][info][gc,heap     ] GC(1016) Eden regions: 11->0(11)
[2026-03-25T22:13:16.694+0900][281.905s][info][gc,heap     ] GC(1016) Survivor regions: 1->1(2)
[2026-03-25T22:13:16.694+0900][281.905s][info][gc,heap     ] GC(1016) Old regions: 30->30
[2026-03-25T22:13:16.694+0900][281.905s][info][gc,heap     ] GC(1016) Archive regions: 2->2
[2026-03-25T22:13:16.694+0900][281.905s][info][gc,heap     ] GC(1016) Humongous regions: 24->24
[2026-03-25T22:13:16.694+0900][281.905s][info][gc,metaspace] GC(1016) Metaspace: 104200K(105216K)->104200K(105216K) NonClass: 88931K(89472K)->88931K(89472K) Class: 15269K(15744K)->15269K(15744K)
[2026-03-25T22:13:16.694+0900][281.905s][info][gc          ] GC(1016) Pause Young (Normal) (G1 Evacuation Pause) 260M->216M(308M) 0.777ms
[2026-03-25T22:13:16.694+0900][281.905s][info][gc,cpu      ] GC(1016) User=0.01s Sys=0.00s Real=0.00s
[2026-03-25T22:13:16.945+0900][282.156s][info][gc,start    ] GC(1017) Pause Young (Normal) (G1 Evacuation Pause)
[2026-03-25T22:13:16.945+0900][282.156s][info][gc,task     ] GC(1017) Using 8 workers of 10 for evacuation
[2026-03-25T22:13:16.946+0900][282.156s][info][gc,phases   ] GC(1017)   Pre Evacuate Collection Set: 0.0ms
[2026-03-25T22:13:16.946+0900][282.156s][info][gc,phases   ] GC(1017)   Merge Heap Roots: 0.0ms
[2026-03-25T22:13:16.946+0900][282.156s][info][gc,phases   ] GC(1017)   Evacuate Collection Set: 0.4ms
[2026-03-25T22:13:16.946+0900][282.156s][info][gc,phases   ] GC(1017)   Post Evacuate Collection Set: 0.1ms
[2026-03-25T22:13:16.946+0900][282.156s][info][gc,phases   ] GC(1017)   Other: 0.1ms
[2026-03-25T22:13:16.946+0900][282.156s][info][gc,heap     ] GC(1017) Eden regions: 11->0(11)
[2026-03-25T22:13:16.946+0900][282.156s][info][gc,heap     ] GC(1017) Survivor regions: 1->1(2)
[2026-03-25T22:13:16.946+0900][282.156s][info][gc,heap     ] GC(1017) Old regions: 30->30
[2026-03-25T22:13:16.946+0900][282.156s][info][gc,heap     ] GC(1017) Archive regions: 2->2
[2026-03-25T22:13:16.946+0900][282.156s][info][gc,heap     ] GC(1017) Humongous regions: 24->24
[2026-03-25T22:13:16.946+0900][282.156s][info][gc,metaspace] GC(1017) Metaspace: 104200K(105216K)->104200K(105216K) NonClass: 88931K(89472K)->88931K(89472K) Class: 15269K(15744K)->15269K(15744K)
[2026-03-25T22:13:16.946+0900][282.156s][info][gc          ] GC(1017) Pause Young (Normal) (G1 Evacuation Pause) 260M->217M(308M) 0.758ms
[2026-03-25T22:13:16.946+0900][282.156s][info][gc,cpu      ] GC(1017) User=0.00s Sys=0.00s Real=0.00s
[2026-03-25T22:13:17.120+0900][282.330s][info][gc,start    ] GC(1018) Pause Young (Normal) (G1 Evacuation Pause)
[2026-03-25T22:13:17.120+0900][282.331s][info][gc,task     ] GC(1018) Using 8 workers of 10 for evacuation
[2026-03-25T22:13:17.121+0900][282.331s][info][gc,phases   ] GC(1018)   Pre Evacuate Collection Set: 0.0ms
[2026-03-25T22:13:17.121+0900][282.331s][info][gc,phases   ] GC(1018)   Merge Heap Roots: 0.0ms
[2026-03-25T22:13:17.121+0900][282.331s][info][gc,phases   ] GC(1018)   Evacuate Collection Set: 0.4ms
[2026-03-25T22:13:17.121+0900][282.331s][info][gc,phases   ] GC(1018)   Post Evacuate Collection Set: 0.1ms
[2026-03-25T22:13:17.121+0900][282.331s][info][gc,phases   ] GC(1018)   Other: 0.1ms
[2026-03-25T22:13:17.121+0900][282.331s][info][gc,heap     ] GC(1018) Eden regions: 11->0(11)
[2026-03-25T22:13:17.121+0900][282.331s][info][gc,heap     ] GC(1018) Survivor regions: 1->1(2)
[2026-03-25T22:13:17.121+0900][282.331s][info][gc,heap     ] GC(1018) Old regions: 30->30
[2026-03-25T22:13:17.121+0900][282.331s][info][gc,heap     ] GC(1018) Archive regions: 2->2
[2026-03-25T22:13:17.121+0900][282.331s][info][gc,heap     ] GC(1018) Humongous regions: 24->24
[2026-03-25T22:13:17.121+0900][282.331s][info][gc,metaspace] GC(1018) Metaspace: 104200K(105216K)->104200K(105216K) NonClass: 88931K(89472K)->88931K(89472K) Class: 15269K(15744K)->15269K(15744K)
[2026-03-25T22:13:17.121+0900][282.331s][info][gc          ] GC(1018) Pause Young (Normal) (G1 Evacuation Pause) 261M->216M(308M) 0.736ms
[2026-03-25T22:13:17.121+0900][282.331s][info][gc,cpu      ] GC(1018) User=0.00s Sys=0.00s Real=0.00s
[2026-03-25T22:13:17.404+0900][282.614s][info][gc,start    ] GC(1019) Pause Young (Normal) (G1 Evacuation Pause)
[2026-03-25T22:13:17.404+0900][282.614s][info][gc,task     ] GC(1019) Using 8 workers of 10 for evacuation
[2026-03-25T22:13:17.405+0900][282.615s][info][gc,phases   ] GC(1019)   Pre Evacuate Collection Set: 0.1ms
[2026-03-25T22:13:17.405+0900][282.615s][info][gc,phases   ] GC(1019)   Merge Heap Roots: 0.1ms
[2026-03-25T22:13:17.405+0900][282.615s][info][gc,phases   ] GC(1019)   Evacuate Collection Set: 0.6ms
[2026-03-25T22:13:17.405+0900][282.615s][info][gc,phases   ] GC(1019)   Post Evacuate Collection Set: 0.2ms
[2026-03-25T22:13:17.405+0900][282.615s][info][gc,phases   ] GC(1019)   Other: 0.1ms
[2026-03-25T22:13:17.405+0900][282.615s][info][gc,heap     ] GC(1019) Eden regions: 11->0(11)
[2026-03-25T22:13:17.405+0900][282.615s][info][gc,heap     ] GC(1019) Survivor regions: 1->1(2)
[2026-03-25T22:13:17.405+0900][282.615s][info][gc,heap     ] GC(1019) Old regions: 30->30
[2026-03-25T22:13:17.405+0900][282.615s][info][gc,heap     ] GC(1019) Archive regions: 2->2
[2026-03-25T22:13:17.405+0900][282.615s][info][gc,heap     ] GC(1019) Humongous regions: 24->24
[2026-03-25T22:13:17.405+0900][282.615s][info][gc,metaspace] GC(1019) Metaspace: 104200K(105216K)->104200K(105216K) NonClass: 88931K(89472K)->88931K(89472K) Class: 15269K(15744K)->15269K(15744K)
[2026-03-25T22:13:17.405+0900][282.615s][info][gc          ] GC(1019) Pause Young (Normal) (G1 Evacuation Pause) 260M->217M(308M) 1.038ms
[2026-03-25T22:13:17.405+0900][282.615s][info][gc,cpu      ] GC(1019) User=0.01s Sys=0.00s Real=0.00s
[2026-03-25T22:13:17.573+0900][282.784s][info][gc,start    ] GC(1020) Pause Young (Normal) (G1 Evacuation Pause)
[2026-03-25T22:13:17.573+0900][282.784s][info][gc,task     ] GC(1020) Using 8 workers of 10 for evacuation
[2026-03-25T22:13:17.574+0900][282.785s][info][gc,phases   ] GC(1020)   Pre Evacuate Collection Set: 0.0ms
[2026-03-25T22:13:17.574+0900][282.785s][info][gc,phases   ] GC(1020)   Merge Heap Roots: 0.1ms
[2026-03-25T22:13:17.574+0900][282.785s][info][gc,phases   ] GC(1020)   Evacuate Collection Set: 0.7ms
[2026-03-25T22:13:17.574+0900][282.785s][info][gc,phases   ] GC(1020)   Post Evacuate Collection Set: 0.1ms
[2026-03-25T22:13:17.574+0900][282.785s][info][gc,phases   ] GC(1020)   Other: 0.1ms
[2026-03-25T22:13:17.574+0900][282.785s][info][gc,heap     ] GC(1020) Eden regions: 11->0(11)
[2026-03-25T22:13:17.574+0900][282.785s][info][gc,heap     ] GC(1020) Survivor regions: 1->1(2)
[2026-03-25T22:13:17.574+0900][282.785s][info][gc,heap     ] GC(1020) Old regions: 30->30
[2026-03-25T22:13:17.574+0900][282.785s][info][gc,heap     ] GC(1020) Archive regions: 2->2
[2026-03-25T22:13:17.574+0900][282.785s][info][gc,heap     ] GC(1020) Humongous regions: 24->24
[2026-03-25T22:13:17.574+0900][282.785s][info][gc,metaspace] GC(1020) Metaspace: 104200K(105216K)->104200K(105216K) NonClass: 88931K(89472K)->88931K(89472K) Class: 15269K(15744K)->15269K(15744K)
[2026-03-25T22:13:17.574+0900][282.785s][info][gc          ] GC(1020) Pause Young (Normal) (G1 Evacuation Pause) 261M->217M(308M) 1.074ms
[2026-03-25T22:13:17.574+0900][282.785s][info][gc,cpu      ] GC(1020) User=0.00s Sys=0.00s Real=0.00s
[2026-03-25T22:13:17.737+0900][282.947s][info][gc,start    ] GC(1021) Pause Young (Normal) (G1 Evacuation Pause)
[2026-03-25T22:13:17.737+0900][282.947s][info][gc,task     ] GC(1021) Using 8 workers of 10 for evacuation
[2026-03-25T22:13:17.738+0900][282.948s][info][gc,phases   ] GC(1021)   Pre Evacuate Collection Set: 0.1ms
[2026-03-25T22:13:17.738+0900][282.949s][info][gc,phases   ] GC(1021)   Merge Heap Roots: 0.1ms
[2026-03-25T22:13:17.738+0900][282.949s][info][gc,phases   ] GC(1021)   Evacuate Collection Set: 0.7ms
[2026-03-25T22:13:17.738+0900][282.949s][info][gc,phases   ] GC(1021)   Post Evacuate Collection Set: 0.2ms
[2026-03-25T22:13:17.738+0900][282.949s][info][gc,phases   ] GC(1021)   Other: 0.1ms
[2026-03-25T22:13:17.738+0900][282.949s][info][gc,heap     ] GC(1021) Eden regions: 11->0(11)
[2026-03-25T22:13:17.738+0900][282.949s][info][gc,heap     ] GC(1021) Survivor regions: 1->1(2)
[2026-03-25T22:13:17.738+0900][282.949s][info][gc,heap     ] GC(1021) Old regions: 30->30
[2026-03-25T22:13:17.738+0900][282.949s][info][gc,heap     ] GC(1021) Archive regions: 2->2
[2026-03-25T22:13:17.738+0900][282.949s][info][gc,heap     ] GC(1021) Humongous regions: 24->24
[2026-03-25T22:13:17.738+0900][282.949s][info][gc,metaspace] GC(1021) Metaspace: 104200K(105216K)->104200K(105216K) NonClass: 88931K(89472K)->88931K(89472K) Class: 15269K(15744K)->15269K(15744K)
[2026-03-25T22:13:17.738+0900][282.949s][info][gc          ] GC(1021) Pause Young (Normal) (G1 Evacuation Pause) 261M->217M(308M) 1.247ms
[2026-03-25T22:13:17.738+0900][282.949s][info][gc,cpu      ] GC(1021) User=0.01s Sys=0.00s Real=0.00s
[2026-03-25T22:13:18.123+0900][283.333s][info][gc,start    ] GC(1022) Pause Young (Normal) (G1 Evacuation Pause)
[2026-03-25T22:13:18.123+0900][283.334s][info][gc,task     ] GC(1022) Using 8 workers of 10 for evacuation
[2026-03-25T22:13:18.124+0900][283.334s][info][gc,phases   ] GC(1022)   Pre Evacuate Collection Set: 0.0ms
[2026-03-25T22:13:18.124+0900][283.334s][info][gc,phases   ] GC(1022)   Merge Heap Roots: 0.1ms
[2026-03-25T22:13:18.124+0900][283.334s][info][gc,phases   ] GC(1022)   Evacuate Collection Set: 0.4ms
[2026-03-25T22:13:18.124+0900][283.334s][info][gc,phases   ] GC(1022)   Post Evacuate Collection Set: 0.1ms
[2026-03-25T22:13:18.124+0900][283.334s][info][gc,phases   ] GC(1022)   Other: 0.1ms
[2026-03-25T22:13:18.124+0900][283.334s][info][gc,heap     ] GC(1022) Eden regions: 11->0(11)
[2026-03-25T22:13:18.124+0900][283.334s][info][gc,heap     ] GC(1022) Survivor regions: 1->1(2)
[2026-03-25T22:13:18.124+0900][283.334s][info][gc,heap     ] GC(1022) Old regions: 30->30
[2026-03-25T22:13:18.124+0900][283.334s][info][gc,heap     ] GC(1022) Archive regions: 2->2
[2026-03-25T22:13:18.124+0900][283.334s][info][gc,heap     ] GC(1022) Humongous regions: 24->24
[2026-03-25T22:13:18.124+0900][283.334s][info][gc,metaspace] GC(1022) Metaspace: 104200K(105216K)->104200K(105216K) NonClass: 88931K(89472K)->88931K(89472K) Class: 15269K(15744K)->15269K(15744K)
[2026-03-25T22:13:18.124+0900][283.334s][info][gc          ] GC(1022) Pause Young (Normal) (G1 Evacuation Pause) 261M->217M(308M) 0.823ms
[2026-03-25T22:13:18.124+0900][283.334s][info][gc,cpu      ] GC(1022) User=0.01s Sys=0.00s Real=0.00s
[2026-03-25T22:13:18.614+0900][283.824s][info][gc,start    ] GC(1023) Pause Young (Normal) (G1 Evacuation Pause)
[2026-03-25T22:13:18.614+0900][283.824s][info][gc,task     ] GC(1023) Using 8 workers of 10 for evacuation
[2026-03-25T22:13:18.615+0900][283.826s][info][gc,phases   ] GC(1023)   Pre Evacuate Collection Set: 0.1ms
[2026-03-25T22:13:18.615+0900][283.826s][info][gc,phases   ] GC(1023)   Merge Heap Roots: 0.1ms
[2026-03-25T22:13:18.615+0900][283.826s][info][gc,phases   ] GC(1023)   Evacuate Collection Set: 1.0ms
[2026-03-25T22:13:18.615+0900][283.826s][info][gc,phases   ] GC(1023)   Post Evacuate Collection Set: 0.3ms
[2026-03-25T22:13:18.615+0900][283.826s][info][gc,phases   ] GC(1023)   Other: 0.1ms
[2026-03-25T22:13:18.615+0900][283.826s][info][gc,heap     ] GC(1023) Eden regions: 11->0(11)
[2026-03-25T22:13:18.615+0900][283.826s][info][gc,heap     ] GC(1023) Survivor regions: 1->1(2)
[2026-03-25T22:13:18.615+0900][283.826s][info][gc,heap     ] GC(1023) Old regions: 30->30
[2026-03-25T22:13:18.615+0900][283.826s][info][gc,heap     ] GC(1023) Archive regions: 2->2
[2026-03-25T22:13:18.615+0900][283.826s][info][gc,heap     ] GC(1023) Humongous regions: 24->24
[2026-03-25T22:13:18.615+0900][283.826s][info][gc,metaspace] GC(1023) Metaspace: 104200K(105216K)->104200K(105216K) NonClass: 88931K(89472K)->88931K(89472K) Class: 15269K(15744K)->15269K(15744K)
[2026-03-25T22:13:18.615+0900][283.826s][info][gc          ] GC(1023) Pause Young (Normal) (G1 Evacuation Pause) 261M->217M(308M) 1.587ms
[2026-03-25T22:13:18.615+0900][283.826s][info][gc,cpu      ] GC(1023) User=0.01s Sys=0.00s Real=0.00s
[2026-03-25T22:13:18.933+0900][284.144s][info][gc,start    ] GC(1024) Pause Young (Normal) (G1 Evacuation Pause)
[2026-03-25T22:13:18.933+0900][284.144s][info][gc,task     ] GC(1024) Using 8 workers of 10 for evacuation
[2026-03-25T22:13:18.934+0900][284.145s][info][gc,phases   ] GC(1024)   Pre Evacuate Collection Set: 0.1ms
[2026-03-25T22:13:18.934+0900][284.145s][info][gc,phases   ] GC(1024)   Merge Heap Roots: 0.0ms
[2026-03-25T22:13:18.934+0900][284.145s][info][gc,phases   ] GC(1024)   Evacuate Collection Set: 0.5ms
[2026-03-25T22:13:18.934+0900][284.145s][info][gc,phases   ] GC(1024)   Post Evacuate Collection Set: 0.1ms
[2026-03-25T22:13:18.934+0900][284.145s][info][gc,phases   ] GC(1024)   Other: 0.1ms
[2026-03-25T22:13:18.934+0900][284.145s][info][gc,heap     ] GC(1024) Eden regions: 11->0(11)
[2026-03-25T22:13:18.934+0900][284.145s][info][gc,heap     ] GC(1024) Survivor regions: 1->1(2)
[2026-03-25T22:13:18.934+0900][284.145s][info][gc,heap     ] GC(1024) Old regions: 30->30
[2026-03-25T22:13:18.934+0900][284.145s][info][gc,heap     ] GC(1024) Archive regions: 2->2
[2026-03-25T22:13:18.934+0900][284.145s][info][gc,heap     ] GC(1024) Humongous regions: 24->24
[2026-03-25T22:13:18.934+0900][284.145s][info][gc,metaspace] GC(1024) Metaspace: 104200K(105216K)->104200K(105216K) NonClass: 88931K(89472K)->88931K(89472K) Class: 15269K(15744K)->15269K(15744K)
[2026-03-25T22:13:18.934+0900][284.145s][info][gc          ] GC(1024) Pause Young (Normal) (G1 Evacuation Pause) 261M->217M(308M) 0.865ms
[2026-03-25T22:13:18.934+0900][284.145s][info][gc,cpu      ] GC(1024) User=0.00s Sys=0.00s Real=0.00s
[2026-03-25T22:13:19.407+0900][284.617s][info][gc,start    ] GC(1025) Pause Young (Normal) (G1 Evacuation Pause)
[2026-03-25T22:13:19.407+0900][284.617s][info][gc,task     ] GC(1025) Using 8 workers of 10 for evacuation
[2026-03-25T22:13:19.408+0900][284.619s][info][gc,phases   ] GC(1025)   Pre Evacuate Collection Set: 0.1ms
[2026-03-25T22:13:19.408+0900][284.619s][info][gc,phases   ] GC(1025)   Merge Heap Roots: 0.1ms
[2026-03-25T22:13:19.408+0900][284.619s][info][gc,phases   ] GC(1025)   Evacuate Collection Set: 1.0ms
[2026-03-25T22:13:19.408+0900][284.619s][info][gc,phases   ] GC(1025)   Post Evacuate Collection Set: 0.2ms
[2026-03-25T22:13:19.409+0900][284.619s][info][gc,phases   ] GC(1025)   Other: 0.2ms
[2026-03-25T22:13:19.409+0900][284.619s][info][gc,heap     ] GC(1025) Eden regions: 11->0(11)
[2026-03-25T22:13:19.409+0900][284.619s][info][gc,heap     ] GC(1025) Survivor regions: 1->1(2)
[2026-03-25T22:13:19.409+0900][284.619s][info][gc,heap     ] GC(1025) Old regions: 30->30
[2026-03-25T22:13:19.409+0900][284.619s][info][gc,heap     ] GC(1025) Archive regions: 2->2
[2026-03-25T22:13:19.409+0900][284.619s][info][gc,heap     ] GC(1025) Humongous regions: 24->24
[2026-03-25T22:13:19.409+0900][284.619s][info][gc,metaspace] GC(1025) Metaspace: 104200K(105216K)->104200K(105216K) NonClass: 88931K(89472K)->88931K(89472K) Class: 15269K(15744K)->15269K(15744K)
[2026-03-25T22:13:19.409+0900][284.619s][info][gc          ] GC(1025) Pause Young (Normal) (G1 Evacuation Pause) 261M->217M(308M) 1.659ms
[2026-03-25T22:13:19.409+0900][284.619s][info][gc,cpu      ] GC(1025) User=0.01s Sys=0.00s Real=0.00s
[2026-03-25T22:13:20.125+0900][285.335s][info][gc,start    ] GC(1026) Pause Young (Normal) (G1 Evacuation Pause)
[2026-03-25T22:13:20.125+0900][285.335s][info][gc,task     ] GC(1026) Using 8 workers of 10 for evacuation
[2026-03-25T22:13:20.126+0900][285.336s][info][gc,phases   ] GC(1026)   Pre Evacuate Collection Set: 0.1ms
[2026-03-25T22:13:20.126+0900][285.336s][info][gc,phases   ] GC(1026)   Merge Heap Roots: 0.1ms
[2026-03-25T22:13:20.126+0900][285.336s][info][gc,phases   ] GC(1026)   Evacuate Collection Set: 0.6ms
[2026-03-25T22:13:20.126+0900][285.336s][info][gc,phases   ] GC(1026)   Post Evacuate Collection Set: 0.2ms
[2026-03-25T22:13:20.126+0900][285.336s][info][gc,phases   ] GC(1026)   Other: 0.1ms
[2026-03-25T22:13:20.126+0900][285.336s][info][gc,heap     ] GC(1026) Eden regions: 11->0(11)
[2026-03-25T22:13:20.126+0900][285.336s][info][gc,heap     ] GC(1026) Survivor regions: 1->1(2)
[2026-03-25T22:13:20.126+0900][285.336s][info][gc,heap     ] GC(1026) Old regions: 30->30
[2026-03-25T22:13:20.126+0900][285.336s][info][gc,heap     ] GC(1026) Archive regions: 2->2
[2026-03-25T22:13:20.126+0900][285.336s][info][gc,heap     ] GC(1026) Humongous regions: 24->24
[2026-03-25T22:13:20.126+0900][285.336s][info][gc,metaspace] GC(1026) Metaspace: 104200K(105216K)->104200K(105216K) NonClass: 88931K(89472K)->88931K(89472K) Class: 15269K(15744K)->15269K(15744K)
[2026-03-25T22:13:20.126+0900][285.336s][info][gc          ] GC(1026) Pause Young (Normal) (G1 Evacuation Pause) 261M->217M(308M) 1.000ms
[2026-03-25T22:13:20.126+0900][285.336s][info][gc,cpu      ] GC(1026) User=0.01s Sys=0.00s Real=0.00s
[2026-03-25T22:13:20.462+0900][285.672s][info][gc,start    ] GC(1027) Pause Young (Normal) (G1 Evacuation Pause)
[2026-03-25T22:13:20.462+0900][285.672s][info][gc,task     ] GC(1027) Using 8 workers of 10 for evacuation
[2026-03-25T22:13:20.463+0900][285.673s][info][gc,phases   ] GC(1027)   Pre Evacuate Collection Set: 0.0ms
[2026-03-25T22:13:20.463+0900][285.673s][info][gc,phases   ] GC(1027)   Merge Heap Roots: 0.0ms
[2026-03-25T22:13:20.463+0900][285.673s][info][gc,phases   ] GC(1027)   Evacuate Collection Set: 0.6ms
[2026-03-25T22:13:20.463+0900][285.673s][info][gc,phases   ] GC(1027)   Post Evacuate Collection Set: 0.2ms
[2026-03-25T22:13:20.463+0900][285.673s][info][gc,phases   ] GC(1027)   Other: 0.1ms
[2026-03-25T22:13:20.463+0900][285.673s][info][gc,heap     ] GC(1027) Eden regions: 11->0(11)
[2026-03-25T22:13:20.463+0900][285.673s][info][gc,heap     ] GC(1027) Survivor regions: 1->1(2)
[2026-03-25T22:13:20.463+0900][285.673s][info][gc,heap     ] GC(1027) Old regions: 30->30
[2026-03-25T22:13:20.463+0900][285.673s][info][gc,heap     ] GC(1027) Archive regions: 2->2
[2026-03-25T22:13:20.463+0900][285.673s][info][gc,heap     ] GC(1027) Humongous regions: 24->24
[2026-03-25T22:13:20.463+0900][285.673s][info][gc,metaspace] GC(1027) Metaspace: 104200K(105216K)->104200K(105216K) NonClass: 88931K(89472K)->88931K(89472K) Class: 15269K(15744K)->15269K(15744K)
[2026-03-25T22:13:20.463+0900][285.673s][info][gc          ] GC(1027) Pause Young (Normal) (G1 Evacuation Pause) 261M->217M(308M) 1.018ms
[2026-03-25T22:13:20.463+0900][285.673s][info][gc,cpu      ] GC(1027) User=0.00s Sys=0.00s Real=0.00s
[2026-03-25T22:13:20.967+0900][286.178s][info][gc,start    ] GC(1028) Pause Young (Normal) (G1 Evacuation Pause)
[2026-03-25T22:13:20.967+0900][286.178s][info][gc,task     ] GC(1028) Using 8 workers of 10 for evacuation
[2026-03-25T22:13:20.969+0900][286.180s][info][gc,phases   ] GC(1028)   Pre Evacuate Collection Set: 0.1ms
[2026-03-25T22:13:20.969+0900][286.180s][info][gc,phases   ] GC(1028)   Merge Heap Roots: 0.1ms
[2026-03-25T22:13:20.969+0900][286.180s][info][gc,phases   ] GC(1028)   Evacuate Collection Set: 1.4ms
[2026-03-25T22:13:20.969+0900][286.180s][info][gc,phases   ] GC(1028)   Post Evacuate Collection Set: 0.2ms
[2026-03-25T22:13:20.969+0900][286.180s][info][gc,phases   ] GC(1028)   Other: 0.1ms
[2026-03-25T22:13:20.969+0900][286.180s][info][gc,heap     ] GC(1028) Eden regions: 11->0(11)
[2026-03-25T22:13:20.969+0900][286.180s][info][gc,heap     ] GC(1028) Survivor regions: 1->1(2)
[2026-03-25T22:13:20.969+0900][286.180s][info][gc,heap     ] GC(1028) Old regions: 30->30
[2026-03-25T22:13:20.969+0900][286.180s][info][gc,heap     ] GC(1028) Archive regions: 2->2
[2026-03-25T22:13:20.969+0900][286.180s][info][gc,heap     ] GC(1028) Humongous regions: 24->24
[2026-03-25T22:13:20.969+0900][286.180s][info][gc,metaspace] GC(1028) Metaspace: 104200K(105216K)->104200K(105216K) NonClass: 88931K(89472K)->88931K(89472K) Class: 15269K(15744K)->15269K(15744K)
[2026-03-25T22:13:20.969+0900][286.180s][info][gc          ] GC(1028) Pause Young (Normal) (G1 Evacuation Pause) 261M->217M(308M) 1.962ms
[2026-03-25T22:13:20.969+0900][286.180s][info][gc,cpu      ] GC(1028) User=0.00s Sys=0.00s Real=0.00s
[2026-03-25T22:13:21.290+0900][286.500s][info][gc,start    ] GC(1029) Pause Young (Normal) (G1 Evacuation Pause)
[2026-03-25T22:13:21.290+0900][286.500s][info][gc,task     ] GC(1029) Using 8 workers of 10 for evacuation
[2026-03-25T22:13:21.291+0900][286.501s][info][gc,phases   ] GC(1029)   Pre Evacuate Collection Set: 0.1ms
[2026-03-25T22:13:21.291+0900][286.501s][info][gc,phases   ] GC(1029)   Merge Heap Roots: 0.0ms
[2026-03-25T22:13:21.291+0900][286.501s][info][gc,phases   ] GC(1029)   Evacuate Collection Set: 0.6ms
[2026-03-25T22:13:21.291+0900][286.501s][info][gc,phases   ] GC(1029)   Post Evacuate Collection Set: 0.2ms
[2026-03-25T22:13:21.291+0900][286.501s][info][gc,phases   ] GC(1029)   Other: 0.1ms
[2026-03-25T22:13:21.291+0900][286.501s][info][gc,heap     ] GC(1029) Eden regions: 11->0(11)
[2026-03-25T22:13:21.291+0900][286.501s][info][gc,heap     ] GC(1029) Survivor regions: 1->1(2)
[2026-03-25T22:13:21.291+0900][286.501s][info][gc,heap     ] GC(1029) Old regions: 30->30
[2026-03-25T22:13:21.291+0900][286.501s][info][gc,heap     ] GC(1029) Archive regions: 2->2
[2026-03-25T22:13:21.291+0900][286.501s][info][gc,heap     ] GC(1029) Humongous regions: 24->24
[2026-03-25T22:13:21.291+0900][286.501s][info][gc,metaspace] GC(1029) Metaspace: 104200K(105216K)->104200K(105216K) NonClass: 88931K(89472K)->88931K(89472K) Class: 15269K(15744K)->15269K(15744K)
[2026-03-25T22:13:21.291+0900][286.501s][info][gc          ] GC(1029) Pause Young (Normal) (G1 Evacuation Pause) 261M->217M(308M) 1.043ms
[2026-03-25T22:13:21.291+0900][286.501s][info][gc,cpu      ] GC(1029) User=0.01s Sys=0.00s Real=0.00s
[2026-03-25T22:13:21.777+0900][286.988s][info][gc,start    ] GC(1030) Pause Young (Normal) (G1 Evacuation Pause)
[2026-03-25T22:13:21.778+0900][286.988s][info][gc,task     ] GC(1030) Using 8 workers of 10 for evacuation
[2026-03-25T22:13:21.778+0900][286.989s][info][gc,phases   ] GC(1030)   Pre Evacuate Collection Set: 0.1ms
[2026-03-25T22:13:21.778+0900][286.989s][info][gc,phases   ] GC(1030)   Merge Heap Roots: 0.0ms
[2026-03-25T22:13:21.778+0900][286.989s][info][gc,phases   ] GC(1030)   Evacuate Collection Set: 0.5ms
[2026-03-25T22:13:21.778+0900][286.989s][info][gc,phases   ] GC(1030)   Post Evacuate Collection Set: 0.1ms
[2026-03-25T22:13:21.778+0900][286.989s][info][gc,phases   ] GC(1030)   Other: 0.1ms
[2026-03-25T22:13:21.778+0900][286.989s][info][gc,heap     ] GC(1030) Eden regions: 11->0(11)
[2026-03-25T22:13:21.778+0900][286.989s][info][gc,heap     ] GC(1030) Survivor regions: 1->1(2)
[2026-03-25T22:13:21.778+0900][286.989s][info][gc,heap     ] GC(1030) Old regions: 30->30
[2026-03-25T22:13:21.778+0900][286.989s][info][gc,heap     ] GC(1030) Archive regions: 2->2
[2026-03-25T22:13:21.778+0900][286.989s][info][gc,heap     ] GC(1030) Humongous regions: 24->24
[2026-03-25T22:13:21.778+0900][286.989s][info][gc,metaspace] GC(1030) Metaspace: 104200K(105216K)->104200K(105216K) NonClass: 88931K(89472K)->88931K(89472K) Class: 15269K(15744K)->15269K(15744K)
[2026-03-25T22:13:21.778+0900][286.989s][info][gc          ] GC(1030) Pause Young (Normal) (G1 Evacuation Pause) 261M->217M(308M) 0.835ms
[2026-03-25T22:13:21.778+0900][286.989s][info][gc,cpu      ] GC(1030) User=0.00s Sys=0.00s Real=0.00s
[2026-03-25T22:13:22.130+0900][287.340s][info][gc,start    ] GC(1031) Pause Young (Normal) (G1 Evacuation Pause)
[2026-03-25T22:13:22.130+0900][287.340s][info][gc,task     ] GC(1031) Using 8 workers of 10 for evacuation
[2026-03-25T22:13:22.131+0900][287.342s][info][gc,phases   ] GC(1031)   Pre Evacuate Collection Set: 0.1ms
[2026-03-25T22:13:22.131+0900][287.342s][info][gc,phases   ] GC(1031)   Merge Heap Roots: 0.1ms
[2026-03-25T22:13:22.131+0900][287.342s][info][gc,phases   ] GC(1031)   Evacuate Collection Set: 0.9ms
[2026-03-25T22:13:22.132+0900][287.342s][info][gc,phases   ] GC(1031)   Post Evacuate Collection Set: 0.2ms
[2026-03-25T22:13:22.132+0900][287.342s][info][gc,phases   ] GC(1031)   Other: 0.2ms
[2026-03-25T22:13:22.132+0900][287.342s][info][gc,heap     ] GC(1031) Eden regions: 11->0(11)
[2026-03-25T22:13:22.132+0900][287.342s][info][gc,heap     ] GC(1031) Survivor regions: 1->1(2)
[2026-03-25T22:13:22.132+0900][287.342s][info][gc,heap     ] GC(1031) Old regions: 30->30
[2026-03-25T22:13:22.132+0900][287.342s][info][gc,heap     ] GC(1031) Archive regions: 2->2
[2026-03-25T22:13:22.132+0900][287.342s][info][gc,heap     ] GC(1031) Humongous regions: 24->24
[2026-03-25T22:13:22.132+0900][287.342s][info][gc,metaspace] GC(1031) Metaspace: 104200K(105216K)->104200K(105216K) NonClass: 88931K(89472K)->88931K(89472K) Class: 15269K(15744K)->15269K(15744K)
[2026-03-25T22:13:22.132+0900][287.342s][info][gc          ] GC(1031) Pause Young (Normal) (G1 Evacuation Pause) 261M->216M(308M) 1.771ms
[2026-03-25T22:13:22.132+0900][287.342s][info][gc,cpu      ] GC(1031) User=0.00s Sys=0.00s Real=0.00s
[2026-03-25T22:13:22.438+0900][287.648s][info][gc,start    ] GC(1032) Pause Young (Normal) (G1 Evacuation Pause)
[2026-03-25T22:13:22.438+0900][287.648s][info][gc,task     ] GC(1032) Using 8 workers of 10 for evacuation
[2026-03-25T22:13:22.438+0900][287.649s][info][gc,phases   ] GC(1032)   Pre Evacuate Collection Set: 0.0ms
[2026-03-25T22:13:22.438+0900][287.649s][info][gc,phases   ] GC(1032)   Merge Heap Roots: 0.0ms
[2026-03-25T22:13:22.438+0900][287.649s][info][gc,phases   ] GC(1032)   Evacuate Collection Set: 0.4ms
[2026-03-25T22:13:22.438+0900][287.649s][info][gc,phases   ] GC(1032)   Post Evacuate Collection Set: 0.1ms
[2026-03-25T22:13:22.438+0900][287.649s][info][gc,phases   ] GC(1032)   Other: 0.1ms
[2026-03-25T22:13:22.438+0900][287.649s][info][gc,heap     ] GC(1032) Eden regions: 11->0(11)
[2026-03-25T22:13:22.438+0900][287.649s][info][gc,heap     ] GC(1032) Survivor regions: 1->1(2)
[2026-03-25T22:13:22.438+0900][287.649s][info][gc,heap     ] GC(1032) Old regions: 30->30
[2026-03-25T22:13:22.438+0900][287.649s][info][gc,heap     ] GC(1032) Archive regions: 2->2
[2026-03-25T22:13:22.438+0900][287.649s][info][gc,heap     ] GC(1032) Humongous regions: 24->24
[2026-03-25T22:13:22.438+0900][287.649s][info][gc,metaspace] GC(1032) Metaspace: 104200K(105216K)->104200K(105216K) NonClass: 88931K(89472K)->88931K(89472K) Class: 15269K(15744K)->15269K(15744K)
[2026-03-25T22:13:22.438+0900][287.649s][info][gc          ] GC(1032) Pause Young (Normal) (G1 Evacuation Pause) 260M->217M(308M) 0.729ms
[2026-03-25T22:13:22.438+0900][287.649s][info][gc,cpu      ] GC(1032) User=0.01s Sys=0.00s Real=0.00s
[2026-03-25T22:13:22.807+0900][288.017s][info][gc,start    ] GC(1033) Pause Young (Normal) (G1 Evacuation Pause)
[2026-03-25T22:13:22.807+0900][288.018s][info][gc,task     ] GC(1033) Using 8 workers of 10 for evacuation
[2026-03-25T22:13:22.808+0900][288.018s][info][gc,phases   ] GC(1033)   Pre Evacuate Collection Set: 0.0ms
[2026-03-25T22:13:22.808+0900][288.018s][info][gc,phases   ] GC(1033)   Merge Heap Roots: 0.0ms
[2026-03-25T22:13:22.808+0900][288.018s][info][gc,phases   ] GC(1033)   Evacuate Collection Set: 0.5ms
[2026-03-25T22:13:22.808+0900][288.018s][info][gc,phases   ] GC(1033)   Post Evacuate Collection Set: 0.1ms
[2026-03-25T22:13:22.808+0900][288.018s][info][gc,phases   ] GC(1033)   Other: 0.1ms
[2026-03-25T22:13:22.808+0900][288.018s][info][gc,heap     ] GC(1033) Eden regions: 11->0(11)
[2026-03-25T22:13:22.808+0900][288.018s][info][gc,heap     ] GC(1033) Survivor regions: 1->1(2)
[2026-03-25T22:13:22.808+0900][288.018s][info][gc,heap     ] GC(1033) Old regions: 30->30
[2026-03-25T22:13:22.808+0900][288.018s][info][gc,heap     ] GC(1033) Archive regions: 2->2
[2026-03-25T22:13:22.808+0900][288.018s][info][gc,heap     ] GC(1033) Humongous regions: 24->24
[2026-03-25T22:13:22.808+0900][288.018s][info][gc,metaspace] GC(1033) Metaspace: 104200K(105216K)->104200K(105216K) NonClass: 88931K(89472K)->88931K(89472K) Class: 15269K(15744K)->15269K(15744K)
[2026-03-25T22:13:22.808+0900][288.018s][info][gc          ] GC(1033) Pause Young (Normal) (G1 Evacuation Pause) 261M->217M(308M) 0.899ms
[2026-03-25T22:13:22.808+0900][288.018s][info][gc,cpu      ] GC(1033) User=0.01s Sys=0.00s Real=0.00s
[2026-03-25T22:13:23.069+0900][288.280s][info][gc,start    ] GC(1034) Pause Young (Normal) (G1 Evacuation Pause)
[2026-03-25T22:13:23.069+0900][288.280s][info][gc,task     ] GC(1034) Using 8 workers of 10 for evacuation
[2026-03-25T22:13:23.070+0900][288.281s][info][gc,phases   ] GC(1034)   Pre Evacuate Collection Set: 0.0ms
[2026-03-25T22:13:23.070+0900][288.281s][info][gc,phases   ] GC(1034)   Merge Heap Roots: 0.0ms
[2026-03-25T22:13:23.070+0900][288.281s][info][gc,phases   ] GC(1034)   Evacuate Collection Set: 0.4ms
[2026-03-25T22:13:23.070+0900][288.281s][info][gc,phases   ] GC(1034)   Post Evacuate Collection Set: 0.2ms
[2026-03-25T22:13:23.070+0900][288.281s][info][gc,phases   ] GC(1034)   Other: 0.1ms
[2026-03-25T22:13:23.070+0900][288.281s][info][gc,heap     ] GC(1034) Eden regions: 11->0(11)
[2026-03-25T22:13:23.070+0900][288.281s][info][gc,heap     ] GC(1034) Survivor regions: 1->1(2)
[2026-03-25T22:13:23.070+0900][288.281s][info][gc,heap     ] GC(1034) Old regions: 30->30
[2026-03-25T22:13:23.070+0900][288.281s][info][gc,heap     ] GC(1034) Archive regions: 2->2
[2026-03-25T22:13:23.070+0900][288.281s][info][gc,heap     ] GC(1034) Humongous regions: 24->24
[2026-03-25T22:13:23.070+0900][288.281s][info][gc,metaspace] GC(1034) Metaspace: 104200K(105216K)->104200K(105216K) NonClass: 88931K(89472K)->88931K(89472K) Class: 15269K(15744K)->15269K(15744K)
[2026-03-25T22:13:23.070+0900][288.281s][info][gc          ] GC(1034) Pause Young (Normal) (G1 Evacuation Pause) 261M->217M(308M) 0.778ms
[2026-03-25T22:13:23.070+0900][288.281s][info][gc,cpu      ] GC(1034) User=0.00s Sys=0.00s Real=0.01s
[2026-03-25T22:13:23.288+0900][288.498s][info][gc,start    ] GC(1035) Pause Young (Normal) (G1 Evacuation Pause)
[2026-03-25T22:13:23.288+0900][288.498s][info][gc,task     ] GC(1035) Using 8 workers of 10 for evacuation
[2026-03-25T22:13:23.288+0900][288.499s][info][gc,phases   ] GC(1035)   Pre Evacuate Collection Set: 0.0ms
[2026-03-25T22:13:23.288+0900][288.499s][info][gc,phases   ] GC(1035)   Merge Heap Roots: 0.0ms
[2026-03-25T22:13:23.288+0900][288.499s][info][gc,phases   ] GC(1035)   Evacuate Collection Set: 0.4ms
[2026-03-25T22:13:23.288+0900][288.499s][info][gc,phases   ] GC(1035)   Post Evacuate Collection Set: 0.1ms
[2026-03-25T22:13:23.288+0900][288.499s][info][gc,phases   ] GC(1035)   Other: 0.1ms
[2026-03-25T22:13:23.288+0900][288.499s][info][gc,heap     ] GC(1035) Eden regions: 11->0(11)
[2026-03-25T22:13:23.288+0900][288.499s][info][gc,heap     ] GC(1035) Survivor regions: 1->1(2)
[2026-03-25T22:13:23.288+0900][288.499s][info][gc,heap     ] GC(1035) Old regions: 30->30
[2026-03-25T22:13:23.288+0900][288.499s][info][gc,heap     ] GC(1035) Archive regions: 2->2
[2026-03-25T22:13:23.288+0900][288.499s][info][gc,heap     ] GC(1035) Humongous regions: 24->24
[2026-03-25T22:13:23.288+0900][288.499s][info][gc,metaspace] GC(1035) Metaspace: 104200K(105216K)->104200K(105216K) NonClass: 88931K(89472K)->88931K(89472K) Class: 15269K(15744K)->15269K(15744K)
[2026-03-25T22:13:23.289+0900][288.499s][info][gc          ] GC(1035) Pause Young (Normal) (G1 Evacuation Pause) 261M->217M(308M) 0.763ms
[2026-03-25T22:13:23.289+0900][288.499s][info][gc,cpu      ] GC(1035) User=0.00s Sys=0.00s Real=0.00s
[2026-03-25T22:13:23.844+0900][289.054s][info][gc,start    ] GC(1036) Pause Young (Normal) (G1 Evacuation Pause)
[2026-03-25T22:13:23.844+0900][289.054s][info][gc,task     ] GC(1036) Using 8 workers of 10 for evacuation
[2026-03-25T22:13:23.845+0900][289.055s][info][gc,phases   ] GC(1036)   Pre Evacuate Collection Set: 0.1ms
[2026-03-25T22:13:23.845+0900][289.055s][info][gc,phases   ] GC(1036)   Merge Heap Roots: 0.1ms
[2026-03-25T22:13:23.845+0900][289.055s][info][gc,phases   ] GC(1036)   Evacuate Collection Set: 0.8ms
[2026-03-25T22:13:23.845+0900][289.055s][info][gc,phases   ] GC(1036)   Post Evacuate Collection Set: 0.2ms
[2026-03-25T22:13:23.845+0900][289.055s][info][gc,phases   ] GC(1036)   Other: 0.1ms
[2026-03-25T22:13:23.845+0900][289.055s][info][gc,heap     ] GC(1036) Eden regions: 11->0(11)
[2026-03-25T22:13:23.845+0900][289.055s][info][gc,heap     ] GC(1036) Survivor regions: 1->1(2)
[2026-03-25T22:13:23.845+0900][289.055s][info][gc,heap     ] GC(1036) Old regions: 30->30
[2026-03-25T22:13:23.845+0900][289.055s][info][gc,heap     ] GC(1036) Archive regions: 2->2
[2026-03-25T22:13:23.845+0900][289.055s][info][gc,heap     ] GC(1036) Humongous regions: 24->24
[2026-03-25T22:13:23.845+0900][289.055s][info][gc,metaspace] GC(1036) Metaspace: 104200K(105216K)->104200K(105216K) NonClass: 88931K(89472K)->88931K(89472K) Class: 15269K(15744K)->15269K(15744K)
[2026-03-25T22:13:23.845+0900][289.055s][info][gc          ] GC(1036) Pause Young (Normal) (G1 Evacuation Pause) 261M->217M(308M) 1.293ms
[2026-03-25T22:13:23.845+0900][289.055s][info][gc,cpu      ] GC(1036) User=0.00s Sys=0.00s Real=0.00s
[2026-03-25T22:13:24.404+0900][289.614s][info][gc,start    ] GC(1037) Pause Young (Normal) (G1 Evacuation Pause)
[2026-03-25T22:13:24.404+0900][289.614s][info][gc,task     ] GC(1037) Using 8 workers of 10 for evacuation
[2026-03-25T22:13:24.405+0900][289.615s][info][gc,phases   ] GC(1037)   Pre Evacuate Collection Set: 0.0ms
[2026-03-25T22:13:24.405+0900][289.615s][info][gc,phases   ] GC(1037)   Merge Heap Roots: 0.0ms
[2026-03-25T22:13:24.405+0900][289.615s][info][gc,phases   ] GC(1037)   Evacuate Collection Set: 0.5ms
[2026-03-25T22:13:24.405+0900][289.615s][info][gc,phases   ] GC(1037)   Post Evacuate Collection Set: 0.1ms
[2026-03-25T22:13:24.405+0900][289.615s][info][gc,phases   ] GC(1037)   Other: 0.1ms
[2026-03-25T22:13:24.405+0900][289.615s][info][gc,heap     ] GC(1037) Eden regions: 11->0(11)
[2026-03-25T22:13:24.405+0900][289.615s][info][gc,heap     ] GC(1037) Survivor regions: 1->1(2)
[2026-03-25T22:13:24.405+0900][289.615s][info][gc,heap     ] GC(1037) Old regions: 30->30
[2026-03-25T22:13:24.405+0900][289.615s][info][gc,heap     ] GC(1037) Archive regions: 2->2
[2026-03-25T22:13:24.405+0900][289.615s][info][gc,heap     ] GC(1037) Humongous regions: 24->24
[2026-03-25T22:13:24.405+0900][289.615s][info][gc,metaspace] GC(1037) Metaspace: 104200K(105216K)->104200K(105216K) NonClass: 88931K(89472K)->88931K(89472K) Class: 15269K(15744K)->15269K(15744K)
[2026-03-25T22:13:24.405+0900][289.615s][info][gc          ] GC(1037) Pause Young (Normal) (G1 Evacuation Pause) 261M->217M(308M) 0.883ms
[2026-03-25T22:13:24.405+0900][289.615s][info][gc,cpu      ] GC(1037) User=0.00s Sys=0.00s Real=0.00s
[2026-03-25T22:13:24.896+0900][290.106s][info][gc,start    ] GC(1038) Pause Young (Normal) (G1 Evacuation Pause)
[2026-03-25T22:13:24.896+0900][290.106s][info][gc,task     ] GC(1038) Using 8 workers of 10 for evacuation
[2026-03-25T22:13:24.897+0900][290.107s][info][gc,phases   ] GC(1038)   Pre Evacuate Collection Set: 0.1ms
[2026-03-25T22:13:24.897+0900][290.107s][info][gc,phases   ] GC(1038)   Merge Heap Roots: 0.1ms
[2026-03-25T22:13:24.897+0900][290.107s][info][gc,phases   ] GC(1038)   Evacuate Collection Set: 0.5ms
[2026-03-25T22:13:24.897+0900][290.107s][info][gc,phases   ] GC(1038)   Post Evacuate Collection Set: 0.1ms
[2026-03-25T22:13:24.897+0900][290.107s][info][gc,phases   ] GC(1038)   Other: 0.1ms
[2026-03-25T22:13:24.897+0900][290.107s][info][gc,heap     ] GC(1038) Eden regions: 11->0(11)
[2026-03-25T22:13:24.897+0900][290.107s][info][gc,heap     ] GC(1038) Survivor regions: 1->1(2)
[2026-03-25T22:13:24.897+0900][290.107s][info][gc,heap     ] GC(1038) Old regions: 30->30
[2026-03-25T22:13:24.897+0900][290.107s][info][gc,heap     ] GC(1038) Archive regions: 2->2
[2026-03-25T22:13:24.897+0900][290.107s][info][gc,heap     ] GC(1038) Humongous regions: 24->24
[2026-03-25T22:13:24.897+0900][290.107s][info][gc,metaspace] GC(1038) Metaspace: 104200K(105216K)->104200K(105216K) NonClass: 88931K(89472K)->88931K(89472K) Class: 15269K(15744K)->15269K(15744K)
[2026-03-25T22:13:24.897+0900][290.107s][info][gc          ] GC(1038) Pause Young (Normal) (G1 Evacuation Pause) 261M->217M(308M) 0.866ms
[2026-03-25T22:13:24.897+0900][290.107s][info][gc,cpu      ] GC(1038) User=0.00s Sys=0.00s Real=0.00s
[2026-03-25T22:13:25.448+0900][290.658s][info][gc,start    ] GC(1039) Pause Young (Normal) (G1 Evacuation Pause)
[2026-03-25T22:13:25.448+0900][290.658s][info][gc,task     ] GC(1039) Using 8 workers of 10 for evacuation
[2026-03-25T22:13:25.449+0900][290.659s][info][gc,phases   ] GC(1039)   Pre Evacuate Collection Set: 0.0ms
[2026-03-25T22:13:25.449+0900][290.659s][info][gc,phases   ] GC(1039)   Merge Heap Roots: 0.1ms
[2026-03-25T22:13:25.449+0900][290.659s][info][gc,phases   ] GC(1039)   Evacuate Collection Set: 0.5ms
[2026-03-25T22:13:25.449+0900][290.659s][info][gc,phases   ] GC(1039)   Post Evacuate Collection Set: 0.1ms
[2026-03-25T22:13:25.449+0900][290.659s][info][gc,phases   ] GC(1039)   Other: 0.1ms
[2026-03-25T22:13:25.449+0900][290.659s][info][gc,heap     ] GC(1039) Eden regions: 11->0(11)
[2026-03-25T22:13:25.449+0900][290.659s][info][gc,heap     ] GC(1039) Survivor regions: 1->1(2)
[2026-03-25T22:13:25.449+0900][290.659s][info][gc,heap     ] GC(1039) Old regions: 30->30
[2026-03-25T22:13:25.449+0900][290.659s][info][gc,heap     ] GC(1039) Archive regions: 2->2
[2026-03-25T22:13:25.449+0900][290.659s][info][gc,heap     ] GC(1039) Humongous regions: 24->24
[2026-03-25T22:13:25.449+0900][290.659s][info][gc,metaspace] GC(1039) Metaspace: 104200K(105216K)->104200K(105216K) NonClass: 88931K(89472K)->88931K(89472K) Class: 15269K(15744K)->15269K(15744K)
[2026-03-25T22:13:25.449+0900][290.659s][info][gc          ] GC(1039) Pause Young (Normal) (G1 Evacuation Pause) 261M->217M(308M) 0.860ms
[2026-03-25T22:13:25.449+0900][290.659s][info][gc,cpu      ] GC(1039) User=0.00s Sys=0.00s Real=0.00s
[2026-03-25T22:13:25.974+0900][291.185s][info][gc,start    ] GC(1040) Pause Young (Normal) (G1 Evacuation Pause)
[2026-03-25T22:13:25.974+0900][291.185s][info][gc,task     ] GC(1040) Using 8 workers of 10 for evacuation
[2026-03-25T22:13:25.975+0900][291.186s][info][gc,phases   ] GC(1040)   Pre Evacuate Collection Set: 0.1ms
[2026-03-25T22:13:25.975+0900][291.186s][info][gc,phases   ] GC(1040)   Merge Heap Roots: 0.1ms
[2026-03-25T22:13:25.975+0900][291.186s][info][gc,phases   ] GC(1040)   Evacuate Collection Set: 0.5ms
[2026-03-25T22:13:25.975+0900][291.186s][info][gc,phases   ] GC(1040)   Post Evacuate Collection Set: 0.1ms
[2026-03-25T22:13:25.975+0900][291.186s][info][gc,phases   ] GC(1040)   Other: 0.1ms
[2026-03-25T22:13:25.975+0900][291.186s][info][gc,heap     ] GC(1040) Eden regions: 11->0(11)
[2026-03-25T22:13:25.975+0900][291.186s][info][gc,heap     ] GC(1040) Survivor regions: 1->1(2)
[2026-03-25T22:13:25.975+0900][291.186s][info][gc,heap     ] GC(1040) Old regions: 30->30
[2026-03-25T22:13:25.975+0900][291.186s][info][gc,heap     ] GC(1040) Archive regions: 2->2
[2026-03-25T22:13:25.975+0900][291.186s][info][gc,heap     ] GC(1040) Humongous regions: 24->24
[2026-03-25T22:13:25.975+0900][291.186s][info][gc,metaspace] GC(1040) Metaspace: 104200K(105216K)->104200K(105216K) NonClass: 88931K(89472K)->88931K(89472K) Class: 15269K(15744K)->15269K(15744K)
[2026-03-25T22:13:25.975+0900][291.186s][info][gc          ] GC(1040) Pause Young (Normal) (G1 Evacuation Pause) 261M->217M(308M) 0.947ms
[2026-03-25T22:13:25.975+0900][291.186s][info][gc,cpu      ] GC(1040) User=0.01s Sys=0.00s Real=0.00s
[2026-03-25T22:13:26.485+0900][291.695s][info][gc,start    ] GC(1041) Pause Young (Normal) (G1 Evacuation Pause)
[2026-03-25T22:13:26.485+0900][291.695s][info][gc,task     ] GC(1041) Using 8 workers of 10 for evacuation
[2026-03-25T22:13:26.485+0900][291.696s][info][gc,phases   ] GC(1041)   Pre Evacuate Collection Set: 0.0ms
[2026-03-25T22:13:26.485+0900][291.696s][info][gc,phases   ] GC(1041)   Merge Heap Roots: 0.1ms
[2026-03-25T22:13:26.485+0900][291.696s][info][gc,phases   ] GC(1041)   Evacuate Collection Set: 0.4ms
[2026-03-25T22:13:26.485+0900][291.696s][info][gc,phases   ] GC(1041)   Post Evacuate Collection Set: 0.1ms
[2026-03-25T22:13:26.485+0900][291.696s][info][gc,phases   ] GC(1041)   Other: 0.1ms
[2026-03-25T22:13:26.485+0900][291.696s][info][gc,heap     ] GC(1041) Eden regions: 11->0(11)
[2026-03-25T22:13:26.485+0900][291.696s][info][gc,heap     ] GC(1041) Survivor regions: 1->1(2)
[2026-03-25T22:13:26.485+0900][291.696s][info][gc,heap     ] GC(1041) Old regions: 30->30
[2026-03-25T22:13:26.485+0900][291.696s][info][gc,heap     ] GC(1041) Archive regions: 2->2
[2026-03-25T22:13:26.485+0900][291.696s][info][gc,heap     ] GC(1041) Humongous regions: 24->24
[2026-03-25T22:13:26.486+0900][291.696s][info][gc,metaspace] GC(1041) Metaspace: 104200K(105216K)->104200K(105216K) NonClass: 88931K(89472K)->88931K(89472K) Class: 15269K(15744K)->15269K(15744K)
[2026-03-25T22:13:26.486+0900][291.696s][info][gc          ] GC(1041) Pause Young (Normal) (G1 Evacuation Pause) 261M->217M(308M) 0.825ms
[2026-03-25T22:13:26.486+0900][291.696s][info][gc,cpu      ] GC(1041) User=0.00s Sys=0.00s Real=0.00s
[2026-03-25T22:13:27.225+0900][292.435s][info][gc,start    ] GC(1042) Pause Young (Normal) (G1 Evacuation Pause)
[2026-03-25T22:13:27.225+0900][292.435s][info][gc,task     ] GC(1042) Using 8 workers of 10 for evacuation
[2026-03-25T22:13:27.225+0900][292.436s][info][gc,phases   ] GC(1042)   Pre Evacuate Collection Set: 0.0ms
[2026-03-25T22:13:27.225+0900][292.436s][info][gc,phases   ] GC(1042)   Merge Heap Roots: 0.1ms
[2026-03-25T22:13:27.225+0900][292.436s][info][gc,phases   ] GC(1042)   Evacuate Collection Set: 0.4ms
[2026-03-25T22:13:27.225+0900][292.436s][info][gc,phases   ] GC(1042)   Post Evacuate Collection Set: 0.1ms
[2026-03-25T22:13:27.225+0900][292.436s][info][gc,phases   ] GC(1042)   Other: 0.1ms
[2026-03-25T22:13:27.225+0900][292.436s][info][gc,heap     ] GC(1042) Eden regions: 11->0(11)
[2026-03-25T22:13:27.225+0900][292.436s][info][gc,heap     ] GC(1042) Survivor regions: 1->1(2)
[2026-03-25T22:13:27.225+0900][292.436s][info][gc,heap     ] GC(1042) Old regions: 30->30
[2026-03-25T22:13:27.225+0900][292.436s][info][gc,heap     ] GC(1042) Archive regions: 2->2
[2026-03-25T22:13:27.225+0900][292.436s][info][gc,heap     ] GC(1042) Humongous regions: 24->24
[2026-03-25T22:13:27.225+0900][292.436s][info][gc,metaspace] GC(1042) Metaspace: 104200K(105216K)->104200K(105216K) NonClass: 88931K(89472K)->88931K(89472K) Class: 15269K(15744K)->15269K(15744K)
[2026-03-25T22:13:27.225+0900][292.436s][info][gc          ] GC(1042) Pause Young (Normal) (G1 Evacuation Pause) 261M->217M(308M) 0.773ms
[2026-03-25T22:13:27.225+0900][292.436s][info][gc,cpu      ] GC(1042) User=0.00s Sys=0.00s Real=0.00s
[2026-03-25T22:13:27.552+0900][292.763s][info][gc,start    ] GC(1043) Pause Young (Normal) (G1 Evacuation Pause)
[2026-03-25T22:13:27.552+0900][292.763s][info][gc,task     ] GC(1043) Using 8 workers of 10 for evacuation
[2026-03-25T22:13:27.553+0900][292.763s][info][gc,phases   ] GC(1043)   Pre Evacuate Collection Set: 0.0ms
[2026-03-25T22:13:27.553+0900][292.763s][info][gc,phases   ] GC(1043)   Merge Heap Roots: 0.0ms
[2026-03-25T22:13:27.553+0900][292.763s][info][gc,phases   ] GC(1043)   Evacuate Collection Set: 0.4ms
[2026-03-25T22:13:27.553+0900][292.763s][info][gc,phases   ] GC(1043)   Post Evacuate Collection Set: 0.1ms
[2026-03-25T22:13:27.553+0900][292.763s][info][gc,phases   ] GC(1043)   Other: 0.1ms
[2026-03-25T22:13:27.553+0900][292.763s][info][gc,heap     ] GC(1043) Eden regions: 11->0(11)
[2026-03-25T22:13:27.553+0900][292.763s][info][gc,heap     ] GC(1043) Survivor regions: 1->1(2)
[2026-03-25T22:13:27.553+0900][292.763s][info][gc,heap     ] GC(1043) Old regions: 30->30
[2026-03-25T22:13:27.553+0900][292.763s][info][gc,heap     ] GC(1043) Archive regions: 2->2
[2026-03-25T22:13:27.553+0900][292.763s][info][gc,heap     ] GC(1043) Humongous regions: 24->24
[2026-03-25T22:13:27.553+0900][292.763s][info][gc,metaspace] GC(1043) Metaspace: 104200K(105216K)->104200K(105216K) NonClass: 88931K(89472K)->88931K(89472K) Class: 15269K(15744K)->15269K(15744K)
[2026-03-25T22:13:27.553+0900][292.763s][info][gc          ] GC(1043) Pause Young (Normal) (G1 Evacuation Pause) 261M->217M(308M) 0.754ms
[2026-03-25T22:13:27.553+0900][292.763s][info][gc,cpu      ] GC(1043) User=0.00s Sys=0.00s Real=0.00s
[2026-03-25T22:13:28.034+0900][293.244s][info][gc,start    ] GC(1044) Pause Young (Normal) (G1 Evacuation Pause)
[2026-03-25T22:13:28.034+0900][293.244s][info][gc,task     ] GC(1044) Using 8 workers of 10 for evacuation
[2026-03-25T22:13:28.035+0900][293.245s][info][gc,phases   ] GC(1044)   Pre Evacuate Collection Set: 0.0ms
[2026-03-25T22:13:28.035+0900][293.245s][info][gc,phases   ] GC(1044)   Merge Heap Roots: 0.0ms
[2026-03-25T22:13:28.035+0900][293.245s][info][gc,phases   ] GC(1044)   Evacuate Collection Set: 0.4ms
[2026-03-25T22:13:28.035+0900][293.245s][info][gc,phases   ] GC(1044)   Post Evacuate Collection Set: 0.2ms
[2026-03-25T22:13:28.035+0900][293.245s][info][gc,phases   ] GC(1044)   Other: 0.1ms
[2026-03-25T22:13:28.035+0900][293.245s][info][gc,heap     ] GC(1044) Eden regions: 11->0(11)
[2026-03-25T22:13:28.035+0900][293.245s][info][gc,heap     ] GC(1044) Survivor regions: 1->1(2)
[2026-03-25T22:13:28.035+0900][293.245s][info][gc,heap     ] GC(1044) Old regions: 30->30
[2026-03-25T22:13:28.035+0900][293.245s][info][gc,heap     ] GC(1044) Archive regions: 2->2
[2026-03-25T22:13:28.035+0900][293.245s][info][gc,heap     ] GC(1044) Humongous regions: 24->24
[2026-03-25T22:13:28.035+0900][293.245s][info][gc,metaspace] GC(1044) Metaspace: 104200K(105216K)->104200K(105216K) NonClass: 88931K(89472K)->88931K(89472K) Class: 15269K(15744K)->15269K(15744K)
[2026-03-25T22:13:28.035+0900][293.245s][info][gc          ] GC(1044) Pause Young (Normal) (G1 Evacuation Pause) 261M->217M(308M) 0.808ms
[2026-03-25T22:13:28.035+0900][293.245s][info][gc,cpu      ] GC(1044) User=0.00s Sys=0.00s Real=0.00s
[2026-03-25T22:13:28.525+0900][293.735s][info][gc,start    ] GC(1045) Pause Young (Normal) (G1 Evacuation Pause)
[2026-03-25T22:13:28.525+0900][293.735s][info][gc,task     ] GC(1045) Using 8 workers of 10 for evacuation
[2026-03-25T22:13:28.526+0900][293.736s][info][gc,phases   ] GC(1045)   Pre Evacuate Collection Set: 0.0ms
[2026-03-25T22:13:28.526+0900][293.736s][info][gc,phases   ] GC(1045)   Merge Heap Roots: 0.0ms
[2026-03-25T22:13:28.526+0900][293.736s][info][gc,phases   ] GC(1045)   Evacuate Collection Set: 0.4ms
[2026-03-25T22:13:28.526+0900][293.736s][info][gc,phases   ] GC(1045)   Post Evacuate Collection Set: 0.1ms
[2026-03-25T22:13:28.526+0900][293.736s][info][gc,phases   ] GC(1045)   Other: 0.1ms
[2026-03-25T22:13:28.526+0900][293.736s][info][gc,heap     ] GC(1045) Eden regions: 11->0(11)
[2026-03-25T22:13:28.526+0900][293.736s][info][gc,heap     ] GC(1045) Survivor regions: 1->1(2)
[2026-03-25T22:13:28.526+0900][293.736s][info][gc,heap     ] GC(1045) Old regions: 30->30
[2026-03-25T22:13:28.526+0900][293.736s][info][gc,heap     ] GC(1045) Archive regions: 2->2
[2026-03-25T22:13:28.526+0900][293.736s][info][gc,heap     ] GC(1045) Humongous regions: 24->24
[2026-03-25T22:13:28.526+0900][293.736s][info][gc,metaspace] GC(1045) Metaspace: 104200K(105216K)->104200K(105216K) NonClass: 88931K(89472K)->88931K(89472K) Class: 15269K(15744K)->15269K(15744K)
[2026-03-25T22:13:28.526+0900][293.736s][info][gc          ] GC(1045) Pause Young (Normal) (G1 Evacuation Pause) 261M->217M(308M) 0.681ms
[2026-03-25T22:13:28.526+0900][293.736s][info][gc,cpu      ] GC(1045) User=0.00s Sys=0.00s Real=0.00s
[2026-03-25T22:13:29.014+0900][294.224s][info][gc,start    ] GC(1046) Pause Young (Normal) (G1 Evacuation Pause)
[2026-03-25T22:13:29.014+0900][294.224s][info][gc,task     ] GC(1046) Using 8 workers of 10 for evacuation
[2026-03-25T22:13:29.015+0900][294.225s][info][gc,phases   ] GC(1046)   Pre Evacuate Collection Set: 0.1ms
[2026-03-25T22:13:29.015+0900][294.225s][info][gc,phases   ] GC(1046)   Merge Heap Roots: 0.1ms
[2026-03-25T22:13:29.015+0900][294.225s][info][gc,phases   ] GC(1046)   Evacuate Collection Set: 0.4ms
[2026-03-25T22:13:29.015+0900][294.225s][info][gc,phases   ] GC(1046)   Post Evacuate Collection Set: 0.1ms
[2026-03-25T22:13:29.015+0900][294.225s][info][gc,phases   ] GC(1046)   Other: 0.1ms
[2026-03-25T22:13:29.015+0900][294.225s][info][gc,heap     ] GC(1046) Eden regions: 11->0(11)
[2026-03-25T22:13:29.015+0900][294.225s][info][gc,heap     ] GC(1046) Survivor regions: 1->1(2)
[2026-03-25T22:13:29.015+0900][294.225s][info][gc,heap     ] GC(1046) Old regions: 30->30
[2026-03-25T22:13:29.015+0900][294.225s][info][gc,heap     ] GC(1046) Archive regions: 2->2
[2026-03-25T22:13:29.015+0900][294.225s][info][gc,heap     ] GC(1046) Humongous regions: 24->24
[2026-03-25T22:13:29.015+0900][294.225s][info][gc,metaspace] GC(1046) Metaspace: 104200K(105216K)->104200K(105216K) NonClass: 88931K(89472K)->88931K(89472K) Class: 15269K(15744K)->15269K(15744K)
[2026-03-25T22:13:29.015+0900][294.225s][info][gc          ] GC(1046) Pause Young (Normal) (G1 Evacuation Pause) 261M->217M(308M) 0.816ms
[2026-03-25T22:13:29.015+0900][294.225s][info][gc,cpu      ] GC(1046) User=0.00s Sys=0.01s Real=0.00s
[2026-03-25T22:13:29.590+0900][294.800s][info][gc,start    ] GC(1047) Pause Young (Normal) (G1 Evacuation Pause)
[2026-03-25T22:13:29.590+0900][294.800s][info][gc,task     ] GC(1047) Using 8 workers of 10 for evacuation
[2026-03-25T22:13:29.591+0900][294.801s][info][gc,phases   ] GC(1047)   Pre Evacuate Collection Set: 0.1ms
[2026-03-25T22:13:29.591+0900][294.801s][info][gc,phases   ] GC(1047)   Merge Heap Roots: 0.1ms
[2026-03-25T22:13:29.591+0900][294.801s][info][gc,phases   ] GC(1047)   Evacuate Collection Set: 0.9ms
[2026-03-25T22:13:29.591+0900][294.801s][info][gc,phases   ] GC(1047)   Post Evacuate Collection Set: 0.2ms
[2026-03-25T22:13:29.591+0900][294.801s][info][gc,phases   ] GC(1047)   Other: 0.1ms
[2026-03-25T22:13:29.591+0900][294.801s][info][gc,heap     ] GC(1047) Eden regions: 11->0(11)
[2026-03-25T22:13:29.591+0900][294.801s][info][gc,heap     ] GC(1047) Survivor regions: 1->1(2)
[2026-03-25T22:13:29.591+0900][294.801s][info][gc,heap     ] GC(1047) Old regions: 30->30
[2026-03-25T22:13:29.591+0900][294.801s][info][gc,heap     ] GC(1047) Archive regions: 2->2
[2026-03-25T22:13:29.591+0900][294.801s][info][gc,heap     ] GC(1047) Humongous regions: 24->24
[2026-03-25T22:13:29.591+0900][294.801s][info][gc,metaspace] GC(1047) Metaspace: 104200K(105216K)->104200K(105216K) NonClass: 88931K(89472K)->88931K(89472K) Class: 15269K(15744K)->15269K(15744K)
[2026-03-25T22:13:29.591+0900][294.801s][info][gc          ] GC(1047) Pause Young (Normal) (G1 Evacuation Pause) 261M->217M(308M) 1.422ms
[2026-03-25T22:13:29.591+0900][294.801s][info][gc,cpu      ] GC(1047) User=0.00s Sys=0.00s Real=0.01s
[2026-03-25T22:13:30.092+0900][295.303s][info][gc,start    ] GC(1048) Pause Young (Normal) (G1 Evacuation Pause)
[2026-03-25T22:13:30.092+0900][295.303s][info][gc,task     ] GC(1048) Using 8 workers of 10 for evacuation
[2026-03-25T22:13:30.093+0900][295.303s][info][gc,phases   ] GC(1048)   Pre Evacuate Collection Set: 0.0ms
[2026-03-25T22:13:30.093+0900][295.303s][info][gc,phases   ] GC(1048)   Merge Heap Roots: 0.0ms
[2026-03-25T22:13:30.093+0900][295.303s][info][gc,phases   ] GC(1048)   Evacuate Collection Set: 0.5ms
[2026-03-25T22:13:30.093+0900][295.303s][info][gc,phases   ] GC(1048)   Post Evacuate Collection Set: 0.1ms
[2026-03-25T22:13:30.093+0900][295.303s][info][gc,phases   ] GC(1048)   Other: 0.1ms
[2026-03-25T22:13:30.093+0900][295.303s][info][gc,heap     ] GC(1048) Eden regions: 11->0(11)
[2026-03-25T22:13:30.093+0900][295.303s][info][gc,heap     ] GC(1048) Survivor regions: 1->1(2)
[2026-03-25T22:13:30.093+0900][295.303s][info][gc,heap     ] GC(1048) Old regions: 30->30
[2026-03-25T22:13:30.093+0900][295.303s][info][gc,heap     ] GC(1048) Archive regions: 2->2
[2026-03-25T22:13:30.093+0900][295.304s][info][gc,heap     ] GC(1048) Humongous regions: 24->24
[2026-03-25T22:13:30.093+0900][295.304s][info][gc,metaspace] GC(1048) Metaspace: 104200K(105216K)->104200K(105216K) NonClass: 88931K(89472K)->88931K(89472K) Class: 15269K(15744K)->15269K(15744K)
[2026-03-25T22:13:30.093+0900][295.304s][info][gc          ] GC(1048) Pause Young (Normal) (G1 Evacuation Pause) 261M->217M(308M) 0.825ms
[2026-03-25T22:13:30.093+0900][295.304s][info][gc,cpu      ] GC(1048) User=0.01s Sys=0.00s Real=0.00s
[2026-03-25T22:13:31.147+0900][296.358s][info][gc,start    ] GC(1049) Pause Young (Normal) (G1 Evacuation Pause)
[2026-03-25T22:13:31.148+0900][296.358s][info][gc,task     ] GC(1049) Using 8 workers of 10 for evacuation
[2026-03-25T22:13:31.149+0900][296.359s][info][gc,phases   ] GC(1049)   Pre Evacuate Collection Set: 0.1ms
[2026-03-25T22:13:31.149+0900][296.359s][info][gc,phases   ] GC(1049)   Merge Heap Roots: 0.0ms
[2026-03-25T22:13:31.149+0900][296.359s][info][gc,phases   ] GC(1049)   Evacuate Collection Set: 0.9ms
[2026-03-25T22:13:31.149+0900][296.359s][info][gc,phases   ] GC(1049)   Post Evacuate Collection Set: 0.1ms
[2026-03-25T22:13:31.149+0900][296.359s][info][gc,phases   ] GC(1049)   Other: 0.1ms
[2026-03-25T22:13:31.149+0900][296.359s][info][gc,heap     ] GC(1049) Eden regions: 11->0(11)
[2026-03-25T22:13:31.149+0900][296.359s][info][gc,heap     ] GC(1049) Survivor regions: 1->1(2)
[2026-03-25T22:13:31.149+0900][296.359s][info][gc,heap     ] GC(1049) Old regions: 30->30
[2026-03-25T22:13:31.149+0900][296.359s][info][gc,heap     ] GC(1049) Archive regions: 2->2
[2026-03-25T22:13:31.149+0900][296.359s][info][gc,heap     ] GC(1049) Humongous regions: 24->24
[2026-03-25T22:13:31.149+0900][296.359s][info][gc,metaspace] GC(1049) Metaspace: 104200K(105216K)->104200K(105216K) NonClass: 88931K(89472K)->88931K(89472K) Class: 15269K(15744K)->15269K(15744K)
[2026-03-25T22:13:31.149+0900][296.359s][info][gc          ] GC(1049) Pause Young (Normal) (G1 Evacuation Pause) 261M->217M(308M) 1.336ms
[2026-03-25T22:13:31.149+0900][296.359s][info][gc,cpu      ] GC(1049) User=0.00s Sys=0.00s Real=0.00s
[2026-03-25T22:13:31.728+0900][296.939s][info][gc,start    ] GC(1050) Pause Young (Normal) (G1 Evacuation Pause)
[2026-03-25T22:13:31.728+0900][296.939s][info][gc,task     ] GC(1050) Using 8 workers of 10 for evacuation
[2026-03-25T22:13:31.729+0900][296.940s][info][gc,phases   ] GC(1050)   Pre Evacuate Collection Set: 0.1ms
[2026-03-25T22:13:31.729+0900][296.940s][info][gc,phases   ] GC(1050)   Merge Heap Roots: 0.1ms
[2026-03-25T22:13:31.729+0900][296.940s][info][gc,phases   ] GC(1050)   Evacuate Collection Set: 0.5ms
[2026-03-25T22:13:31.729+0900][296.940s][info][gc,phases   ] GC(1050)   Post Evacuate Collection Set: 0.1ms
[2026-03-25T22:13:31.729+0900][296.940s][info][gc,phases   ] GC(1050)   Other: 0.1ms
[2026-03-25T22:13:31.729+0900][296.940s][info][gc,heap     ] GC(1050) Eden regions: 11->0(11)
[2026-03-25T22:13:31.729+0900][296.940s][info][gc,heap     ] GC(1050) Survivor regions: 1->1(2)
[2026-03-25T22:13:31.729+0900][296.940s][info][gc,heap     ] GC(1050) Old regions: 30->30
[2026-03-25T22:13:31.729+0900][296.940s][info][gc,heap     ] GC(1050) Archive regions: 2->2
[2026-03-25T22:13:31.729+0900][296.940s][info][gc,heap     ] GC(1050) Humongous regions: 24->24
[2026-03-25T22:13:31.729+0900][296.940s][info][gc,metaspace] GC(1050) Metaspace: 104200K(105216K)->104200K(105216K) NonClass: 88931K(89472K)->88931K(89472K) Class: 15269K(15744K)->15269K(15744K)
[2026-03-25T22:13:31.729+0900][296.940s][info][gc          ] GC(1050) Pause Young (Normal) (G1 Evacuation Pause) 261M->217M(308M) 0.956ms
[2026-03-25T22:13:31.729+0900][296.940s][info][gc,cpu      ] GC(1050) User=0.00s Sys=0.00s Real=0.00s
[2026-03-25T22:13:32.663+0900][297.873s][info][gc,start    ] GC(1051) Pause Young (Normal) (G1 Evacuation Pause)
[2026-03-25T22:13:32.663+0900][297.873s][info][gc,task     ] GC(1051) Using 8 workers of 10 for evacuation
[2026-03-25T22:13:32.664+0900][297.874s][info][gc,phases   ] GC(1051)   Pre Evacuate Collection Set: 0.1ms
[2026-03-25T22:13:32.664+0900][297.874s][info][gc,phases   ] GC(1051)   Merge Heap Roots: 0.0ms
[2026-03-25T22:13:32.664+0900][297.874s][info][gc,phases   ] GC(1051)   Evacuate Collection Set: 0.4ms
[2026-03-25T22:13:32.664+0900][297.874s][info][gc,phases   ] GC(1051)   Post Evacuate Collection Set: 0.1ms
[2026-03-25T22:13:32.664+0900][297.874s][info][gc,phases   ] GC(1051)   Other: 0.1ms
[2026-03-25T22:13:32.664+0900][297.874s][info][gc,heap     ] GC(1051) Eden regions: 11->0(11)
[2026-03-25T22:13:32.664+0900][297.874s][info][gc,heap     ] GC(1051) Survivor regions: 1->1(2)
[2026-03-25T22:13:32.664+0900][297.874s][info][gc,heap     ] GC(1051) Old regions: 30->30
[2026-03-25T22:13:32.664+0900][297.874s][info][gc,heap     ] GC(1051) Archive regions: 2->2
[2026-03-25T22:13:32.664+0900][297.874s][info][gc,heap     ] GC(1051) Humongous regions: 24->24
[2026-03-25T22:13:32.664+0900][297.874s][info][gc,metaspace] GC(1051) Metaspace: 104200K(105216K)->104200K(105216K) NonClass: 88931K(89472K)->88931K(89472K) Class: 15269K(15744K)->15269K(15744K)
[2026-03-25T22:13:32.664+0900][297.874s][info][gc          ] GC(1051) Pause Young (Normal) (G1 Evacuation Pause) 261M->217M(308M) 0.836ms
[2026-03-25T22:13:32.664+0900][297.874s][info][gc,cpu      ] GC(1051) User=0.01s Sys=0.00s Real=0.00s
[2026-03-25T22:13:33.245+0900][298.456s][info][gc,start    ] GC(1052) Pause Young (Normal) (G1 Evacuation Pause)
[2026-03-25T22:13:33.245+0900][298.456s][info][gc,task     ] GC(1052) Using 8 workers of 10 for evacuation
[2026-03-25T22:13:33.246+0900][298.457s][info][gc,phases   ] GC(1052)   Pre Evacuate Collection Set: 0.0ms
[2026-03-25T22:13:33.246+0900][298.457s][info][gc,phases   ] GC(1052)   Merge Heap Roots: 0.0ms
[2026-03-25T22:13:33.246+0900][298.457s][info][gc,phases   ] GC(1052)   Evacuate Collection Set: 0.4ms
[2026-03-25T22:13:33.246+0900][298.457s][info][gc,phases   ] GC(1052)   Post Evacuate Collection Set: 0.1ms
[2026-03-25T22:13:33.246+0900][298.457s][info][gc,phases   ] GC(1052)   Other: 0.1ms
[2026-03-25T22:13:33.246+0900][298.457s][info][gc,heap     ] GC(1052) Eden regions: 11->0(11)
[2026-03-25T22:13:33.246+0900][298.457s][info][gc,heap     ] GC(1052) Survivor regions: 1->1(2)
[2026-03-25T22:13:33.246+0900][298.457s][info][gc,heap     ] GC(1052) Old regions: 30->30
[2026-03-25T22:13:33.246+0900][298.457s][info][gc,heap     ] GC(1052) Archive regions: 2->2
[2026-03-25T22:13:33.246+0900][298.457s][info][gc,heap     ] GC(1052) Humongous regions: 24->24
[2026-03-25T22:13:33.246+0900][298.457s][info][gc,metaspace] GC(1052) Metaspace: 104200K(105216K)->104200K(105216K) NonClass: 88931K(89472K)->88931K(89472K) Class: 15269K(15744K)->15269K(15744K)
[2026-03-25T22:13:33.246+0900][298.457s][info][gc          ] GC(1052) Pause Young (Normal) (G1 Evacuation Pause) 261M->217M(308M) 0.739ms
[2026-03-25T22:13:33.246+0900][298.457s][info][gc,cpu      ] GC(1052) User=0.00s Sys=0.00s Real=0.00s
[2026-03-25T22:13:33.791+0900][299.002s][info][gc,start    ] GC(1053) Pause Young (Normal) (G1 Evacuation Pause)
[2026-03-25T22:13:33.792+0900][299.002s][info][gc,task     ] GC(1053) Using 8 workers of 10 for evacuation
[2026-03-25T22:13:33.792+0900][299.003s][info][gc,phases   ] GC(1053)   Pre Evacuate Collection Set: 0.1ms
[2026-03-25T22:13:33.792+0900][299.003s][info][gc,phases   ] GC(1053)   Merge Heap Roots: 0.1ms
[2026-03-25T22:13:33.792+0900][299.003s][info][gc,phases   ] GC(1053)   Evacuate Collection Set: 0.4ms
[2026-03-25T22:13:33.792+0900][299.003s][info][gc,phases   ] GC(1053)   Post Evacuate Collection Set: 0.2ms
[2026-03-25T22:13:33.792+0900][299.003s][info][gc,phases   ] GC(1053)   Other: 0.1ms
[2026-03-25T22:13:33.792+0900][299.003s][info][gc,heap     ] GC(1053) Eden regions: 11->0(11)
[2026-03-25T22:13:33.792+0900][299.003s][info][gc,heap     ] GC(1053) Survivor regions: 1->1(2)
[2026-03-25T22:13:33.792+0900][299.003s][info][gc,heap     ] GC(1053) Old regions: 30->30
[2026-03-25T22:13:33.792+0900][299.003s][info][gc,heap     ] GC(1053) Archive regions: 2->2
[2026-03-25T22:13:33.792+0900][299.003s][info][gc,heap     ] GC(1053) Humongous regions: 24->24
[2026-03-25T22:13:33.792+0900][299.003s][info][gc,metaspace] GC(1053) Metaspace: 104200K(105216K)->104200K(105216K) NonClass: 88931K(89472K)->88931K(89472K) Class: 15269K(15744K)->15269K(15744K)
[2026-03-25T22:13:33.792+0900][299.003s][info][gc          ] GC(1053) Pause Young (Normal) (G1 Evacuation Pause) 261M->217M(308M) 0.808ms
[2026-03-25T22:13:33.792+0900][299.003s][info][gc,cpu      ] GC(1053) User=0.00s Sys=0.00s Real=0.00s
[2026-03-25T22:13:34.361+0900][299.571s][info][gc,start    ] GC(1054) Pause Young (Normal) (G1 Evacuation Pause)
[2026-03-25T22:13:34.361+0900][299.571s][info][gc,task     ] GC(1054) Using 8 workers of 10 for evacuation
[2026-03-25T22:13:34.361+0900][299.572s][info][gc,phases   ] GC(1054)   Pre Evacuate Collection Set: 0.1ms
[2026-03-25T22:13:34.362+0900][299.572s][info][gc,phases   ] GC(1054)   Merge Heap Roots: 0.1ms
[2026-03-25T22:13:34.362+0900][299.572s][info][gc,phases   ] GC(1054)   Evacuate Collection Set: 0.4ms
[2026-03-25T22:13:34.362+0900][299.572s][info][gc,phases   ] GC(1054)   Post Evacuate Collection Set: 0.1ms
[2026-03-25T22:13:34.362+0900][299.572s][info][gc,phases   ] GC(1054)   Other: 0.1ms
[2026-03-25T22:13:34.362+0900][299.572s][info][gc,heap     ] GC(1054) Eden regions: 11->0(11)
[2026-03-25T22:13:34.362+0900][299.572s][info][gc,heap     ] GC(1054) Survivor regions: 1->1(2)
[2026-03-25T22:13:34.362+0900][299.572s][info][gc,heap     ] GC(1054) Old regions: 30->30
[2026-03-25T22:13:34.362+0900][299.572s][info][gc,heap     ] GC(1054) Archive regions: 2->2
[2026-03-25T22:13:34.362+0900][299.572s][info][gc,heap     ] GC(1054) Humongous regions: 24->24
[2026-03-25T22:13:34.362+0900][299.572s][info][gc,metaspace] GC(1054) Metaspace: 104200K(105216K)->104200K(105216K) NonClass: 88931K(89472K)->88931K(89472K) Class: 15269K(15744K)->15269K(15744K)
[2026-03-25T22:13:34.362+0900][299.572s][info][gc          ] GC(1054) Pause Young (Normal) (G1 Evacuation Pause) 261M->217M(308M) 0.800ms
[2026-03-25T22:13:34.362+0900][299.572s][info][gc,cpu      ] GC(1054) User=0.00s Sys=0.00s Real=0.00s
[2026-03-25T22:13:35.558+0900][300.768s][info][gc,start    ] GC(1055) Pause Young (Normal) (G1 Evacuation Pause)
[2026-03-25T22:13:35.558+0900][300.768s][info][gc,task     ] GC(1055) Using 8 workers of 10 for evacuation
[2026-03-25T22:13:35.559+0900][300.769s][info][gc,phases   ] GC(1055)   Pre Evacuate Collection Set: 0.0ms
[2026-03-25T22:13:35.559+0900][300.769s][info][gc,phases   ] GC(1055)   Merge Heap Roots: 0.1ms
[2026-03-25T22:13:35.559+0900][300.769s][info][gc,phases   ] GC(1055)   Evacuate Collection Set: 0.5ms
[2026-03-25T22:13:35.559+0900][300.769s][info][gc,phases   ] GC(1055)   Post Evacuate Collection Set: 0.2ms
[2026-03-25T22:13:35.559+0900][300.769s][info][gc,phases   ] GC(1055)   Other: 0.1ms
[2026-03-25T22:13:35.559+0900][300.769s][info][gc,heap     ] GC(1055) Eden regions: 11->0(11)
[2026-03-25T22:13:35.559+0900][300.769s][info][gc,heap     ] GC(1055) Survivor regions: 1->1(2)
[2026-03-25T22:13:35.559+0900][300.769s][info][gc,heap     ] GC(1055) Old regions: 30->30
[2026-03-25T22:13:35.559+0900][300.769s][info][gc,heap     ] GC(1055) Archive regions: 2->2
[2026-03-25T22:13:35.559+0900][300.769s][info][gc,heap     ] GC(1055) Humongous regions: 24->24
[2026-03-25T22:13:35.559+0900][300.769s][info][gc,metaspace] GC(1055) Metaspace: 104201K(105216K)->104201K(105216K) NonClass: 88931K(89472K)->88931K(89472K) Class: 15269K(15744K)->15269K(15744K)
[2026-03-25T22:13:35.559+0900][300.769s][info][gc          ] GC(1055) Pause Young (Normal) (G1 Evacuation Pause) 261M->217M(308M) 0.888ms
[2026-03-25T22:13:35.559+0900][300.769s][info][gc,cpu      ] GC(1055) User=0.00s Sys=0.01s Real=0.00s
[2026-03-25T22:13:36.935+0900][302.146s][info][gc,start    ] GC(1056) Pause Young (Normal) (G1 Evacuation Pause)
[2026-03-25T22:13:36.935+0900][302.146s][info][gc,task     ] GC(1056) Using 8 workers of 10 for evacuation
[2026-03-25T22:13:36.936+0900][302.146s][info][gc,phases   ] GC(1056)   Pre Evacuate Collection Set: 0.1ms
[2026-03-25T22:13:36.936+0900][302.146s][info][gc,phases   ] GC(1056)   Merge Heap Roots: 0.1ms
[2026-03-25T22:13:36.936+0900][302.146s][info][gc,phases   ] GC(1056)   Evacuate Collection Set: 0.4ms
[2026-03-25T22:13:36.936+0900][302.146s][info][gc,phases   ] GC(1056)   Post Evacuate Collection Set: 0.1ms
[2026-03-25T22:13:36.936+0900][302.146s][info][gc,phases   ] GC(1056)   Other: 0.1ms
[2026-03-25T22:13:36.936+0900][302.146s][info][gc,heap     ] GC(1056) Eden regions: 11->0(11)
[2026-03-25T22:13:36.936+0900][302.146s][info][gc,heap     ] GC(1056) Survivor regions: 1->1(2)
[2026-03-25T22:13:36.936+0900][302.146s][info][gc,heap     ] GC(1056) Old regions: 30->30
[2026-03-25T22:13:36.936+0900][302.146s][info][gc,heap     ] GC(1056) Archive regions: 2->2
[2026-03-25T22:13:36.936+0900][302.146s][info][gc,heap     ] GC(1056) Humongous regions: 24->24
[2026-03-25T22:13:36.936+0900][302.146s][info][gc,metaspace] GC(1056) Metaspace: 104201K(105216K)->104201K(105216K) NonClass: 88931K(89472K)->88931K(89472K) Class: 15269K(15744K)->15269K(15744K)
[2026-03-25T22:13:36.936+0900][302.146s][info][gc          ] GC(1056) Pause Young (Normal) (G1 Evacuation Pause) 261M->217M(308M) 0.832ms
[2026-03-25T22:13:36.936+0900][302.146s][info][gc,cpu      ] GC(1056) User=0.00s Sys=0.00s Real=0.00s
[2026-03-25T22:13:37.893+0900][303.103s][info][gc,start    ] GC(1057) Pause Young (Normal) (G1 Evacuation Pause)
[2026-03-25T22:13:37.893+0900][303.103s][info][gc,task     ] GC(1057) Using 8 workers of 10 for evacuation
[2026-03-25T22:13:37.893+0900][303.104s][info][gc,phases   ] GC(1057)   Pre Evacuate Collection Set: 0.1ms
[2026-03-25T22:13:37.893+0900][303.104s][info][gc,phases   ] GC(1057)   Merge Heap Roots: 0.0ms
[2026-03-25T22:13:37.893+0900][303.104s][info][gc,phases   ] GC(1057)   Evacuate Collection Set: 0.4ms
[2026-03-25T22:13:37.893+0900][303.104s][info][gc,phases   ] GC(1057)   Post Evacuate Collection Set: 0.1ms
[2026-03-25T22:13:37.893+0900][303.104s][info][gc,phases   ] GC(1057)   Other: 0.2ms
[2026-03-25T22:13:37.893+0900][303.104s][info][gc,heap     ] GC(1057) Eden regions: 11->0(11)
[2026-03-25T22:13:37.893+0900][303.104s][info][gc,heap     ] GC(1057) Survivor regions: 1->1(2)
[2026-03-25T22:13:37.893+0900][303.104s][info][gc,heap     ] GC(1057) Old regions: 30->30
[2026-03-25T22:13:37.893+0900][303.104s][info][gc,heap     ] GC(1057) Archive regions: 2->2
[2026-03-25T22:13:37.893+0900][303.104s][info][gc,heap     ] GC(1057) Humongous regions: 24->24
[2026-03-25T22:13:37.893+0900][303.104s][info][gc,metaspace] GC(1057) Metaspace: 104201K(105216K)->104201K(105216K) NonClass: 88931K(89472K)->88931K(89472K) Class: 15269K(15744K)->15269K(15744K)
[2026-03-25T22:13:37.893+0900][303.104s][info][gc          ] GC(1057) Pause Young (Normal) (G1 Evacuation Pause) 261M->217M(308M) 0.816ms
[2026-03-25T22:13:37.893+0900][303.104s][info][gc,cpu      ] GC(1057) User=0.01s Sys=0.00s Real=0.00s
[2026-03-25T22:13:38.724+0900][303.934s][info][gc,start    ] GC(1058) Pause Young (Normal) (G1 Evacuation Pause)
[2026-03-25T22:13:38.724+0900][303.934s][info][gc,task     ] GC(1058) Using 8 workers of 10 for evacuation
[2026-03-25T22:13:38.724+0900][303.935s][info][gc,phases   ] GC(1058)   Pre Evacuate Collection Set: 0.1ms
[2026-03-25T22:13:38.724+0900][303.935s][info][gc,phases   ] GC(1058)   Merge Heap Roots: 0.1ms
[2026-03-25T22:13:38.724+0900][303.935s][info][gc,phases   ] GC(1058)   Evacuate Collection Set: 0.4ms
[2026-03-25T22:13:38.724+0900][303.935s][info][gc,phases   ] GC(1058)   Post Evacuate Collection Set: 0.1ms
[2026-03-25T22:13:38.724+0900][303.935s][info][gc,phases   ] GC(1058)   Other: 0.1ms
[2026-03-25T22:13:38.724+0900][303.935s][info][gc,heap     ] GC(1058) Eden regions: 11->0(11)
[2026-03-25T22:13:38.724+0900][303.935s][info][gc,heap     ] GC(1058) Survivor regions: 1->1(2)
[2026-03-25T22:13:38.724+0900][303.935s][info][gc,heap     ] GC(1058) Old regions: 30->30
[2026-03-25T22:13:38.724+0900][303.935s][info][gc,heap     ] GC(1058) Archive regions: 2->2
[2026-03-25T22:13:38.724+0900][303.935s][info][gc,heap     ] GC(1058) Humongous regions: 24->24
[2026-03-25T22:13:38.724+0900][303.935s][info][gc,metaspace] GC(1058) Metaspace: 104201K(105216K)->104201K(105216K) NonClass: 88931K(89472K)->88931K(89472K) Class: 15269K(15744K)->15269K(15744K)
[2026-03-25T22:13:38.724+0900][303.935s][info][gc          ] GC(1058) Pause Young (Normal) (G1 Evacuation Pause) 261M->217M(308M) 0.824ms
[2026-03-25T22:13:38.724+0900][303.935s][info][gc,cpu      ] GC(1058) User=0.00s Sys=0.00s Real=0.00s
[2026-03-25T22:13:40.555+0900][305.765s][info][gc,start    ] GC(1059) Pause Young (Normal) (G1 Evacuation Pause)
[2026-03-25T22:13:40.555+0900][305.765s][info][gc,task     ] GC(1059) Using 8 workers of 10 for evacuation
[2026-03-25T22:13:40.561+0900][305.771s][info][gc,phases   ] GC(1059)   Pre Evacuate Collection Set: 0.3ms
[2026-03-25T22:13:40.561+0900][305.771s][info][gc,phases   ] GC(1059)   Merge Heap Roots: 0.1ms
[2026-03-25T22:13:40.561+0900][305.771s][info][gc,phases   ] GC(1059)   Evacuate Collection Set: 4.7ms
[2026-03-25T22:13:40.561+0900][305.771s][info][gc,phases   ] GC(1059)   Post Evacuate Collection Set: 0.8ms
[2026-03-25T22:13:40.561+0900][305.771s][info][gc,phases   ] GC(1059)   Other: 0.4ms
[2026-03-25T22:13:40.561+0900][305.772s][info][gc,heap     ] GC(1059) Eden regions: 11->0(11)
[2026-03-25T22:13:40.561+0900][305.772s][info][gc,heap     ] GC(1059) Survivor regions: 1->1(2)
[2026-03-25T22:13:40.561+0900][305.772s][info][gc,heap     ] GC(1059) Old regions: 30->30
[2026-03-25T22:13:40.561+0900][305.772s][info][gc,heap     ] GC(1059) Archive regions: 2->2
[2026-03-25T22:13:40.561+0900][305.772s][info][gc,heap     ] GC(1059) Humongous regions: 24->24
[2026-03-25T22:13:40.561+0900][305.772s][info][gc,metaspace] GC(1059) Metaspace: 104201K(105216K)->104201K(105216K) NonClass: 88931K(89472K)->88931K(89472K) Class: 15269K(15744K)->15269K(15744K)
[2026-03-25T22:13:40.561+0900][305.772s][info][gc          ] GC(1059) Pause Young (Normal) (G1 Evacuation Pause) 261M->217M(308M) 6.501ms
[2026-03-25T22:13:40.561+0900][305.772s][info][gc,cpu      ] GC(1059) User=0.01s Sys=0.00s Real=0.01s
[2026-03-25T22:13:43.018+0900][308.228s][info][gc,start    ] GC(1060) Pause Young (Normal) (G1 Evacuation Pause)
[2026-03-25T22:13:43.018+0900][308.228s][info][gc,task     ] GC(1060) Using 8 workers of 10 for evacuation
[2026-03-25T22:13:43.019+0900][308.230s][info][gc,phases   ] GC(1060)   Pre Evacuate Collection Set: 0.1ms
[2026-03-25T22:13:43.019+0900][308.230s][info][gc,phases   ] GC(1060)   Merge Heap Roots: 0.1ms
[2026-03-25T22:13:43.019+0900][308.230s][info][gc,phases   ] GC(1060)   Evacuate Collection Set: 0.7ms
[2026-03-25T22:13:43.019+0900][308.230s][info][gc,phases   ] GC(1060)   Post Evacuate Collection Set: 0.3ms
[2026-03-25T22:13:43.019+0900][308.230s][info][gc,phases   ] GC(1060)   Other: 0.6ms
[2026-03-25T22:13:43.019+0900][308.230s][info][gc,heap     ] GC(1060) Eden regions: 11->0(11)
[2026-03-25T22:13:43.019+0900][308.230s][info][gc,heap     ] GC(1060) Survivor regions: 1->1(2)
[2026-03-25T22:13:43.019+0900][308.230s][info][gc,heap     ] GC(1060) Old regions: 30->30
[2026-03-25T22:13:43.019+0900][308.230s][info][gc,heap     ] GC(1060) Archive regions: 2->2
[2026-03-25T22:13:43.019+0900][308.230s][info][gc,heap     ] GC(1060) Humongous regions: 24->24
[2026-03-25T22:13:43.019+0900][308.230s][info][gc,metaspace] GC(1060) Metaspace: 104201K(105216K)->104201K(105216K) NonClass: 88931K(89472K)->88931K(89472K) Class: 15269K(15744K)->15269K(15744K)
[2026-03-25T22:13:43.019+0900][308.230s][info][gc          ] GC(1060) Pause Young (Normal) (G1 Evacuation Pause) 261M->217M(308M) 1.961ms
[2026-03-25T22:13:43.020+0900][308.230s][info][gc,cpu      ] GC(1060) User=0.01s Sys=0.00s Real=0.01s
[2026-03-25T22:14:00.722+0900][325.932s][info][gc,heap,exit] Heap
[2026-03-25T22:14:00.722+0900][325.932s][info][gc,heap,exit]  garbage-first heap   total 315392K, used 261496K [0x0000000680000000, 0x0000000800000000)
[2026-03-25T22:14:00.722+0900][325.932s][info][gc,heap,exit]   region size 4096K, 11 young (45056K), 1 survivors (4096K)
[2026-03-25T22:14:00.722+0900][325.932s][info][gc,heap,exit]  Metaspace       used 104457K, committed 105344K, reserved 1179648K
[2026-03-25T22:14:00.722+0900][325.932s][info][gc,heap,exit]   class space    used 15325K, committed 15744K, reserved 1048576K
